20201019000000,10.77.1.2/24,7
20201019000002,10.20.30.2/16,34
20201019000004,10.77.1.2/24,-
20201019000005,192.168.1.2/24,42
20201019000006,10.20.30.1/16,10
20201019000007,10.77.1.2/24,12
20201019000008,10.77.1.2/24,8
20201019000009,10.77.1.2/24,2
20201019000010,10.77.1.1/24,7
20201019000012,10.77.1.2/24,3
20201019000013,10.77.1.1/24,3
20201019000014,192.168.1.2/24,9
20201019000015,10.20.30.2/16,29
20201019000016,192.168.1.1/24,-
20201019000017,192.168.1.2/24,6
20201019000018,10.77.1.1/24,9
20201019000020,10.77.1.1/24,-
20201019000022,10.20.30.2/16,-
20201019000023,10.77.1.1/24,-
20201019000025,192.168.1.2/24,-
20201019000026,192.168.1.2/24,2
20201019000027,192.168.1.1/24,2
20201019000028,10.20.30.1/16,-
20201019000029,192.168.1.2/24,9
20201019000030,10.20.30.2/16,-
20201019000031,192.168.1.1/24,-
20201019000032,192.168.1.2/24,49
20201019000033,192.168.1.2/24,-
20201019000034,192.168.1.2/24,5
20201019000036,192.168.1.2/24,8
20201019000037,10.20.30.1/16,-
20201019000038,192.168.1.1/24,9
20201019000040,10.77.1.1/24,-
20201019000041,192.168.1.1/24,-
20201019000042,10.77.1.1/24,8
20201019000043,10.77.1.1/24,-
20201019000044,10.20.30.1/16,8
20201019000046,10.77.1.1/24,6
20201019000048,10.20.30.1/16,42
20201019000049,192.168.1.1/24,95
20201019000050,192.168.1.2/24,-
20201019000051,10.20.30.2/16,50
20201019000053,10.77.1.1/24,-
20201019000054,10.20.30.2/16,3
20201019000056,10.77.1.1/24,5
20201019000057,10.77.1.2/24,6
20201019000058,192.168.1.1/24,-
20201019000059,192.168.1.2/24,2
20201019000100,10.77.1.1/24,-
20201019000102,10.20.30.2/16,8
20201019000103,192.168.1.1/24,-
20201019000105,10.77.1.2/24,-
20201019000106,192.168.1.2/24,6
20201019000107,10.77.1.1/24,-
20201019000108,10.77.1.2/24,-
20201019000109,10.20.30.1/16,9
20201019000110,10.77.1.1/24,99
20201019000112,10.77.1.1/24,3
20201019000113,192.168.1.2/24,-
20201019000114,192.168.1.2/24,1
20201019000115,10.20.30.2/16,89
20201019000116,10.77.1.1/24,6
20201019000117,192.168.1.1/24,-
20201019000118,192.168.1.1/24,14
20201019000120,192.168.1.2/24,5
20201019000122,192.168.1.1/24,67
20201019000124,10.20.30.1/16,9
20201019000125,192.168.1.2/24,26
20201019000126,192.168.1.2/24,6
20201019000127,192.168.1.1/24,8
20201019000128,10.20.30.1/16,-
20201019000130,10.20.30.2/16,82
20201019000131,10.20.30.2/16,-
20201019000132,10.20.30.2/16,40
20201019000134,10.20.30.2/16,3
20201019000135,192.168.1.1/24,8
20201019000136,192.168.1.2/24,3
20201019000137,10.20.30.1/16,5
20201019000138,192.168.1.1/24,36
20201019000139,10.77.1.1/24,3
20201019000140,10.20.30.2/16,9
20201019000142,192.168.1.2/24,6
20201019000143,192.168.1.1/24,7
20201019000145,10.77.1.1/24,-
20201019000147,192.168.1.2/24,6
20201019000148,192.168.1.1/24,1
20201019000150,10.77.1.1/24,1
20201019000151,192.168.1.1/24,1
20201019000152,10.77.1.2/24,4
20201019000153,192.168.1.2/24,63
20201019000154,192.168.1.1/24,9
20201019000155,192.168.1.1/24,-
20201019000157,10.77.1.1/24,9
20201019000158,10.20.30.1/16,6
20201019000200,10.20.30.2/16,9
20201019000201,10.20.30.2/16,4
20201019000202,10.77.1.2/24,7
20201019000203,192.168.1.1/24,8
20201019000204,192.168.1.2/24,84
20201019000205,10.20.30.2/16,-
20201019000206,192.168.1.1/24,7
20201019000208,10.77.1.2/24,8
20201019000210,10.20.30.1/16,63
20201019000212,10.77.1.1/24,9
20201019000213,10.77.1.2/24,3
20201019000214,10.20.30.2/16,-
20201019000215,10.77.1.2/24,1
20201019000216,10.77.1.1/24,7
20201019000217,10.77.1.1/24,-
20201019000218,10.77.1.1/24,2
20201019000219,10.20.30.1/16,2
20201019000220,10.20.30.1/16,22
20201019000222,192.168.1.1/24,1
20201019000223,10.77.1.2/24,10
20201019000225,10.77.1.1/24,21
20201019000226,10.77.1.1/24,1
20201019000228,10.20.30.2/16,16
20201019000230,192.168.1.2/24,5
20201019000232,10.20.30.1/16,19
20201019000233,192.168.1.2/24,9
20201019000234,192.168.1.1/24,10
20201019000235,10.77.1.1/24,-
20201019000236,10.20.30.2/16,13
20201019000237,10.20.30.2/16,5
20201019000239,192.168.1.2/24,4
20201019000240,10.20.30.2/16,6
20201019000241,10.77.1.1/24,8
20201019000242,10.20.30.1/16,-
20201019000243,10.20.30.1/16,4
20201019000244,10.77.1.1/24,-
20201019000245,10.77.1.1/24,-
20201019000246,10.77.1.2/24,3
20201019000247,192.168.1.1/24,1
20201019000248,10.20.30.1/16,-
20201019000249,10.20.30.1/16,-
20201019000250,192.168.1.1/24,-
20201019000251,192.168.1.2/24,9
20201019000252,10.77.1.1/24,0
20201019000253,192.168.1.2/24,76
20201019000254,10.77.1.1/24,8
20201019000255,10.20.30.1/16,3
20201019000257,10.20.30.1/16,37
20201019000258,10.20.30.1/16,5
20201019000259,10.20.30.2/16,-
20201019000300,10.77.1.2/24,2
20201019000301,10.77.1.1/24,8
20201019000302,10.20.30.2/16,2
20201019000303,192.168.1.1/24,7
20201019000305,192.168.1.2/24,2
20201019000306,192.168.1.1/24,76
20201019000307,10.77.1.1/24,8
20201019000308,10.20.30.1/16,5
20201019000310,192.168.1.2/24,-
20201019000311,10.20.30.1/16,9
20201019000313,10.20.30.2/16,4
20201019000314,192.168.1.2/24,8
20201019000316,10.77.1.1/24,1
20201019000317,10.20.30.1/16,5
20201019000318,10.20.30.2/16,1
20201019000319,192.168.1.1/24,5
20201019000320,10.77.1.1/24,84
20201019000321,10.77.1.1/24,99
20201019000323,192.168.1.1/24,2
20201019000325,10.20.30.1/16,13
20201019000326,10.20.30.1/16,73
20201019000327,10.20.30.2/16,9
20201019000329,10.77.1.2/24,1
20201019000330,10.77.1.2/24,4
20201019000331,10.20.30.1/16,35
20201019000333,192.168.1.1/24,-
20201019000334,10.77.1.1/24,11
20201019000335,10.20.30.2/16,6
20201019000337,10.20.30.1/16,29
20201019000338,10.77.1.2/24,0
20201019000339,10.20.30.1/16,9
20201019000340,10.77.1.1/24,-
20201019000342,192.168.1.2/24,3
20201019000343,192.168.1.1/24,-
20201019000344,10.20.30.2/16,1
20201019000345,10.77.1.2/24,8
20201019000346,10.77.1.2/24,-
20201019000347,192.168.1.1/24,-
20201019000349,10.77.1.2/24,5
20201019000350,192.168.1.2/24,7
20201019000352,10.20.30.1/16,-
20201019000353,10.20.30.2/16,9
20201019000354,10.20.30.2/16,65
20201019000355,10.20.30.2/16,10
20201019000357,10.77.1.1/24,72
20201019000359,192.168.1.1/24,6
20201019000400,10.20.30.2/16,-
20201019000402,192.168.1.2/24,1
20201019000403,192.168.1.1/24,8
20201019000404,10.77.1.1/24,8
20201019000406,10.20.30.2/16,3
20201019000408,192.168.1.2/24,9
20201019000409,10.77.1.2/24,-
20201019000411,192.168.1.1/24,-
20201019000413,10.20.30.2/16,5
20201019000414,10.77.1.2/24,-
20201019000415,192.168.1.2/24,2
20201019000416,10.77.1.1/24,4
20201019000418,192.168.1.1/24,5
20201019000420,10.77.1.2/24,1
20201019000421,10.77.1.1/24,5
20201019000422,10.20.30.2/16,17
20201019000423,10.77.1.2/24,-
20201019000424,192.168.1.1/24,3
20201019000425,192.168.1.1/24,-
20201019000427,10.77.1.1/24,-
20201019000428,10.77.1.1/24,6
20201019000429,10.20.30.1/16,31
20201019000430,10.77.1.2/24,6
20201019000431,10.77.1.2/24,-
20201019000433,10.20.30.2/16,64
20201019000434,10.20.30.2/16,9
20201019000435,10.20.30.1/16,-
20201019000437,10.20.30.1/16,-
20201019000438,10.77.1.2/24,7
20201019000440,10.77.1.1/24,3
20201019000441,10.20.30.1/16,-
20201019000442,192.168.1.2/24,-
20201019000443,192.168.1.1/24,94
20201019000444,192.168.1.1/24,6
20201019000446,10.77.1.1/24,-
20201019000447,192.168.1.1/24,-
20201019000448,10.77.1.2/24,68
20201019000449,10.77.1.2/24,1
20201019000451,10.77.1.1/24,5
20201019000452,10.20.30.2/16,2
20201019000453,10.77.1.1/24,8
20201019000454,192.168.1.2/24,3
20201019000455,192.168.1.2/24,2
20201019000456,10.20.30.1/16,-
20201019000458,10.77.1.1/24,6
20201019000459,192.168.1.1/24,92
20201019000500,192.168.1.2/24,5
20201019000502,10.20.30.1/16,-
20201019000504,192.168.1.2/24,-
20201019000505,10.20.30.2/16,34
20201019000506,10.20.30.2/16,3
20201019000507,10.77.1.2/24,-
20201019000509,10.77.1.2/24,4
20201019000511,10.20.30.1/16,9
20201019000512,10.77.1.2/24,1
20201019000513,192.168.1.2/24,-
20201019000515,10.20.30.2/16,31
20201019000517,10.77.1.1/24,-
20201019000518,10.20.30.2/16,2
20201019000520,192.168.1.1/24,96
20201019000521,192.168.1.2/24,-
20201019000522,192.168.1.2/24,31
20201019000523,10.77.1.1/24,-
20201019000524,10.77.1.2/24,9
20201019000525,10.20.30.1/16,5
20201019000526,10.20.30.1/16,6
20201019000527,10.20.30.1/16,9
20201019000528,192.168.1.1/24,-
20201019000529,192.168.1.1/24,-
20201019000530,10.20.30.1/16,5
20201019000531,10.20.30.1/16,-
20201019000532,10.77.1.2/24,-
20201019000533,192.168.1.2/24,44
20201019000534,10.20.30.2/16,7
20201019000535,10.20.30.1/16,-
20201019000536,10.77.1.1/24,-
20201019000537,10.20.30.1/16,6
20201019000539,10.20.30.1/16,2
20201019000540,192.168.1.1/24,31
20201019000541,192.168.1.1/24,8
20201019000542,10.77.1.2/24,-
20201019000544,192.168.1.2/24,-
20201019000545,10.20.30.1/16,-
20201019000546,10.20.30.1/16,6
20201019000547,10.77.1.2/24,-
20201019000548,192.168.1.1/24,57
20201019000549,10.20.30.1/16,-
20201019000550,10.77.1.1/24,9
20201019000551,10.20.30.2/16,14
20201019000552,192.168.1.2/24,26
20201019000553,192.168.1.2/24,29
20201019000554,192.168.1.1/24,-
20201019000555,192.168.1.2/24,8
20201019000556,10.77.1.1/24,53
20201019000557,192.168.1.1/24,25
20201019000558,10.20.30.1/16,92
20201019000559,10.77.1.1/24,2
20201019000600,10.77.1.1/24,-
20201019000601,10.20.30.1/16,6
20201019000603,10.77.1.2/24,6
20201019000604,10.77.1.1/24,67
20201019000606,192.168.1.1/24,9
20201019000607,10.77.1.2/24,9
20201019000608,10.77.1.2/24,94
20201019000609,192.168.1.2/24,4
20201019000610,192.168.1.2/24,-
20201019000611,10.20.30.1/16,51
20201019000612,10.20.30.2/16,3
20201019000614,10.77.1.1/24,52
20201019000616,10.20.30.2/16,9
20201019000617,10.77.1.1/24,3
20201019000619,10.77.1.1/24,87
20201019000621,192.168.1.2/24,2
20201019000622,10.20.30.1/16,-
20201019000623,192.168.1.2/24,-
20201019000624,10.20.30.2/16,-
20201019000625,192.168.1.2/24,99
20201019000626,10.20.30.1/16,8
20201019000627,192.168.1.1/24,4
20201019000628,10.77.1.1/24,-
20201019000629,10.20.30.2/16,9
20201019000630,192.168.1.2/24,6
20201019000631,192.168.1.1/24,6
20201019000632,10.77.1.1/24,4
20201019000633,192.168.1.1/24,5
20201019000634,192.168.1.1/24,5
20201019000635,10.20.30.2/16,7
20201019000636,10.77.1.1/24,-
20201019000637,10.20.30.1/16,59
20201019000638,192.168.1.1/24,-
20201019000639,10.20.30.1/16,1
20201019000640,10.20.30.1/16,22
20201019000641,192.168.1.1/24,5
20201019000643,10.20.30.1/16,-
20201019000644,10.20.30.2/16,4
20201019000645,10.77.1.2/24,-
20201019000646,10.77.1.1/24,2
20201019000647,10.77.1.2/24,23
20201019000648,10.77.1.2/24,9
20201019000649,10.77.1.2/24,-
20201019000650,10.20.30.1/16,-
20201019000651,10.77.1.1/24,-
20201019000653,10.20.30.1/16,-
20201019000654,10.77.1.2/24,70
20201019000655,10.77.1.1/24,51
20201019000656,192.168.1.1/24,-
20201019000657,192.168.1.1/24,8
20201019000659,10.77.1.1/24,7
20201019000701,192.168.1.1/24,8
20201019000702,10.77.1.2/24,9
20201019000704,10.20.30.1/16,8
20201019000705,192.168.1.2/24,8
20201019000707,192.168.1.1/24,35
20201019000708,192.168.1.2/24,6
20201019000709,10.20.30.1/16,9
20201019000710,10.20.30.2/16,-
20201019000711,10.20.30.1/16,84
20201019000713,192.168.1.2/24,3
20201019000714,192.168.1.2/24,-
20201019000715,10.20.30.1/16,2
20201019000716,10.77.1.1/24,8
20201019000718,192.168.1.2/24,4
20201019000719,192.168.1.2/24,8
20201019000720,10.77.1.2/24,7
20201019000721,192.168.1.1/24,41
20201019000723,192.168.1.2/24,-
20201019000724,192.168.1.1/24,7
20201019000726,192.168.1.1/24,1
20201019000727,192.168.1.2/24,5
20201019000729,192.168.1.2/24,61
20201019000730,192.168.1.1/24,9
20201019000732,10.77.1.1/24,2
20201019000733,192.168.1.2/24,5
20201019000734,10.77.1.1/24,-
20201019000735,192.168.1.2/24,7
20201019000736,192.168.1.2/24,9
20201019000738,10.77.1.2/24,-
20201019000740,10.77.1.1/24,51
20201019000742,192.168.1.1/24,5
20201019000743,10.20.30.2/16,18
20201019000744,10.77.1.1/24,2
20201019000745,192.168.1.2/24,1
20201019000747,192.168.1.1/24,-
20201019000748,10.77.1.2/24,4
20201019000749,10.20.30.2/16,6
20201019000750,10.77.1.1/24,6
20201019000751,10.20.30.2/16,14
20201019000752,10.77.1.2/24,5
20201019000753,10.20.30.1/16,-
20201019000754,10.77.1.2/24,48
20201019000756,10.77.1.2/24,3
20201019000757,10.77.1.2/24,3
20201019000758,192.168.1.2/24,80
20201019000759,10.20.30.1/16,-
20201019000800,10.20.30.1/16,3
20201019000801,192.168.1.2/24,82
20201019000802,10.77.1.2/24,7
20201019000803,10.77.1.1/24,3
20201019000804,10.77.1.1/24,1
20201019000805,10.77.1.2/24,-
20201019000807,10.20.30.1/16,5
20201019000809,10.77.1.2/24,1
20201019000811,192.168.1.2/24,18
20201019000812,10.77.1.2/24,85
20201019000813,10.20.30.2/16,5
20201019000814,192.168.1.2/24,-
20201019000815,10.20.30.2/16,67
20201019000816,10.77.1.2/24,3
20201019000818,10.20.30.1/16,2
20201019000819,10.20.30.1/16,-
20201019000820,10.20.30.2/16,-
20201019000822,10.20.30.2/16,-
20201019000823,10.77.1.1/24,4
20201019000824,10.77.1.1/24,6
20201019000826,192.168.1.1/24,-
20201019000827,192.168.1.1/24,37
20201019000828,10.77.1.1/24,16
20201019000829,192.168.1.1/24,7
20201019000830,192.168.1.2/24,8
20201019000831,192.168.1.1/24,5
20201019000833,10.77.1.2/24,3
20201019000834,10.77.1.1/24,-
20201019000836,10.20.30.2/16,3
20201019000837,192.168.1.2/24,7
20201019000838,192.168.1.2/24,7
20201019000839,10.77.1.1/24,14
20201019000840,10.20.30.1/16,-
20201019000842,192.168.1.1/24,-
20201019000843,192.168.1.2/24,71
20201019000845,10.77.1.1/24,-
20201019000847,10.20.30.1/16,-
20201019000848,192.168.1.2/24,29
20201019000850,10.77.1.1/24,71
20201019000851,10.77.1.2/24,1
20201019000852,10.20.30.2/16,2
20201019000854,10.20.30.2/16,2
20201019000855,192.168.1.2/24,-
20201019000857,192.168.1.1/24,73
20201019000859,10.20.30.1/16,13
20201019000900,10.20.30.1/16,7
20201019000901,192.168.1.2/24,3
20201019000902,10.20.30.2/16,7
20201019000903,192.168.1.2/24,3
20201019000904,10.20.30.1/16,-
20201019000905,10.20.30.2/16,5
20201019000906,10.77.1.2/24,12
20201019000907,192.168.1.2/24,9
20201019000909,10.20.30.2/16,9
20201019000910,192.168.1.1/24,5
20201019000911,10.20.30.1/16,50
20201019000912,10.77.1.1/24,7
20201019000914,10.20.30.1/16,-
20201019000915,10.77.1.2/24,-
20201019000916,10.20.30.2/16,9
20201019000917,192.168.1.2/24,1
20201019000918,10.77.1.2/24,-
20201019000919,10.20.30.2/16,8
20201019000921,192.168.1.1/24,59
20201019000923,10.20.30.2/16,5
20201019000924,10.20.30.2/16,2
20201019000926,192.168.1.2/24,10
20201019000928,10.77.1.1/24,8
20201019000930,10.77.1.2/24,1
20201019000931,192.168.1.1/24,7
20201019000933,192.168.1.2/24,75
20201019000935,192.168.1.2/24,6
20201019000937,10.20.30.2/16,3
20201019000939,10.77.1.1/24,-
20201019000940,10.77.1.2/24,1
20201019000942,192.168.1.2/24,9
20201019000943,10.20.30.2/16,60
20201019000944,10.20.30.1/16,47
20201019000945,10.77.1.2/24,3
20201019000946,10.20.30.1/16,69
20201019000948,192.168.1.2/24,70
20201019000949,192.168.1.2/24,9
20201019000950,192.168.1.2/24,-
20201019000951,10.20.30.1/16,-
20201019000952,10.20.30.1/16,57
20201019000954,10.77.1.2/24,5
20201019000956,192.168.1.2/24,2
20201019000957,10.20.30.1/16,13
20201019000958,192.168.1.1/24,-
20201019000959,10.77.1.1/24,9
20201019001001,10.77.1.2/24,-
20201019001002,10.20.30.1/16,73
20201019001003,10.20.30.2/16,46
20201019001005,10.20.30.2/16,8
20201019001006,10.77.1.2/24,-
20201019001008,192.168.1.2/24,10
20201019001009,10.20.30.1/16,46
20201019001010,10.20.30.1/16,4
20201019001011,10.20.30.1/16,39
20201019001013,10.20.30.1/16,1
20201019001014,10.20.30.1/16,1
20201019001016,10.77.1.1/24,3
20201019001017,10.20.30.2/16,-
20201019001018,10.77.1.2/24,-
20201019001019,192.168.1.1/24,1
20201019001021,192.168.1.2/24,-
20201019001022,10.77.1.2/24,25
20201019001023,10.77.1.1/24,-
20201019001024,192.168.1.2/24,9
20201019001025,192.168.1.2/24,-
20201019001026,10.20.30.2/16,3
20201019001027,192.168.1.1/24,37
20201019001028,192.168.1.1/24,-
20201019001029,192.168.1.2/24,-
20201019001030,192.168.1.2/24,-
20201019001031,10.77.1.1/24,-
20201019001033,10.77.1.2/24,16
20201019001034,10.77.1.2/24,2
20201019001035,10.77.1.1/24,8
20201019001036,10.77.1.2/24,9
20201019001037,10.77.1.1/24,3
20201019001038,192.168.1.2/24,8
20201019001040,10.20.30.1/16,53
20201019001041,10.77.1.2/24,-
20201019001042,10.77.1.1/24,7
20201019001044,192.168.1.1/24,4
20201019001045,10.20.30.1/16,24
20201019001046,10.20.30.2/16,-
20201019001047,10.20.30.2/16,-
20201019001048,10.77.1.1/24,7
20201019001049,192.168.1.2/24,-
20201019001050,10.77.1.1/24,13
20201019001051,10.20.30.2/16,-
20201019001052,10.77.1.1/24,6
20201019001054,10.20.30.2/16,-
20201019001055,192.168.1.2/24,8
20201019001057,10.20.30.2/16,7
20201019001059,192.168.1.1/24,7
20201019001100,10.77.1.1/24,12
20201019001101,192.168.1.1/24,16
20201019001103,10.20.30.2/16,1
20201019001104,192.168.1.1/24,71
20201019001105,10.77.1.2/24,-
20201019001107,10.20.30.2/16,1
20201019001108,10.20.30.1/16,2
20201019001109,10.20.30.2/16,94
20201019001110,192.168.1.1/24,-
20201019001111,10.77.1.2/24,-
20201019001113,192.168.1.2/24,41
20201019001114,192.168.1.1/24,4
20201019001115,192.168.1.2/24,6
20201019001116,10.20.30.2/16,70
20201019001118,10.20.30.1/16,8
20201019001120,10.20.30.1/16,22
20201019001121,10.77.1.2/24,-
20201019001122,10.77.1.2/24,7
20201019001123,192.168.1.2/24,2
20201019001124,10.20.30.2/16,11
20201019001125,10.77.1.1/24,46
20201019001126,192.168.1.2/24,-
20201019001127,10.20.30.2/16,44
20201019001129,192.168.1.2/24,1
20201019001130,10.77.1.2/24,58
20201019001131,10.20.30.2/16,9
20201019001132,10.20.30.1/16,-
20201019001133,10.77.1.1/24,-
20201019001135,10.77.1.1/24,11
20201019001136,10.20.30.2/16,77
20201019001138,10.20.30.1/16,30
20201019001139,192.168.1.2/24,17
20201019001140,10.20.30.1/16,2
20201019001141,10.20.30.2/16,-
20201019001142,10.20.30.2/16,-
20201019001143,192.168.1.1/24,4
20201019001144,10.77.1.2/24,5
20201019001145,10.77.1.1/24,7
20201019001146,10.20.30.2/16,6
20201019001147,10.77.1.1/24,1
20201019001148,192.168.1.1/24,1
20201019001149,10.77.1.1/24,3
20201019001150,192.168.1.2/24,10
20201019001151,192.168.1.2/24,9
20201019001152,10.77.1.2/24,76
20201019001153,10.20.30.2/16,8
20201019001154,10.20.30.2/16,-
20201019001156,10.20.30.1/16,1
20201019001157,10.20.30.1/16,8
20201019001158,10.20.30.2/16,-
20201019001159,192.168.1.2/24,-
20201019001200,10.20.30.2/16,3
20201019001201,10.77.1.2/24,8
20201019001202,192.168.1.2/24,9
20201019001203,10.20.30.1/16,26
20201019001204,10.77.1.2/24,93
20201019001205,10.77.1.1/24,5
20201019001206,192.168.1.1/24,-
20201019001207,10.77.1.1/24,3
20201019001209,10.77.1.2/24,6
20201019001210,10.20.30.1/16,2
20201019001211,192.168.1.1/24,1
20201019001212,10.77.1.2/24,4
20201019001213,10.77.1.1/24,56
20201019001214,192.168.1.1/24,34
20201019001215,10.77.1.1/24,39
20201019001216,10.77.1.2/24,2
20201019001218,10.77.1.2/24,50
20201019001220,10.77.1.2/24,66
20201019001221,192.168.1.2/24,9
20201019001223,10.20.30.1/16,6
20201019001224,10.77.1.1/24,-
20201019001226,10.20.30.1/16,20
20201019001227,10.20.30.2/16,-
20201019001228,192.168.1.2/24,1
20201019001229,192.168.1.2/24,9
20201019001231,10.20.30.2/16,12
20201019001232,192.168.1.1/24,1
20201019001233,10.20.30.1/16,10
20201019001234,10.20.30.1/16,2
20201019001236,10.77.1.2/24,-
20201019001237,10.20.30.2/16,1
20201019001239,10.77.1.2/24,6
20201019001240,192.168.1.1/24,-
20201019001241,10.20.30.1/16,-
20201019001242,10.77.1.1/24,-
20201019001243,192.168.1.2/24,87
20201019001244,192.168.1.2/24,1
20201019001245,10.77.1.2/24,-
20201019001246,10.20.30.2/16,83
20201019001247,10.20.30.1/16,-
20201019001248,192.168.1.1/24,27
20201019001250,10.20.30.2/16,1
20201019001252,192.168.1.2/24,-
20201019001253,10.77.1.1/24,6
20201019001254,192.168.1.2/24,-
20201019001256,10.20.30.1/16,46
20201019001257,10.20.30.2/16,25
20201019001259,10.20.30.2/16,3
20201019001300,10.20.30.2/16,48
20201019001301,192.168.1.2/24,-
20201019001302,10.77.1.2/24,2
20201019001304,10.77.1.2/24,2
20201019001306,10.20.30.2/16,39
20201019001308,10.20.30.1/16,49
20201019001309,192.168.1.2/24,69
20201019001311,10.20.30.1/16,4
20201019001312,10.77.1.1/24,-
20201019001313,192.168.1.2/24,0
20201019001314,10.77.1.2/24,7
20201019001315,192.168.1.1/24,8
20201019001316,10.77.1.2/24,-
20201019001317,10.20.30.1/16,-
20201019001318,10.77.1.1/24,3
20201019001319,192.168.1.2/24,-
20201019001320,10.20.30.1/16,6
20201019001321,192.168.1.2/24,5
20201019001323,192.168.1.1/24,8
20201019001324,10.20.30.2/16,6
20201019001326,10.77.1.1/24,27
20201019001328,192.168.1.1/24,-
20201019001329,10.20.30.1/16,-
20201019001330,10.77.1.1/24,93
20201019001331,10.20.30.2/16,-
20201019001332,10.77.1.2/24,-
20201019001333,192.168.1.2/24,3
20201019001335,192.168.1.1/24,9
20201019001336,192.168.1.2/24,8
20201019001337,10.77.1.1/24,5
20201019001338,192.168.1.2/24,8
20201019001339,192.168.1.2/24,5
20201019001340,10.77.1.1/24,2
20201019001341,10.20.30.2/16,9
20201019001342,10.20.30.1/16,75
20201019001343,10.77.1.2/24,-
20201019001345,10.77.1.2/24,-
20201019001346,10.20.30.1/16,38
20201019001347,10.77.1.1/24,25
20201019001348,10.77.1.1/24,9
20201019001349,192.168.1.1/24,-
20201019001350,192.168.1.1/24,9
20201019001351,10.20.30.2/16,8
20201019001352,10.20.30.2/16,9
20201019001353,192.168.1.2/24,-
20201019001354,192.168.1.2/24,7
20201019001355,10.20.30.2/16,2
20201019001356,192.168.1.1/24,2
20201019001358,10.20.30.2/16,6
20201019001359,10.20.30.2/16,-
20201019001401,192.168.1.2/24,-
20201019001402,192.168.1.2/24,5
20201019001403,10.20.30.1/16,9
20201019001404,10.77.1.2/24,6
20201019001405,192.168.1.1/24,-
20201019001406,10.77.1.1/24,8
20201019001407,10.20.30.2/16,8
20201019001408,192.168.1.2/24,8
20201019001409,192.168.1.2/24,-
20201019001410,10.77.1.1/24,-
20201019001412,10.77.1.2/24,-
20201019001413,10.20.30.2/16,38
20201019001414,10.77.1.2/24,-
20201019001415,10.20.30.1/16,6
20201019001416,10.20.30.1/16,10
20201019001417,10.20.30.1/16,-
20201019001419,10.20.30.1/16,-
20201019001420,192.168.1.2/24,35
20201019001421,192.168.1.2/24,7
20201019001422,10.77.1.1/24,11
20201019001423,10.20.30.2/16,-
20201019001424,10.77.1.2/24,-
20201019001425,10.20.30.2/16,-
20201019001426,192.168.1.2/24,1
20201019001427,10.77.1.1/24,-
20201019001429,10.20.30.2/16,62
20201019001431,192.168.1.1/24,-
20201019001432,192.168.1.1/24,4
20201019001433,192.168.1.1/24,-
20201019001434,192.168.1.1/24,-
20201019001435,10.77.1.1/24,-
20201019001437,10.20.30.1/16,1
20201019001439,10.20.30.2/16,6
20201019001440,10.77.1.2/24,2
20201019001441,10.77.1.2/24,4
20201019001442,10.77.1.2/24,-
20201019001443,10.77.1.1/24,2
20201019001444,10.20.30.1/16,-
20201019001445,192.168.1.1/24,7
20201019001446,10.77.1.1/24,38
20201019001447,10.77.1.2/24,96
20201019001448,192.168.1.2/24,-
20201019001449,192.168.1.2/24,9
20201019001450,10.20.30.1/16,5
20201019001451,192.168.1.1/24,5
20201019001452,10.77.1.2/24,8
20201019001454,10.20.30.1/16,26
20201019001456,192.168.1.1/24,7
20201019001457,10.77.1.1/24,8
20201019001458,192.168.1.2/24,4
20201019001459,192.168.1.1/24,87
20201019001500,192.168.1.2/24,15
20201019001501,10.20.30.2/16,41
20201019001502,10.20.30.1/16,12
20201019001503,192.168.1.1/24,14
20201019001504,10.77.1.2/24,-
20201019001505,192.168.1.2/24,2
20201019001506,192.168.1.1/24,78
20201019001507,192.168.1.2/24,3
20201019001508,192.168.1.1/24,-
20201019001510,192.168.1.1/24,8
20201019001511,10.20.30.2/16,-
20201019001512,10.77.1.2/24,6
20201019001513,192.168.1.2/24,6
20201019001514,192.168.1.1/24,69
20201019001515,10.20.30.1/16,1
20201019001516,10.20.30.1/16,1
20201019001517,10.77.1.2/24,59
20201019001518,10.20.30.2/16,-
20201019001519,10.77.1.1/24,5
20201019001521,192.168.1.2/24,2
20201019001522,10.77.1.1/24,1
20201019001524,192.168.1.2/24,28
20201019001525,10.77.1.2/24,8
20201019001526,10.20.30.2/16,9
20201019001527,10.20.30.2/16,5
20201019001528,10.20.30.2/16,44
20201019001529,192.168.1.1/24,61
20201019001530,10.20.30.2/16,8
20201019001531,10.20.30.1/16,17
20201019001532,10.77.1.1/24,-
20201019001534,10.77.1.2/24,-
20201019001535,10.20.30.1/16,-
20201019001537,10.20.30.1/16,30
20201019001539,10.20.30.1/16,7
20201019001540,10.20.30.2/16,-
20201019001541,192.168.1.2/24,5
20201019001542,10.77.1.2/24,7
20201019001544,10.20.30.1/16,7
20201019001545,10.77.1.1/24,60
20201019001546,10.77.1.2/24,2
20201019001548,192.168.1.1/24,23
20201019001549,10.77.1.2/24,14
20201019001551,192.168.1.2/24,10
20201019001553,192.168.1.2/24,-
20201019001554,192.168.1.2/24,5
20201019001555,10.20.30.2/16,3
20201019001556,10.77.1.1/24,15
20201019001557,10.20.30.2/16,8
20201019001558,192.168.1.1/24,4
20201019001559,192.168.1.2/24,79
20201019001600,10.77.1.1/24,3
20201019001601,10.20.30.1/16,20
20201019001602,10.77.1.1/24,25
20201019001603,10.77.1.2/24,74
20201019001604,192.168.1.1/24,9
20201019001605,10.20.30.2/16,3
20201019001606,192.168.1.2/24,7
20201019001607,10.20.30.1/16,-
20201019001608,192.168.1.1/24,9
20201019001610,10.20.30.1/16,-
20201019001611,192.168.1.1/24,16
20201019001613,10.77.1.1/24,2
20201019001614,192.168.1.2/24,-
20201019001615,10.20.30.1/16,8
20201019001616,192.168.1.1/24,18
20201019001617,192.168.1.1/24,8
20201019001619,192.168.1.2/24,4
20201019001620,10.20.30.1/16,9
20201019001621,10.77.1.1/24,4
20201019001622,192.168.1.2/24,8
20201019001623,10.77.1.1/24,1
20201019001624,10.77.1.2/24,2
20201019001625,10.77.1.1/24,-
20201019001627,10.77.1.1/24,-
20201019001629,10.77.1.2/24,-
20201019001630,10.77.1.2/24,28
20201019001631,10.77.1.1/24,8
20201019001632,10.77.1.2/24,9
20201019001634,192.168.1.1/24,-
20201019001636,10.20.30.2/16,9
20201019001637,192.168.1.2/24,97
20201019001639,10.77.1.1/24,4
20201019001640,10.77.1.2/24,1
20201019001641,192.168.1.2/24,3
20201019001642,192.168.1.1/24,-
20201019001644,10.20.30.2/16,30
20201019001645,10.77.1.1/24,7
20201019001646,10.77.1.2/24,1
20201019001647,10.77.1.1/24,3
20201019001649,10.20.30.2/16,2
20201019001651,192.168.1.1/24,4
20201019001652,10.77.1.2/24,4
20201019001653,192.168.1.1/24,11
20201019001654,192.168.1.2/24,25
20201019001656,10.77.1.1/24,-
20201019001658,192.168.1.2/24,8
20201019001659,10.20.30.2/16,5
20201019001700,192.168.1.2/24,1
20201019001702,10.77.1.2/24,11
20201019001703,10.20.30.2/16,7
20201019001704,192.168.1.2/24,-
20201019001705,192.168.1.2/24,6
20201019001706,10.20.30.2/16,-
20201019001707,10.77.1.2/24,-
20201019001709,192.168.1.2/24,5
20201019001710,10.20.30.1/16,3
20201019001711,10.20.30.1/16,-
20201019001712,10.77.1.2/24,8
20201019001713,192.168.1.2/24,1
20201019001714,192.168.1.2/24,-
20201019001715,192.168.1.1/24,-
20201019001716,192.168.1.2/24,-
20201019001717,10.77.1.2/24,-
20201019001718,10.20.30.2/16,7
20201019001720,10.77.1.1/24,10
20201019001722,10.20.30.2/16,-
20201019001723,192.168.1.1/24,8
20201019001725,10.20.30.1/16,29
20201019001727,10.20.30.1/16,-
20201019001728,192.168.1.2/24,9
20201019001729,192.168.1.2/24,3
20201019001730,192.168.1.2/24,-
20201019001732,10.77.1.1/24,-
20201019001733,192.168.1.2/24,80
20201019001734,10.77.1.1/24,92
20201019001735,10.20.30.1/16,6
20201019001736,10.77.1.1/24,9
20201019001738,192.168.1.1/24,2
20201019001739,10.20.30.2/16,1
20201019001741,192.168.1.2/24,28
20201019001743,192.168.1.2/24,2
20201019001744,10.77.1.2/24,9
20201019001746,10.77.1.2/24,-
20201019001747,192.168.1.1/24,2
20201019001749,10.20.30.2/16,-
20201019001751,10.20.30.1/16,2
20201019001752,192.168.1.1/24,59
20201019001754,10.77.1.2/24,-
20201019001755,10.77.1.1/24,-
20201019001756,10.20.30.1/16,-
20201019001757,10.77.1.1/24,-
20201019001759,10.77.1.1/24,6
20201019001801,192.168.1.1/24,2
20201019001803,10.77.1.2/24,1
20201019001805,10.20.30.2/16,-
20201019001807,10.77.1.1/24,1
20201019001808,10.77.1.1/24,27
20201019001809,10.20.30.1/16,2
20201019001810,10.77.1.2/24,1
20201019001812,10.77.1.2/24,10
20201019001814,192.168.1.2/24,4
20201019001815,10.20.30.1/16,-
20201019001816,10.20.30.2/16,-
20201019001817,192.168.1.1/24,4
20201019001818,192.168.1.1/24,9
20201019001819,192.168.1.1/24,-
20201019001820,10.20.30.2/16,7
20201019001821,10.77.1.1/24,6
20201019001823,10.77.1.1/24,-
20201019001825,10.20.30.2/16,-
20201019001827,192.168.1.2/24,4
20201019001828,192.168.1.2/24,8
20201019001829,192.168.1.2/24,2
20201019001830,10.77.1.1/24,4
20201019001831,192.168.1.2/24,-
20201019001832,10.77.1.2/24,7
20201019001833,10.20.30.1/16,14
20201019001835,10.20.30.1/16,1
20201019001836,10.77.1.2/24,2
20201019001837,10.77.1.2/24,10
20201019001839,10.77.1.2/24,52
20201019001840,10.77.1.1/24,9
20201019001841,10.77.1.2/24,4
20201019001842,192.168.1.2/24,6
20201019001843,10.20.30.2/16,-
20201019001844,10.20.30.2/16,41
20201019001845,10.77.1.1/24,-
20201019001846,10.77.1.2/24,29
20201019001847,10.77.1.1/24,-
20201019001848,10.20.30.1/16,6
20201019001850,192.168.1.1/24,3
20201019001851,10.20.30.1/16,3
20201019001852,192.168.1.1/24,7
20201019001853,10.77.1.2/24,4
20201019001854,192.168.1.1/24,5
20201019001855,10.20.30.2/16,4
20201019001856,10.20.30.1/16,2
20201019001858,192.168.1.1/24,7
20201019001859,10.77.1.1/24,1
20201019001900,192.168.1.1/24,6
20201019001901,192.168.1.1/24,78
20201019001902,192.168.1.2/24,-
20201019001904,10.77.1.2/24,4
20201019001905,10.20.30.2/16,2
20201019001906,10.77.1.1/24,-
20201019001907,10.20.30.2/16,27
20201019001909,10.20.30.2/16,2
20201019001910,192.168.1.2/24,4
20201019001911,192.168.1.1/24,2
20201019001912,192.168.1.2/24,20
20201019001914,192.168.1.2/24,8
20201019001915,10.77.1.1/24,3
20201019001917,10.20.30.2/16,49
20201019001918,10.77.1.1/24,8
20201019001919,192.168.1.2/24,36
20201019001920,192.168.1.1/24,-
20201019001922,192.168.1.2/24,-
20201019001923,192.168.1.1/24,4
20201019001925,192.168.1.2/24,2
20201019001926,10.20.30.1/16,9
20201019001927,10.20.30.1/16,8
20201019001928,192.168.1.1/24,3
20201019001929,10.20.30.2/16,1
20201019001931,192.168.1.2/24,7
20201019001933,10.77.1.1/24,-
20201019001935,10.20.30.1/16,87
20201019001936,10.77.1.1/24,29
20201019001938,192.168.1.2/24,-
20201019001939,192.168.1.2/24,-
20201019001941,192.168.1.2/24,61
20201019001943,10.20.30.1/16,5
20201019001945,10.20.30.1/16,-
20201019001946,10.20.30.2/16,-
20201019001947,192.168.1.2/24,7
20201019001948,192.168.1.2/24,-
20201019001949,10.20.30.2/16,7
20201019001950,192.168.1.1/24,-
20201019001951,10.20.30.1/16,23
20201019001952,10.77.1.2/24,92
20201019001954,10.77.1.1/24,38
20201019001955,192.168.1.2/24,-
20201019001956,10.77.1.1/24,41
20201019001957,10.77.1.1/24,0
20201019001958,10.77.1.2/24,5
20201019001959,10.77.1.1/24,1
20201019002000,10.77.1.1/24,1
20201019002001,10.77.1.1/24,19
20201019002002,192.168.1.2/24,72
20201019002003,10.20.30.1/16,8
20201019002005,10.77.1.2/24,3
20201019002006,10.77.1.2/24,67
20201019002007,192.168.1.1/24,8
20201019002008,10.20.30.1/16,3
20201019002010,10.77.1.2/24,7
20201019002012,192.168.1.2/24,-
20201019002014,192.168.1.1/24,38
20201019002015,10.77.1.1/24,86
20201019002016,10.77.1.2/24,6
20201019002017,10.20.30.1/16,5
20201019002018,192.168.1.2/24,5
20201019002019,192.168.1.1/24,5
20201019002021,10.20.30.1/16,6
20201019002022,10.77.1.1/24,-
20201019002023,10.20.30.2/16,7
20201019002024,10.77.1.2/24,48
20201019002026,192.168.1.2/24,-
20201019002027,10.77.1.1/24,4
20201019002028,192.168.1.2/24,-
20201019002029,192.168.1.2/24,9
20201019002030,192.168.1.1/24,-
20201019002031,10.20.30.1/16,8
20201019002032,192.168.1.1/24,17
20201019002033,192.168.1.1/24,-
20201019002035,192.168.1.2/24,9
20201019002036,192.168.1.2/24,41
20201019002037,10.77.1.2/24,-
20201019002038,10.20.30.2/16,4
20201019002039,10.20.30.2/16,-
20201019002040,192.168.1.2/24,5
20201019002042,10.20.30.2/16,50
20201019002043,10.77.1.2/24,9
20201019002044,192.168.1.2/24,2
20201019002045,192.168.1.2/24,-
20201019002046,10.77.1.1/24,3
20201019002047,192.168.1.1/24,2
20201019002048,192.168.1.1/24,-
20201019002050,10.20.30.1/16,-
20201019002051,192.168.1.2/24,3
20201019002052,10.20.30.1/16,9
20201019002054,192.168.1.1/24,57
20201019002056,192.168.1.1/24,-
20201019002057,10.20.30.2/16,3
20201019002059,10.77.1.1/24,-
20201019002100,10.77.1.2/24,10
20201019002101,192.168.1.2/24,-
20201019002102,10.20.30.1/16,2
20201019002103,10.77.1.2/24,8
20201019002104,10.77.1.2/24,4
20201019002106,192.168.1.1/24,9
20201019002107,10.77.1.1/24,8
20201019002108,10.77.1.2/24,4
20201019002109,10.20.30.2/16,7
20201019002110,10.77.1.2/24,6
20201019002112,10.20.30.1/16,-
20201019002113,192.168.1.1/24,-
20201019002114,192.168.1.1/24,4
20201019002115,10.20.30.1/16,1
20201019002116,10.77.1.2/24,4
20201019002117,10.20.30.1/16,4
20201019002118,10.77.1.1/24,5
20201019002120,10.20.30.1/16,-
20201019002122,192.168.1.1/24,27
20201019002123,192.168.1.2/24,-
20201019002125,192.168.1.2/24,9
20201019002126,192.168.1.2/24,13
20201019002127,10.77.1.2/24,3
20201019002129,192.168.1.1/24,-
20201019002130,192.168.1.1/24,4
20201019002131,192.168.1.2/24,-
20201019002133,10.20.30.2/16,9
20201019002134,192.168.1.2/24,30
20201019002136,192.168.1.2/24,3
20201019002137,10.77.1.1/24,4
20201019002139,192.168.1.1/24,7
20201019002140,10.77.1.1/24,2
20201019002141,10.20.30.2/16,78
20201019002142,10.77.1.2/24,7
20201019002143,10.77.1.2/24,-
20201019002144,192.168.1.2/24,9
20201019002145,10.20.30.2/16,5
20201019002146,10.20.30.2/16,-
20201019002148,10.20.30.1/16,-
20201019002149,192.168.1.1/24,4
20201019002151,10.77.1.2/24,8
20201019002152,192.168.1.1/24,22
20201019002153,10.20.30.1/16,6
20201019002155,10.77.1.1/24,8
20201019002156,192.168.1.1/24,-
20201019002157,10.77.1.2/24,-
20201019002158,10.20.30.1/16,23
20201019002159,10.77.1.1/24,6
20201019002200,192.168.1.1/24,7
20201019002201,10.77.1.2/24,5
20201019002202,10.77.1.2/24,-
20201019002203,192.168.1.1/24,43
20201019002204,192.168.1.1/24,-
20201019002206,10.20.30.2/16,2
20201019002208,10.77.1.1/24,4
20201019002210,10.20.30.1/16,-
20201019002211,192.168.1.2/24,9
20201019002212,10.20.30.1/16,8
20201019002213,192.168.1.1/24,4
20201019002214,192.168.1.2/24,5
20201019002215,10.20.30.1/16,1
20201019002217,192.168.1.2/24,-
20201019002218,10.77.1.2/24,3
20201019002219,192.168.1.2/24,6
20201019002220,192.168.1.2/24,4
20201019002221,10.77.1.2/24,9
20201019002223,10.77.1.2/24,10
20201019002225,192.168.1.1/24,90
20201019002226,192.168.1.2/24,2
20201019002227,10.77.1.2/24,2
20201019002228,192.168.1.2/24,-
20201019002229,10.20.30.1/16,7
20201019002230,10.77.1.2/24,3
20201019002231,10.20.30.1/16,4
20201019002233,10.20.30.1/16,6
20201019002234,192.168.1.1/24,6
20201019002235,10.77.1.2/24,2
20201019002236,10.77.1.2/24,6
20201019002237,192.168.1.2/24,76
20201019002238,10.20.30.2/16,3
20201019002239,10.20.30.1/16,1
20201019002240,10.20.30.1/16,-
20201019002242,10.77.1.1/24,-
20201019002243,10.77.1.1/24,92
20201019002244,10.20.30.2/16,49
20201019002245,10.77.1.1/24,-
20201019002246,192.168.1.2/24,31
20201019002247,10.77.1.2/24,5
20201019002248,10.77.1.1/24,-
20201019002249,10.77.1.1/24,-
20201019002251,10.77.1.2/24,3
20201019002252,10.77.1.1/24,41
20201019002254,10.77.1.2/24,54
20201019002255,10.77.1.1/24,1
20201019002256,10.77.1.2/24,-
20201019002257,10.20.30.1/16,4
20201019002259,10.20.30.1/16,3
20201019002300,10.20.30.2/16,6
20201019002301,10.20.30.2/16,6
20201019002302,10.77.1.1/24,-
20201019002303,10.20.30.1/16,-
20201019002305,10.77.1.2/24,-
20201019002306,10.77.1.1/24,5
20201019002307,10.20.30.2/16,7
20201019002308,10.77.1.2/24,4
20201019002309,10.77.1.2/24,1
20201019002310,192.168.1.2/24,-
20201019002311,10.20.30.2/16,87
20201019002312,10.20.30.1/16,8
20201019002314,192.168.1.2/24,8
20201019002315,10.20.30.2/16,3
20201019002316,192.168.1.1/24,8
20201019002317,10.77.1.1/24,30
20201019002319,10.20.30.1/16,-
20201019002320,192.168.1.1/24,-
20201019002321,192.168.1.1/24,90
20201019002322,10.77.1.1/24,-
20201019002323,10.77.1.2/24,-
20201019002324,10.77.1.1/24,-
20201019002326,192.168.1.2/24,-
20201019002327,10.77.1.2/24,6
20201019002328,192.168.1.1/24,8
20201019002329,192.168.1.2/24,20
20201019002330,10.20.30.2/16,-
20201019002331,10.20.30.1/16,9
20201019002333,192.168.1.2/24,4
20201019002334,192.168.1.2/24,6
20201019002336,192.168.1.2/24,5
20201019002337,10.77.1.2/24,-
20201019002338,192.168.1.1/24,9
20201019002339,10.20.30.1/16,5
20201019002340,10.20.30.2/16,2
20201019002341,192.168.1.1/24,39
20201019002342,10.77.1.2/24,59
20201019002344,10.20.30.2/16,-
20201019002345,10.20.30.2/16,-
20201019002346,192.168.1.1/24,8
20201019002347,10.20.30.1/16,78
20201019002348,192.168.1.1/24,4
20201019002349,10.20.30.2/16,17
20201019002351,192.168.1.2/24,24
20201019002352,10.77.1.2/24,9
20201019002353,10.20.30.2/16,8
20201019002354,10.20.30.1/16,-
20201019002356,10.20.30.1/16,6
20201019002357,10.20.30.2/16,76
20201019002358,192.168.1.2/24,-
20201019002359,10.20.30.2/16,53
20201019002400,192.168.1.2/24,5
20201019002401,192.168.1.1/24,-
20201019002402,10.20.30.1/16,9
20201019002404,192.168.1.2/24,1
20201019002406,10.20.30.1/16,-
20201019002407,192.168.1.2/24,31
20201019002408,192.168.1.2/24,8
20201019002409,10.77.1.1/24,8
20201019002410,10.77.1.2/24,75
20201019002411,10.77.1.1/24,5
20201019002413,10.77.1.2/24,9
20201019002414,192.168.1.1/24,13
20201019002415,10.77.1.1/24,-
20201019002416,10.77.1.1/24,-
20201019002417,10.77.1.2/24,-
20201019002418,10.77.1.1/24,7
20201019002420,192.168.1.2/24,6
20201019002421,10.20.30.1/16,2
20201019002422,192.168.1.1/24,-
20201019002423,10.20.30.1/16,44
20201019002424,10.20.30.1/16,-
20201019002426,192.168.1.2/24,-
20201019002427,10.77.1.2/24,-
20201019002429,10.20.30.1/16,11
20201019002430,192.168.1.2/24,9
20201019002431,10.20.30.2/16,-
20201019002432,10.20.30.1/16,1
20201019002434,10.20.30.1/16,71
20201019002435,192.168.1.1/24,65
20201019002436,10.77.1.1/24,5
20201019002437,192.168.1.2/24,39
20201019002438,192.168.1.1/24,16
20201019002439,10.20.30.2/16,4
20201019002440,10.77.1.2/24,8
20201019002441,192.168.1.2/24,8
20201019002442,10.77.1.2/24,91
20201019002443,192.168.1.2/24,9
20201019002445,10.77.1.1/24,-
20201019002446,10.20.30.1/16,3
20201019002447,10.77.1.1/24,9
20201019002448,192.168.1.2/24,2
20201019002449,192.168.1.1/24,5
20201019002450,10.77.1.1/24,-
20201019002451,10.20.30.2/16,37
20201019002452,192.168.1.1/24,17
20201019002453,10.77.1.2/24,7
20201019002454,10.20.30.2/16,1
20201019002455,10.20.30.2/16,7
20201019002456,192.168.1.1/24,-
20201019002457,10.77.1.1/24,30
20201019002458,10.77.1.1/24,8
20201019002459,10.77.1.2/24,43
20201019002500,10.20.30.2/16,46
20201019002501,10.77.1.1/24,5
20201019002503,192.168.1.1/24,-
20201019002504,192.168.1.1/24,7
20201019002506,192.168.1.1/24,8
20201019002507,10.77.1.2/24,9
20201019002508,10.77.1.1/24,1
20201019002509,192.168.1.2/24,-
20201019002511,192.168.1.1/24,67
20201019002513,10.20.30.1/16,-
20201019002514,10.77.1.2/24,8
20201019002515,10.77.1.1/24,66
20201019002516,10.20.30.2/16,-
20201019002517,10.20.30.2/16,2
20201019002519,192.168.1.2/24,3
20201019002520,192.168.1.2/24,9
20201019002521,192.168.1.1/24,4
20201019002523,192.168.1.2/24,-
20201019002524,192.168.1.2/24,-
20201019002525,10.20.30.2/16,1
20201019002527,192.168.1.1/24,5
20201019002528,192.168.1.1/24,8
20201019002530,10.77.1.2/24,9
20201019002531,10.20.30.2/16,3
20201019002532,10.20.30.1/16,64
20201019002533,10.20.30.2/16,4
20201019002534,10.77.1.2/24,1
20201019002535,10.77.1.2/24,4
20201019002536,10.20.30.2/16,84
20201019002537,192.168.1.1/24,4
20201019002538,192.168.1.2/24,36
20201019002540,10.77.1.1/24,4
20201019002541,192.168.1.2/24,83
20201019002542,10.20.30.2/16,9
20201019002543,192.168.1.2/24,10
20201019002545,10.77.1.1/24,38
20201019002546,10.77.1.1/24,4
20201019002547,192.168.1.1/24,76
20201019002548,192.168.1.2/24,6
20201019002550,192.168.1.1/24,3
20201019002551,10.20.30.1/16,5
20201019002552,10.77.1.2/24,9
20201019002553,192.168.1.1/24,1
20201019002554,10.77.1.2/24,-
20201019002555,10.20.30.1/16,7
20201019002557,192.168.1.1/24,-
20201019002558,192.168.1.1/24,12
20201019002559,10.77.1.2/24,25
20201019002600,10.77.1.2/24,-
20201019002601,10.77.1.1/24,-
20201019002602,10.20.30.1/16,-
20201019002603,10.20.30.2/16,7
20201019002604,10.20.30.1/16,5
20201019002606,10.20.30.2/16,9
20201019002607,10.77.1.2/24,-
20201019002608,10.20.30.2/16,-
20201019002610,10.20.30.2/16,-
20201019002612,10.20.30.1/16,4
20201019002613,10.77.1.1/24,-
20201019002615,192.168.1.2/24,33
20201019002616,192.168.1.1/24,6
20201019002617,10.77.1.2/24,8
20201019002619,10.20.30.1/16,-
20201019002621,192.168.1.2/24,7
20201019002622,10.20.30.2/16,4
20201019002623,192.168.1.2/24,-
20201019002624,10.20.30.2/16,9
20201019002625,10.20.30.2/16,-
20201019002627,10.77.1.1/24,9
20201019002628,10.77.1.1/24,39
20201019002629,10.77.1.1/24,2
20201019002630,192.168.1.2/24,-
20201019002632,192.168.1.2/24,6
20201019002633,10.77.1.1/24,-
20201019002634,10.77.1.2/24,9
20201019002635,10.77.1.1/24,-
20201019002637,192.168.1.1/24,8
20201019002638,192.168.1.2/24,3
20201019002640,10.77.1.1/24,13
20201019002642,192.168.1.2/24,4
20201019002643,10.20.30.1/16,6
20201019002644,10.77.1.2/24,4
20201019002645,192.168.1.2/24,8
20201019002646,10.20.30.1/16,9
20201019002648,10.77.1.2/24,61
20201019002649,192.168.1.1/24,-
20201019002650,10.20.30.1/16,24
20201019002651,192.168.1.2/24,13
20201019002652,10.20.30.1/16,11
20201019002653,10.77.1.1/24,1
20201019002654,10.20.30.1/16,7
20201019002655,10.77.1.2/24,4
20201019002656,192.168.1.1/24,3
20201019002657,192.168.1.2/24,2
20201019002658,10.20.30.2/16,7
20201019002659,10.77.1.2/24,5
20201019002700,10.77.1.1/24,-
20201019002701,10.20.30.1/16,54
20201019002703,192.168.1.1/24,75
20201019002704,10.77.1.2/24,30
20201019002706,192.168.1.2/24,5
20201019002707,10.77.1.2/24,-
20201019002708,10.77.1.2/24,5
20201019002709,10.77.1.2/24,5
20201019002710,192.168.1.2/24,33
20201019002711,10.77.1.2/24,8
20201019002712,10.20.30.2/16,6
20201019002713,10.77.1.2/24,9
20201019002714,192.168.1.2/24,2
20201019002716,10.77.1.2/24,-
20201019002718,10.20.30.2/16,63
20201019002720,10.20.30.2/16,4
20201019002722,10.77.1.1/24,71
20201019002723,10.20.30.1/16,2
20201019002724,10.20.30.1/16,7
20201019002725,10.77.1.2/24,-
20201019002726,10.77.1.2/24,49
20201019002728,10.20.30.2/16,8
20201019002729,10.20.30.1/16,7
20201019002731,10.20.30.1/16,6
20201019002732,10.77.1.1/24,10
20201019002733,10.77.1.1/24,-
20201019002734,10.20.30.2/16,5
20201019002735,10.20.30.2/16,5
20201019002736,192.168.1.2/24,9
20201019002737,192.168.1.2/24,6
20201019002739,192.168.1.2/24,26
20201019002740,10.20.30.1/16,77
20201019002742,10.77.1.1/24,2
20201019002744,10.77.1.2/24,3
20201019002745,10.20.30.1/16,9
20201019002746,10.20.30.2/16,50
20201019002747,10.77.1.2/24,1
20201019002748,192.168.1.1/24,-
20201019002750,10.77.1.1/24,8
20201019002752,10.20.30.1/16,9
20201019002753,10.77.1.2/24,6
20201019002754,10.20.30.2/16,-
20201019002755,10.77.1.2/24,2
20201019002756,10.20.30.2/16,1
20201019002757,10.20.30.2/16,4
20201019002758,10.20.30.1/16,23
20201019002759,10.20.30.1/16,-
20201019002800,10.20.30.2/16,6
20201019002801,192.168.1.2/24,2
20201019002802,10.20.30.2/16,6
20201019002803,10.20.30.1/16,4
20201019002804,10.77.1.1/24,16
20201019002805,10.77.1.2/24,9
20201019002806,192.168.1.2/24,3
20201019002808,192.168.1.2/24,-
20201019002809,10.77.1.2/24,9
20201019002810,10.20.30.1/16,7
20201019002812,10.20.30.2/16,7
20201019002813,192.168.1.2/24,3
20201019002814,192.168.1.1/24,55
20201019002815,10.20.30.2/16,5
20201019002816,10.77.1.2/24,-
20201019002817,10.77.1.2/24,3
20201019002818,10.77.1.1/24,2
20201019002819,192.168.1.2/24,2
20201019002820,10.20.30.2/16,-
20201019002821,192.168.1.1/24,26
20201019002822,192.168.1.1/24,12
20201019002824,10.77.1.1/24,-
20201019002825,192.168.1.1/24,61
20201019002827,10.77.1.1/24,1
20201019002828,10.20.30.2/16,49
20201019002829,10.20.30.2/16,7
20201019002831,192.168.1.2/24,-
20201019002832,192.168.1.2/24,8
20201019002834,10.77.1.2/24,-
20201019002835,10.77.1.1/24,1
20201019002836,192.168.1.1/24,1
20201019002837,10.20.30.2/16,5
20201019002838,10.20.30.1/16,8
20201019002840,192.168.1.1/24,7
20201019002841,192.168.1.2/24,4
20201019002842,192.168.1.1/24,6
20201019002843,10.20.30.2/16,9
20201019002844,192.168.1.2/24,-
20201019002845,10.77.1.2/24,9
20201019002847,192.168.1.1/24,72
20201019002849,10.20.30.1/16,-
20201019002850,10.20.30.1/16,55
20201019002851,192.168.1.2/24,8
20201019002852,10.77.1.2/24,5
20201019002853,10.77.1.2/24,6
20201019002854,10.77.1.1/24,-
20201019002855,10.77.1.1/24,-
20201019002856,10.20.30.2/16,3
20201019002858,10.77.1.2/24,51
20201019002900,10.20.30.2/16,9
20201019002901,10.20.30.2/16,1
20201019002903,10.20.30.2/16,1
20201019002904,10.77.1.2/24,33
20201019002905,10.77.1.2/24,1
20201019002907,192.168.1.2/24,3
20201019002908,10.20.30.1/16,55
20201019002909,192.168.1.1/24,-
20201019002910,192.168.1.1/24,-
20201019002911,192.168.1.1/24,6
20201019002913,192.168.1.2/24,28
20201019002914,10.20.30.2/16,9
20201019002915,10.20.30.1/16,-
20201019002916,10.77.1.2/24,9
20201019002918,10.20.30.2/16,3
20201019002919,10.20.30.1/16,3
20201019002921,10.20.30.2/16,-
20201019002923,192.168.1.1/24,3
20201019002924,10.20.30.2/16,-
20201019002925,10.20.30.1/16,9
20201019002927,192.168.1.2/24,6
20201019002928,10.77.1.1/24,92
20201019002929,10.77.1.1/24,-
20201019002930,192.168.1.2/24,-
20201019002932,10.77.1.1/24,9
20201019002934,10.77.1.2/24,1
20201019002935,10.77.1.1/24,-
20201019002936,10.77.1.1/24,5
20201019002937,10.20.30.1/16,-
20201019002939,10.20.30.2/16,8
20201019002940,10.20.30.1/16,14
20201019002941,192.168.1.1/24,4
20201019002942,10.20.30.2/16,3
20201019002944,192.168.1.1/24,27
20201019002945,10.77.1.2/24,5
20201019002946,192.168.1.1/24,1
20201019002947,10.20.30.2/16,10
20201019002948,10.20.30.1/16,8
20201019002949,10.20.30.2/16,7
20201019002950,10.77.1.1/24,1
20201019002951,192.168.1.2/24,4
20201019002952,192.168.1.1/24,3
20201019002953,192.168.1.1/24,6
20201019002954,10.77.1.1/24,2
20201019002955,192.168.1.2/24,-
20201019002957,10.77.1.2/24,-
20201019002958,10.20.30.1/16,7
20201019002959,10.20.30.1/16,1
20201019003000,192.168.1.1/24,9
20201019003001,192.168.1.1/24,31
20201019003003,192.168.1.1/24,7
20201019003004,10.77.1.2/24,-
20201019003005,10.20.30.2/16,7
20201019003006,192.168.1.1/24,4
20201019003007,10.20.30.1/16,3
20201019003008,10.20.30.2/16,70
20201019003009,10.77.1.2/24,27
20201019003010,10.77.1.2/24,99
20201019003011,10.77.1.2/24,8
20201019003012,192.168.1.1/24,6
20201019003013,192.168.1.2/24,1
20201019003015,10.20.30.1/16,-
20201019003016,192.168.1.2/24,23
20201019003017,10.77.1.2/24,-
20201019003018,10.20.30.2/16,-
20201019003019,192.168.1.1/24,-
20201019003020,10.77.1.1/24,-
20201019003021,10.20.30.1/16,3
20201019003022,10.20.30.1/16,3
20201019003023,10.77.1.1/24,55
20201019003024,10.20.30.2/16,7
20201019003025,10.20.30.2/16,-
20201019003026,192.168.1.2/24,62
20201019003027,10.77.1.2/24,-
20201019003028,192.168.1.2/24,1
20201019003029,10.20.30.2/16,3
20201019003031,10.77.1.1/24,8
20201019003032,10.77.1.2/24,-
20201019003033,192.168.1.2/24,-
20201019003035,192.168.1.2/24,3
20201019003036,10.20.30.2/16,8
20201019003037,10.20.30.1/16,42
20201019003038,10.20.30.2/16,-
20201019003040,192.168.1.2/24,5
20201019003041,10.20.30.2/16,2
20201019003042,10.20.30.1/16,-
20201019003043,192.168.1.2/24,-
20201019003044,192.168.1.1/24,83
20201019003045,10.77.1.1/24,-
20201019003046,192.168.1.1/24,2
20201019003047,10.77.1.2/24,3
20201019003048,10.20.30.2/16,-
20201019003049,192.168.1.1/24,48
20201019003050,10.20.30.2/16,97
20201019003052,192.168.1.1/24,5
20201019003053,10.20.30.2/16,5
20201019003054,192.168.1.2/24,7
20201019003055,192.168.1.1/24,98
20201019003056,10.20.30.2/16,1
20201019003057,192.168.1.2/24,5
20201019003058,10.77.1.2/24,43
20201019003059,10.20.30.2/16,71
20201019003100,10.20.30.1/16,9
20201019003101,10.20.30.1/16,76
20201019003102,192.168.1.1/24,-
20201019003103,10.77.1.2/24,-
20201019003104,192.168.1.2/24,5
20201019003105,10.20.30.1/16,7
20201019003106,192.168.1.2/24,0
20201019003107,10.20.30.1/16,-
20201019003109,10.20.30.2/16,-
20201019003110,10.20.30.2/16,3
20201019003112,192.168.1.1/24,8
20201019003114,192.168.1.2/24,4
20201019003115,10.77.1.1/24,1
20201019003116,10.77.1.2/24,-
20201019003118,192.168.1.2/24,33
20201019003120,10.77.1.2/24,6
20201019003122,10.77.1.2/24,-
20201019003123,10.77.1.1/24,5
20201019003124,10.77.1.2/24,-
20201019003125,10.77.1.1/24,3
20201019003127,10.77.1.1/24,47
20201019003128,10.20.30.1/16,5
20201019003129,10.20.30.1/16,9
20201019003130,192.168.1.2/24,-
20201019003131,10.20.30.1/16,5
20201019003133,10.77.1.1/24,9
20201019003134,10.77.1.2/24,7
20201019003135,10.77.1.1/24,-
20201019003137,192.168.1.2/24,-
20201019003138,10.77.1.2/24,21
20201019003139,10.20.30.1/16,1
20201019003140,10.20.30.2/16,10
20201019003142,10.20.30.1/16,6
20201019003143,10.77.1.1/24,7
20201019003144,10.77.1.2/24,10
20201019003145,192.168.1.1/24,93
20201019003146,192.168.1.2/24,27
20201019003147,192.168.1.1/24,6
20201019003148,192.168.1.2/24,5
20201019003150,192.168.1.2/24,-
20201019003151,10.20.30.2/16,2
20201019003153,10.77.1.1/24,3
20201019003155,192.168.1.2/24,9
20201019003156,192.168.1.1/24,1
20201019003158,10.77.1.1/24,5
20201019003200,192.168.1.2/24,8
20201019003201,10.77.1.1/24,53
20201019003202,10.20.30.2/16,-
20201019003203,192.168.1.1/24,89
20201019003204,10.77.1.2/24,9
20201019003206,192.168.1.2/24,8
20201019003208,10.77.1.1/24,85
20201019003209,10.20.30.2/16,9
20201019003211,192.168.1.1/24,-
20201019003212,10.77.1.1/24,21
20201019003213,10.77.1.1/24,-
20201019003214,10.20.30.1/16,26
20201019003215,192.168.1.2/24,11
20201019003217,10.20.30.2/16,4
20201019003218,10.20.30.1/16,4
20201019003220,10.77.1.1/24,2
20201019003221,10.77.1.2/24,89
20201019003222,192.168.1.1/24,6
20201019003223,10.77.1.2/24,-
20201019003225,192.168.1.1/24,59
20201019003226,10.20.30.1/16,1
20201019003228,10.20.30.2/16,3
20201019003229,10.77.1.2/24,5
20201019003230,10.20.30.2/16,91
20201019003231,10.77.1.2/24,2
20201019003232,192.168.1.1/24,33
20201019003233,192.168.1.1/24,4
20201019003234,10.77.1.1/24,25
20201019003236,192.168.1.2/24,9
20201019003238,10.77.1.2/24,-
20201019003239,192.168.1.1/24,7
20201019003240,10.77.1.2/24,-
20201019003241,192.168.1.2/24,-
20201019003242,192.168.1.2/24,3
20201019003244,192.168.1.2/24,8
20201019003246,192.168.1.1/24,1
20201019003247,10.20.30.1/16,26
20201019003249,10.20.30.2/16,2
20201019003250,192.168.1.1/24,4
20201019003251,10.20.30.1/16,-
20201019003252,10.20.30.2/16,-
20201019003253,10.20.30.1/16,8
20201019003254,10.20.30.1/16,5
20201019003256,10.20.30.2/16,7
20201019003257,10.77.1.2/24,40
20201019003259,10.77.1.2/24,30
20201019003300,10.20.30.1/16,6
20201019003301,192.168.1.2/24,3
20201019003302,192.168.1.2/24,-
20201019003303,192.168.1.1/24,30
20201019003305,10.20.30.1/16,8
20201019003306,10.20.30.1/16,8
20201019003308,192.168.1.1/24,10
20201019003309,10.20.30.2/16,7
20201019003310,10.20.30.1/16,-
20201019003311,10.20.30.2/16,4
20201019003312,10.20.30.2/16,80
20201019003313,10.77.1.2/24,4
20201019003314,192.168.1.2/24,32
20201019003315,10.77.1.2/24,6
20201019003317,192.168.1.1/24,71
20201019003318,192.168.1.2/24,7
20201019003319,192.168.1.1/24,6
20201019003320,192.168.1.2/24,2
20201019003322,10.77.1.2/24,55
20201019003323,10.77.1.2/24,9
20201019003324,10.20.30.2/16,9
20201019003326,10.77.1.2/24,9
20201019003327,192.168.1.1/24,-
20201019003329,10.20.30.1/16,-
20201019003330,10.77.1.1/24,3
20201019003331,10.20.30.2/16,4
20201019003332,10.77.1.1/24,9
20201019003334,192.168.1.2/24,-
20201019003335,10.77.1.2/24,8
20201019003337,10.20.30.1/16,-
20201019003338,10.77.1.1/24,7
20201019003339,10.77.1.1/24,9
20201019003340,192.168.1.2/24,24
20201019003341,10.20.30.2/16,8
20201019003343,10.77.1.1/24,7
20201019003344,192.168.1.2/24,-
20201019003345,10.77.1.1/24,2
20201019003346,192.168.1.1/24,6
20201019003348,192.168.1.1/24,4
20201019003349,192.168.1.1/24,3
20201019003350,10.77.1.2/24,-
20201019003352,10.20.30.2/16,9
20201019003353,10.20.30.2/16,9
20201019003355,192.168.1.2/24,97
20201019003357,192.168.1.2/24,66
20201019003358,10.77.1.1/24,6
20201019003400,10.77.1.1/24,5
20201019003402,10.77.1.2/24,-
20201019003404,10.77.1.1/24,-
20201019003405,192.168.1.2/24,44
20201019003406,192.168.1.1/24,6
20201019003407,10.77.1.1/24,-
20201019003409,192.168.1.2/24,9
20201019003411,192.168.1.1/24,4
20201019003412,10.20.30.2/16,-
20201019003413,10.77.1.1/24,1
20201019003414,192.168.1.1/24,-
20201019003415,10.20.30.1/16,7
20201019003416,10.20.30.1/16,15
20201019003417,10.20.30.1/16,-
20201019003418,192.168.1.2/24,-
20201019003419,10.77.1.2/24,28
20201019003421,192.168.1.1/24,4
20201019003422,10.77.1.2/24,39
20201019003423,192.168.1.1/24,-
20201019003425,192.168.1.1/24,4
20201019003426,192.168.1.1/24,1
20201019003427,192.168.1.2/24,6
20201019003428,10.77.1.1/24,6
20201019003429,10.20.30.2/16,2
20201019003430,10.20.30.1/16,-
20201019003431,192.168.1.2/24,4
20201019003432,192.168.1.2/24,-
20201019003434,192.168.1.2/24,7
20201019003435,192.168.1.2/24,2
20201019003436,10.20.30.1/16,-
20201019003437,10.20.30.1/16,28
20201019003438,10.20.30.1/16,-
20201019003439,192.168.1.2/24,1
20201019003440,10.20.30.1/16,6
20201019003441,10.77.1.2/24,2
20201019003443,192.168.1.2/24,10
20201019003445,192.168.1.2/24,9
20201019003446,192.168.1.1/24,9
20201019003447,192.168.1.1/24,11
20201019003449,10.20.30.2/16,40
20201019003450,10.20.30.1/16,5
20201019003452,192.168.1.2/24,6
20201019003453,10.77.1.1/24,94
20201019003454,10.77.1.2/24,2
20201019003455,10.77.1.2/24,-
20201019003456,192.168.1.2/24,2
20201019003457,10.77.1.1/24,5
20201019003458,10.77.1.1/24,5
20201019003459,10.77.1.1/24,9
20201019003500,10.20.30.2/16,37
20201019003501,192.168.1.2/24,-
20201019003503,192.168.1.2/24,1
20201019003504,192.168.1.2/24,-
20201019003505,192.168.1.1/24,8
20201019003506,192.168.1.1/24,7
20201019003507,10.20.30.1/16,-
20201019003508,10.20.30.2/16,5
20201019003509,192.168.1.2/24,8
20201019003510,192.168.1.1/24,30
20201019003511,192.168.1.2/24,7
20201019003512,10.77.1.1/24,93
20201019003513,192.168.1.2/24,1
20201019003514,10.77.1.1/24,52
20201019003515,10.20.30.1/16,9
20201019003516,192.168.1.2/24,36
20201019003517,192.168.1.2/24,20
20201019003518,10.20.30.1/16,-
20201019003519,10.20.30.1/16,3
20201019003521,10.20.30.2/16,12
20201019003523,10.20.30.1/16,9
20201019003524,192.168.1.1/24,22
20201019003525,10.77.1.2/24,8
20201019003526,10.20.30.1/16,-
20201019003527,10.77.1.1/24,3
20201019003528,192.168.1.1/24,2
20201019003529,192.168.1.2/24,8
20201019003530,192.168.1.1/24,5
20201019003531,10.77.1.1/24,1
20201019003533,10.20.30.2/16,-
20201019003534,192.168.1.2/24,-
20201019003535,192.168.1.1/24,-
20201019003537,10.20.30.1/16,1
20201019003538,192.168.1.1/24,13
20201019003540,192.168.1.1/24,-
20201019003541,192.168.1.2/24,-
20201019003542,10.20.30.2/16,5
20201019003543,192.168.1.1/24,3
20201019003545,10.20.30.1/16,4
20201019003547,10.77.1.1/24,-
20201019003548,10.77.1.2/24,-
20201019003549,10.77.1.2/24,-
20201019003550,10.20.30.1/16,2
20201019003551,10.77.1.2/24,9
20201019003552,10.20.30.2/16,-
20201019003553,10.77.1.2/24,8
20201019003554,10.20.30.2/16,5
20201019003555,10.77.1.1/24,-
20201019003556,10.77.1.2/24,25
20201019003557,192.168.1.1/24,96
20201019003558,10.20.30.2/16,-
20201019003559,10.77.1.2/24,2
20201019003600,10.77.1.2/24,1
20201019003601,10.20.30.2/16,10
20201019003602,10.77.1.1/24,5
20201019003604,192.168.1.1/24,-
20201019003605,10.77.1.1/24,-
20201019003606,192.168.1.1/24,30
20201019003607,10.77.1.2/24,3
20201019003608,10.77.1.2/24,2
20201019003609,10.77.1.2/24,1
20201019003610,10.20.30.1/16,5
20201019003612,192.168.1.1/24,21
20201019003614,192.168.1.1/24,-
20201019003615,10.77.1.1/24,21
20201019003616,192.168.1.2/24,6
20201019003617,192.168.1.1/24,1
20201019003618,10.77.1.2/24,97
20201019003619,192.168.1.1/24,-
20201019003620,10.77.1.2/24,-
20201019003622,10.77.1.2/24,2
20201019003623,10.20.30.1/16,8
20201019003624,192.168.1.1/24,11
20201019003625,192.168.1.2/24,-
20201019003626,10.77.1.1/24,-
20201019003627,10.20.30.1/16,6
20201019003629,10.20.30.2/16,1
20201019003630,192.168.1.1/24,4
20201019003631,10.77.1.1/24,3
20201019003632,10.77.1.1/24,6
20201019003633,10.20.30.2/16,2
20201019003634,10.77.1.2/24,1
20201019003635,10.77.1.1/24,33
20201019003636,10.77.1.1/24,4
20201019003638,10.20.30.2/16,1
20201019003639,10.77.1.2/24,5
20201019003640,10.20.30.1/16,-
20201019003641,192.168.1.2/24,15
20201019003642,10.20.30.1/16,47
20201019003643,10.20.30.1/16,-
20201019003645,192.168.1.2/24,-
20201019003647,10.20.30.1/16,18
20201019003649,10.20.30.1/16,4
20201019003650,10.20.30.1/16,8
20201019003651,10.77.1.1/24,5
20201019003653,192.168.1.2/24,-
20201019003655,192.168.1.2/24,1
20201019003657,10.20.30.2/16,-
20201019003659,192.168.1.2/24,3
20201019003700,10.20.30.1/16,5
20201019003702,10.20.30.2/16,21
20201019003703,10.20.30.1/16,-
20201019003705,192.168.1.2/24,6
20201019003707,10.77.1.2/24,-
20201019003708,10.77.1.1/24,3
20201019003709,10.77.1.2/24,-
20201019003710,192.168.1.1/24,8
20201019003711,192.168.1.1/24,4
20201019003712,192.168.1.1/24,1
20201019003713,10.77.1.1/24,6
20201019003714,10.77.1.2/24,99
20201019003715,10.20.30.2/16,6
20201019003716,10.20.30.1/16,2
20201019003717,192.168.1.2/24,27
20201019003718,192.168.1.1/24,3
20201019003719,10.77.1.1/24,-
20201019003720,10.20.30.2/16,40
20201019003721,10.77.1.1/24,23
20201019003722,10.20.30.1/16,8
20201019003724,192.168.1.2/24,5
20201019003725,10.20.30.2/16,-
20201019003727,10.20.30.1/16,8
20201019003728,10.77.1.2/24,-
20201019003729,10.77.1.1/24,-
20201019003730,192.168.1.2/24,27
20201019003731,10.77.1.2/24,-
20201019003732,192.168.1.1/24,25
20201019003734,10.20.30.2/16,74
20201019003736,10.20.30.2/16,-
20201019003737,192.168.1.2/24,-
20201019003738,192.168.1.1/24,6
20201019003740,192.168.1.1/24,4
20201019003742,10.20.30.1/16,18
20201019003743,10.77.1.2/24,9
20201019003744,10.20.30.2/16,-
20201019003745,10.77.1.1/24,99
20201019003747,10.20.30.1/16,2
20201019003748,192.168.1.2/24,6
20201019003749,10.20.30.2/16,9
20201019003750,192.168.1.1/24,-
20201019003751,10.77.1.2/24,5
20201019003752,10.77.1.1/24,2
20201019003753,10.20.30.1/16,-
20201019003754,10.77.1.1/24,7
20201019003755,10.20.30.1/16,6
20201019003756,10.77.1.2/24,-
20201019003757,10.77.1.1/24,-
20201019003758,192.168.1.1/24,8
20201019003759,192.168.1.2/24,7
20201019003801,192.168.1.1/24,4
20201019003802,10.77.1.1/24,-
20201019003803,192.168.1.2/24,65
20201019003805,10.20.30.2/16,6
20201019003806,10.77.1.1/24,1
20201019003808,10.77.1.2/24,29
20201019003810,10.77.1.2/24,64
20201019003812,10.77.1.2/24,5
20201019003814,10.20.30.2/16,8
20201019003815,10.20.30.2/16,5
20201019003816,10.20.30.1/16,2
20201019003818,10.77.1.1/24,5
20201019003819,10.77.1.2/24,44
20201019003820,10.77.1.1/24,1
20201019003821,192.168.1.1/24,46
20201019003822,192.168.1.1/24,6
20201019003823,192.168.1.2/24,39
20201019003824,10.20.30.2/16,75
20201019003825,192.168.1.1/24,2
20201019003826,10.77.1.2/24,40
20201019003827,192.168.1.2/24,5
20201019003828,10.77.1.1/24,40
20201019003830,10.20.30.2/16,4
20201019003831,192.168.1.1/24,-
20201019003832,192.168.1.1/24,1
20201019003833,10.20.30.1/16,-
20201019003835,10.77.1.2/24,48
20201019003836,192.168.1.1/24,10
20201019003837,10.20.30.1/16,7
20201019003838,10.20.30.2/16,46
20201019003840,192.168.1.2/24,9
20201019003841,192.168.1.2/24,4
20201019003842,192.168.1.2/24,43
20201019003843,10.77.1.2/24,13
20201019003844,192.168.1.2/24,-
20201019003845,192.168.1.2/24,6
20201019003846,10.20.30.1/16,-
20201019003848,10.77.1.2/24,1
20201019003849,192.168.1.2/24,-
20201019003850,10.20.30.1/16,2
20201019003851,10.77.1.2/24,3
20201019003852,192.168.1.1/24,18
20201019003853,10.77.1.1/24,16
20201019003854,10.20.30.1/16,4
20201019003855,10.77.1.1/24,3
20201019003857,10.77.1.2/24,77
20201019003858,192.168.1.2/24,4
20201019003859,192.168.1.2/24,7
20201019003901,10.77.1.1/24,23
20201019003902,10.20.30.1/16,6
20201019003903,10.20.30.2/16,29
20201019003904,192.168.1.2/24,19
20201019003905,192.168.1.1/24,9
20201019003906,192.168.1.1/24,7
20201019003907,10.77.1.1/24,4
20201019003909,10.77.1.2/24,41
20201019003910,10.20.30.2/16,8
20201019003911,10.20.30.1/16,5
20201019003912,10.77.1.2/24,-
20201019003913,10.20.30.1/16,-
20201019003915,192.168.1.1/24,13
20201019003916,192.168.1.1/24,9
20201019003917,10.77.1.1/24,88
20201019003918,10.20.30.2/16,7
20201019003919,10.77.1.1/24,-
20201019003920,10.77.1.1/24,-
20201019003921,10.77.1.1/24,5
20201019003922,192.168.1.1/24,9
20201019003923,10.77.1.1/24,-
20201019003924,192.168.1.2/24,31
20201019003925,192.168.1.2/24,46
20201019003927,10.77.1.2/24,72
20201019003928,192.168.1.2/24,31
20201019003929,10.20.30.2/16,8
20201019003930,192.168.1.2/24,9
20201019003931,10.20.30.2/16,8
20201019003932,10.20.30.1/16,9
20201019003934,192.168.1.1/24,85
20201019003935,10.77.1.2/24,6
20201019003936,10.20.30.1/16,21
20201019003937,192.168.1.1/24,4
20201019003938,192.168.1.1/24,5
20201019003939,10.77.1.2/24,24
20201019003940,10.77.1.1/24,2
20201019003942,10.77.1.2/24,6
20201019003943,192.168.1.1/24,19
20201019003945,192.168.1.1/24,3
20201019003946,10.77.1.2/24,1
20201019003947,192.168.1.2/24,6
20201019003948,10.20.30.2/16,2
20201019003950,10.77.1.1/24,8
20201019003951,192.168.1.1/24,5
20201019003952,10.20.30.1/16,3
20201019003953,10.77.1.1/24,48
20201019003954,10.77.1.1/24,65
20201019003955,192.168.1.1/24,8
20201019003957,192.168.1.2/24,47
20201019003958,192.168.1.1/24,90
20201019003959,10.77.1.2/24,-
20201019004000,192.168.1.2/24,9
20201019004001,192.168.1.1/24,5
20201019004003,10.20.30.1/16,7
20201019004004,192.168.1.1/24,14
20201019004005,10.20.30.1/16,13
20201019004006,10.20.30.2/16,-
20201019004007,10.20.30.1/16,3
20201019004008,10.77.1.1/24,9
20201019004009,192.168.1.1/24,16
20201019004011,192.168.1.2/24,5
20201019004012,10.77.1.2/24,19
20201019004013,10.20.30.1/16,3
20201019004014,10.77.1.2/24,7
20201019004016,10.20.30.2/16,-
20201019004017,10.20.30.2/16,9
20201019004018,10.77.1.2/24,7
20201019004019,10.20.30.1/16,5
20201019004020,10.77.1.1/24,8
20201019004022,10.20.30.1/16,1
20201019004024,10.20.30.2/16,11
20201019004025,10.20.30.2/16,81
20201019004027,192.168.1.1/24,-
20201019004028,10.20.30.1/16,7
20201019004030,10.77.1.2/24,-
20201019004031,10.77.1.2/24,9
20201019004033,192.168.1.1/24,-
20201019004034,10.77.1.2/24,85
20201019004036,10.77.1.1/24,10
20201019004038,192.168.1.1/24,54
20201019004039,10.20.30.2/16,6
20201019004040,10.77.1.1/24,6
20201019004042,10.20.30.2/16,4
20201019004043,192.168.1.1/24,55
20201019004044,10.20.30.1/16,2
20201019004046,10.77.1.2/24,-
20201019004048,10.77.1.1/24,54
20201019004050,10.77.1.1/24,8
20201019004051,10.77.1.2/24,8
20201019004052,192.168.1.1/24,7
20201019004053,10.20.30.2/16,-
20201019004054,10.20.30.1/16,-
20201019004055,192.168.1.1/24,-
20201019004056,10.20.30.2/16,2
20201019004058,10.77.1.2/24,-
20201019004100,192.168.1.1/24,1
20201019004101,10.77.1.1/24,8
20201019004102,192.168.1.1/24,44
20201019004103,10.77.1.2/24,-
20201019004104,10.20.30.1/16,7
20201019004105,10.20.30.1/16,-
20201019004106,192.168.1.1/24,4
20201019004107,192.168.1.1/24,9
20201019004108,10.77.1.1/24,1
20201019004109,10.20.30.2/16,-
20201019004110,192.168.1.1/24,35
20201019004112,10.77.1.2/24,7
20201019004113,10.20.30.2/16,20
20201019004114,10.77.1.2/24,4
20201019004116,192.168.1.1/24,6
20201019004117,10.77.1.1/24,-
20201019004118,192.168.1.2/24,-
20201019004119,10.20.30.1/16,-
20201019004120,10.77.1.1/24,-
20201019004122,10.77.1.2/24,7
20201019004123,10.20.30.1/16,8
20201019004124,192.168.1.2/24,1
20201019004125,10.20.30.2/16,-
20201019004126,192.168.1.2/24,-
20201019004127,10.77.1.2/24,38
20201019004128,192.168.1.2/24,0
20201019004130,10.20.30.2/16,-
20201019004131,10.77.1.1/24,5
20201019004133,10.20.30.2/16,-
20201019004135,10.20.30.2/16,-
20201019004136,192.168.1.1/24,-
20201019004137,192.168.1.1/24,-
20201019004138,10.77.1.2/24,-
20201019004140,10.77.1.2/24,5
20201019004141,10.77.1.1/24,-
20201019004143,192.168.1.2/24,92
20201019004144,10.77.1.1/24,4
20201019004145,10.77.1.2/24,-
20201019004146,192.168.1.1/24,59
20201019004147,10.77.1.2/24,7
20201019004148,10.20.30.1/16,4
20201019004150,192.168.1.2/24,-
20201019004151,192.168.1.2/24,24
20201019004152,192.168.1.1/24,6
20201019004153,10.20.30.2/16,9
20201019004154,10.20.30.2/16,3
20201019004156,192.168.1.1/24,3
20201019004157,10.77.1.2/24,25
20201019004159,192.168.1.1/24,7
20201019004200,10.77.1.2/24,80
20201019004201,192.168.1.1/24,22
20201019004202,10.77.1.1/24,-
20201019004203,10.20.30.2/16,20
20201019004204,10.20.30.2/16,-
20201019004205,192.168.1.2/24,1
20201019004207,10.20.30.1/16,20
20201019004208,10.77.1.2/24,3
20201019004209,10.77.1.2/24,29
20201019004211,192.168.1.1/24,3
20201019004212,192.168.1.1/24,21
20201019004213,10.77.1.1/24,6
20201019004214,10.20.30.2/16,5
20201019004215,10.20.30.1/16,10
20201019004216,192.168.1.1/24,-
20201019004217,192.168.1.2/24,4
20201019004218,10.20.30.1/16,4
20201019004220,10.20.30.1/16,-
20201019004221,10.20.30.1/16,8
20201019004222,10.77.1.1/24,-
20201019004223,10.20.30.2/16,8
20201019004224,192.168.1.1/24,21
20201019004226,10.20.30.1/16,1
20201019004227,192.168.1.2/24,61
20201019004228,192.168.1.2/24,46
20201019004229,10.20.30.1/16,-
20201019004230,10.20.30.2/16,6
20201019004232,10.77.1.2/24,-
20201019004233,10.77.1.2/24,4
20201019004235,10.20.30.1/16,-
20201019004236,10.20.30.2/16,9
20201019004237,10.77.1.1/24,33
20201019004238,192.168.1.2/24,-
20201019004240,192.168.1.2/24,-
20201019004242,10.20.30.2/16,8
20201019004243,10.77.1.1/24,32
20201019004244,192.168.1.1/24,3
20201019004245,192.168.1.1/24,-
20201019004246,192.168.1.1/24,7
20201019004247,10.77.1.2/24,4
20201019004249,10.77.1.1/24,-
20201019004250,10.20.30.1/16,8
20201019004251,192.168.1.1/24,3
20201019004252,192.168.1.1/24,-
20201019004253,10.77.1.1/24,41
20201019004254,192.168.1.1/24,1
20201019004255,192.168.1.2/24,85
20201019004256,10.77.1.2/24,1
20201019004258,10.20.30.2/16,9
20201019004259,10.77.1.2/24,9
20201019004300,192.168.1.1/24,7
20201019004301,10.20.30.1/16,-
20201019004302,192.168.1.1/24,47
20201019004303,192.168.1.2/24,5
20201019004304,10.20.30.2/16,14
20201019004305,192.168.1.2/24,4
20201019004306,192.168.1.2/24,14
20201019004307,10.20.30.1/16,12
20201019004308,10.77.1.1/24,-
20201019004310,10.20.30.2/16,3
20201019004311,10.20.30.1/16,3
20201019004312,10.77.1.1/24,91
20201019004313,192.168.1.1/24,1
20201019004314,10.20.30.1/16,-
20201019004316,192.168.1.1/24,3
20201019004317,10.77.1.2/24,8
20201019004318,192.168.1.2/24,3
20201019004319,10.77.1.2/24,8
20201019004321,10.20.30.1/16,19
20201019004322,192.168.1.2/24,3
20201019004324,10.77.1.1/24,9
20201019004326,10.77.1.2/24,2
20201019004327,192.168.1.1/24,1
20201019004328,192.168.1.1/24,-
20201019004330,192.168.1.2/24,6
20201019004331,10.77.1.2/24,-
20201019004332,192.168.1.2/24,7
20201019004334,192.168.1.1/24,69
20201019004336,10.77.1.2/24,2
20201019004338,10.77.1.2/24,4
20201019004339,192.168.1.1/24,2
20201019004340,10.20.30.2/16,12
20201019004341,192.168.1.2/24,8
20201019004343,192.168.1.2/24,5
20201019004344,10.20.30.1/16,48
20201019004345,10.77.1.1/24,3
20201019004346,10.77.1.1/24,-
20201019004347,10.77.1.2/24,93
20201019004348,10.20.30.1/16,4
20201019004350,192.168.1.2/24,75
20201019004351,10.77.1.2/24,3
20201019004352,10.20.30.1/16,5
20201019004353,10.20.30.1/16,-
20201019004354,10.77.1.1/24,1
20201019004355,192.168.1.2/24,-
20201019004356,10.20.30.2/16,3
20201019004357,192.168.1.2/24,-
20201019004358,10.20.30.2/16,4
20201019004359,10.77.1.1/24,11
20201019004401,192.168.1.1/24,7
20201019004403,10.20.30.2/16,2
20201019004405,192.168.1.1/24,-
20201019004406,10.20.30.2/16,-
20201019004407,10.20.30.2/16,1
20201019004408,10.77.1.2/24,4
20201019004409,10.77.1.1/24,4
20201019004410,10.77.1.2/24,-
20201019004412,192.168.1.1/24,3
20201019004413,192.168.1.2/24,3
20201019004414,10.20.30.1/16,6
20201019004416,10.20.30.2/16,9
20201019004418,10.20.30.1/16,7
20201019004419,192.168.1.2/24,18
20201019004420,10.77.1.1/24,-
20201019004422,192.168.1.1/24,-
20201019004423,192.168.1.2/24,3
20201019004425,10.77.1.1/24,4
20201019004426,10.20.30.2/16,11
20201019004427,192.168.1.2/24,-
20201019004428,192.168.1.1/24,-
20201019004429,10.20.30.1/16,8
20201019004431,10.77.1.2/24,5
20201019004432,10.77.1.1/24,20
20201019004433,10.20.30.1/16,7
20201019004434,10.77.1.2/24,50
20201019004435,192.168.1.2/24,-
20201019004436,10.20.30.2/16,-
20201019004437,192.168.1.1/24,4
20201019004438,192.168.1.1/24,-
20201019004439,192.168.1.1/24,6
20201019004440,192.168.1.1/24,6
20201019004442,10.20.30.1/16,4
20201019004443,192.168.1.1/24,-
20201019004444,10.20.30.2/16,15
20201019004445,192.168.1.1/24,96
20201019004446,192.168.1.1/24,4
20201019004448,10.20.30.1/16,2
20201019004449,10.77.1.2/24,1
20201019004450,10.20.30.2/16,11
20201019004451,192.168.1.2/24,2
20201019004452,10.20.30.1/16,74
20201019004453,192.168.1.1/24,1
20201019004454,10.77.1.1/24,6
20201019004455,10.20.30.2/16,-
20201019004456,10.20.30.1/16,6
20201019004458,192.168.1.1/24,5
20201019004459,192.168.1.2/24,-
20201019004501,192.168.1.1/24,6
20201019004502,192.168.1.2/24,7
20201019004503,10.20.30.2/16,-
20201019004504,10.77.1.2/24,18
20201019004506,192.168.1.2/24,5
20201019004507,192.168.1.1/24,73
20201019004508,192.168.1.1/24,8
20201019004509,192.168.1.2/24,5
20201019004510,192.168.1.2/24,-
20201019004512,192.168.1.2/24,-
20201019004513,192.168.1.1/24,28
20201019004514,10.20.30.1/16,26
20201019004516,10.20.30.1/16,55
20201019004517,192.168.1.2/24,-
20201019004518,192.168.1.2/24,-
20201019004519,10.20.30.2/16,-
20201019004520,10.20.30.2/16,2
20201019004522,10.77.1.2/24,8
20201019004523,192.168.1.1/24,-
20201019004525,192.168.1.2/24,79
20201019004527,10.20.30.1/16,3
20201019004528,10.77.1.1/24,-
20201019004529,192.168.1.2/24,29
20201019004530,192.168.1.2/24,6
20201019004531,10.20.30.1/16,-
20201019004532,10.20.30.1/16,34
20201019004533,192.168.1.2/24,1
20201019004534,10.77.1.2/24,62
20201019004535,192.168.1.1/24,52
20201019004537,10.77.1.1/24,35
20201019004539,192.168.1.2/24,2
20201019004540,10.77.1.1/24,-
20201019004542,10.77.1.1/24,33
20201019004543,10.77.1.1/24,1
20201019004544,10.77.1.2/24,8
20201019004545,192.168.1.2/24,10
20201019004547,10.77.1.2/24,-
20201019004548,10.20.30.2/16,8
20201019004549,10.77.1.1/24,3
20201019004550,10.77.1.1/24,7
20201019004551,192.168.1.1/24,55
20201019004552,10.77.1.2/24,4
20201019004553,10.20.30.2/16,1
20201019004554,10.77.1.1/24,14
20201019004555,192.168.1.1/24,53
20201019004556,192.168.1.1/24,7
20201019004557,10.20.30.2/16,39
20201019004558,10.20.30.1/16,3
20201019004559,192.168.1.2/24,9
20201019004600,10.77.1.2/24,-
20201019004601,192.168.1.1/24,-
20201019004602,10.77.1.1/24,7
20201019004603,10.77.1.1/24,8
20201019004604,10.20.30.1/16,-
20201019004606,10.20.30.1/16,33
20201019004608,10.20.30.2/16,45
20201019004609,192.168.1.2/24,7
20201019004610,192.168.1.2/24,-
20201019004611,10.77.1.2/24,1
20201019004612,10.20.30.2/16,9
20201019004613,10.77.1.1/24,93
20201019004614,192.168.1.1/24,-
20201019004615,10.77.1.2/24,93
20201019004617,192.168.1.2/24,84
20201019004618,10.77.1.1/24,59
20201019004619,10.77.1.1/24,-
20201019004620,10.20.30.2/16,2
20201019004621,10.20.30.2/16,4
20201019004622,192.168.1.2/24,-
20201019004624,192.168.1.1/24,66
20201019004625,10.77.1.1/24,-
20201019004626,192.168.1.1/24,-
20201019004627,192.168.1.1/24,2
20201019004628,10.77.1.1/24,1
20201019004629,10.77.1.2/24,98
20201019004630,10.20.30.1/16,9
20201019004631,192.168.1.2/24,96
20201019004632,10.20.30.2/16,-
20201019004633,10.77.1.2/24,-
20201019004634,10.77.1.1/24,-
20201019004635,192.168.1.1/24,1
20201019004636,10.20.30.1/16,8
20201019004637,10.20.30.1/16,3
20201019004638,10.20.30.1/16,4
20201019004640,192.168.1.2/24,-
20201019004641,10.20.30.2/16,-
20201019004643,192.168.1.1/24,10
20201019004644,10.77.1.1/24,1
20201019004645,10.77.1.1/24,3
20201019004646,192.168.1.1/24,6
20201019004647,10.77.1.2/24,3
20201019004648,10.20.30.1/16,-
20201019004649,10.20.30.1/16,4
20201019004650,10.20.30.1/16,3
20201019004652,192.168.1.2/24,45
20201019004653,192.168.1.2/24,-
20201019004654,192.168.1.2/24,6
20201019004655,10.77.1.1/24,8
20201019004656,10.77.1.1/24,7
20201019004657,10.77.1.1/24,6
20201019004658,10.77.1.2/24,-
20201019004700,10.77.1.1/24,4
20201019004701,192.168.1.2/24,3
20201019004702,192.168.1.2/24,4
20201019004703,192.168.1.1/24,-
20201019004704,192.168.1.1/24,4
20201019004706,192.168.1.2/24,7
20201019004707,10.77.1.2/24,1
20201019004708,192.168.1.2/24,1
20201019004709,10.20.30.2/16,1
20201019004710,10.20.30.2/16,8
20201019004711,10.77.1.2/24,10
20201019004712,10.20.30.2/16,6
20201019004713,10.77.1.1/24,8
20201019004714,10.20.30.1/16,-
20201019004715,10.20.30.2/16,-
20201019004716,192.168.1.2/24,1
20201019004717,10.77.1.1/24,-
20201019004718,10.20.30.1/16,3
20201019004719,192.168.1.1/24,65
20201019004720,192.168.1.2/24,2
20201019004721,10.77.1.2/24,-
20201019004722,192.168.1.2/24,55
20201019004723,10.77.1.1/24,55
20201019004725,10.77.1.1/24,7
20201019004726,10.77.1.1/24,-
20201019004727,10.77.1.2/24,5
20201019004728,10.20.30.1/16,9
20201019004729,10.20.30.2/16,5
20201019004730,192.168.1.1/24,2
20201019004731,10.20.30.1/16,85
20201019004733,192.168.1.2/24,7
20201019004734,10.77.1.2/24,8
20201019004735,10.77.1.1/24,1
20201019004736,192.168.1.2/24,46
20201019004738,10.77.1.1/24,1
20201019004740,10.77.1.1/24,-
20201019004741,192.168.1.1/24,7
20201019004742,10.20.30.2/16,-
20201019004743,10.77.1.1/24,97
20201019004745,192.168.1.2/24,8
20201019004747,10.20.30.1/16,6
20201019004748,10.77.1.1/24,7
20201019004749,10.20.30.2/16,5
20201019004750,192.168.1.2/24,5
20201019004752,10.20.30.2/16,9
20201019004753,192.168.1.1/24,-
20201019004754,10.77.1.2/24,1
20201019004755,10.77.1.2/24,-
20201019004756,10.77.1.2/24,7
20201019004757,192.168.1.1/24,2
20201019004759,10.20.30.1/16,-
20201019004801,10.20.30.2/16,17
20201019004802,10.20.30.2/16,52
20201019004804,10.77.1.2/24,15
20201019004805,10.77.1.1/24,4
20201019004807,10.20.30.2/16,4
20201019004808,192.168.1.1/24,7
20201019004809,10.77.1.2/24,-
20201019004810,192.168.1.2/24,7
20201019004811,10.20.30.2/16,49
20201019004812,192.168.1.1/24,23
20201019004813,10.77.1.1/24,3
20201019004814,10.20.30.2/16,3
20201019004815,10.20.30.1/16,4
20201019004817,10.20.30.2/16,3
20201019004818,10.77.1.1/24,9
20201019004819,10.20.30.1/16,-
20201019004821,192.168.1.2/24,5
20201019004822,10.77.1.2/24,9
20201019004823,10.20.30.2/16,9
20201019004825,10.77.1.1/24,1
20201019004826,192.168.1.2/24,5
20201019004827,10.77.1.2/24,-
20201019004829,192.168.1.2/24,20
20201019004830,192.168.1.1/24,67
20201019004832,10.20.30.1/16,2
20201019004833,10.20.30.1/16,6
20201019004835,10.20.30.1/16,21
20201019004836,192.168.1.2/24,6
20201019004837,10.20.30.1/16,2
20201019004839,10.77.1.1/24,-
20201019004840,10.77.1.1/24,1
20201019004841,10.77.1.2/24,-
20201019004842,10.77.1.2/24,1
20201019004843,10.77.1.2/24,0
20201019004844,10.77.1.2/24,7
20201019004845,192.168.1.1/24,3
20201019004846,192.168.1.1/24,7
20201019004847,10.77.1.2/24,13
20201019004848,10.20.30.2/16,2
20201019004849,10.20.30.2/16,3
20201019004851,10.20.30.2/16,56
20201019004852,10.77.1.1/24,4
20201019004853,192.168.1.1/24,3
20201019004855,10.77.1.2/24,40
20201019004856,10.77.1.2/24,6
20201019004857,10.77.1.2/24,-
20201019004858,10.20.30.1/16,-
20201019004859,10.77.1.2/24,7
20201019004900,192.168.1.2/24,-
20201019004901,192.168.1.2/24,3
20201019004903,10.20.30.2/16,81
20201019004904,10.77.1.1/24,-
20201019004905,10.20.30.2/16,1
20201019004906,192.168.1.2/24,67
20201019004908,192.168.1.2/24,30
20201019004909,10.77.1.2/24,5
20201019004910,192.168.1.1/24,4
20201019004911,10.77.1.1/24,2
20201019004912,10.20.30.2/16,5
20201019004913,10.77.1.1/24,4
20201019004914,10.77.1.1/24,-
20201019004915,192.168.1.1/24,7
20201019004916,192.168.1.2/24,2
20201019004918,10.77.1.1/24,2
20201019004919,192.168.1.2/24,54
20201019004920,10.77.1.2/24,76
20201019004921,10.20.30.1/16,4
20201019004923,10.20.30.2/16,9
20201019004924,192.168.1.2/24,7
20201019004925,192.168.1.2/24,68
20201019004926,10.20.30.1/16,-
20201019004927,192.168.1.1/24,8
20201019004929,10.20.30.1/16,4
20201019004931,192.168.1.1/24,95
20201019004933,10.77.1.2/24,48
20201019004935,10.20.30.1/16,2
20201019004936,192.168.1.2/24,1
20201019004937,10.20.30.1/16,9
20201019004938,10.77.1.2/24,-
20201019004939,10.20.30.1/16,8
20201019004940,10.77.1.1/24,60
20201019004941,10.77.1.1/24,-
20201019004942,192.168.1.1/24,6
20201019004943,192.168.1.1/24,8
20201019004944,10.77.1.1/24,5
20201019004945,10.77.1.2/24,34
20201019004946,10.77.1.2/24,6
20201019004947,192.168.1.2/24,7
20201019004948,10.77.1.1/24,9
20201019004950,10.20.30.1/16,0
20201019004951,192.168.1.2/24,7
20201019004952,192.168.1.2/24,16
20201019004953,192.168.1.1/24,93
20201019004954,10.77.1.1/24,-
20201019004956,192.168.1.2/24,6
20201019004957,192.168.1.2/24,8
20201019004958,10.77.1.1/24,9
20201019004959,10.20.30.2/16,5
20201019005000,192.168.1.2/24,89
20201019005001,10.20.30.2/16,1
20201019005002,192.168.1.1/24,5
20201019005003,10.77.1.2/24,5
20201019005004,10.77.1.1/24,3
20201019005005,10.77.1.1/24,86
20201019005006,10.77.1.1/24,1
20201019005007,10.77.1.1/24,9
20201019005008,10.77.1.2/24,7
20201019005009,192.168.1.2/24,36
20201019005010,192.168.1.2/24,8
20201019005011,10.77.1.2/24,16
20201019005012,10.20.30.2/16,1
20201019005014,192.168.1.2/24,23
20201019005016,10.20.30.2/16,12
20201019005017,10.20.30.2/16,9
20201019005018,192.168.1.1/24,83
20201019005020,10.77.1.2/24,-
20201019005022,10.20.30.1/16,3
20201019005023,192.168.1.1/24,80
20201019005024,10.77.1.2/24,3
20201019005025,192.168.1.1/24,11
20201019005027,10.77.1.1/24,-
20201019005028,192.168.1.1/24,-
20201019005030,10.77.1.2/24,7
20201019005031,10.77.1.1/24,19
20201019005032,10.20.30.1/16,9
20201019005033,10.77.1.2/24,5
20201019005035,10.77.1.1/24,8
20201019005036,10.77.1.2/24,4
20201019005037,10.20.30.2/16,11
20201019005038,10.77.1.2/24,-
20201019005039,10.20.30.1/16,-
20201019005040,10.20.30.2/16,57
20201019005041,10.20.30.1/16,-
20201019005042,10.20.30.2/16,-
20201019005043,10.20.30.2/16,4
20201019005044,10.77.1.1/24,8
20201019005045,192.168.1.2/24,32
20201019005047,10.20.30.1/16,89
20201019005048,192.168.1.2/24,5
20201019005049,192.168.1.2/24,4
20201019005050,10.20.30.2/16,8
20201019005051,192.168.1.2/24,20
20201019005053,10.20.30.2/16,37
20201019005054,192.168.1.1/24,66
20201019005055,192.168.1.1/24,1
20201019005056,10.20.30.1/16,-
20201019005057,10.20.30.1/16,7
20201019005058,192.168.1.2/24,19
20201019005059,10.20.30.1/16,32
20201019005100,192.168.1.1/24,94
20201019005102,10.77.1.2/24,11
20201019005103,10.77.1.2/24,43
20201019005104,10.77.1.1/24,9
20201019005105,10.77.1.2/24,7
20201019005106,192.168.1.1/24,9
20201019005107,10.20.30.1/16,10
20201019005109,10.77.1.1/24,2
20201019005111,192.168.1.1/24,8
20201019005112,10.77.1.2/24,9
20201019005113,10.77.1.2/24,9
20201019005114,10.20.30.1/16,7
20201019005115,10.20.30.2/16,-
20201019005116,10.77.1.1/24,39
20201019005117,192.168.1.1/24,8
20201019005118,10.20.30.2/16,90
20201019005119,10.77.1.1/24,1
20201019005120,192.168.1.2/24,9
20201019005121,192.168.1.2/24,8
20201019005122,10.77.1.2/24,-
20201019005124,10.20.30.1/16,67
20201019005125,10.20.30.1/16,7
20201019005126,10.20.30.2/16,31
20201019005127,10.77.1.1/24,-
20201019005128,10.77.1.2/24,2
20201019005129,10.20.30.2/16,3
20201019005130,10.20.30.1/16,6
20201019005132,10.77.1.2/24,7
20201019005134,192.168.1.2/24,96
20201019005136,10.77.1.2/24,1
20201019005137,10.77.1.2/24,-
20201019005138,192.168.1.1/24,6
20201019005139,10.20.30.2/16,1
20201019005140,192.168.1.2/24,-
20201019005142,10.77.1.1/24,11
20201019005144,192.168.1.1/24,3
20201019005145,10.77.1.1/24,53
20201019005147,10.77.1.1/24,-
20201019005149,10.77.1.2/24,9
20201019005150,10.77.1.1/24,3
20201019005151,192.168.1.2/24,4
20201019005152,192.168.1.1/24,4
20201019005153,10.20.30.2/16,1
20201019005154,10.77.1.1/24,-
20201019005155,10.77.1.2/24,5
20201019005157,192.168.1.1/24,3
20201019005158,10.77.1.1/24,5
20201019005159,192.168.1.1/24,56
20201019005200,192.168.1.1/24,49
20201019005201,10.20.30.2/16,1
20201019005203,192.168.1.1/24,-
20201019005205,192.168.1.1/24,1
20201019005207,10.20.30.1/16,3
20201019005208,192.168.1.1/24,8
20201019005209,10.20.30.2/16,33
20201019005210,192.168.1.1/24,5
20201019005212,192.168.1.2/24,3
20201019005214,192.168.1.2/24,5
20201019005215,10.77.1.1/24,4
20201019005216,10.20.30.2/16,2
20201019005217,192.168.1.1/24,7
20201019005218,10.20.30.2/16,-
20201019005220,10.77.1.2/24,-
20201019005221,192.168.1.1/24,6
20201019005222,10.77.1.2/24,-
20201019005223,10.20.30.1/16,-
20201019005225,10.20.30.2/16,4
20201019005227,192.168.1.1/24,35
20201019005228,10.20.30.2/16,-
20201019005229,10.20.30.1/16,14
20201019005230,10.20.30.1/16,7
20201019005231,10.77.1.2/24,7
20201019005232,10.77.1.1/24,2
20201019005233,10.20.30.2/16,6
20201019005234,10.77.1.1/24,9
20201019005235,10.20.30.2/16,-
20201019005237,10.20.30.1/16,3
20201019005238,10.77.1.1/24,44
20201019005239,10.77.1.2/24,-
20201019005241,10.77.1.2/24,96
20201019005242,10.20.30.2/16,-
20201019005243,10.20.30.2/16,9
20201019005244,192.168.1.2/24,4
20201019005245,10.77.1.1/24,-
20201019005246,192.168.1.1/24,7
20201019005247,192.168.1.1/24,4
20201019005248,192.168.1.1/24,6
20201019005249,10.77.1.1/24,8
20201019005251,10.20.30.2/16,-
20201019005252,10.20.30.2/16,-
20201019005253,192.168.1.1/24,96
20201019005254,192.168.1.1/24,3
20201019005255,10.77.1.2/24,4
20201019005256,192.168.1.1/24,97
20201019005257,10.77.1.2/24,6
20201019005258,10.20.30.1/16,39
20201019005259,192.168.1.2/24,7
20201019005300,192.168.1.1/24,9
20201019005301,192.168.1.1/24,-
20201019005302,10.77.1.2/24,-
20201019005303,192.168.1.1/24,4
20201019005304,192.168.1.1/24,5
20201019005305,10.20.30.2/16,4
20201019005306,192.168.1.1/24,2
20201019005307,192.168.1.2/24,27
20201019005308,10.77.1.2/24,-
20201019005309,10.20.30.1/16,-
20201019005310,10.20.30.2/16,4
20201019005311,10.77.1.1/24,-
20201019005312,192.168.1.1/24,-
20201019005313,192.168.1.2/24,9
20201019005314,192.168.1.2/24,7
20201019005315,192.168.1.2/24,91
20201019005316,10.20.30.2/16,4
20201019005318,10.20.30.1/16,98
20201019005319,192.168.1.1/24,7
20201019005320,192.168.1.1/24,15
20201019005321,192.168.1.1/24,3
20201019005322,192.168.1.2/24,37
20201019005323,10.77.1.2/24,1
20201019005324,10.20.30.1/16,10
20201019005325,192.168.1.2/24,-
20201019005326,10.20.30.1/16,5
20201019005327,10.20.30.2/16,5
20201019005328,10.77.1.2/24,2
20201019005330,192.168.1.2/24,1
20201019005331,192.168.1.1/24,4
20201019005332,10.20.30.1/16,2
20201019005333,10.20.30.1/16,-
20201019005335,192.168.1.2/24,3
20201019005337,10.77.1.2/24,3
20201019005338,192.168.1.2/24,4
20201019005340,10.77.1.1/24,11
20201019005341,10.20.30.1/16,3
20201019005342,10.77.1.2/24,-
20201019005343,192.168.1.1/24,9
20201019005344,192.168.1.1/24,23
20201019005346,10.20.30.2/16,37
20201019005347,192.168.1.2/24,4
20201019005348,192.168.1.2/24,5
20201019005349,10.77.1.1/24,7
20201019005351,10.77.1.1/24,14
20201019005352,10.77.1.2/24,5
20201019005353,10.20.30.1/16,9
20201019005354,10.20.30.2/16,58
20201019005355,10.20.30.1/16,5
20201019005356,192.168.1.1/24,3
20201019005358,10.77.1.2/24,-
20201019005359,10.20.30.1/16,-
20201019005400,10.77.1.2/24,9
20201019005401,192.168.1.2/24,96
20201019005403,10.77.1.1/24,7
20201019005404,10.20.30.1/16,-
20201019005405,10.20.30.1/16,1
20201019005406,10.20.30.1/16,98
20201019005408,192.168.1.1/24,3
20201019005410,10.20.30.2/16,22
20201019005411,10.77.1.2/24,5
20201019005412,10.77.1.2/24,9
20201019005413,10.77.1.1/24,3
20201019005414,10.20.30.2/16,1
20201019005416,10.77.1.1/24,2
20201019005417,10.77.1.1/24,59
20201019005418,192.168.1.2/24,-
20201019005419,10.77.1.1/24,5
20201019005420,10.20.30.2/16,5
20201019005422,10.77.1.1/24,81
20201019005424,192.168.1.2/24,6
20201019005425,10.20.30.2/16,35
20201019005426,10.77.1.1/24,84
20201019005428,192.168.1.1/24,6
20201019005429,10.20.30.1/16,12
20201019005430,192.168.1.1/24,7
20201019005431,192.168.1.2/24,9
20201019005432,10.20.30.1/16,-
20201019005434,10.20.30.2/16,4
20201019005435,10.77.1.2/24,-
20201019005436,10.77.1.2/24,-
20201019005437,10.77.1.1/24,4
20201019005438,192.168.1.2/24,3
20201019005439,10.20.30.2/16,6
20201019005440,10.77.1.2/24,4
20201019005441,10.20.30.1/16,9
20201019005442,10.77.1.1/24,3
20201019005443,10.77.1.2/24,-
20201019005445,10.20.30.2/16,2
20201019005446,10.77.1.2/24,-
20201019005447,10.77.1.1/24,5
20201019005448,10.20.30.2/16,53
20201019005450,10.20.30.1/16,-
20201019005451,10.77.1.1/24,10
20201019005452,10.20.30.1/16,19
20201019005453,10.77.1.2/24,99
20201019005454,10.20.30.2/16,63
20201019005455,10.77.1.2/24,9
20201019005456,192.168.1.1/24,2
20201019005457,10.77.1.1/24,5
20201019005458,10.77.1.2/24,-
20201019005459,10.20.30.1/16,6
20201019005500,192.168.1.1/24,6
20201019005502,10.77.1.2/24,7
20201019005503,10.77.1.2/24,4
20201019005504,10.77.1.1/24,5
20201019005505,192.168.1.1/24,74
20201019005506,10.20.30.2/16,7
20201019005507,10.20.30.2/16,3
20201019005508,192.168.1.1/24,8
20201019005509,10.20.30.1/16,21
20201019005510,10.20.30.1/16,26
20201019005511,10.77.1.2/24,7
20201019005513,10.20.30.2/16,3
20201019005514,10.77.1.2/24,4
20201019005515,10.77.1.1/24,11
20201019005517,10.20.30.1/16,-
20201019005519,10.20.30.2/16,9
20201019005520,10.77.1.1/24,5
20201019005521,192.168.1.2/24,-
20201019005522,192.168.1.2/24,6
20201019005524,192.168.1.1/24,-
20201019005525,192.168.1.1/24,18
20201019005527,10.77.1.2/24,4
20201019005528,10.77.1.2/24,3
20201019005529,10.77.1.1/24,8
20201019005530,10.20.30.1/16,96
20201019005531,10.20.30.1/16,43
20201019005532,10.20.30.1/16,14
20201019005533,192.168.1.2/24,9
20201019005534,10.77.1.2/24,4
20201019005535,10.77.1.1/24,-
20201019005536,192.168.1.2/24,2
20201019005537,10.77.1.1/24,-
20201019005538,10.20.30.1/16,-
20201019005540,192.168.1.2/24,-
20201019005541,10.77.1.1/24,3
20201019005542,10.77.1.1/24,-
20201019005544,192.168.1.2/24,-
20201019005545,10.77.1.1/24,10
20201019005546,10.20.30.1/16,22
20201019005547,192.168.1.1/24,-
20201019005548,10.77.1.1/24,4
20201019005549,10.77.1.1/24,14
20201019005550,10.77.1.2/24,-
20201019005552,10.20.30.1/16,-
20201019005553,10.20.30.1/16,-
20201019005554,10.20.30.2/16,5
20201019005555,10.20.30.2/16,4
20201019005556,192.168.1.2/24,8
20201019005557,10.77.1.2/24,75
20201019005558,10.77.1.2/24,4
20201019005559,192.168.1.1/24,-
20201019005600,192.168.1.1/24,8
20201019005602,10.20.30.2/16,-
20201019005603,192.168.1.1/24,5
20201019005604,192.168.1.2/24,-
20201019005605,10.77.1.2/24,8
20201019005606,10.77.1.1/24,-
20201019005608,192.168.1.1/24,2
20201019005610,192.168.1.2/24,3
20201019005611,10.77.1.1/24,-
20201019005612,10.77.1.2/24,9
20201019005613,10.77.1.1/24,6
20201019005614,10.20.30.1/16,-
20201019005615,10.77.1.2/24,-
20201019005616,10.77.1.1/24,18
20201019005617,192.168.1.1/24,-
20201019005618,192.168.1.2/24,10
20201019005619,192.168.1.1/24,58
20201019005620,192.168.1.1/24,2
20201019005621,10.77.1.2/24,7
20201019005622,10.77.1.1/24,-
20201019005623,192.168.1.2/24,2
20201019005624,10.20.30.1/16,15
20201019005625,10.20.30.1/16,6
20201019005626,192.168.1.2/24,5
20201019005628,10.20.30.2/16,7
20201019005629,10.77.1.2/24,-
20201019005631,10.77.1.1/24,7
20201019005632,10.77.1.2/24,-
20201019005633,10.20.30.1/16,4
20201019005634,10.77.1.2/24,-
20201019005635,192.168.1.1/24,5
20201019005636,10.20.30.2/16,3
20201019005637,10.77.1.1/24,-
20201019005638,10.20.30.2/16,6
20201019005639,10.20.30.1/16,-
20201019005640,192.168.1.2/24,3
20201019005641,10.77.1.1/24,36
20201019005642,192.168.1.2/24,6
20201019005643,192.168.1.2/24,8
20201019005644,192.168.1.2/24,8
20201019005646,192.168.1.1/24,-
20201019005648,192.168.1.1/24,3
20201019005650,10.20.30.2/16,43
20201019005652,192.168.1.2/24,-
20201019005653,10.20.30.2/16,3
20201019005654,10.77.1.2/24,1
20201019005655,192.168.1.1/24,-
20201019005656,10.20.30.1/16,38
20201019005658,10.77.1.1/24,3
20201019005659,192.168.1.1/24,8
20201019005700,10.77.1.2/24,78
20201019005701,192.168.1.2/24,-
20201019005702,10.20.30.2/16,6
20201019005704,10.77.1.1/24,-
20201019005705,192.168.1.2/24,38
20201019005706,192.168.1.2/24,16
20201019005708,10.20.30.1/16,-
20201019005709,192.168.1.1/24,39
20201019005710,10.77.1.1/24,5
20201019005712,10.20.30.2/16,1
20201019005713,10.20.30.2/16,2
20201019005715,10.77.1.1/24,5
20201019005716,10.77.1.1/24,-
20201019005718,10.77.1.2/24,4
20201019005719,10.20.30.1/16,1
20201019005720,192.168.1.2/24,5
20201019005721,192.168.1.1/24,9
20201019005722,10.77.1.2/24,6
20201019005723,192.168.1.2/24,4
20201019005725,10.77.1.2/24,-
20201019005726,10.20.30.2/16,50
20201019005727,192.168.1.2/24,-
20201019005728,10.20.30.2/16,-
20201019005729,192.168.1.1/24,6
20201019005730,10.20.30.1/16,-
20201019005731,10.77.1.1/24,-
20201019005733,10.77.1.1/24,7
20201019005734,192.168.1.2/24,55
20201019005735,10.77.1.2/24,8
20201019005736,10.20.30.1/16,-
20201019005737,10.20.30.1/16,16
20201019005739,10.20.30.2/16,7
20201019005740,10.77.1.1/24,6
20201019005741,10.20.30.1/16,2
20201019005742,10.77.1.2/24,8
20201019005743,10.77.1.2/24,3
20201019005744,10.77.1.2/24,-
20201019005745,192.168.1.2/24,10
20201019005747,10.77.1.1/24,7
20201019005748,10.77.1.2/24,9
20201019005749,192.168.1.2/24,6
20201019005750,10.20.30.1/16,87
20201019005751,10.77.1.2/24,84
20201019005752,192.168.1.1/24,4
20201019005753,10.77.1.1/24,-
20201019005754,10.20.30.1/16,-
20201019005755,192.168.1.1/24,-
20201019005756,192.168.1.2/24,-
20201019005758,10.77.1.1/24,4
20201019005759,10.20.30.2/16,7
20201019005801,192.168.1.2/24,31
20201019005802,192.168.1.1/24,-
20201019005803,192.168.1.2/24,6
20201019005804,192.168.1.2/24,7
20201019005805,10.77.1.2/24,5
20201019005806,10.77.1.1/24,49
20201019005808,10.77.1.2/24,9
20201019005809,10.20.30.1/16,-
20201019005810,192.168.1.2/24,67
20201019005811,192.168.1.1/24,2
20201019005812,192.168.1.2/24,4
20201019005813,192.168.1.1/24,3
20201019005814,192.168.1.1/24,-
20201019005815,10.20.30.2/16,9
20201019005816,10.20.30.1/16,50
20201019005817,10.20.30.1/16,6
20201019005819,192.168.1.1/24,10
20201019005820,192.168.1.2/24,5
20201019005821,10.77.1.2/24,7
20201019005822,10.77.1.2/24,-
20201019005824,10.20.30.2/16,6
20201019005825,10.20.30.1/16,10
20201019005827,10.77.1.1/24,5
20201019005829,10.20.30.1/16,-
20201019005830,10.20.30.1/16,6
20201019005831,10.77.1.2/24,16
20201019005832,10.77.1.1/24,6
20201019005833,10.77.1.1/24,2
20201019005834,192.168.1.1/24,8
20201019005836,192.168.1.1/24,-
20201019005837,10.20.30.2/16,3
20201019005839,10.77.1.1/24,4
20201019005840,192.168.1.2/24,-
20201019005841,10.20.30.2/16,94
20201019005842,10.77.1.1/24,-
20201019005844,10.20.30.2/16,1
20201019005845,10.20.30.1/16,-
20201019005846,192.168.1.2/24,82
20201019005847,10.20.30.2/16,5
20201019005848,192.168.1.1/24,9
20201019005849,10.20.30.2/16,-
20201019005851,192.168.1.2/24,5
20201019005852,192.168.1.2/24,7
20201019005854,10.77.1.2/24,9
20201019005855,10.20.30.1/16,5
20201019005856,10.77.1.1/24,3
20201019005857,10.20.30.2/16,-
20201019005858,10.20.30.1/16,-
20201019005859,10.20.30.2/16,-
20201019005900,10.20.30.2/16,9
20201019005901,10.77.1.2/24,5
20201019005903,10.77.1.2/24,56
20201019005904,10.20.30.1/16,3
20201019005905,10.77.1.1/24,5
20201019005907,192.168.1.1/24,7
20201019005908,10.77.1.2/24,9
20201019005910,192.168.1.1/24,-
20201019005912,192.168.1.2/24,14
20201019005913,192.168.1.1/24,4
20201019005915,192.168.1.2/24,4
20201019005916,192.168.1.1/24,12
20201019005918,10.20.30.1/16,20
20201019005920,10.77.1.2/24,-
20201019005921,10.77.1.2/24,10
20201019005923,10.77.1.2/24,17
20201019005924,192.168.1.2/24,1
20201019005925,10.77.1.2/24,3
20201019005927,10.77.1.2/24,-
20201019005928,10.77.1.1/24,-
20201019005929,10.20.30.1/16,1
20201019005930,192.168.1.1/24,-
20201019005932,192.168.1.1/24,-
20201019005933,10.20.30.1/16,8
20201019005935,10.77.1.2/24,-
20201019005936,192.168.1.2/24,-
20201019005937,10.77.1.2/24,9
20201019005939,10.20.30.1/16,15
20201019005940,10.77.1.2/24,8
20201019005941,10.20.30.1/16,16
20201019005942,192.168.1.2/24,3
20201019005944,10.77.1.2/24,6
20201019005945,192.168.1.1/24,3
20201019005946,10.20.30.2/16,60
20201019005948,192.168.1.2/24,8
20201019005949,192.168.1.2/24,7
20201019005950,10.20.30.2/16,19
20201019005951,10.20.30.1/16,6
20201019005953,192.168.1.1/24,7
20201019005954,10.20.30.2/16,6
20201019005955,192.168.1.2/24,-
20201019005956,10.77.1.2/24,-
20201019005957,10.20.30.1/16,-
20201019005959,192.168.1.2/24,-
20201019010000,10.77.1.2/24,4
20201019010001,192.168.1.2/24,-
20201019010002,10.77.1.1/24,8
20201019010003,192.168.1.2/24,-
20201019010005,192.168.1.2/24,11
20201019010007,10.77.1.2/24,2
20201019010008,10.77.1.2/24,67
20201019010010,10.20.30.1/16,7
20201019010011,10.20.30.2/16,10
20201019010012,10.77.1.1/24,-
20201019010013,10.77.1.1/24,61
20201019010014,10.20.30.1/16,-
20201019010016,10.20.30.1/16,5
20201019010017,10.77.1.2/24,8
20201019010018,10.77.1.1/24,9
20201019010019,10.77.1.2/24,14
20201019010020,192.168.1.1/24,53
20201019010021,10.77.1.2/24,-
20201019010022,10.20.30.1/16,-
20201019010024,10.77.1.1/24,3
20201019010026,192.168.1.2/24,-
20201019010027,10.20.30.1/16,-
20201019010029,192.168.1.2/24,-
20201019010030,10.77.1.1/24,25
20201019010031,10.77.1.2/24,-
20201019010032,10.20.30.1/16,-
20201019010033,10.20.30.1/16,40
20201019010034,10.20.30.1/16,8
20201019010035,10.20.30.1/16,41
20201019010036,10.77.1.1/24,-
20201019010038,10.20.30.1/16,-
20201019010039,10.77.1.2/24,5
20201019010040,10.20.30.2/16,5
20201019010041,192.168.1.2/24,-
20201019010042,10.20.30.2/16,16
20201019010043,10.77.1.2/24,5
20201019010044,10.77.1.1/24,5
20201019010045,10.20.30.2/16,6
20201019010046,10.20.30.1/16,3
20201019010047,10.77.1.1/24,2
20201019010048,10.20.30.1/16,-
20201019010049,10.77.1.1/24,8
20201019010050,10.77.1.2/24,97
20201019010051,192.168.1.2/24,5
20201019010052,192.168.1.2/24,5
20201019010054,192.168.1.2/24,6
20201019010055,10.77.1.2/24,-
20201019010057,10.77.1.1/24,3
20201019010058,192.168.1.1/24,7
20201019010100,10.20.30.2/16,10
20201019010101,10.20.30.1/16,4
20201019010102,10.20.30.1/16,5
20201019010104,10.20.30.1/16,-
20201019010106,192.168.1.2/24,-
20201019010107,10.77.1.1/24,7
20201019010108,192.168.1.2/24,12
20201019010109,10.20.30.1/16,-
20201019010110,10.20.30.2/16,8
20201019010111,192.168.1.2/24,59
20201019010113,10.20.30.1/16,6
20201019010114,192.168.1.2/24,81
20201019010115,10.20.30.2/16,97
20201019010116,10.77.1.2/24,58
20201019010117,10.77.1.1/24,9
20201019010118,10.77.1.2/24,3
20201019010119,192.168.1.2/24,6
20201019010120,192.168.1.1/24,8
20201019010122,192.168.1.1/24,-
20201019010123,10.77.1.1/24,7
20201019010124,10.20.30.1/16,-
20201019010126,192.168.1.1/24,6
20201019010127,10.20.30.1/16,8
20201019010128,10.20.30.1/16,9
20201019010129,192.168.1.1/24,7
20201019010130,10.20.30.1/16,9
20201019010131,10.20.30.2/16,6
20201019010132,10.20.30.1/16,12
20201019010133,10.77.1.1/24,-
20201019010135,192.168.1.2/24,-
20201019010136,10.20.30.1/16,35
20201019010138,10.77.1.2/24,-
20201019010140,192.168.1.2/24,23
20201019010142,10.77.1.1/24,3
20201019010144,10.20.30.2/16,9
20201019010145,192.168.1.2/24,42
20201019010146,10.20.30.2/16,-
20201019010147,192.168.1.1/24,57
20201019010149,10.77.1.2/24,6
20201019010150,10.77.1.2/24,1
20201019010151,10.77.1.1/24,-
20201019010152,10.20.30.1/16,-
20201019010154,10.20.30.2/16,8
20201019010156,10.77.1.2/24,2
20201019010157,192.168.1.2/24,47
20201019010159,192.168.1.2/24,-
20201019010201,10.20.30.2/16,9
20201019010202,192.168.1.1/24,8
20201019010203,10.77.1.2/24,8
20201019010205,10.77.1.1/24,95
20201019010206,10.20.30.1/16,6
20201019010208,10.20.30.2/16,8
20201019010209,10.20.30.2/16,1
20201019010210,10.77.1.1/24,-
20201019010211,10.20.30.2/16,-
20201019010213,192.168.1.2/24,63
20201019010215,10.20.30.2/16,4
20201019010216,10.77.1.1/24,-
20201019010217,192.168.1.1/24,18
20201019010218,192.168.1.2/24,-
20201019010219,192.168.1.2/24,6
20201019010220,10.20.30.2/16,1
20201019010221,10.20.30.2/16,39
20201019010222,10.77.1.1/24,4
20201019010223,10.20.30.1/16,9
20201019010224,10.77.1.2/24,3
20201019010225,10.77.1.1/24,98
20201019010226,192.168.1.2/24,3
20201019010227,10.20.30.2/16,6
20201019010228,192.168.1.2/24,1
20201019010230,192.168.1.1/24,78
20201019010231,10.20.30.2/16,8
20201019010232,10.77.1.2/24,5
20201019010233,192.168.1.1/24,6
20201019010234,10.77.1.2/24,4
20201019010235,192.168.1.2/24,4
20201019010236,192.168.1.1/24,5
20201019010237,192.168.1.2/24,8
20201019010238,10.77.1.1/24,-
20201019010239,10.77.1.1/24,9
20201019010240,10.20.30.1/16,-
20201019010241,192.168.1.1/24,-
20201019010242,10.20.30.1/16,5
20201019010243,10.77.1.2/24,2
20201019010244,10.20.30.1/16,92
20201019010245,192.168.1.2/24,9
20201019010246,10.77.1.2/24,4
20201019010247,10.77.1.2/24,13
20201019010248,10.20.30.2/16,7
20201019010249,192.168.1.2/24,5
20201019010250,192.168.1.2/24,26
20201019010251,10.20.30.2/16,43
20201019010253,10.77.1.2/24,-
20201019010255,10.77.1.1/24,5
20201019010256,10.77.1.2/24,42
20201019010257,10.77.1.2/24,-
20201019010259,192.168.1.2/24,7
20201019010300,10.20.30.2/16,9
20201019010301,10.20.30.2/16,-
20201019010302,10.77.1.1/24,8
20201019010304,192.168.1.2/24,11
20201019010305,192.168.1.2/24,-
20201019010306,192.168.1.2/24,-
20201019010307,192.168.1.2/24,1
20201019010308,10.20.30.1/16,-
20201019010309,192.168.1.2/24,98
20201019010310,10.20.30.1/16,-
20201019010311,10.77.1.1/24,23
20201019010312,10.20.30.1/16,8
20201019010313,10.20.30.1/16,-
20201019010314,10.20.30.2/16,-
20201019010316,10.20.30.1/16,7
20201019010318,10.77.1.1/24,9
20201019010319,192.168.1.1/24,7
20201019010320,192.168.1.2/24,7
20201019010322,10.77.1.1/24,-
20201019010323,10.77.1.1/24,9
20201019010324,10.20.30.2/16,70
20201019010325,192.168.1.1/24,45
20201019010326,192.168.1.2/24,5
20201019010327,10.77.1.2/24,1
20201019010328,192.168.1.2/24,7
20201019010330,10.20.30.2/16,-
20201019010331,192.168.1.2/24,-
20201019010332,10.20.30.2/16,-
20201019010333,10.20.30.2/16,72
20201019010335,192.168.1.2/24,32
20201019010336,192.168.1.2/24,6
20201019010337,10.20.30.2/16,6
20201019010338,10.77.1.1/24,5
20201019010339,192.168.1.1/24,9
20201019010340,10.77.1.1/24,6
20201019010341,192.168.1.1/24,23
20201019010342,10.77.1.1/24,-
20201019010344,192.168.1.1/24,8
20201019010345,10.20.30.2/16,46
20201019010346,10.20.30.2/16,2
20201019010347,10.77.1.2/24,7
20201019010348,10.20.30.1/16,8
20201019010349,10.77.1.1/24,3
20201019010350,10.20.30.2/16,9
20201019010351,192.168.1.1/24,6
20201019010353,10.77.1.2/24,9
20201019010354,192.168.1.2/24,-
20201019010355,192.168.1.2/24,7
20201019010356,192.168.1.2/24,37
20201019010358,10.20.30.1/16,25
20201019010359,10.77.1.1/24,-
20201019010400,192.168.1.2/24,8
20201019010401,10.77.1.1/24,-
20201019010402,10.77.1.1/24,-
20201019010403,10.20.30.2/16,8
20201019010405,10.20.30.2/16,-
20201019010406,192.168.1.1/24,9
20201019010407,10.77.1.2/24,5
20201019010408,10.77.1.2/24,-
20201019010409,10.77.1.1/24,-
20201019010411,10.20.30.1/16,-
20201019010412,192.168.1.2/24,-
20201019010413,10.20.30.1/16,1
20201019010414,10.20.30.1/16,7
20201019010415,192.168.1.1/24,-
20201019010416,10.77.1.1/24,8
20201019010417,10.20.30.1/16,42
20201019010418,10.77.1.2/24,6
20201019010419,10.77.1.1/24,-
20201019010420,10.20.30.2/16,9
20201019010421,10.77.1.2/24,-
20201019010422,10.20.30.2/16,-
20201019010424,192.168.1.1/24,-
20201019010425,192.168.1.1/24,-
20201019010426,10.77.1.1/24,2
20201019010427,10.20.30.1/16,-
20201019010428,10.77.1.2/24,5
20201019010429,192.168.1.1/24,4
20201019010430,10.77.1.2/24,3
20201019010431,10.20.30.1/16,-
20201019010432,10.20.30.1/16,55
20201019010433,10.77.1.2/24,-
20201019010434,192.168.1.1/24,54
20201019010435,10.77.1.1/24,-
20201019010436,192.168.1.2/24,4
20201019010437,10.20.30.2/16,28
20201019010438,192.168.1.1/24,7
20201019010439,10.77.1.1/24,4
20201019010441,10.77.1.1/24,7
20201019010442,10.20.30.2/16,5
20201019010443,192.168.1.2/24,-
20201019010444,192.168.1.1/24,-
20201019010445,10.20.30.1/16,7
20201019010447,192.168.1.2/24,4
20201019010448,10.20.30.2/16,4
20201019010450,10.77.1.2/24,3
20201019010451,10.77.1.2/24,9
20201019010452,192.168.1.1/24,3
20201019010453,10.77.1.1/24,-
20201019010454,10.20.30.1/16,33
20201019010455,10.77.1.2/24,-
20201019010456,10.77.1.1/24,-
20201019010458,10.77.1.2/24,1
20201019010500,192.168.1.2/24,13
20201019010502,10.20.30.1/16,5
20201019010504,10.20.30.2/16,-
20201019010506,10.77.1.1/24,2
20201019010507,10.77.1.2/24,39
20201019010508,10.77.1.1/24,1
20201019010510,10.77.1.1/24,-
20201019010511,10.20.30.1/16,-
20201019010512,10.20.30.1/16,-
20201019010513,192.168.1.1/24,11
20201019010514,10.77.1.1/24,1
20201019010515,192.168.1.2/24,-
20201019010517,192.168.1.2/24,6
20201019010519,10.77.1.1/24,-
20201019010520,10.20.30.2/16,-
20201019010521,192.168.1.2/24,7
20201019010523,10.77.1.2/24,70
20201019010524,10.77.1.2/24,17
20201019010525,192.168.1.1/24,10
20201019010527,10.77.1.2/24,5
20201019010528,192.168.1.1/24,6
20201019010529,10.77.1.1/24,9
20201019010530,192.168.1.1/24,30
20201019010531,10.20.30.1/16,9
20201019010532,192.168.1.1/24,57
20201019010533,10.77.1.2/24,4
20201019010534,192.168.1.1/24,-
20201019010535,192.168.1.1/24,43
20201019010536,192.168.1.1/24,5
20201019010537,10.20.30.2/16,9
20201019010538,10.77.1.1/24,5
20201019010539,10.77.1.2/24,6
20201019010541,10.20.30.2/16,7
20201019010543,10.20.30.1/16,-
20201019010544,10.77.1.1/24,7
20201019010545,10.77.1.2/24,6
20201019010546,10.20.30.2/16,-
20201019010547,10.20.30.2/16,58
20201019010548,10.77.1.2/24,6
20201019010549,10.20.30.2/16,45
20201019010550,10.77.1.1/24,-
20201019010552,192.168.1.1/24,9
20201019010554,192.168.1.1/24,-
20201019010555,10.20.30.2/16,-
20201019010557,10.20.30.2/16,-
20201019010558,192.168.1.2/24,-
20201019010559,10.77.1.2/24,6
20201019010601,192.168.1.1/24,3
20201019010602,10.77.1.1/24,5
20201019010603,192.168.1.2/24,3
20201019010604,10.77.1.1/24,6
20201019010605,192.168.1.2/24,9
20201019010607,10.77.1.2/24,-
20201019010608,192.168.1.1/24,9
20201019010610,10.20.30.1/16,4
20201019010611,10.77.1.2/24,-
20201019010613,10.20.30.2/16,-
20201019010615,192.168.1.1/24,-
20201019010616,192.168.1.1/24,27
20201019010617,192.168.1.1/24,1
20201019010618,10.20.30.1/16,-
20201019010619,10.20.30.2/16,89
20201019010620,10.20.30.1/16,59
20201019010622,10.20.30.2/16,-
20201019010623,192.168.1.2/24,-
20201019010624,192.168.1.1/24,-
20201019010625,10.20.30.1/16,48
20201019010626,10.77.1.2/24,5
20201019010627,10.20.30.2/16,1
20201019010628,192.168.1.1/24,3
20201019010629,10.77.1.2/24,1
20201019010630,10.77.1.1/24,9
20201019010631,192.168.1.2/24,6
20201019010632,10.77.1.2/24,5
20201019010633,10.77.1.1/24,65
20201019010634,10.77.1.2/24,3
20201019010635,192.168.1.2/24,88
20201019010636,10.77.1.1/24,-
20201019010637,10.77.1.1/24,6
20201019010638,192.168.1.2/24,3
20201019010640,10.77.1.1/24,7
20201019010641,10.20.30.2/16,5
20201019010642,10.20.30.1/16,17
20201019010643,192.168.1.1/24,99
20201019010644,10.77.1.2/24,4
20201019010645,192.168.1.1/24,10
20201019010646,10.77.1.2/24,9
20201019010647,10.20.30.2/16,1
20201019010649,192.168.1.1/24,5
20201019010650,192.168.1.2/24,5
20201019010651,10.77.1.2/24,-
20201019010652,192.168.1.1/24,-
20201019010654,192.168.1.2/24,-
20201019010656,10.77.1.2/24,9
20201019010658,10.77.1.2/24,54
20201019010700,10.77.1.1/24,90
20201019010701,192.168.1.1/24,-
20201019010702,10.77.1.1/24,1
20201019010703,10.20.30.2/16,8
20201019010704,192.168.1.1/24,3
20201019010705,10.20.30.2/16,-
20201019010706,10.77.1.2/24,8
20201019010707,192.168.1.2/24,1
20201019010708,192.168.1.1/24,9
20201019010710,192.168.1.1/24,71
20201019010711,192.168.1.2/24,2
20201019010712,10.77.1.1/24,-
20201019010713,10.77.1.1/24,78
20201019010714,10.77.1.1/24,52
20201019010715,192.168.1.1/24,7
20201019010717,10.77.1.2/24,9
20201019010719,10.20.30.2/16,9
20201019010720,10.20.30.1/16,7
20201019010721,192.168.1.1/24,6
20201019010722,192.168.1.1/24,-
20201019010723,192.168.1.1/24,29
20201019010724,192.168.1.2/24,13
20201019010725,10.77.1.2/24,96
20201019010726,192.168.1.1/24,-
20201019010727,10.77.1.1/24,6
20201019010729,10.20.30.1/16,5
20201019010731,192.168.1.1/24,-
20201019010732,10.20.30.1/16,2
20201019010734,10.77.1.1/24,4
20201019010736,192.168.1.2/24,1
20201019010737,192.168.1.1/24,40
20201019010738,10.20.30.1/16,5
20201019010739,10.20.30.2/16,75
20201019010740,10.20.30.1/16,5
20201019010741,10.77.1.2/24,9
20201019010742,10.20.30.1/16,2
20201019010744,10.77.1.1/24,64
20201019010746,10.77.1.1/24,-
20201019010747,10.20.30.1/16,-
20201019010748,192.168.1.1/24,28
20201019010749,192.168.1.1/24,-
20201019010750,192.168.1.2/24,-
20201019010751,10.77.1.2/24,7
20201019010753,10.20.30.1/16,1
20201019010754,192.168.1.2/24,-
20201019010755,10.20.30.1/16,35
20201019010756,10.77.1.1/24,-
20201019010757,10.77.1.2/24,7
20201019010758,10.77.1.1/24,-
20201019010759,192.168.1.1/24,4
20201019010801,192.168.1.2/24,40
20201019010802,192.168.1.2/24,3
20201019010803,192.168.1.2/24,-
20201019010805,10.20.30.1/16,9
20201019010806,10.77.1.2/24,9
20201019010807,10.20.30.1/16,6
20201019010808,192.168.1.2/24,6
20201019010809,192.168.1.1/24,7
20201019010810,10.20.30.2/16,2
20201019010811,10.20.30.1/16,5
20201019010812,10.77.1.1/24,2
20201019010813,10.20.30.2/16,3
20201019010814,10.77.1.2/24,-
20201019010815,10.77.1.2/24,5
20201019010817,192.168.1.1/24,6
20201019010819,192.168.1.1/24,5
20201019010821,10.77.1.1/24,9
20201019010823,10.77.1.1/24,-
20201019010824,10.77.1.2/24,1
20201019010825,192.168.1.2/24,3
20201019010826,10.20.30.1/16,7
20201019010827,192.168.1.1/24,-
20201019010828,192.168.1.1/24,8
20201019010829,10.77.1.1/24,5
20201019010830,10.20.30.1/16,-
20201019010831,10.20.30.1/16,5
20201019010833,10.20.30.2/16,14
20201019010834,192.168.1.1/24,7
20201019010835,10.77.1.1/24,5
20201019010836,192.168.1.2/24,7
20201019010837,10.20.30.1/16,3
20201019010839,10.20.30.2/16,13
20201019010840,10.77.1.2/24,50
20201019010842,10.20.30.2/16,82
20201019010843,192.168.1.1/24,9
20201019010844,10.20.30.1/16,2
20201019010845,10.20.30.1/16,96
20201019010846,192.168.1.2/24,-
20201019010847,10.20.30.2/16,5
20201019010848,192.168.1.1/24,9
20201019010849,10.77.1.1/24,1
20201019010850,192.168.1.1/24,4
20201019010851,10.77.1.2/24,1
20201019010852,10.20.30.2/16,-
20201019010853,10.77.1.2/24,8
20201019010854,10.20.30.1/16,-
20201019010855,10.20.30.2/16,3
20201019010856,10.77.1.2/24,31
20201019010857,192.168.1.2/24,20
20201019010859,192.168.1.2/24,8
20201019010901,10.77.1.2/24,6
20201019010902,10.20.30.1/16,7
20201019010904,10.77.1.2/24,9
20201019010905,10.20.30.1/16,5
20201019010907,10.20.30.1/16,-
20201019010908,10.77.1.2/24,12
20201019010909,10.20.30.2/16,1
20201019010910,10.77.1.1/24,1
20201019010912,10.77.1.2/24,3
20201019010914,192.168.1.2/24,-
20201019010915,10.20.30.2/16,71
20201019010917,10.77.1.2/24,25
20201019010919,192.168.1.2/24,18
20201019010921,10.20.30.1/16,68
20201019010922,10.20.30.1/16,4
20201019010923,10.20.30.1/16,4
20201019010924,192.168.1.1/24,2
20201019010925,192.168.1.1/24,79
20201019010927,10.77.1.2/24,5
20201019010928,192.168.1.1/24,40
20201019010929,192.168.1.2/24,-
20201019010930,10.77.1.2/24,-
20201019010931,192.168.1.2/24,6
20201019010932,10.20.30.2/16,-
20201019010933,10.20.30.2/16,76
20201019010934,10.77.1.1/24,3
20201019010936,10.77.1.2/24,2
20201019010937,10.77.1.1/24,-
20201019010938,10.20.30.1/16,-
20201019010939,10.77.1.1/24,-
20201019010940,192.168.1.1/24,-
20201019010941,10.77.1.1/24,-
20201019010942,10.77.1.1/24,7
20201019010943,192.168.1.1/24,4
20201019010944,10.20.30.2/16,31
20201019010945,10.77.1.1/24,-
20201019010946,10.77.1.1/24,12
20201019010947,10.77.1.2/24,4
20201019010948,192.168.1.1/24,-
20201019010950,192.168.1.1/24,-
20201019010951,192.168.1.2/24,4
20201019010952,192.168.1.2/24,9
20201019010954,192.168.1.1/24,3
20201019010956,192.168.1.2/24,-
20201019010957,10.20.30.2/16,7
20201019010958,10.77.1.1/24,7
20201019010959,10.20.30.2/16,6
20201019011000,10.77.1.1/24,4
20201019011001,10.20.30.1/16,2
20201019011002,10.77.1.2/24,1
20201019011003,10.77.1.2/24,-
20201019011004,192.168.1.1/24,7
20201019011005,192.168.1.2/24,70
20201019011006,10.77.1.2/24,8
20201019011007,192.168.1.2/24,20
20201019011008,10.77.1.1/24,1
20201019011010,192.168.1.1/24,7
20201019011012,10.20.30.2/16,-
20201019011013,192.168.1.1/24,21
20201019011014,192.168.1.2/24,56
20201019011015,10.77.1.2/24,37
20201019011016,10.77.1.2/24,45
20201019011017,10.77.1.2/24,20
20201019011019,192.168.1.2/24,-
20201019011020,192.168.1.2/24,6
20201019011021,192.168.1.1/24,4
20201019011022,10.20.30.1/16,-
20201019011023,10.77.1.2/24,34
20201019011025,192.168.1.2/24,2
20201019011026,192.168.1.1/24,4
20201019011027,10.20.30.2/16,9
20201019011028,10.20.30.2/16,-
20201019011030,192.168.1.2/24,5
20201019011031,192.168.1.2/24,5
20201019011032,10.77.1.1/24,9
20201019011033,10.20.30.1/16,6
20201019011034,10.77.1.1/24,1
20201019011035,10.77.1.1/24,-
20201019011036,192.168.1.2/24,3
20201019011037,10.77.1.2/24,0
20201019011038,10.77.1.2/24,80
20201019011039,10.20.30.1/16,8
20201019011040,192.168.1.2/24,18
20201019011041,10.20.30.2/16,6
20201019011042,192.168.1.2/24,8
20201019011043,10.20.30.1/16,7
20201019011044,192.168.1.1/24,96
20201019011046,192.168.1.1/24,3
20201019011047,10.20.30.1/16,40
20201019011048,10.77.1.2/24,2
20201019011049,10.20.30.1/16,-
20201019011050,10.20.30.1/16,5
20201019011052,192.168.1.2/24,3
20201019011053,10.77.1.2/24,28
20201019011054,192.168.1.2/24,8
20201019011055,10.20.30.1/16,6
20201019011056,10.20.30.1/16,3
20201019011057,192.168.1.2/24,-
20201019011058,192.168.1.2/24,61
20201019011059,10.77.1.2/24,-
20201019011100,10.77.1.1/24,8
20201019011101,10.20.30.1/16,7
20201019011102,10.20.30.1/16,9
20201019011103,192.168.1.2/24,-
20201019011105,192.168.1.2/24,8
20201019011106,10.77.1.2/24,4
20201019011107,10.77.1.1/24,20
20201019011108,192.168.1.2/24,1
20201019011109,192.168.1.2/24,3
20201019011111,10.77.1.1/24,-
20201019011113,10.77.1.1/24,1
20201019011115,10.77.1.2/24,7
20201019011116,192.168.1.1/24,7
20201019011117,10.20.30.1/16,1
20201019011118,10.77.1.2/24,-
20201019011119,10.77.1.1/24,7
20201019011121,10.77.1.1/24,-
20201019011122,192.168.1.2/24,6
20201019011123,192.168.1.2/24,9
20201019011124,192.168.1.2/24,4
20201019011125,10.77.1.2/24,1
20201019011127,10.77.1.2/24,5
20201019011129,10.77.1.1/24,27
20201019011130,192.168.1.2/24,9
20201019011131,10.77.1.2/24,-
20201019011132,10.77.1.2/24,3
20201019011133,192.168.1.2/24,42
20201019011134,192.168.1.1/24,2
20201019011135,192.168.1.2/24,4
20201019011137,10.20.30.1/16,9
20201019011138,192.168.1.2/24,-
20201019011139,10.77.1.2/24,-
20201019011141,192.168.1.1/24,2
20201019011142,10.77.1.1/24,99
20201019011143,10.77.1.2/24,1
20201019011144,10.20.30.1/16,-
20201019011145,192.168.1.1/24,13
20201019011146,192.168.1.1/24,9
20201019011147,10.20.30.1/16,9
20201019011148,10.20.30.2/16,78
20201019011149,10.77.1.2/24,9
20201019011150,192.168.1.2/24,1
20201019011151,10.20.30.2/16,7
20201019011153,10.20.30.2/16,5
20201019011154,10.20.30.2/16,4
20201019011156,10.77.1.1/24,-
20201019011157,10.20.30.1/16,64
20201019011158,10.77.1.1/24,9
20201019011159,10.20.30.1/16,-
20201019011200,10.20.30.2/16,8
20201019011201,192.168.1.2/24,58
20201019011202,10.20.30.1/16,19
20201019011204,10.20.30.1/16,-
20201019011205,192.168.1.1/24,63
20201019011206,10.20.30.1/16,45
20201019011207,10.77.1.2/24,-
20201019011208,192.168.1.1/24,-
20201019011209,192.168.1.2/24,7
20201019011211,10.77.1.2/24,61
20201019011213,10.77.1.2/24,15
20201019011214,10.77.1.1/24,2
20201019011216,10.77.1.2/24,9
20201019011217,10.77.1.1/24,8
20201019011219,10.20.30.1/16,1
20201019011220,10.77.1.1/24,24
20201019011221,10.77.1.1/24,1
20201019011222,10.77.1.2/24,-
20201019011223,10.77.1.2/24,7
20201019011224,192.168.1.2/24,6
20201019011226,10.77.1.1/24,-
20201019011227,10.20.30.1/16,8
20201019011228,192.168.1.1/24,5
20201019011229,10.20.30.2/16,10
20201019011230,10.77.1.1/24,60
20201019011231,10.20.30.1/16,80
20201019011232,10.77.1.1/24,6
20201019011233,192.168.1.1/24,17
20201019011235,10.77.1.1/24,70
20201019011236,10.77.1.1/24,61
20201019011237,10.20.30.2/16,6
20201019011238,10.77.1.2/24,9
20201019011239,10.77.1.1/24,71
20201019011240,192.168.1.2/24,3
20201019011241,10.77.1.1/24,1
20201019011242,10.77.1.2/24,13
20201019011243,192.168.1.1/24,3
20201019011245,10.20.30.1/16,2
20201019011246,192.168.1.1/24,8
20201019011248,10.77.1.1/24,22
20201019011249,10.20.30.1/16,9
20201019011250,10.77.1.2/24,70
20201019011251,192.168.1.1/24,-
20201019011253,10.77.1.2/24,8
20201019011255,10.77.1.1/24,6
20201019011256,192.168.1.2/24,65
20201019011257,10.77.1.2/24,-
20201019011258,10.77.1.2/24,-
20201019011259,192.168.1.1/24,-
20201019011300,10.20.30.1/16,5
20201019011301,10.20.30.2/16,10
20201019011302,10.20.30.2/16,-
20201019011303,192.168.1.2/24,90
20201019011304,192.168.1.2/24,83
20201019011305,10.20.30.2/16,-
20201019011306,192.168.1.2/24,-
20201019011307,10.20.30.2/16,2
20201019011308,10.20.30.2/16,-
20201019011309,10.77.1.2/24,-
20201019011310,10.20.30.1/16,4
20201019011311,10.20.30.2/16,93
20201019011312,192.168.1.1/24,7
20201019011313,192.168.1.1/24,8
20201019011315,192.168.1.2/24,2
20201019011316,10.20.30.1/16,-
20201019011318,10.20.30.1/16,-
20201019011319,10.77.1.1/24,90
20201019011320,10.20.30.2/16,-
20201019011321,192.168.1.1/24,2
20201019011322,10.20.30.1/16,6
20201019011323,10.77.1.2/24,1
20201019011324,10.20.30.2/16,7
20201019011325,192.168.1.1/24,7
20201019011326,10.77.1.2/24,8
20201019011327,10.77.1.1/24,40
20201019011328,10.20.30.1/16,15
20201019011330,10.77.1.1/24,-
20201019011332,10.20.30.1/16,6
20201019011334,10.77.1.1/24,-
20201019011335,10.77.1.1/24,7
20201019011336,192.168.1.2/24,1
20201019011337,10.77.1.2/24,-
20201019011338,192.168.1.1/24,6
20201019011339,192.168.1.2/24,7
20201019011340,192.168.1.1/24,18
20201019011341,192.168.1.2/24,8
20201019011342,10.77.1.2/24,86
20201019011344,192.168.1.1/24,9
20201019011345,10.77.1.1/24,-
20201019011346,10.77.1.1/24,-
20201019011347,10.77.1.2/24,85
20201019011348,10.20.30.2/16,1
20201019011349,10.77.1.1/24,5
20201019011351,10.20.30.1/16,57
20201019011352,192.168.1.2/24,8
20201019011354,10.20.30.2/16,-
20201019011355,10.20.30.2/16,-
20201019011356,10.77.1.1/24,55
20201019011357,192.168.1.1/24,4
20201019011359,192.168.1.1/24,12
20201019011400,192.168.1.2/24,4
20201019011401,192.168.1.1/24,-
20201019011402,192.168.1.1/24,12
20201019011403,10.77.1.2/24,9
20201019011405,10.77.1.1/24,6
20201019011406,10.20.30.1/16,3
20201019011407,10.77.1.1/24,1
20201019011408,192.168.1.1/24,-
20201019011410,10.20.30.2/16,-
20201019011412,192.168.1.1/24,88
20201019011413,10.20.30.2/16,26
20201019011414,10.20.30.1/16,7
20201019011415,10.77.1.1/24,6
20201019011416,10.77.1.1/24,86
20201019011417,10.77.1.2/24,8
20201019011418,10.20.30.1/16,-
20201019011419,10.77.1.1/24,5
20201019011420,10.20.30.1/16,-
20201019011421,10.77.1.1/24,2
20201019011422,10.77.1.1/24,9
20201019011424,192.168.1.1/24,51
20201019011425,10.20.30.1/16,7
20201019011426,192.168.1.1/24,28
20201019011428,10.77.1.2/24,7
20201019011429,10.20.30.1/16,6
20201019011430,10.20.30.2/16,9
20201019011431,10.20.30.1/16,-
20201019011432,192.168.1.1/24,-
20201019011433,192.168.1.1/24,-
20201019011435,192.168.1.1/24,7
20201019011437,10.77.1.2/24,55
20201019011439,192.168.1.1/24,9
20201019011441,192.168.1.2/24,2
20201019011442,10.20.30.1/16,-
20201019011443,10.20.30.1/16,6
20201019011445,10.77.1.2/24,5
20201019011446,192.168.1.1/24,69
20201019011447,192.168.1.2/24,4
20201019011448,10.77.1.1/24,7
20201019011450,10.20.30.2/16,2
20201019011451,192.168.1.1/24,6
20201019011452,192.168.1.2/24,8
20201019011453,10.20.30.2/16,24
20201019011454,192.168.1.1/24,-
20201019011455,192.168.1.1/24,65
20201019011456,10.20.30.1/16,8
20201019011457,10.20.30.2/16,6
20201019011459,10.77.1.2/24,4
20201019011500,10.77.1.2/24,3
20201019011502,192.168.1.2/24,5
20201019011503,10.77.1.1/24,2
20201019011504,10.77.1.2/24,10
20201019011505,10.77.1.1/24,27
20201019011506,10.20.30.1/16,-
20201019011507,10.77.1.1/24,-
20201019011508,192.168.1.1/24,-
20201019011509,10.77.1.2/24,-
20201019011510,10.77.1.1/24,23
20201019011511,192.168.1.2/24,2
20201019011512,10.77.1.2/24,2
20201019011513,10.20.30.1/16,14
20201019011514,10.20.30.2/16,1
20201019011516,10.20.30.1/16,4
20201019011517,10.20.30.2/16,-
20201019011519,10.77.1.2/24,35
20201019011520,10.20.30.2/16,-
20201019011521,192.168.1.1/24,8
20201019011522,192.168.1.1/24,62
20201019011523,192.168.1.2/24,2
20201019011524,192.168.1.1/24,8
20201019011525,10.20.30.2/16,-
20201019011526,10.20.30.1/16,4
20201019011528,10.20.30.1/16,8
20201019011529,10.77.1.2/24,18
20201019011530,10.77.1.2/24,-
20201019011531,10.77.1.1/24,38
20201019011532,10.20.30.1/16,6
20201019011533,10.77.1.1/24,3
20201019011534,192.168.1.1/24,-
20201019011535,10.77.1.2/24,1
20201019011537,192.168.1.2/24,-
20201019011538,192.168.1.2/24,-
20201019011539,10.20.30.1/16,2
20201019011540,10.77.1.2/24,2
20201019011542,192.168.1.2/24,3
20201019011543,192.168.1.2/24,49
20201019011544,10.77.1.2/24,1
20201019011545,10.77.1.2/24,-
20201019011547,192.168.1.1/24,8
20201019011548,10.77.1.2/24,1
20201019011549,192.168.1.2/24,3
20201019011550,192.168.1.2/24,-
20201019011552,192.168.1.1/24,82
20201019011553,192.168.1.2/24,8
20201019011555,10.20.30.2/16,8
20201019011556,10.20.30.1/16,3
20201019011557,10.77.1.1/24,2
20201019011558,10.77.1.1/24,2
20201019011559,192.168.1.2/24,8
20201019011600,10.20.30.2/16,-
20201019011602,10.20.30.1/16,6
20201019011604,10.20.30.1/16,3
20201019011605,192.168.1.2/24,8
20201019011606,10.77.1.2/24,-
20201019011607,10.77.1.1/24,-
20201019011608,192.168.1.2/24,3
20201019011609,10.20.30.2/16,15
20201019011610,10.77.1.2/24,58
20201019011611,10.20.30.2/16,2
20201019011613,10.20.30.2/16,53
20201019011614,192.168.1.2/24,2
20201019011615,10.77.1.1/24,9
20201019011616,10.20.30.2/16,20
20201019011617,10.77.1.2/24,-
20201019011619,192.168.1.1/24,-
20201019011621,10.20.30.1/16,4
20201019011622,192.168.1.1/24,-
20201019011623,10.20.30.1/16,5
20201019011624,192.168.1.2/24,5
20201019011625,10.77.1.2/24,32
20201019011627,10.77.1.2/24,-
20201019011628,10.20.30.2/16,54
20201019011629,10.77.1.1/24,-
20201019011631,10.20.30.2/16,6
20201019011632,10.77.1.1/24,45
20201019011633,10.20.30.1/16,2
20201019011634,192.168.1.1/24,55
20201019011636,192.168.1.1/24,-
20201019011637,10.20.30.2/16,2
20201019011638,10.77.1.1/24,4
20201019011639,192.168.1.1/24,5
20201019011640,10.77.1.1/24,-
20201019011642,10.20.30.1/16,16
20201019011643,192.168.1.2/24,-
20201019011644,10.77.1.1/24,70
20201019011646,10.77.1.1/24,60
20201019011647,10.77.1.1/24,-
20201019011649,10.20.30.2/16,18
20201019011651,192.168.1.2/24,1
20201019011652,10.20.30.1/16,17
20201019011654,192.168.1.2/24,3
20201019011656,10.20.30.1/16,5
20201019011658,192.168.1.2/24,12
20201019011659,10.77.1.1/24,82
20201019011700,192.168.1.1/24,3
20201019011701,10.20.30.2/16,7
20201019011702,10.20.30.1/16,4
20201019011703,10.77.1.2/24,68
20201019011704,10.77.1.2/24,7
20201019011705,10.77.1.1/24,7
20201019011707,10.77.1.1/24,-
20201019011708,192.168.1.1/24,61
20201019011709,10.77.1.1/24,1
20201019011710,10.20.30.1/16,6
20201019011711,10.77.1.2/24,-
20201019011712,10.77.1.2/24,6
20201019011713,10.20.30.1/16,6
20201019011714,192.168.1.1/24,-
20201019011715,10.20.30.2/16,7
20201019011716,10.77.1.2/24,28
20201019011717,10.20.30.1/16,8
20201019011718,192.168.1.1/24,8
20201019011719,10.20.30.1/16,25
20201019011721,192.168.1.1/24,23
20201019011722,10.77.1.1/24,6
20201019011723,192.168.1.2/24,-
20201019011725,10.77.1.2/24,2
20201019011726,192.168.1.2/24,10
20201019011727,10.77.1.2/24,4
20201019011728,192.168.1.1/24,9
20201019011729,10.77.1.2/24,55
20201019011730,10.77.1.1/24,-
20201019011732,10.77.1.1/24,9
20201019011734,10.77.1.1/24,7
20201019011736,10.20.30.2/16,83
20201019011737,10.77.1.1/24,-
20201019011738,10.20.30.2/16,10
20201019011739,192.168.1.1/24,-
20201019011740,10.77.1.2/24,22
20201019011742,10.20.30.2/16,34
20201019011743,10.77.1.1/24,7
20201019011745,10.20.30.1/16,8
20201019011747,10.77.1.1/24,-
20201019011748,192.168.1.1/24,-
20201019011749,10.77.1.1/24,2
20201019011750,192.168.1.1/24,8
20201019011751,10.77.1.1/24,1
20201019011752,10.20.30.2/16,14
20201019011753,10.20.30.2/16,58
20201019011754,192.168.1.1/24,35
20201019011755,10.77.1.1/24,8
20201019011757,10.77.1.2/24,10
20201019011758,10.20.30.2/16,12
20201019011800,10.20.30.2/16,92
20201019011801,192.168.1.2/24,1
20201019011802,10.77.1.2/24,6
20201019011803,192.168.1.2/24,3
20201019011804,10.77.1.2/24,9
20201019011806,192.168.1.1/24,4
20201019011807,10.20.30.1/16,-
20201019011809,192.168.1.1/24,2
20201019011811,10.20.30.1/16,2
20201019011812,10.77.1.2/24,9
20201019011813,10.20.30.1/16,-
20201019011814,10.20.30.1/16,-
20201019011816,10.20.30.1/16,85
20201019011817,192.168.1.2/24,1
20201019011818,10.20.30.1/16,25
20201019011819,10.20.30.1/16,-
20201019011820,192.168.1.2/24,9
20201019011821,192.168.1.2/24,29
20201019011822,10.20.30.1/16,9
20201019011823,10.77.1.2/24,52
20201019011824,10.20.30.2/16,9
20201019011825,192.168.1.1/24,7
20201019011826,192.168.1.2/24,85
20201019011827,192.168.1.1/24,8
20201019011829,10.20.30.2/16,7
20201019011831,10.20.30.2/16,-
20201019011832,10.77.1.2/24,72
20201019011834,10.20.30.1/16,8
20201019011835,192.168.1.2/24,-
20201019011836,192.168.1.1/24,-
20201019011837,192.168.1.1/24,2
20201019011838,10.20.30.1/16,95
20201019011839,192.168.1.1/24,3
20201019011840,192.168.1.2/24,6
20201019011841,10.20.30.1/16,-
20201019011842,192.168.1.1/24,4
20201019011844,10.77.1.1/24,62
20201019011845,192.168.1.1/24,-
20201019011846,192.168.1.2/24,2
20201019011847,192.168.1.2/24,8
20201019011849,10.20.30.1/16,7
20201019011850,10.77.1.2/24,11
20201019011852,192.168.1.2/24,9
20201019011853,192.168.1.1/24,-
20201019011854,10.20.30.2/16,36
20201019011855,192.168.1.2/24,15
20201019011857,192.168.1.1/24,2
20201019011859,10.77.1.2/24,-
20201019011900,10.77.1.2/24,9
20201019011901,10.20.30.1/16,96
20201019011903,10.77.1.1/24,3
20201019011904,10.77.1.1/24,9
20201019011905,10.77.1.2/24,5
20201019011906,10.77.1.1/24,-
20201019011908,10.20.30.2/16,4
20201019011909,192.168.1.1/24,8
20201019011910,10.20.30.2/16,25
20201019011912,10.77.1.2/24,11
20201019011913,10.20.30.1/16,8
20201019011914,10.20.30.2/16,6
20201019011915,10.20.30.2/16,10
20201019011916,192.168.1.1/24,6
20201019011917,10.20.30.2/16,-
20201019011918,10.77.1.2/24,7
20201019011919,10.77.1.2/24,2
20201019011920,192.168.1.1/24,-
20201019011921,10.20.30.2/16,-
20201019011923,192.168.1.2/24,9
20201019011924,192.168.1.2/24,9
20201019011925,10.77.1.2/24,3
20201019011926,10.20.30.1/16,-
20201019011927,10.77.1.1/24,1
20201019011929,192.168.1.1/24,4
20201019011930,10.20.30.2/16,-
20201019011931,192.168.1.2/24,-
20201019011932,10.20.30.2/16,5
20201019011934,10.20.30.2/16,3
20201019011935,192.168.1.2/24,5
20201019011936,10.77.1.2/24,40
20201019011937,10.77.1.1/24,2
20201019011938,192.168.1.1/24,1
20201019011939,192.168.1.1/24,73
20201019011941,192.168.1.1/24,16
20201019011942,10.20.30.1/16,-
20201019011943,10.20.30.2/16,99
20201019011945,10.20.30.1/16,95
20201019011946,10.20.30.1/16,3
20201019011947,10.77.1.2/24,90
20201019011948,10.77.1.1/24,8
20201019011949,10.20.30.1/16,31
20201019011950,10.20.30.2/16,-
20201019011952,10.77.1.1/24,4
20201019011953,192.168.1.1/24,1
20201019011954,192.168.1.2/24,28
20201019011955,192.168.1.2/24,-
20201019011956,10.20.30.1/16,-
20201019011957,10.77.1.2/24,8
20201019011958,10.77.1.1/24,5
20201019011959,10.20.30.2/16,52
20201019012001,192.168.1.2/24,-
20201019012002,10.77.1.2/24,57
20201019012003,192.168.1.1/24,9
20201019012004,10.20.30.1/16,8
20201019012005,10.77.1.2/24,1
20201019012006,192.168.1.2/24,67
20201019012007,10.20.30.1/16,8
20201019012008,10.77.1.2/24,9
20201019012009,10.20.30.1/16,6
20201019012010,10.20.30.2/16,9
20201019012011,10.77.1.1/24,5
20201019012012,192.168.1.1/24,1
20201019012013,10.77.1.1/24,6
20201019012014,10.20.30.2/16,-
20201019012015,10.20.30.2/16,42
20201019012016,192.168.1.2/24,2
20201019012017,10.77.1.1/24,-
20201019012018,10.77.1.1/24,3
20201019012019,10.20.30.1/16,1
20201019012020,192.168.1.1/24,8
20201019012021,10.20.30.1/16,-
20201019012022,192.168.1.1/24,21
20201019012024,192.168.1.2/24,3
20201019012025,10.20.30.2/16,3
20201019012026,192.168.1.2/24,81
20201019012027,10.20.30.1/16,8
20201019012028,10.20.30.1/16,4
20201019012029,10.77.1.2/24,29
20201019012030,10.20.30.2/16,11
20201019012031,10.20.30.1/16,8
20201019012032,192.168.1.1/24,4
20201019012034,10.77.1.1/24,5
20201019012035,10.77.1.1/24,7
20201019012036,10.77.1.2/24,53
20201019012037,10.77.1.2/24,21
20201019012039,192.168.1.2/24,-
20201019012041,192.168.1.2/24,84
20201019012042,10.20.30.1/16,-
20201019012043,192.168.1.2/24,1
20201019012044,192.168.1.2/24,88
20201019012045,192.168.1.1/24,6
20201019012046,192.168.1.2/24,8
20201019012047,10.20.30.2/16,3
20201019012049,10.20.30.2/16,58
20201019012051,192.168.1.2/24,3
20201019012052,192.168.1.1/24,8
20201019012053,192.168.1.1/24,4
20201019012054,10.20.30.1/16,9
20201019012055,10.20.30.2/16,3
20201019012056,10.77.1.1/24,3
20201019012057,10.20.30.1/16,5
20201019012058,10.77.1.2/24,76
20201019012059,10.77.1.2/24,12
20201019012100,10.20.30.1/16,2
20201019012101,192.168.1.2/24,44
20201019012102,10.77.1.2/24,70
20201019012103,10.20.30.1/16,1
20201019012104,10.77.1.2/24,10
20201019012105,10.77.1.2/24,4
20201019012106,10.77.1.1/24,5
20201019012108,10.20.30.2/16,10
20201019012109,10.77.1.2/24,91
20201019012110,192.168.1.2/24,7
20201019012111,192.168.1.2/24,3
20201019012112,192.168.1.1/24,-
20201019012113,192.168.1.1/24,1
20201019012115,10.77.1.1/24,90
20201019012116,10.20.30.2/16,2
20201019012118,192.168.1.2/24,9
20201019012119,10.77.1.2/24,6
20201019012120,10.77.1.2/24,9
20201019012122,192.168.1.1/24,8
20201019012123,10.77.1.2/24,-
20201019012124,192.168.1.1/24,9
20201019012125,10.20.30.1/16,1
20201019012126,10.20.30.1/16,29
20201019012127,10.20.30.1/16,-
20201019012128,192.168.1.2/24,72
20201019012129,192.168.1.1/24,1
20201019012130,10.20.30.2/16,4
20201019012131,10.77.1.1/24,-
20201019012132,10.77.1.2/24,-
20201019012133,10.77.1.2/24,98
20201019012134,10.77.1.1/24,3
20201019012136,10.77.1.2/24,-
20201019012137,10.20.30.1/16,5
20201019012138,10.20.30.2/16,8
20201019012139,10.20.30.2/16,22
20201019012140,10.77.1.1/24,6
20201019012142,10.77.1.2/24,8
20201019012143,10.20.30.2/16,1
20201019012144,192.168.1.1/24,7
20201019012145,10.20.30.2/16,4
20201019012146,10.77.1.1/24,7
20201019012147,10.20.30.2/16,51
20201019012148,192.168.1.2/24,1
20201019012149,10.20.30.2/16,12
20201019012150,10.77.1.2/24,-
20201019012151,10.20.30.2/16,21
20201019012152,10.77.1.2/24,-
20201019012153,192.168.1.1/24,6
20201019012154,10.20.30.2/16,9
20201019012155,10.77.1.2/24,-
20201019012156,192.168.1.2/24,10
20201019012157,192.168.1.2/24,-
20201019012158,192.168.1.2/24,8
20201019012159,10.20.30.1/16,-
20201019012201,10.77.1.1/24,-
20201019012203,10.77.1.2/24,6
20201019012204,10.20.30.2/16,60
20201019012206,192.168.1.2/24,-
20201019012208,10.20.30.1/16,5
20201019012209,10.77.1.1/24,-
20201019012210,192.168.1.2/24,78
20201019012211,10.20.30.1/16,33
20201019012212,10.77.1.1/24,8
20201019012214,10.20.30.1/16,-
20201019012215,10.20.30.1/16,9
20201019012217,10.20.30.2/16,44
20201019012218,10.77.1.2/24,2
20201019012219,10.20.30.2/16,-
20201019012221,10.77.1.2/24,41
20201019012222,192.168.1.1/24,-
20201019012223,10.20.30.1/16,7
20201019012224,10.20.30.2/16,94
20201019012225,10.20.30.1/16,48
20201019012227,192.168.1.1/24,-
20201019012228,10.20.30.2/16,1
20201019012229,10.20.30.1/16,3
20201019012230,10.77.1.2/24,-
20201019012231,10.20.30.2/16,-
20201019012232,10.20.30.1/16,48
20201019012233,10.77.1.1/24,-
20201019012234,10.20.30.1/16,9
20201019012235,10.20.30.2/16,5
20201019012236,10.77.1.2/24,3
20201019012237,10.77.1.1/24,65
20201019012238,10.20.30.2/16,3
20201019012239,10.20.30.2/16,-
20201019012241,192.168.1.2/24,0
20201019012242,192.168.1.1/24,8
20201019012243,192.168.1.1/24,8
20201019012244,192.168.1.1/24,3
20201019012246,10.77.1.2/24,5
20201019012247,10.77.1.2/24,-
20201019012248,192.168.1.2/24,8
20201019012250,192.168.1.2/24,40
20201019012252,10.20.30.2/16,41
20201019012253,10.77.1.1/24,3
20201019012254,10.77.1.1/24,8
20201019012256,10.20.30.2/16,18
20201019012257,10.20.30.2/16,-
20201019012258,192.168.1.1/24,6
20201019012259,10.77.1.2/24,5
20201019012300,192.168.1.2/24,5
20201019012301,10.20.30.1/16,3
20201019012302,192.168.1.2/24,5
20201019012303,10.20.30.2/16,-
20201019012305,192.168.1.1/24,-
20201019012306,10.20.30.1/16,8
20201019012307,192.168.1.2/24,3
20201019012308,10.77.1.2/24,6
20201019012309,10.20.30.1/16,5
20201019012310,192.168.1.1/24,80
20201019012311,10.20.30.2/16,8
20201019012312,10.77.1.1/24,2
20201019012314,192.168.1.2/24,2
20201019012315,10.20.30.2/16,16
20201019012317,10.77.1.2/24,1
20201019012318,10.77.1.2/24,2
20201019012319,192.168.1.1/24,3
20201019012320,10.20.30.1/16,2
20201019012322,10.77.1.1/24,1
20201019012323,10.77.1.2/24,-
20201019012324,10.77.1.2/24,32
20201019012325,10.20.30.1/16,3
20201019012326,10.77.1.2/24,5
20201019012328,10.77.1.1/24,77
20201019012330,10.20.30.1/16,48
20201019012331,10.77.1.2/24,7
20201019012332,192.168.1.1/24,24
20201019012334,10.20.30.2/16,8
20201019012336,10.20.30.1/16,95
20201019012337,10.20.30.1/16,5
20201019012339,10.20.30.2/16,6
20201019012341,10.20.30.1/16,9
20201019012342,10.77.1.2/24,7
20201019012343,10.20.30.2/16,75
20201019012344,192.168.1.1/24,26
20201019012345,192.168.1.2/24,94
20201019012346,10.20.30.1/16,7
20201019012348,10.20.30.1/16,32
20201019012350,10.77.1.1/24,22
20201019012351,192.168.1.1/24,-
20201019012352,10.20.30.2/16,9
20201019012354,192.168.1.2/24,27
20201019012355,192.168.1.1/24,7
20201019012356,10.20.30.1/16,9
20201019012358,10.77.1.2/24,4
20201019012359,10.77.1.2/24,8
20201019012400,10.20.30.2/16,4
20201019012401,10.20.30.1/16,4
20201019012402,10.20.30.1/16,4
20201019012404,192.168.1.2/24,7
20201019012405,192.168.1.1/24,44
20201019012406,192.168.1.2/24,-
20201019012407,192.168.1.2/24,-
20201019012408,192.168.1.1/24,5
20201019012409,10.77.1.2/24,-
20201019012410,10.77.1.2/24,3
20201019012412,10.77.1.2/24,6
20201019012413,10.77.1.1/24,7
20201019012415,10.77.1.2/24,91
20201019012416,192.168.1.2/24,-
20201019012417,192.168.1.2/24,48
20201019012418,10.77.1.2/24,4
20201019012420,10.77.1.2/24,8
20201019012421,192.168.1.2/24,-
20201019012422,10.77.1.2/24,10
20201019012423,192.168.1.2/24,5
20201019012424,192.168.1.2/24,4
20201019012425,10.77.1.2/24,3
20201019012426,10.77.1.2/24,1
20201019012427,10.20.30.2/16,-
20201019012428,10.20.30.2/16,-
20201019012429,10.77.1.2/24,4
20201019012430,10.20.30.2/16,-
20201019012431,10.20.30.2/16,-
20201019012433,10.77.1.2/24,66
20201019012435,192.168.1.1/24,-
20201019012436,10.20.30.1/16,3
20201019012437,10.20.30.2/16,1
20201019012438,10.77.1.1/24,8
20201019012439,192.168.1.2/24,-
20201019012440,10.77.1.2/24,-
20201019012442,192.168.1.1/24,2
20201019012444,192.168.1.1/24,-
20201019012445,10.20.30.1/16,41
20201019012446,192.168.1.2/24,9
20201019012447,10.77.1.1/24,9
20201019012448,10.77.1.1/24,-
20201019012449,192.168.1.2/24,31
20201019012451,10.77.1.1/24,2
20201019012452,10.77.1.1/24,7
20201019012453,10.20.30.2/16,-
20201019012455,192.168.1.1/24,7
20201019012457,192.168.1.1/24,4
20201019012459,10.77.1.2/24,8
20201019012500,192.168.1.2/24,61
20201019012501,10.77.1.2/24,18
20201019012502,10.77.1.1/24,-
20201019012503,192.168.1.1/24,-
20201019012504,192.168.1.1/24,-
20201019012506,10.77.1.1/24,4
20201019012507,192.168.1.2/24,8
20201019012508,10.20.30.2/16,2
20201019012509,10.20.30.2/16,-
20201019012510,192.168.1.1/24,-
20201019012511,10.20.30.2/16,-
20201019012512,10.20.30.2/16,1
20201019012514,10.77.1.2/24,33
20201019012516,192.168.1.2/24,30
20201019012517,10.77.1.2/24,21
20201019012518,10.20.30.1/16,4
20201019012520,192.168.1.1/24,-
20201019012522,10.77.1.2/24,1
20201019012523,10.20.30.2/16,-
20201019012524,10.77.1.1/24,-
20201019012525,10.20.30.1/16,8
20201019012526,192.168.1.2/24,4
20201019012527,192.168.1.1/24,48
20201019012528,10.77.1.2/24,4
20201019012530,10.20.30.2/16,6
20201019012531,10.77.1.2/24,10
20201019012533,192.168.1.2/24,25
20201019012534,10.20.30.1/16,33
20201019012536,10.20.30.2/16,-
20201019012538,192.168.1.1/24,-
20201019012540,192.168.1.2/24,6
20201019012541,10.20.30.1/16,63
20201019012542,192.168.1.2/24,36
20201019012544,192.168.1.1/24,3
20201019012545,10.20.30.2/16,51
20201019012547,192.168.1.1/24,1
20201019012548,10.77.1.1/24,-
20201019012550,10.20.30.2/16,6
20201019012551,10.77.1.1/24,15
20201019012553,10.20.30.1/16,16
20201019012554,10.77.1.2/24,71
20201019012555,10.77.1.1/24,97
20201019012556,192.168.1.2/24,5
20201019012557,10.77.1.1/24,5
20201019012558,192.168.1.2/24,4
20201019012559,10.77.1.1/24,8
20201019012601,10.77.1.2/24,92
20201019012602,10.20.30.1/16,-
20201019012603,192.168.1.1/24,-
20201019012604,192.168.1.2/24,-
20201019012606,192.168.1.2/24,3
20201019012607,192.168.1.2/24,-
20201019012608,192.168.1.1/24,40
20201019012610,10.77.1.2/24,1
20201019012611,10.77.1.2/24,4
20201019012612,10.77.1.1/24,49
20201019012613,10.77.1.2/24,10
20201019012614,10.77.1.2/24,71
20201019012615,192.168.1.2/24,-
20201019012616,10.20.30.1/16,-
20201019012617,10.77.1.1/24,-
20201019012618,192.168.1.1/24,8
20201019012619,10.20.30.1/16,2
20201019012620,192.168.1.1/24,7
20201019012621,10.77.1.2/24,-
20201019012622,192.168.1.1/24,-
20201019012623,10.20.30.1/16,-
20201019012624,10.77.1.1/24,28
20201019012626,10.20.30.2/16,5
20201019012627,192.168.1.2/24,2
20201019012629,10.20.30.1/16,-
20201019012630,192.168.1.1/24,-
20201019012632,10.20.30.2/16,62
20201019012633,192.168.1.1/24,7
20201019012634,192.168.1.1/24,-
20201019012635,10.77.1.2/24,8
20201019012636,10.20.30.2/16,-
20201019012638,10.77.1.1/24,15
20201019012640,10.77.1.1/24,4
20201019012642,10.20.30.1/16,53
20201019012643,192.168.1.2/24,6
20201019012644,10.77.1.2/24,8
20201019012645,10.77.1.1/24,8
20201019012646,10.77.1.1/24,-
20201019012647,192.168.1.2/24,7
20201019012648,10.20.30.2/16,5
20201019012649,10.20.30.2/16,7
20201019012650,10.77.1.1/24,43
20201019012651,192.168.1.2/24,25
20201019012652,192.168.1.1/24,48
20201019012653,10.77.1.1/24,1
20201019012654,192.168.1.2/24,-
20201019012655,10.20.30.2/16,-
20201019012656,10.20.30.2/16,7
20201019012658,10.20.30.2/16,3
20201019012659,10.77.1.2/24,8
20201019012700,192.168.1.1/24,9
20201019012701,10.77.1.2/24,10
20201019012702,10.77.1.2/24,8
20201019012703,10.20.30.2/16,-
20201019012704,10.77.1.1/24,5
20201019012706,192.168.1.2/24,3
20201019012707,10.20.30.1/16,7
20201019012708,192.168.1.2/24,7
20201019012709,10.77.1.2/24,-
20201019012711,192.168.1.2/24,8
20201019012712,10.77.1.1/24,-
20201019012713,10.20.30.2/16,21
20201019012715,192.168.1.2/24,2
20201019012717,10.20.30.1/16,1
20201019012719,192.168.1.2/24,4
20201019012721,192.168.1.2/24,8
20201019012723,10.20.30.2/16,60
20201019012724,192.168.1.1/24,5
20201019012725,192.168.1.2/24,-
20201019012726,10.77.1.2/24,2
20201019012728,10.77.1.2/24,2
20201019012730,10.77.1.2/24,3
20201019012731,10.77.1.1/24,77
20201019012732,10.20.30.1/16,2
20201019012733,192.168.1.2/24,6
20201019012734,192.168.1.1/24,5
20201019012735,10.77.1.2/24,32
20201019012736,10.20.30.2/16,-
20201019012737,10.77.1.2/24,9
20201019012738,192.168.1.2/24,6
20201019012739,10.77.1.1/24,-
20201019012740,10.77.1.1/24,11
20201019012741,10.77.1.1/24,7
20201019012742,10.77.1.2/24,39
20201019012744,192.168.1.2/24,87
20201019012746,192.168.1.1/24,2
20201019012747,10.20.30.1/16,-
20201019012749,10.77.1.2/24,-
20201019012750,10.20.30.1/16,-
20201019012751,192.168.1.2/24,70
20201019012752,10.77.1.2/24,2
20201019012753,192.168.1.2/24,9
20201019012754,10.77.1.1/24,82
20201019012755,10.20.30.2/16,66
20201019012756,10.20.30.2/16,6
20201019012757,10.20.30.1/16,-
20201019012758,192.168.1.1/24,28
20201019012759,192.168.1.2/24,-
20201019012800,192.168.1.2/24,27
20201019012801,192.168.1.1/24,6
20201019012802,10.77.1.2/24,-
20201019012803,192.168.1.1/24,4
20201019012804,192.168.1.2/24,47
20201019012805,10.77.1.1/24,27
20201019012806,10.20.30.1/16,-
20201019012807,192.168.1.1/24,14
20201019012808,10.20.30.2/16,8
20201019012809,10.20.30.1/16,6
20201019012810,192.168.1.2/24,4
20201019012812,192.168.1.1/24,2
20201019012814,10.20.30.2/16,-
20201019012815,10.20.30.2/16,9
20201019012817,10.77.1.1/24,25
20201019012819,10.77.1.1/24,3
20201019012821,10.77.1.1/24,-
20201019012822,192.168.1.2/24,-
20201019012823,10.77.1.2/24,7
20201019012824,192.168.1.2/24,-
20201019012825,10.20.30.2/16,-
20201019012826,10.77.1.1/24,7
20201019012827,192.168.1.2/24,89
20201019012828,10.20.30.2/16,44
20201019012829,10.77.1.2/24,22
20201019012830,10.77.1.1/24,5
20201019012831,10.20.30.2/16,6
20201019012832,10.77.1.2/24,17
20201019012833,10.77.1.2/24,-
20201019012835,192.168.1.2/24,8
20201019012836,10.20.30.2/16,31
20201019012837,10.77.1.1/24,-
20201019012838,10.20.30.1/16,6
20201019012839,10.77.1.1/24,18
20201019012840,192.168.1.1/24,8
20201019012841,10.20.30.1/16,6
20201019012843,192.168.1.1/24,-
20201019012844,10.20.30.1/16,0
20201019012845,192.168.1.2/24,67
20201019012847,192.168.1.2/24,-
20201019012848,10.77.1.1/24,3
20201019012849,192.168.1.2/24,5
20201019012850,10.20.30.2/16,-
20201019012851,192.168.1.2/24,82
20201019012852,192.168.1.2/24,-
20201019012853,192.168.1.2/24,-
20201019012855,192.168.1.2/24,3
20201019012856,10.20.30.1/16,6
20201019012857,10.20.30.2/16,-
20201019012858,10.20.30.1/16,55
20201019012859,10.77.1.2/24,67
20201019012900,10.77.1.2/24,5
20201019012902,192.168.1.2/24,99
20201019012903,10.20.30.1/16,1
20201019012904,10.20.30.2/16,3
20201019012906,192.168.1.2/24,72
20201019012907,192.168.1.1/24,4
20201019012908,192.168.1.1/24,9
20201019012909,10.77.1.2/24,8
20201019012910,192.168.1.2/24,70
20201019012911,192.168.1.2/24,11
20201019012912,10.20.30.2/16,77
20201019012913,10.20.30.2/16,2
20201019012914,10.20.30.1/16,63
20201019012915,10.77.1.2/24,3
20201019012916,192.168.1.2/24,11
20201019012917,10.77.1.1/24,-
20201019012919,10.77.1.2/24,6
20201019012921,10.77.1.1/24,63
20201019012922,10.20.30.1/16,1
20201019012923,10.77.1.2/24,-
20201019012924,192.168.1.1/24,-
20201019012926,10.20.30.2/16,-
20201019012927,10.20.30.1/16,6
20201019012928,10.20.30.2/16,-
20201019012930,192.168.1.2/24,99
20201019012932,10.77.1.2/24,70
20201019012933,10.77.1.1/24,-
20201019012934,192.168.1.2/24,3
20201019012935,192.168.1.2/24,-
20201019012936,10.77.1.1/24,9
20201019012937,192.168.1.2/24,18
20201019012938,10.20.30.1/16,4
20201019012940,10.20.30.1/16,8
20201019012942,10.77.1.1/24,52
20201019012943,10.77.1.2/24,-
20201019012944,192.168.1.1/24,69
20201019012945,10.20.30.1/16,62
20201019012947,192.168.1.1/24,92
20201019012948,192.168.1.2/24,46
20201019012950,192.168.1.1/24,2
20201019012951,192.168.1.1/24,7
20201019012952,192.168.1.2/24,6
20201019012953,10.77.1.2/24,3
20201019012954,10.77.1.1/24,2
20201019012955,10.20.30.1/16,5
20201019012956,192.168.1.2/24,18
20201019012957,10.77.1.1/24,2
20201019012958,10.77.1.1/24,27
20201019013000,192.168.1.2/24,2
20201019013001,192.168.1.1/24,6
20201019013002,10.20.30.1/16,9
20201019013004,192.168.1.2/24,7
20201019013005,10.77.1.2/24,-
20201019013007,10.77.1.2/24,39
20201019013008,10.77.1.2/24,4
20201019013009,10.77.1.2/24,4
20201019013010,10.77.1.1/24,-
20201019013012,10.77.1.2/24,13
20201019013014,192.168.1.2/24,8
20201019013015,10.77.1.1/24,2
20201019013016,10.77.1.1/24,-
20201019013017,10.77.1.1/24,16
20201019013018,10.20.30.1/16,-
20201019013019,10.20.30.2/16,4
20201019013020,10.77.1.1/24,14
20201019013021,192.168.1.2/24,0
20201019013022,10.20.30.1/16,57
20201019013023,192.168.1.2/24,-
20201019013025,10.77.1.1/24,5
20201019013026,10.77.1.2/24,2
20201019013028,192.168.1.1/24,2
20201019013029,192.168.1.2/24,46
20201019013030,10.20.30.2/16,-
20201019013031,10.20.30.1/16,3
20201019013032,192.168.1.2/24,1
20201019013033,192.168.1.2/24,3
20201019013034,192.168.1.2/24,5
20201019013035,192.168.1.1/24,41
20201019013036,10.20.30.1/16,5
20201019013038,192.168.1.2/24,-
20201019013039,10.20.30.2/16,63
20201019013041,10.20.30.2/16,6
20201019013042,192.168.1.1/24,-
20201019013043,192.168.1.2/24,3
20201019013044,10.20.30.2/16,1
20201019013045,10.77.1.2/24,-
20201019013046,10.77.1.1/24,4
20201019013047,10.77.1.1/24,3
20201019013048,10.77.1.2/24,2
20201019013050,192.168.1.2/24,5
20201019013051,10.77.1.2/24,-
20201019013052,10.20.30.1/16,-
20201019013053,10.77.1.2/24,8
20201019013055,10.20.30.2/16,39
20201019013056,10.20.30.1/16,7
20201019013057,10.20.30.2/16,3
20201019013058,10.77.1.2/24,1
20201019013059,192.168.1.1/24,5
20201019013101,10.20.30.2/16,68
20201019013103,10.77.1.2/24,4
20201019013105,10.20.30.1/16,1
20201019013107,192.168.1.2/24,6
20201019013109,192.168.1.2/24,74
20201019013110,10.20.30.1/16,8
20201019013111,192.168.1.2/24,10
20201019013112,10.20.30.1/16,69
20201019013113,10.77.1.1/24,-
20201019013114,10.20.30.1/16,58
20201019013116,10.77.1.1/24,8
20201019013118,192.168.1.2/24,-
20201019013119,10.77.1.2/24,8
20201019013120,192.168.1.1/24,-
20201019013121,10.20.30.2/16,69
20201019013122,192.168.1.1/24,4
20201019013123,192.168.1.1/24,1
20201019013124,10.77.1.1/24,1
20201019013125,10.20.30.1/16,5
20201019013126,10.77.1.1/24,5
20201019013127,10.77.1.1/24,9
20201019013129,192.168.1.1/24,1
20201019013130,192.168.1.2/24,10
20201019013131,10.77.1.1/24,39
20201019013133,10.77.1.1/24,7
20201019013134,10.20.30.2/16,6
20201019013135,192.168.1.2/24,2
20201019013137,10.20.30.2/16,-
20201019013138,10.77.1.1/24,-
20201019013139,10.20.30.1/16,44
20201019013140,10.77.1.2/24,17
20201019013142,10.20.30.2/16,2
20201019013143,192.168.1.2/24,-
20201019013144,192.168.1.1/24,6
20201019013145,10.20.30.2/16,3
20201019013146,192.168.1.1/24,9
20201019013147,10.77.1.2/24,-
20201019013148,10.20.30.1/16,1
20201019013149,192.168.1.2/24,14
20201019013150,10.20.30.2/16,8
20201019013151,192.168.1.1/24,6
20201019013152,192.168.1.2/24,4
20201019013153,10.20.30.1/16,5
20201019013154,10.20.30.1/16,4
20201019013155,10.77.1.1/24,8
20201019013156,10.20.30.2/16,3
20201019013157,192.168.1.2/24,6
20201019013158,10.20.30.1/16,46
20201019013159,192.168.1.1/24,5
20201019013200,10.20.30.1/16,7
20201019013201,10.77.1.2/24,5
20201019013203,10.20.30.2/16,29
20201019013204,10.20.30.1/16,5
20201019013205,192.168.1.1/24,-
20201019013206,192.168.1.1/24,51
20201019013207,10.20.30.2/16,1
20201019013208,192.168.1.1/24,-
20201019013210,10.20.30.2/16,12
20201019013211,192.168.1.2/24,82
20201019013212,10.77.1.1/24,7
20201019013214,10.77.1.1/24,2
20201019013215,10.20.30.1/16,9
20201019013217,10.77.1.2/24,86
20201019013218,10.77.1.2/24,22
20201019013219,192.168.1.1/24,18
20201019013220,10.20.30.2/16,4
20201019013222,10.77.1.1/24,-
20201019013223,10.77.1.2/24,9
20201019013225,10.20.30.1/16,6
20201019013226,192.168.1.1/24,41
20201019013227,10.77.1.1/24,57
20201019013228,10.77.1.2/24,3
20201019013230,192.168.1.2/24,67
20201019013231,192.168.1.2/24,3
20201019013232,10.20.30.2/16,-
20201019013233,192.168.1.2/24,52
20201019013235,10.77.1.2/24,11
20201019013237,10.20.30.1/16,8
20201019013239,192.168.1.2/24,4
20201019013241,10.20.30.1/16,3
20201019013242,10.77.1.2/24,7
20201019013244,192.168.1.2/24,8
20201019013245,10.77.1.2/24,8
20201019013246,10.77.1.2/24,-
20201019013247,10.77.1.2/24,5
20201019013249,10.77.1.2/24,-
20201019013250,10.20.30.2/16,-
20201019013251,10.77.1.1/24,8
20201019013252,10.77.1.2/24,61
20201019013253,192.168.1.1/24,6
20201019013254,10.77.1.1/24,14
20201019013255,10.20.30.2/16,59
20201019013256,192.168.1.1/24,73
20201019013257,10.20.30.2/16,9
20201019013258,10.77.1.1/24,1
20201019013259,10.20.30.1/16,6
20201019013301,10.20.30.1/16,70
20201019013302,10.77.1.2/24,-
20201019013303,10.77.1.1/24,-
20201019013304,10.20.30.2/16,7
20201019013306,192.168.1.2/24,2
20201019013307,10.77.1.1/24,-
20201019013308,192.168.1.1/24,1
20201019013309,192.168.1.1/24,-
20201019013310,192.168.1.2/24,9
20201019013312,10.77.1.1/24,8
20201019013313,10.77.1.1/24,-
20201019013315,10.77.1.1/24,-
20201019013317,192.168.1.2/24,4
20201019013318,10.20.30.2/16,9
20201019013320,192.168.1.1/24,14
20201019013322,10.20.30.1/16,-
20201019013324,10.20.30.2/16,14
20201019013325,192.168.1.1/24,-
20201019013326,192.168.1.2/24,8
20201019013327,10.20.30.2/16,1
20201019013328,10.77.1.2/24,4
20201019013329,10.77.1.2/24,8
20201019013330,10.77.1.2/24,18
20201019013331,10.20.30.2/16,9
20201019013333,192.168.1.2/24,12
20201019013334,10.77.1.1/24,23
20201019013335,10.20.30.1/16,8
20201019013337,10.20.30.2/16,-
20201019013338,192.168.1.1/24,-
20201019013339,192.168.1.2/24,1
20201019013340,10.77.1.2/24,80
20201019013341,192.168.1.1/24,66
20201019013343,192.168.1.1/24,3
20201019013344,10.77.1.2/24,-
20201019013345,10.77.1.1/24,7
20201019013347,10.20.30.1/16,28
20201019013348,10.20.30.1/16,9
20201019013349,10.77.1.1/24,6
20201019013351,10.77.1.2/24,-
20201019013353,192.168.1.2/24,13
20201019013354,192.168.1.2/24,-
20201019013355,10.77.1.2/24,4
20201019013356,10.77.1.1/24,-
20201019013358,192.168.1.2/24,-
20201019013359,10.77.1.2/24,75
20201019013400,10.77.1.2/24,-
20201019013401,10.77.1.2/24,25
20201019013403,10.20.30.2/16,-
20201019013404,10.77.1.2/24,6
20201019013406,10.20.30.1/16,-
20201019013407,10.20.30.1/16,-
20201019013408,10.20.30.1/16,9
20201019013409,10.20.30.2/16,22
20201019013410,10.20.30.1/16,9
20201019013412,192.168.1.1/24,-
20201019013413,10.20.30.1/16,-
20201019013414,192.168.1.1/24,-
20201019013415,10.20.30.1/16,-
20201019013416,192.168.1.2/24,21
20201019013417,10.77.1.1/24,9
20201019013418,10.20.30.1/16,94
20201019013419,10.77.1.2/24,-
20201019013420,10.20.30.2/16,-
20201019013421,192.168.1.2/24,53
20201019013422,192.168.1.1/24,-
20201019013423,192.168.1.1/24,21
20201019013424,192.168.1.2/24,-
20201019013426,10.20.30.1/16,46
20201019013427,10.20.30.2/16,2
20201019013428,10.77.1.1/24,-
20201019013430,192.168.1.1/24,17
20201019013431,192.168.1.1/24,7
20201019013433,10.77.1.1/24,6
20201019013435,10.20.30.1/16,4
20201019013436,10.77.1.1/24,4
20201019013437,192.168.1.1/24,-
20201019013439,192.168.1.2/24,9
20201019013440,10.77.1.2/24,5
20201019013441,10.20.30.1/16,5
20201019013443,192.168.1.2/24,2
20201019013445,10.20.30.1/16,1
20201019013446,192.168.1.2/24,21
20201019013447,10.77.1.2/24,5
20201019013449,10.20.30.2/16,14
20201019013451,10.20.30.1/16,72
20201019013452,10.20.30.1/16,9
20201019013453,10.77.1.1/24,4
20201019013455,192.168.1.2/24,-
20201019013456,10.77.1.2/24,48
20201019013457,192.168.1.2/24,9
20201019013458,192.168.1.1/24,7
20201019013500,10.20.30.2/16,1
20201019013501,10.20.30.2/16,7
20201019013503,10.20.30.1/16,83
20201019013505,10.20.30.2/16,2
20201019013506,10.77.1.2/24,-
20201019013507,192.168.1.1/24,87
20201019013508,10.20.30.2/16,6
20201019013509,10.20.30.1/16,20
20201019013511,10.20.30.2/16,-
20201019013512,192.168.1.2/24,6
20201019013513,10.20.30.2/16,3
20201019013514,10.20.30.2/16,5
20201019013515,10.77.1.1/24,4
20201019013517,192.168.1.1/24,26
20201019013518,192.168.1.2/24,31
20201019013519,10.77.1.2/24,2
20201019013520,10.77.1.2/24,6
20201019013521,10.77.1.1/24,4
20201019013522,10.77.1.1/24,51
20201019013523,10.20.30.1/16,-
20201019013524,10.20.30.1/16,9
20201019013525,10.77.1.1/24,-
20201019013526,192.168.1.2/24,9
20201019013527,10.77.1.1/24,-
20201019013528,10.20.30.1/16,-
20201019013529,10.20.30.1/16,6
20201019013530,10.20.30.1/16,2
20201019013532,192.168.1.1/24,4
20201019013533,10.77.1.2/24,20
20201019013534,10.20.30.1/16,-
20201019013535,192.168.1.1/24,4
20201019013537,10.20.30.2/16,56
20201019013538,10.77.1.2/24,9
20201019013539,10.20.30.1/16,-
20201019013541,10.77.1.2/24,8
20201019013542,10.20.30.1/16,1
20201019013543,10.77.1.1/24,9
20201019013545,192.168.1.2/24,-
20201019013546,10.77.1.2/24,12
20201019013547,192.168.1.1/24,4
20201019013548,10.20.30.1/16,67
20201019013549,10.20.30.1/16,45
20201019013550,192.168.1.2/24,6
20201019013551,10.20.30.2/16,8
20201019013552,192.168.1.1/24,8
20201019013553,10.77.1.2/24,2
20201019013554,10.20.30.1/16,2
20201019013555,192.168.1.2/24,7
20201019013556,192.168.1.1/24,6
20201019013557,10.20.30.1/16,44
20201019013559,10.77.1.1/24,-
20201019013600,10.20.30.1/16,70
20201019013602,192.168.1.2/24,-
20201019013604,10.77.1.2/24,-
20201019013605,10.20.30.1/16,-
20201019013606,10.20.30.1/16,2
20201019013607,192.168.1.2/24,26
20201019013608,192.168.1.2/24,2
20201019013609,10.77.1.2/24,76
20201019013610,10.77.1.2/24,4
20201019013612,10.20.30.1/16,1
20201019013614,192.168.1.1/24,9
20201019013615,192.168.1.1/24,6
20201019013617,10.77.1.1/24,-
20201019013618,10.20.30.2/16,28
20201019013619,192.168.1.1/24,-
20201019013620,10.77.1.2/24,11
20201019013621,10.20.30.1/16,8
20201019013622,10.77.1.2/24,8
20201019013623,10.77.1.2/24,3
20201019013624,192.168.1.2/24,-
20201019013626,10.20.30.1/16,-
20201019013628,192.168.1.1/24,-
20201019013630,192.168.1.1/24,7
20201019013632,10.77.1.2/24,-
20201019013633,192.168.1.1/24,5
20201019013634,192.168.1.2/24,52
20201019013635,192.168.1.1/24,-
20201019013637,10.20.30.2/16,56
20201019013638,192.168.1.1/24,9
20201019013639,10.77.1.1/24,34
20201019013640,10.77.1.1/24,-
20201019013641,10.77.1.1/24,-
20201019013643,10.20.30.2/16,6
20201019013645,192.168.1.1/24,7
20201019013646,10.77.1.2/24,-
20201019013647,10.20.30.2/16,-
20201019013649,10.20.30.1/16,-
20201019013650,192.168.1.2/24,-
20201019013651,10.20.30.2/16,3
20201019013652,192.168.1.1/24,-
20201019013653,192.168.1.1/24,6
20201019013655,10.77.1.1/24,-
20201019013656,192.168.1.1/24,3
20201019013657,192.168.1.1/24,-
20201019013659,10.77.1.1/24,9
20201019013700,10.20.30.1/16,2
20201019013701,10.20.30.2/16,12
20201019013702,192.168.1.1/24,-
20201019013703,10.20.30.2/16,7
20201019013704,192.168.1.2/24,5
20201019013705,10.77.1.2/24,5
20201019013706,10.20.30.2/16,8
20201019013708,192.168.1.2/24,5
20201019013709,10.77.1.1/24,9
20201019013711,10.20.30.2/16,17
20201019013712,10.20.30.1/16,-
20201019013713,192.168.1.2/24,6
20201019013714,192.168.1.2/24,1
20201019013715,10.77.1.2/24,3
20201019013717,10.20.30.1/16,3
20201019013718,10.20.30.1/16,-
20201019013719,10.20.30.2/16,-
20201019013720,10.20.30.1/16,8
20201019013721,10.77.1.1/24,8
20201019013722,192.168.1.1/24,-
20201019013723,10.20.30.1/16,5
20201019013724,192.168.1.2/24,4
20201019013726,10.77.1.2/24,1
20201019013727,10.20.30.2/16,7
20201019013728,10.20.30.2/16,8
20201019013729,10.77.1.2/24,-
20201019013730,192.168.1.2/24,-
20201019013731,192.168.1.1/24,-
20201019013732,10.20.30.1/16,13
20201019013733,10.20.30.2/16,4
20201019013734,10.20.30.1/16,-
20201019013735,10.77.1.1/24,8
20201019013736,10.77.1.2/24,2
20201019013737,10.20.30.1/16,1
20201019013738,10.77.1.1/24,5
20201019013739,10.20.30.2/16,64
20201019013740,10.77.1.1/24,5
20201019013741,10.20.30.1/16,61
20201019013742,10.77.1.1/24,7
20201019013743,10.77.1.2/24,9
20201019013744,192.168.1.1/24,16
20201019013745,10.20.30.2/16,5
20201019013746,10.20.30.2/16,1
20201019013747,192.168.1.2/24,7
20201019013748,10.77.1.1/24,-
20201019013749,192.168.1.2/24,10
20201019013750,10.20.30.2/16,1
20201019013751,192.168.1.2/24,7
20201019013752,192.168.1.1/24,-
20201019013753,10.20.30.1/16,8
20201019013754,192.168.1.1/24,-
20201019013755,10.77.1.2/24,-
20201019013757,192.168.1.1/24,64
20201019013758,10.20.30.1/16,35
20201019013759,10.77.1.1/24,90
20201019013801,192.168.1.2/24,3
20201019013803,192.168.1.1/24,5
20201019013804,10.20.30.2/16,6
20201019013805,192.168.1.1/24,9
20201019013806,192.168.1.1/24,9
20201019013807,10.77.1.2/24,4
20201019013808,192.168.1.2/24,6
20201019013809,10.77.1.1/24,-
20201019013810,192.168.1.2/24,1
20201019013811,10.77.1.2/24,4
20201019013812,10.20.30.2/16,3
20201019013813,10.77.1.1/24,0
20201019013815,10.77.1.1/24,-
20201019013816,10.77.1.1/24,1
20201019013817,192.168.1.2/24,9
20201019013819,192.168.1.2/24,-
20201019013820,10.20.30.1/16,-
20201019013822,192.168.1.2/24,-
20201019013823,10.20.30.2/16,-
20201019013824,10.77.1.2/24,3
20201019013825,10.20.30.1/16,3
20201019013827,10.20.30.2/16,34
20201019013828,10.20.30.1/16,1
20201019013829,10.20.30.1/16,-
20201019013831,192.168.1.2/24,5
20201019013832,192.168.1.2/24,85
20201019013833,10.77.1.1/24,1
20201019013834,10.20.30.2/16,-
20201019013835,10.77.1.2/24,-
20201019013836,10.77.1.2/24,8
20201019013838,192.168.1.1/24,23
20201019013839,10.77.1.1/24,1
20201019013840,192.168.1.2/24,-
20201019013841,192.168.1.1/24,4
20201019013842,10.20.30.1/16,8
20201019013844,192.168.1.1/24,5
20201019013845,10.77.1.1/24,-
20201019013846,192.168.1.2/24,86
20201019013847,10.77.1.2/24,-
20201019013848,10.77.1.2/24,3
20201019013849,10.77.1.1/24,8
20201019013851,10.20.30.2/16,-
20201019013852,10.77.1.2/24,37
20201019013854,192.168.1.2/24,48
20201019013855,192.168.1.1/24,5
20201019013856,10.77.1.1/24,-
20201019013858,192.168.1.2/24,18
20201019013859,192.168.1.2/24,26
20201019013900,10.77.1.1/24,12
20201019013901,10.77.1.1/24,3
20201019013902,10.77.1.1/24,8
20201019013903,10.20.30.1/16,6
20201019013904,10.77.1.1/24,3
20201019013905,10.20.30.2/16,-
20201019013907,10.20.30.1/16,1
20201019013908,10.20.30.1/16,3
20201019013909,10.20.30.2/16,7
20201019013910,192.168.1.1/24,17
20201019013911,192.168.1.1/24,1
20201019013912,10.20.30.2/16,-
20201019013913,10.20.30.2/16,-
20201019013915,192.168.1.1/24,36
20201019013917,192.168.1.2/24,-
20201019013918,192.168.1.1/24,-
20201019013919,192.168.1.2/24,2
20201019013920,10.20.30.1/16,4
20201019013921,10.77.1.2/24,-
20201019013923,10.20.30.1/16,-
20201019013924,192.168.1.1/24,23
20201019013925,10.77.1.2/24,9
20201019013927,10.20.30.1/16,-
20201019013928,10.77.1.2/24,6
20201019013929,192.168.1.1/24,7
20201019013930,192.168.1.2/24,-
20201019013932,10.20.30.1/16,-
20201019013933,192.168.1.1/24,4
20201019013934,10.20.30.1/16,3
20201019013935,192.168.1.2/24,6
20201019013936,192.168.1.1/24,-
20201019013937,10.77.1.1/24,80
20201019013938,10.20.30.2/16,3
20201019013940,192.168.1.1/24,4
20201019013941,192.168.1.1/24,-
20201019013942,10.77.1.2/24,2
20201019013944,10.77.1.1/24,-
20201019013946,192.168.1.1/24,-
20201019013947,10.20.30.2/16,66
20201019013948,192.168.1.2/24,90
20201019013949,192.168.1.1/24,-
20201019013950,10.20.30.2/16,-
20201019013951,10.20.30.2/16,27
20201019013952,10.77.1.1/24,21
20201019013953,10.20.30.2/16,4
20201019013954,10.20.30.1/16,-
20201019013955,10.20.30.1/16,43
20201019013956,192.168.1.1/24,81
20201019013957,10.20.30.1/16,10
20201019013959,10.20.30.1/16,3
20201019014000,10.77.1.2/24,-
20201019014001,10.77.1.2/24,-
20201019014003,10.77.1.2/24,19
20201019014004,10.77.1.1/24,9
20201019014005,192.168.1.2/24,2
20201019014007,192.168.1.1/24,3
20201019014008,10.77.1.2/24,6
20201019014009,192.168.1.2/24,53
20201019014010,10.77.1.1/24,8
20201019014012,10.20.30.2/16,5
20201019014013,10.77.1.1/24,8
20201019014014,10.20.30.1/16,-
20201019014015,10.20.30.1/16,4
20201019014017,10.20.30.1/16,8
20201019014019,10.77.1.2/24,-
20201019014020,10.20.30.1/16,8
20201019014021,10.77.1.1/24,-
20201019014023,10.20.30.2/16,2
20201019014024,10.77.1.2/24,73
20201019014025,192.168.1.2/24,4
20201019014026,192.168.1.2/24,3
20201019014027,10.20.30.1/16,2
20201019014028,10.77.1.2/24,1
20201019014029,192.168.1.1/24,8
20201019014030,10.77.1.2/24,2
20201019014031,192.168.1.1/24,-
20201019014032,192.168.1.2/24,-
20201019014034,10.77.1.2/24,-
20201019014035,10.77.1.2/24,6
20201019014036,192.168.1.1/24,1
20201019014037,192.168.1.2/24,40
20201019014038,10.20.30.1/16,6
20201019014039,10.20.30.2/16,33
20201019014041,10.20.30.1/16,8
20201019014043,10.20.30.1/16,1
20201019014044,10.20.30.1/16,29
20201019014046,10.77.1.2/24,1
20201019014047,10.77.1.2/24,9
20201019014048,10.20.30.2/16,-
20201019014049,192.168.1.1/24,9
20201019014050,192.168.1.2/24,2
20201019014051,10.20.30.2/16,4
20201019014052,10.20.30.1/16,1
20201019014053,10.77.1.1/24,8
20201019014055,10.77.1.1/24,26
20201019014056,192.168.1.2/24,6
20201019014057,10.77.1.2/24,2
20201019014058,10.77.1.2/24,-
20201019014059,192.168.1.1/24,-
20201019014100,10.20.30.2/16,-
20201019014101,10.20.30.1/16,8
20201019014102,10.77.1.1/24,-
20201019014104,10.77.1.2/24,8
20201019014105,10.20.30.1/16,2
20201019014106,10.77.1.1/24,3
20201019014107,10.20.30.2/16,2
20201019014108,10.20.30.2/16,-
20201019014110,10.77.1.1/24,8
20201019014111,10.77.1.1/24,5
20201019014112,10.77.1.2/24,-
20201019014113,10.20.30.2/16,4
20201019014114,10.20.30.2/16,6
20201019014115,10.77.1.1/24,9
20201019014116,10.20.30.2/16,-
20201019014118,192.168.1.1/24,7
20201019014119,192.168.1.1/24,-
20201019014120,192.168.1.2/24,8
20201019014122,10.20.30.1/16,89
20201019014123,10.20.30.2/16,8
20201019014124,10.77.1.2/24,41
20201019014125,10.20.30.2/16,-
20201019014126,10.20.30.2/16,6
20201019014127,192.168.1.1/24,55
20201019014129,10.20.30.2/16,-
20201019014130,10.20.30.1/16,-
20201019014131,192.168.1.2/24,3
20201019014132,10.20.30.1/16,5
20201019014134,192.168.1.1/24,9
20201019014135,10.77.1.2/24,1
20201019014136,10.20.30.2/16,-
20201019014137,10.20.30.1/16,2
20201019014138,192.168.1.2/24,7
20201019014139,10.77.1.2/24,8
20201019014140,192.168.1.2/24,21
20201019014141,192.168.1.1/24,-
20201019014142,10.77.1.1/24,-
20201019014143,192.168.1.2/24,8
20201019014144,192.168.1.2/24,-
20201019014145,10.20.30.2/16,9
20201019014146,10.77.1.1/24,-
20201019014147,10.20.30.2/16,3
20201019014149,10.77.1.2/24,-
20201019014151,192.168.1.2/24,13
20201019014152,10.77.1.2/24,5
20201019014153,10.77.1.1/24,4
20201019014154,10.77.1.2/24,-
20201019014155,192.168.1.2/24,38
20201019014156,10.77.1.2/24,-
20201019014157,10.77.1.1/24,6
20201019014158,192.168.1.1/24,3
20201019014159,192.168.1.1/24,2
20201019014200,192.168.1.2/24,81
20201019014201,10.20.30.1/16,13
20201019014203,10.77.1.2/24,49
20201019014204,10.20.30.2/16,5
20201019014205,10.20.30.1/16,12
20201019014206,10.20.30.2/16,-
20201019014207,10.77.1.2/24,8
20201019014208,10.77.1.1/24,92
20201019014209,10.77.1.2/24,-
20201019014210,10.77.1.1/24,3
20201019014212,192.168.1.1/24,6
20201019014214,10.20.30.2/16,98
20201019014215,10.20.30.2/16,9
20201019014216,10.77.1.1/24,53
20201019014217,192.168.1.1/24,2
20201019014218,10.77.1.1/24,-
20201019014219,10.77.1.1/24,7
20201019014221,10.20.30.2/16,-
20201019014223,192.168.1.2/24,6
20201019014225,10.77.1.1/24,7
20201019014226,10.77.1.1/24,7
20201019014227,10.77.1.2/24,4
20201019014228,192.168.1.1/24,-
20201019014229,192.168.1.2/24,3
20201019014230,192.168.1.1/24,-
20201019014231,192.168.1.2/24,-
20201019014232,192.168.1.2/24,9
20201019014233,10.20.30.2/16,10
20201019014234,10.77.1.1/24,7
20201019014235,10.77.1.1/24,5
20201019014236,192.168.1.1/24,7
20201019014237,10.20.30.1/16,4
20201019014239,10.77.1.2/24,3
20201019014240,10.20.30.1/16,2
20201019014241,10.20.30.2/16,58
20201019014242,192.168.1.2/24,1
20201019014244,192.168.1.1/24,-
20201019014245,192.168.1.2/24,49
20201019014246,10.20.30.2/16,-
20201019014247,10.20.30.2/16,8
20201019014248,10.77.1.1/24,2
20201019014250,10.77.1.2/24,7
20201019014251,10.77.1.2/24,1
20201019014252,10.20.30.2/16,3
20201019014253,192.168.1.2/24,9
20201019014254,10.77.1.2/24,56
20201019014255,10.77.1.1/24,-
20201019014256,192.168.1.2/24,-
20201019014257,10.77.1.2/24,-
20201019014258,10.77.1.1/24,-
20201019014259,192.168.1.2/24,3
20201019014301,192.168.1.1/24,6
20201019014302,192.168.1.2/24,58
20201019014304,10.77.1.2/24,36
20201019014305,192.168.1.2/24,9
20201019014306,10.20.30.2/16,-
20201019014307,10.77.1.1/24,-
20201019014308,10.77.1.2/24,-
20201019014309,10.77.1.2/24,-
20201019014310,10.20.30.2/16,29
20201019014311,10.20.30.2/16,-
20201019014312,10.77.1.2/24,9
20201019014314,10.77.1.1/24,32
20201019014315,10.20.30.1/16,15
20201019014316,10.77.1.2/24,8
20201019014317,10.77.1.1/24,9
20201019014318,192.168.1.2/24,24
20201019014319,10.20.30.2/16,7
20201019014321,10.20.30.1/16,1
20201019014322,192.168.1.2/24,1
20201019014324,192.168.1.2/24,6
20201019014325,10.77.1.2/24,99
20201019014326,192.168.1.2/24,9
20201019014327,10.77.1.1/24,13
20201019014328,10.20.30.2/16,-
20201019014329,192.168.1.2/24,8
20201019014330,192.168.1.2/24,12
20201019014331,10.20.30.1/16,5
20201019014332,10.20.30.1/16,-
20201019014333,10.77.1.1/24,58
20201019014334,192.168.1.2/24,-
20201019014335,10.20.30.2/16,9
20201019014336,192.168.1.1/24,97
20201019014337,192.168.1.2/24,6
20201019014339,10.20.30.2/16,81
20201019014340,10.20.30.1/16,4
20201019014341,192.168.1.1/24,-
20201019014342,192.168.1.2/24,7
20201019014343,192.168.1.1/24,-
20201019014344,10.77.1.1/24,6
20201019014345,10.20.30.2/16,21
20201019014347,10.20.30.1/16,31
20201019014348,10.20.30.1/16,-
20201019014349,192.168.1.2/24,-
20201019014350,10.77.1.2/24,7
20201019014351,10.77.1.2/24,7
20201019014353,10.20.30.2/16,35
20201019014355,10.20.30.1/16,37
20201019014356,192.168.1.1/24,-
20201019014357,10.77.1.2/24,1
20201019014358,10.20.30.1/16,4
20201019014359,192.168.1.2/24,-
20201019014400,10.77.1.1/24,-
20201019014401,192.168.1.2/24,3
20201019014402,10.77.1.1/24,4
20201019014403,10.20.30.2/16,2
20201019014404,10.20.30.1/16,19
20201019014405,10.20.30.1/16,9
20201019014406,10.77.1.1/24,-
20201019014407,10.77.1.2/24,-
20201019014408,10.20.30.1/16,3
20201019014409,192.168.1.2/24,2
20201019014411,192.168.1.1/24,18
20201019014412,192.168.1.1/24,-
20201019014413,10.20.30.1/16,51
20201019014414,10.20.30.1/16,6
20201019014416,192.168.1.2/24,7
20201019014417,10.20.30.2/16,44
20201019014418,192.168.1.2/24,86
20201019014419,10.77.1.2/24,6
20201019014420,10.20.30.2/16,-
20201019014421,192.168.1.1/24,9
20201019014423,192.168.1.2/24,12
20201019014424,10.77.1.1/24,-
20201019014426,192.168.1.2/24,-
20201019014427,10.77.1.1/24,99
20201019014428,10.20.30.1/16,3
20201019014429,10.77.1.1/24,-
20201019014430,192.168.1.2/24,7
20201019014432,10.77.1.1/24,4
20201019014433,192.168.1.2/24,4
20201019014434,192.168.1.2/24,8
20201019014435,10.20.30.2/16,4
20201019014436,10.20.30.2/16,2
20201019014438,10.20.30.1/16,4
20201019014439,10.20.30.2/16,7
20201019014440,192.168.1.1/24,5
20201019014442,192.168.1.1/24,22
20201019014443,10.77.1.1/24,-
20201019014444,192.168.1.1/24,4
20201019014445,10.20.30.1/16,46
20201019014446,192.168.1.1/24,-
20201019014447,10.77.1.2/24,12
20201019014448,10.77.1.2/24,-
20201019014449,10.77.1.1/24,7
20201019014450,192.168.1.2/24,-
20201019014451,10.77.1.1/24,6
20201019014452,10.20.30.2/16,-
20201019014453,10.20.30.1/16,1
20201019014455,10.77.1.1/24,3
20201019014457,10.77.1.1/24,94
20201019014458,10.20.30.2/16,1
20201019014459,10.77.1.1/24,7
20201019014500,10.77.1.2/24,2
20201019014501,192.168.1.1/24,-
20201019014502,192.168.1.1/24,27
20201019014503,192.168.1.1/24,3
20201019014504,10.77.1.1/24,2
20201019014505,192.168.1.2/24,82
20201019014506,10.20.30.1/16,18
20201019014507,192.168.1.2/24,9
20201019014509,10.20.30.1/16,7
20201019014510,10.77.1.1/24,14
20201019014511,10.20.30.2/16,3
20201019014512,192.168.1.2/24,6
20201019014513,10.20.30.1/16,11
20201019014514,10.20.30.2/16,5
20201019014515,10.77.1.1/24,-
20201019014516,192.168.1.2/24,5
20201019014517,10.20.30.1/16,6
20201019014518,10.77.1.2/24,6
20201019014520,10.20.30.2/16,4
20201019014521,10.20.30.1/16,3
20201019014522,10.77.1.2/24,8
20201019014523,10.77.1.1/24,5
20201019014524,192.168.1.1/24,3
20201019014525,192.168.1.2/24,6
20201019014526,10.20.30.1/16,3
20201019014528,10.20.30.2/16,-
20201019014530,10.20.30.2/16,11
20201019014531,192.168.1.1/24,-
20201019014533,10.77.1.1/24,7
20201019014535,192.168.1.2/24,6
20201019014536,10.77.1.1/24,7
20201019014537,10.20.30.2/16,9
20201019014538,10.20.30.1/16,1
20201019014539,192.168.1.1/24,35
20201019014541,10.77.1.1/24,53
20201019014542,10.77.1.2/24,2
20201019014543,10.77.1.2/24,-
20201019014544,10.77.1.1/24,9
20201019014545,10.77.1.1/24,-
20201019014546,10.20.30.2/16,9
20201019014548,10.20.30.1/16,-
20201019014549,10.20.30.1/16,92
20201019014550,10.20.30.1/16,6
20201019014552,10.77.1.1/24,9
20201019014554,10.77.1.2/24,28
20201019014555,10.20.30.2/16,3
20201019014557,10.77.1.1/24,10
20201019014558,192.168.1.1/24,40
20201019014600,192.168.1.1/24,24
20201019014602,10.77.1.2/24,8
20201019014603,192.168.1.1/24,10
20201019014604,10.20.30.1/16,4
20201019014605,192.168.1.2/24,16
20201019014606,192.168.1.1/24,9
20201019014607,192.168.1.2/24,-
20201019014609,10.77.1.1/24,9
20201019014610,10.77.1.1/24,85
20201019014612,192.168.1.2/24,1
20201019014613,10.20.30.2/16,12
20201019014614,10.20.30.2/16,-
20201019014616,10.20.30.2/16,1
20201019014618,10.77.1.1/24,5
20201019014619,10.77.1.1/24,7
20201019014620,192.168.1.2/24,7
20201019014621,10.77.1.2/24,5
20201019014622,10.77.1.2/24,6
20201019014623,192.168.1.1/24,4
20201019014624,10.77.1.1/24,-
20201019014625,192.168.1.2/24,7
20201019014626,192.168.1.1/24,8
20201019014627,10.20.30.1/16,6
20201019014628,192.168.1.1/24,15
20201019014630,192.168.1.2/24,33
20201019014631,192.168.1.1/24,82
20201019014633,192.168.1.1/24,-
20201019014634,192.168.1.1/24,-
20201019014635,192.168.1.2/24,9
20201019014636,10.77.1.2/24,-
20201019014637,192.168.1.1/24,-
20201019014638,192.168.1.2/24,-
20201019014639,10.77.1.1/24,2
20201019014640,192.168.1.1/24,3
20201019014641,10.20.30.1/16,7
20201019014642,10.20.30.1/16,10
20201019014643,10.20.30.2/16,4
20201019014644,192.168.1.2/24,8
20201019014646,10.77.1.2/24,2
20201019014647,10.20.30.2/16,8
20201019014648,192.168.1.1/24,5
20201019014649,10.20.30.1/16,8
20201019014650,10.20.30.2/16,28
20201019014651,10.20.30.2/16,9
20201019014652,10.77.1.1/24,4
20201019014653,192.168.1.1/24,-
20201019014654,10.77.1.2/24,7
20201019014656,10.77.1.1/24,90
20201019014657,10.20.30.1/16,33
20201019014658,10.20.30.2/16,8
20201019014659,10.20.30.2/16,65
20201019014701,10.77.1.1/24,2
20201019014702,10.20.30.1/16,7
20201019014703,10.77.1.2/24,17
20201019014705,10.20.30.2/16,73
20201019014706,10.20.30.2/16,9
20201019014707,192.168.1.2/24,5
20201019014708,10.77.1.2/24,-
20201019014709,10.20.30.2/16,18
20201019014710,10.77.1.1/24,10
20201019014711,192.168.1.1/24,4
20201019014713,10.20.30.2/16,9
20201019014714,10.77.1.2/24,1
20201019014715,10.20.30.1/16,4
20201019014716,192.168.1.1/24,4
20201019014717,10.20.30.2/16,3
20201019014718,192.168.1.2/24,-
20201019014719,192.168.1.1/24,-
20201019014721,10.20.30.1/16,-
20201019014723,10.20.30.1/16,9
20201019014724,192.168.1.1/24,39
20201019014725,10.77.1.1/24,21
20201019014726,10.77.1.1/24,68
20201019014728,192.168.1.1/24,6
20201019014729,10.77.1.2/24,10
20201019014730,10.77.1.2/24,-
20201019014731,10.20.30.2/16,-
20201019014732,10.77.1.2/24,32
20201019014733,10.77.1.1/24,8
20201019014734,192.168.1.2/24,-
20201019014735,192.168.1.2/24,-
20201019014736,192.168.1.2/24,6
20201019014737,192.168.1.1/24,-
20201019014738,10.20.30.1/16,7
20201019014739,10.77.1.1/24,3
20201019014740,10.20.30.1/16,-
20201019014741,192.168.1.2/24,84
20201019014742,192.168.1.2/24,34
20201019014743,10.20.30.2/16,3
20201019014744,192.168.1.2/24,4
20201019014745,10.77.1.1/24,6
20201019014746,192.168.1.1/24,6
20201019014747,10.20.30.2/16,8
20201019014748,192.168.1.2/24,-
20201019014749,192.168.1.1/24,1
20201019014750,10.77.1.2/24,-
20201019014751,10.20.30.1/16,2
20201019014752,192.168.1.2/24,5
20201019014753,10.20.30.1/16,-
20201019014754,10.77.1.2/24,96
20201019014755,192.168.1.2/24,5
20201019014756,10.77.1.1/24,56
20201019014757,10.77.1.2/24,-
20201019014758,192.168.1.2/24,2
20201019014759,192.168.1.2/24,3
20201019014800,10.20.30.2/16,3
20201019014801,10.20.30.1/16,8
20201019014802,192.168.1.2/24,8
20201019014803,10.20.30.2/16,-
20201019014804,10.20.30.2/16,8
20201019014805,10.20.30.1/16,9
20201019014806,10.20.30.2/16,41
20201019014807,10.20.30.1/16,9
20201019014808,192.168.1.1/24,8
20201019014809,10.20.30.1/16,-
20201019014811,10.20.30.1/16,2
20201019014812,10.77.1.2/24,-
20201019014813,10.77.1.1/24,8
20201019014814,10.20.30.1/16,-
20201019014815,10.20.30.1/16,8
20201019014817,192.168.1.1/24,3
20201019014819,192.168.1.1/24,6
20201019014820,192.168.1.1/24,5
20201019014821,192.168.1.2/24,-
20201019014822,10.20.30.1/16,2
20201019014824,10.20.30.1/16,4
20201019014825,10.20.30.2/16,-
20201019014826,192.168.1.1/24,9
20201019014828,10.20.30.2/16,4
20201019014829,192.168.1.1/24,6
20201019014830,192.168.1.1/24,2
20201019014831,192.168.1.2/24,9
20201019014832,10.77.1.1/24,2
20201019014833,10.77.1.1/24,8
20201019014834,10.77.1.1/24,50
20201019014835,10.77.1.2/24,3
20201019014836,10.77.1.1/24,-
20201019014838,10.20.30.1/16,12
20201019014839,10.77.1.1/24,1
20201019014840,10.77.1.2/24,5
20201019014841,10.20.30.1/16,53
20201019014842,192.168.1.2/24,3
20201019014844,192.168.1.2/24,1
20201019014845,192.168.1.1/24,7
20201019014846,10.77.1.2/24,9
20201019014848,192.168.1.1/24,1
20201019014849,10.77.1.2/24,-
20201019014851,192.168.1.2/24,91
20201019014852,10.77.1.2/24,85
20201019014854,10.77.1.1/24,-
20201019014855,192.168.1.1/24,9
20201019014856,10.77.1.2/24,-
20201019014857,10.77.1.2/24,3
20201019014859,192.168.1.1/24,3
20201019014900,192.168.1.2/24,5
20201019014901,192.168.1.2/24,6
20201019014902,10.77.1.2/24,25
20201019014904,10.20.30.1/16,-
20201019014906,192.168.1.2/24,5
20201019014907,10.77.1.1/24,-
20201019014908,10.20.30.2/16,4
20201019014909,10.20.30.1/16,42
20201019014910,10.77.1.1/24,29
20201019014911,192.168.1.1/24,7
20201019014912,10.20.30.1/16,5
20201019014913,10.77.1.2/24,-
20201019014914,192.168.1.2/24,-
20201019014915,192.168.1.1/24,2
20201019014917,192.168.1.1/24,1
20201019014918,10.77.1.2/24,34
20201019014919,10.77.1.1/24,7
20201019014920,10.77.1.1/24,-
20201019014921,192.168.1.1/24,8
20201019014922,192.168.1.1/24,18
20201019014924,10.20.30.1/16,8
20201019014925,192.168.1.1/24,2
20201019014926,10.77.1.2/24,-
20201019014927,192.168.1.2/24,-
20201019014928,10.77.1.1/24,24
20201019014929,10.20.30.1/16,5
20201019014931,10.77.1.2/24,35
20201019014933,10.20.30.2/16,1
20201019014935,10.20.30.2/16,1
20201019014937,192.168.1.1/24,-
20201019014938,10.77.1.1/24,-
20201019014939,10.20.30.2/16,8
20201019014941,10.20.30.2/16,9
20201019014942,10.77.1.2/24,68
20201019014943,10.20.30.2/16,6
20201019014945,192.168.1.2/24,-
20201019014946,192.168.1.1/24,-
20201019014948,10.20.30.1/16,60
20201019014950,10.20.30.2/16,56
20201019014951,192.168.1.2/24,5
20201019014952,10.77.1.1/24,3
20201019014953,192.168.1.2/24,-
20201019014955,10.77.1.1/24,-
20201019014956,10.77.1.1/24,38
20201019014957,10.77.1.2/24,-
20201019014958,10.77.1.1/24,4
20201019014959,10.77.1.2/24,8
20201019015000,10.20.30.2/16,8
20201019015002,192.168.1.2/24,3
20201019015004,192.168.1.2/24,-
20201019015006,10.20.30.2/16,-
20201019015007,192.168.1.2/24,1
20201019015008,10.77.1.2/24,69
20201019015010,10.77.1.1/24,19
20201019015012,10.77.1.1/24,-
20201019015013,10.20.30.1/16,8
20201019015015,10.20.30.1/16,-
20201019015017,10.77.1.2/24,32
20201019015018,10.20.30.1/16,14
20201019015019,192.168.1.1/24,3
20201019015020,10.20.30.2/16,-
20201019015021,10.77.1.2/24,10
20201019015022,10.20.30.1/16,7
20201019015023,10.77.1.1/24,7
20201019015025,192.168.1.1/24,4
20201019015026,10.77.1.1/24,-
20201019015027,192.168.1.1/24,9
20201019015028,192.168.1.1/24,4
20201019015030,10.77.1.2/24,52
20201019015032,192.168.1.2/24,2
20201019015033,192.168.1.2/24,4
20201019015034,192.168.1.1/24,14
20201019015035,192.168.1.1/24,80
20201019015036,192.168.1.1/24,2
20201019015038,10.77.1.2/24,9
20201019015039,10.20.30.2/16,6
20201019015041,10.20.30.1/16,85
20201019015043,10.77.1.1/24,25
20201019015045,10.20.30.2/16,1
20201019015046,10.20.30.1/16,2
20201019015047,10.77.1.2/24,6
20201019015048,192.168.1.1/24,47
20201019015049,192.168.1.2/24,6
20201019015050,10.20.30.2/16,-
20201019015051,10.20.30.1/16,1
20201019015052,192.168.1.2/24,-
20201019015053,10.77.1.2/24,6
20201019015054,192.168.1.1/24,-
20201019015055,10.77.1.1/24,28
20201019015056,10.20.30.1/16,7
20201019015058,192.168.1.2/24,1
20201019015059,192.168.1.1/24,9
20201019015100,10.20.30.2/16,-
20201019015101,10.77.1.1/24,54
20201019015103,10.77.1.1/24,-
20201019015104,10.77.1.2/24,-
20201019015105,10.77.1.2/24,5
20201019015107,192.168.1.2/24,-
20201019015108,10.77.1.1/24,5
20201019015110,10.77.1.2/24,4
20201019015111,10.77.1.2/24,2
20201019015113,10.20.30.2/16,6
20201019015114,10.77.1.1/24,-
20201019015115,10.77.1.2/24,6
20201019015116,192.168.1.2/24,1
20201019015118,10.20.30.1/16,90
20201019015119,10.77.1.1/24,17
20201019015120,10.77.1.1/24,5
20201019015121,10.77.1.1/24,5
20201019015122,10.20.30.2/16,88
20201019015123,10.20.30.1/16,38
20201019015125,10.20.30.1/16,1
20201019015126,10.77.1.2/24,6
20201019015127,10.20.30.2/16,5
20201019015128,10.77.1.1/24,8
20201019015130,192.168.1.1/24,3
20201019015131,192.168.1.2/24,89
20201019015133,10.20.30.2/16,3
20201019015134,10.20.30.2/16,10
20201019015135,10.77.1.2/24,-
20201019015137,10.77.1.1/24,59
20201019015138,192.168.1.2/24,22
20201019015139,192.168.1.2/24,1
20201019015141,10.20.30.1/16,48
20201019015143,10.20.30.1/16,10
20201019015144,10.20.30.2/16,-
20201019015146,192.168.1.1/24,2
20201019015147,10.77.1.1/24,18
20201019015148,10.77.1.2/24,31
20201019015149,10.77.1.1/24,-
20201019015150,10.77.1.1/24,34
20201019015151,192.168.1.1/24,9
20201019015152,10.77.1.2/24,-
20201019015154,10.77.1.1/24,-
20201019015156,10.20.30.1/16,8
20201019015158,10.77.1.2/24,95
20201019015159,192.168.1.1/24,7
20201019015201,10.20.30.2/16,-
20201019015203,10.20.30.2/16,-
20201019015205,10.77.1.1/24,7
20201019015206,192.168.1.2/24,6
20201019015207,10.20.30.2/16,60
20201019015208,192.168.1.1/24,4
20201019015209,10.20.30.1/16,10
20201019015211,10.20.30.1/16,8
20201019015212,10.20.30.1/16,80
20201019015213,192.168.1.2/24,3
20201019015214,192.168.1.1/24,6
20201019015216,192.168.1.2/24,52
20201019015217,10.77.1.1/24,-
20201019015218,192.168.1.2/24,8
20201019015219,10.20.30.1/16,12
20201019015221,10.77.1.1/24,8
20201019015222,10.77.1.2/24,28
20201019015223,192.168.1.1/24,-
20201019015224,10.20.30.1/16,2
20201019015225,192.168.1.2/24,-
20201019015226,192.168.1.1/24,4
20201019015227,10.20.30.1/16,5
20201019015228,10.20.30.1/16,9
20201019015230,192.168.1.1/24,7
20201019015231,10.20.30.2/16,7
20201019015232,10.20.30.1/16,3
20201019015234,192.168.1.2/24,-
20201019015235,192.168.1.1/24,5
20201019015236,10.20.30.2/16,7
20201019015238,10.20.30.2/16,-
20201019015240,10.20.30.1/16,71
20201019015241,10.20.30.2/16,-
20201019015242,10.20.30.1/16,9
20201019015243,192.168.1.1/24,8
20201019015244,10.20.30.1/16,3
20201019015245,10.20.30.2/16,-
20201019015246,10.77.1.1/24,-
20201019015247,10.77.1.2/24,5
20201019015248,192.168.1.1/24,1
20201019015249,192.168.1.2/24,-
20201019015250,10.20.30.2/16,47
20201019015251,192.168.1.2/24,2
20201019015252,10.77.1.1/24,9
20201019015254,10.77.1.2/24,-
20201019015255,10.20.30.2/16,-
20201019015256,192.168.1.2/24,3
20201019015257,192.168.1.1/24,84
20201019015258,10.20.30.1/16,7
20201019015300,10.77.1.1/24,6
20201019015301,10.20.30.1/16,68
20201019015303,10.77.1.2/24,-
20201019015304,10.77.1.2/24,-
20201019015305,10.77.1.1/24,4
20201019015306,10.77.1.1/24,-
20201019015307,192.168.1.1/24,3
20201019015309,10.77.1.1/24,1
20201019015310,192.168.1.2/24,9
20201019015311,10.77.1.1/24,-
20201019015313,192.168.1.2/24,4
20201019015314,10.77.1.1/24,3
20201019015315,192.168.1.2/24,12
20201019015316,10.20.30.2/16,9
20201019015317,10.20.30.1/16,5
20201019015318,192.168.1.1/24,-
20201019015320,192.168.1.2/24,47
20201019015321,10.77.1.1/24,-
20201019015322,10.20.30.2/16,-
20201019015323,10.77.1.1/24,-
20201019015324,192.168.1.2/24,1
20201019015325,10.77.1.1/24,4
20201019015326,192.168.1.2/24,3
20201019015327,192.168.1.1/24,4
20201019015329,10.77.1.2/24,4
20201019015330,192.168.1.2/24,8
20201019015331,10.77.1.2/24,8
20201019015332,10.77.1.2/24,25
20201019015333,10.20.30.2/16,-
20201019015334,192.168.1.2/24,-
20201019015335,10.20.30.2/16,41
20201019015336,192.168.1.1/24,7
20201019015338,192.168.1.1/24,6
20201019015339,192.168.1.2/24,1
20201019015340,10.20.30.2/16,6
20201019015341,10.20.30.1/16,9
20201019015342,10.77.1.1/24,2
20201019015344,192.168.1.1/24,68
20201019015345,10.77.1.2/24,8
20201019015346,10.20.30.1/16,5
20201019015348,192.168.1.1/24,2
20201019015350,10.20.30.1/16,8
20201019015351,10.20.30.1/16,10
20201019015352,192.168.1.1/24,9
20201019015354,10.20.30.1/16,-
20201019015356,192.168.1.2/24,1
20201019015358,10.77.1.2/24,9
20201019015400,10.77.1.2/24,6
20201019015401,10.77.1.1/24,7
20201019015402,10.77.1.1/24,64
20201019015403,10.77.1.1/24,37
20201019015404,10.20.30.2/16,4
20201019015405,192.168.1.1/24,4
20201019015406,10.77.1.2/24,2
20201019015407,192.168.1.1/24,4
20201019015408,10.77.1.2/24,-
20201019015409,192.168.1.1/24,8
20201019015410,192.168.1.1/24,-
20201019015411,10.77.1.2/24,-
20201019015413,10.77.1.1/24,-
20201019015414,192.168.1.2/24,8
20201019015415,10.20.30.2/16,-
20201019015417,10.77.1.1/24,9
20201019015418,10.77.1.2/24,1
20201019015419,10.77.1.1/24,20
20201019015421,10.20.30.1/16,80
20201019015422,10.77.1.2/24,42
20201019015424,10.77.1.2/24,-
20201019015425,192.168.1.1/24,2
20201019015426,192.168.1.1/24,-
20201019015427,192.168.1.2/24,9
20201019015428,10.77.1.2/24,23
20201019015430,192.168.1.2/24,8
20201019015431,10.20.30.1/16,86
20201019015432,192.168.1.1/24,7
20201019015433,192.168.1.2/24,6
20201019015434,10.77.1.2/24,65
20201019015436,10.20.30.1/16,2
20201019015438,192.168.1.2/24,-
20201019015440,10.20.30.1/16,2
20201019015441,10.77.1.1/24,-
20201019015442,10.20.30.1/16,5
20201019015443,10.77.1.1/24,30
20201019015445,10.20.30.1/16,28
20201019015446,10.20.30.2/16,69
20201019015447,10.77.1.1/24,-
20201019015448,10.77.1.1/24,13
20201019015449,10.20.30.1/16,-
20201019015450,10.20.30.1/16,28
20201019015451,10.77.1.1/24,5
20201019015452,10.20.30.2/16,7
20201019015453,192.168.1.1/24,58
20201019015454,192.168.1.1/24,10
20201019015455,192.168.1.1/24,4
20201019015457,192.168.1.2/24,6
20201019015458,10.77.1.2/24,8
20201019015500,10.20.30.1/16,3
20201019015502,192.168.1.2/24,8
20201019015503,10.77.1.1/24,9
20201019015504,10.77.1.1/24,8
20201019015505,10.20.30.2/16,3
20201019015506,10.20.30.2/16,-
20201019015508,10.77.1.2/24,41
20201019015510,10.20.30.2/16,8
20201019015511,192.168.1.1/24,8
20201019015512,10.77.1.1/24,9
20201019015513,192.168.1.1/24,6
20201019015514,10.20.30.1/16,-
20201019015515,10.77.1.2/24,-
20201019015517,10.77.1.1/24,7
20201019015518,192.168.1.2/24,4
20201019015519,10.20.30.1/16,5
20201019015520,10.77.1.1/24,12
20201019015521,10.20.30.2/16,-
20201019015523,192.168.1.1/24,74
20201019015524,10.77.1.1/24,98
20201019015525,10.20.30.1/16,1
20201019015526,192.168.1.1/24,4
20201019015528,192.168.1.1/24,19
20201019015529,10.20.30.1/16,73
20201019015530,192.168.1.1/24,2
20201019015532,10.20.30.1/16,-
20201019015533,192.168.1.1/24,8
20201019015535,10.77.1.2/24,10
20201019015537,192.168.1.2/24,-
20201019015539,10.20.30.1/16,7
20201019015540,10.20.30.1/16,6
20201019015541,10.20.30.1/16,1
20201019015542,10.77.1.2/24,9
20201019015543,192.168.1.1/24,3
20201019015544,10.77.1.2/24,-
20201019015546,10.20.30.1/16,96
20201019015547,10.77.1.1/24,3
20201019015548,192.168.1.2/24,5
20201019015549,10.20.30.2/16,-
20201019015550,10.20.30.2/16,4
20201019015552,10.77.1.1/24,2
20201019015554,10.20.30.1/16,4
20201019015555,10.20.30.2/16,8
20201019015557,10.20.30.1/16,9
20201019015558,10.20.30.2/16,2
20201019015559,192.168.1.1/24,-
20201019015600,192.168.1.2/24,4
20201019015601,10.77.1.1/24,4
20201019015603,10.20.30.2/16,3
20201019015604,10.77.1.1/24,-
20201019015605,10.20.30.2/16,6
20201019015606,10.20.30.1/16,1
20201019015607,10.20.30.1/16,5
20201019015608,10.20.30.2/16,-
20201019015609,10.20.30.1/16,1
20201019015611,10.20.30.1/16,34
20201019015612,10.20.30.2/16,4
20201019015614,192.168.1.1/24,3
20201019015615,10.20.30.1/16,5
20201019015616,192.168.1.1/24,3
20201019015618,192.168.1.2/24,4
20201019015619,10.20.30.2/16,-
20201019015620,10.77.1.1/24,-
20201019015621,10.77.1.1/24,2
20201019015623,10.20.30.1/16,9
20201019015624,10.20.30.1/16,-
20201019015625,10.20.30.2/16,2
20201019015626,10.77.1.1/24,-
20201019015628,192.168.1.2/24,9
20201019015630,10.20.30.2/16,82
20201019015631,10.20.30.2/16,4
20201019015632,10.20.30.1/16,44
20201019015633,10.77.1.1/24,8
20201019015634,192.168.1.1/24,4
20201019015636,10.20.30.1/16,68
20201019015637,10.20.30.1/16,24
20201019015638,10.77.1.1/24,4
20201019015639,10.20.30.2/16,-
20201019015640,10.20.30.1/16,12
20201019015641,10.77.1.1/24,35
20201019015642,192.168.1.1/24,-
20201019015643,192.168.1.2/24,27
20201019015644,10.20.30.1/16,88
20201019015646,10.20.30.1/16,8
20201019015647,192.168.1.1/24,-
20201019015648,192.168.1.1/24,-
20201019015649,10.77.1.2/24,48
20201019015650,192.168.1.2/24,1
20201019015652,10.20.30.2/16,4
20201019015653,10.20.30.2/16,3
20201019015654,192.168.1.1/24,11
20201019015655,192.168.1.1/24,1
20201019015656,192.168.1.2/24,5
20201019015657,10.20.30.1/16,7
20201019015659,192.168.1.1/24,3
20201019015700,10.77.1.1/24,3
20201019015701,10.20.30.2/16,4
20201019015703,192.168.1.1/24,2
20201019015704,10.20.30.1/16,3
20201019015706,192.168.1.1/24,12
20201019015707,10.77.1.1/24,5
20201019015708,192.168.1.1/24,2
20201019015709,10.77.1.2/24,11
20201019015710,10.20.30.1/16,-
20201019015711,10.20.30.1/16,1
20201019015713,10.20.30.1/16,3
20201019015714,10.77.1.2/24,25
20201019015715,10.77.1.2/24,3
20201019015716,192.168.1.2/24,-
20201019015718,10.77.1.2/24,3
20201019015719,10.20.30.2/16,3
20201019015721,10.77.1.2/24,14
20201019015722,10.20.30.2/16,7
20201019015723,10.77.1.2/24,13
20201019015725,10.77.1.1/24,6
20201019015726,10.20.30.1/16,-
20201019015727,10.77.1.2/24,9
20201019015728,192.168.1.1/24,21
20201019015729,10.77.1.2/24,62
20201019015730,10.20.30.2/16,9
20201019015731,10.20.30.1/16,8
20201019015733,10.20.30.2/16,7
20201019015734,10.77.1.1/24,20
20201019015736,10.20.30.2/16,4
20201019015737,10.77.1.2/24,-
20201019015738,10.77.1.2/24,7
20201019015739,192.168.1.1/24,5
20201019015740,10.20.30.1/16,-
20201019015742,10.77.1.2/24,6
20201019015743,10.77.1.1/24,7
20201019015745,192.168.1.2/24,-
20201019015747,192.168.1.2/24,-
20201019015748,192.168.1.1/24,59
20201019015750,192.168.1.1/24,-
20201019015751,10.77.1.2/24,6
20201019015752,10.20.30.2/16,33
20201019015753,192.168.1.1/24,73
20201019015754,10.20.30.2/16,8
20201019015755,10.20.30.2/16,28
20201019015756,10.20.30.2/16,21
20201019015757,10.77.1.2/24,73
20201019015758,192.168.1.1/24,-
20201019015759,10.77.1.2/24,18
20201019015801,10.20.30.1/16,14
20201019015803,10.20.30.1/16,-
20201019015805,192.168.1.1/24,87
20201019015806,192.168.1.1/24,-
20201019015807,192.168.1.2/24,-
20201019015809,10.20.30.1/16,68
20201019015810,192.168.1.2/24,6
20201019015811,10.20.30.2/16,3
20201019015812,192.168.1.1/24,5
20201019015813,192.168.1.1/24,-
20201019015814,10.20.30.2/16,47
20201019015816,192.168.1.1/24,-
20201019015818,10.20.30.2/16,9
20201019015819,192.168.1.1/24,97
20201019015820,10.20.30.2/16,-
20201019015821,10.20.30.1/16,9
20201019015822,10.77.1.2/24,-
20201019015824,10.20.30.1/16,3
20201019015825,10.77.1.2/24,-
20201019015826,192.168.1.2/24,-
20201019015828,192.168.1.1/24,2
20201019015829,10.20.30.2/16,-
20201019015830,10.77.1.2/24,6
20201019015831,10.77.1.2/24,3
20201019015832,10.20.30.1/16,-
20201019015833,192.168.1.1/24,4
20201019015834,10.20.30.2/16,5
20201019015835,10.20.30.1/16,4
20201019015837,192.168.1.2/24,-
20201019015838,10.20.30.1/16,-
20201019015839,10.77.1.1/24,6
20201019015841,10.77.1.1/24,50
20201019015842,192.168.1.1/24,93
20201019015843,10.77.1.2/24,-
20201019015844,10.77.1.2/24,-
20201019015846,192.168.1.2/24,3
20201019015847,10.20.30.1/16,7
20201019015848,10.20.30.1/16,-
20201019015849,192.168.1.1/24,5
20201019015851,10.20.30.2/16,11
20201019015852,192.168.1.1/24,3
20201019015854,10.77.1.1/24,7
20201019015855,10.77.1.2/24,98
20201019015856,10.77.1.1/24,7
20201019015857,10.77.1.2/24,7
20201019015858,192.168.1.1/24,6
20201019015859,10.20.30.2/16,7
20201019015900,10.77.1.1/24,-
20201019015901,10.20.30.2/16,-
20201019015902,10.20.30.1/16,99
20201019015903,192.168.1.2/24,2
20201019015904,192.168.1.2/24,67
20201019015905,10.77.1.2/24,-
20201019015906,10.77.1.1/24,8
20201019015907,10.77.1.2/24,-
20201019015908,10.20.30.2/16,9
20201019015910,192.168.1.2/24,6
20201019015911,192.168.1.2/24,20
20201019015913,10.20.30.2/16,4
20201019015914,192.168.1.1/24,2
20201019015915,10.77.1.1/24,5
20201019015916,10.77.1.1/24,-
20201019015917,192.168.1.2/24,8
20201019015918,10.77.1.1/24,-
20201019015919,10.77.1.2/24,3
20201019015920,10.20.30.1/16,7
20201019015922,10.20.30.2/16,84
20201019015923,10.20.30.2/16,10
20201019015924,10.20.30.2/16,6
20201019015925,192.168.1.1/24,13
20201019015927,10.20.30.2/16,-
20201019015928,192.168.1.2/24,10
20201019015929,10.20.30.2/16,7
20201019015930,192.168.1.2/24,3
20201019015931,10.77.1.1/24,-
20201019015932,10.20.30.2/16,7
20201019015934,10.20.30.1/16,-
20201019015935,10.20.30.2/16,4
20201019015936,10.77.1.1/24,8
20201019015937,192.168.1.2/24,1
20201019015939,10.77.1.2/24,70
20201019015941,10.20.30.2/16,4
20201019015942,192.168.1.2/24,13
20201019015943,10.20.30.2/16,9
20201019015944,192.168.1.2/24,61
20201019015945,10.77.1.2/24,2
20201019015946,10.20.30.1/16,6
20201019015947,192.168.1.1/24,2
20201019015948,192.168.1.2/24,56
20201019015949,10.20.30.1/16,6
20201019015951,10.77.1.2/24,28
20201019015952,10.77.1.2/24,3
20201019015954,192.168.1.1/24,-
20201019015955,10.20.30.2/16,7
20201019015956,192.168.1.2/24,-
20201019015957,10.20.30.1/16,-
20201019015959,10.77.1.2/24,-
20201019020000,10.20.30.1/16,4
20201019020001,10.77.1.1/24,-
20201019020002,10.77.1.1/24,-
20201019020004,10.20.30.1/16,1
20201019020005,10.20.30.2/16,1
20201019020006,192.168.1.1/24,6
20201019020008,10.20.30.2/16,5
20201019020009,192.168.1.2/24,4
20201019020010,10.77.1.2/24,3
20201019020012,192.168.1.1/24,9
20201019020013,192.168.1.2/24,8
20201019020015,10.77.1.2/24,65
20201019020016,10.20.30.2/16,5
20201019020017,10.77.1.2/24,40
20201019020018,10.77.1.2/24,10
20201019020019,10.77.1.2/24,26
20201019020020,10.77.1.2/24,9
20201019020021,10.77.1.1/24,33
20201019020022,192.168.1.2/24,4
20201019020023,10.20.30.1/16,8
20201019020024,192.168.1.1/24,7
20201019020026,10.77.1.2/24,52
20201019020028,10.77.1.2/24,4
20201019020029,192.168.1.2/24,-
20201019020030,192.168.1.1/24,6
20201019020031,10.20.30.2/16,-
20201019020032,10.20.30.1/16,22
20201019020033,10.77.1.2/24,9
20201019020034,10.77.1.1/24,16
20201019020035,10.77.1.2/24,39
20201019020036,192.168.1.1/24,-
20201019020037,192.168.1.2/24,3
20201019020038,10.20.30.1/16,-
20201019020039,10.77.1.1/24,3
20201019020040,10.77.1.2/24,97
20201019020041,10.20.30.1/16,-
20201019020042,10.20.30.1/16,85
20201019020044,10.77.1.1/24,-
20201019020045,10.77.1.1/24,5
20201019020046,10.20.30.1/16,1
20201019020047,10.77.1.2/24,-
20201019020049,192.168.1.2/24,1
20201019020051,192.168.1.2/24,1
20201019020052,10.77.1.2/24,-
20201019020053,10.20.30.2/16,7
20201019020054,10.20.30.1/16,3
20201019020055,192.168.1.2/24,68
20201019020056,10.20.30.1/16,-
20201019020058,192.168.1.1/24,7
20201019020059,10.20.30.1/16,3
20201019020101,192.168.1.2/24,9
20201019020103,10.77.1.2/24,6
20201019020105,10.20.30.1/16,6
20201019020106,10.77.1.1/24,4
20201019020108,192.168.1.1/24,39
20201019020109,10.20.30.2/16,-
20201019020110,10.77.1.1/24,1
20201019020112,192.168.1.2/24,45
20201019020113,10.20.30.2/16,60
20201019020114,10.77.1.1/24,2
20201019020115,10.77.1.2/24,-
20201019020116,10.77.1.1/24,2
20201019020118,10.77.1.1/24,-
20201019020119,192.168.1.2/24,-
20201019020121,192.168.1.1/24,5
20201019020122,10.77.1.2/24,58
20201019020124,10.77.1.1/24,-
20201019020126,10.20.30.1/16,5
20201019020127,192.168.1.1/24,-
20201019020128,10.20.30.2/16,1
20201019020129,10.20.30.2/16,2
20201019020131,10.77.1.2/24,5
20201019020132,10.77.1.2/24,85
20201019020133,192.168.1.2/24,71
20201019020134,10.20.30.2/16,9
20201019020135,10.20.30.1/16,70
20201019020136,192.168.1.1/24,2
20201019020137,192.168.1.2/24,-
20201019020139,10.20.30.2/16,83
20201019020141,10.77.1.2/24,6
20201019020142,10.77.1.2/24,96
20201019020143,192.168.1.2/24,6
20201019020144,10.77.1.2/24,5
20201019020145,192.168.1.2/24,5
20201019020146,10.20.30.1/16,15
20201019020147,192.168.1.1/24,8
20201019020149,10.77.1.1/24,49
20201019020150,10.77.1.1/24,3
20201019020151,192.168.1.2/24,95
20201019020152,10.20.30.1/16,8
20201019020154,10.20.30.1/16,1
20201019020155,10.77.1.2/24,7
20201019020156,10.77.1.2/24,1
20201019020157,10.77.1.2/24,22
20201019020158,192.168.1.1/24,65
20201019020200,192.168.1.2/24,-
20201019020201,10.20.30.2/16,8
20201019020203,10.20.30.2/16,2
20201019020205,192.168.1.1/24,55
20201019020206,192.168.1.1/24,14
20201019020207,192.168.1.2/24,91
20201019020208,10.20.30.1/16,3
20201019020209,10.20.30.2/16,62
20201019020210,10.20.30.2/16,-
20201019020211,10.77.1.2/24,1
20201019020212,10.20.30.1/16,43
20201019020214,192.168.1.2/24,6
20201019020215,10.77.1.2/24,9
20201019020216,10.20.30.2/16,10
20201019020218,10.20.30.2/16,18
20201019020219,10.77.1.1/24,8
20201019020220,10.20.30.1/16,10
20201019020221,10.77.1.1/24,4
20201019020222,10.77.1.2/24,-
20201019020223,10.20.30.1/16,-
20201019020225,10.77.1.1/24,-
20201019020227,10.20.30.2/16,7
20201019020229,192.168.1.2/24,4
20201019020230,192.168.1.1/24,9
20201019020232,10.77.1.1/24,2
20201019020233,192.168.1.1/24,16
20201019020234,10.20.30.1/16,9
20201019020235,10.77.1.1/24,-
20201019020236,192.168.1.2/24,-
20201019020237,10.77.1.1/24,79
20201019020238,192.168.1.1/24,7
20201019020239,192.168.1.1/24,10
20201019020240,192.168.1.1/24,-
20201019020242,192.168.1.2/24,84
20201019020244,10.20.30.2/16,1
20201019020245,10.77.1.1/24,2
20201019020246,10.20.30.1/16,-
20201019020247,192.168.1.2/24,35
20201019020249,10.77.1.2/24,9
20201019020250,10.20.30.1/16,-
20201019020251,192.168.1.2/24,5
20201019020252,10.20.30.2/16,-
20201019020253,10.77.1.2/24,5
20201019020254,10.77.1.2/24,29
20201019020256,192.168.1.2/24,24
20201019020258,10.77.1.1/24,8
20201019020259,10.77.1.2/24,74
20201019020300,10.77.1.2/24,10
20201019020301,192.168.1.1/24,-
20201019020302,10.20.30.2/16,8
20201019020303,192.168.1.1/24,-
20201019020304,10.77.1.1/24,99
20201019020305,192.168.1.1/24,7
20201019020306,10.77.1.1/24,8
20201019020308,10.77.1.1/24,8
20201019020309,192.168.1.1/24,78
20201019020311,10.20.30.2/16,29
20201019020313,192.168.1.1/24,-
20201019020314,192.168.1.1/24,6
20201019020315,10.20.30.2/16,12
20201019020316,10.20.30.1/16,4
20201019020317,192.168.1.2/24,7
20201019020318,192.168.1.2/24,8
20201019020319,10.77.1.2/24,3
20201019020320,192.168.1.1/24,-
20201019020321,192.168.1.2/24,-
20201019020322,192.168.1.1/24,5
20201019020323,10.77.1.1/24,-
20201019020325,10.20.30.1/16,2
20201019020327,192.168.1.2/24,1
20201019020328,192.168.1.1/24,5
20201019020329,192.168.1.2/24,40
20201019020330,10.20.30.2/16,8
20201019020331,192.168.1.2/24,12
20201019020332,192.168.1.2/24,-
20201019020334,10.20.30.2/16,62
20201019020336,192.168.1.2/24,2
20201019020337,10.77.1.1/24,65
20201019020338,192.168.1.2/24,6
20201019020340,10.77.1.2/24,8
20201019020341,192.168.1.2/24,5
20201019020342,10.20.30.1/16,-
20201019020344,10.20.30.1/16,18
20201019020345,192.168.1.2/24,2
20201019020347,10.20.30.2/16,72
20201019020349,10.77.1.1/24,-
20201019020350,10.20.30.1/16,5
20201019020351,10.20.30.2/16,4
20201019020352,192.168.1.1/24,8
20201019020353,10.20.30.1/16,97
20201019020354,192.168.1.2/24,7
20201019020355,10.20.30.2/16,8
20201019020357,10.20.30.2/16,7
20201019020358,10.77.1.1/24,5
20201019020359,10.77.1.1/24,-
20201019020400,10.77.1.2/24,5
20201019020401,10.20.30.1/16,6
20201019020402,10.77.1.1/24,6
20201019020403,10.77.1.1/24,-
20201019020404,192.168.1.2/24,4
20201019020406,10.77.1.1/24,-
20201019020407,10.77.1.1/24,7
20201019020408,192.168.1.2/24,1
20201019020409,192.168.1.1/24,6
20201019020411,10.77.1.2/24,-
20201019020412,10.20.30.1/16,-
20201019020413,10.20.30.2/16,8
20201019020414,10.77.1.1/24,1
20201019020415,192.168.1.2/24,-
20201019020416,10.20.30.2/16,6
20201019020417,192.168.1.2/24,28
20201019020418,10.77.1.2/24,7
20201019020419,192.168.1.1/24,8
20201019020420,192.168.1.2/24,-
20201019020421,10.77.1.1/24,-
20201019020422,10.20.30.1/16,9
20201019020423,10.77.1.1/24,5
20201019020424,192.168.1.1/24,7
20201019020426,192.168.1.2/24,6
20201019020427,10.20.30.2/16,4
20201019020428,192.168.1.2/24,3
20201019020429,192.168.1.2/24,19
20201019020431,10.77.1.1/24,-
20201019020432,10.20.30.2/16,7
20201019020433,10.20.30.1/16,43
20201019020434,192.168.1.2/24,-
20201019020436,10.20.30.2/16,33
20201019020437,192.168.1.2/24,9
20201019020439,10.77.1.2/24,6
20201019020440,10.77.1.2/24,-
20201019020441,192.168.1.1/24,-
20201019020442,10.77.1.1/24,8
20201019020444,10.77.1.1/24,-
20201019020445,10.77.1.1/24,7
20201019020446,10.77.1.1/24,10
20201019020447,10.20.30.2/16,8
20201019020448,10.77.1.2/24,-
20201019020450,10.20.30.1/16,2
20201019020451,192.168.1.2/24,84
20201019020452,192.168.1.1/24,-
20201019020453,10.77.1.2/24,8
20201019020454,10.77.1.2/24,-
20201019020455,10.77.1.1/24,5
20201019020456,10.77.1.2/24,30
20201019020457,10.20.30.2/16,9
20201019020458,192.168.1.1/24,-
20201019020500,10.20.30.1/16,24
20201019020501,10.20.30.1/16,77
20201019020503,10.20.30.1/16,4
20201019020504,10.20.30.2/16,-
20201019020505,10.20.30.2/16,4
20201019020506,10.20.30.1/16,-
20201019020507,10.77.1.2/24,70
20201019020508,10.20.30.1/16,37
20201019020509,10.77.1.2/24,1
20201019020510,10.20.30.2/16,-
20201019020511,192.168.1.1/24,6
20201019020512,192.168.1.2/24,2
20201019020513,10.20.30.1/16,59
20201019020514,192.168.1.2/24,-
20201019020516,192.168.1.2/24,8
20201019020517,192.168.1.1/24,6
20201019020518,10.20.30.1/16,-
20201019020519,10.77.1.2/24,7
20201019020520,192.168.1.2/24,5
20201019020521,10.77.1.1/24,68
20201019020523,10.20.30.1/16,9
20201019020524,192.168.1.1/24,16
20201019020525,10.77.1.1/24,99
20201019020526,10.77.1.1/24,4
20201019020527,10.20.30.2/16,6
20201019020528,192.168.1.2/24,-
20201019020529,10.20.30.1/16,2
20201019020530,192.168.1.2/24,5
20201019020531,192.168.1.2/24,79
20201019020533,192.168.1.2/24,7
20201019020534,10.77.1.1/24,6
20201019020535,192.168.1.2/24,2
20201019020536,192.168.1.1/24,50
20201019020537,10.77.1.2/24,5
20201019020538,10.77.1.1/24,-
20201019020539,192.168.1.1/24,-
20201019020540,10.77.1.1/24,-
20201019020541,10.77.1.2/24,9
20201019020542,192.168.1.1/24,1
20201019020544,10.20.30.2/16,34
20201019020545,10.77.1.2/24,-
20201019020546,192.168.1.1/24,-
20201019020547,192.168.1.1/24,8
20201019020548,10.20.30.2/16,8
20201019020549,10.77.1.1/24,8
20201019020550,10.77.1.1/24,4
20201019020551,10.20.30.2/16,21
20201019020552,192.168.1.1/24,9
20201019020554,10.20.30.1/16,-
20201019020555,192.168.1.1/24,8
20201019020556,10.20.30.2/16,15
20201019020557,10.77.1.2/24,-
20201019020558,10.77.1.1/24,6
20201019020559,192.168.1.1/24,8
20201019020601,192.168.1.2/24,7
20201019020602,10.77.1.2/24,98
20201019020603,10.77.1.2/24,63
20201019020605,192.168.1.2/24,3
20201019020607,192.168.1.2/24,3
20201019020608,10.77.1.1/24,-
20201019020609,192.168.1.1/24,6
20201019020610,10.20.30.1/16,3
20201019020611,10.20.30.2/16,11
20201019020612,192.168.1.2/24,6
20201019020613,10.20.30.1/16,-
20201019020614,192.168.1.1/24,69
20201019020615,10.77.1.1/24,4
20201019020616,192.168.1.1/24,-
20201019020617,10.20.30.2/16,-
20201019020618,10.20.30.2/16,-
20201019020620,10.77.1.1/24,17
20201019020622,10.77.1.1/24,9
20201019020623,192.168.1.2/24,-
20201019020624,10.20.30.1/16,72
20201019020625,192.168.1.1/24,2
20201019020626,10.20.30.1/16,8
20201019020627,10.77.1.2/24,36
20201019020628,10.77.1.1/24,-
20201019020630,10.77.1.2/24,28
20201019020631,192.168.1.2/24,9
20201019020632,10.20.30.2/16,45
20201019020633,192.168.1.1/24,-
20201019020634,192.168.1.2/24,8
20201019020636,10.20.30.1/16,8
20201019020637,10.20.30.1/16,14
20201019020638,10.20.30.2/16,7
20201019020640,192.168.1.2/24,1
20201019020641,10.77.1.2/24,48
20201019020642,10.77.1.2/24,10
20201019020644,10.77.1.1/24,-
20201019020645,10.20.30.2/16,-
20201019020647,192.168.1.2/24,9
20201019020649,10.20.30.2/16,2
20201019020651,10.20.30.2/16,3
20201019020652,10.77.1.1/24,9
20201019020653,10.20.30.1/16,2
20201019020655,10.77.1.2/24,7
20201019020656,192.168.1.1/24,6
20201019020657,10.77.1.2/24,-
20201019020658,10.77.1.2/24,7
20201019020700,10.77.1.2/24,-
20201019020701,192.168.1.1/24,6
20201019020702,10.77.1.1/24,3
20201019020703,10.77.1.2/24,-
20201019020704,192.168.1.2/24,16
20201019020705,10.20.30.2/16,8
20201019020707,10.77.1.2/24,8
20201019020708,10.77.1.1/24,-
20201019020710,192.168.1.2/24,2
20201019020711,192.168.1.2/24,3
20201019020712,10.77.1.1/24,22
20201019020713,192.168.1.2/24,41
20201019020715,10.20.30.2/16,1
20201019020716,192.168.1.1/24,74
20201019020717,192.168.1.1/24,5
20201019020718,192.168.1.2/24,-
20201019020719,10.20.30.1/16,17
20201019020720,192.168.1.1/24,1
20201019020721,10.20.30.1/16,5
20201019020722,10.20.30.1/16,-
20201019020723,10.20.30.2/16,2
20201019020724,10.20.30.2/16,8
20201019020725,10.77.1.2/24,39
20201019020726,192.168.1.2/24,27
20201019020727,10.77.1.2/24,8
20201019020728,10.77.1.1/24,28
20201019020729,192.168.1.1/24,3
20201019020730,10.20.30.1/16,6
20201019020731,192.168.1.2/24,-
20201019020732,192.168.1.1/24,3
20201019020734,10.20.30.1/16,37
20201019020735,10.20.30.1/16,-
20201019020736,10.77.1.2/24,86
20201019020737,10.20.30.2/16,2
20201019020738,10.77.1.1/24,46
20201019020739,192.168.1.2/24,46
20201019020741,192.168.1.1/24,8
20201019020742,10.77.1.1/24,8
20201019020743,10.77.1.2/24,-
20201019020745,10.77.1.1/24,-
20201019020747,10.77.1.1/24,58
20201019020748,10.77.1.2/24,9
20201019020749,10.20.30.1/16,8
20201019020750,192.168.1.1/24,9
20201019020751,192.168.1.1/24,-
20201019020752,192.168.1.1/24,-
20201019020753,192.168.1.2/24,-
20201019020754,10.20.30.2/16,6
20201019020755,10.77.1.1/24,-
20201019020756,10.77.1.2/24,16
20201019020757,192.168.1.1/24,-
20201019020758,10.20.30.2/16,5
20201019020759,10.20.30.1/16,-
20201019020801,10.20.30.1/16,-
20201019020802,10.77.1.2/24,4
20201019020803,10.77.1.2/24,-
20201019020804,10.77.1.2/24,47
20201019020805,10.77.1.2/24,-
20201019020806,192.168.1.1/24,42
20201019020807,10.20.30.2/16,1
20201019020809,10.20.30.1/16,28
20201019020810,10.20.30.1/16,5
20201019020812,10.77.1.1/24,-
20201019020814,10.77.1.2/24,38
20201019020815,10.77.1.2/24,-
20201019020816,10.20.30.1/16,8
20201019020817,192.168.1.1/24,-
20201019020819,10.20.30.1/16,10
20201019020820,10.20.30.1/16,8
20201019020821,10.20.30.2/16,7
20201019020823,192.168.1.2/24,9
20201019020824,192.168.1.1/24,-
20201019020825,192.168.1.2/24,1
20201019020826,10.77.1.1/24,23
20201019020827,10.20.30.2/16,4
20201019020829,10.77.1.2/24,-
20201019020830,10.77.1.2/24,18
20201019020831,10.77.1.1/24,5
20201019020832,192.168.1.1/24,-
20201019020833,10.20.30.1/16,34
20201019020834,10.20.30.1/16,-
20201019020836,192.168.1.2/24,2
20201019020838,10.20.30.1/16,5
20201019020839,10.20.30.1/16,4
20201019020841,10.20.30.1/16,70
20201019020843,10.77.1.2/24,8
20201019020844,10.20.30.2/16,-
20201019020845,10.20.30.2/16,-
20201019020846,10.77.1.2/24,9
20201019020847,10.77.1.2/24,9
20201019020848,10.20.30.1/16,4
20201019020849,10.20.30.2/16,1
20201019020851,10.77.1.1/24,9
20201019020852,10.20.30.1/16,2
20201019020853,192.168.1.1/24,-
20201019020854,10.20.30.1/16,1
20201019020855,10.20.30.1/16,1
20201019020857,192.168.1.2/24,24
20201019020858,10.20.30.1/16,9
20201019020900,192.168.1.2/24,-
20201019020902,10.77.1.1/24,7
20201019020903,10.77.1.2/24,7
20201019020904,10.20.30.2/16,8
20201019020905,10.20.30.2/16,2
20201019020906,10.77.1.2/24,2
20201019020907,10.20.30.2/16,7
20201019020908,192.168.1.1/24,2
20201019020909,10.77.1.2/24,5
20201019020910,10.20.30.2/16,-
20201019020911,10.77.1.1/24,9
20201019020912,192.168.1.2/24,12
20201019020913,10.77.1.2/24,29
20201019020915,10.77.1.1/24,8
20201019020916,10.77.1.2/24,-
20201019020917,192.168.1.2/24,-
20201019020919,10.20.30.2/16,-
20201019020920,10.77.1.1/24,6
20201019020921,192.168.1.2/24,20
20201019020922,192.168.1.1/24,6
20201019020923,10.20.30.1/16,4
20201019020924,10.20.30.1/16,6
20201019020925,10.77.1.1/24,97
20201019020926,192.168.1.2/24,2
20201019020927,10.77.1.1/24,3
20201019020928,10.20.30.1/16,6
20201019020929,10.20.30.2/16,4
20201019020930,192.168.1.1/24,7
20201019020931,192.168.1.1/24,1
20201019020932,192.168.1.2/24,6
20201019020933,10.20.30.2/16,29
20201019020934,10.77.1.1/24,-
20201019020935,10.20.30.2/16,1
20201019020936,10.77.1.2/24,67
20201019020938,10.77.1.1/24,-
20201019020939,10.20.30.1/16,-
20201019020940,10.20.30.1/16,27
20201019020941,10.77.1.1/24,3
20201019020943,192.168.1.1/24,-
20201019020944,10.77.1.2/24,-
20201019020945,192.168.1.2/24,4
20201019020947,192.168.1.1/24,4
20201019020949,10.77.1.2/24,1
20201019020950,192.168.1.1/24,-
20201019020951,10.77.1.1/24,9
20201019020953,10.20.30.2/16,74
20201019020954,10.77.1.1/24,-
20201019020955,10.77.1.2/24,-
20201019020956,10.20.30.1/16,73
20201019020957,10.77.1.2/24,9
20201019020959,10.20.30.2/16,5
20201019021000,192.168.1.1/24,2
20201019021001,192.168.1.1/24,8
20201019021003,192.168.1.2/24,-
20201019021004,10.77.1.1/24,5
20201019021005,10.20.30.1/16,5
20201019021006,10.77.1.1/24,-
20201019021007,10.77.1.1/24,18
20201019021008,10.77.1.1/24,-
20201019021009,192.168.1.1/24,-
20201019021010,192.168.1.2/24,7
20201019021011,192.168.1.2/24,39
20201019021012,10.20.30.2/16,-
20201019021014,10.20.30.1/16,-
20201019021015,10.77.1.1/24,2
20201019021016,192.168.1.1/24,-
20201019021017,192.168.1.1/24,-
20201019021018,10.20.30.1/16,4
20201019021020,192.168.1.2/24,48
20201019021021,192.168.1.1/24,7
20201019021023,10.77.1.2/24,3
20201019021024,10.20.30.1/16,22
20201019021025,192.168.1.1/24,25
20201019021027,192.168.1.1/24,2
20201019021028,10.77.1.2/24,-
20201019021029,10.20.30.1/16,6
20201019021030,192.168.1.2/24,1
20201019021031,10.77.1.2/24,8
20201019021032,10.77.1.1/24,3
20201019021033,192.168.1.2/24,-
20201019021034,10.20.30.1/16,-
20201019021035,10.20.30.1/16,-
20201019021036,192.168.1.2/24,1
20201019021038,10.20.30.2/16,44
20201019021039,192.168.1.2/24,7
20201019021040,10.77.1.2/24,4
20201019021041,10.20.30.2/16,7
20201019021042,10.20.30.1/16,6
20201019021043,10.20.30.2/16,9
20201019021044,10.77.1.2/24,2
20201019021046,10.77.1.1/24,4
20201019021047,10.77.1.2/24,3
20201019021049,10.20.30.1/16,4
20201019021050,10.77.1.2/24,4
20201019021052,10.20.30.1/16,4
20201019021053,10.77.1.1/24,6
20201019021055,10.77.1.2/24,-
20201019021057,10.77.1.2/24,-
20201019021058,10.77.1.2/24,8
20201019021100,10.77.1.1/24,0
20201019021102,10.77.1.2/24,4
20201019021103,10.77.1.1/24,43
20201019021105,10.77.1.2/24,19
20201019021106,10.20.30.1/16,-
20201019021108,10.77.1.1/24,-
20201019021109,10.20.30.2/16,75
20201019021111,192.168.1.2/24,4
20201019021112,10.20.30.2/16,15
20201019021113,192.168.1.2/24,-
20201019021114,10.77.1.2/24,7
20201019021116,192.168.1.2/24,1
20201019021117,10.77.1.2/24,6
20201019021118,10.20.30.1/16,8
20201019021119,10.77.1.2/24,34
20201019021120,10.20.30.1/16,45
20201019021121,192.168.1.1/24,9
20201019021122,10.77.1.2/24,5
20201019021124,10.77.1.1/24,1
20201019021125,192.168.1.2/24,9
20201019021127,10.77.1.1/24,3
20201019021129,10.20.30.1/16,7
20201019021130,10.20.30.2/16,7
20201019021131,10.20.30.2/16,-
20201019021132,192.168.1.2/24,-
20201019021134,192.168.1.2/24,1
20201019021136,10.77.1.2/24,26
20201019021137,192.168.1.2/24,5
20201019021139,192.168.1.2/24,1
20201019021140,10.77.1.1/24,3
20201019021141,192.168.1.2/24,4
20201019021142,192.168.1.1/24,4
20201019021143,10.20.30.1/16,57
20201019021144,192.168.1.1/24,3
20201019021145,10.20.30.2/16,-
20201019021146,10.77.1.2/24,2
20201019021147,10.20.30.2/16,-
20201019021148,10.20.30.2/16,9
20201019021149,10.20.30.2/16,4
20201019021150,10.77.1.1/24,79
20201019021151,10.77.1.1/24,8
20201019021153,192.168.1.2/24,9
20201019021154,192.168.1.2/24,9
20201019021155,192.168.1.1/24,40
20201019021156,10.20.30.2/16,69
20201019021157,10.77.1.2/24,5
20201019021159,10.20.30.1/16,7
20201019021201,192.168.1.2/24,-
20201019021202,10.20.30.2/16,5
20201019021203,192.168.1.2/24,3
20201019021204,10.77.1.1/24,53
20201019021205,10.77.1.1/24,5
20201019021206,192.168.1.1/24,-
20201019021207,10.20.30.1/16,41
20201019021208,10.77.1.1/24,8
20201019021209,192.168.1.2/24,26
20201019021210,10.77.1.1/24,1
20201019021212,10.20.30.2/16,1
20201019021213,192.168.1.2/24,6
20201019021215,192.168.1.1/24,3
20201019021217,10.20.30.2/16,20
20201019021219,192.168.1.2/24,38
20201019021221,10.20.30.2/16,3
20201019021222,192.168.1.1/24,1
20201019021224,192.168.1.1/24,6
20201019021225,192.168.1.1/24,-
20201019021226,10.77.1.2/24,30
20201019021228,192.168.1.1/24,3
20201019021229,10.77.1.1/24,8
20201019021230,192.168.1.1/24,15
20201019021231,10.77.1.1/24,28
20201019021233,10.20.30.2/16,-
20201019021234,10.20.30.1/16,-
20201019021236,192.168.1.1/24,37
20201019021237,10.20.30.2/16,-
20201019021239,192.168.1.1/24,-
20201019021240,192.168.1.2/24,11
20201019021241,10.77.1.2/24,6
20201019021242,10.20.30.2/16,19
20201019021243,10.20.30.1/16,7
20201019021245,10.20.30.1/16,12
20201019021247,10.20.30.2/16,4
20201019021248,10.77.1.1/24,7
20201019021250,10.20.30.2/16,25
20201019021252,192.168.1.2/24,9
20201019021254,192.168.1.1/24,9
20201019021256,192.168.1.2/24,1
20201019021257,10.20.30.2/16,30
20201019021258,192.168.1.2/24,4
20201019021259,10.77.1.2/24,6
20201019021300,192.168.1.2/24,7
20201019021301,10.20.30.2/16,-
20201019021302,10.20.30.2/16,4
20201019021303,10.20.30.2/16,8
20201019021305,10.77.1.2/24,-
20201019021306,192.168.1.1/24,-
20201019021307,10.77.1.2/24,9
20201019021308,192.168.1.2/24,-
20201019021309,10.20.30.1/16,-
20201019021310,192.168.1.2/24,-
20201019021312,10.77.1.2/24,-
20201019021313,192.168.1.1/24,7
20201019021314,10.20.30.1/16,2
20201019021315,10.77.1.2/24,11
20201019021316,10.20.30.2/16,27
20201019021317,10.77.1.2/24,2
20201019021319,10.77.1.1/24,35
20201019021320,10.77.1.1/24,8
20201019021321,10.77.1.2/24,-
20201019021323,192.168.1.2/24,16
20201019021325,10.20.30.2/16,7
20201019021326,10.20.30.1/16,69
20201019021327,10.77.1.2/24,4
20201019021329,10.20.30.2/16,65
20201019021330,10.77.1.1/24,3
20201019021331,192.168.1.1/24,9
20201019021332,10.20.30.2/16,1
20201019021333,192.168.1.1/24,4
20201019021335,10.77.1.2/24,3
20201019021336,10.20.30.2/16,48
20201019021337,10.77.1.2/24,0
20201019021338,10.20.30.1/16,8
20201019021340,10.20.30.1/16,9
20201019021342,10.77.1.1/24,-
20201019021344,10.20.30.2/16,5
20201019021345,10.20.30.2/16,59
20201019021346,10.77.1.1/24,11
20201019021347,192.168.1.1/24,-
20201019021348,192.168.1.2/24,-
20201019021349,192.168.1.1/24,4
20201019021350,192.168.1.2/24,78
20201019021351,10.20.30.1/16,58
20201019021352,192.168.1.1/24,-
20201019021353,192.168.1.1/24,-
20201019021354,10.77.1.1/24,3
20201019021356,10.20.30.2/16,3
20201019021357,192.168.1.1/24,9
20201019021359,10.77.1.1/24,8
20201019021400,10.20.30.2/16,7
20201019021401,10.20.30.2/16,12
20201019021402,192.168.1.2/24,6
20201019021403,10.77.1.2/24,1
20201019021405,10.20.30.2/16,6
20201019021406,192.168.1.1/24,2
20201019021407,10.77.1.1/24,4
20201019021408,10.77.1.2/24,-
20201019021409,10.20.30.1/16,13
20201019021410,192.168.1.1/24,6
20201019021411,10.20.30.1/16,65
20201019021412,10.20.30.1/16,7
20201019021413,10.20.30.2/16,6
20201019021415,10.20.30.1/16,-
20201019021416,10.20.30.1/16,-
20201019021418,10.77.1.2/24,4
20201019021419,10.77.1.2/24,-
20201019021420,10.77.1.1/24,-
20201019021421,10.77.1.1/24,-
20201019021423,10.77.1.1/24,-
20201019021424,10.20.30.2/16,-
20201019021425,192.168.1.2/24,11
20201019021426,10.77.1.2/24,7
20201019021428,10.77.1.1/24,16
20201019021429,10.20.30.2/16,-
20201019021431,10.20.30.2/16,19
20201019021432,192.168.1.2/24,2
20201019021433,192.168.1.2/24,-
20201019021434,192.168.1.1/24,6
20201019021435,10.77.1.2/24,-
20201019021437,10.20.30.1/16,1
20201019021438,10.20.30.2/16,7
20201019021439,10.77.1.2/24,2
20201019021440,192.168.1.1/24,5
20201019021441,10.20.30.1/16,-
20201019021443,192.168.1.2/24,-
20201019021444,10.20.30.1/16,2
20201019021445,10.77.1.2/24,5
20201019021447,192.168.1.1/24,10
20201019021448,192.168.1.2/24,2
20201019021449,192.168.1.1/24,-
20201019021450,10.20.30.2/16,1
20201019021451,10.77.1.2/24,47
20201019021453,10.77.1.1/24,9
20201019021454,10.20.30.1/16,5
20201019021455,10.77.1.2/24,2
20201019021456,10.20.30.2/16,9
20201019021457,10.20.30.2/16,4
20201019021458,10.77.1.2/24,2
20201019021459,10.77.1.1/24,-
20201019021500,10.77.1.2/24,3
20201019021501,192.168.1.2/24,-
20201019021502,10.20.30.2/16,-
20201019021503,10.77.1.2/24,-
20201019021504,10.77.1.1/24,24
20201019021505,10.77.1.1/24,-
20201019021506,10.20.30.1/16,5
20201019021507,10.77.1.2/24,2
20201019021509,10.77.1.2/24,4
20201019021510,10.20.30.2/16,-
20201019021512,10.77.1.1/24,17
20201019021514,192.168.1.1/24,-
20201019021516,10.77.1.2/24,5
20201019021517,10.20.30.2/16,-
20201019021518,10.77.1.2/24,2
20201019021519,192.168.1.1/24,6
20201019021521,10.77.1.2/24,5
20201019021522,192.168.1.1/24,1
20201019021523,10.20.30.1/16,16
20201019021525,10.77.1.2/24,8
20201019021526,10.20.30.2/16,-
20201019021528,10.77.1.1/24,-
20201019021529,192.168.1.2/24,4
20201019021530,10.20.30.1/16,4
20201019021532,10.20.30.1/16,2
20201019021533,10.20.30.1/16,1
20201019021534,192.168.1.1/24,21
20201019021535,10.77.1.2/24,82
20201019021536,10.77.1.2/24,1
20201019021537,192.168.1.1/24,1
20201019021538,10.77.1.2/24,97
20201019021540,10.77.1.2/24,-
20201019021541,192.168.1.1/24,-
20201019021542,10.77.1.1/24,2
20201019021543,10.20.30.1/16,1
20201019021544,192.168.1.1/24,55
20201019021546,10.20.30.2/16,-
20201019021548,192.168.1.1/24,1
20201019021549,10.77.1.2/24,-
20201019021550,192.168.1.2/24,-
20201019021551,10.77.1.1/24,1
20201019021552,192.168.1.2/24,33
20201019021554,10.20.30.2/16,3
20201019021555,192.168.1.1/24,9
20201019021556,10.20.30.1/16,1
20201019021557,192.168.1.2/24,5
20201019021559,192.168.1.2/24,6
20201019021600,10.20.30.2/16,24
20201019021602,192.168.1.2/24,28
20201019021603,10.20.30.1/16,64
20201019021604,10.77.1.2/24,1
20201019021606,10.77.1.2/24,3
20201019021607,10.20.30.1/16,4
20201019021608,10.77.1.2/24,5
20201019021609,10.77.1.2/24,5
20201019021610,10.77.1.2/24,96
20201019021611,10.77.1.2/24,-
20201019021612,10.20.30.2/16,9
20201019021613,10.20.30.1/16,8
20201019021614,10.77.1.1/24,7
20201019021615,10.20.30.2/16,8
20201019021616,10.77.1.2/24,6
20201019021617,192.168.1.1/24,24
20201019021618,10.77.1.1/24,-
20201019021619,10.20.30.2/16,-
20201019021620,192.168.1.2/24,7
20201019021622,10.20.30.2/16,1
20201019021623,192.168.1.2/24,-
20201019021625,10.77.1.2/24,86
20201019021626,10.20.30.1/16,8
20201019021627,192.168.1.2/24,91
20201019021628,10.20.30.2/16,6
20201019021629,10.77.1.2/24,3
20201019021631,10.20.30.2/16,9
20201019021633,10.20.30.2/16,10
20201019021634,10.77.1.1/24,10
20201019021635,10.20.30.1/16,6
20201019021636,10.20.30.2/16,9
20201019021638,10.20.30.1/16,49
20201019021640,10.77.1.2/24,55
20201019021641,10.20.30.2/16,-
20201019021642,10.77.1.1/24,6
20201019021643,10.20.30.2/16,1
20201019021644,10.20.30.1/16,-
20201019021645,10.20.30.1/16,8
20201019021646,10.20.30.1/16,-
20201019021647,10.20.30.1/16,3
20201019021649,10.20.30.1/16,-
20201019021650,192.168.1.2/24,67
20201019021651,192.168.1.1/24,7
20201019021652,192.168.1.1/24,84
20201019021653,10.77.1.2/24,-
20201019021654,192.168.1.1/24,4
20201019021655,10.77.1.2/24,40
20201019021656,10.20.30.2/16,5
20201019021658,10.20.30.2/16,8
20201019021659,10.20.30.2/16,7
20201019021701,192.168.1.2/24,11
20201019021702,10.77.1.2/24,6
20201019021703,10.77.1.1/24,5
20201019021705,10.77.1.1/24,33
20201019021707,192.168.1.2/24,2
20201019021708,10.20.30.2/16,7
20201019021709,192.168.1.1/24,4
20201019021710,10.20.30.2/16,83
20201019021712,192.168.1.1/24,7
20201019021713,10.20.30.2/16,1
20201019021714,10.20.30.1/16,-
20201019021715,10.77.1.2/24,4
20201019021716,10.20.30.2/16,3
20201019021717,192.168.1.1/24,2
20201019021718,192.168.1.2/24,99
20201019021719,10.20.30.2/16,0
20201019021721,10.77.1.2/24,9
20201019021722,192.168.1.2/24,3
20201019021723,192.168.1.2/24,-
20201019021724,10.77.1.1/24,4
20201019021725,10.77.1.1/24,-
20201019021726,10.77.1.1/24,44
20201019021727,10.77.1.1/24,29
20201019021728,10.77.1.1/24,73
20201019021729,192.168.1.2/24,8
20201019021730,10.20.30.1/16,7
20201019021731,192.168.1.1/24,3
20201019021732,10.20.30.2/16,54
20201019021733,10.20.30.1/16,32
20201019021734,192.168.1.1/24,9
20201019021735,192.168.1.1/24,87
20201019021737,10.20.30.2/16,1
20201019021738,192.168.1.1/24,5
20201019021740,10.77.1.1/24,-
20201019021742,192.168.1.2/24,2
20201019021743,10.20.30.1/16,3
20201019021744,10.20.30.2/16,-
20201019021745,10.77.1.1/24,7
20201019021747,192.168.1.2/24,2
20201019021748,192.168.1.2/24,30
20201019021750,10.20.30.2/16,-
20201019021751,10.20.30.2/16,8
20201019021752,192.168.1.2/24,8
20201019021753,10.77.1.1/24,5
20201019021754,10.20.30.1/16,1
20201019021756,10.20.30.1/16,8
20201019021757,10.20.30.2/16,4
20201019021758,192.168.1.1/24,18
20201019021759,192.168.1.1/24,-
20201019021800,10.20.30.2/16,8
20201019021801,192.168.1.2/24,-
20201019021803,10.20.30.2/16,5
20201019021804,10.77.1.1/24,1
20201019021805,10.77.1.2/24,4
20201019021806,10.20.30.1/16,6
20201019021807,10.77.1.1/24,9
20201019021808,10.77.1.1/24,-
20201019021809,10.20.30.1/16,0
20201019021810,192.168.1.1/24,69
20201019021811,192.168.1.2/24,62
20201019021812,10.77.1.2/24,-
20201019021814,10.77.1.2/24,50
20201019021815,10.77.1.1/24,-
20201019021817,10.77.1.1/24,9
20201019021819,10.77.1.1/24,58
20201019021821,10.20.30.2/16,2
20201019021822,10.20.30.1/16,32
20201019021823,10.77.1.2/24,1
20201019021824,192.168.1.1/24,17
20201019021826,10.20.30.1/16,4
20201019021827,10.20.30.1/16,7
20201019021828,192.168.1.2/24,-
20201019021829,192.168.1.2/24,5
20201019021830,10.77.1.2/24,20
20201019021831,10.20.30.2/16,-
20201019021832,10.77.1.1/24,-
20201019021834,10.20.30.1/16,44
20201019021836,10.20.30.2/16,5
20201019021837,192.168.1.2/24,3
20201019021838,10.77.1.2/24,46
20201019021839,10.20.30.2/16,6
20201019021840,10.77.1.2/24,1
20201019021841,192.168.1.2/24,8
20201019021842,192.168.1.1/24,2
20201019021843,10.77.1.2/24,95
20201019021844,192.168.1.2/24,9
20201019021846,192.168.1.2/24,56
20201019021847,192.168.1.2/24,1
20201019021848,10.77.1.2/24,8
20201019021849,10.20.30.2/16,11
20201019021851,10.77.1.2/24,3
20201019021852,192.168.1.1/24,6
20201019021853,192.168.1.1/24,1
20201019021855,192.168.1.1/24,14
20201019021856,192.168.1.1/24,3
20201019021857,10.20.30.2/16,2
20201019021858,192.168.1.1/24,0
20201019021859,10.20.30.1/16,31
20201019021900,10.77.1.2/24,9
20201019021902,192.168.1.1/24,8
20201019021904,10.77.1.2/24,72
20201019021905,192.168.1.2/24,2
20201019021906,192.168.1.1/24,3
20201019021907,10.20.30.2/16,-
20201019021909,192.168.1.2/24,-
20201019021911,10.77.1.2/24,6
20201019021912,10.20.30.1/16,85
20201019021914,192.168.1.2/24,2
20201019021915,10.20.30.1/16,84
20201019021917,10.77.1.2/24,8
20201019021918,192.168.1.1/24,52
20201019021919,10.77.1.1/24,3
20201019021920,10.77.1.1/24,-
20201019021921,192.168.1.1/24,44
20201019021922,10.20.30.1/16,-
20201019021923,10.20.30.1/16,-
20201019021924,10.77.1.2/24,-
20201019021925,192.168.1.2/24,24
20201019021926,10.20.30.1/16,9
20201019021927,192.168.1.1/24,8
20201019021928,10.20.30.2/16,22
20201019021929,10.20.30.1/16,40
20201019021930,10.20.30.2/16,2
20201019021931,10.20.30.2/16,7
20201019021932,10.77.1.1/24,5
20201019021934,10.77.1.1/24,9
20201019021936,10.20.30.2/16,1
20201019021937,10.77.1.1/24,6
20201019021938,192.168.1.2/24,90
20201019021939,10.20.30.1/16,9
20201019021940,10.20.30.1/16,-
20201019021941,10.77.1.2/24,65
20201019021942,10.77.1.1/24,16
20201019021943,10.77.1.2/24,2
20201019021944,10.20.30.2/16,54
20201019021945,10.77.1.1/24,3
20201019021946,192.168.1.1/24,-
20201019021947,10.20.30.2/16,-
20201019021948,192.168.1.2/24,-
20201019021949,10.77.1.2/24,1
20201019021950,10.77.1.2/24,-
20201019021951,10.20.30.1/16,-
20201019021952,10.20.30.1/16,-
20201019021953,192.168.1.1/24,9
20201019021954,192.168.1.1/24,-
20201019021955,10.77.1.2/24,26
20201019021956,10.77.1.2/24,7
20201019021957,192.168.1.2/24,2
20201019021958,192.168.1.2/24,-
20201019021959,10.77.1.2/24,3
20201019022000,192.168.1.1/24,-
20201019022001,10.77.1.1/24,3
20201019022002,10.77.1.1/24,8
20201019022003,192.168.1.2/24,8
20201019022004,10.77.1.1/24,-
20201019022005,10.20.30.2/16,71
20201019022007,192.168.1.1/24,79
20201019022008,192.168.1.1/24,15
20201019022009,192.168.1.2/24,7
20201019022010,10.20.30.2/16,3
20201019022011,10.20.30.2/16,36
20201019022012,192.168.1.1/24,4
20201019022014,10.77.1.1/24,7
20201019022015,10.77.1.2/24,6
20201019022016,10.77.1.1/24,-
20201019022017,192.168.1.1/24,90
20201019022019,10.77.1.2/24,10
20201019022020,10.20.30.2/16,13
20201019022021,10.77.1.2/24,58
20201019022022,10.20.30.2/16,-
20201019022023,192.168.1.1/24,4
20201019022024,192.168.1.2/24,-
20201019022025,10.77.1.2/24,8
20201019022026,10.20.30.2/16,4
20201019022027,10.20.30.1/16,7
20201019022029,10.77.1.1/24,-
20201019022030,192.168.1.2/24,40
20201019022031,10.20.30.2/16,18
20201019022032,10.77.1.2/24,38
20201019022033,192.168.1.1/24,7
20201019022034,192.168.1.1/24,9
20201019022035,192.168.1.1/24,6
20201019022036,192.168.1.1/24,5
20201019022037,10.20.30.2/16,6
20201019022038,192.168.1.1/24,3
20201019022040,10.77.1.2/24,7
20201019022041,192.168.1.2/24,7
20201019022042,10.77.1.1/24,92
20201019022043,10.20.30.1/16,6
20201019022044,192.168.1.2/24,-
20201019022045,10.77.1.2/24,-
20201019022046,10.77.1.2/24,5
20201019022047,10.20.30.1/16,10
20201019022048,192.168.1.1/24,4
20201019022049,192.168.1.2/24,-
20201019022050,10.77.1.2/24,2
20201019022051,10.20.30.2/16,1
20201019022052,10.20.30.1/16,1
20201019022053,192.168.1.1/24,8
20201019022054,10.20.30.1/16,-
20201019022055,10.20.30.2/16,57
20201019022056,10.20.30.1/16,5
20201019022057,10.77.1.2/24,10
20201019022058,10.20.30.2/16,-
20201019022059,10.77.1.1/24,1
20201019022100,10.20.30.2/16,-
20201019022102,10.77.1.1/24,-
20201019022103,10.77.1.2/24,-
20201019022105,10.77.1.1/24,5
20201019022106,192.168.1.1/24,8
20201019022107,192.168.1.1/24,6
20201019022109,10.77.1.1/24,17
20201019022110,192.168.1.1/24,38
20201019022111,10.77.1.2/24,2
20201019022112,10.20.30.2/16,1
20201019022113,10.20.30.2/16,56
20201019022114,10.77.1.2/24,-
20201019022115,10.20.30.2/16,88
20201019022116,10.20.30.2/16,3
20201019022117,10.20.30.2/16,-
20201019022118,10.20.30.2/16,7
20201019022119,10.20.30.1/16,6
20201019022120,192.168.1.2/24,-
20201019022122,10.77.1.1/24,46
20201019022123,10.77.1.2/24,17
20201019022124,10.77.1.1/24,8
20201019022125,10.77.1.2/24,13
20201019022126,192.168.1.1/24,5
20201019022127,10.77.1.2/24,-
20201019022128,10.20.30.1/16,6
20201019022130,192.168.1.2/24,-
20201019022131,10.77.1.1/24,6
20201019022132,10.77.1.2/24,74
20201019022133,10.20.30.1/16,29
20201019022135,192.168.1.1/24,3
20201019022137,192.168.1.2/24,4
20201019022139,192.168.1.2/24,4
20201019022140,192.168.1.1/24,-
20201019022141,10.77.1.2/24,9
20201019022142,10.20.30.1/16,4
20201019022143,10.20.30.2/16,5
20201019022144,10.20.30.1/16,-
20201019022145,10.77.1.1/24,4
20201019022147,10.20.30.2/16,5
20201019022148,10.77.1.2/24,4
20201019022149,10.20.30.1/16,2
20201019022150,10.20.30.1/16,8
20201019022151,10.77.1.1/24,7
20201019022152,192.168.1.2/24,54
20201019022153,192.168.1.1/24,6
20201019022154,192.168.1.1/24,54
20201019022155,10.20.30.1/16,41
20201019022156,192.168.1.2/24,-
20201019022157,10.20.30.1/16,-
20201019022158,10.20.30.1/16,21
20201019022159,10.20.30.1/16,74
20201019022200,192.168.1.2/24,-
20201019022202,10.77.1.2/24,3
20201019022204,10.77.1.1/24,5
20201019022206,192.168.1.2/24,-
20201019022207,10.77.1.2/24,10
20201019022209,10.77.1.1/24,9
20201019022210,10.20.30.2/16,9
20201019022211,192.168.1.2/24,-
20201019022213,192.168.1.1/24,91
20201019022214,10.77.1.1/24,1
20201019022216,192.168.1.1/24,5
20201019022217,192.168.1.2/24,7
20201019022218,10.77.1.2/24,6
20201019022219,10.20.30.2/16,16
20201019022221,192.168.1.1/24,6
20201019022222,10.77.1.2/24,-
20201019022223,192.168.1.2/24,51
20201019022225,192.168.1.2/24,6
20201019022226,10.77.1.1/24,-
20201019022228,192.168.1.1/24,8
20201019022229,192.168.1.2/24,8
20201019022231,10.77.1.1/24,9
20201019022232,192.168.1.2/24,4
20201019022233,10.77.1.2/24,-
20201019022234,192.168.1.2/24,8
20201019022235,10.20.30.1/16,4
20201019022236,10.20.30.1/16,-
20201019022237,192.168.1.1/24,10
20201019022239,10.77.1.1/24,5
20201019022240,10.20.30.2/16,-
20201019022241,10.77.1.2/24,-
20201019022242,10.77.1.2/24,7
20201019022243,10.77.1.2/24,4
20201019022245,10.77.1.2/24,48
20201019022246,10.77.1.1/24,9
20201019022247,192.168.1.2/24,-
20201019022249,192.168.1.2/24,3
20201019022250,192.168.1.2/24,79
20201019022252,10.77.1.2/24,11
20201019022253,10.20.30.1/16,-
20201019022254,10.20.30.2/16,1
20201019022255,192.168.1.1/24,4
20201019022257,10.20.30.2/16,4
20201019022258,192.168.1.1/24,85
20201019022259,10.20.30.2/16,9
20201019022300,192.168.1.1/24,-
20201019022301,10.20.30.1/16,8
20201019022302,10.20.30.2/16,21
20201019022304,10.77.1.1/24,-
20201019022306,192.168.1.2/24,74
20201019022307,10.20.30.2/16,6
20201019022308,192.168.1.2/24,-
20201019022310,10.20.30.2/16,8
20201019022312,192.168.1.1/24,6
20201019022313,192.168.1.1/24,3
20201019022315,10.77.1.1/24,8
20201019022316,10.20.30.2/16,28
20201019022318,192.168.1.1/24,1
20201019022319,192.168.1.1/24,-
20201019022320,192.168.1.1/24,1
20201019022322,10.77.1.1/24,-
20201019022323,192.168.1.1/24,4
20201019022324,10.20.30.1/16,8
20201019022325,192.168.1.2/24,61
20201019022326,10.77.1.1/24,5
20201019022328,192.168.1.1/24,5
20201019022329,10.77.1.2/24,-
20201019022330,10.20.30.2/16,8
20201019022331,10.77.1.1/24,-
20201019022332,192.168.1.2/24,5
20201019022333,10.77.1.2/24,3
20201019022334,10.77.1.2/24,10
20201019022335,10.20.30.1/16,-
20201019022337,192.168.1.2/24,3
20201019022338,10.20.30.2/16,4
20201019022339,10.77.1.2/24,49
20201019022341,10.77.1.2/24,1
20201019022342,192.168.1.2/24,4
20201019022343,10.20.30.2/16,-
20201019022344,10.20.30.1/16,6
20201019022345,10.20.30.1/16,-
20201019022346,10.77.1.1/24,6
20201019022347,10.20.30.1/16,13
20201019022348,10.20.30.2/16,-
20201019022349,10.20.30.2/16,4
20201019022350,10.77.1.2/24,23
20201019022352,10.20.30.2/16,-
20201019022353,10.20.30.2/16,13
20201019022354,10.77.1.1/24,6
20201019022355,10.20.30.1/16,-
20201019022356,10.20.30.2/16,3
20201019022357,10.77.1.1/24,51
20201019022358,192.168.1.1/24,-
20201019022400,10.20.30.2/16,-
20201019022401,10.20.30.1/16,7
20201019022402,192.168.1.1/24,-
20201019022403,192.168.1.2/24,56
20201019022404,10.77.1.1/24,4
20201019022405,10.77.1.2/24,7
20201019022407,10.20.30.1/16,-
20201019022408,10.20.30.1/16,-
20201019022410,10.77.1.1/24,-
20201019022411,10.20.30.1/16,1
20201019022412,10.20.30.1/16,2
20201019022413,10.77.1.2/24,3
20201019022414,10.20.30.2/16,60
20201019022415,10.20.30.1/16,80
20201019022417,10.20.30.2/16,-
20201019022419,10.77.1.1/24,3
20201019022420,10.77.1.2/24,5
20201019022422,10.20.30.2/16,2
20201019022423,10.77.1.1/24,2
20201019022425,10.20.30.2/16,-
20201019022426,192.168.1.1/24,37
20201019022427,10.20.30.1/16,6
20201019022429,10.77.1.1/24,1
20201019022431,10.20.30.2/16,-
20201019022432,192.168.1.1/24,6
20201019022433,10.20.30.2/16,6
20201019022435,10.20.30.1/16,83
20201019022437,10.20.30.1/16,9
20201019022439,192.168.1.1/24,68
20201019022441,192.168.1.1/24,6
20201019022442,10.77.1.2/24,4
20201019022443,10.20.30.1/16,-
20201019022444,192.168.1.1/24,-
20201019022445,10.20.30.1/16,9
20201019022447,10.77.1.2/24,8
20201019022448,192.168.1.1/24,-
20201019022449,10.20.30.2/16,2
20201019022450,10.20.30.2/16,3
20201019022451,192.168.1.1/24,4
20201019022452,10.20.30.2/16,1
20201019022453,192.168.1.2/24,31
20201019022454,10.77.1.2/24,4
20201019022455,192.168.1.2/24,8
20201019022456,10.20.30.1/16,4
20201019022457,10.20.30.1/16,67
20201019022458,10.77.1.2/24,27
20201019022500,192.168.1.2/24,-
20201019022501,10.77.1.1/24,83
20201019022502,10.77.1.2/24,6
20201019022503,10.77.1.2/24,5
20201019022504,192.168.1.1/24,-
20201019022505,10.20.30.2/16,4
20201019022506,10.20.30.1/16,-
20201019022508,10.77.1.1/24,2
20201019022509,10.20.30.1/16,16
20201019022510,192.168.1.2/24,1
20201019022511,10.77.1.2/24,8
20201019022512,10.20.30.2/16,5
20201019022513,10.77.1.2/24,6
20201019022514,192.168.1.1/24,8
20201019022515,192.168.1.1/24,2
20201019022516,192.168.1.2/24,9
20201019022517,192.168.1.2/24,7
20201019022518,192.168.1.2/24,5
20201019022519,10.20.30.1/16,5
20201019022521,10.20.30.1/16,-
20201019022522,10.77.1.1/24,61
20201019022523,10.20.30.2/16,86
20201019022524,10.20.30.2/16,-
20201019022526,10.77.1.1/24,9
20201019022527,10.20.30.2/16,-
20201019022528,10.20.30.1/16,8
20201019022529,10.77.1.2/24,-
20201019022530,192.168.1.2/24,28
20201019022531,10.20.30.1/16,11
20201019022532,10.20.30.2/16,-
20201019022533,10.77.1.1/24,3
20201019022534,10.20.30.1/16,98
20201019022535,10.77.1.2/24,5
20201019022536,192.168.1.1/24,79
20201019022537,10.20.30.1/16,52
20201019022538,10.20.30.1/16,3
20201019022539,10.77.1.1/24,2
20201019022540,192.168.1.2/24,-
20201019022542,192.168.1.2/24,-
20201019022543,10.77.1.1/24,3
20201019022544,192.168.1.1/24,32
20201019022545,192.168.1.1/24,7
20201019022546,10.20.30.1/16,8
20201019022547,10.20.30.1/16,-
20201019022548,10.20.30.1/16,-
20201019022549,10.77.1.2/24,2
20201019022550,192.168.1.1/24,8
20201019022551,10.20.30.1/16,7
20201019022552,10.77.1.1/24,3
20201019022553,10.20.30.2/16,88
20201019022554,10.77.1.2/24,2
20201019022555,192.168.1.2/24,9
20201019022556,10.20.30.2/16,9
20201019022557,192.168.1.2/24,1
20201019022558,192.168.1.2/24,-
20201019022559,10.20.30.2/16,12
20201019022601,192.168.1.2/24,-
20201019022602,10.20.30.2/16,16
20201019022603,10.20.30.1/16,3
20201019022604,10.77.1.2/24,1
20201019022605,10.77.1.1/24,-
20201019022606,192.168.1.1/24,6
20201019022607,10.77.1.2/24,24
20201019022608,192.168.1.1/24,19
20201019022610,192.168.1.1/24,7
20201019022612,10.77.1.2/24,2
20201019022614,10.77.1.1/24,81
20201019022615,10.20.30.1/16,-
20201019022617,10.20.30.1/16,-
20201019022618,192.168.1.2/24,13
20201019022619,10.77.1.1/24,16
20201019022620,192.168.1.1/24,6
20201019022621,192.168.1.2/24,75
20201019022623,10.20.30.2/16,5
20201019022624,10.77.1.2/24,1
20201019022625,192.168.1.1/24,4
20201019022627,192.168.1.2/24,10
20201019022629,10.20.30.1/16,-
20201019022630,192.168.1.1/24,10
20201019022632,192.168.1.1/24,3
20201019022633,10.20.30.2/16,6
20201019022634,10.20.30.1/16,95
20201019022636,10.20.30.2/16,9
20201019022637,10.20.30.1/16,70
20201019022638,10.77.1.1/24,51
20201019022640,192.168.1.1/24,3
20201019022641,10.77.1.2/24,5
20201019022642,10.20.30.2/16,51
20201019022643,10.77.1.1/24,-
20201019022645,10.77.1.1/24,-
20201019022646,10.77.1.1/24,50
20201019022647,10.77.1.2/24,5
20201019022648,192.168.1.1/24,46
20201019022650,192.168.1.1/24,15
20201019022651,192.168.1.2/24,23
20201019022653,192.168.1.2/24,3
20201019022654,10.77.1.2/24,7
20201019022656,10.20.30.2/16,-
20201019022657,192.168.1.1/24,76
20201019022658,10.77.1.2/24,11
20201019022659,10.77.1.1/24,9
20201019022700,192.168.1.1/24,7
20201019022702,10.20.30.1/16,92
20201019022704,10.20.30.2/16,59
20201019022705,10.20.30.1/16,-
20201019022706,192.168.1.2/24,70
20201019022707,10.77.1.1/24,-
20201019022708,10.77.1.1/24,8
20201019022710,10.77.1.2/24,5
20201019022712,192.168.1.2/24,5
20201019022713,10.77.1.1/24,-
20201019022714,192.168.1.1/24,1
20201019022716,192.168.1.2/24,9
20201019022717,10.77.1.1/24,6
20201019022718,192.168.1.1/24,3
20201019022719,10.77.1.2/24,31
20201019022721,10.77.1.2/24,8
20201019022722,192.168.1.1/24,7
20201019022724,10.77.1.1/24,8
20201019022725,10.77.1.2/24,-
20201019022727,10.20.30.2/16,6
20201019022728,10.77.1.1/24,-
20201019022729,10.20.30.1/16,9
20201019022731,192.168.1.1/24,-
20201019022732,192.168.1.2/24,63
20201019022733,10.20.30.2/16,12
20201019022734,192.168.1.1/24,4
20201019022735,10.77.1.2/24,-
20201019022736,10.20.30.1/16,70
20201019022737,10.20.30.1/16,7
20201019022739,10.77.1.1/24,6
20201019022740,10.77.1.1/24,53
20201019022741,192.168.1.1/24,7
20201019022742,10.77.1.2/24,9
20201019022743,192.168.1.2/24,1
20201019022744,192.168.1.1/24,6
20201019022745,10.20.30.2/16,70
20201019022746,10.77.1.2/24,9
20201019022747,10.20.30.2/16,-
20201019022749,10.20.30.2/16,5
20201019022750,10.77.1.2/24,7
20201019022751,10.20.30.1/16,-
20201019022753,10.20.30.1/16,9
20201019022754,10.20.30.2/16,9
20201019022755,10.77.1.1/24,-
20201019022756,192.168.1.2/24,2
20201019022757,192.168.1.2/24,-
20201019022758,10.77.1.1/24,42
20201019022800,10.77.1.2/24,3
20201019022802,192.168.1.1/24,7
20201019022803,192.168.1.1/24,4
20201019022804,10.20.30.1/16,3
20201019022805,192.168.1.1/24,4
20201019022806,192.168.1.1/24,3
20201019022807,10.77.1.1/24,5
20201019022808,10.77.1.2/24,3
20201019022809,10.20.30.2/16,6
20201019022811,10.77.1.1/24,28
20201019022812,10.77.1.2/24,91
20201019022813,10.20.30.1/16,1
20201019022814,192.168.1.2/24,-
20201019022815,192.168.1.1/24,6
20201019022816,10.20.30.1/16,8
20201019022818,10.77.1.2/24,4
20201019022820,192.168.1.2/24,83
20201019022822,10.77.1.2/24,-
20201019022823,10.20.30.1/16,10
20201019022824,10.20.30.1/16,48
20201019022825,10.77.1.2/24,86
20201019022827,10.77.1.1/24,53
20201019022828,10.20.30.2/16,1
20201019022829,192.168.1.2/24,2
20201019022830,10.20.30.2/16,-
20201019022831,10.77.1.1/24,6
20201019022832,10.77.1.1/24,-
20201019022833,192.168.1.1/24,5
20201019022834,10.77.1.2/24,5
20201019022835,10.77.1.2/24,-
20201019022836,10.20.30.2/16,6
20201019022837,10.77.1.1/24,76
20201019022838,192.168.1.2/24,8
20201019022839,10.20.30.1/16,19
20201019022841,10.77.1.2/24,69
20201019022843,10.77.1.1/24,6
20201019022844,10.20.30.1/16,-
20201019022846,10.20.30.1/16,58
20201019022847,10.77.1.1/24,75
20201019022848,10.20.30.2/16,-
20201019022849,192.168.1.2/24,-
20201019022850,10.20.30.2/16,8
20201019022851,10.77.1.2/24,7
20201019022852,10.77.1.1/24,35
20201019022853,10.77.1.1/24,-
20201019022854,10.77.1.1/24,34
20201019022855,192.168.1.2/24,58
20201019022857,192.168.1.1/24,37
20201019022858,192.168.1.2/24,-
20201019022859,10.77.1.2/24,1
20201019022900,192.168.1.2/24,-
20201019022901,192.168.1.2/24,4
20201019022902,192.168.1.2/24,-
20201019022903,10.20.30.1/16,-
20201019022904,10.77.1.2/24,9
20201019022906,10.20.30.2/16,2
20201019022907,10.77.1.2/24,1
20201019022908,192.168.1.2/24,9
20201019022909,10.77.1.1/24,7
20201019022911,10.77.1.2/24,2
20201019022912,10.77.1.2/24,-
20201019022913,10.20.30.1/16,24
20201019022914,10.77.1.2/24,1
20201019022915,192.168.1.1/24,66
20201019022917,192.168.1.2/24,-
20201019022918,10.77.1.2/24,6
20201019022919,10.20.30.2/16,28
20201019022920,10.77.1.1/24,9
20201019022921,10.20.30.2/16,1
20201019022922,10.77.1.1/24,71
20201019022923,192.168.1.2/24,2
20201019022924,10.77.1.2/24,11
20201019022925,10.20.30.2/16,6
20201019022926,10.77.1.2/24,4
20201019022928,192.168.1.2/24,6
20201019022929,10.20.30.2/16,7
20201019022930,10.77.1.2/24,-
20201019022931,192.168.1.2/24,2
20201019022932,10.20.30.1/16,-
20201019022933,10.20.30.1/16,69
20201019022934,10.20.30.1/16,8
20201019022935,10.77.1.2/24,-
20201019022937,192.168.1.2/24,19
20201019022938,10.77.1.1/24,39
20201019022940,10.77.1.2/24,1
20201019022941,192.168.1.1/24,3
20201019022942,10.77.1.1/24,-
20201019022944,10.77.1.1/24,28
20201019022945,192.168.1.1/24,2
20201019022946,192.168.1.2/24,5
20201019022947,10.77.1.2/24,-
20201019022948,10.20.30.1/16,-
20201019022950,10.20.30.2/16,1
20201019022951,192.168.1.2/24,6
20201019022953,10.20.30.1/16,19
20201019022954,10.20.30.1/16,-
20201019022955,192.168.1.2/24,-
20201019022956,10.20.30.1/16,10
20201019022957,192.168.1.2/24,-
20201019022959,192.168.1.2/24,-
20201019023000,192.168.1.2/24,4
20201019023002,10.20.30.2/16,6
20201019023004,192.168.1.2/24,7
20201019023005,10.20.30.2/16,8
20201019023006,10.77.1.2/24,5
20201019023007,10.20.30.2/16,6
20201019023008,10.20.30.2/16,-
20201019023009,10.77.1.2/24,2
20201019023011,192.168.1.2/24,7
20201019023012,10.20.30.2/16,7
20201019023014,192.168.1.2/24,-
20201019023015,192.168.1.2/24,-
20201019023016,10.77.1.1/24,8
20201019023017,10.20.30.2/16,6
20201019023019,10.77.1.1/24,-
20201019023020,192.168.1.1/24,7
20201019023021,10.20.30.1/16,7
20201019023023,192.168.1.1/24,-
20201019023024,192.168.1.2/24,5
20201019023025,192.168.1.1/24,-
20201019023027,192.168.1.1/24,9
20201019023028,192.168.1.1/24,-
20201019023029,10.20.30.1/16,-
20201019023030,10.77.1.1/24,18
20201019023031,10.77.1.1/24,-
20201019023032,10.20.30.1/16,9
20201019023034,10.20.30.1/16,7
20201019023035,10.20.30.2/16,7
20201019023036,192.168.1.1/24,4
20201019023037,10.77.1.2/24,8
20201019023039,10.20.30.1/16,8
20201019023040,10.77.1.1/24,4
20201019023041,10.20.30.2/16,-
20201019023042,10.77.1.1/24,1
20201019023044,192.168.1.1/24,1
20201019023045,10.20.30.1/16,5
20201019023046,192.168.1.2/24,29
20201019023047,192.168.1.2/24,4
20201019023049,192.168.1.1/24,5
20201019023050,192.168.1.1/24,30
20201019023052,10.77.1.2/24,88
20201019023053,192.168.1.1/24,-
20201019023054,192.168.1.2/24,3
20201019023056,192.168.1.2/24,5
20201019023058,10.77.1.1/24,-
20201019023059,192.168.1.1/24,62
20201019023100,10.77.1.1/24,7
20201019023101,192.168.1.1/24,34
20201019023103,10.77.1.1/24,9
20201019023104,10.20.30.1/16,7
20201019023106,10.77.1.2/24,8
20201019023108,192.168.1.1/24,2
20201019023110,192.168.1.2/24,1
20201019023111,10.77.1.2/24,50
20201019023112,10.20.30.1/16,-
20201019023113,192.168.1.2/24,95
20201019023114,10.20.30.1/16,3
20201019023115,192.168.1.1/24,20
20201019023116,192.168.1.2/24,-
20201019023117,192.168.1.1/24,7
20201019023119,192.168.1.1/24,74
20201019023120,10.77.1.2/24,-
20201019023121,10.20.30.2/16,27
20201019023122,192.168.1.2/24,-
20201019023123,10.20.30.1/16,-
20201019023124,192.168.1.2/24,8
20201019023125,10.77.1.1/24,3
20201019023126,10.77.1.1/24,4
20201019023127,10.77.1.2/24,2
20201019023129,10.77.1.2/24,6
20201019023130,10.77.1.1/24,6
20201019023131,192.168.1.1/24,-
20201019023132,192.168.1.1/24,8
20201019023133,10.20.30.2/16,8
20201019023134,192.168.1.2/24,5
20201019023135,192.168.1.1/24,67
20201019023137,192.168.1.2/24,5
20201019023138,192.168.1.2/24,2
20201019023140,10.77.1.2/24,-
20201019023141,10.20.30.2/16,74
20201019023142,192.168.1.1/24,1
20201019023143,10.20.30.2/16,7
20201019023145,192.168.1.2/24,-
20201019023146,10.77.1.2/24,-
20201019023148,192.168.1.1/24,84
20201019023149,192.168.1.1/24,8
20201019023150,192.168.1.1/24,-
20201019023151,10.20.30.2/16,18
20201019023153,192.168.1.2/24,6
20201019023154,192.168.1.2/24,7
20201019023156,10.20.30.2/16,6
20201019023158,192.168.1.2/24,-
20201019023159,10.20.30.2/16,-
20201019023200,10.77.1.1/24,2
20201019023201,192.168.1.2/24,11
20201019023202,10.77.1.2/24,1
20201019023203,192.168.1.1/24,3
20201019023204,10.20.30.1/16,-
20201019023205,192.168.1.1/24,81
20201019023206,10.77.1.2/24,3
20201019023207,10.77.1.1/24,85
20201019023209,10.20.30.1/16,-
20201019023210,10.77.1.2/24,76
20201019023212,192.168.1.1/24,4
20201019023213,10.20.30.1/16,12
20201019023214,192.168.1.2/24,7
20201019023215,10.77.1.1/24,3
20201019023216,192.168.1.2/24,27
20201019023217,10.20.30.1/16,50
20201019023218,10.20.30.2/16,9
20201019023219,10.77.1.2/24,9
20201019023220,10.20.30.2/16,42
20201019023221,192.168.1.2/24,1
20201019023222,10.20.30.2/16,60
20201019023223,10.20.30.1/16,65
20201019023224,192.168.1.2/24,-
20201019023225,10.77.1.1/24,11
20201019023227,10.77.1.2/24,22
20201019023228,192.168.1.1/24,3
20201019023229,10.77.1.1/24,31
20201019023230,10.20.30.2/16,17
20201019023231,192.168.1.2/24,-
20201019023232,192.168.1.1/24,6
20201019023233,10.77.1.2/24,15
20201019023234,10.20.30.1/16,9
20201019023236,10.77.1.2/24,52
20201019023238,10.77.1.1/24,2
20201019023239,192.168.1.2/24,3
20201019023240,10.20.30.2/16,1
20201019023241,192.168.1.1/24,3
20201019023242,10.20.30.2/16,6
20201019023243,192.168.1.2/24,-
20201019023244,192.168.1.1/24,4
20201019023245,10.20.30.2/16,-
20201019023246,10.77.1.2/24,1
20201019023248,10.77.1.1/24,6
20201019023249,192.168.1.1/24,6
20201019023250,10.77.1.1/24,-
20201019023251,10.20.30.2/16,17
20201019023253,10.20.30.1/16,-
20201019023254,192.168.1.1/24,4
20201019023255,10.20.30.2/16,-
20201019023256,10.77.1.1/24,16
20201019023257,10.77.1.2/24,3
20201019023258,10.77.1.2/24,2
20201019023259,10.20.30.1/16,10
20201019023300,10.20.30.2/16,8
20201019023301,10.20.30.1/16,54
20201019023303,192.168.1.2/24,94
20201019023304,10.20.30.2/16,-
20201019023305,10.77.1.2/24,-
20201019023306,10.77.1.2/24,14
20201019023308,10.20.30.1/16,-
20201019023309,10.77.1.2/24,2
20201019023310,10.20.30.1/16,2
20201019023311,192.168.1.1/24,-
20201019023312,10.20.30.1/16,-
20201019023313,192.168.1.2/24,11
20201019023314,10.77.1.1/24,6
20201019023315,192.168.1.2/24,66
20201019023316,10.77.1.2/24,9
20201019023318,192.168.1.1/24,-
20201019023319,192.168.1.1/24,8
20201019023321,192.168.1.2/24,3
20201019023322,10.77.1.1/24,4
20201019023323,192.168.1.2/24,6
20201019023324,192.168.1.1/24,75
20201019023325,192.168.1.2/24,1
20201019023327,10.77.1.1/24,16
20201019023329,10.20.30.1/16,6
20201019023331,10.20.30.1/16,19
20201019023332,10.20.30.2/16,-
20201019023333,192.168.1.1/24,7
20201019023335,10.20.30.1/16,9
20201019023336,10.77.1.1/24,2
20201019023338,192.168.1.1/24,3
20201019023340,10.20.30.1/16,11
20201019023341,192.168.1.1/24,-
20201019023342,192.168.1.1/24,93
20201019023343,10.77.1.2/24,2
20201019023345,192.168.1.2/24,78
20201019023346,10.20.30.1/16,22
20201019023347,192.168.1.1/24,6
20201019023348,10.20.30.2/16,7
20201019023349,192.168.1.2/24,-
20201019023350,10.77.1.1/24,8
20201019023351,192.168.1.2/24,8
20201019023352,10.77.1.1/24,-
20201019023354,192.168.1.1/24,28
20201019023355,10.77.1.1/24,4
20201019023357,10.77.1.1/24,1
20201019023358,10.77.1.2/24,8
20201019023359,10.20.30.2/16,2
20201019023400,192.168.1.1/24,-
20201019023402,192.168.1.1/24,-
20201019023403,192.168.1.2/24,-
20201019023404,10.20.30.2/16,1
20201019023405,192.168.1.1/24,-
20201019023407,192.168.1.2/24,2
20201019023409,10.77.1.2/24,4
20201019023411,10.20.30.2/16,94
20201019023413,192.168.1.2/24,8
20201019023414,10.20.30.1/16,2
20201019023415,10.20.30.1/16,10
20201019023417,10.20.30.2/16,-
20201019023418,10.20.30.2/16,2
20201019023419,192.168.1.1/24,8
20201019023420,192.168.1.1/24,8
20201019023421,192.168.1.1/24,90
20201019023422,10.20.30.2/16,1
20201019023424,10.77.1.2/24,92
20201019023426,192.168.1.2/24,5
20201019023427,10.77.1.1/24,-
20201019023428,10.77.1.2/24,3
20201019023429,192.168.1.1/24,1
20201019023430,192.168.1.1/24,4
20201019023432,10.20.30.1/16,-
20201019023433,192.168.1.1/24,8
20201019023435,192.168.1.1/24,2
20201019023436,192.168.1.2/24,2
20201019023438,192.168.1.2/24,6
20201019023439,10.77.1.1/24,-
20201019023440,10.77.1.1/24,-
20201019023441,10.20.30.2/16,4
20201019023442,10.77.1.1/24,6
20201019023443,10.20.30.1/16,35
20201019023444,10.20.30.1/16,11
20201019023445,10.77.1.1/24,2
20201019023446,192.168.1.1/24,30
20201019023448,10.77.1.2/24,17
20201019023450,10.77.1.1/24,10
20201019023451,10.20.30.1/16,9
20201019023453,10.20.30.2/16,8
20201019023455,10.20.30.1/16,5
20201019023457,10.20.30.2/16,7
20201019023458,192.168.1.2/24,2
20201019023459,10.77.1.2/24,-
20201019023500,10.77.1.1/24,1
20201019023501,10.77.1.2/24,11
20201019023502,10.20.30.1/16,-
20201019023503,192.168.1.2/24,86
20201019023505,10.20.30.1/16,9
20201019023506,10.20.30.1/16,89
20201019023507,192.168.1.2/24,6
20201019023508,10.20.30.1/16,14
20201019023509,192.168.1.1/24,5
20201019023510,10.77.1.1/24,15
20201019023511,10.20.30.1/16,-
20201019023512,192.168.1.2/24,4
20201019023513,10.77.1.1/24,7
20201019023514,10.77.1.1/24,1
20201019023515,10.20.30.1/16,4
20201019023516,192.168.1.2/24,-
20201019023518,192.168.1.2/24,78
20201019023519,192.168.1.2/24,6
20201019023520,10.77.1.2/24,4
20201019023522,10.20.30.2/16,38
20201019023523,10.20.30.1/16,3
20201019023524,192.168.1.2/24,8
20201019023525,10.77.1.2/24,5
20201019023526,10.77.1.2/24,4
20201019023527,10.20.30.1/16,-
20201019023528,10.77.1.1/24,9
20201019023529,10.77.1.2/24,-
20201019023531,10.77.1.1/24,61
20201019023533,10.77.1.2/24,-
20201019023534,10.77.1.2/24,2
20201019023535,192.168.1.2/24,7
20201019023537,10.20.30.2/16,4
20201019023538,192.168.1.2/24,33
20201019023539,10.20.30.2/16,39
20201019023540,10.77.1.2/24,9
20201019023541,10.77.1.2/24,1
20201019023542,10.77.1.1/24,2
20201019023543,10.20.30.2/16,6
20201019023544,192.168.1.2/24,2
20201019023545,192.168.1.1/24,7
20201019023547,192.168.1.2/24,4
20201019023548,10.20.30.2/16,3
20201019023549,10.20.30.1/16,26
20201019023550,192.168.1.1/24,90
20201019023552,10.20.30.1/16,-
20201019023553,10.20.30.1/16,76
20201019023554,192.168.1.1/24,-
20201019023555,10.20.30.2/16,8
20201019023557,10.20.30.1/16,3
20201019023559,10.77.1.2/24,10
20201019023600,10.20.30.2/16,17
20201019023602,192.168.1.1/24,9
20201019023603,10.77.1.1/24,1
20201019023604,10.77.1.2/24,5
20201019023605,192.168.1.2/24,-
20201019023606,10.20.30.2/16,6
20201019023607,192.168.1.1/24,-
20201019023609,10.77.1.1/24,15
20201019023610,10.77.1.1/24,8
20201019023612,10.20.30.2/16,-
20201019023614,10.20.30.1/16,5
20201019023615,192.168.1.1/24,4
20201019023616,10.20.30.1/16,64
20201019023617,10.20.30.1/16,2
20201019023619,192.168.1.1/24,-
20201019023620,10.20.30.1/16,7
20201019023621,192.168.1.1/24,50
20201019023622,10.20.30.1/16,-
20201019023623,10.77.1.2/24,-
20201019023624,192.168.1.1/24,4
20201019023625,10.77.1.2/24,7
20201019023626,10.77.1.1/24,-
20201019023627,10.77.1.1/24,-
20201019023628,192.168.1.2/24,3
20201019023630,10.20.30.1/16,-
20201019023631,10.20.30.1/16,-
20201019023632,10.77.1.1/24,5
20201019023633,10.20.30.2/16,8
20201019023634,10.20.30.2/16,7
20201019023635,192.168.1.2/24,58
20201019023636,10.77.1.2/24,-
20201019023637,10.20.30.2/16,23
20201019023638,10.20.30.2/16,27
20201019023639,10.77.1.2/24,45
20201019023641,10.77.1.1/24,49
20201019023642,10.20.30.1/16,5
20201019023643,192.168.1.2/24,18
20201019023644,10.77.1.1/24,-
20201019023645,10.20.30.2/16,-
20201019023646,192.168.1.1/24,-
20201019023647,192.168.1.2/24,4
20201019023648,10.20.30.1/16,66
20201019023650,10.20.30.1/16,26
20201019023652,10.77.1.1/24,-
20201019023653,192.168.1.2/24,5
20201019023654,10.77.1.1/24,8
20201019023656,192.168.1.1/24,7
20201019023658,10.20.30.1/16,-
20201019023700,10.20.30.2/16,9
20201019023701,192.168.1.2/24,4
20201019023702,192.168.1.1/24,2
20201019023703,10.20.30.2/16,-
20201019023704,10.77.1.1/24,7
20201019023705,10.77.1.2/24,8
20201019023706,10.20.30.2/16,60
20201019023707,10.77.1.1/24,7
20201019023708,10.20.30.2/16,38
20201019023710,192.168.1.2/24,5
20201019023711,10.20.30.2/16,53
20201019023713,192.168.1.2/24,-
20201019023714,10.77.1.1/24,4
20201019023715,10.77.1.2/24,-
20201019023716,10.20.30.2/16,-
20201019023717,10.20.30.2/16,2
20201019023718,10.77.1.2/24,-
20201019023719,192.168.1.1/24,-
20201019023721,10.77.1.1/24,8
20201019023722,10.77.1.1/24,6
20201019023723,192.168.1.2/24,5
20201019023725,192.168.1.1/24,-
20201019023727,10.20.30.1/16,-
20201019023729,10.20.30.2/16,8
20201019023730,10.20.30.2/16,5
20201019023731,10.20.30.1/16,-
20201019023732,10.77.1.2/24,-
20201019023733,192.168.1.2/24,84
20201019023734,192.168.1.2/24,26
20201019023735,192.168.1.1/24,1
20201019023736,192.168.1.2/24,7
20201019023737,10.77.1.2/24,8
20201019023739,10.20.30.1/16,1
20201019023740,10.20.30.2/16,-
20201019023741,10.77.1.1/24,5
20201019023742,10.77.1.1/24,10
20201019023743,10.20.30.2/16,9
20201019023744,10.77.1.1/24,-
20201019023745,10.20.30.2/16,4
20201019023746,10.77.1.2/24,2
20201019023747,10.77.1.2/24,28
20201019023748,10.77.1.1/24,14
20201019023749,10.77.1.1/24,4
20201019023750,10.77.1.2/24,3
20201019023751,10.77.1.2/24,68
20201019023752,192.168.1.1/24,-
20201019023753,10.77.1.1/24,1
20201019023754,192.168.1.2/24,-
20201019023755,10.77.1.2/24,3
20201019023756,10.20.30.1/16,8
20201019023757,10.20.30.1/16,-
20201019023758,10.77.1.1/24,9
20201019023759,192.168.1.2/24,13
20201019023800,192.168.1.2/24,9
20201019023801,192.168.1.2/24,-
20201019023802,10.77.1.2/24,3
20201019023803,192.168.1.2/24,-
20201019023805,10.20.30.2/16,8
20201019023807,10.20.30.1/16,5
20201019023808,10.77.1.1/24,26
20201019023809,192.168.1.2/24,-
20201019023810,10.20.30.2/16,-
20201019023811,10.77.1.2/24,44
20201019023812,192.168.1.1/24,6
20201019023813,192.168.1.1/24,2
20201019023814,10.77.1.1/24,2
20201019023816,10.77.1.1/24,2
20201019023817,10.77.1.1/24,-
20201019023818,192.168.1.1/24,10
20201019023819,10.20.30.2/16,-
20201019023820,192.168.1.2/24,9
20201019023821,192.168.1.1/24,-
20201019023822,10.20.30.1/16,7
20201019023823,10.20.30.2/16,5
20201019023824,10.20.30.1/16,6
20201019023825,10.20.30.1/16,-
20201019023827,10.20.30.2/16,5
20201019023828,192.168.1.2/24,5
20201019023829,192.168.1.2/24,9
20201019023831,192.168.1.1/24,7
20201019023832,192.168.1.2/24,-
20201019023833,192.168.1.2/24,6
20201019023834,10.20.30.2/16,-
20201019023835,10.20.30.2/16,15
20201019023836,10.20.30.1/16,45
20201019023837,10.77.1.2/24,8
20201019023838,192.168.1.1/24,47
20201019023839,192.168.1.2/24,2
20201019023840,10.77.1.1/24,6
20201019023841,192.168.1.2/24,2
20201019023842,10.20.30.1/16,8
20201019023844,10.20.30.1/16,5
20201019023845,10.20.30.2/16,7
20201019023847,192.168.1.1/24,3
20201019023848,192.168.1.1/24,6
20201019023850,10.20.30.2/16,-
20201019023852,10.77.1.2/24,20
20201019023853,10.77.1.1/24,-
20201019023854,10.77.1.1/24,5
20201019023855,192.168.1.2/24,-
20201019023856,192.168.1.1/24,58
20201019023857,192.168.1.1/24,2
20201019023858,10.20.30.1/16,5
20201019023859,10.20.30.2/16,9
20201019023900,10.20.30.2/16,4
20201019023902,10.20.30.2/16,51
20201019023903,10.20.30.2/16,81
20201019023905,10.20.30.1/16,54
20201019023906,192.168.1.1/24,1
20201019023907,192.168.1.1/24,8
20201019023908,10.20.30.1/16,3
20201019023909,10.20.30.2/16,30
20201019023910,10.20.30.1/16,2
20201019023911,192.168.1.2/24,9
20201019023912,192.168.1.2/24,83
20201019023913,10.77.1.1/24,1
20201019023914,10.20.30.2/16,9
20201019023915,192.168.1.2/24,2
20201019023916,10.20.30.1/16,-
20201019023918,192.168.1.1/24,-
20201019023919,10.20.30.1/16,-
20201019023920,10.20.30.2/16,95
20201019023921,192.168.1.2/24,9
20201019023922,10.77.1.1/24,-
20201019023924,10.77.1.1/24,9
20201019023925,192.168.1.1/24,13
20201019023927,10.20.30.2/16,8
20201019023928,10.20.30.2/16,6
20201019023929,10.20.30.1/16,6
20201019023930,10.20.30.1/16,-
20201019023932,10.77.1.1/24,8
20201019023933,192.168.1.2/24,4
20201019023934,192.168.1.2/24,-
20201019023935,192.168.1.1/24,53
20201019023936,10.20.30.2/16,9
20201019023938,10.77.1.2/24,41
20201019023939,10.20.30.1/16,21
20201019023941,192.168.1.1/24,28
20201019023942,10.77.1.2/24,3
20201019023943,192.168.1.2/24,61
20201019023944,10.20.30.2/16,-
20201019023945,10.77.1.1/24,35
20201019023947,192.168.1.1/24,-
20201019023948,10.77.1.2/24,60
20201019023949,10.77.1.1/24,6
20201019023950,10.20.30.1/16,-
20201019023952,192.168.1.2/24,-
20201019023954,10.20.30.2/16,51
20201019023956,10.77.1.1/24,12
20201019023957,10.77.1.1/24,3
20201019023958,10.20.30.1/16,7
20201019023959,10.77.1.1/24,4
20201019024000,192.168.1.2/24,7
20201019024001,10.20.30.1/16,7
20201019024003,10.20.30.2/16,-
20201019024004,192.168.1.2/24,12
20201019024005,10.20.30.1/16,8
20201019024006,192.168.1.2/24,-
20201019024007,10.77.1.1/24,-
20201019024008,192.168.1.1/24,27
20201019024009,192.168.1.1/24,2
20201019024011,10.77.1.2/24,-
20201019024013,10.20.30.2/16,3
20201019024014,192.168.1.2/24,8
20201019024016,10.20.30.1/16,5
20201019024018,192.168.1.2/24,9
20201019024019,192.168.1.1/24,3
20201019024020,10.77.1.2/24,2
20201019024021,192.168.1.1/24,2
20201019024022,192.168.1.2/24,6
20201019024024,10.20.30.2/16,45
20201019024025,192.168.1.2/24,2
20201019024027,10.77.1.1/24,6
20201019024028,10.20.30.2/16,44
20201019024029,192.168.1.2/24,93
20201019024030,192.168.1.2/24,1
20201019024032,10.77.1.1/24,-
20201019024034,10.20.30.2/16,-
20201019024036,10.20.30.2/16,2
20201019024038,10.77.1.2/24,38
20201019024039,10.20.30.1/16,-
20201019024040,10.77.1.2/24,80
20201019024041,192.168.1.1/24,18
20201019024042,10.20.30.1/16,36
20201019024043,192.168.1.2/24,-
20201019024044,10.77.1.2/24,5
20201019024045,192.168.1.1/24,5
20201019024047,192.168.1.2/24,-
20201019024048,10.77.1.1/24,41
20201019024049,192.168.1.2/24,3
20201019024050,10.77.1.2/24,31
20201019024051,10.20.30.1/16,-
20201019024052,192.168.1.1/24,3
20201019024053,10.77.1.1/24,7
20201019024054,10.20.30.1/16,42
20201019024055,10.20.30.2/16,-
20201019024057,192.168.1.1/24,65
20201019024058,10.77.1.2/24,-
20201019024059,10.77.1.2/24,-
20201019024100,10.20.30.1/16,39
20201019024101,10.77.1.2/24,4
20201019024103,10.77.1.2/24,-
20201019024104,10.20.30.2/16,-
20201019024105,192.168.1.2/24,1
20201019024106,10.77.1.2/24,7
20201019024107,10.20.30.1/16,8
20201019024108,192.168.1.2/24,-
20201019024109,10.20.30.1/16,1
20201019024110,10.20.30.1/16,5
20201019024112,192.168.1.2/24,-
20201019024113,10.20.30.2/16,-
20201019024114,192.168.1.2/24,9
20201019024115,192.168.1.2/24,-
20201019024116,10.77.1.2/24,10
20201019024117,10.20.30.1/16,8
20201019024119,10.77.1.1/24,-
20201019024120,10.77.1.2/24,21
20201019024122,10.77.1.1/24,43
20201019024123,10.77.1.2/24,7
20201019024124,10.20.30.1/16,-
20201019024126,10.77.1.2/24,6
20201019024127,10.20.30.1/16,1
20201019024128,10.20.30.2/16,83
20201019024129,192.168.1.1/24,-
20201019024130,10.77.1.1/24,20
20201019024131,192.168.1.2/24,6
20201019024132,10.20.30.2/16,8
20201019024133,10.20.30.1/16,-
20201019024134,10.77.1.2/24,-
20201019024135,192.168.1.2/24,2
20201019024136,10.20.30.2/16,4
20201019024137,10.77.1.1/24,17
20201019024138,10.20.30.1/16,8
20201019024139,10.20.30.1/16,61
20201019024140,10.20.30.2/16,8
20201019024141,10.20.30.1/16,8
20201019024142,10.77.1.1/24,1
20201019024144,10.77.1.1/24,-
20201019024146,10.20.30.1/16,6
20201019024147,10.77.1.1/24,7
20201019024148,10.77.1.2/24,7
20201019024149,192.168.1.1/24,8
20201019024150,192.168.1.2/24,-
20201019024151,10.20.30.2/16,5
20201019024153,10.20.30.2/16,14
20201019024154,192.168.1.2/24,64
20201019024155,10.77.1.1/24,2
20201019024156,192.168.1.2/24,-
20201019024157,10.20.30.2/16,20
20201019024158,10.20.30.1/16,4
20201019024159,10.77.1.2/24,-
20201019024200,10.77.1.2/24,11
20201019024201,10.77.1.1/24,49
20201019024202,192.168.1.2/24,12
20201019024204,10.20.30.1/16,5
20201019024206,10.77.1.2/24,55
20201019024208,10.20.30.2/16,3
20201019024209,10.77.1.2/24,12
20201019024210,10.20.30.2/16,15
20201019024211,10.77.1.1/24,6
20201019024212,10.20.30.2/16,-
20201019024213,10.20.30.2/16,-
20201019024214,10.77.1.1/24,-
20201019024215,10.20.30.1/16,-
20201019024216,10.20.30.2/16,5
20201019024217,10.20.30.1/16,18
20201019024219,10.20.30.2/16,6
20201019024220,192.168.1.2/24,8
20201019024221,10.77.1.1/24,5
20201019024223,10.20.30.1/16,7
20201019024224,10.20.30.1/16,11
20201019024226,10.20.30.2/16,9
20201019024227,10.20.30.2/16,25
20201019024228,192.168.1.1/24,8
20201019024229,10.77.1.2/24,7
20201019024230,10.77.1.2/24,-
20201019024231,10.77.1.2/24,41
20201019024232,10.20.30.1/16,-
20201019024233,10.20.30.1/16,8
20201019024234,10.77.1.2/24,8
20201019024235,192.168.1.1/24,-
20201019024236,192.168.1.1/24,49
20201019024237,10.77.1.1/24,48
20201019024238,192.168.1.2/24,-
20201019024239,192.168.1.2/24,7
20201019024240,10.20.30.2/16,8
20201019024241,10.20.30.1/16,9
20201019024242,192.168.1.1/24,3
20201019024243,10.20.30.2/16,4
20201019024244,192.168.1.1/24,9
20201019024245,10.20.30.2/16,6
20201019024247,192.168.1.1/24,-
20201019024249,192.168.1.2/24,-
20201019024251,10.77.1.1/24,92
20201019024252,10.77.1.1/24,3
20201019024253,10.77.1.1/24,5
20201019024254,10.77.1.2/24,-
20201019024255,10.77.1.1/24,6
20201019024256,10.77.1.1/24,-
20201019024257,10.20.30.1/16,12
20201019024259,10.20.30.2/16,35
20201019024300,10.20.30.2/16,7
20201019024301,10.20.30.2/16,3
20201019024302,192.168.1.1/24,71
20201019024303,192.168.1.2/24,81
20201019024304,10.20.30.1/16,4
20201019024305,192.168.1.2/24,6
20201019024306,192.168.1.2/24,-
20201019024307,10.77.1.1/24,-
20201019024308,10.77.1.1/24,4
20201019024310,192.168.1.1/24,12
20201019024311,10.77.1.2/24,9
20201019024312,10.20.30.2/16,53
20201019024314,10.20.30.2/16,1
20201019024315,192.168.1.1/24,8
20201019024316,192.168.1.1/24,41
20201019024317,192.168.1.1/24,2
20201019024318,10.77.1.1/24,78
20201019024319,10.20.30.1/16,2
20201019024321,192.168.1.2/24,9
20201019024322,10.77.1.2/24,3
20201019024323,192.168.1.1/24,-
20201019024324,192.168.1.2/24,4
20201019024325,10.77.1.2/24,3
20201019024326,192.168.1.2/24,9
20201019024327,10.20.30.2/16,1
20201019024329,10.20.30.2/16,8
20201019024330,10.77.1.1/24,-
20201019024331,192.168.1.1/24,95
20201019024332,10.77.1.2/24,49
20201019024334,10.77.1.1/24,-
20201019024335,10.77.1.1/24,5
20201019024336,10.20.30.2/16,4
20201019024337,192.168.1.1/24,3
20201019024338,10.77.1.2/24,5
20201019024339,10.20.30.2/16,-
20201019024340,192.168.1.2/24,-
20201019024341,10.77.1.1/24,2
20201019024342,10.20.30.1/16,-
20201019024343,10.77.1.1/24,5
20201019024344,10.77.1.1/24,7
20201019024346,10.77.1.1/24,-
20201019024348,10.77.1.2/24,8
20201019024350,192.168.1.2/24,1
20201019024351,10.77.1.2/24,20
20201019024352,192.168.1.1/24,2
20201019024353,192.168.1.1/24,4
20201019024355,10.77.1.2/24,9
20201019024356,192.168.1.2/24,5
20201019024357,10.20.30.2/16,-
20201019024358,192.168.1.2/24,16
20201019024359,10.77.1.2/24,-
20201019024401,192.168.1.2/24,6
20201019024403,192.168.1.2/24,5
20201019024405,10.77.1.2/24,4
20201019024406,10.77.1.1/24,-
20201019024408,10.20.30.2/16,-
20201019024409,10.77.1.2/24,3
20201019024410,10.20.30.1/16,3
20201019024411,192.168.1.2/24,-
20201019024412,192.168.1.2/24,5
20201019024414,10.77.1.1/24,86
20201019024415,192.168.1.2/24,10
20201019024416,10.77.1.2/24,-
20201019024417,10.20.30.2/16,5
20201019024419,10.77.1.2/24,6
20201019024420,10.20.30.1/16,2
20201019024421,192.168.1.2/24,2
20201019024422,10.20.30.2/16,5
20201019024423,192.168.1.2/24,9
20201019024424,10.77.1.2/24,64
20201019024425,10.20.30.2/16,44
20201019024426,10.20.30.2/16,5
20201019024427,10.20.30.1/16,1
20201019024428,10.20.30.2/16,84
20201019024429,192.168.1.1/24,-
20201019024430,192.168.1.2/24,4
20201019024431,10.20.30.2/16,55
20201019024432,10.20.30.1/16,7
20201019024434,192.168.1.2/24,30
20201019024435,10.20.30.1/16,5
20201019024436,10.77.1.2/24,24
20201019024437,10.20.30.2/16,2
20201019024439,10.20.30.1/16,20
20201019024440,10.77.1.2/24,-
20201019024441,192.168.1.2/24,6
20201019024442,10.20.30.2/16,-
20201019024443,10.77.1.2/24,96
20201019024444,10.20.30.1/16,3
20201019024446,192.168.1.1/24,20
20201019024447,192.168.1.2/24,91
20201019024448,192.168.1.2/24,4
20201019024450,10.77.1.2/24,15
20201019024451,10.77.1.2/24,-
20201019024452,192.168.1.2/24,-
20201019024454,10.20.30.1/16,-
20201019024456,10.20.30.2/16,4
20201019024457,10.20.30.2/16,7
20201019024458,10.77.1.2/24,4
20201019024500,10.77.1.1/24,-
20201019024501,10.77.1.1/24,38
20201019024503,10.20.30.2/16,-
20201019024504,10.77.1.2/24,10
20201019024506,10.20.30.2/16,5
20201019024508,10.77.1.1/24,25
20201019024509,192.168.1.2/24,4
20201019024510,192.168.1.2/24,4
20201019024512,10.77.1.1/24,7
20201019024513,10.20.30.1/16,7
20201019024514,10.20.30.2/16,71
20201019024515,192.168.1.2/24,72
20201019024517,10.20.30.2/16,8
20201019024518,192.168.1.1/24,4
20201019024519,192.168.1.2/24,3
20201019024520,10.20.30.1/16,1
20201019024521,192.168.1.2/24,45
20201019024522,10.20.30.1/16,3
20201019024523,10.77.1.2/24,-
20201019024524,10.20.30.1/16,4
20201019024525,10.77.1.1/24,-
20201019024527,192.168.1.2/24,8
20201019024528,192.168.1.2/24,-
20201019024529,192.168.1.1/24,4
20201019024531,192.168.1.2/24,8
20201019024533,10.77.1.2/24,42
20201019024534,192.168.1.1/24,-
20201019024535,10.77.1.1/24,49
20201019024536,10.20.30.1/16,6
20201019024537,10.20.30.1/16,25
20201019024539,192.168.1.2/24,1
20201019024541,10.20.30.2/16,4
20201019024543,10.20.30.2/16,4
20201019024544,192.168.1.2/24,8
20201019024545,10.20.30.1/16,7
20201019024546,10.20.30.1/16,9
20201019024548,192.168.1.2/24,9
20201019024549,10.20.30.1/16,-
20201019024551,192.168.1.1/24,9
20201019024553,10.77.1.1/24,35
20201019024554,192.168.1.1/24,8
20201019024555,192.168.1.1/24,54
20201019024556,10.77.1.1/24,1
20201019024558,192.168.1.2/24,9
20201019024600,192.168.1.1/24,5
20201019024601,192.168.1.1/24,-
20201019024602,10.20.30.2/16,8
20201019024604,192.168.1.2/24,41
20201019024605,10.20.30.1/16,97
20201019024606,10.77.1.2/24,1
20201019024607,192.168.1.2/24,-
20201019024608,192.168.1.1/24,3
20201019024610,192.168.1.1/24,5
20201019024611,192.168.1.1/24,4
20201019024613,10.20.30.1/16,7
20201019024615,10.20.30.1/16,78
20201019024616,192.168.1.1/24,5
20201019024617,10.77.1.2/24,23
20201019024618,10.20.30.1/16,10
20201019024619,10.20.30.1/16,2
20201019024621,192.168.1.2/24,3
20201019024622,192.168.1.2/24,3
20201019024623,192.168.1.1/24,13
20201019024624,192.168.1.1/24,8
20201019024625,10.20.30.1/16,-
20201019024627,10.77.1.1/24,82
20201019024628,192.168.1.2/24,4
20201019024629,10.77.1.2/24,29
20201019024630,192.168.1.1/24,9
20201019024631,192.168.1.1/24,85
20201019024632,10.20.30.1/16,2
20201019024633,10.20.30.2/16,7
20201019024634,10.77.1.1/24,1
20201019024635,192.168.1.1/24,58
20201019024637,192.168.1.2/24,-
20201019024638,10.77.1.2/24,-
20201019024639,10.20.30.2/16,7
20201019024640,192.168.1.2/24,62
20201019024641,10.77.1.2/24,-
20201019024642,10.77.1.2/24,10
20201019024644,10.20.30.1/16,57
20201019024645,192.168.1.1/24,-
20201019024646,10.77.1.2/24,-
20201019024647,10.77.1.2/24,7
20201019024649,192.168.1.2/24,1
20201019024650,10.77.1.1/24,-
20201019024652,192.168.1.1/24,3
20201019024654,10.77.1.1/24,46
20201019024655,10.77.1.2/24,93
20201019024656,192.168.1.1/24,9
20201019024657,10.20.30.1/16,-
20201019024658,10.20.30.2/16,7
20201019024659,10.77.1.1/24,-
20201019024701,10.20.30.2/16,6
20201019024702,192.168.1.1/24,24
20201019024703,10.77.1.1/24,3
20201019024704,10.77.1.2/24,-
20201019024705,10.77.1.1/24,-
20201019024706,192.168.1.2/24,5
20201019024707,192.168.1.2/24,2
20201019024708,10.77.1.1/24,-
20201019024710,10.77.1.1/24,-
20201019024712,10.77.1.1/24,1
20201019024713,192.168.1.1/24,10
20201019024714,192.168.1.1/24,72
20201019024715,192.168.1.2/24,7
20201019024716,10.77.1.2/24,4
20201019024717,10.77.1.1/24,-
20201019024718,10.20.30.1/16,7
20201019024719,10.77.1.1/24,39
20201019024720,10.20.30.1/16,-
20201019024721,10.20.30.1/16,43
20201019024722,192.168.1.1/24,59
20201019024723,10.77.1.1/24,-
20201019024724,192.168.1.1/24,-
20201019024725,10.20.30.2/16,3
20201019024726,10.20.30.1/16,72
20201019024728,10.77.1.2/24,3
20201019024729,10.77.1.2/24,8
20201019024730,192.168.1.2/24,9
20201019024731,10.20.30.1/16,88
20201019024732,10.20.30.2/16,5
20201019024733,192.168.1.1/24,6
20201019024734,10.20.30.1/16,97
20201019024735,10.77.1.2/24,51
20201019024736,192.168.1.1/24,6
20201019024738,10.77.1.1/24,1
20201019024739,10.20.30.2/16,9
20201019024740,10.20.30.2/16,-
20201019024742,192.168.1.2/24,-
20201019024743,10.20.30.1/16,-
20201019024744,10.20.30.2/16,9
20201019024746,192.168.1.1/24,22
20201019024747,10.20.30.2/16,-
20201019024748,10.77.1.1/24,72
20201019024749,10.20.30.2/16,4
20201019024750,10.77.1.2/24,4
20201019024751,10.77.1.2/24,5
20201019024752,10.77.1.2/24,66
20201019024753,10.77.1.2/24,2
20201019024754,192.168.1.1/24,2
20201019024755,10.77.1.2/24,-
20201019024757,192.168.1.1/24,5
20201019024758,192.168.1.1/24,2
20201019024759,10.77.1.2/24,8
20201019024800,10.20.30.1/16,-
20201019024801,10.77.1.2/24,2
20201019024802,192.168.1.2/24,25
20201019024803,192.168.1.1/24,9
20201019024804,10.20.30.1/16,10
20201019024806,192.168.1.1/24,-
20201019024808,10.77.1.2/24,-
20201019024809,10.20.30.1/16,-
20201019024810,10.77.1.2/24,-
20201019024811,192.168.1.1/24,8
20201019024813,10.77.1.2/24,-
20201019024815,192.168.1.2/24,7
20201019024816,10.77.1.2/24,-
20201019024817,10.20.30.2/16,6
20201019024818,192.168.1.2/24,-
20201019024819,10.20.30.2/16,1
20201019024820,10.20.30.1/16,-
20201019024821,10.20.30.1/16,5
20201019024822,10.20.30.1/16,-
20201019024823,10.77.1.2/24,8
20201019024824,10.77.1.1/24,3
20201019024825,192.168.1.2/24,3
20201019024826,192.168.1.1/24,9
20201019024828,192.168.1.2/24,9
20201019024829,10.77.1.2/24,1
20201019024830,10.77.1.1/24,52
20201019024831,10.77.1.1/24,-
20201019024832,10.77.1.1/24,96
20201019024833,10.77.1.2/24,4
20201019024834,192.168.1.2/24,56
20201019024835,192.168.1.1/24,2
20201019024836,10.20.30.2/16,-
20201019024837,10.20.30.1/16,1
20201019024838,10.20.30.1/16,25
20201019024839,10.77.1.1/24,15
20201019024840,192.168.1.2/24,5
20201019024841,192.168.1.1/24,4
20201019024842,192.168.1.1/24,-
20201019024843,10.20.30.2/16,82
20201019024844,192.168.1.1/24,-
20201019024845,10.20.30.1/16,5
20201019024846,192.168.1.1/24,1
20201019024847,10.20.30.2/16,-
20201019024849,10.77.1.1/24,4
20201019024851,10.77.1.1/24,4
20201019024852,10.77.1.1/24,3
20201019024854,10.20.30.2/16,5
20201019024855,192.168.1.2/24,7
20201019024856,10.20.30.1/16,2
20201019024857,10.20.30.2/16,1
20201019024858,10.20.30.2/16,6
20201019024859,10.20.30.2/16,5
20201019024900,10.77.1.1/24,-
20201019024902,10.77.1.2/24,-
20201019024904,10.77.1.2/24,1
20201019024905,10.77.1.1/24,-
20201019024906,10.77.1.1/24,-
20201019024907,192.168.1.2/24,6
20201019024908,10.20.30.1/16,-
20201019024909,10.20.30.2/16,5
20201019024910,192.168.1.2/24,9
20201019024911,192.168.1.1/24,-
20201019024912,10.20.30.1/16,6
20201019024914,10.20.30.1/16,3
20201019024915,192.168.1.1/24,19
20201019024916,10.77.1.1/24,4
20201019024918,192.168.1.2/24,42
20201019024920,192.168.1.1/24,-
20201019024922,10.20.30.2/16,9
20201019024924,10.20.30.2/16,3
20201019024925,10.77.1.1/24,5
20201019024926,192.168.1.2/24,-
20201019024927,192.168.1.1/24,-
20201019024928,192.168.1.2/24,11
20201019024929,10.20.30.2/16,56
20201019024931,10.77.1.1/24,2
20201019024932,192.168.1.2/24,3
20201019024933,192.168.1.1/24,-
20201019024934,192.168.1.2/24,30
20201019024935,10.77.1.2/24,2
20201019024937,192.168.1.1/24,6
20201019024938,10.20.30.2/16,-
20201019024939,10.20.30.1/16,5
20201019024940,10.20.30.1/16,10
20201019024941,192.168.1.1/24,-
20201019024942,10.20.30.1/16,6
20201019024943,10.77.1.1/24,90
20201019024944,192.168.1.1/24,-
20201019024946,192.168.1.2/24,7
20201019024947,192.168.1.2/24,15
20201019024948,10.77.1.2/24,4
20201019024949,192.168.1.2/24,5
20201019024950,10.20.30.2/16,71
20201019024951,192.168.1.2/24,7
20201019024952,192.168.1.2/24,8
20201019024953,10.20.30.2/16,3
20201019024954,10.20.30.1/16,38
20201019024955,10.20.30.2/16,3
20201019024956,192.168.1.1/24,-
20201019024958,192.168.1.2/24,16
20201019024959,10.77.1.1/24,4
20201019025000,10.77.1.2/24,6
20201019025001,10.77.1.2/24,5
20201019025002,10.20.30.2/16,74
20201019025003,10.20.30.1/16,8
20201019025004,10.77.1.1/24,50
20201019025006,10.77.1.1/24,7
20201019025008,192.168.1.2/24,-
20201019025009,10.20.30.2/16,33
20201019025011,192.168.1.2/24,27
20201019025012,192.168.1.2/24,9
20201019025013,192.168.1.1/24,53
20201019025014,192.168.1.2/24,3
20201019025015,10.20.30.2/16,2
20201019025016,10.77.1.1/24,6
20201019025017,10.20.30.1/16,7
20201019025018,192.168.1.1/24,-
20201019025019,10.77.1.2/24,72
20201019025020,10.20.30.1/16,36
20201019025021,192.168.1.2/24,58
20201019025023,10.77.1.1/24,-
20201019025025,192.168.1.2/24,2
20201019025026,10.77.1.2/24,1
20201019025027,10.20.30.1/16,9
20201019025028,10.20.30.1/16,5
20201019025029,10.20.30.1/16,5
20201019025030,192.168.1.1/24,15
20201019025031,192.168.1.1/24,-
20201019025032,10.77.1.2/24,9
20201019025033,10.20.30.1/16,8
20201019025034,10.77.1.1/24,10
20201019025035,10.20.30.1/16,5
20201019025036,192.168.1.1/24,-
20201019025037,10.20.30.2/16,58
20201019025038,10.77.1.1/24,5
20201019025039,10.20.30.2/16,36
20201019025040,192.168.1.2/24,-
20201019025041,10.20.30.2/16,8
20201019025042,10.20.30.2/16,23
20201019025043,10.20.30.2/16,9
20201019025044,192.168.1.2/24,8
20201019025045,10.77.1.2/24,-
20201019025047,10.20.30.2/16,-
20201019025048,10.77.1.2/24,3
20201019025049,10.77.1.2/24,-
20201019025050,10.77.1.1/24,6
20201019025051,192.168.1.1/24,1
20201019025052,10.20.30.2/16,8
20201019025053,192.168.1.1/24,44
20201019025054,10.20.30.1/16,5
20201019025056,10.77.1.1/24,-
20201019025057,192.168.1.1/24,-
20201019025059,192.168.1.2/24,5
20201019025100,10.77.1.2/24,5
20201019025101,10.77.1.1/24,99
20201019025102,192.168.1.2/24,58
20201019025103,10.20.30.1/16,80
20201019025105,10.77.1.1/24,2
20201019025106,10.77.1.2/24,-
20201019025108,10.77.1.2/24,8
20201019025109,10.20.30.1/16,5
20201019025111,10.20.30.1/16,8
20201019025113,192.168.1.1/24,6
20201019025115,192.168.1.2/24,-
20201019025116,10.20.30.1/16,3
20201019025117,10.20.30.1/16,6
20201019025118,10.77.1.2/24,5
20201019025119,10.20.30.2/16,33
20201019025120,192.168.1.1/24,-
20201019025121,192.168.1.2/24,1
20201019025122,192.168.1.1/24,-
20201019025123,10.20.30.2/16,59
20201019025124,10.20.30.1/16,19
20201019025125,10.77.1.1/24,1
20201019025126,10.77.1.1/24,1
20201019025127,10.77.1.1/24,16
20201019025129,192.168.1.1/24,9
20201019025131,192.168.1.1/24,5
20201019025133,10.77.1.2/24,6
20201019025134,192.168.1.2/24,4
20201019025135,10.20.30.1/16,-
20201019025137,10.77.1.1/24,-
20201019025138,10.20.30.1/16,8
20201019025139,192.168.1.2/24,14
20201019025141,10.77.1.2/24,8
20201019025142,192.168.1.1/24,17
20201019025144,192.168.1.2/24,3
20201019025145,10.77.1.2/24,9
20201019025146,192.168.1.1/24,-
20201019025147,10.77.1.1/24,4
20201019025148,10.77.1.1/24,7
20201019025150,10.77.1.2/24,9
20201019025151,10.20.30.1/16,5
20201019025152,192.168.1.1/24,83
20201019025153,192.168.1.2/24,21
20201019025154,10.20.30.2/16,-
20201019025156,10.20.30.1/16,5
20201019025157,10.77.1.2/24,-
20201019025158,10.20.30.2/16,-
20201019025159,10.77.1.2/24,19
20201019025201,192.168.1.2/24,5
20201019025202,10.20.30.1/16,4
20201019025203,192.168.1.1/24,6
20201019025205,192.168.1.2/24,90
20201019025206,10.20.30.1/16,-
20201019025208,192.168.1.1/24,-
20201019025209,10.77.1.2/24,-
20201019025210,10.77.1.1/24,36
20201019025211,10.77.1.1/24,79
20201019025212,10.77.1.1/24,5
20201019025213,192.168.1.1/24,2
20201019025214,10.77.1.2/24,16
20201019025216,10.20.30.1/16,9
20201019025217,10.20.30.1/16,4
20201019025218,192.168.1.1/24,23
20201019025220,192.168.1.2/24,79
20201019025221,10.77.1.1/24,-
20201019025223,10.77.1.2/24,-
20201019025224,10.77.1.2/24,2
20201019025225,10.20.30.2/16,-
20201019025226,10.77.1.1/24,6
20201019025227,192.168.1.1/24,-
20201019025229,192.168.1.1/24,7
20201019025230,10.77.1.1/24,2
20201019025231,10.77.1.2/24,6
20201019025232,10.20.30.2/16,29
20201019025234,10.20.30.2/16,8
20201019025235,10.77.1.1/24,-
20201019025236,192.168.1.1/24,-
20201019025237,192.168.1.1/24,-
20201019025238,10.77.1.2/24,7
20201019025239,192.168.1.2/24,6
20201019025240,10.77.1.2/24,-
20201019025241,10.77.1.1/24,5
20201019025242,10.77.1.2/24,-
20201019025243,10.20.30.2/16,4
20201019025244,10.77.1.1/24,11
20201019025245,10.20.30.2/16,65
20201019025246,192.168.1.2/24,9
20201019025247,10.77.1.1/24,9
20201019025248,10.77.1.2/24,6
20201019025249,10.20.30.1/16,-
20201019025250,192.168.1.1/24,7
20201019025251,10.77.1.2/24,91
20201019025252,10.20.30.1/16,3
20201019025253,10.77.1.2/24,24
20201019025254,10.20.30.2/16,5
20201019025255,10.77.1.1/24,5
20201019025256,192.168.1.2/24,2
20201019025258,10.77.1.1/24,9
20201019025259,192.168.1.1/24,1
20201019025300,10.20.30.1/16,-
20201019025301,10.77.1.2/24,8
20201019025302,10.20.30.1/16,6
20201019025303,10.20.30.1/16,88
20201019025304,10.77.1.1/24,35
20201019025306,10.20.30.2/16,3
20201019025308,10.20.30.2/16,-
20201019025309,10.20.30.2/16,6
20201019025310,192.168.1.2/24,15
20201019025311,192.168.1.2/24,3
20201019025312,10.20.30.2/16,-
20201019025313,10.20.30.2/16,9
20201019025314,10.20.30.2/16,1
20201019025316,192.168.1.2/24,33
20201019025317,10.20.30.2/16,-
20201019025318,10.20.30.1/16,3
20201019025319,10.77.1.1/24,69
20201019025320,10.20.30.1/16,18
20201019025321,10.20.30.1/16,57
20201019025323,10.77.1.1/24,78
20201019025325,10.20.30.2/16,6
20201019025326,192.168.1.2/24,-
20201019025327,192.168.1.2/24,4
20201019025329,192.168.1.1/24,-
20201019025331,10.20.30.2/16,8
20201019025332,10.77.1.2/24,-
20201019025334,10.20.30.2/16,9
20201019025336,10.20.30.1/16,4
20201019025337,192.168.1.1/24,3
20201019025339,10.20.30.1/16,46
20201019025340,10.77.1.2/24,8
20201019025341,10.20.30.1/16,1
20201019025343,10.20.30.2/16,1
20201019025344,10.77.1.2/24,24
20201019025345,10.20.30.2/16,1
20201019025347,10.77.1.1/24,6
20201019025349,10.20.30.2/16,2
20201019025351,10.77.1.1/24,9
20201019025352,10.20.30.2/16,2
20201019025353,10.20.30.2/16,7
20201019025354,192.168.1.2/24,93
20201019025355,10.77.1.1/24,3
20201019025356,192.168.1.2/24,47
20201019025357,10.77.1.2/24,-
20201019025359,10.77.1.1/24,9
20201019025400,10.77.1.1/24,0
20201019025402,10.20.30.1/16,-
20201019025403,192.168.1.1/24,59
20201019025404,192.168.1.1/24,11
20201019025406,10.77.1.1/24,75
20201019025408,10.20.30.2/16,-
20201019025410,10.77.1.2/24,74
20201019025412,192.168.1.2/24,5
20201019025414,192.168.1.1/24,-
20201019025415,192.168.1.1/24,14
20201019025416,10.20.30.2/16,1
20201019025417,10.77.1.2/24,8
20201019025418,10.20.30.2/16,42
20201019025419,192.168.1.1/24,-
20201019025420,192.168.1.2/24,-
20201019025421,10.20.30.2/16,6
20201019025422,10.20.30.1/16,-
20201019025423,10.20.30.2/16,-
20201019025424,10.20.30.1/16,78
20201019025425,10.20.30.2/16,8
20201019025427,10.77.1.2/24,-
20201019025428,10.20.30.1/16,-
20201019025429,10.77.1.1/24,-
20201019025430,10.77.1.2/24,51
20201019025432,10.77.1.1/24,2
20201019025433,10.77.1.1/24,2
20201019025434,10.20.30.2/16,34
20201019025435,10.20.30.2/16,3
20201019025436,10.20.30.1/16,8
20201019025437,10.20.30.1/16,2
20201019025438,10.20.30.1/16,9
20201019025439,10.20.30.2/16,95
20201019025440,10.20.30.2/16,7
20201019025442,10.20.30.1/16,87
20201019025444,10.20.30.2/16,13
20201019025445,10.20.30.2/16,-
20201019025447,10.20.30.2/16,-
20201019025448,192.168.1.2/24,-
20201019025449,192.168.1.1/24,3
20201019025450,10.77.1.1/24,-
20201019025451,10.77.1.2/24,57
20201019025452,10.20.30.1/16,5
20201019025453,10.20.30.2/16,6
20201019025454,10.20.30.2/16,13
20201019025455,10.77.1.2/24,7
20201019025456,10.20.30.2/16,25
20201019025457,10.20.30.1/16,4
20201019025459,10.20.30.1/16,1
20201019025500,192.168.1.2/24,9
20201019025501,10.77.1.1/24,-
20201019025502,10.20.30.1/16,12
20201019025503,10.77.1.1/24,5
20201019025504,10.77.1.1/24,14
20201019025505,192.168.1.2/24,2
20201019025507,10.77.1.1/24,-
20201019025508,10.77.1.2/24,-
20201019025509,10.20.30.1/16,11
20201019025511,10.77.1.1/24,-
20201019025512,10.77.1.1/24,5
20201019025513,10.77.1.2/24,-
20201019025515,192.168.1.2/24,-
20201019025516,192.168.1.1/24,2
20201019025517,10.77.1.1/24,4
20201019025518,10.77.1.1/24,1
20201019025519,10.20.30.1/16,9
20201019025520,10.77.1.2/24,6
20201019025521,10.77.1.1/24,6
20201019025522,10.20.30.1/16,9
20201019025523,10.20.30.2/16,4
20201019025525,10.77.1.1/24,3
20201019025526,10.20.30.1/16,7
20201019025527,10.20.30.1/16,99
20201019025529,192.168.1.1/24,32
20201019025530,10.77.1.1/24,6
20201019025531,192.168.1.2/24,3
20201019025533,10.20.30.1/16,-
20201019025534,10.77.1.1/24,4
20201019025535,192.168.1.2/24,6
20201019025536,10.77.1.1/24,-
20201019025537,192.168.1.1/24,-
20201019025538,192.168.1.2/24,4
20201019025539,192.168.1.1/24,7
20201019025540,10.77.1.1/24,9
20201019025542,10.77.1.2/24,38
20201019025543,10.20.30.2/16,9
20201019025544,10.77.1.2/24,-
20201019025545,10.77.1.2/24,2
20201019025546,192.168.1.1/24,72
20201019025547,10.77.1.1/24,5
20201019025549,10.77.1.2/24,54
20201019025550,10.77.1.2/24,-
20201019025551,10.77.1.2/24,4
20201019025553,192.168.1.1/24,4
20201019025555,10.20.30.2/16,6
20201019025556,192.168.1.2/24,6
20201019025557,192.168.1.2/24,89
20201019025558,192.168.1.1/24,6
20201019025559,192.168.1.2/24,4
20201019025600,192.168.1.1/24,6
20201019025601,10.20.30.2/16,-
20201019025602,10.77.1.1/24,92
20201019025603,192.168.1.2/24,4
20201019025605,192.168.1.2/24,7
20201019025607,10.20.30.2/16,6
20201019025608,10.20.30.1/16,5
20201019025609,192.168.1.2/24,-
20201019025611,10.20.30.2/16,8
20201019025612,10.77.1.1/24,6
20201019025613,10.20.30.1/16,15
20201019025615,192.168.1.1/24,-
20201019025616,10.20.30.1/16,0
20201019025617,10.77.1.1/24,12
20201019025618,10.77.1.1/24,5
20201019025619,192.168.1.1/24,37
20201019025621,192.168.1.1/24,1
20201019025622,192.168.1.2/24,15
20201019025623,10.77.1.2/24,3
20201019025624,10.20.30.2/16,9
20201019025625,10.77.1.1/24,4
20201019025626,192.168.1.1/24,-
20201019025628,192.168.1.1/24,-
20201019025629,10.77.1.1/24,7
20201019025630,10.20.30.2/16,1
20201019025631,10.20.30.1/16,25
20201019025632,10.77.1.2/24,5
20201019025633,10.20.30.2/16,10
20201019025634,192.168.1.2/24,7
20201019025635,10.20.30.2/16,8
20201019025636,10.77.1.2/24,8
20201019025637,192.168.1.2/24,8
20201019025639,10.77.1.1/24,61
20201019025640,192.168.1.1/24,-
20201019025641,10.20.30.1/16,30
20201019025643,192.168.1.1/24,2
20201019025645,10.20.30.2/16,-
20201019025647,192.168.1.2/24,83
20201019025648,192.168.1.1/24,98
20201019025650,10.77.1.1/24,-
20201019025652,10.20.30.2/16,52
20201019025653,10.77.1.1/24,5
20201019025654,10.77.1.2/24,-
20201019025655,10.20.30.1/16,16
20201019025657,10.77.1.2/24,7
20201019025658,192.168.1.1/24,-
20201019025659,10.77.1.2/24,-
20201019025700,10.20.30.1/16,-
20201019025702,10.20.30.1/16,28
20201019025703,192.168.1.2/24,2
20201019025704,10.77.1.1/24,-
20201019025706,192.168.1.2/24,8
20201019025708,192.168.1.2/24,3
20201019025709,192.168.1.1/24,7
20201019025710,10.77.1.2/24,2
20201019025711,10.20.30.2/16,7
20201019025712,10.77.1.1/24,1
20201019025713,10.20.30.2/16,9
20201019025715,10.20.30.2/16,-
20201019025717,10.77.1.2/24,5
20201019025718,10.20.30.1/16,-
20201019025719,10.77.1.2/24,-
20201019025720,10.20.30.2/16,2
20201019025721,10.20.30.1/16,42
20201019025722,192.168.1.2/24,-
20201019025724,10.20.30.1/16,26
20201019025726,10.20.30.2/16,4
20201019025727,10.77.1.2/24,5
20201019025728,10.77.1.2/24,-
20201019025729,10.77.1.1/24,2
20201019025730,10.20.30.1/16,-
20201019025731,192.168.1.1/24,2
20201019025732,192.168.1.2/24,-
20201019025733,10.77.1.1/24,-
20201019025734,10.77.1.2/24,74
20201019025735,10.20.30.2/16,2
20201019025736,10.77.1.1/24,2
20201019025737,192.168.1.2/24,3
20201019025738,10.20.30.1/16,8
20201019025739,10.77.1.2/24,-
20201019025740,10.20.30.1/16,57
20201019025742,10.20.30.1/16,5
20201019025744,192.168.1.1/24,-
20201019025745,10.77.1.1/24,8
20201019025747,10.77.1.1/24,5
20201019025748,10.20.30.1/16,9
20201019025749,10.20.30.2/16,3
20201019025750,10.77.1.2/24,2
20201019025751,10.77.1.2/24,16
20201019025752,192.168.1.1/24,-
20201019025753,10.77.1.1/24,30
20201019025754,192.168.1.2/24,84
20201019025755,192.168.1.1/24,99
20201019025756,10.77.1.1/24,2
20201019025757,10.20.30.1/16,16
20201019025758,10.77.1.2/24,8
20201019025800,10.77.1.2/24,95
20201019025802,10.77.1.1/24,9
20201019025803,10.20.30.1/16,-
20201019025804,10.77.1.1/24,-
20201019025805,10.20.30.1/16,-
20201019025806,10.20.30.2/16,2
20201019025807,10.20.30.1/16,6
20201019025809,10.20.30.2/16,6
20201019025810,10.77.1.2/24,91
20201019025811,192.168.1.1/24,47
20201019025812,10.20.30.2/16,5
20201019025813,192.168.1.1/24,-
20201019025814,10.20.30.2/16,-
20201019025815,10.77.1.2/24,72
20201019025817,192.168.1.1/24,99
20201019025818,192.168.1.1/24,4
20201019025819,192.168.1.2/24,7
20201019025820,192.168.1.2/24,-
20201019025821,10.77.1.1/24,-
20201019025822,10.20.30.2/16,8
20201019025823,10.20.30.2/16,4
20201019025824,192.168.1.1/24,9
20201019025825,192.168.1.1/24,15
20201019025826,192.168.1.2/24,9
20201019025827,10.77.1.1/24,11
20201019025828,10.77.1.2/24,6
20201019025829,10.77.1.1/24,36
20201019025830,192.168.1.1/24,-
20201019025832,10.20.30.1/16,3
20201019025833,10.20.30.1/16,-
20201019025834,10.20.30.2/16,15
20201019025835,10.20.30.1/16,46
20201019025836,10.77.1.1/24,8
20201019025838,192.168.1.2/24,-
20201019025839,10.20.30.2/16,35
20201019025840,192.168.1.2/24,-
20201019025841,10.20.30.1/16,-
20201019025842,10.77.1.1/24,8
20201019025843,10.20.30.2/16,38
20201019025845,10.20.30.1/16,26
20201019025847,192.168.1.2/24,1
20201019025848,192.168.1.2/24,8
20201019025850,192.168.1.2/24,64
20201019025852,10.77.1.1/24,5
20201019025853,10.77.1.2/24,4
20201019025854,10.77.1.2/24,5
20201019025856,192.168.1.2/24,8
20201019025858,10.20.30.1/16,40
20201019025859,10.77.1.1/24,-
20201019025900,10.77.1.1/24,14
20201019025901,10.77.1.1/24,4
20201019025902,192.168.1.2/24,1
20201019025903,10.20.30.1/16,-
20201019025904,192.168.1.1/24,-
20201019025905,10.20.30.1/16,5
20201019025906,10.20.30.1/16,63
20201019025907,10.77.1.2/24,3
20201019025908,10.77.1.2/24,3
20201019025909,10.77.1.2/24,-
20201019025910,10.20.30.2/16,99
20201019025912,10.20.30.2/16,6
20201019025913,192.168.1.2/24,6
20201019025914,10.77.1.1/24,28
20201019025915,192.168.1.2/24,72
20201019025916,10.20.30.1/16,6
20201019025917,192.168.1.2/24,5
20201019025918,192.168.1.2/24,9
20201019025919,10.20.30.1/16,29
20201019025921,10.20.30.2/16,9
20201019025922,192.168.1.1/24,18
20201019025923,10.77.1.2/24,3
20201019025924,10.77.1.2/24,21
20201019025925,10.20.30.2/16,45
20201019025927,10.77.1.1/24,2
20201019025929,10.20.30.1/16,27
20201019025930,192.168.1.2/24,7
20201019025931,192.168.1.1/24,3
20201019025933,192.168.1.2/24,7
20201019025935,10.20.30.1/16,6
20201019025936,10.77.1.1/24,-
20201019025938,192.168.1.2/24,4
20201019025940,10.20.30.2/16,8
20201019025942,10.20.30.1/16,3
20201019025943,10.20.30.2/16,2
20201019025945,10.20.30.2/16,8
20201019025947,10.20.30.2/16,3
20201019025948,10.20.30.1/16,-
20201019025949,10.20.30.2/16,9
20201019025950,10.77.1.2/24,9
20201019025951,10.20.30.2/16,-
20201019025952,10.77.1.2/24,5
20201019025953,10.20.30.1/16,14
20201019025954,10.77.1.2/24,-
20201019025955,192.168.1.1/24,6
20201019025956,10.77.1.2/24,-
20201019025957,10.20.30.1/16,-
20201019025959,10.77.1.2/24,3
20201019030000,10.77.1.2/24,-
20201019030002,192.168.1.2/24,6
20201019030003,10.20.30.1/16,3
20201019030004,192.168.1.1/24,10
20201019030006,10.20.30.1/16,6
20201019030008,10.77.1.1/24,9
20201019030010,10.20.30.1/16,2
20201019030012,192.168.1.2/24,9
20201019030013,10.20.30.2/16,3
20201019030015,10.20.30.2/16,5
20201019030016,10.77.1.1/24,13
20201019030018,10.20.30.2/16,6
20201019030019,10.20.30.2/16,9
20201019030020,10.20.30.1/16,8
20201019030021,10.77.1.1/24,7
20201019030022,10.20.30.1/16,4
20201019030023,192.168.1.2/24,7
20201019030024,10.20.30.1/16,6
20201019030025,10.77.1.1/24,5
20201019030027,192.168.1.1/24,4
20201019030028,10.77.1.1/24,3
20201019030029,10.77.1.2/24,7
20201019030030,10.77.1.2/24,9
20201019030031,192.168.1.1/24,-
20201019030032,192.168.1.1/24,4
20201019030033,10.20.30.1/16,20
20201019030034,10.77.1.1/24,-
20201019030036,10.20.30.2/16,-
20201019030038,10.20.30.1/16,6
20201019030039,10.77.1.2/24,2
20201019030040,10.77.1.1/24,5
20201019030041,10.77.1.1/24,3
20201019030042,10.20.30.2/16,46
20201019030043,10.20.30.1/16,9
20201019030044,10.20.30.1/16,-
20201019030045,10.20.30.1/16,8
20201019030046,10.20.30.2/16,-
20201019030047,10.77.1.1/24,-
20201019030048,10.77.1.2/24,-
20201019030049,10.20.30.1/16,5
20201019030051,192.168.1.2/24,7
20201019030052,10.20.30.2/16,-
20201019030053,192.168.1.1/24,6
20201019030054,192.168.1.2/24,-
20201019030056,10.20.30.2/16,-
20201019030057,10.20.30.2/16,10
20201019030059,10.77.1.2/24,1
20201019030100,10.77.1.2/24,7
20201019030101,192.168.1.1/24,-
20201019030102,10.20.30.1/16,2
20201019030103,192.168.1.2/24,8
20201019030104,192.168.1.2/24,7
20201019030105,10.77.1.2/24,8
20201019030106,10.20.30.1/16,-
20201019030107,10.20.30.2/16,14
20201019030108,10.77.1.1/24,3
20201019030110,192.168.1.1/24,9
20201019030112,10.20.30.1/16,4
20201019030114,10.77.1.2/24,4
20201019030115,192.168.1.2/24,3
20201019030116,10.20.30.1/16,9
20201019030117,10.20.30.2/16,5
20201019030119,10.20.30.1/16,7
20201019030121,10.20.30.2/16,5
20201019030122,10.20.30.2/16,6
20201019030123,10.20.30.1/16,9
20201019030124,192.168.1.2/24,9
20201019030126,192.168.1.1/24,91
20201019030128,10.77.1.2/24,-
20201019030129,10.20.30.1/16,22
20201019030130,192.168.1.1/24,1
20201019030131,10.77.1.2/24,7
20201019030132,10.20.30.2/16,-
20201019030133,10.77.1.1/24,1
20201019030135,10.20.30.2/16,13
20201019030136,10.20.30.2/16,7
20201019030137,10.77.1.1/24,3
20201019030138,10.77.1.1/24,-
20201019030139,10.20.30.1/16,7
20201019030140,192.168.1.1/24,29
20201019030141,10.77.1.1/24,7
20201019030142,10.77.1.2/24,8
20201019030143,10.77.1.2/24,6
20201019030145,10.77.1.2/24,7
20201019030146,10.77.1.1/24,9
20201019030148,192.168.1.2/24,1
20201019030149,10.77.1.2/24,-
20201019030150,10.77.1.1/24,8
20201019030151,10.20.30.1/16,6
20201019030153,192.168.1.2/24,-
20201019030155,10.77.1.2/24,27
20201019030156,10.20.30.2/16,-
20201019030157,192.168.1.2/24,16
20201019030158,10.20.30.1/16,96
20201019030159,192.168.1.1/24,-
20201019030200,10.77.1.1/24,7
20201019030201,192.168.1.2/24,9
20201019030202,10.20.30.1/16,6
20201019030203,192.168.1.2/24,7
20201019030204,10.20.30.2/16,4
20201019030206,10.77.1.1/24,-
20201019030208,10.77.1.1/24,2
20201019030209,10.20.30.2/16,-
20201019030210,192.168.1.2/24,31
20201019030211,10.20.30.1/16,6
20201019030212,10.77.1.1/24,6
20201019030213,10.20.30.1/16,98
20201019030214,192.168.1.1/24,7
20201019030216,10.77.1.1/24,5
20201019030217,10.77.1.1/24,16
20201019030218,10.77.1.1/24,5
20201019030219,10.77.1.2/24,4
20201019030220,10.77.1.1/24,-
20201019030221,192.168.1.1/24,8
20201019030222,10.20.30.2/16,30
20201019030223,10.20.30.2/16,88
20201019030224,10.77.1.2/24,4
20201019030225,10.77.1.1/24,2
20201019030227,192.168.1.2/24,-
20201019030228,10.77.1.2/24,48
20201019030230,10.77.1.2/24,4
20201019030231,10.20.30.2/16,8
20201019030232,192.168.1.1/24,4
20201019030233,192.168.1.2/24,10
20201019030234,10.20.30.1/16,7
20201019030235,192.168.1.1/24,3
20201019030236,10.20.30.2/16,7
20201019030237,10.20.30.2/16,11
20201019030238,10.77.1.1/24,-
20201019030239,10.20.30.2/16,9
20201019030240,10.77.1.2/24,4
20201019030241,10.77.1.1/24,5
20201019030242,10.77.1.2/24,4
20201019030243,10.77.1.2/24,53
20201019030244,192.168.1.1/24,45
20201019030246,10.20.30.1/16,4
20201019030247,10.20.30.1/16,5
20201019030248,10.20.30.2/16,9
20201019030250,10.77.1.1/24,2
20201019030251,10.77.1.1/24,-
20201019030252,10.77.1.2/24,3
20201019030253,10.77.1.1/24,8
20201019030254,192.168.1.2/24,5
20201019030255,192.168.1.2/24,79
20201019030256,10.20.30.2/16,26
20201019030257,192.168.1.1/24,46
20201019030258,10.77.1.2/24,6
20201019030259,10.77.1.2/24,-
20201019030300,10.77.1.2/24,9
20201019030301,10.77.1.2/24,3
20201019030302,10.20.30.1/16,16
20201019030303,10.77.1.1/24,-
20201019030304,10.20.30.2/16,2
20201019030306,192.168.1.1/24,9
20201019030307,192.168.1.1/24,9
20201019030308,10.20.30.2/16,-
20201019030309,10.77.1.1/24,2
20201019030310,192.168.1.2/24,7
20201019030311,10.77.1.2/24,66
20201019030312,10.77.1.1/24,-
20201019030314,192.168.1.2/24,5
20201019030315,10.77.1.2/24,8
20201019030317,10.20.30.1/16,10
20201019030318,10.20.30.2/16,-
20201019030319,10.20.30.1/16,5
20201019030321,10.20.30.2/16,3
20201019030322,10.77.1.1/24,41
20201019030323,192.168.1.1/24,7
20201019030324,192.168.1.1/24,8
20201019030325,10.77.1.1/24,-
20201019030326,192.168.1.1/24,-
20201019030327,10.77.1.2/24,53
20201019030328,192.168.1.2/24,4
20201019030329,10.77.1.1/24,50
20201019030330,192.168.1.2/24,8
20201019030332,192.168.1.2/24,67
20201019030333,10.77.1.2/24,8
20201019030335,192.168.1.1/24,7
20201019030336,192.168.1.1/24,-
20201019030337,192.168.1.1/24,-
20201019030338,10.20.30.1/16,4
20201019030340,10.77.1.2/24,2
20201019030341,10.20.30.2/16,-
20201019030342,10.77.1.1/24,4
20201019030343,192.168.1.2/24,-
20201019030344,10.20.30.2/16,9
20201019030345,10.77.1.1/24,3
20201019030346,192.168.1.1/24,1
20201019030348,192.168.1.2/24,2
20201019030349,192.168.1.2/24,52
20201019030350,192.168.1.1/24,7
20201019030351,10.20.30.1/16,1
20201019030352,10.20.30.1/16,-
20201019030354,10.77.1.2/24,2
20201019030356,10.20.30.2/16,4
20201019030357,10.77.1.1/24,4
20201019030358,10.20.30.2/16,8
20201019030400,192.168.1.1/24,1
20201019030401,10.77.1.1/24,5
20201019030402,10.77.1.1/24,9
20201019030403,10.20.30.1/16,9
20201019030405,192.168.1.2/24,31
20201019030407,10.20.30.1/16,10
20201019030408,192.168.1.2/24,5
20201019030409,10.77.1.2/24,48
20201019030410,10.77.1.2/24,1
20201019030412,10.20.30.1/16,7
20201019030413,10.77.1.1/24,1
20201019030414,192.168.1.1/24,94
20201019030415,10.20.30.1/16,56
20201019030416,10.77.1.1/24,-
20201019030417,10.20.30.1/16,8
20201019030418,10.77.1.1/24,-
20201019030420,192.168.1.1/24,1
20201019030421,192.168.1.1/24,9
20201019030422,10.77.1.1/24,51
20201019030423,10.77.1.2/24,61
20201019030424,192.168.1.1/24,7
20201019030425,192.168.1.1/24,-
20201019030426,10.20.30.1/16,8
20201019030427,10.20.30.2/16,3
20201019030429,192.168.1.1/24,-
20201019030430,10.77.1.2/24,5
20201019030432,10.20.30.1/16,3
20201019030433,10.77.1.1/24,7
20201019030434,10.20.30.1/16,-
20201019030436,10.20.30.1/16,9
20201019030438,10.20.30.2/16,9
20201019030440,192.168.1.2/24,6
20201019030441,192.168.1.1/24,7
20201019030442,192.168.1.2/24,5
20201019030443,10.77.1.1/24,3
20201019030445,10.20.30.2/16,6
20201019030447,10.77.1.2/24,-
20201019030449,10.77.1.1/24,6
20201019030450,192.168.1.1/24,3
20201019030452,10.77.1.1/24,58
20201019030454,192.168.1.1/24,6
20201019030455,192.168.1.2/24,-
20201019030456,192.168.1.2/24,-
20201019030457,10.20.30.2/16,4
20201019030458,10.77.1.2/24,-
20201019030459,10.77.1.2/24,5
20201019030500,10.77.1.1/24,6
20201019030501,10.77.1.1/24,6
20201019030503,192.168.1.1/24,2
20201019030504,10.20.30.2/16,6
20201019030505,10.77.1.2/24,41
20201019030506,10.77.1.1/24,-
20201019030508,192.168.1.1/24,39
20201019030509,10.20.30.2/16,8
20201019030510,192.168.1.2/24,13
20201019030511,192.168.1.2/24,8
20201019030512,10.77.1.1/24,5
20201019030514,10.77.1.1/24,-
20201019030515,10.77.1.1/24,5
20201019030517,192.168.1.2/24,9
20201019030518,192.168.1.1/24,57
20201019030519,192.168.1.2/24,7
20201019030520,192.168.1.1/24,-
20201019030521,10.20.30.2/16,2
20201019030522,10.20.30.2/16,19
20201019030523,10.77.1.2/24,4
20201019030524,192.168.1.2/24,8
20201019030525,10.20.30.2/16,-
20201019030526,10.20.30.1/16,78
20201019030527,192.168.1.1/24,8
20201019030529,192.168.1.1/24,9
20201019030530,192.168.1.2/24,3
20201019030532,10.77.1.2/24,54
20201019030533,10.20.30.2/16,-
20201019030534,192.168.1.1/24,63
20201019030535,192.168.1.2/24,8
20201019030536,10.77.1.1/24,48
20201019030538,192.168.1.1/24,37
20201019030539,192.168.1.1/24,6
20201019030540,192.168.1.1/24,4
20201019030542,10.77.1.1/24,33
20201019030543,192.168.1.1/24,9
20201019030544,192.168.1.1/24,94
20201019030545,192.168.1.1/24,-
20201019030546,192.168.1.2/24,-
20201019030547,10.77.1.2/24,5
20201019030549,192.168.1.1/24,2
20201019030550,10.77.1.1/24,8
20201019030551,10.77.1.1/24,-
20201019030552,10.77.1.1/24,23
20201019030553,192.168.1.1/24,-
20201019030554,10.77.1.1/24,1
20201019030556,192.168.1.1/24,46
20201019030557,192.168.1.1/24,38
20201019030558,10.20.30.2/16,5
20201019030600,10.20.30.2/16,9
20201019030601,10.20.30.1/16,8
20201019030602,192.168.1.2/24,-
20201019030603,10.20.30.1/16,1
20201019030604,10.20.30.2/16,3
20201019030606,10.20.30.1/16,-
20201019030608,10.20.30.1/16,-
20201019030609,10.20.30.1/16,4
20201019030610,10.77.1.2/24,-
20201019030611,10.77.1.1/24,-
20201019030612,10.77.1.2/24,-
20201019030613,10.77.1.2/24,-
20201019030614,10.20.30.1/16,1
20201019030615,10.77.1.2/24,1
20201019030616,192.168.1.2/24,3
20201019030617,192.168.1.2/24,98
20201019030618,10.77.1.2/24,9
20201019030619,192.168.1.1/24,83
20201019030620,10.77.1.2/24,2
20201019030621,10.77.1.2/24,-
20201019030622,10.77.1.1/24,56
20201019030623,10.77.1.1/24,6
20201019030624,10.20.30.2/16,2
20201019030625,10.77.1.2/24,7
20201019030626,10.77.1.1/24,4
20201019030627,10.77.1.2/24,2
20201019030629,10.77.1.2/24,7
20201019030630,192.168.1.2/24,5
20201019030631,192.168.1.2/24,5
20201019030632,10.77.1.1/24,99
20201019030633,10.20.30.2/16,1
20201019030634,192.168.1.2/24,-
20201019030635,10.77.1.2/24,5
20201019030636,10.20.30.2/16,9
20201019030637,10.77.1.2/24,84
20201019030639,10.77.1.1/24,5
20201019030641,10.77.1.2/24,9
20201019030642,10.20.30.1/16,4
20201019030643,10.77.1.1/24,5
20201019030644,10.77.1.1/24,22
20201019030645,10.77.1.1/24,-
20201019030647,10.77.1.1/24,15
20201019030648,192.168.1.2/24,9
20201019030649,10.20.30.1/16,34
20201019030650,10.20.30.1/16,23
20201019030651,192.168.1.1/24,64
20201019030652,192.168.1.1/24,-
20201019030653,10.20.30.2/16,7
20201019030654,10.77.1.1/24,2
20201019030655,10.77.1.1/24,-
20201019030656,192.168.1.2/24,4
20201019030657,10.20.30.2/16,5
20201019030658,10.20.30.1/16,7
20201019030700,192.168.1.1/24,-
20201019030701,192.168.1.2/24,42
20201019030703,10.77.1.2/24,9
20201019030704,10.20.30.1/16,7
20201019030705,10.20.30.2/16,-
20201019030706,10.77.1.2/24,8
20201019030707,192.168.1.1/24,2
20201019030708,10.77.1.1/24,36
20201019030709,10.20.30.1/16,-
20201019030710,192.168.1.1/24,-
20201019030712,192.168.1.2/24,2
20201019030713,192.168.1.2/24,2
20201019030714,10.77.1.2/24,54
20201019030716,10.20.30.1/16,74
20201019030718,10.77.1.1/24,12
20201019030719,192.168.1.1/24,-
20201019030720,10.20.30.2/16,2
20201019030722,10.20.30.2/16,3
20201019030723,192.168.1.2/24,97
20201019030724,10.77.1.2/24,8
20201019030725,10.77.1.2/24,5
20201019030726,10.20.30.1/16,5
20201019030728,10.77.1.2/24,9
20201019030729,10.77.1.2/24,-
20201019030730,10.77.1.2/24,-
20201019030731,10.77.1.1/24,8
20201019030732,10.20.30.2/16,25
20201019030733,10.20.30.2/16,4
20201019030734,10.20.30.1/16,9
20201019030735,10.20.30.2/16,6
20201019030736,10.20.30.1/16,-
20201019030737,10.20.30.2/16,5
20201019030738,192.168.1.1/24,9
20201019030739,10.20.30.1/16,-
20201019030740,10.20.30.2/16,-
20201019030741,192.168.1.1/24,5
20201019030742,192.168.1.1/24,-
20201019030743,192.168.1.1/24,-
20201019030744,192.168.1.2/24,-
20201019030745,10.20.30.2/16,7
20201019030746,192.168.1.1/24,26
20201019030747,10.20.30.1/16,4
20201019030748,10.20.30.1/16,69
20201019030750,10.20.30.1/16,5
20201019030751,10.20.30.2/16,-
20201019030752,192.168.1.2/24,20
20201019030753,10.20.30.1/16,8
20201019030754,10.77.1.1/24,44
20201019030755,192.168.1.1/24,3
20201019030757,192.168.1.1/24,-
20201019030758,10.77.1.1/24,48
20201019030800,192.168.1.1/24,5
20201019030801,10.77.1.2/24,61
20201019030802,10.20.30.1/16,7
20201019030803,10.20.30.2/16,28
20201019030804,192.168.1.2/24,6
20201019030806,10.20.30.1/16,17
20201019030807,192.168.1.1/24,-
20201019030808,10.77.1.1/24,75
20201019030809,10.20.30.2/16,9
20201019030811,192.168.1.2/24,-
20201019030813,10.77.1.2/24,62
20201019030815,192.168.1.2/24,-
20201019030816,10.77.1.1/24,4
20201019030817,10.20.30.1/16,-
20201019030818,10.20.30.2/16,6
20201019030820,10.20.30.1/16,6
20201019030821,192.168.1.2/24,-
20201019030822,10.77.1.2/24,62
20201019030823,10.77.1.2/24,-
20201019030825,10.20.30.1/16,-
20201019030826,10.77.1.1/24,4
20201019030828,192.168.1.2/24,26
20201019030830,10.20.30.1/16,1
20201019030831,192.168.1.2/24,-
20201019030833,10.20.30.2/16,16
20201019030834,10.20.30.1/16,7
20201019030835,192.168.1.1/24,54
20201019030836,10.77.1.2/24,7
20201019030837,10.77.1.2/24,8
20201019030839,192.168.1.1/24,-
20201019030840,192.168.1.1/24,9
20201019030841,10.77.1.2/24,29
20201019030842,10.20.30.2/16,-
20201019030843,192.168.1.2/24,4
20201019030844,192.168.1.2/24,8
20201019030845,192.168.1.2/24,9
20201019030847,10.20.30.1/16,35
20201019030848,10.20.30.1/16,9
20201019030849,10.77.1.2/24,2
20201019030850,10.77.1.1/24,33
20201019030851,10.77.1.1/24,8
20201019030852,10.20.30.2/16,8
20201019030853,192.168.1.1/24,-
20201019030855,192.168.1.1/24,1
20201019030856,10.77.1.1/24,1
20201019030858,10.77.1.1/24,99
20201019030859,10.77.1.1/24,6
20201019030900,192.168.1.2/24,-
20201019030901,192.168.1.1/24,9
20201019030902,10.20.30.2/16,-
20201019030903,192.168.1.2/24,5
20201019030905,192.168.1.2/24,6
20201019030906,192.168.1.1/24,5
20201019030907,10.77.1.1/24,-
20201019030908,10.77.1.1/24,88
20201019030909,10.77.1.2/24,-
20201019030911,192.168.1.1/24,-
20201019030912,192.168.1.2/24,12
20201019030914,192.168.1.2/24,8
20201019030915,10.20.30.1/16,50
20201019030916,10.20.30.1/16,-
20201019030917,10.20.30.2/16,49
20201019030918,10.20.30.1/16,44
20201019030919,192.168.1.1/24,-
20201019030920,192.168.1.1/24,8
20201019030922,10.20.30.2/16,6
20201019030923,10.77.1.1/24,1
20201019030924,10.20.30.1/16,9
20201019030925,10.77.1.2/24,4
20201019030926,192.168.1.1/24,-
20201019030927,192.168.1.1/24,6
20201019030928,10.20.30.2/16,2
20201019030929,10.77.1.2/24,82
20201019030931,192.168.1.2/24,10
20201019030932,192.168.1.2/24,10
20201019030933,10.77.1.2/24,4
20201019030934,10.20.30.2/16,3
20201019030935,192.168.1.2/24,-
20201019030936,10.77.1.1/24,92
20201019030937,192.168.1.1/24,2
20201019030938,10.20.30.2/16,65
20201019030940,10.77.1.1/24,6
20201019030941,192.168.1.2/24,-
20201019030942,10.77.1.1/24,8
20201019030944,10.77.1.2/24,87
20201019030946,10.20.30.2/16,-
20201019030947,10.20.30.2/16,-
20201019030948,192.168.1.2/24,6
20201019030950,192.168.1.2/24,38
20201019030951,192.168.1.1/24,83
20201019030952,10.20.30.1/16,-
20201019030953,192.168.1.2/24,5
20201019030955,192.168.1.2/24,-
20201019030957,10.20.30.1/16,1
20201019030959,192.168.1.2/24,93
20201019031000,10.20.30.2/16,5
20201019031001,10.20.30.1/16,7
20201019031002,10.77.1.2/24,2
20201019031003,10.20.30.1/16,4
20201019031004,192.168.1.2/24,8
20201019031005,192.168.1.2/24,1
20201019031007,10.77.1.2/24,-
20201019031008,10.77.1.2/24,2
20201019031009,10.20.30.1/16,2
20201019031010,10.20.30.1/16,13
20201019031011,10.77.1.2/24,-
20201019031012,192.168.1.2/24,56
20201019031014,192.168.1.1/24,9
20201019031015,10.77.1.2/24,54
20201019031017,192.168.1.1/24,59
20201019031018,10.20.30.1/16,15
20201019031020,10.77.1.2/24,70
20201019031021,10.77.1.2/24,74
20201019031022,192.168.1.2/24,94
20201019031023,192.168.1.1/24,5
20201019031024,10.77.1.1/24,3
20201019031025,192.168.1.2/24,81
20201019031026,10.77.1.1/24,1
20201019031027,10.20.30.2/16,-
20201019031028,10.20.30.1/16,41
20201019031029,192.168.1.2/24,16
20201019031031,10.77.1.1/24,2
20201019031032,192.168.1.2/24,3
20201019031034,10.77.1.1/24,-
20201019031036,10.20.30.2/16,-
20201019031037,192.168.1.1/24,-
20201019031039,192.168.1.1/24,38
20201019031040,192.168.1.1/24,7
20201019031041,10.77.1.1/24,56
20201019031042,10.20.30.1/16,6
20201019031043,10.77.1.1/24,5
20201019031045,10.77.1.1/24,9
20201019031046,10.77.1.2/24,2
20201019031047,10.20.30.1/16,2
20201019031048,10.77.1.2/24,6
20201019031049,192.168.1.1/24,73
20201019031050,10.20.30.1/16,15
20201019031051,10.77.1.2/24,-
20201019031052,10.20.30.1/16,-
20201019031054,10.77.1.1/24,7
20201019031055,10.77.1.2/24,6
20201019031056,192.168.1.2/24,-
20201019031057,192.168.1.2/24,4
20201019031058,10.77.1.2/24,5
20201019031100,192.168.1.2/24,2
20201019031101,192.168.1.2/24,49
20201019031102,10.77.1.2/24,67
20201019031103,10.20.30.2/16,22
20201019031104,192.168.1.2/24,92
20201019031105,192.168.1.1/24,-
20201019031106,10.20.30.1/16,-
20201019031107,10.20.30.1/16,2
20201019031108,10.20.30.2/16,64
20201019031110,192.168.1.1/24,-
20201019031111,192.168.1.2/24,18
20201019031112,192.168.1.1/24,9
20201019031113,192.168.1.2/24,7
20201019031114,10.20.30.1/16,41
20201019031116,192.168.1.1/24,1
20201019031118,10.20.30.2/16,-
20201019031119,192.168.1.2/24,56
20201019031121,10.20.30.2/16,-
20201019031122,10.20.30.2/16,-
20201019031123,192.168.1.2/24,6
20201019031125,10.20.30.1/16,11
20201019031126,10.77.1.1/24,-
20201019031127,10.77.1.2/24,9
20201019031128,192.168.1.1/24,16
20201019031129,10.20.30.1/16,-
20201019031130,10.77.1.2/24,7
20201019031132,10.77.1.1/24,4
20201019031133,192.168.1.1/24,73
20201019031134,10.20.30.2/16,8
20201019031135,10.77.1.1/24,11
20201019031136,10.77.1.1/24,4
20201019031138,192.168.1.1/24,9
20201019031139,192.168.1.1/24,15
20201019031141,10.20.30.1/16,2
20201019031143,10.77.1.1/24,6
20201019031144,10.77.1.2/24,-
20201019031145,10.77.1.1/24,7
20201019031146,10.20.30.2/16,-
20201019031147,10.77.1.2/24,6
20201019031149,10.77.1.1/24,-
20201019031150,10.77.1.2/24,66
20201019031151,10.20.30.2/16,6
20201019031152,10.77.1.2/24,4
20201019031153,10.20.30.2/16,93
20201019031154,10.20.30.2/16,26
20201019031155,192.168.1.1/24,34
20201019031156,10.77.1.2/24,1
20201019031157,192.168.1.1/24,37
20201019031158,10.20.30.1/16,16
20201019031200,192.168.1.1/24,11
20201019031201,192.168.1.2/24,-
20201019031202,10.77.1.2/24,1
20201019031203,10.77.1.2/24,71
20201019031204,10.77.1.1/24,-
20201019031205,192.168.1.1/24,4
20201019031207,10.20.30.1/16,8
20201019031208,10.20.30.1/16,3
20201019031209,192.168.1.1/24,66
20201019031210,10.77.1.2/24,10
20201019031211,10.77.1.1/24,5
20201019031213,192.168.1.1/24,3
20201019031215,192.168.1.2/24,3
20201019031216,10.77.1.1/24,49
20201019031217,10.77.1.1/24,2
20201019031218,10.77.1.2/24,9
20201019031219,10.20.30.2/16,-
20201019031220,192.168.1.2/24,1
20201019031221,192.168.1.2/24,9
20201019031222,10.20.30.1/16,90
20201019031223,10.77.1.1/24,21
20201019031224,10.20.30.2/16,20
20201019031225,192.168.1.2/24,6
20201019031226,10.77.1.1/24,2
20201019031227,192.168.1.1/24,-
20201019031228,10.77.1.2/24,7
20201019031229,10.20.30.2/16,99
20201019031231,10.77.1.1/24,7
20201019031233,10.20.30.1/16,3
20201019031235,10.77.1.2/24,18
20201019031236,10.20.30.2/16,6
20201019031238,10.77.1.1/24,7
20201019031239,10.77.1.2/24,4
20201019031241,192.168.1.1/24,6
20201019031242,10.77.1.1/24,1
20201019031243,192.168.1.1/24,3
20201019031244,10.20.30.1/16,7
20201019031246,192.168.1.1/24,-
20201019031248,10.20.30.2/16,5
20201019031249,10.20.30.2/16,92
20201019031251,10.77.1.1/24,4
20201019031252,10.77.1.1/24,2
20201019031254,10.20.30.2/16,-
20201019031255,10.20.30.1/16,9
20201019031256,192.168.1.1/24,4
20201019031258,192.168.1.2/24,21
20201019031259,10.20.30.2/16,7
20201019031300,192.168.1.1/24,4
20201019031301,192.168.1.1/24,-
20201019031302,10.20.30.2/16,-
20201019031303,10.20.30.2/16,11
20201019031305,192.168.1.2/24,7
20201019031306,192.168.1.1/24,8
20201019031307,10.20.30.2/16,1
20201019031308,10.20.30.2/16,-
20201019031310,10.20.30.2/16,28
20201019031311,10.77.1.2/24,-
20201019031312,10.20.30.1/16,73
20201019031313,10.20.30.2/16,-
20201019031314,192.168.1.1/24,1
20201019031316,10.20.30.1/16,18
20201019031318,10.77.1.1/24,1
20201019031319,10.20.30.2/16,4
20201019031320,10.77.1.2/24,-
20201019031321,10.20.30.1/16,-
20201019031322,10.77.1.2/24,5
20201019031324,10.20.30.2/16,-
20201019031325,192.168.1.2/24,7
20201019031326,10.20.30.2/16,-
20201019031327,10.20.30.2/16,90
20201019031328,10.77.1.2/24,51
20201019031329,10.20.30.1/16,18
20201019031330,10.77.1.1/24,1
20201019031331,192.168.1.2/24,6
20201019031333,192.168.1.2/24,32
20201019031335,10.20.30.1/16,95
20201019031336,10.20.30.1/16,-
20201019031337,192.168.1.1/24,6
20201019031338,192.168.1.1/24,-
20201019031339,192.168.1.2/24,2
20201019031340,10.77.1.2/24,3
20201019031341,10.20.30.2/16,62
20201019031342,10.77.1.2/24,3
20201019031343,10.20.30.1/16,2
20201019031345,10.20.30.1/16,16
20201019031346,192.168.1.2/24,-
20201019031348,192.168.1.1/24,6
20201019031349,192.168.1.2/24,16
20201019031350,10.77.1.1/24,43
20201019031352,10.20.30.2/16,8
20201019031353,10.77.1.1/24,9
20201019031355,10.77.1.1/24,3
20201019031356,192.168.1.1/24,6
20201019031357,10.20.30.1/16,38
20201019031358,192.168.1.1/24,4
20201019031359,10.77.1.1/24,8
20201019031401,10.77.1.1/24,1
20201019031402,192.168.1.2/24,46
20201019031403,10.20.30.2/16,-
20201019031405,10.77.1.1/24,75
20201019031406,10.20.30.2/16,3
20201019031407,10.77.1.1/24,5
20201019031409,192.168.1.1/24,-
20201019031410,10.20.30.2/16,-
20201019031411,10.77.1.1/24,1
20201019031412,192.168.1.1/24,24
20201019031413,10.77.1.2/24,7
20201019031415,10.77.1.2/24,3
20201019031416,192.168.1.2/24,7
20201019031417,192.168.1.1/24,9
20201019031418,192.168.1.1/24,6
20201019031419,10.77.1.1/24,84
20201019031420,10.77.1.1/24,-
20201019031421,10.20.30.2/16,56
20201019031422,10.20.30.1/16,-
20201019031423,10.77.1.1/24,15
20201019031424,10.20.30.2/16,7
20201019031425,10.20.30.2/16,62
20201019031426,192.168.1.2/24,8
20201019031427,192.168.1.2/24,-
20201019031428,10.20.30.1/16,-
20201019031429,10.77.1.2/24,52
20201019031430,10.77.1.1/24,11
20201019031431,10.20.30.1/16,9
20201019031432,10.77.1.2/24,-
20201019031433,10.77.1.2/24,1
20201019031434,192.168.1.1/24,-
20201019031435,10.20.30.2/16,-
20201019031437,10.20.30.2/16,5
20201019031438,192.168.1.1/24,7
20201019031439,10.77.1.1/24,-
20201019031441,10.20.30.1/16,71
20201019031442,10.77.1.2/24,32
20201019031444,10.20.30.2/16,-
20201019031445,10.77.1.2/24,-
20201019031446,10.77.1.1/24,8
20201019031447,10.77.1.2/24,86
20201019031449,192.168.1.2/24,8
20201019031450,192.168.1.1/24,7
20201019031451,10.20.30.1/16,65
20201019031452,192.168.1.2/24,27
20201019031453,10.20.30.1/16,1
20201019031454,10.77.1.2/24,3
20201019031455,10.20.30.1/16,4
20201019031456,10.20.30.2/16,-
20201019031457,192.168.1.2/24,-
20201019031458,10.77.1.1/24,10
20201019031459,10.77.1.2/24,52
20201019031501,10.20.30.1/16,1
20201019031502,192.168.1.1/24,18
20201019031504,192.168.1.1/24,-
20201019031505,192.168.1.1/24,5
20201019031507,10.20.30.2/16,-
20201019031509,10.77.1.1/24,4
20201019031510,192.168.1.2/24,8
20201019031511,192.168.1.1/24,7
20201019031512,10.77.1.1/24,28
20201019031513,10.20.30.2/16,2
20201019031514,10.77.1.2/24,6
20201019031515,10.20.30.2/16,8
20201019031516,192.168.1.1/24,1
20201019031517,10.77.1.2/24,34
20201019031519,10.77.1.2/24,7
20201019031520,10.20.30.2/16,5
20201019031521,192.168.1.2/24,8
20201019031522,10.77.1.1/24,8
20201019031524,192.168.1.2/24,2
20201019031525,192.168.1.2/24,-
20201019031526,10.77.1.2/24,85
20201019031527,10.20.30.1/16,-
20201019031528,192.168.1.1/24,7
20201019031529,10.20.30.2/16,3
20201019031530,10.20.30.2/16,18
20201019031531,10.77.1.2/24,-
20201019031532,10.20.30.2/16,13
20201019031534,192.168.1.2/24,5
20201019031536,10.77.1.2/24,-
20201019031537,10.77.1.2/24,1
20201019031538,10.20.30.2/16,1
20201019031539,10.20.30.1/16,5
20201019031540,192.168.1.1/24,14
20201019031541,192.168.1.2/24,1
20201019031543,10.20.30.1/16,8
20201019031545,192.168.1.1/24,9
20201019031546,192.168.1.1/24,-
20201019031547,10.77.1.2/24,7
20201019031549,10.77.1.1/24,8
20201019031550,192.168.1.2/24,20
20201019031551,10.77.1.2/24,3
20201019031552,10.77.1.2/24,4
20201019031553,10.20.30.1/16,6
20201019031555,10.77.1.1/24,5
20201019031556,10.20.30.2/16,25
20201019031557,10.77.1.2/24,-
20201019031558,10.77.1.2/24,-
20201019031559,10.20.30.1/16,4
20201019031600,10.77.1.1/24,6
20201019031601,10.20.30.2/16,-
20201019031602,10.77.1.1/24,75
20201019031603,10.77.1.1/24,9
20201019031605,192.168.1.2/24,5
20201019031606,10.77.1.2/24,-
20201019031607,10.77.1.1/24,2
20201019031608,10.77.1.1/24,5
20201019031609,10.20.30.2/16,-
20201019031610,10.20.30.2/16,-
20201019031611,10.20.30.1/16,24
20201019031612,10.20.30.2/16,-
20201019031613,10.77.1.2/24,-
20201019031615,10.20.30.1/16,52
20201019031616,10.77.1.1/24,15
20201019031617,192.168.1.2/24,75
20201019031618,192.168.1.1/24,45
20201019031619,10.20.30.2/16,56
20201019031621,10.77.1.2/24,-
20201019031622,10.20.30.2/16,-
20201019031623,192.168.1.1/24,6
20201019031625,10.20.30.1/16,-
20201019031626,192.168.1.2/24,7
20201019031627,192.168.1.2/24,9
20201019031628,10.77.1.1/24,9
20201019031629,192.168.1.2/24,3
20201019031630,10.77.1.2/24,53
20201019031631,10.77.1.2/24,6
20201019031632,10.77.1.1/24,-
20201019031633,10.77.1.2/24,70
20201019031635,10.77.1.1/24,-
20201019031636,10.20.30.1/16,4
20201019031637,10.20.30.2/16,-
20201019031638,192.168.1.1/24,2
20201019031639,192.168.1.1/24,-
20201019031641,10.20.30.2/16,9
20201019031642,10.20.30.2/16,9
20201019031643,10.20.30.2/16,-
20201019031644,10.77.1.2/24,-
20201019031646,192.168.1.1/24,17
20201019031647,10.20.30.1/16,6
20201019031649,192.168.1.2/24,73
20201019031650,10.20.30.2/16,5
20201019031651,10.20.30.1/16,-
20201019031652,10.77.1.1/24,18
20201019031654,192.168.1.2/24,3
20201019031655,10.20.30.1/16,4
20201019031656,10.77.1.1/24,1
20201019031657,10.77.1.1/24,-
20201019031658,192.168.1.1/24,1
20201019031659,10.77.1.1/24,-
20201019031701,10.20.30.1/16,8
20201019031703,10.20.30.2/16,91
20201019031704,192.168.1.2/24,64
20201019031706,10.20.30.1/16,-
20201019031708,10.77.1.2/24,9
20201019031709,10.20.30.2/16,5
20201019031710,10.20.30.2/16,5
20201019031711,192.168.1.2/24,-
20201019031712,10.77.1.2/24,9
20201019031713,192.168.1.2/24,3
20201019031714,10.77.1.2/24,67
20201019031716,10.77.1.1/24,9
20201019031717,10.20.30.2/16,2
20201019031718,10.20.30.2/16,-
20201019031719,10.20.30.1/16,9
20201019031721,192.168.1.2/24,28
20201019031723,10.20.30.2/16,3
20201019031724,192.168.1.1/24,38
20201019031725,10.20.30.2/16,42
20201019031726,10.20.30.2/16,28
20201019031727,10.77.1.1/24,50
20201019031728,10.20.30.1/16,-
20201019031730,10.20.30.1/16,1
20201019031731,10.77.1.2/24,4
20201019031732,10.20.30.2/16,-
20201019031734,10.77.1.2/24,4
20201019031735,10.77.1.2/24,2
20201019031736,192.168.1.2/24,2
20201019031737,10.20.30.2/16,56
20201019031738,192.168.1.1/24,-
20201019031739,10.77.1.1/24,-
20201019031741,10.20.30.1/16,3
20201019031742,192.168.1.1/24,83
20201019031743,10.77.1.1/24,-
20201019031745,192.168.1.1/24,7
20201019031747,10.20.30.1/16,7
20201019031748,10.20.30.1/16,4
20201019031749,192.168.1.2/24,9
20201019031751,10.20.30.1/16,8
20201019031752,10.20.30.2/16,11
20201019031753,192.168.1.2/24,-
20201019031755,192.168.1.1/24,-
20201019031756,10.20.30.2/16,7
20201019031757,10.77.1.2/24,3
20201019031758,10.77.1.2/24,7
20201019031800,192.168.1.1/24,36
20201019031802,192.168.1.1/24,2
20201019031804,10.20.30.1/16,26
20201019031806,192.168.1.2/24,5
20201019031807,10.77.1.2/24,1
20201019031808,10.77.1.2/24,8
20201019031809,10.77.1.2/24,3
20201019031811,192.168.1.2/24,9
20201019031812,10.77.1.2/24,1
20201019031813,10.77.1.1/24,75
20201019031814,10.77.1.2/24,-
20201019031815,10.77.1.2/24,6
20201019031816,192.168.1.2/24,90
20201019031817,10.77.1.2/24,7
20201019031819,192.168.1.2/24,7
20201019031820,192.168.1.2/24,2
20201019031821,10.20.30.2/16,-
20201019031822,10.77.1.1/24,15
20201019031824,10.20.30.2/16,3
20201019031826,10.77.1.1/24,-
20201019031827,10.20.30.2/16,-
20201019031829,10.20.30.1/16,-
20201019031830,192.168.1.1/24,83
20201019031832,192.168.1.2/24,9
20201019031833,192.168.1.1/24,7
20201019031835,10.20.30.2/16,-
20201019031836,10.77.1.1/24,9
20201019031837,10.77.1.1/24,53
20201019031838,192.168.1.2/24,6
20201019031839,10.77.1.1/24,3
20201019031840,10.20.30.1/16,58
20201019031841,10.77.1.1/24,2
20201019031843,192.168.1.2/24,9
20201019031844,192.168.1.2/24,-
20201019031845,192.168.1.1/24,-
20201019031846,10.20.30.1/16,-
20201019031848,10.20.30.2/16,-
20201019031849,192.168.1.1/24,54
20201019031850,10.20.30.1/16,-
20201019031852,10.20.30.1/16,1
20201019031853,10.20.30.2/16,4
20201019031855,192.168.1.2/24,51
20201019031856,10.77.1.2/24,6
20201019031858,10.20.30.1/16,1
20201019031900,192.168.1.2/24,27
20201019031901,10.77.1.2/24,-
20201019031902,192.168.1.2/24,5
20201019031904,192.168.1.2/24,4
20201019031905,10.20.30.2/16,9
20201019031906,10.77.1.2/24,7
20201019031907,10.20.30.2/16,84
20201019031908,192.168.1.2/24,6
20201019031910,10.20.30.2/16,9
20201019031912,10.20.30.2/16,4
20201019031914,192.168.1.1/24,4
20201019031916,10.20.30.2/16,6
20201019031917,10.77.1.2/24,7
20201019031919,192.168.1.1/24,6
20201019031921,10.77.1.1/24,24
20201019031922,10.20.30.2/16,-
20201019031923,192.168.1.2/24,6
20201019031925,10.77.1.2/24,9
20201019031926,10.20.30.1/16,2
20201019031927,10.77.1.2/24,15
20201019031928,10.20.30.1/16,-
20201019031929,10.77.1.2/24,39
20201019031931,10.20.30.1/16,4
20201019031932,10.20.30.2/16,2
20201019031933,10.77.1.2/24,-
20201019031934,192.168.1.2/24,2
20201019031935,192.168.1.1/24,-
20201019031936,10.77.1.1/24,4
20201019031938,192.168.1.2/24,87
20201019031940,10.20.30.2/16,-
20201019031941,10.20.30.1/16,7
20201019031942,10.77.1.2/24,1
20201019031943,10.77.1.1/24,9
20201019031945,10.77.1.2/24,9
20201019031947,10.77.1.2/24,6
20201019031949,10.20.30.2/16,3
20201019031951,10.77.1.2/24,46
20201019031952,192.168.1.2/24,1
20201019031953,10.20.30.2/16,7
20201019031955,192.168.1.2/24,94
20201019031956,10.20.30.1/16,2
20201019031958,192.168.1.1/24,2
20201019031959,10.77.1.2/24,6
20201019032000,10.77.1.2/24,2
20201019032001,10.77.1.1/24,7
20201019032002,192.168.1.2/24,6
20201019032003,192.168.1.2/24,-
20201019032004,10.20.30.1/16,2
20201019032005,192.168.1.1/24,-
20201019032006,10.20.30.2/16,5
20201019032007,10.20.30.1/16,-
20201019032009,10.77.1.2/24,6
20201019032011,192.168.1.2/24,4
20201019032013,10.77.1.1/24,7
20201019032015,192.168.1.1/24,6
20201019032016,10.20.30.2/16,4
20201019032017,10.20.30.1/16,9
20201019032018,192.168.1.2/24,21
20201019032020,10.20.30.2/16,5
20201019032021,10.20.30.1/16,7
20201019032023,10.77.1.1/24,9
20201019032025,192.168.1.2/24,-
20201019032026,10.20.30.1/16,5
20201019032027,10.77.1.1/24,4
20201019032028,192.168.1.1/24,2
20201019032029,10.20.30.1/16,34
20201019032031,10.20.30.1/16,3
20201019032032,10.20.30.2/16,8
20201019032034,10.77.1.1/24,-
20201019032035,192.168.1.1/24,4
20201019032036,10.20.30.1/16,56
20201019032037,10.20.30.1/16,4
20201019032038,10.20.30.2/16,1
20201019032039,192.168.1.2/24,79
20201019032040,10.20.30.2/16,94
20201019032041,10.77.1.1/24,6
20201019032042,192.168.1.1/24,2
20201019032043,10.77.1.1/24,6
20201019032044,10.77.1.1/24,5
20201019032046,192.168.1.1/24,6
20201019032048,192.168.1.2/24,-
20201019032050,10.20.30.2/16,38
20201019032051,192.168.1.1/24,39
20201019032052,192.168.1.2/24,7
20201019032054,10.20.30.2/16,-
20201019032055,10.20.30.2/16,9
20201019032056,192.168.1.2/24,7
20201019032057,192.168.1.1/24,4
20201019032058,192.168.1.2/24,-
20201019032059,10.77.1.1/24,-
20201019032100,192.168.1.1/24,8
20201019032101,10.20.30.1/16,6
20201019032102,10.20.30.1/16,8
20201019032103,192.168.1.1/24,8
20201019032104,10.77.1.2/24,8
20201019032106,10.77.1.2/24,5
20201019032108,10.77.1.2/24,-
20201019032109,10.20.30.1/16,-
20201019032110,10.20.30.2/16,61
20201019032111,10.77.1.2/24,3
20201019032112,10.77.1.1/24,-
20201019032113,10.20.30.1/16,81
20201019032114,10.77.1.2/24,24
20201019032115,10.77.1.1/24,-
20201019032117,10.77.1.1/24,-
20201019032119,192.168.1.1/24,24
20201019032121,10.20.30.1/16,95
20201019032122,192.168.1.2/24,48
20201019032123,10.77.1.2/24,2
20201019032124,10.77.1.2/24,10
20201019032125,10.20.30.1/16,-
20201019032127,10.77.1.2/24,5
20201019032128,192.168.1.1/24,8
20201019032130,10.20.30.1/16,-
20201019032131,10.20.30.2/16,7
20201019032132,10.20.30.1/16,2
20201019032133,10.20.30.1/16,2
20201019032134,10.77.1.2/24,-
20201019032135,10.77.1.1/24,7
20201019032137,10.77.1.1/24,6
20201019032139,10.20.30.1/16,4
20201019032141,192.168.1.1/24,16
20201019032142,192.168.1.2/24,-
20201019032143,10.77.1.1/24,8
20201019032144,192.168.1.1/24,4
20201019032145,192.168.1.1/24,6
20201019032147,10.20.30.1/16,25
20201019032148,10.20.30.2/16,4
20201019032149,192.168.1.2/24,-
20201019032150,192.168.1.2/24,43
20201019032151,10.77.1.1/24,3
20201019032152,10.20.30.1/16,93
20201019032153,10.20.30.2/16,89
20201019032154,10.77.1.2/24,6
20201019032155,10.20.30.2/16,-
20201019032157,10.20.30.2/16,29
20201019032159,192.168.1.2/24,-
20201019032200,10.20.30.2/16,6
20201019032201,192.168.1.2/24,7
20201019032203,192.168.1.1/24,4
20201019032204,10.77.1.1/24,5
20201019032205,192.168.1.2/24,-
20201019032206,10.20.30.1/16,70
20201019032207,10.77.1.1/24,-
20201019032208,10.20.30.2/16,68
20201019032209,10.77.1.2/24,6
20201019032210,192.168.1.1/24,40
20201019032211,192.168.1.1/24,4
20201019032212,10.77.1.1/24,38
20201019032213,10.20.30.2/16,8
20201019032215,10.77.1.1/24,75
20201019032217,10.77.1.2/24,9
20201019032218,192.168.1.1/24,8
20201019032219,192.168.1.1/24,-
20201019032221,10.20.30.1/16,5
20201019032222,10.77.1.2/24,-
20201019032224,10.20.30.2/16,-
20201019032225,192.168.1.1/24,84
20201019032226,10.20.30.1/16,9
20201019032227,192.168.1.1/24,2
20201019032228,10.20.30.2/16,65
20201019032229,192.168.1.2/24,7
20201019032230,10.20.30.2/16,-
20201019032232,192.168.1.2/24,2
20201019032234,10.20.30.2/16,-
20201019032235,10.20.30.2/16,-
20201019032237,10.77.1.2/24,7
20201019032238,10.20.30.2/16,-
20201019032240,10.20.30.2/16,39
20201019032241,192.168.1.2/24,7
20201019032242,10.20.30.2/16,-
20201019032243,10.77.1.2/24,6
20201019032244,10.77.1.1/24,3
20201019032246,10.77.1.1/24,96
20201019032247,10.20.30.1/16,7
20201019032248,10.77.1.1/24,9
20201019032250,10.77.1.1/24,0
20201019032252,10.77.1.1/24,63
20201019032254,10.20.30.1/16,17
20201019032256,192.168.1.1/24,-
20201019032257,10.20.30.1/16,-
20201019032258,10.77.1.2/24,3
20201019032259,192.168.1.2/24,8
20201019032300,10.77.1.1/24,4
20201019032301,10.20.30.2/16,8
20201019032302,10.77.1.1/24,8
20201019032303,10.20.30.1/16,75
20201019032304,10.20.30.2/16,10
20201019032305,10.20.30.2/16,-
20201019032306,192.168.1.2/24,34
20201019032308,10.20.30.2/16,-
20201019032309,10.20.30.2/16,9
20201019032311,10.20.30.2/16,3
20201019032312,10.77.1.1/24,-
20201019032314,10.77.1.2/24,-
20201019032315,192.168.1.1/24,72
20201019032317,10.20.30.1/16,1
20201019032318,10.77.1.1/24,-
20201019032319,192.168.1.2/24,-
20201019032320,10.77.1.2/24,52
20201019032321,192.168.1.1/24,-
20201019032322,10.20.30.2/16,7
20201019032323,10.20.30.2/16,10
20201019032324,10.77.1.1/24,-
20201019032326,10.77.1.2/24,75
20201019032327,192.168.1.2/24,35
20201019032328,10.20.30.2/16,62
20201019032329,192.168.1.1/24,-
20201019032330,192.168.1.2/24,2
20201019032331,192.168.1.2/24,9
20201019032333,10.20.30.1/16,89
20201019032335,192.168.1.1/24,5
20201019032336,10.77.1.2/24,45
20201019032337,10.77.1.1/24,-
20201019032338,10.20.30.1/16,21
20201019032339,10.20.30.1/16,-
20201019032340,10.20.30.1/16,-
20201019032342,10.77.1.1/24,7
20201019032343,192.168.1.2/24,-
20201019032344,192.168.1.2/24,-
20201019032345,10.77.1.1/24,-
20201019032346,10.77.1.1/24,2
20201019032347,10.77.1.2/24,-
20201019032348,10.77.1.2/24,3
20201019032349,10.77.1.2/24,88
20201019032350,10.20.30.2/16,-
20201019032351,192.168.1.2/24,10
20201019032352,10.77.1.2/24,6
20201019032353,10.20.30.2/16,8
20201019032355,10.20.30.2/16,63
20201019032356,192.168.1.2/24,4
20201019032357,10.20.30.1/16,8
20201019032358,10.20.30.2/16,-
20201019032400,10.77.1.1/24,3
20201019032401,10.20.30.2/16,72
20201019032402,192.168.1.2/24,1
20201019032403,10.77.1.1/24,7
20201019032405,192.168.1.1/24,-
20201019032406,10.77.1.2/24,9
20201019032407,10.20.30.1/16,9
20201019032408,10.77.1.1/24,9
20201019032410,10.20.30.1/16,-
20201019032411,10.20.30.2/16,-
20201019032412,10.77.1.2/24,89
20201019032413,192.168.1.2/24,7
20201019032415,10.20.30.1/16,-
20201019032417,192.168.1.1/24,28
20201019032418,10.77.1.1/24,-
20201019032420,10.20.30.1/16,7
20201019032421,10.77.1.1/24,3
20201019032422,192.168.1.1/24,5
20201019032423,10.77.1.1/24,8
20201019032424,10.77.1.2/24,2
20201019032426,192.168.1.2/24,11
20201019032427,10.20.30.1/16,1
20201019032429,10.77.1.2/24,19
20201019032431,10.77.1.1/24,4
20201019032432,10.20.30.1/16,24
20201019032433,10.20.30.1/16,-
20201019032434,192.168.1.1/24,12
20201019032436,10.77.1.1/24,9
20201019032437,192.168.1.2/24,6
20201019032438,192.168.1.1/24,-
20201019032439,10.20.30.1/16,3
20201019032440,10.77.1.2/24,5
20201019032441,10.20.30.1/16,5
20201019032442,10.20.30.2/16,1
20201019032444,10.20.30.1/16,1
20201019032445,10.20.30.1/16,85
20201019032447,10.77.1.1/24,-
20201019032449,10.77.1.2/24,61
20201019032450,192.168.1.2/24,7
20201019032451,10.77.1.2/24,2
20201019032452,10.77.1.1/24,4
20201019032453,10.20.30.2/16,8
20201019032454,192.168.1.2/24,-
20201019032455,10.77.1.1/24,9
20201019032456,10.20.30.1/16,6
20201019032458,192.168.1.2/24,-
20201019032459,10.77.1.2/24,-
20201019032500,10.20.30.1/16,4
20201019032501,10.77.1.1/24,39
20201019032502,10.77.1.1/24,7
20201019032503,10.77.1.1/24,47
20201019032504,192.168.1.2/24,-
20201019032505,192.168.1.1/24,-
20201019032507,10.20.30.2/16,-
20201019032509,10.77.1.2/24,2
20201019032510,10.77.1.1/24,2
20201019032512,10.77.1.1/24,7
20201019032513,10.20.30.1/16,4
20201019032514,10.20.30.2/16,8
20201019032515,192.168.1.1/24,3
20201019032516,192.168.1.2/24,69
20201019032517,192.168.1.1/24,6
20201019032519,10.77.1.1/24,-
20201019032521,10.20.30.2/16,6
20201019032522,10.77.1.1/24,12
20201019032523,10.20.30.1/16,5
20201019032524,10.20.30.1/16,8
20201019032525,10.77.1.2/24,12
20201019032527,192.168.1.2/24,7
20201019032529,10.77.1.1/24,-
20201019032530,10.77.1.1/24,4
20201019032531,10.77.1.1/24,42
20201019032532,10.20.30.1/16,9
20201019032533,10.20.30.1/16,7
20201019032534,192.168.1.2/24,69
20201019032536,10.20.30.1/16,2
20201019032538,192.168.1.2/24,7
20201019032539,10.77.1.1/24,3
20201019032540,10.20.30.1/16,38
20201019032542,10.20.30.2/16,29
20201019032543,10.20.30.1/16,5
20201019032544,10.20.30.1/16,-
20201019032545,10.20.30.2/16,60
20201019032546,10.20.30.2/16,3
20201019032547,10.20.30.2/16,2
20201019032548,10.20.30.1/16,3
20201019032549,10.20.30.2/16,8
20201019032550,192.168.1.1/24,-
20201019032552,10.77.1.2/24,2
20201019032553,10.20.30.2/16,9
20201019032554,10.20.30.1/16,-
20201019032555,192.168.1.2/24,12
20201019032556,192.168.1.1/24,8
20201019032557,10.20.30.1/16,37
20201019032558,192.168.1.2/24,5
20201019032600,10.20.30.1/16,37
20201019032602,10.20.30.1/16,-
20201019032603,10.20.30.1/16,9
20201019032604,10.20.30.1/16,-
20201019032605,10.20.30.1/16,-
20201019032606,10.77.1.1/24,-
20201019032608,10.20.30.1/16,4
20201019032609,192.168.1.2/24,91
20201019032610,10.20.30.1/16,-
20201019032611,10.77.1.2/24,49
20201019032612,10.20.30.1/16,9
20201019032613,10.77.1.2/24,1
20201019032614,192.168.1.2/24,1
20201019032616,10.20.30.2/16,8
20201019032618,10.20.30.1/16,7
20201019032619,10.20.30.1/16,5
20201019032620,192.168.1.2/24,7
20201019032621,192.168.1.2/24,9
20201019032622,10.77.1.2/24,5
20201019032623,10.77.1.1/24,6
20201019032624,10.20.30.2/16,1
20201019032625,10.20.30.1/16,7
20201019032626,10.20.30.2/16,75
20201019032627,192.168.1.2/24,7
20201019032628,192.168.1.2/24,-
20201019032629,10.77.1.2/24,3
20201019032630,10.20.30.1/16,9
20201019032631,10.77.1.2/24,7
20201019032632,10.20.30.1/16,-
20201019032633,10.77.1.1/24,9
20201019032634,10.20.30.2/16,3
20201019032635,10.77.1.2/24,12
20201019032637,192.168.1.1/24,6
20201019032638,10.20.30.1/16,10
20201019032639,10.77.1.1/24,13
20201019032640,10.20.30.1/16,6
20201019032641,192.168.1.2/24,6
20201019032642,192.168.1.2/24,25
20201019032643,192.168.1.2/24,8
20201019032644,10.20.30.1/16,-
20201019032646,192.168.1.1/24,4
20201019032647,10.77.1.1/24,12
20201019032648,10.20.30.2/16,-
20201019032649,192.168.1.1/24,8
20201019032651,192.168.1.2/24,6
20201019032652,192.168.1.1/24,16
20201019032653,192.168.1.1/24,-
20201019032654,10.77.1.2/24,6
20201019032656,192.168.1.2/24,16
20201019032658,10.20.30.1/16,16
20201019032659,192.168.1.2/24,21
20201019032700,10.20.30.2/16,6
20201019032701,192.168.1.2/24,17
20201019032702,10.77.1.2/24,5
20201019032703,10.77.1.1/24,6
20201019032704,192.168.1.2/24,-
20201019032706,10.20.30.1/16,-
20201019032707,10.20.30.1/16,-
20201019032709,10.77.1.2/24,39
20201019032710,192.168.1.1/24,47
20201019032711,10.20.30.2/16,3
20201019032712,10.20.30.1/16,6
20201019032713,10.77.1.1/24,90
20201019032714,192.168.1.1/24,-
20201019032715,10.77.1.1/24,2
20201019032717,192.168.1.1/24,-
20201019032718,192.168.1.2/24,7
20201019032719,10.77.1.1/24,32
20201019032720,192.168.1.1/24,96
20201019032722,192.168.1.2/24,2
20201019032723,10.77.1.2/24,8
20201019032725,10.77.1.1/24,69
20201019032727,10.77.1.2/24,7
20201019032729,10.77.1.2/24,9
20201019032730,10.77.1.2/24,72
20201019032732,192.168.1.1/24,4
20201019032733,192.168.1.1/24,9
20201019032734,10.20.30.1/16,-
20201019032736,10.77.1.2/24,1
20201019032737,10.77.1.2/24,3
20201019032738,10.77.1.2/24,6
20201019032740,10.77.1.1/24,-
20201019032742,10.20.30.1/16,11
20201019032743,10.20.30.1/16,7
20201019032744,192.168.1.2/24,13
20201019032745,192.168.1.2/24,2
20201019032746,10.77.1.1/24,-
20201019032747,192.168.1.2/24,9
20201019032748,10.77.1.2/24,6
20201019032749,10.20.30.2/16,8
20201019032751,192.168.1.1/24,97
20201019032752,10.77.1.1/24,3
20201019032753,192.168.1.1/24,9
20201019032754,192.168.1.1/24,7
20201019032755,10.20.30.2/16,-
20201019032756,10.77.1.1/24,-
20201019032758,10.77.1.2/24,12
20201019032800,192.168.1.1/24,2
20201019032801,10.77.1.2/24,-
20201019032802,10.77.1.1/24,13
20201019032803,10.77.1.1/24,53
20201019032804,10.20.30.2/16,6
20201019032806,10.20.30.1/16,53
20201019032807,10.20.30.1/16,-
20201019032808,10.20.30.1/16,5
20201019032809,192.168.1.2/24,21
20201019032810,192.168.1.1/24,1
20201019032811,192.168.1.2/24,8
20201019032812,10.77.1.1/24,82
20201019032814,10.77.1.1/24,5
20201019032816,192.168.1.1/24,6
20201019032817,192.168.1.2/24,-
20201019032818,10.20.30.2/16,-
20201019032819,10.77.1.1/24,7
20201019032820,192.168.1.1/24,9
20201019032821,10.77.1.2/24,5
20201019032822,10.77.1.2/24,-
20201019032823,192.168.1.2/24,25
20201019032824,10.77.1.1/24,8
20201019032825,10.77.1.2/24,8
20201019032826,10.20.30.1/16,-
20201019032827,10.20.30.2/16,2
20201019032828,10.77.1.2/24,-
20201019032829,10.77.1.2/24,-
20201019032830,10.20.30.2/16,9
20201019032831,192.168.1.1/24,24
20201019032832,10.77.1.2/24,3
20201019032834,10.77.1.1/24,1
20201019032835,10.77.1.2/24,9
20201019032836,192.168.1.2/24,5
20201019032837,192.168.1.1/24,4
20201019032838,10.77.1.2/24,1
20201019032839,10.20.30.1/16,-
20201019032840,10.77.1.1/24,-
20201019032841,192.168.1.1/24,4
20201019032843,10.20.30.1/16,4
20201019032845,192.168.1.2/24,8
20201019032846,10.20.30.2/16,77
20201019032847,10.20.30.2/16,3
20201019032849,192.168.1.1/24,1
20201019032850,10.77.1.2/24,49
20201019032851,10.77.1.2/24,-
20201019032852,10.20.30.2/16,5
20201019032853,192.168.1.1/24,2
20201019032855,10.77.1.2/24,6
20201019032856,192.168.1.2/24,7
20201019032857,10.77.1.2/24,6
20201019032859,10.77.1.1/24,2
20201019032900,192.168.1.2/24,4
20201019032902,192.168.1.2/24,1
20201019032903,192.168.1.1/24,93
20201019032904,10.77.1.1/24,1
20201019032905,192.168.1.2/24,2
20201019032907,10.77.1.1/24,-
20201019032908,10.77.1.1/24,6
20201019032909,10.20.30.1/16,-
20201019032910,192.168.1.1/24,-
20201019032911,192.168.1.2/24,30
20201019032912,192.168.1.1/24,-
20201019032914,10.20.30.1/16,4
20201019032915,10.20.30.2/16,17
20201019032917,10.20.30.1/16,3
20201019032918,10.20.30.2/16,5
20201019032919,10.77.1.2/24,3
20201019032920,192.168.1.2/24,8
20201019032921,192.168.1.1/24,1
20201019032922,10.20.30.1/16,6
20201019032923,192.168.1.2/24,7
20201019032924,192.168.1.2/24,-
20201019032925,10.20.30.1/16,-
20201019032927,10.77.1.2/24,3
20201019032928,10.20.30.1/16,9
20201019032929,10.20.30.1/16,-
20201019032930,10.20.30.2/16,4
20201019032931,10.20.30.2/16,5
20201019032932,10.20.30.2/16,1
20201019032933,10.20.30.2/16,-
20201019032935,10.20.30.2/16,6
20201019032936,10.20.30.2/16,54
20201019032937,10.20.30.1/16,13
20201019032938,192.168.1.1/24,9
20201019032939,192.168.1.2/24,7
20201019032940,10.77.1.2/24,2
20201019032941,10.77.1.1/24,5
20201019032942,10.20.30.1/16,5
20201019032943,10.77.1.2/24,-
20201019032944,10.77.1.2/24,5
20201019032945,192.168.1.1/24,-
20201019032946,192.168.1.1/24,76
20201019032947,10.77.1.2/24,32
20201019032948,192.168.1.1/24,9
20201019032949,10.77.1.1/24,1
20201019032950,192.168.1.2/24,6
20201019032951,192.168.1.2/24,28
20201019032952,10.20.30.1/16,8
20201019032953,10.20.30.1/16,-
20201019032954,10.77.1.1/24,14
20201019032955,10.20.30.2/16,9
20201019032956,10.20.30.2/16,8
20201019032957,10.20.30.1/16,83
20201019032958,10.20.30.1/16,5
20201019032959,192.168.1.1/24,40
20201019033000,10.20.30.2/16,7
20201019033001,192.168.1.1/24,25
20201019033003,10.20.30.2/16,-
20201019033004,10.77.1.2/24,6
20201019033006,10.77.1.1/24,5
20201019033007,10.20.30.1/16,4
20201019033008,10.77.1.2/24,8
20201019033009,10.20.30.1/16,1
20201019033010,10.20.30.2/16,6
20201019033011,10.20.30.1/16,8
20201019033012,192.168.1.1/24,-
20201019033013,10.20.30.2/16,43
20201019033015,192.168.1.1/24,5
20201019033017,10.77.1.2/24,4
20201019033018,192.168.1.1/24,-
20201019033019,192.168.1.1/24,47
20201019033020,10.77.1.2/24,-
20201019033022,10.20.30.1/16,3
20201019033023,10.77.1.2/24,15
20201019033024,10.20.30.2/16,8
20201019033026,10.20.30.2/16,18
20201019033028,10.77.1.1/24,70
20201019033030,192.168.1.2/24,69
20201019033031,10.20.30.1/16,16
20201019033032,192.168.1.1/24,8
20201019033033,10.20.30.2/16,2
20201019033034,10.77.1.2/24,93
20201019033035,10.77.1.2/24,58
20201019033036,10.77.1.1/24,-
20201019033037,192.168.1.2/24,-
20201019033038,10.77.1.1/24,5
20201019033039,10.20.30.1/16,-
20201019033040,10.20.30.1/16,8
20201019033042,10.77.1.1/24,-
20201019033043,10.77.1.2/24,-
20201019033044,10.77.1.1/24,6
20201019033045,10.77.1.2/24,63
20201019033047,192.168.1.1/24,9
20201019033048,10.77.1.2/24,2
20201019033049,192.168.1.1/24,6
20201019033050,10.20.30.2/16,4
20201019033051,10.77.1.2/24,-
20201019033053,10.20.30.1/16,-
20201019033054,192.168.1.2/24,22
20201019033056,10.77.1.1/24,5
20201019033058,192.168.1.2/24,2
20201019033059,10.77.1.1/24,80
20201019033100,10.77.1.1/24,44
20201019033101,10.77.1.1/24,2
20201019033102,192.168.1.1/24,88
20201019033103,10.77.1.1/24,-
20201019033105,192.168.1.1/24,8
20201019033107,192.168.1.1/24,3
20201019033109,10.20.30.1/16,86
20201019033110,10.20.30.2/16,4
20201019033111,10.20.30.1/16,6
20201019033112,10.77.1.1/24,60
20201019033114,10.20.30.2/16,62
20201019033115,192.168.1.1/24,11
20201019033117,192.168.1.1/24,7
20201019033118,192.168.1.2/24,-
20201019033119,10.20.30.1/16,8
20201019033120,10.20.30.1/16,9
20201019033121,192.168.1.2/24,1
20201019033123,10.77.1.1/24,8
20201019033124,10.20.30.2/16,87
20201019033125,192.168.1.2/24,10
20201019033126,10.20.30.2/16,8
20201019033127,10.77.1.1/24,91
20201019033128,10.77.1.2/24,20
20201019033130,10.20.30.2/16,7
20201019033131,10.77.1.2/24,65
20201019033132,10.20.30.1/16,86
20201019033133,192.168.1.2/24,4
20201019033135,10.20.30.2/16,-
20201019033136,10.77.1.1/24,15
20201019033137,10.77.1.2/24,99
20201019033138,10.77.1.2/24,-
20201019033139,192.168.1.1/24,-
20201019033140,10.20.30.2/16,-
20201019033141,10.20.30.1/16,17
20201019033143,10.20.30.1/16,10
20201019033144,10.20.30.1/16,2
20201019033145,10.77.1.1/24,6
20201019033146,192.168.1.2/24,1
20201019033148,10.20.30.1/16,11
20201019033150,192.168.1.2/24,2
20201019033151,10.20.30.1/16,30
20201019033153,192.168.1.1/24,6
20201019033154,10.20.30.2/16,4
20201019033155,192.168.1.1/24,3
20201019033156,10.20.30.1/16,91
20201019033157,192.168.1.2/24,-
20201019033159,10.20.30.2/16,1
20201019033201,192.168.1.1/24,3
20201019033202,10.77.1.1/24,-
20201019033203,10.20.30.2/16,1
20201019033205,192.168.1.2/24,3
20201019033207,192.168.1.2/24,-
20201019033208,10.77.1.1/24,4
20201019033209,10.77.1.2/24,-
20201019033211,10.20.30.2/16,18
20201019033213,192.168.1.2/24,14
20201019033214,10.77.1.2/24,-
20201019033215,192.168.1.2/24,8
20201019033216,10.77.1.2/24,-
20201019033218,192.168.1.1/24,7
20201019033219,10.20.30.2/16,4
20201019033220,10.20.30.2/16,6
20201019033221,10.77.1.2/24,43
20201019033222,10.20.30.2/16,8
20201019033224,10.20.30.2/16,44
20201019033225,10.77.1.2/24,4
20201019033226,10.77.1.1/24,3
20201019033227,10.20.30.2/16,6
20201019033228,10.20.30.1/16,-
20201019033229,10.20.30.2/16,-
20201019033230,192.168.1.1/24,-
20201019033231,10.20.30.1/16,5
20201019033232,10.77.1.1/24,6
20201019033234,192.168.1.1/24,6
20201019033235,10.20.30.1/16,26
20201019033237,192.168.1.1/24,98
20201019033238,10.20.30.2/16,7
20201019033239,192.168.1.1/24,37
20201019033241,10.20.30.2/16,2
20201019033242,10.77.1.2/24,-
20201019033244,10.77.1.1/24,13
20201019033245,10.77.1.1/24,8
20201019033246,10.77.1.1/24,3
20201019033247,192.168.1.1/24,7
20201019033249,10.77.1.1/24,22
20201019033250,192.168.1.1/24,9
20201019033252,192.168.1.2/24,-
20201019033253,192.168.1.2/24,55
20201019033254,10.20.30.1/16,89
20201019033255,10.77.1.2/24,3
20201019033256,192.168.1.2/24,25
20201019033257,10.77.1.2/24,-
20201019033258,10.20.30.1/16,7
20201019033259,10.20.30.1/16,4
20201019033300,10.77.1.1/24,5
20201019033301,192.168.1.1/24,85
20201019033302,192.168.1.2/24,-
20201019033303,10.20.30.1/16,-
20201019033304,192.168.1.2/24,5
20201019033305,10.20.30.2/16,2
20201019033306,10.77.1.1/24,4
20201019033308,10.20.30.1/16,60
20201019033309,192.168.1.1/24,2
20201019033310,192.168.1.2/24,18
20201019033311,10.77.1.2/24,9
20201019033312,192.168.1.1/24,1
20201019033314,10.77.1.2/24,72
20201019033315,192.168.1.1/24,9
20201019033316,10.20.30.2/16,-
20201019033317,10.77.1.1/24,8
20201019033318,10.77.1.1/24,4
20201019033319,10.77.1.2/24,-
20201019033320,192.168.1.2/24,-
20201019033321,10.77.1.2/24,4
20201019033323,10.20.30.1/16,94
20201019033324,10.20.30.2/16,36
20201019033325,192.168.1.2/24,29
20201019033327,10.77.1.1/24,5
20201019033329,10.20.30.1/16,-
20201019033330,10.77.1.2/24,31
20201019033332,10.77.1.1/24,9
20201019033333,192.168.1.2/24,4
20201019033334,10.20.30.2/16,8
20201019033336,10.20.30.2/16,5
20201019033337,10.20.30.1/16,3
20201019033338,10.20.30.1/16,9
20201019033339,10.20.30.1/16,16
20201019033340,192.168.1.2/24,2
20201019033341,10.77.1.1/24,-
20201019033342,192.168.1.1/24,-
20201019033343,10.77.1.2/24,-
20201019033344,192.168.1.2/24,-
20201019033345,10.77.1.1/24,7
20201019033347,10.77.1.1/24,-
20201019033348,10.20.30.2/16,53
20201019033349,10.20.30.2/16,21
20201019033350,192.168.1.1/24,20
20201019033351,10.20.30.1/16,67
20201019033352,192.168.1.1/24,8
20201019033353,10.20.30.1/16,72
20201019033354,10.20.30.1/16,6
20201019033356,192.168.1.2/24,29
20201019033357,10.20.30.1/16,65
20201019033358,10.20.30.2/16,57
20201019033359,192.168.1.2/24,8
20201019033401,10.77.1.1/24,6
20201019033402,10.77.1.2/24,83
20201019033403,10.20.30.1/16,-
20201019033404,10.20.30.2/16,9
20201019033405,10.77.1.1/24,-
20201019033407,192.168.1.2/24,11
20201019033408,10.77.1.1/24,-
20201019033409,10.20.30.1/16,6
20201019033411,10.77.1.1/24,90
20201019033412,10.20.30.1/16,4
20201019033414,192.168.1.1/24,-
20201019033415,10.20.30.1/16,12
20201019033416,10.77.1.1/24,7
20201019033417,192.168.1.1/24,97
20201019033418,192.168.1.1/24,39
20201019033419,192.168.1.2/24,9
20201019033421,192.168.1.1/24,9
20201019033422,10.77.1.1/24,3
20201019033423,192.168.1.1/24,30
20201019033424,10.77.1.1/24,9
20201019033425,192.168.1.2/24,1
20201019033426,192.168.1.1/24,12
20201019033427,10.77.1.2/24,79
20201019033428,192.168.1.2/24,-
20201019033429,10.20.30.1/16,5
20201019033430,192.168.1.1/24,8
20201019033431,192.168.1.1/24,-
20201019033432,10.20.30.1/16,34
20201019033433,10.77.1.1/24,16
20201019033434,192.168.1.1/24,11
20201019033435,10.20.30.1/16,-
20201019033436,10.77.1.1/24,6
20201019033437,10.77.1.1/24,66
20201019033438,10.77.1.2/24,6
20201019033439,192.168.1.1/24,-
20201019033440,10.77.1.1/24,1
20201019033441,10.77.1.1/24,2
20201019033442,192.168.1.2/24,6
20201019033443,192.168.1.2/24,9
20201019033444,192.168.1.2/24,13
20201019033446,192.168.1.2/24,53
20201019033448,10.77.1.2/24,-
20201019033449,192.168.1.2/24,1
20201019033450,192.168.1.1/24,-
20201019033451,10.77.1.2/24,9
20201019033453,192.168.1.2/24,-
20201019033454,10.77.1.2/24,-
20201019033455,192.168.1.1/24,2
20201019033457,10.20.30.2/16,7
20201019033458,10.20.30.1/16,37
20201019033459,192.168.1.2/24,9
20201019033500,10.77.1.2/24,9
20201019033501,192.168.1.2/24,9
20201019033502,192.168.1.2/24,-
20201019033504,10.20.30.2/16,8
20201019033506,10.20.30.1/16,9
20201019033508,10.20.30.1/16,10
20201019033509,192.168.1.1/24,-
20201019033510,192.168.1.2/24,51
20201019033512,10.77.1.2/24,2
20201019033513,10.77.1.1/24,7
20201019033515,192.168.1.1/24,56
20201019033516,10.77.1.1/24,82
20201019033517,10.77.1.1/24,-
20201019033518,10.77.1.1/24,44
20201019033519,10.20.30.1/16,7
20201019033520,10.77.1.1/24,87
20201019033521,10.20.30.1/16,55
20201019033522,192.168.1.1/24,56
20201019033523,10.77.1.2/24,5
20201019033525,10.77.1.2/24,5
20201019033527,10.20.30.1/16,17
20201019033528,10.77.1.2/24,4
20201019033530,10.20.30.2/16,16
20201019033531,10.20.30.2/16,9
20201019033532,10.20.30.2/16,-
20201019033533,192.168.1.1/24,-
20201019033534,10.77.1.2/24,96
20201019033536,192.168.1.2/24,11
20201019033537,192.168.1.1/24,3
20201019033538,10.77.1.1/24,23
20201019033539,10.77.1.1/24,1
20201019033541,192.168.1.2/24,-
20201019033542,10.20.30.1/16,66
20201019033543,10.20.30.2/16,1
20201019033544,10.20.30.1/16,7
20201019033545,192.168.1.2/24,14
20201019033547,192.168.1.2/24,20
20201019033548,10.20.30.2/16,-
20201019033549,10.77.1.1/24,4
20201019033550,10.77.1.2/24,4
20201019033551,10.20.30.1/16,-
20201019033552,10.77.1.1/24,3
20201019033553,10.20.30.2/16,3
20201019033554,192.168.1.1/24,32
20201019033555,10.77.1.2/24,7
20201019033556,10.77.1.2/24,41
20201019033557,192.168.1.2/24,6
20201019033558,10.20.30.2/16,-
20201019033559,192.168.1.1/24,4
20201019033600,10.77.1.1/24,1
20201019033601,10.77.1.1/24,52
20201019033602,10.77.1.1/24,25
20201019033603,192.168.1.2/24,6
20201019033605,10.20.30.1/16,3
20201019033606,10.77.1.1/24,8
20201019033607,10.20.30.1/16,34
20201019033608,192.168.1.2/24,-
20201019033609,192.168.1.2/24,4
20201019033610,10.77.1.1/24,9
20201019033611,10.20.30.1/16,2
20201019033612,10.20.30.1/16,9
20201019033613,10.77.1.2/24,-
20201019033614,192.168.1.2/24,1
20201019033616,192.168.1.1/24,-
20201019033617,10.77.1.1/24,-
20201019033619,10.20.30.1/16,8
20201019033620,10.77.1.1/24,-
20201019033621,10.20.30.2/16,9
20201019033623,192.168.1.2/24,-
20201019033624,192.168.1.2/24,2
20201019033625,192.168.1.2/24,8
20201019033626,192.168.1.2/24,-
20201019033627,192.168.1.2/24,9
20201019033629,10.20.30.1/16,13
20201019033630,192.168.1.1/24,8
20201019033631,192.168.1.2/24,92
20201019033632,10.77.1.1/24,8
20201019033633,192.168.1.2/24,-
20201019033634,10.77.1.2/24,5
20201019033635,10.20.30.2/16,-
20201019033636,192.168.1.1/24,7
20201019033637,192.168.1.1/24,-
20201019033638,10.20.30.1/16,-
20201019033639,10.77.1.1/24,-
20201019033640,192.168.1.2/24,-
20201019033641,10.77.1.2/24,6
20201019033643,10.20.30.1/16,-
20201019033645,10.20.30.1/16,31
20201019033646,10.20.30.1/16,-
20201019033647,10.20.30.2/16,3
20201019033649,10.20.30.2/16,9
20201019033651,10.20.30.2/16,9
20201019033652,10.77.1.2/24,1
20201019033654,192.168.1.2/24,6
20201019033655,192.168.1.2/24,10
20201019033657,192.168.1.1/24,6
20201019033658,10.20.30.1/16,12
20201019033700,10.20.30.1/16,93
20201019033701,10.77.1.1/24,4
20201019033703,10.20.30.2/16,2
20201019033704,192.168.1.2/24,10
20201019033705,10.77.1.2/24,-
20201019033706,192.168.1.2/24,-
20201019033707,10.77.1.2/24,6
20201019033709,10.20.30.1/16,32
20201019033711,10.20.30.1/16,4
20201019033712,10.77.1.2/24,13
20201019033713,10.20.30.1/16,10
20201019033714,10.77.1.1/24,2
20201019033715,192.168.1.2/24,52
20201019033717,10.77.1.1/24,20
20201019033718,10.20.30.1/16,-
20201019033719,192.168.1.2/24,5
20201019033720,10.20.30.1/16,1
20201019033721,192.168.1.2/24,-
20201019033722,192.168.1.1/24,2
20201019033723,10.77.1.1/24,65
20201019033724,10.77.1.1/24,5
20201019033725,192.168.1.1/24,90
20201019033726,192.168.1.2/24,60
20201019033727,10.77.1.2/24,17
20201019033728,10.77.1.1/24,-
20201019033729,192.168.1.2/24,3
20201019033730,192.168.1.2/24,36
20201019033731,10.20.30.2/16,-
20201019033733,10.77.1.2/24,45
20201019033734,10.77.1.2/24,6
20201019033735,10.20.30.2/16,-
20201019033736,10.20.30.2/16,4
20201019033738,10.77.1.1/24,3
20201019033739,10.77.1.1/24,-
20201019033740,10.77.1.2/24,85
20201019033741,192.168.1.1/24,-
20201019033742,192.168.1.2/24,-
20201019033743,10.77.1.1/24,11
20201019033744,192.168.1.1/24,2
20201019033745,10.77.1.1/24,2
20201019033747,192.168.1.2/24,1
20201019033748,10.77.1.2/24,6
20201019033749,10.20.30.2/16,5
20201019033750,192.168.1.2/24,-
20201019033752,192.168.1.1/24,7
20201019033753,192.168.1.2/24,1
20201019033754,192.168.1.1/24,-
20201019033755,10.77.1.1/24,58
20201019033757,192.168.1.2/24,1
20201019033758,192.168.1.2/24,-
20201019033759,10.20.30.2/16,2
20201019033800,192.168.1.1/24,2
20201019033801,10.20.30.2/16,-
20201019033802,10.20.30.2/16,6
20201019033804,192.168.1.2/24,-
20201019033805,10.20.30.2/16,39
20201019033806,10.77.1.2/24,62
20201019033807,10.77.1.1/24,5
20201019033808,10.20.30.2/16,-
20201019033809,10.20.30.1/16,16
20201019033811,10.20.30.1/16,99
20201019033812,192.168.1.2/24,2
20201019033813,192.168.1.1/24,-
20201019033814,10.20.30.1/16,2
20201019033815,10.20.30.2/16,18
20201019033816,10.20.30.2/16,80
20201019033817,10.20.30.2/16,2
20201019033819,10.20.30.1/16,-
20201019033821,192.168.1.1/24,-
20201019033823,10.77.1.1/24,-
20201019033824,10.77.1.1/24,-
20201019033825,10.77.1.1/24,8
20201019033827,10.77.1.2/24,6
20201019033828,10.77.1.2/24,62
20201019033829,192.168.1.2/24,-
20201019033830,10.20.30.2/16,1
20201019033831,10.20.30.2/16,1
20201019033832,10.20.30.1/16,4
20201019033833,10.77.1.2/24,8
20201019033834,10.77.1.1/24,2
20201019033836,192.168.1.1/24,4
20201019033838,192.168.1.2/24,-
20201019033840,192.168.1.1/24,8
20201019033841,192.168.1.2/24,-
20201019033843,10.77.1.2/24,4
20201019033844,10.77.1.2/24,-
20201019033846,10.77.1.2/24,18
20201019033847,192.168.1.1/24,1
20201019033848,192.168.1.2/24,32
20201019033849,192.168.1.1/24,18
20201019033851,10.20.30.2/16,-
20201019033852,192.168.1.2/24,-
20201019033853,10.20.30.1/16,-
20201019033854,10.20.30.2/16,-
20201019033855,192.168.1.1/24,1
20201019033856,10.77.1.2/24,4
20201019033858,192.168.1.1/24,7
20201019033859,192.168.1.1/24,9
20201019033900,10.20.30.2/16,1
20201019033901,10.77.1.1/24,-
20201019033903,10.77.1.2/24,5
20201019033904,10.77.1.2/24,63
20201019033905,192.168.1.1/24,9
20201019033906,192.168.1.2/24,42
20201019033907,192.168.1.1/24,82
20201019033908,10.20.30.2/16,-
20201019033909,10.20.30.2/16,56
20201019033911,10.20.30.1/16,4
20201019033912,10.20.30.2/16,24
20201019033913,10.77.1.1/24,22
20201019033914,10.77.1.2/24,87
20201019033915,192.168.1.1/24,6
20201019033916,10.77.1.1/24,-
20201019033917,192.168.1.1/24,-
20201019033918,10.20.30.1/16,-
20201019033919,10.20.30.2/16,22
20201019033921,10.20.30.2/16,6
20201019033922,10.77.1.2/24,-
20201019033924,192.168.1.1/24,-
20201019033925,10.77.1.1/24,83
20201019033927,10.20.30.2/16,3
20201019033928,10.77.1.2/24,-
20201019033929,10.20.30.2/16,5
20201019033930,10.77.1.2/24,98
20201019033932,10.77.1.1/24,-
20201019033933,192.168.1.2/24,31
20201019033934,192.168.1.2/24,-
20201019033935,10.77.1.2/24,13
20201019033936,10.20.30.2/16,2
20201019033937,192.168.1.2/24,91
20201019033938,192.168.1.1/24,5
20201019033939,10.20.30.2/16,-
20201019033940,10.20.30.2/16,5
20201019033942,10.20.30.1/16,7
20201019033943,192.168.1.1/24,4
20201019033944,10.20.30.2/16,5
20201019033945,192.168.1.1/24,1
20201019033946,10.77.1.2/24,5
20201019033948,10.77.1.2/24,-
20201019033949,10.77.1.1/24,66
20201019033950,10.20.30.2/16,74
20201019033951,10.77.1.1/24,6
20201019033952,10.20.30.2/16,22
20201019033953,10.20.30.2/16,77
20201019033955,192.168.1.2/24,7
20201019033956,192.168.1.2/24,2
20201019033957,10.20.30.2/16,2
20201019033958,10.20.30.1/16,5
20201019034000,192.168.1.1/24,4
20201019034001,10.77.1.2/24,-
20201019034002,10.77.1.2/24,-
20201019034003,10.77.1.2/24,1
20201019034005,192.168.1.2/24,3
20201019034006,10.20.30.1/16,5
20201019034007,10.77.1.1/24,-
20201019034008,192.168.1.2/24,2
20201019034010,10.20.30.2/16,-
20201019034011,10.20.30.1/16,-
20201019034012,192.168.1.1/24,7
20201019034013,10.77.1.1/24,7
20201019034014,10.20.30.2/16,14
20201019034015,192.168.1.2/24,5
20201019034016,10.20.30.2/16,5
20201019034017,10.77.1.1/24,65
20201019034018,10.20.30.1/16,-
20201019034019,192.168.1.2/24,4
20201019034020,192.168.1.1/24,-
20201019034021,10.20.30.1/16,1
20201019034022,192.168.1.2/24,5
20201019034023,10.20.30.1/16,8
20201019034025,10.20.30.1/16,-
20201019034026,10.77.1.2/24,8
20201019034027,10.20.30.2/16,51
20201019034028,192.168.1.1/24,4
20201019034029,192.168.1.2/24,42
20201019034030,192.168.1.1/24,3
20201019034031,192.168.1.2/24,88
20201019034032,192.168.1.1/24,1
20201019034034,192.168.1.2/24,63
20201019034035,10.20.30.2/16,-
20201019034037,192.168.1.2/24,1
20201019034038,192.168.1.1/24,2
20201019034039,10.77.1.1/24,6
20201019034041,192.168.1.2/24,14
20201019034043,10.77.1.1/24,34
20201019034044,10.77.1.2/24,-
20201019034045,10.77.1.1/24,52
20201019034046,10.77.1.1/24,-
20201019034047,10.77.1.1/24,-
20201019034049,10.77.1.2/24,5
20201019034051,192.168.1.1/24,91
20201019034052,10.20.30.1/16,48
20201019034053,10.20.30.1/16,53
20201019034054,10.20.30.2/16,8
20201019034055,10.20.30.1/16,-
20201019034056,10.77.1.2/24,6
20201019034058,192.168.1.1/24,60
20201019034059,192.168.1.1/24,80
20201019034100,10.77.1.2/24,3
20201019034101,192.168.1.2/24,-
20201019034102,192.168.1.2/24,-
20201019034103,10.77.1.1/24,8
20201019034105,10.77.1.1/24,17
20201019034106,10.20.30.1/16,-
20201019034107,10.77.1.2/24,-
20201019034108,192.168.1.2/24,-
20201019034110,10.77.1.2/24,14
20201019034111,192.168.1.1/24,-
20201019034112,192.168.1.2/24,-
20201019034113,192.168.1.2/24,2
20201019034114,10.77.1.2/24,-
20201019034116,10.77.1.2/24,-
20201019034117,10.20.30.2/16,14
20201019034119,10.77.1.2/24,8
20201019034120,10.77.1.1/24,4
20201019034122,10.77.1.1/24,67
20201019034124,192.168.1.1/24,30
20201019034125,192.168.1.1/24,-
20201019034126,10.20.30.2/16,7
20201019034127,192.168.1.1/24,27
20201019034128,10.20.30.2/16,6
20201019034130,192.168.1.2/24,5
20201019034131,10.77.1.1/24,6
20201019034133,192.168.1.1/24,31
20201019034134,10.77.1.1/24,8
20201019034135,192.168.1.1/24,2
20201019034136,10.77.1.2/24,32
20201019034138,10.77.1.1/24,-
20201019034139,192.168.1.2/24,36
20201019034141,10.20.30.1/16,-
20201019034142,10.77.1.1/24,51
20201019034143,192.168.1.2/24,6
20201019034144,10.20.30.2/16,13
20201019034146,192.168.1.1/24,42
20201019034147,192.168.1.1/24,3
20201019034148,192.168.1.2/24,-
20201019034149,10.77.1.1/24,8
20201019034150,192.168.1.2/24,12
20201019034151,10.20.30.2/16,6
20201019034152,192.168.1.1/24,61
20201019034154,192.168.1.2/24,8
20201019034155,10.77.1.2/24,-
20201019034156,10.77.1.2/24,3
20201019034157,10.77.1.1/24,43
20201019034158,10.20.30.2/16,8
20201019034159,10.77.1.1/24,55
20201019034200,192.168.1.1/24,7
20201019034201,192.168.1.2/24,35
20201019034202,10.20.30.2/16,-
20201019034203,192.168.1.1/24,7
20201019034204,192.168.1.1/24,9
20201019034205,10.20.30.1/16,-
20201019034206,10.77.1.2/24,11
20201019034207,10.77.1.1/24,55
20201019034209,10.77.1.2/24,8
20201019034210,10.20.30.2/16,-
20201019034211,10.20.30.2/16,1
20201019034212,192.168.1.1/24,-
20201019034213,10.20.30.2/16,-
20201019034214,10.77.1.1/24,9
20201019034216,10.77.1.1/24,8
20201019034217,10.77.1.1/24,1
20201019034218,192.168.1.2/24,-
20201019034219,10.77.1.2/24,88
20201019034221,192.168.1.1/24,8
20201019034223,10.77.1.2/24,4
20201019034225,192.168.1.1/24,-
20201019034227,10.77.1.1/24,5
20201019034228,10.20.30.1/16,5
20201019034230,10.20.30.1/16,9
20201019034232,10.77.1.2/24,8
20201019034233,10.77.1.1/24,1
20201019034234,192.168.1.2/24,61
20201019034235,10.77.1.1/24,-
20201019034237,10.20.30.1/16,-
20201019034238,10.20.30.2/16,-
20201019034239,10.20.30.1/16,1
20201019034240,192.168.1.1/24,1
20201019034241,10.77.1.1/24,9
20201019034243,10.77.1.2/24,4
20201019034245,10.20.30.2/16,-
20201019034246,10.20.30.1/16,57
20201019034247,10.20.30.1/16,61
20201019034248,192.168.1.2/24,7
20201019034249,10.77.1.2/24,4
20201019034251,192.168.1.1/24,-
20201019034253,10.20.30.2/16,3
20201019034254,10.20.30.2/16,5
20201019034256,10.77.1.2/24,-
20201019034257,192.168.1.2/24,-
20201019034258,192.168.1.2/24,-
20201019034300,192.168.1.1/24,77
20201019034301,10.77.1.2/24,-
20201019034303,10.20.30.1/16,3
20201019034304,192.168.1.1/24,-
20201019034305,192.168.1.2/24,5
20201019034306,10.20.30.1/16,5
20201019034307,192.168.1.1/24,-
20201019034309,10.77.1.2/24,7
20201019034310,192.168.1.2/24,-
20201019034311,10.77.1.2/24,3
20201019034313,10.20.30.2/16,7
20201019034314,10.20.30.2/16,4
20201019034315,10.20.30.2/16,6
20201019034316,10.77.1.2/24,-
20201019034317,10.77.1.1/24,-
20201019034318,10.20.30.2/16,-
20201019034319,192.168.1.2/24,7
20201019034321,10.20.30.1/16,2
20201019034322,10.77.1.2/24,-
20201019034323,10.20.30.1/16,1
20201019034324,192.168.1.1/24,34
20201019034325,10.77.1.1/24,10
20201019034326,10.20.30.1/16,15
20201019034328,10.77.1.2/24,7
20201019034330,10.77.1.1/24,9
20201019034331,10.20.30.1/16,9
20201019034333,10.77.1.1/24,55
20201019034334,192.168.1.2/24,69
20201019034335,192.168.1.2/24,64
20201019034336,10.77.1.2/24,8
20201019034337,192.168.1.2/24,2
20201019034338,192.168.1.1/24,-
20201019034340,192.168.1.2/24,9
20201019034341,10.77.1.2/24,63
20201019034342,10.20.30.2/16,6
20201019034343,10.20.30.1/16,-
20201019034345,192.168.1.2/24,10
20201019034346,10.77.1.2/24,81
20201019034347,10.20.30.1/16,29
20201019034348,192.168.1.2/24,-
20201019034349,10.77.1.1/24,7
20201019034350,192.168.1.2/24,3
20201019034352,10.77.1.1/24,5
20201019034353,10.20.30.1/16,1
20201019034354,192.168.1.2/24,3
20201019034355,10.77.1.1/24,7
20201019034356,10.77.1.1/24,-
20201019034358,10.20.30.1/16,29
20201019034359,192.168.1.1/24,5
20201019034400,10.77.1.1/24,-
20201019034401,10.77.1.1/24,-
20201019034402,192.168.1.1/24,3
20201019034403,192.168.1.2/24,-
20201019034404,10.20.30.1/16,-
20201019034406,10.20.30.2/16,4
20201019034407,10.20.30.2/16,5
20201019034408,10.77.1.1/24,2
20201019034409,192.168.1.2/24,53
20201019034411,192.168.1.1/24,75
20201019034412,192.168.1.2/24,8
20201019034413,10.20.30.1/16,8
20201019034414,10.20.30.1/16,44
20201019034415,192.168.1.2/24,29
20201019034416,10.77.1.2/24,7
20201019034417,10.77.1.2/24,4
20201019034418,192.168.1.1/24,5
20201019034419,10.77.1.1/24,96
20201019034420,10.20.30.1/16,23
20201019034421,10.77.1.1/24,7
20201019034422,192.168.1.1/24,53
20201019034423,192.168.1.2/24,6
20201019034424,192.168.1.2/24,-
20201019034425,192.168.1.2/24,8
20201019034427,10.20.30.1/16,9
20201019034429,192.168.1.1/24,9
20201019034431,10.77.1.2/24,-
20201019034432,10.77.1.1/24,7
20201019034434,192.168.1.2/24,3
20201019034435,10.20.30.2/16,46
20201019034436,10.77.1.2/24,1
20201019034437,192.168.1.1/24,83
20201019034438,10.77.1.1/24,20
20201019034439,10.20.30.2/16,5
20201019034441,10.20.30.2/16,3
20201019034442,192.168.1.2/24,27
20201019034443,10.20.30.1/16,3
20201019034444,10.20.30.2/16,6
20201019034445,10.77.1.2/24,1
20201019034446,10.20.30.1/16,7
20201019034447,10.20.30.1/16,2
20201019034448,10.77.1.1/24,-
20201019034450,10.77.1.1/24,43
20201019034451,10.20.30.2/16,17
20201019034452,10.77.1.1/24,5
20201019034453,10.77.1.2/24,-
20201019034454,10.77.1.2/24,-
20201019034456,192.168.1.2/24,9
20201019034457,192.168.1.1/24,12
20201019034458,10.77.1.1/24,-
20201019034459,10.20.30.1/16,9
20201019034500,192.168.1.2/24,2
20201019034501,10.77.1.1/24,6
20201019034502,10.77.1.1/24,6
20201019034503,192.168.1.2/24,93
20201019034504,10.77.1.2/24,98
20201019034505,10.20.30.1/16,24
20201019034506,10.77.1.2/24,-
20201019034507,192.168.1.1/24,3
20201019034508,10.20.30.2/16,48
20201019034509,10.20.30.2/16,6
20201019034510,192.168.1.1/24,3
20201019034512,10.77.1.2/24,7
20201019034513,10.77.1.2/24,-
20201019034514,10.77.1.2/24,-
20201019034515,10.77.1.2/24,6
20201019034517,10.20.30.1/16,5
20201019034518,10.20.30.2/16,7
20201019034519,10.77.1.2/24,41
20201019034521,10.20.30.2/16,7
20201019034522,10.77.1.1/24,-
20201019034523,10.20.30.1/16,-
20201019034524,10.77.1.2/24,3
20201019034525,192.168.1.1/24,8
20201019034526,192.168.1.2/24,7
20201019034527,10.20.30.2/16,-
20201019034528,10.77.1.1/24,6
20201019034529,10.77.1.1/24,-
20201019034530,192.168.1.2/24,-
20201019034531,192.168.1.1/24,18
20201019034532,192.168.1.2/24,1
20201019034533,192.168.1.1/24,3
20201019034534,10.20.30.2/16,8
20201019034536,192.168.1.2/24,9
20201019034538,192.168.1.2/24,61
20201019034539,10.20.30.2/16,25
20201019034540,10.20.30.2/16,9
20201019034541,10.77.1.1/24,-
20201019034542,10.77.1.2/24,1
20201019034543,10.20.30.2/16,-
20201019034544,10.77.1.2/24,-
20201019034546,192.168.1.2/24,47
20201019034547,10.20.30.2/16,5
20201019034548,10.20.30.1/16,5
20201019034549,192.168.1.1/24,-
20201019034550,10.20.30.2/16,4
20201019034551,192.168.1.2/24,9
20201019034552,10.20.30.1/16,1
20201019034553,192.168.1.1/24,65
20201019034554,10.77.1.1/24,2
20201019034555,10.77.1.2/24,20
20201019034556,10.20.30.2/16,65
20201019034557,10.77.1.1/24,8
20201019034558,192.168.1.1/24,62
20201019034600,192.168.1.2/24,6
20201019034601,10.77.1.2/24,-
20201019034602,10.77.1.2/24,-
20201019034603,10.20.30.2/16,-
20201019034604,192.168.1.2/24,6
20201019034606,10.20.30.2/16,-
20201019034608,192.168.1.2/24,8
20201019034609,192.168.1.2/24,2
20201019034610,10.77.1.1/24,13
20201019034611,10.20.30.2/16,76
20201019034612,10.77.1.1/24,1
20201019034613,10.77.1.2/24,4
20201019034614,192.168.1.1/24,91
20201019034615,192.168.1.2/24,3
20201019034617,10.77.1.1/24,57
20201019034619,10.20.30.1/16,2
20201019034620,10.77.1.1/24,5
20201019034621,192.168.1.2/24,-
20201019034623,10.77.1.2/24,4
20201019034624,192.168.1.2/24,35
20201019034625,192.168.1.1/24,9
20201019034627,10.77.1.2/24,-
20201019034628,10.77.1.2/24,9
20201019034629,10.77.1.1/24,5
20201019034630,192.168.1.1/24,-
20201019034631,192.168.1.2/24,18
20201019034633,10.77.1.1/24,-
20201019034634,10.77.1.2/24,3
20201019034635,10.77.1.1/24,7
20201019034637,10.20.30.1/16,7
20201019034639,10.77.1.2/24,2
20201019034640,192.168.1.2/24,-
20201019034642,10.20.30.2/16,5
20201019034643,192.168.1.2/24,-
20201019034644,192.168.1.2/24,-
20201019034646,192.168.1.2/24,-
20201019034647,192.168.1.1/24,62
20201019034648,10.20.30.1/16,2
20201019034649,10.77.1.2/24,-
20201019034650,192.168.1.2/24,5
20201019034651,10.20.30.2/16,5
20201019034652,10.20.30.2/16,1
20201019034653,10.77.1.1/24,2
20201019034654,10.77.1.1/24,-
20201019034655,10.77.1.2/24,1
20201019034656,10.77.1.1/24,6
20201019034657,192.168.1.1/24,-
20201019034658,10.77.1.2/24,-
20201019034659,192.168.1.1/24,5
20201019034700,10.77.1.2/24,6
20201019034702,10.77.1.1/24,83
20201019034703,192.168.1.1/24,25
20201019034704,192.168.1.1/24,-
20201019034705,10.77.1.1/24,28
20201019034707,10.77.1.2/24,-
20201019034708,10.77.1.2/24,-
20201019034709,10.20.30.2/16,4
20201019034710,10.20.30.1/16,57
20201019034711,10.77.1.2/24,8
20201019034713,10.20.30.2/16,7
20201019034715,10.20.30.2/16,5
20201019034716,10.20.30.1/16,-
20201019034718,10.20.30.1/16,3
20201019034719,192.168.1.1/24,-
20201019034720,10.20.30.2/16,-
20201019034721,10.77.1.2/24,5
20201019034723,10.20.30.2/16,4
20201019034724,10.77.1.1/24,5
20201019034725,10.20.30.1/16,2
20201019034726,10.20.30.1/16,-
20201019034727,10.20.30.1/16,1
20201019034729,10.77.1.1/24,5
20201019034731,192.168.1.2/24,5
20201019034732,192.168.1.1/24,7
20201019034733,192.168.1.2/24,-
20201019034734,192.168.1.2/24,40
20201019034735,192.168.1.1/24,7
20201019034736,192.168.1.1/24,3
20201019034737,10.20.30.1/16,1
20201019034739,10.77.1.2/24,9
20201019034740,10.20.30.2/16,-
20201019034742,192.168.1.2/24,14
20201019034743,10.77.1.1/24,3
20201019034744,10.20.30.2/16,4
20201019034745,10.20.30.2/16,-
20201019034747,10.77.1.1/24,-
20201019034748,10.77.1.2/24,2
20201019034749,10.20.30.2/16,-
20201019034750,10.77.1.2/24,7
20201019034752,192.168.1.2/24,3
20201019034754,10.20.30.1/16,3
20201019034756,192.168.1.1/24,4
20201019034757,10.77.1.1/24,4
20201019034759,192.168.1.2/24,10
20201019034801,10.20.30.1/16,-
20201019034803,10.77.1.2/24,58
20201019034805,10.20.30.1/16,7
20201019034807,192.168.1.2/24,88
20201019034808,10.20.30.2/16,8
20201019034810,10.20.30.2/16,37
20201019034812,10.20.30.1/16,4
20201019034813,10.77.1.1/24,4
20201019034814,10.20.30.2/16,89
20201019034815,10.20.30.1/16,8
20201019034816,10.77.1.2/24,1
20201019034817,10.20.30.2/16,2
20201019034818,10.77.1.2/24,1
20201019034819,10.77.1.1/24,8
20201019034820,10.77.1.1/24,6
20201019034821,10.20.30.2/16,7
20201019034823,10.77.1.2/24,5
20201019034824,10.20.30.2/16,93
20201019034825,192.168.1.1/24,8
20201019034826,10.77.1.2/24,9
20201019034827,10.77.1.2/24,50
20201019034828,192.168.1.1/24,8
20201019034829,10.77.1.1/24,-
20201019034830,10.77.1.2/24,7
20201019034832,10.77.1.2/24,-
20201019034833,10.20.30.1/16,7
20201019034834,10.20.30.1/16,4
20201019034836,192.168.1.2/24,8
20201019034837,192.168.1.2/24,2
20201019034839,10.77.1.1/24,-
20201019034841,10.77.1.2/24,-
20201019034842,10.77.1.1/24,1
20201019034844,10.77.1.2/24,4
20201019034845,10.20.30.2/16,93
20201019034846,10.20.30.2/16,-
20201019034847,10.77.1.1/24,2
20201019034848,10.77.1.2/24,-
20201019034849,10.77.1.1/24,42
20201019034851,10.20.30.1/16,7
20201019034852,10.20.30.2/16,7
20201019034853,10.20.30.1/16,6
20201019034854,10.77.1.2/24,-
20201019034855,10.77.1.1/24,92
20201019034856,192.168.1.2/24,5
20201019034857,192.168.1.1/24,8
20201019034858,10.77.1.1/24,9
20201019034859,192.168.1.2/24,-
20201019034900,192.168.1.1/24,-
20201019034901,10.77.1.1/24,-
20201019034903,192.168.1.1/24,8
20201019034904,10.20.30.1/16,3
20201019034906,10.20.30.2/16,5
20201019034907,10.20.30.1/16,-
20201019034908,192.168.1.2/24,-
20201019034909,192.168.1.2/24,57
20201019034910,10.20.30.2/16,6
20201019034911,192.168.1.1/24,-
20201019034912,10.20.30.2/16,-
20201019034913,10.77.1.1/24,-
20201019034914,192.168.1.1/24,45
20201019034915,10.20.30.1/16,5
20201019034916,10.77.1.1/24,1
20201019034917,10.20.30.2/16,19
20201019034919,192.168.1.1/24,-
20201019034920,192.168.1.2/24,3
20201019034921,192.168.1.2/24,4
20201019034922,192.168.1.1/24,-
20201019034923,10.77.1.1/24,85
20201019034924,10.20.30.2/16,7
20201019034925,10.20.30.2/16,4
20201019034926,192.168.1.1/24,15
20201019034927,10.77.1.1/24,19
20201019034928,192.168.1.2/24,6
20201019034929,192.168.1.1/24,92
20201019034930,192.168.1.2/24,9
20201019034932,10.20.30.1/16,9
20201019034933,10.77.1.2/24,2
20201019034935,10.77.1.1/24,63
20201019034936,10.77.1.2/24,9
20201019034938,192.168.1.1/24,-
20201019034939,192.168.1.1/24,38
20201019034940,10.77.1.1/24,14
20201019034941,10.20.30.1/16,5
20201019034942,10.20.30.2/16,5
20201019034943,10.20.30.2/16,-
20201019034944,192.168.1.2/24,13
20201019034946,10.77.1.1/24,8
20201019034947,10.77.1.2/24,-
20201019034948,10.20.30.1/16,5
20201019034950,10.77.1.1/24,23
20201019034952,192.168.1.1/24,44
20201019034953,10.77.1.1/24,3
20201019034954,192.168.1.1/24,-
20201019034955,192.168.1.1/24,-
20201019034956,10.77.1.1/24,8
20201019034957,10.20.30.1/16,8
20201019034958,192.168.1.2/24,10
20201019034959,10.20.30.2/16,2
20201019035000,10.77.1.1/24,8
20201019035002,10.20.30.1/16,-
20201019035004,10.20.30.1/16,42
20201019035005,192.168.1.2/24,5
20201019035006,10.77.1.1/24,-
20201019035007,192.168.1.2/24,-
20201019035008,10.77.1.2/24,-
20201019035010,10.77.1.2/24,91
20201019035012,10.77.1.1/24,-
20201019035013,10.20.30.2/16,13
20201019035015,10.20.30.2/16,5
20201019035016,10.20.30.1/16,-
20201019035018,192.168.1.2/24,9
20201019035019,10.20.30.2/16,21
20201019035020,192.168.1.2/24,1
20201019035021,192.168.1.2/24,5
20201019035022,10.77.1.2/24,45
20201019035023,192.168.1.1/24,9
20201019035024,192.168.1.1/24,-
20201019035025,10.20.30.2/16,10
20201019035026,10.20.30.2/16,87
20201019035027,10.20.30.2/16,8
20201019035028,192.168.1.1/24,7
20201019035029,10.77.1.1/24,-
20201019035030,10.77.1.2/24,0
20201019035032,10.20.30.2/16,6
20201019035033,10.77.1.2/24,-
20201019035034,192.168.1.1/24,9
20201019035036,10.77.1.1/24,5
20201019035038,192.168.1.2/24,6
20201019035039,10.20.30.1/16,99
20201019035040,192.168.1.2/24,75
20201019035041,10.77.1.1/24,3
20201019035042,10.20.30.2/16,3
20201019035043,192.168.1.2/24,3
20201019035044,10.20.30.2/16,4
20201019035045,10.20.30.1/16,-
20201019035047,192.168.1.2/24,8
20201019035048,10.77.1.2/24,21
20201019035050,10.77.1.1/24,-
20201019035051,10.20.30.1/16,3
20201019035052,192.168.1.1/24,-
20201019035054,10.20.30.1/16,5
20201019035056,192.168.1.1/24,8
20201019035058,10.20.30.2/16,51
20201019035100,192.168.1.2/24,17
20201019035101,10.77.1.1/24,8
20201019035102,10.20.30.1/16,-
20201019035103,10.20.30.2/16,94
20201019035104,192.168.1.2/24,61
20201019035105,192.168.1.2/24,14
20201019035106,192.168.1.2/24,-
20201019035107,192.168.1.2/24,9
20201019035108,10.20.30.1/16,9
20201019035109,192.168.1.2/24,95
20201019035110,192.168.1.1/24,76
20201019035112,10.20.30.2/16,-
20201019035113,10.20.30.1/16,1
20201019035114,10.77.1.1/24,18
20201019035115,192.168.1.1/24,10
20201019035116,10.20.30.2/16,66
20201019035117,192.168.1.2/24,2
20201019035118,10.20.30.1/16,9
20201019035119,10.77.1.1/24,1
20201019035120,10.20.30.2/16,2
20201019035121,10.77.1.1/24,6
20201019035122,10.20.30.2/16,-
20201019035123,192.168.1.2/24,-
20201019035124,10.77.1.2/24,-
20201019035126,192.168.1.1/24,-
20201019035127,10.77.1.2/24,1
20201019035128,192.168.1.1/24,-
20201019035129,192.168.1.1/24,5
20201019035131,192.168.1.1/24,9
20201019035132,10.77.1.1/24,-
20201019035133,10.20.30.2/16,73
20201019035134,10.77.1.1/24,5
20201019035135,10.20.30.1/16,2
20201019035136,10.20.30.2/16,3
20201019035137,10.20.30.1/16,55
20201019035138,10.77.1.2/24,4
20201019035139,192.168.1.1/24,2
20201019035140,192.168.1.2/24,58
20201019035141,192.168.1.2/24,2
20201019035142,192.168.1.1/24,96
20201019035143,10.20.30.1/16,11
20201019035144,10.20.30.1/16,10
20201019035145,10.20.30.1/16,22
20201019035146,10.20.30.2/16,58
20201019035147,10.77.1.1/24,-
20201019035148,10.20.30.2/16,2
20201019035149,192.168.1.2/24,9
20201019035150,10.20.30.1/16,63
20201019035151,10.77.1.1/24,5
20201019035153,10.77.1.2/24,7
20201019035154,192.168.1.2/24,-
20201019035155,10.20.30.1/16,32
20201019035156,10.77.1.1/24,7
20201019035158,10.77.1.1/24,5
20201019035159,10.20.30.1/16,-
20201019035200,192.168.1.1/24,-
20201019035202,192.168.1.2/24,5
20201019035204,10.77.1.2/24,9
20201019035205,192.168.1.2/24,3
20201019035206,192.168.1.2/24,7
20201019035207,10.77.1.2/24,43
20201019035208,10.77.1.1/24,-
20201019035209,10.20.30.1/16,1
20201019035211,10.20.30.1/16,6
20201019035212,10.77.1.2/24,82
20201019035213,10.77.1.1/24,1
20201019035214,10.77.1.2/24,-
20201019035215,192.168.1.1/24,29
20201019035216,10.77.1.2/24,-
20201019035217,192.168.1.2/24,-
20201019035218,192.168.1.2/24,7
20201019035219,10.20.30.2/16,2
20201019035221,10.77.1.1/24,10
20201019035222,192.168.1.2/24,-
20201019035223,10.20.30.2/16,-
20201019035225,192.168.1.2/24,4
20201019035226,10.77.1.1/24,30
20201019035227,192.168.1.1/24,90
20201019035228,10.20.30.2/16,6
20201019035229,10.20.30.1/16,20
20201019035230,10.20.30.1/16,9
20201019035231,192.168.1.2/24,-
20201019035232,192.168.1.1/24,1
20201019035234,192.168.1.1/24,-
20201019035236,192.168.1.1/24,9
20201019035238,10.77.1.1/24,8
20201019035239,10.20.30.2/16,3
20201019035240,192.168.1.2/24,7
20201019035241,192.168.1.2/24,-
20201019035243,192.168.1.2/24,5
20201019035244,192.168.1.1/24,4
20201019035245,10.77.1.1/24,5
20201019035247,10.77.1.1/24,-
20201019035249,10.77.1.1/24,-
20201019035250,192.168.1.2/24,94
20201019035251,192.168.1.1/24,9
20201019035252,192.168.1.2/24,3
20201019035254,10.20.30.2/16,39
20201019035255,10.77.1.2/24,-
20201019035256,192.168.1.1/24,40
20201019035258,10.20.30.1/16,20
20201019035259,10.20.30.2/16,-
20201019035301,192.168.1.1/24,-
20201019035302,192.168.1.2/24,-
20201019035303,10.20.30.2/16,8
20201019035304,10.20.30.2/16,72
20201019035305,10.20.30.1/16,5
20201019035306,192.168.1.1/24,7
20201019035308,192.168.1.1/24,57
20201019035309,10.77.1.2/24,-
20201019035311,192.168.1.1/24,61
20201019035313,192.168.1.2/24,6
20201019035314,192.168.1.2/24,50
20201019035316,10.77.1.1/24,-
20201019035318,10.20.30.1/16,24
20201019035319,10.77.1.2/24,3
20201019035320,10.20.30.1/16,5
20201019035321,192.168.1.1/24,34
20201019035322,192.168.1.2/24,2
20201019035323,10.77.1.2/24,26
20201019035324,10.20.30.1/16,-
20201019035325,10.77.1.1/24,-
20201019035326,10.77.1.1/24,2
20201019035327,10.20.30.2/16,22
20201019035328,10.20.30.1/16,76
20201019035330,10.20.30.2/16,84
20201019035331,10.20.30.2/16,3
20201019035332,192.168.1.2/24,1
20201019035333,10.20.30.1/16,4
20201019035334,10.20.30.1/16,9
20201019035336,10.77.1.2/24,1
20201019035337,192.168.1.2/24,-
20201019035339,10.77.1.2/24,43
20201019035340,10.20.30.2/16,0
20201019035341,192.168.1.2/24,83
20201019035342,10.20.30.1/16,5
20201019035343,192.168.1.1/24,5
20201019035345,10.20.30.2/16,1
20201019035346,10.77.1.2/24,6
20201019035347,10.20.30.1/16,4
20201019035349,10.20.30.2/16,2
20201019035350,10.20.30.2/16,48
20201019035351,10.77.1.2/24,1
20201019035352,10.77.1.1/24,9
20201019035353,192.168.1.2/24,9
20201019035354,10.20.30.1/16,2
20201019035355,192.168.1.2/24,9
20201019035356,10.77.1.2/24,2
20201019035357,192.168.1.1/24,-
20201019035358,192.168.1.1/24,9
20201019035359,192.168.1.1/24,6
20201019035400,192.168.1.2/24,-
20201019035401,192.168.1.1/24,-
20201019035403,10.77.1.1/24,-
20201019035404,10.20.30.2/16,4
20201019035406,192.168.1.1/24,2
20201019035407,192.168.1.1/24,2
20201019035409,192.168.1.1/24,-
20201019035410,10.20.30.1/16,1
20201019035412,192.168.1.2/24,9
20201019035413,192.168.1.1/24,-
20201019035415,192.168.1.2/24,1
20201019035416,10.77.1.2/24,15
20201019035417,10.20.30.2/16,9
20201019035418,10.20.30.2/16,80
20201019035420,192.168.1.1/24,3
20201019035421,192.168.1.1/24,5
20201019035422,10.20.30.1/16,-
20201019035423,192.168.1.1/24,8
20201019035424,10.20.30.2/16,8
20201019035425,10.77.1.2/24,7
20201019035426,10.77.1.2/24,9
20201019035428,10.77.1.2/24,8
20201019035430,10.77.1.2/24,4
20201019035431,10.77.1.2/24,7
20201019035432,10.20.30.2/16,96
20201019035433,192.168.1.2/24,8
20201019035434,10.20.30.1/16,8
20201019035435,10.20.30.1/16,-
20201019035437,192.168.1.1/24,2
20201019035438,10.77.1.1/24,-
20201019035439,192.168.1.1/24,62
20201019035440,192.168.1.1/24,-
20201019035441,192.168.1.1/24,3
20201019035443,10.77.1.1/24,25
20201019035444,10.20.30.1/16,-
20201019035445,10.77.1.1/24,1
20201019035447,10.77.1.1/24,-
20201019035448,10.20.30.2/16,13
20201019035449,10.20.30.1/16,94
20201019035450,10.77.1.1/24,-
20201019035451,10.77.1.2/24,9
20201019035452,10.20.30.2/16,-
20201019035454,10.77.1.1/24,1
20201019035455,10.20.30.1/16,6
20201019035456,10.20.30.2/16,2
20201019035458,192.168.1.1/24,43
20201019035459,192.168.1.2/24,2
20201019035501,10.77.1.1/24,1
20201019035502,10.77.1.1/24,6
20201019035503,10.20.30.1/16,15
20201019035504,10.20.30.1/16,2
20201019035505,10.77.1.2/24,8
20201019035507,192.168.1.1/24,5
20201019035508,10.20.30.1/16,6
20201019035510,10.20.30.2/16,86
20201019035511,10.20.30.2/16,7
20201019035512,10.77.1.2/24,35
20201019035513,10.20.30.2/16,-
20201019035514,10.20.30.2/16,1
20201019035515,10.77.1.1/24,15
20201019035516,10.77.1.2/24,1
20201019035518,192.168.1.2/24,7
20201019035520,10.77.1.1/24,6
20201019035522,10.20.30.1/16,-
20201019035523,10.20.30.1/16,10
20201019035525,10.20.30.2/16,3
20201019035526,10.20.30.1/16,4
20201019035527,10.20.30.1/16,95
20201019035528,192.168.1.1/24,-
20201019035529,10.20.30.1/16,8
20201019035531,192.168.1.1/24,67
20201019035532,10.77.1.2/24,2
20201019035533,10.77.1.1/24,8
20201019035535,10.20.30.1/16,-
20201019035536,192.168.1.2/24,-
20201019035537,10.20.30.1/16,35
20201019035538,10.20.30.2/16,75
20201019035539,10.77.1.1/24,-
20201019035540,10.20.30.1/16,-
20201019035541,10.20.30.2/16,8
20201019035543,10.20.30.2/16,8
20201019035544,10.20.30.1/16,-
20201019035545,10.77.1.2/24,9
20201019035546,10.77.1.2/24,7
20201019035547,192.168.1.1/24,-
20201019035548,10.77.1.2/24,6
20201019035550,192.168.1.2/24,4
20201019035551,10.77.1.2/24,8
20201019035552,10.77.1.1/24,4
20201019035553,10.20.30.2/16,-
20201019035555,192.168.1.2/24,-
20201019035556,10.20.30.1/16,2
20201019035557,10.20.30.2/16,5
20201019035559,10.20.30.2/16,8
20201019035600,10.20.30.2/16,6
20201019035601,10.20.30.1/16,12
20201019035603,10.77.1.1/24,39
20201019035604,192.168.1.1/24,-
20201019035605,10.77.1.1/24,77
20201019035606,10.20.30.1/16,80
20201019035607,10.77.1.2/24,1
20201019035608,192.168.1.1/24,-
20201019035609,192.168.1.1/24,65
20201019035610,10.77.1.2/24,5
20201019035611,10.20.30.2/16,4
20201019035612,192.168.1.2/24,4
20201019035613,192.168.1.1/24,61
20201019035614,10.20.30.2/16,5
20201019035615,10.20.30.2/16,-
20201019035616,10.20.30.2/16,9
20201019035617,10.20.30.2/16,6
20201019035618,10.20.30.2/16,75
20201019035619,10.20.30.2/16,2
20201019035620,192.168.1.2/24,1
20201019035621,10.77.1.2/24,10
20201019035622,10.20.30.2/16,4
20201019035624,10.20.30.1/16,8
20201019035626,10.20.30.2/16,3
20201019035627,192.168.1.1/24,3
20201019035629,192.168.1.2/24,67
20201019035630,10.20.30.2/16,-
20201019035631,192.168.1.2/24,-
20201019035632,10.20.30.1/16,5
20201019035633,10.77.1.2/24,1
20201019035635,10.20.30.2/16,9
20201019035637,10.77.1.2/24,2
20201019035638,192.168.1.2/24,17
20201019035639,10.20.30.1/16,5
20201019035641,192.168.1.1/24,6
20201019035642,192.168.1.2/24,2
20201019035643,192.168.1.1/24,2
20201019035645,10.77.1.2/24,9
20201019035646,10.20.30.2/16,11
20201019035647,192.168.1.1/24,5
20201019035648,10.20.30.1/16,8
20201019035649,10.20.30.2/16,7
20201019035650,10.77.1.2/24,33
20201019035652,192.168.1.1/24,94
20201019035653,10.77.1.1/24,5
20201019035655,10.20.30.2/16,9
20201019035656,10.20.30.1/16,2
20201019035657,192.168.1.1/24,-
20201019035658,10.20.30.1/16,51
20201019035700,10.20.30.1/16,-
20201019035702,192.168.1.2/24,5
20201019035703,192.168.1.2/24,3
20201019035704,192.168.1.2/24,3
20201019035705,192.168.1.1/24,7
20201019035707,10.20.30.2/16,-
20201019035708,10.20.30.1/16,6
20201019035709,10.77.1.2/24,-
20201019035710,192.168.1.1/24,-
20201019035711,192.168.1.1/24,25
20201019035713,10.77.1.2/24,1
20201019035715,10.20.30.1/16,1
20201019035716,10.20.30.2/16,-
20201019035717,10.20.30.1/16,-
20201019035718,10.20.30.2/16,19
20201019035720,10.77.1.2/24,6
20201019035721,10.77.1.2/24,15
20201019035723,192.168.1.1/24,-
20201019035724,10.20.30.1/16,9
20201019035725,10.77.1.1/24,46
20201019035727,10.20.30.1/16,3
20201019035728,10.20.30.2/16,29
20201019035729,10.77.1.1/24,-
20201019035730,10.77.1.1/24,79
20201019035731,192.168.1.1/24,92
20201019035732,10.77.1.1/24,16
20201019035733,192.168.1.2/24,12
20201019035734,192.168.1.2/24,42
20201019035736,192.168.1.2/24,-
20201019035737,10.20.30.2/16,34
20201019035738,10.20.30.2/16,7
20201019035739,10.20.30.1/16,-
20201019035741,10.77.1.2/24,7
20201019035742,192.168.1.1/24,-
20201019035743,192.168.1.1/24,71
20201019035745,10.20.30.2/16,4
20201019035746,192.168.1.2/24,7
20201019035747,192.168.1.2/24,-
20201019035748,10.20.30.1/16,6
20201019035749,10.77.1.1/24,4
20201019035750,10.77.1.1/24,-
20201019035751,192.168.1.1/24,2
20201019035752,10.20.30.1/16,-
20201019035754,10.77.1.1/24,-
20201019035755,192.168.1.1/24,5
20201019035756,10.77.1.1/24,99
20201019035757,192.168.1.2/24,59
20201019035759,192.168.1.1/24,-
20201019035800,192.168.1.1/24,9
20201019035801,10.20.30.2/16,7
20201019035802,192.168.1.2/24,-
20201019035804,192.168.1.2/24,10
20201019035805,10.20.30.2/16,2
20201019035806,192.168.1.2/24,9
20201019035807,10.77.1.2/24,6
20201019035808,192.168.1.2/24,7
20201019035809,10.77.1.1/24,-
20201019035810,10.20.30.2/16,2
20201019035812,10.20.30.2/16,-
20201019035813,10.77.1.2/24,3
20201019035815,10.20.30.1/16,7
20201019035816,10.20.30.2/16,-
20201019035817,10.77.1.1/24,5
20201019035818,10.77.1.1/24,5
20201019035819,10.77.1.1/24,-
20201019035820,192.168.1.1/24,8
20201019035821,10.77.1.1/24,-
20201019035822,10.77.1.1/24,9
20201019035824,10.77.1.1/24,-
20201019035826,10.77.1.2/24,11
20201019035827,10.77.1.2/24,5
20201019035828,10.20.30.2/16,3
20201019035830,192.168.1.1/24,9
20201019035832,192.168.1.1/24,-
20201019035833,192.168.1.2/24,-
20201019035834,10.20.30.1/16,3
20201019035835,192.168.1.2/24,3
20201019035836,10.77.1.1/24,12
20201019035837,10.77.1.2/24,3
20201019035839,10.20.30.2/16,7
20201019035840,10.20.30.2/16,9
20201019035842,10.20.30.2/16,-
20201019035844,10.20.30.1/16,11
20201019035845,192.168.1.2/24,7
20201019035846,192.168.1.2/24,-
20201019035847,192.168.1.2/24,7
20201019035848,10.20.30.2/16,-
20201019035850,10.77.1.2/24,48
20201019035851,10.77.1.2/24,6
20201019035852,10.77.1.1/24,5
20201019035854,192.168.1.1/24,6
20201019035856,10.20.30.1/16,3
20201019035857,10.20.30.2/16,23
20201019035859,10.77.1.1/24,8
20201019035900,10.20.30.2/16,63
20201019035901,10.20.30.1/16,6
20201019035902,10.20.30.1/16,37
20201019035903,192.168.1.2/24,7
20201019035904,192.168.1.2/24,8
20201019035905,192.168.1.2/24,3
20201019035906,192.168.1.2/24,-
20201019035907,10.77.1.2/24,3
20201019035908,10.20.30.2/16,2
20201019035909,192.168.1.2/24,5
20201019035910,10.20.30.2/16,13
20201019035912,10.77.1.2/24,-
20201019035913,192.168.1.2/24,-
20201019035914,10.77.1.1/24,5
20201019035915,10.77.1.1/24,-
20201019035916,10.77.1.2/24,7
20201019035917,10.77.1.1/24,7
20201019035918,10.20.30.1/16,5
20201019035919,192.168.1.2/24,-
20201019035920,10.77.1.2/24,51
20201019035921,10.20.30.2/16,7
20201019035922,10.20.30.2/16,3
20201019035923,10.77.1.1/24,6
20201019035924,10.20.30.1/16,3
20201019035925,10.77.1.1/24,-
20201019035926,192.168.1.1/24,-
20201019035927,10.20.30.2/16,26
20201019035929,10.77.1.1/24,-
20201019035930,10.20.30.1/16,-
20201019035931,10.20.30.1/16,-
20201019035933,10.20.30.2/16,-
20201019035934,10.77.1.2/24,53
20201019035935,10.20.30.2/16,-
20201019035937,192.168.1.2/24,20
20201019035938,10.20.30.1/16,-
20201019035940,192.168.1.2/24,9
20201019035942,10.20.30.1/16,15
20201019035943,192.168.1.1/24,95
20201019035944,10.20.30.2/16,94
20201019035945,192.168.1.2/24,37
20201019035946,10.77.1.2/24,6
20201019035948,10.77.1.1/24,78
20201019035950,192.168.1.1/24,8
20201019035951,192.168.1.2/24,9
20201019035952,10.20.30.2/16,10
20201019035953,10.20.30.2/16,-
20201019035954,10.77.1.1/24,75
20201019035955,192.168.1.1/24,-
20201019035956,10.77.1.1/24,-
20201019035957,192.168.1.2/24,96
20201019035958,192.168.1.2/24,77
20201019035959,192.168.1.2/24,6
20201019040000,192.168.1.2/24,-
20201019040001,192.168.1.1/24,-
20201019040002,10.77.1.1/24,9
20201019040003,10.77.1.2/24,5
20201019040005,192.168.1.2/24,21
20201019040007,192.168.1.1/24,97
20201019040009,10.20.30.2/16,5
20201019040010,10.77.1.2/24,58
20201019040011,10.77.1.1/24,4
20201019040012,10.77.1.1/24,-
20201019040013,192.168.1.1/24,-
20201019040015,10.77.1.2/24,35
20201019040016,10.77.1.1/24,-
20201019040017,10.77.1.2/24,11
20201019040019,10.77.1.1/24,11
20201019040021,10.77.1.2/24,16
20201019040022,10.20.30.2/16,-
20201019040023,192.168.1.2/24,9
20201019040025,10.77.1.1/24,3
20201019040027,10.20.30.2/16,7
20201019040029,10.77.1.2/24,2
20201019040030,10.20.30.2/16,-
20201019040031,192.168.1.2/24,5
20201019040032,10.20.30.1/16,6
20201019040033,10.77.1.1/24,2
20201019040034,192.168.1.1/24,3
20201019040035,10.20.30.2/16,8
20201019040037,10.20.30.2/16,-
20201019040038,10.77.1.2/24,3
20201019040039,192.168.1.1/24,2
20201019040040,10.77.1.1/24,6
20201019040041,192.168.1.1/24,3
20201019040042,10.20.30.2/16,-
20201019040043,192.168.1.1/24,4
20201019040044,10.20.30.2/16,6
20201019040045,192.168.1.2/24,5
20201019040047,192.168.1.1/24,1
20201019040048,10.20.30.1/16,9
20201019040049,192.168.1.1/24,4
20201019040050,10.20.30.1/16,1
20201019040051,10.20.30.1/16,2
20201019040052,192.168.1.1/24,3
20201019040053,10.77.1.1/24,-
20201019040055,192.168.1.2/24,-
20201019040056,192.168.1.1/24,1
20201019040057,10.20.30.1/16,17
20201019040058,10.20.30.2/16,48
20201019040100,10.20.30.1/16,2
20201019040101,10.20.30.1/16,86
20201019040102,192.168.1.2/24,6
20201019040103,192.168.1.1/24,-
20201019040104,192.168.1.1/24,1
20201019040105,10.77.1.2/24,14
20201019040107,10.20.30.1/16,-
20201019040108,10.77.1.2/24,97
20201019040109,10.77.1.2/24,3
20201019040110,192.168.1.2/24,3
20201019040111,10.20.30.2/16,-
20201019040112,10.20.30.1/16,36
20201019040113,10.20.30.2/16,98
20201019040114,10.77.1.2/24,65
20201019040116,192.168.1.1/24,-
20201019040117,10.77.1.1/24,8
20201019040118,10.20.30.2/16,11
20201019040119,10.20.30.2/16,-
20201019040120,192.168.1.2/24,1
20201019040121,192.168.1.2/24,1
20201019040122,192.168.1.2/24,-
20201019040124,10.20.30.2/16,60
20201019040126,10.77.1.2/24,41
20201019040127,192.168.1.1/24,1
20201019040128,10.20.30.2/16,1
20201019040130,10.20.30.1/16,27
20201019040131,192.168.1.1/24,4
20201019040132,10.20.30.1/16,25
20201019040133,10.20.30.1/16,7
20201019040134,10.20.30.2/16,6
20201019040135,10.20.30.2/16,-
20201019040137,10.77.1.2/24,-
20201019040138,10.20.30.1/16,14
20201019040139,10.77.1.2/24,-
20201019040140,192.168.1.2/24,1
20201019040141,10.20.30.2/16,-
20201019040143,10.77.1.1/24,54
20201019040144,192.168.1.1/24,9
20201019040145,10.77.1.1/24,1
20201019040146,192.168.1.1/24,-
20201019040148,192.168.1.2/24,2
20201019040149,10.20.30.2/16,-
20201019040150,10.77.1.1/24,7
20201019040151,10.77.1.2/24,5
20201019040153,10.20.30.1/16,3
20201019040155,192.168.1.2/24,5
20201019040156,10.77.1.1/24,6
20201019040157,10.20.30.2/16,6
20201019040159,192.168.1.2/24,-
20201019040200,192.168.1.1/24,4
20201019040202,10.20.30.1/16,4
20201019040204,10.77.1.1/24,-
20201019040205,10.20.30.1/16,1
20201019040207,192.168.1.2/24,6
20201019040208,10.20.30.1/16,-
20201019040209,10.20.30.1/16,7
20201019040210,192.168.1.2/24,44
20201019040212,10.20.30.2/16,-
20201019040213,192.168.1.1/24,1
20201019040214,10.20.30.1/16,9
20201019040215,10.77.1.1/24,6
20201019040216,10.77.1.2/24,-
20201019040217,192.168.1.1/24,8
20201019040218,10.77.1.1/24,21
20201019040220,10.20.30.2/16,25
20201019040221,192.168.1.2/24,4
20201019040222,192.168.1.2/24,5
20201019040223,192.168.1.2/24,9
20201019040225,10.77.1.2/24,5
20201019040226,192.168.1.1/24,-
20201019040227,192.168.1.1/24,-
20201019040228,192.168.1.2/24,2
20201019040230,192.168.1.2/24,4
20201019040231,10.77.1.1/24,71
20201019040232,192.168.1.1/24,1
20201019040233,10.20.30.2/16,8
20201019040234,192.168.1.2/24,-
20201019040235,10.20.30.2/16,-
20201019040236,10.77.1.2/24,8
20201019040237,192.168.1.1/24,4
20201019040238,192.168.1.2/24,8
20201019040239,10.20.30.2/16,9
20201019040240,10.20.30.1/16,-
20201019040242,192.168.1.1/24,10
20201019040243,10.77.1.1/24,7
20201019040244,192.168.1.1/24,8
20201019040245,192.168.1.1/24,4
20201019040246,10.77.1.1/24,-
20201019040248,10.20.30.1/16,42
20201019040249,10.20.30.1/16,-
20201019040250,10.77.1.1/24,19
20201019040251,10.77.1.2/24,5
20201019040252,10.77.1.1/24,19
20201019040253,192.168.1.2/24,4
20201019040254,192.168.1.2/24,4
20201019040255,192.168.1.1/24,11
20201019040257,10.20.30.2/16,-
20201019040258,10.20.30.1/16,4
20201019040259,10.77.1.1/24,-
20201019040300,192.168.1.1/24,-
20201019040301,10.20.30.2/16,5
20201019040302,192.168.1.2/24,1
20201019040304,10.20.30.1/16,79
20201019040305,192.168.1.2/24,9
20201019040306,192.168.1.1/24,6
20201019040307,10.20.30.2/16,6
20201019040308,192.168.1.1/24,11
20201019040310,10.77.1.1/24,-
20201019040312,10.20.30.1/16,11
20201019040313,10.77.1.1/24,80
20201019040315,10.20.30.1/16,2
20201019040316,10.77.1.2/24,9
20201019040317,10.20.30.2/16,-
20201019040318,10.77.1.2/24,8
20201019040319,10.20.30.1/16,8
20201019040321,192.168.1.1/24,8
20201019040322,10.77.1.1/24,88
20201019040323,10.20.30.2/16,8
20201019040324,192.168.1.1/24,8
20201019040325,10.20.30.1/16,4
20201019040327,10.77.1.2/24,8
20201019040328,10.20.30.1/16,4
20201019040329,192.168.1.1/24,-
20201019040330,10.77.1.2/24,31
20201019040331,10.20.30.1/16,-
20201019040332,10.77.1.2/24,8
20201019040333,10.20.30.2/16,45
20201019040334,10.20.30.2/16,5
20201019040336,192.168.1.1/24,9
20201019040337,10.20.30.1/16,63
20201019040338,10.20.30.1/16,-
20201019040339,10.20.30.1/16,8
20201019040340,192.168.1.1/24,7
20201019040341,192.168.1.1/24,1
20201019040342,10.20.30.1/16,-
20201019040343,10.77.1.2/24,8
20201019040344,10.20.30.2/16,-
20201019040346,10.77.1.2/24,8
20201019040347,10.20.30.2/16,8
20201019040348,10.77.1.2/24,4
20201019040349,10.20.30.2/16,-
20201019040350,192.168.1.1/24,8
20201019040351,10.20.30.2/16,7
20201019040352,10.77.1.2/24,-
20201019040353,10.20.30.1/16,2
20201019040354,192.168.1.2/24,-
20201019040356,10.77.1.1/24,4
20201019040357,192.168.1.2/24,-
20201019040358,192.168.1.2/24,9
20201019040359,10.77.1.2/24,11
20201019040400,10.20.30.1/16,5
20201019040401,10.20.30.2/16,4
20201019040402,192.168.1.1/24,7
20201019040403,192.168.1.1/24,8
20201019040404,10.77.1.1/24,4
20201019040405,10.20.30.1/16,6
20201019040406,10.20.30.1/16,2
20201019040407,10.77.1.1/24,-
20201019040408,192.168.1.2/24,2
20201019040409,192.168.1.2/24,-
20201019040411,192.168.1.2/24,43
20201019040413,192.168.1.2/24,3
20201019040414,10.20.30.2/16,8
20201019040415,192.168.1.1/24,88
20201019040416,10.77.1.2/24,60
20201019040417,192.168.1.2/24,12
20201019040418,10.77.1.1/24,7
20201019040420,10.77.1.1/24,1
20201019040421,192.168.1.1/24,-
20201019040422,10.77.1.2/24,3
20201019040424,192.168.1.1/24,71
20201019040425,10.77.1.2/24,86
20201019040426,192.168.1.1/24,6
20201019040427,192.168.1.2/24,8
20201019040429,10.77.1.1/24,10
20201019040430,192.168.1.2/24,72
20201019040431,192.168.1.1/24,5
20201019040432,10.20.30.2/16,3
20201019040433,10.77.1.2/24,9
20201019040434,10.77.1.1/24,-
20201019040435,192.168.1.1/24,5
20201019040436,10.20.30.2/16,5
20201019040437,192.168.1.1/24,-
20201019040438,192.168.1.1/24,9
20201019040439,192.168.1.2/24,6
20201019040440,192.168.1.1/24,2
20201019040441,10.77.1.2/24,3
20201019040442,192.168.1.1/24,-
20201019040443,10.20.30.2/16,-
20201019040444,10.77.1.1/24,6
20201019040445,10.77.1.1/24,-
20201019040446,10.77.1.2/24,-
20201019040447,10.20.30.1/16,-
20201019040448,10.20.30.1/16,5
20201019040449,10.77.1.1/24,-
20201019040450,10.77.1.1/24,-
20201019040452,10.20.30.2/16,3
20201019040454,10.77.1.1/24,9
20201019040456,10.20.30.2/16,80
20201019040457,192.168.1.2/24,29
20201019040458,10.77.1.2/24,5
20201019040459,10.77.1.1/24,8
20201019040501,10.77.1.2/24,8
20201019040502,10.20.30.1/16,72
20201019040504,10.20.30.2/16,4
20201019040505,10.20.30.1/16,-
20201019040506,192.168.1.1/24,82
20201019040507,10.20.30.2/16,-
20201019040508,10.20.30.1/16,7
20201019040509,10.20.30.2/16,7
20201019040510,10.20.30.2/16,10
20201019040511,10.20.30.1/16,4
20201019040512,192.168.1.1/24,-
20201019040513,10.77.1.2/24,7
20201019040515,10.77.1.1/24,1
20201019040516,10.77.1.1/24,-
20201019040518,10.20.30.2/16,8
20201019040519,10.20.30.1/16,4
20201019040521,10.20.30.2/16,-
20201019040523,192.168.1.1/24,80
20201019040524,10.77.1.2/24,9
20201019040526,10.77.1.1/24,9
20201019040527,192.168.1.2/24,36
20201019040528,192.168.1.2/24,-
20201019040529,10.20.30.1/16,5
20201019040530,10.77.1.2/24,-
20201019040531,10.77.1.2/24,6
20201019040532,192.168.1.1/24,9
20201019040533,192.168.1.1/24,8
20201019040534,192.168.1.2/24,92
20201019040535,10.20.30.1/16,2
20201019040537,10.20.30.1/16,5
20201019040539,192.168.1.2/24,9
20201019040541,192.168.1.1/24,7
20201019040542,192.168.1.1/24,36
20201019040543,10.20.30.2/16,64
20201019040545,10.77.1.1/24,3
20201019040546,10.20.30.1/16,6
20201019040548,10.77.1.2/24,-
20201019040549,192.168.1.1/24,-
20201019040551,10.77.1.1/24,8
20201019040552,10.20.30.1/16,-
20201019040553,192.168.1.1/24,-
20201019040554,10.77.1.2/24,-
20201019040555,10.20.30.2/16,-
20201019040556,10.20.30.2/16,8
20201019040557,10.20.30.2/16,9
20201019040558,192.168.1.2/24,51
20201019040559,10.20.30.1/16,-
20201019040600,10.20.30.1/16,7
20201019040601,10.77.1.1/24,9
20201019040602,10.20.30.1/16,29
20201019040603,10.20.30.1/16,32
20201019040604,192.168.1.2/24,16
20201019040605,192.168.1.1/24,-
20201019040606,10.77.1.1/24,4
20201019040607,10.77.1.2/24,6
20201019040609,10.20.30.2/16,8
20201019040610,192.168.1.2/24,1
20201019040611,192.168.1.2/24,-
20201019040613,192.168.1.1/24,6
20201019040614,192.168.1.1/24,82
20201019040615,192.168.1.1/24,9
20201019040616,192.168.1.1/24,5
20201019040617,192.168.1.2/24,1
20201019040619,10.77.1.1/24,7
20201019040620,10.20.30.2/16,9
20201019040621,10.77.1.1/24,4
20201019040622,192.168.1.1/24,56
20201019040623,10.77.1.2/24,7
20201019040625,192.168.1.2/24,87
20201019040626,192.168.1.2/24,8
20201019040627,10.77.1.1/24,98
20201019040629,10.77.1.2/24,-
20201019040630,192.168.1.1/24,8
20201019040631,192.168.1.2/24,76
20201019040632,10.77.1.2/24,67
20201019040634,10.20.30.1/16,36
20201019040636,192.168.1.1/24,59
20201019040637,10.77.1.2/24,17
20201019040639,10.20.30.2/16,4
20201019040640,10.20.30.1/16,87
20201019040641,192.168.1.1/24,3
20201019040642,10.20.30.2/16,5
20201019040643,192.168.1.1/24,90
20201019040644,192.168.1.2/24,30
20201019040646,10.20.30.1/16,-
20201019040647,10.20.30.2/16,6
20201019040648,192.168.1.2/24,7
20201019040649,10.77.1.2/24,4
20201019040650,10.77.1.2/24,4
20201019040651,10.20.30.2/16,-
20201019040652,192.168.1.1/24,3
20201019040654,10.20.30.1/16,4
20201019040655,10.20.30.1/16,7
20201019040656,10.20.30.1/16,4
20201019040657,10.77.1.2/24,-
20201019040658,10.20.30.1/16,-
20201019040659,10.20.30.2/16,1
20201019040700,10.20.30.2/16,1
20201019040701,10.77.1.2/24,7
20201019040702,192.168.1.1/24,5
20201019040703,10.77.1.1/24,8
20201019040704,10.20.30.1/16,11
20201019040705,192.168.1.2/24,2
20201019040707,10.20.30.1/16,3
20201019040708,10.77.1.1/24,-
20201019040710,10.20.30.2/16,6
20201019040712,192.168.1.2/24,3
20201019040713,192.168.1.1/24,67
20201019040714,10.77.1.1/24,6
20201019040715,192.168.1.1/24,-
20201019040717,192.168.1.2/24,1
20201019040719,192.168.1.2/24,-
20201019040720,192.168.1.1/24,48
20201019040721,192.168.1.2/24,-
20201019040723,10.77.1.1/24,49
20201019040724,10.77.1.2/24,1
20201019040725,10.77.1.2/24,27
20201019040726,192.168.1.1/24,-
20201019040727,10.20.30.1/16,9
20201019040728,10.77.1.2/24,3
20201019040729,10.20.30.2/16,11
20201019040730,192.168.1.1/24,22
20201019040731,10.20.30.1/16,8
20201019040732,10.77.1.2/24,9
20201019040733,10.77.1.1/24,74
20201019040734,10.20.30.2/16,16
20201019040736,10.77.1.2/24,6
20201019040738,10.77.1.2/24,13
20201019040740,10.77.1.1/24,9
20201019040742,192.168.1.2/24,45
20201019040743,10.20.30.2/16,40
20201019040744,192.168.1.1/24,32
20201019040745,192.168.1.1/24,-
20201019040747,192.168.1.2/24,-
20201019040748,192.168.1.1/24,6
20201019040749,192.168.1.1/24,-
20201019040750,192.168.1.2/24,3
20201019040751,10.77.1.2/24,9
20201019040753,10.77.1.2/24,7
20201019040754,10.20.30.1/16,75
20201019040755,10.20.30.1/16,15
20201019040757,192.168.1.1/24,4
20201019040758,10.77.1.1/24,6
20201019040800,10.20.30.1/16,7
20201019040802,10.20.30.1/16,4
20201019040803,10.77.1.1/24,48
20201019040805,192.168.1.1/24,50
20201019040806,10.20.30.2/16,8
20201019040807,10.77.1.1/24,6
20201019040809,10.77.1.2/24,1
20201019040811,10.20.30.2/16,10
20201019040812,10.77.1.2/24,7
20201019040813,192.168.1.1/24,8
20201019040814,10.20.30.2/16,-
20201019040815,192.168.1.2/24,89
20201019040816,192.168.1.1/24,16
20201019040817,10.20.30.2/16,-
20201019040818,10.20.30.1/16,-
20201019040819,192.168.1.2/24,20
20201019040820,10.77.1.2/24,-
20201019040821,10.20.30.2/16,-
20201019040823,10.20.30.2/16,-
20201019040824,10.77.1.1/24,-
20201019040825,10.20.30.1/16,3
20201019040827,10.77.1.2/24,9
20201019040829,10.20.30.2/16,9
20201019040830,10.77.1.1/24,8
20201019040831,10.77.1.2/24,5
20201019040832,10.20.30.2/16,9
20201019040833,192.168.1.2/24,2
20201019040834,10.20.30.2/16,9
20201019040835,10.77.1.1/24,5
20201019040836,192.168.1.2/24,51
20201019040837,10.77.1.2/24,1
20201019040838,10.77.1.2/24,8
20201019040839,192.168.1.2/24,5
20201019040840,10.20.30.2/16,54
20201019040842,192.168.1.2/24,-
20201019040843,192.168.1.2/24,2
20201019040844,10.77.1.2/24,16
20201019040846,192.168.1.2/24,12
20201019040847,10.20.30.2/16,81
20201019040849,10.20.30.1/16,-
20201019040850,10.77.1.1/24,86
20201019040851,10.77.1.1/24,-
20201019040852,10.20.30.1/16,-
20201019040853,192.168.1.1/24,9
20201019040854,10.77.1.1/24,4
20201019040855,10.20.30.1/16,6
20201019040856,10.77.1.1/24,2
20201019040857,10.77.1.2/24,1
20201019040858,10.20.30.2/16,-
20201019040900,10.77.1.1/24,8
20201019040901,10.20.30.1/16,8
20201019040902,10.77.1.1/24,7
20201019040903,10.77.1.1/24,2
20201019040904,10.20.30.1/16,2
20201019040906,10.20.30.2/16,8
20201019040907,192.168.1.1/24,34
20201019040908,10.20.30.1/16,5
20201019040909,10.20.30.1/16,4
20201019040910,192.168.1.1/24,12
20201019040911,192.168.1.1/24,-
20201019040912,192.168.1.2/24,10
20201019040914,192.168.1.1/24,6
20201019040915,192.168.1.2/24,9
20201019040916,192.168.1.1/24,6
20201019040917,192.168.1.1/24,-
20201019040919,10.77.1.2/24,6
20201019040921,192.168.1.1/24,13
20201019040922,192.168.1.2/24,-
20201019040924,10.77.1.2/24,-
20201019040925,10.20.30.1/16,62
20201019040927,192.168.1.2/24,-
20201019040928,192.168.1.2/24,-
20201019040929,10.20.30.2/16,-
20201019040930,10.77.1.2/24,-
20201019040932,10.20.30.1/16,-
20201019040933,10.77.1.1/24,4
20201019040934,10.20.30.2/16,-
20201019040935,10.77.1.1/24,73
20201019040937,192.168.1.1/24,35
20201019040938,10.77.1.1/24,9
20201019040939,10.77.1.1/24,9
20201019040940,192.168.1.2/24,4
20201019040941,192.168.1.2/24,-
20201019040942,10.20.30.2/16,11
20201019040943,10.77.1.2/24,81
20201019040944,192.168.1.1/24,-
20201019040945,10.20.30.2/16,5
20201019040946,10.77.1.1/24,4
20201019040948,192.168.1.1/24,3
20201019040950,10.77.1.1/24,3
20201019040951,192.168.1.1/24,4
20201019040953,10.20.30.1/16,49
20201019040954,10.20.30.1/16,-
20201019040955,192.168.1.2/24,5
20201019040956,192.168.1.1/24,-
20201019040957,192.168.1.2/24,1
20201019040958,192.168.1.2/24,6
20201019040959,10.20.30.1/16,48
20201019041000,10.77.1.2/24,-
20201019041001,10.77.1.2/24,4
20201019041003,192.168.1.1/24,7
20201019041004,10.20.30.2/16,14
20201019041005,192.168.1.1/24,-
20201019041006,10.77.1.1/24,76
20201019041007,10.20.30.1/16,-
20201019041008,192.168.1.1/24,6
20201019041010,10.20.30.2/16,-
20201019041011,10.77.1.2/24,95
20201019041012,192.168.1.2/24,11
20201019041013,192.168.1.2/24,5
20201019041014,192.168.1.1/24,9
20201019041016,192.168.1.2/24,-
20201019041017,192.168.1.2/24,-
20201019041018,192.168.1.1/24,7
20201019041019,10.20.30.1/16,7
20201019041020,192.168.1.1/24,-
20201019041021,192.168.1.2/24,78
20201019041022,192.168.1.1/24,5
20201019041023,10.20.30.1/16,-
20201019041024,10.20.30.1/16,43
20201019041025,10.20.30.1/16,3
20201019041026,192.168.1.2/24,-
20201019041027,192.168.1.1/24,32
20201019041028,10.20.30.1/16,37
20201019041030,192.168.1.2/24,-
20201019041031,192.168.1.1/24,3
20201019041032,10.20.30.2/16,78
20201019041033,10.77.1.1/24,5
20201019041034,10.77.1.1/24,1
20201019041035,10.77.1.1/24,6
20201019041036,10.77.1.1/24,2
20201019041037,10.77.1.2/24,-
20201019041038,10.77.1.1/24,95
20201019041040,10.20.30.1/16,52
20201019041041,10.77.1.2/24,9
20201019041042,192.168.1.2/24,15
20201019041043,10.77.1.2/24,-
20201019041045,10.20.30.2/16,2
20201019041046,192.168.1.2/24,1
20201019041047,10.77.1.1/24,50
20201019041048,192.168.1.1/24,89
20201019041049,10.20.30.1/16,1
20201019041050,10.77.1.2/24,23
20201019041051,192.168.1.1/24,-
20201019041052,10.20.30.1/16,-
20201019041054,10.20.30.2/16,4
20201019041055,10.20.30.1/16,-
20201019041056,10.20.30.1/16,-
20201019041057,10.20.30.1/16,7
20201019041058,10.20.30.1/16,10
20201019041059,10.20.30.2/16,52
20201019041100,10.20.30.1/16,5
20201019041101,10.20.30.1/16,7
20201019041102,192.168.1.2/24,-
20201019041103,10.77.1.2/24,19
20201019041104,192.168.1.2/24,-
20201019041105,10.77.1.1/24,-
20201019041107,192.168.1.1/24,6
20201019041108,10.20.30.1/16,-
20201019041109,192.168.1.1/24,-
20201019041111,192.168.1.2/24,7
20201019041112,192.168.1.1/24,9
20201019041113,10.20.30.1/16,9
20201019041114,10.20.30.1/16,1
20201019041115,10.20.30.1/16,7
20201019041117,192.168.1.2/24,6
20201019041118,192.168.1.1/24,60
20201019041119,10.77.1.1/24,25
20201019041120,192.168.1.2/24,62
20201019041121,10.77.1.2/24,7
20201019041122,10.77.1.2/24,9
20201019041123,192.168.1.1/24,-
20201019041124,10.20.30.2/16,57
20201019041125,192.168.1.2/24,9
20201019041126,10.20.30.2/16,3
20201019041127,10.20.30.1/16,2
20201019041128,10.77.1.1/24,37
20201019041129,10.77.1.2/24,46
20201019041130,10.20.30.2/16,-
20201019041132,10.20.30.1/16,56
20201019041133,10.77.1.2/24,1
20201019041134,10.20.30.2/16,37
20201019041135,192.168.1.1/24,76
20201019041137,10.77.1.2/24,38
20201019041138,192.168.1.2/24,6
20201019041139,10.20.30.2/16,2
20201019041140,10.77.1.1/24,9
20201019041141,10.20.30.2/16,4
20201019041143,192.168.1.2/24,-
20201019041144,10.77.1.1/24,9
20201019041145,10.77.1.1/24,4
20201019041146,10.77.1.2/24,-
20201019041147,192.168.1.1/24,63
20201019041148,10.20.30.2/16,6
20201019041149,10.77.1.1/24,1
20201019041150,192.168.1.1/24,-
20201019041152,10.77.1.2/24,-
20201019041153,10.77.1.2/24,5
20201019041155,192.168.1.2/24,65
20201019041157,192.168.1.2/24,56
20201019041158,192.168.1.2/24,1
20201019041159,10.20.30.2/16,8
20201019041200,192.168.1.1/24,9
20201019041201,10.77.1.1/24,50
20201019041203,10.20.30.2/16,10
20201019041204,192.168.1.1/24,9
20201019041205,192.168.1.1/24,-
20201019041206,10.20.30.1/16,9
20201019041207,192.168.1.2/24,15
20201019041208,10.77.1.2/24,40
20201019041209,10.20.30.2/16,-
20201019041211,10.20.30.2/16,8
20201019041212,10.20.30.1/16,6
20201019041213,192.168.1.1/24,-
20201019041214,192.168.1.1/24,2
20201019041215,10.20.30.2/16,55
20201019041216,10.20.30.2/16,7
20201019041218,10.20.30.2/16,5
20201019041219,192.168.1.1/24,-
20201019041220,192.168.1.1/24,-
20201019041221,10.77.1.2/24,96
20201019041223,10.20.30.2/16,8
20201019041224,10.77.1.2/24,4
20201019041226,10.20.30.2/16,12
20201019041227,10.20.30.2/16,2
20201019041229,192.168.1.2/24,9
20201019041230,192.168.1.1/24,-
20201019041231,192.168.1.2/24,5
20201019041232,10.20.30.1/16,3
20201019041233,10.77.1.1/24,2
20201019041234,192.168.1.2/24,51
20201019041235,10.20.30.2/16,-
20201019041236,10.77.1.2/24,8
20201019041237,192.168.1.1/24,80
20201019041238,10.20.30.2/16,1
20201019041239,10.77.1.2/24,26
20201019041241,10.20.30.1/16,4
20201019041242,10.20.30.2/16,33
20201019041243,10.77.1.2/24,82
20201019041244,192.168.1.2/24,-
20201019041245,192.168.1.2/24,9
20201019041246,10.77.1.2/24,-
20201019041247,192.168.1.2/24,68
20201019041248,10.20.30.2/16,-
20201019041249,10.77.1.1/24,2
20201019041250,10.20.30.1/16,9
20201019041251,10.77.1.2/24,-
20201019041252,10.77.1.1/24,39
20201019041253,10.20.30.2/16,81
20201019041254,10.77.1.1/24,6
20201019041255,192.168.1.2/24,8
20201019041256,192.168.1.1/24,89
20201019041257,10.77.1.2/24,0
20201019041259,192.168.1.2/24,5
20201019041300,10.20.30.2/16,50
20201019041301,10.77.1.1/24,7
20201019041302,10.77.1.1/24,2
20201019041304,192.168.1.2/24,-
20201019041305,10.77.1.2/24,-
20201019041306,10.77.1.2/24,4
20201019041307,10.77.1.2/24,5
20201019041308,192.168.1.2/24,9
20201019041309,192.168.1.2/24,48
20201019041310,192.168.1.1/24,7
20201019041312,10.20.30.2/16,3
20201019041314,192.168.1.1/24,37
20201019041315,10.20.30.2/16,7
20201019041316,10.77.1.2/24,3
20201019041317,10.77.1.1/24,13
20201019041318,192.168.1.1/24,41
20201019041319,10.77.1.1/24,-
20201019041321,10.20.30.2/16,2
20201019041322,10.77.1.1/24,-
20201019041323,10.77.1.1/24,66
20201019041324,192.168.1.1/24,6
20201019041325,10.77.1.1/24,63
20201019041327,192.168.1.2/24,6
20201019041328,10.20.30.2/16,9
20201019041329,10.77.1.2/24,6
20201019041330,10.77.1.1/24,-
20201019041331,10.77.1.2/24,2
20201019041332,10.20.30.1/16,5
20201019041333,192.168.1.2/24,18
20201019041334,10.77.1.1/24,74
20201019041336,10.20.30.1/16,-
20201019041337,10.77.1.1/24,3
20201019041338,192.168.1.2/24,80
20201019041339,10.20.30.2/16,6
20201019041340,10.20.30.2/16,-
20201019041342,192.168.1.2/24,-
20201019041344,192.168.1.2/24,-
20201019041345,192.168.1.2/24,6
20201019041347,192.168.1.2/24,48
20201019041348,10.20.30.2/16,8
20201019041349,192.168.1.1/24,-
20201019041350,10.77.1.2/24,70
20201019041351,192.168.1.1/24,7
20201019041352,10.20.30.2/16,82
20201019041353,10.20.30.1/16,4
20201019041354,10.20.30.1/16,-
20201019041355,192.168.1.2/24,-
20201019041356,192.168.1.2/24,2
20201019041357,10.20.30.2/16,7
20201019041358,10.20.30.2/16,4
20201019041400,10.77.1.1/24,-
20201019041401,10.77.1.1/24,2
20201019041402,10.20.30.1/16,27
20201019041403,192.168.1.2/24,4
20201019041405,192.168.1.1/24,-
20201019041407,192.168.1.1/24,70
20201019041409,10.20.30.2/16,4
20201019041410,192.168.1.1/24,88
20201019041411,10.20.30.1/16,4
20201019041413,10.77.1.2/24,-
20201019041414,10.77.1.1/24,7
20201019041415,10.20.30.1/16,5
20201019041416,10.20.30.2/16,10
20201019041418,10.20.30.1/16,-
20201019041420,10.77.1.2/24,25
20201019041421,10.20.30.2/16,-
20201019041423,10.77.1.2/24,8
20201019041424,10.77.1.2/24,4
20201019041425,10.20.30.1/16,9
20201019041426,10.77.1.2/24,3
20201019041428,10.20.30.1/16,1
20201019041429,192.168.1.2/24,4
20201019041430,10.20.30.2/16,-
20201019041431,10.77.1.2/24,1
20201019041432,10.77.1.1/24,1
20201019041433,10.20.30.1/16,-
20201019041434,10.20.30.2/16,-
20201019041435,10.77.1.1/24,3
20201019041436,10.20.30.1/16,2
20201019041437,10.77.1.1/24,3
20201019041438,10.20.30.2/16,43
20201019041439,10.20.30.1/16,4
20201019041441,10.20.30.1/16,-
20201019041442,192.168.1.1/24,18
20201019041443,10.77.1.2/24,8
20201019041444,10.20.30.2/16,-
20201019041445,10.20.30.2/16,7
20201019041446,10.20.30.2/16,2
20201019041448,10.77.1.1/24,-
20201019041449,192.168.1.2/24,1
20201019041451,10.20.30.1/16,-
20201019041452,192.168.1.1/24,42
20201019041453,192.168.1.1/24,1
20201019041454,10.20.30.1/16,12
20201019041455,192.168.1.1/24,7
20201019041456,10.77.1.1/24,7
20201019041457,10.77.1.1/24,1
20201019041459,10.20.30.2/16,-
20201019041500,10.20.30.2/16,2
20201019041501,192.168.1.1/24,-
20201019041503,10.77.1.2/24,2
20201019041504,192.168.1.1/24,8
20201019041505,10.77.1.1/24,24
20201019041506,10.77.1.1/24,49
20201019041507,192.168.1.2/24,58
20201019041508,10.20.30.1/16,6
20201019041510,10.77.1.2/24,8
20201019041511,10.77.1.1/24,61
20201019041512,10.20.30.1/16,-
20201019041513,10.77.1.1/24,-
20201019041514,192.168.1.2/24,14
20201019041516,10.20.30.1/16,10
20201019041518,10.20.30.2/16,-
20201019041520,192.168.1.2/24,6
20201019041521,192.168.1.1/24,-
20201019041522,10.77.1.1/24,1
20201019041524,10.20.30.2/16,-
20201019041525,10.20.30.2/16,78
20201019041526,192.168.1.1/24,-
20201019041527,192.168.1.1/24,2
20201019041529,10.77.1.2/24,76
20201019041530,10.77.1.2/24,-
20201019041531,10.20.30.1/16,9
20201019041533,192.168.1.2/24,-
20201019041535,10.20.30.2/16,1
20201019041536,192.168.1.2/24,-
20201019041537,10.77.1.2/24,8
20201019041538,10.77.1.2/24,9
20201019041539,10.20.30.1/16,4
20201019041540,192.168.1.2/24,8
20201019041541,192.168.1.2/24,3
20201019041542,10.77.1.1/24,6
20201019041544,10.77.1.1/24,-
20201019041545,10.77.1.1/24,9
20201019041546,10.77.1.1/24,9
20201019041547,10.77.1.2/24,24
20201019041548,10.20.30.2/16,17
20201019041549,10.77.1.2/24,-
20201019041550,10.77.1.1/24,7
20201019041552,192.168.1.2/24,1
20201019041554,10.77.1.2/24,-
20201019041555,192.168.1.1/24,5
20201019041556,192.168.1.1/24,71
20201019041558,10.20.30.1/16,18
20201019041559,192.168.1.1/24,1
20201019041600,10.20.30.2/16,7
20201019041602,10.20.30.1/16,6
20201019041604,10.20.30.1/16,20
20201019041605,192.168.1.1/24,13
20201019041606,10.77.1.2/24,7
20201019041607,10.20.30.2/16,0
20201019041608,192.168.1.1/24,84
20201019041609,10.20.30.1/16,9
20201019041610,10.20.30.1/16,5
20201019041612,10.20.30.1/16,-
20201019041613,192.168.1.2/24,3
20201019041614,10.20.30.1/16,-
20201019041615,10.77.1.2/24,7
20201019041616,192.168.1.1/24,4
20201019041617,192.168.1.2/24,9
20201019041618,10.20.30.2/16,1
20201019041619,10.77.1.1/24,3
20201019041620,192.168.1.2/24,5
20201019041621,10.77.1.1/24,46
20201019041623,10.77.1.2/24,11
20201019041624,10.77.1.2/24,-
20201019041625,10.77.1.2/24,2
20201019041626,192.168.1.1/24,7
20201019041627,10.77.1.1/24,-
20201019041628,192.168.1.1/24,10
20201019041630,10.77.1.2/24,71
20201019041631,10.20.30.1/16,3
20201019041632,192.168.1.2/24,8
20201019041633,192.168.1.2/24,-
20201019041634,10.20.30.1/16,9
20201019041635,192.168.1.2/24,4
20201019041636,192.168.1.1/24,9
20201019041637,10.20.30.2/16,2
20201019041638,10.77.1.1/24,-
20201019041639,192.168.1.1/24,6
20201019041641,10.77.1.1/24,-
20201019041642,10.20.30.1/16,3
20201019041643,10.77.1.1/24,8
20201019041645,10.77.1.1/24,5
20201019041646,10.77.1.2/24,76
20201019041647,10.20.30.1/16,6
20201019041649,10.77.1.2/24,-
20201019041651,10.77.1.1/24,-
20201019041653,192.168.1.2/24,-
20201019041655,10.77.1.1/24,-
20201019041656,192.168.1.2/24,1
20201019041657,192.168.1.2/24,7
20201019041658,10.77.1.1/24,6
20201019041659,10.77.1.2/24,56
20201019041701,10.20.30.1/16,-
20201019041702,10.20.30.2/16,8
20201019041703,192.168.1.2/24,7
20201019041704,192.168.1.1/24,1
20201019041705,10.20.30.2/16,5
20201019041707,10.77.1.1/24,58
20201019041708,10.77.1.1/24,9
20201019041709,10.20.30.2/16,7
20201019041710,192.168.1.2/24,-
20201019041711,192.168.1.2/24,1
20201019041712,192.168.1.2/24,-
20201019041713,10.77.1.2/24,5
20201019041715,192.168.1.2/24,8
20201019041716,192.168.1.2/24,-
20201019041718,192.168.1.2/24,-
20201019041719,10.77.1.2/24,-
20201019041720,10.20.30.2/16,8
20201019041722,10.77.1.1/24,5
20201019041723,192.168.1.2/24,8
20201019041725,192.168.1.1/24,11
20201019041727,10.20.30.2/16,51
20201019041728,10.77.1.2/24,7
20201019041729,192.168.1.1/24,-
20201019041731,10.20.30.2/16,27
20201019041733,10.20.30.2/16,2
20201019041734,192.168.1.1/24,8
20201019041735,10.20.30.1/16,-
20201019041737,192.168.1.1/24,17
20201019041738,10.77.1.2/24,4
20201019041740,192.168.1.1/24,2
20201019041741,10.77.1.2/24,93
20201019041742,10.77.1.1/24,5
20201019041743,10.20.30.1/16,6
20201019041744,192.168.1.1/24,-
20201019041745,192.168.1.1/24,6
20201019041746,10.77.1.2/24,6
20201019041748,10.77.1.2/24,42
20201019041749,192.168.1.1/24,9
20201019041750,192.168.1.1/24,2
20201019041751,192.168.1.2/24,7
20201019041752,10.77.1.1/24,6
20201019041753,192.168.1.2/24,-
20201019041754,192.168.1.2/24,60
20201019041755,10.20.30.1/16,7
20201019041757,192.168.1.1/24,-
20201019041759,192.168.1.2/24,14
20201019041800,10.20.30.2/16,75
20201019041801,10.20.30.2/16,65
20201019041802,192.168.1.1/24,1
20201019041804,10.20.30.2/16,2
20201019041806,10.77.1.1/24,2
20201019041807,10.20.30.1/16,7
20201019041809,192.168.1.2/24,-
20201019041810,10.77.1.1/24,96
20201019041811,10.77.1.1/24,5
20201019041813,192.168.1.1/24,78
20201019041814,10.77.1.2/24,-
20201019041815,10.77.1.2/24,3
20201019041816,192.168.1.1/24,-
20201019041817,10.20.30.1/16,5
20201019041818,10.20.30.1/16,3
20201019041819,10.20.30.2/16,2
20201019041821,192.168.1.1/24,47
20201019041822,192.168.1.2/24,6
20201019041824,10.77.1.2/24,4
20201019041825,10.77.1.1/24,5
20201019041826,10.77.1.1/24,9
20201019041827,10.77.1.2/24,71
20201019041828,10.20.30.2/16,7
20201019041830,10.20.30.1/16,4
20201019041831,192.168.1.2/24,88
20201019041832,10.77.1.2/24,38
20201019041833,10.77.1.2/24,3
20201019041834,192.168.1.2/24,53
20201019041835,192.168.1.1/24,-
20201019041836,10.77.1.2/24,7
20201019041837,10.20.30.2/16,-
20201019041838,192.168.1.1/24,-
20201019041840,10.20.30.1/16,8
20201019041841,192.168.1.1/24,1
20201019041843,10.20.30.1/16,-
20201019041844,10.20.30.2/16,5
20201019041845,10.77.1.2/24,-
20201019041846,10.77.1.1/24,18
20201019041847,10.77.1.1/24,-
20201019041848,192.168.1.2/24,36
20201019041849,192.168.1.2/24,7
20201019041850,192.168.1.2/24,7
20201019041852,192.168.1.2/24,76
20201019041853,192.168.1.1/24,3
20201019041854,10.77.1.2/24,-
20201019041855,10.20.30.1/16,29
20201019041856,10.77.1.2/24,8
20201019041857,10.20.30.1/16,-
20201019041858,10.77.1.2/24,5
20201019041859,192.168.1.1/24,7
20201019041900,10.77.1.2/24,6
20201019041901,10.20.30.1/16,3
20201019041902,192.168.1.2/24,3
20201019041903,10.20.30.2/16,5
20201019041905,10.77.1.1/24,13
20201019041906,10.20.30.2/16,72
20201019041907,192.168.1.1/24,22
20201019041909,10.77.1.1/24,54
20201019041910,10.20.30.1/16,-
20201019041911,10.20.30.2/16,7
20201019041912,10.20.30.2/16,-
20201019041914,10.20.30.1/16,1
20201019041915,10.20.30.2/16,-
20201019041916,10.20.30.1/16,-
20201019041917,192.168.1.2/24,-
20201019041918,192.168.1.2/24,3
20201019041920,10.20.30.1/16,9
20201019041921,10.20.30.1/16,-
20201019041922,10.77.1.1/24,-
20201019041923,192.168.1.2/24,30
20201019041924,192.168.1.2/24,14
20201019041926,192.168.1.1/24,3
20201019041927,10.77.1.2/24,94
20201019041928,10.20.30.1/16,14
20201019041929,10.77.1.1/24,4
20201019041930,10.20.30.1/16,-
20201019041931,192.168.1.1/24,41
20201019041933,10.20.30.1/16,7
20201019041934,10.77.1.2/24,-
20201019041935,10.20.30.2/16,9
20201019041936,192.168.1.1/24,2
20201019041937,10.20.30.2/16,-
20201019041938,192.168.1.1/24,7
20201019041939,10.77.1.1/24,26
20201019041940,192.168.1.2/24,-
20201019041942,10.20.30.1/16,-
20201019041943,10.77.1.2/24,5
20201019041945,10.77.1.1/24,72
20201019041947,192.168.1.2/24,7
20201019041948,192.168.1.1/24,1
20201019041949,10.20.30.1/16,6
20201019041950,192.168.1.1/24,7
20201019041951,192.168.1.1/24,3
20201019041952,10.20.30.2/16,18
20201019041953,10.77.1.2/24,2
20201019041954,192.168.1.1/24,-
20201019041955,10.77.1.1/24,1
20201019041956,192.168.1.1/24,-
20201019041957,10.20.30.1/16,44
20201019041959,192.168.1.1/24,6
20201019042000,192.168.1.2/24,-
20201019042001,10.20.30.2/16,3
20201019042002,10.20.30.1/16,3
20201019042003,10.77.1.2/24,8
20201019042004,192.168.1.1/24,-
20201019042005,192.168.1.2/24,7
20201019042006,192.168.1.1/24,60
20201019042007,10.20.30.1/16,10
20201019042008,10.20.30.1/16,48
20201019042009,10.20.30.1/16,-
20201019042010,10.77.1.2/24,3
20201019042011,192.168.1.2/24,1
20201019042013,10.77.1.2/24,2
20201019042014,10.20.30.2/16,5
20201019042015,10.77.1.1/24,8
20201019042016,10.77.1.1/24,47
20201019042018,10.77.1.2/24,5
20201019042020,10.77.1.2/24,2
20201019042021,192.168.1.2/24,7
20201019042022,10.77.1.1/24,40
20201019042023,10.77.1.2/24,6
20201019042024,10.77.1.2/24,2
20201019042025,10.77.1.1/24,34
20201019042026,10.20.30.2/16,95
20201019042028,192.168.1.1/24,7
20201019042029,10.77.1.1/24,-
20201019042030,10.77.1.2/24,-
20201019042031,192.168.1.2/24,-
20201019042032,10.20.30.1/16,5
20201019042033,10.20.30.1/16,-
20201019042034,10.20.30.1/16,8
20201019042036,10.77.1.2/24,-
20201019042037,10.77.1.1/24,6
20201019042038,192.168.1.2/24,8
20201019042039,192.168.1.1/24,6
20201019042040,10.20.30.2/16,-
20201019042042,10.77.1.2/24,10
20201019042043,10.77.1.1/24,10
20201019042044,192.168.1.1/24,1
20201019042045,192.168.1.2/24,32
20201019042046,192.168.1.2/24,4
20201019042048,192.168.1.2/24,4
20201019042049,10.20.30.1/16,7
20201019042050,10.77.1.2/24,1
20201019042051,10.77.1.1/24,-
20201019042053,10.77.1.1/24,6
20201019042054,10.20.30.1/16,7
20201019042055,192.168.1.1/24,-
20201019042056,10.77.1.2/24,92
20201019042058,10.77.1.2/24,97
20201019042059,192.168.1.1/24,24
20201019042101,192.168.1.1/24,4
20201019042102,10.77.1.2/24,58
20201019042103,192.168.1.2/24,61
20201019042104,10.77.1.2/24,81
20201019042105,10.20.30.1/16,6
20201019042106,192.168.1.1/24,4
20201019042107,192.168.1.2/24,6
20201019042108,192.168.1.1/24,10
20201019042109,192.168.1.2/24,7
20201019042110,192.168.1.1/24,8
20201019042111,10.77.1.2/24,41
20201019042112,10.77.1.1/24,36
20201019042113,10.20.30.2/16,3
20201019042114,10.20.30.1/16,6
20201019042115,10.77.1.1/24,1
20201019042116,192.168.1.2/24,5
20201019042118,10.77.1.2/24,6
20201019042119,10.77.1.1/24,56
20201019042120,10.77.1.1/24,3
20201019042121,10.20.30.1/16,5
20201019042123,10.20.30.1/16,-
20201019042124,10.20.30.2/16,-
20201019042126,10.77.1.1/24,-
20201019042127,192.168.1.1/24,70
20201019042128,10.77.1.2/24,8
20201019042129,10.20.30.2/16,8
20201019042131,10.77.1.1/24,91
20201019042132,10.77.1.1/24,44
20201019042133,10.20.30.2/16,6
20201019042135,10.77.1.1/24,1
20201019042137,192.168.1.1/24,5
20201019042138,192.168.1.2/24,74
20201019042139,192.168.1.1/24,4
20201019042140,192.168.1.2/24,9
20201019042141,192.168.1.2/24,7
20201019042142,10.77.1.2/24,2
20201019042143,192.168.1.2/24,8
20201019042144,192.168.1.1/24,6
20201019042146,192.168.1.1/24,89
20201019042148,10.77.1.1/24,9
20201019042149,192.168.1.1/24,7
20201019042150,10.20.30.2/16,67
20201019042151,10.20.30.1/16,7
20201019042152,10.20.30.2/16,-
20201019042153,10.20.30.2/16,13
20201019042154,10.20.30.2/16,72
20201019042155,10.77.1.2/24,2
20201019042156,192.168.1.2/24,5
20201019042157,10.77.1.1/24,9
20201019042159,192.168.1.2/24,2
20201019042200,10.20.30.2/16,8
20201019042201,192.168.1.2/24,64
20201019042202,192.168.1.1/24,6
20201019042203,192.168.1.2/24,2
20201019042204,10.77.1.2/24,12
20201019042205,10.77.1.1/24,9
20201019042206,10.20.30.2/16,4
20201019042207,192.168.1.1/24,25
20201019042208,10.77.1.2/24,4
20201019042209,10.77.1.2/24,1
20201019042210,10.20.30.2/16,9
20201019042212,10.77.1.2/24,6
20201019042213,10.20.30.1/16,1
20201019042214,10.77.1.2/24,3
20201019042215,10.20.30.2/16,-
20201019042216,10.77.1.1/24,8
20201019042218,10.20.30.1/16,20
20201019042219,192.168.1.2/24,-
20201019042220,10.77.1.2/24,60
20201019042221,192.168.1.2/24,53
20201019042222,10.77.1.2/24,2
20201019042223,10.77.1.2/24,3
20201019042224,10.20.30.1/16,7
20201019042226,10.20.30.2/16,5
20201019042227,192.168.1.2/24,2
20201019042229,10.20.30.2/16,-
20201019042231,10.77.1.2/24,21
20201019042233,10.77.1.2/24,-
20201019042234,10.77.1.1/24,-
20201019042235,192.168.1.1/24,-
20201019042236,10.20.30.2/16,2
20201019042237,10.77.1.2/24,3
20201019042238,10.20.30.1/16,2
20201019042239,10.20.30.1/16,8
20201019042240,10.20.30.1/16,-
20201019042241,192.168.1.2/24,86
20201019042242,10.20.30.2/16,-
20201019042243,10.77.1.1/24,6
20201019042244,10.77.1.2/24,7
20201019042246,10.20.30.2/16,3
20201019042247,192.168.1.2/24,1
20201019042248,10.77.1.1/24,2
20201019042249,10.20.30.1/16,3
20201019042250,10.77.1.1/24,7
20201019042251,10.20.30.2/16,6
20201019042253,10.77.1.1/24,2
20201019042255,10.77.1.2/24,11
20201019042256,10.20.30.1/16,82
20201019042257,192.168.1.1/24,92
20201019042258,192.168.1.2/24,34
20201019042259,192.168.1.2/24,-
20201019042301,10.20.30.2/16,-
20201019042302,192.168.1.2/24,21
20201019042303,10.20.30.2/16,23
20201019042304,10.20.30.1/16,-
20201019042305,10.77.1.2/24,62
20201019042307,10.20.30.1/16,-
20201019042308,192.168.1.1/24,-
20201019042310,10.20.30.1/16,8
20201019042311,192.168.1.1/24,2
20201019042312,10.20.30.1/16,1
20201019042314,10.77.1.2/24,2
20201019042315,192.168.1.1/24,2
20201019042316,10.77.1.1/24,38
20201019042317,10.20.30.1/16,-
20201019042319,10.20.30.2/16,8
20201019042320,192.168.1.1/24,6
20201019042322,10.77.1.1/24,8
20201019042323,10.77.1.2/24,-
20201019042324,10.20.30.1/16,-
20201019042325,10.77.1.2/24,7
20201019042326,10.77.1.2/24,9
20201019042327,10.77.1.2/24,9
20201019042328,192.168.1.2/24,-
20201019042329,10.20.30.2/16,9
20201019042330,10.77.1.2/24,68
20201019042331,10.20.30.1/16,73
20201019042333,10.77.1.2/24,-
20201019042334,10.20.30.2/16,-
20201019042335,10.77.1.2/24,-
20201019042336,192.168.1.2/24,-
20201019042337,10.20.30.1/16,5
20201019042338,10.20.30.2/16,38
20201019042339,192.168.1.1/24,6
20201019042340,10.20.30.2/16,-
20201019042342,10.20.30.2/16,49
20201019042343,192.168.1.1/24,9
20201019042344,192.168.1.1/24,7
20201019042345,10.77.1.1/24,4
20201019042346,10.20.30.1/16,-
20201019042347,10.77.1.1/24,6
20201019042349,10.20.30.1/16,-
20201019042350,10.20.30.2/16,34
20201019042351,10.20.30.2/16,5
20201019042352,10.20.30.1/16,4
20201019042354,10.77.1.1/24,13
20201019042355,192.168.1.2/24,-
20201019042356,10.20.30.1/16,3
20201019042357,10.20.30.2/16,4
20201019042358,10.20.30.1/16,5
20201019042400,10.20.30.1/16,21
20201019042402,10.20.30.1/16,91
20201019042403,192.168.1.2/24,6
20201019042404,192.168.1.2/24,41
20201019042405,192.168.1.1/24,6
20201019042406,10.77.1.2/24,6
20201019042407,192.168.1.2/24,58
20201019042408,10.77.1.1/24,2
20201019042409,10.20.30.1/16,-
20201019042411,192.168.1.1/24,1
20201019042412,192.168.1.2/24,5
20201019042414,10.20.30.1/16,2
20201019042415,10.77.1.1/24,83
20201019042417,10.77.1.2/24,-
20201019042418,10.77.1.2/24,91
20201019042419,10.20.30.1/16,6
20201019042421,10.20.30.2/16,4
20201019042423,10.77.1.2/24,2
20201019042425,10.20.30.1/16,4
20201019042426,10.77.1.2/24,6
20201019042427,10.20.30.2/16,-
20201019042428,192.168.1.2/24,7
20201019042429,10.77.1.1/24,3
20201019042430,192.168.1.2/24,-
20201019042431,192.168.1.2/24,-
20201019042432,192.168.1.2/24,10
20201019042433,192.168.1.2/24,7
20201019042434,10.77.1.2/24,6
20201019042436,192.168.1.2/24,4
20201019042437,10.20.30.2/16,17
20201019042438,192.168.1.1/24,8
20201019042440,192.168.1.2/24,3
20201019042441,192.168.1.2/24,1
20201019042442,10.77.1.1/24,1
20201019042443,10.20.30.1/16,84
20201019042444,10.77.1.2/24,7
20201019042446,192.168.1.2/24,-
20201019042447,10.77.1.2/24,-
20201019042449,10.20.30.2/16,27
20201019042450,192.168.1.1/24,4
20201019042452,192.168.1.1/24,16
20201019042453,10.20.30.2/16,1
20201019042455,10.77.1.2/24,29
20201019042456,10.20.30.2/16,6
20201019042457,10.77.1.1/24,19
20201019042458,10.20.30.1/16,8
20201019042459,10.20.30.2/16,16
20201019042500,10.77.1.2/24,22
20201019042501,10.77.1.2/24,-
20201019042503,10.77.1.1/24,3
20201019042504,10.20.30.2/16,8
20201019042505,192.168.1.2/24,13
20201019042506,192.168.1.1/24,6
20201019042507,10.20.30.1/16,7
20201019042508,10.20.30.1/16,8
20201019042509,192.168.1.1/24,-
20201019042510,10.20.30.2/16,16
20201019042511,10.20.30.1/16,3
20201019042512,192.168.1.1/24,-
20201019042514,10.20.30.2/16,7
20201019042515,10.20.30.2/16,85
20201019042516,10.77.1.2/24,2
20201019042517,10.20.30.1/16,6
20201019042518,10.77.1.1/24,-
20201019042519,10.77.1.1/24,6
20201019042521,192.168.1.2/24,5
20201019042522,10.77.1.2/24,9
20201019042524,10.20.30.1/16,-
20201019042526,192.168.1.2/24,14
20201019042527,10.77.1.1/24,9
20201019042528,192.168.1.1/24,7
20201019042529,10.77.1.2/24,10
20201019042530,10.77.1.2/24,22
20201019042532,10.20.30.1/16,41
20201019042533,192.168.1.2/24,9
20201019042534,10.77.1.2/24,-
20201019042535,10.77.1.2/24,14
20201019042536,192.168.1.2/24,9
20201019042537,192.168.1.2/24,57
20201019042538,192.168.1.2/24,2
20201019042540,10.77.1.2/24,9
20201019042542,10.77.1.2/24,-
20201019042543,10.77.1.2/24,1
20201019042544,10.20.30.2/16,18
20201019042545,10.77.1.1/24,7
20201019042546,10.77.1.1/24,5
20201019042547,10.77.1.1/24,2
20201019042548,10.20.30.1/16,-
20201019042549,192.168.1.2/24,-
20201019042551,192.168.1.2/24,19
20201019042552,192.168.1.1/24,6
20201019042553,10.20.30.1/16,38
20201019042554,10.20.30.1/16,4
20201019042556,10.77.1.2/24,2
20201019042558,10.20.30.1/16,84
20201019042559,192.168.1.2/24,5
20201019042600,10.20.30.2/16,-
20201019042602,10.20.30.2/16,-
20201019042603,192.168.1.2/24,3
20201019042604,192.168.1.2/24,1
20201019042605,10.77.1.1/24,55
20201019042607,10.20.30.2/16,4
20201019042608,10.77.1.2/24,7
20201019042609,10.77.1.1/24,82
20201019042610,10.77.1.1/24,-
20201019042611,192.168.1.2/24,-
20201019042612,10.77.1.1/24,4
20201019042613,10.77.1.2/24,59
20201019042614,192.168.1.1/24,-
20201019042615,10.20.30.2/16,-
20201019042616,10.20.30.2/16,3
20201019042617,10.77.1.1/24,49
20201019042618,10.20.30.2/16,8
20201019042619,10.20.30.2/16,5
20201019042620,10.77.1.2/24,97
20201019042621,10.20.30.2/16,-
20201019042623,10.20.30.1/16,3
20201019042624,192.168.1.1/24,13
20201019042625,10.77.1.1/24,36
20201019042626,10.77.1.2/24,8
20201019042627,192.168.1.1/24,-
20201019042628,10.77.1.1/24,24
20201019042630,10.77.1.1/24,-
20201019042631,10.77.1.2/24,16
20201019042632,192.168.1.2/24,5
20201019042633,10.20.30.1/16,1
20201019042634,10.77.1.1/24,4
20201019042635,10.77.1.2/24,-
20201019042637,10.77.1.2/24,28
20201019042638,10.20.30.2/16,1
20201019042639,10.20.30.2/16,8
20201019042640,10.77.1.1/24,19
20201019042641,192.168.1.2/24,98
20201019042642,192.168.1.1/24,4
20201019042643,10.20.30.2/16,-
20201019042644,192.168.1.2/24,99
20201019042645,10.20.30.1/16,2
20201019042646,10.20.30.2/16,2
20201019042648,10.20.30.1/16,-
20201019042649,10.20.30.1/16,1
20201019042650,10.77.1.1/24,-
20201019042652,192.168.1.1/24,-
20201019042653,10.77.1.1/24,9
20201019042655,10.20.30.1/16,-
20201019042657,192.168.1.1/24,1
20201019042658,192.168.1.2/24,5
20201019042700,10.20.30.1/16,4
20201019042701,192.168.1.2/24,-
20201019042703,192.168.1.1/24,3
20201019042704,10.77.1.2/24,-
20201019042705,10.20.30.2/16,1
20201019042706,192.168.1.1/24,7
20201019042707,192.168.1.1/24,22
20201019042708,10.77.1.1/24,14
20201019042709,10.20.30.1/16,1
20201019042710,10.20.30.1/16,91
20201019042711,10.20.30.2/16,7
20201019042712,10.20.30.2/16,9
20201019042713,10.77.1.1/24,1
20201019042714,10.77.1.2/24,7
20201019042715,192.168.1.2/24,-
20201019042716,10.20.30.2/16,2
20201019042717,10.20.30.2/16,9
20201019042718,192.168.1.2/24,55
20201019042719,192.168.1.1/24,4
20201019042720,10.77.1.2/24,14
20201019042721,192.168.1.1/24,3
20201019042722,10.20.30.1/16,7
20201019042723,10.77.1.2/24,35
20201019042725,10.20.30.1/16,17
20201019042726,10.20.30.2/16,-
20201019042727,10.20.30.1/16,1
20201019042729,192.168.1.2/24,-
20201019042730,10.77.1.1/24,4
20201019042732,192.168.1.2/24,8
20201019042734,192.168.1.2/24,13
20201019042735,10.77.1.1/24,7
20201019042737,192.168.1.1/24,1
20201019042738,192.168.1.2/24,3
20201019042739,192.168.1.2/24,65
20201019042740,10.77.1.2/24,-
20201019042742,10.77.1.2/24,-
20201019042743,192.168.1.1/24,-
20201019042744,192.168.1.2/24,9
20201019042745,10.20.30.1/16,8
20201019042746,10.20.30.2/16,1
20201019042747,10.20.30.1/16,31
20201019042749,10.20.30.2/16,6
20201019042750,10.20.30.1/16,8
20201019042752,10.20.30.2/16,1
20201019042753,192.168.1.1/24,-
20201019042754,192.168.1.2/24,5
20201019042755,10.20.30.2/16,-
20201019042756,192.168.1.2/24,38
20201019042758,192.168.1.2/24,8
20201019042759,10.77.1.1/24,65
20201019042800,192.168.1.1/24,-
20201019042801,192.168.1.2/24,3
20201019042802,10.77.1.1/24,7
20201019042803,192.168.1.2/24,7
20201019042804,10.77.1.2/24,-
20201019042805,10.20.30.1/16,9
20201019042806,192.168.1.2/24,3
20201019042807,10.20.30.1/16,-
20201019042808,10.20.30.1/16,38
20201019042809,192.168.1.1/24,2
20201019042810,10.77.1.2/24,1
20201019042812,10.20.30.2/16,3
20201019042813,10.20.30.2/16,9
20201019042814,10.20.30.2/16,9
20201019042815,10.77.1.1/24,4
20201019042816,10.77.1.2/24,19
20201019042818,192.168.1.2/24,8
20201019042819,10.77.1.2/24,50
20201019042821,10.77.1.2/24,23
20201019042822,10.77.1.2/24,7
20201019042823,192.168.1.2/24,99
20201019042824,10.20.30.2/16,8
20201019042825,192.168.1.2/24,-
20201019042826,10.77.1.1/24,7
20201019042827,192.168.1.1/24,4
20201019042828,10.77.1.1/24,7
20201019042829,10.77.1.1/24,1
20201019042831,10.20.30.2/16,39
20201019042832,10.20.30.1/16,-
20201019042834,10.77.1.1/24,3
20201019042835,10.77.1.2/24,-
20201019042836,192.168.1.2/24,-
20201019042837,10.77.1.2/24,-
20201019042838,10.20.30.1/16,3
20201019042839,10.77.1.2/24,6
20201019042840,10.77.1.2/24,3
20201019042841,10.20.30.2/16,-
20201019042842,192.168.1.1/24,-
20201019042843,192.168.1.1/24,5
20201019042844,10.77.1.2/24,-
20201019042845,10.77.1.2/24,7
20201019042846,10.77.1.1/24,1
20201019042847,10.20.30.2/16,92
20201019042848,192.168.1.1/24,97
20201019042849,192.168.1.1/24,10
20201019042850,10.20.30.1/16,8
20201019042852,192.168.1.2/24,9
20201019042853,192.168.1.2/24,91
20201019042854,10.20.30.2/16,-
20201019042855,10.77.1.2/24,-
20201019042856,192.168.1.2/24,-
20201019042858,10.20.30.2/16,82
20201019042859,10.77.1.1/24,5
20201019042900,10.20.30.1/16,2
20201019042901,10.77.1.1/24,4
20201019042903,10.20.30.2/16,4
20201019042904,10.20.30.2/16,2
20201019042906,192.168.1.1/24,-
20201019042907,10.20.30.1/16,-
20201019042908,10.77.1.2/24,5
20201019042909,192.168.1.1/24,7
20201019042910,192.168.1.2/24,34
20201019042911,192.168.1.2/24,-
20201019042912,192.168.1.1/24,7
20201019042914,10.20.30.2/16,4
20201019042915,192.168.1.1/24,6
20201019042916,10.20.30.1/16,5
20201019042917,192.168.1.1/24,3
20201019042918,10.77.1.1/24,1
20201019042919,10.77.1.1/24,-
20201019042920,10.77.1.2/24,2
20201019042922,10.77.1.1/24,5
20201019042923,192.168.1.1/24,59
20201019042925,10.77.1.1/24,1
20201019042926,10.20.30.2/16,-
20201019042927,10.20.30.2/16,6
20201019042928,10.20.30.1/16,4
20201019042929,10.77.1.1/24,42
20201019042930,10.20.30.2/16,74
20201019042931,192.168.1.2/24,8
20201019042932,192.168.1.1/24,-
20201019042933,10.77.1.2/24,3
20201019042934,10.20.30.1/16,8
20201019042935,10.20.30.2/16,-
20201019042937,10.20.30.2/16,87
20201019042938,10.20.30.2/16,60
20201019042939,192.168.1.2/24,11
20201019042941,10.77.1.1/24,35
20201019042942,192.168.1.2/24,13
20201019042943,10.77.1.1/24,6
20201019042944,192.168.1.2/24,37
20201019042945,10.20.30.1/16,12
20201019042946,10.20.30.1/16,1
20201019042948,10.20.30.2/16,4
20201019042950,10.77.1.1/24,-
20201019042951,192.168.1.1/24,2
20201019042952,10.77.1.1/24,54
20201019042953,192.168.1.1/24,7
20201019042955,10.20.30.1/16,-
20201019042957,10.20.30.1/16,4
20201019042959,10.77.1.2/24,4
20201019043001,10.20.30.2/16,98
20201019043002,192.168.1.1/24,1
20201019043003,10.20.30.2/16,-
20201019043004,192.168.1.1/24,-
20201019043005,192.168.1.1/24,5
20201019043006,10.77.1.2/24,5
20201019043007,10.77.1.2/24,61
20201019043008,192.168.1.2/24,-
20201019043009,192.168.1.2/24,10
20201019043010,10.20.30.2/16,-
20201019043011,192.168.1.2/24,9
20201019043013,10.77.1.2/24,76
20201019043014,10.77.1.2/24,76
20201019043016,10.20.30.2/16,8
20201019043017,192.168.1.2/24,-
20201019043019,10.20.30.1/16,4
20201019043020,10.20.30.2/16,1
20201019043021,10.77.1.2/24,-
20201019043023,192.168.1.1/24,1
20201019043024,10.77.1.1/24,-
20201019043025,10.20.30.2/16,6
20201019043026,10.77.1.1/24,5
20201019043028,10.20.30.1/16,4
20201019043029,10.77.1.2/24,71
20201019043030,10.77.1.1/24,7
20201019043031,10.77.1.2/24,-
20201019043032,192.168.1.2/24,5
20201019043034,192.168.1.2/24,-
20201019043035,10.20.30.2/16,4
20201019043036,192.168.1.2/24,9
20201019043037,10.20.30.1/16,9
20201019043038,10.77.1.2/24,-
20201019043039,10.77.1.1/24,-
20201019043040,192.168.1.1/24,4
20201019043042,10.20.30.2/16,2
20201019043044,10.20.30.1/16,53
20201019043045,10.20.30.2/16,2
20201019043046,10.20.30.2/16,5
20201019043047,10.20.30.2/16,4
20201019043049,10.77.1.2/24,51
20201019043050,10.20.30.2/16,9
20201019043051,192.168.1.2/24,31
20201019043053,192.168.1.2/24,2
20201019043054,10.77.1.2/24,19
20201019043055,10.20.30.1/16,-
20201019043057,192.168.1.2/24,69
20201019043059,10.77.1.1/24,7
20201019043101,10.20.30.1/16,6
20201019043102,192.168.1.2/24,3
20201019043103,10.20.30.2/16,8
20201019043104,192.168.1.2/24,4
20201019043105,192.168.1.2/24,1
20201019043106,10.77.1.2/24,-
20201019043107,10.20.30.1/16,6
20201019043108,10.20.30.1/16,3
20201019043109,192.168.1.1/24,7
20201019043110,192.168.1.2/24,4
20201019043111,10.20.30.1/16,7
20201019043112,10.77.1.1/24,3
20201019043113,10.77.1.2/24,-
20201019043114,10.77.1.1/24,-
20201019043116,10.77.1.1/24,-
20201019043117,10.20.30.1/16,9
20201019043118,192.168.1.1/24,-
20201019043119,10.77.1.1/24,82
20201019043121,192.168.1.2/24,50
20201019043122,10.77.1.2/24,-
20201019043123,192.168.1.1/24,-
20201019043125,192.168.1.2/24,2
20201019043126,10.20.30.2/16,25
20201019043127,10.20.30.1/16,5
20201019043128,192.168.1.1/24,1
20201019043129,10.77.1.1/24,-
20201019043130,192.168.1.2/24,22
20201019043131,10.77.1.1/24,55
20201019043132,192.168.1.1/24,-
20201019043133,192.168.1.2/24,53
20201019043134,10.20.30.2/16,-
20201019043135,10.20.30.1/16,17
20201019043137,10.77.1.2/24,8
20201019043138,10.20.30.1/16,5
20201019043140,192.168.1.2/24,8
20201019043142,192.168.1.1/24,-
20201019043143,10.20.30.1/16,2
20201019043144,10.77.1.2/24,5
20201019043145,10.20.30.1/16,36
20201019043146,10.20.30.2/16,5
20201019043147,10.77.1.1/24,2
20201019043148,10.20.30.2/16,5
20201019043149,192.168.1.1/24,-
20201019043150,10.77.1.2/24,37
20201019043151,10.20.30.1/16,-
20201019043152,192.168.1.1/24,-
20201019043153,10.77.1.2/24,14
20201019043154,192.168.1.1/24,4
20201019043156,192.168.1.2/24,3
20201019043157,10.77.1.2/24,3
20201019043158,192.168.1.1/24,5
20201019043200,10.77.1.1/24,4
20201019043201,10.20.30.2/16,8
20201019043202,192.168.1.2/24,6
20201019043203,192.168.1.2/24,9
20201019043204,192.168.1.2/24,81
20201019043205,192.168.1.1/24,7
20201019043206,192.168.1.2/24,5
20201019043207,10.77.1.1/24,1
20201019043208,10.77.1.1/24,5
20201019043209,192.168.1.1/24,-
20201019043211,192.168.1.1/24,12
20201019043212,10.20.30.2/16,9
20201019043214,10.77.1.2/24,2
20201019043215,192.168.1.2/24,3
20201019043216,10.20.30.2/16,50
20201019043217,10.77.1.1/24,2
20201019043218,10.20.30.1/16,-
20201019043219,10.20.30.1/16,69
20201019043220,192.168.1.1/24,6
20201019043221,10.77.1.1/24,-
20201019043223,10.77.1.2/24,1
20201019043224,10.20.30.1/16,76
20201019043226,192.168.1.1/24,26
20201019043228,192.168.1.2/24,51
20201019043230,10.77.1.1/24,9
20201019043231,10.77.1.1/24,3
20201019043232,10.77.1.2/24,6
20201019043233,192.168.1.2/24,2
20201019043234,192.168.1.2/24,-
20201019043235,10.20.30.1/16,24
20201019043236,192.168.1.1/24,5
20201019043237,192.168.1.2/24,9
20201019043238,10.20.30.2/16,6
20201019043239,192.168.1.1/24,7
20201019043240,10.77.1.1/24,8
20201019043241,192.168.1.1/24,22
20201019043243,10.20.30.2/16,5
20201019043244,10.77.1.1/24,3
20201019043245,10.20.30.2/16,61
20201019043247,10.77.1.1/24,41
20201019043248,192.168.1.1/24,9
20201019043249,192.168.1.1/24,8
20201019043250,192.168.1.1/24,3
20201019043251,10.77.1.2/24,7
20201019043252,10.77.1.1/24,3
20201019043253,10.20.30.1/16,8
20201019043254,10.77.1.1/24,49
20201019043255,10.77.1.1/24,9
20201019043256,10.20.30.1/16,-
20201019043257,10.20.30.1/16,7
20201019043258,10.20.30.2/16,20
20201019043259,10.20.30.2/16,20
20201019043300,10.77.1.1/24,68
20201019043302,10.20.30.2/16,-
20201019043303,192.168.1.2/24,-
20201019043304,10.77.1.1/24,5
20201019043306,10.20.30.2/16,9
20201019043307,192.168.1.1/24,-
20201019043308,10.77.1.1/24,10
20201019043309,192.168.1.2/24,61
20201019043311,10.20.30.1/16,2
20201019043312,192.168.1.1/24,54
20201019043313,192.168.1.2/24,-
20201019043314,192.168.1.1/24,3
20201019043315,10.77.1.2/24,41
20201019043316,10.20.30.2/16,1
20201019043317,192.168.1.2/24,2
20201019043318,10.77.1.1/24,38
20201019043319,192.168.1.2/24,33
20201019043320,192.168.1.1/24,9
20201019043321,192.168.1.2/24,-
20201019043322,10.77.1.2/24,4
20201019043323,192.168.1.2/24,9
20201019043324,192.168.1.1/24,7
20201019043325,10.77.1.2/24,4
20201019043326,10.20.30.1/16,9
20201019043327,10.77.1.1/24,38
20201019043328,10.20.30.1/16,0
20201019043330,10.20.30.2/16,8
20201019043331,10.77.1.2/24,-
20201019043332,10.20.30.1/16,5
20201019043333,10.20.30.1/16,43
20201019043334,10.77.1.1/24,-
20201019043335,192.168.1.2/24,9
20201019043336,10.77.1.1/24,14
20201019043337,10.20.30.1/16,12
20201019043338,192.168.1.2/24,-
20201019043340,10.20.30.1/16,-
20201019043341,192.168.1.1/24,6
20201019043342,10.20.30.1/16,7
20201019043344,10.20.30.2/16,7
20201019043345,10.77.1.2/24,-
20201019043346,192.168.1.2/24,91
20201019043347,192.168.1.2/24,4
20201019043349,192.168.1.2/24,4
20201019043350,192.168.1.1/24,8
20201019043351,10.20.30.1/16,3
20201019043352,192.168.1.2/24,5
20201019043354,10.20.30.1/16,3
20201019043356,10.20.30.2/16,-
20201019043357,192.168.1.1/24,6
20201019043358,192.168.1.2/24,-
20201019043359,10.20.30.2/16,41
20201019043401,10.77.1.1/24,6
20201019043402,192.168.1.1/24,41
20201019043403,10.77.1.1/24,-
20201019043404,10.77.1.2/24,3
20201019043405,10.20.30.1/16,7
20201019043407,10.20.30.2/16,4
20201019043409,10.77.1.1/24,9
20201019043410,10.20.30.1/16,56
20201019043411,192.168.1.1/24,15
20201019043412,192.168.1.1/24,-
20201019043413,10.77.1.2/24,70
20201019043414,10.77.1.2/24,-
20201019043416,10.77.1.1/24,51
20201019043417,10.77.1.1/24,-
20201019043418,192.168.1.2/24,9
20201019043420,10.77.1.2/24,-
20201019043421,10.77.1.2/24,8
20201019043422,10.20.30.2/16,-
20201019043424,10.20.30.1/16,-
20201019043425,192.168.1.1/24,7
20201019043426,10.20.30.2/16,-
20201019043427,10.77.1.1/24,84
20201019043428,192.168.1.2/24,37
20201019043429,10.20.30.1/16,9
20201019043430,10.77.1.1/24,17
20201019043431,10.20.30.1/16,-
20201019043432,10.20.30.2/16,8
20201019043433,10.20.30.2/16,5
20201019043434,10.20.30.1/16,8
20201019043435,10.20.30.2/16,6
20201019043436,192.168.1.1/24,-
20201019043437,192.168.1.1/24,87
20201019043438,10.77.1.2/24,31
20201019043439,10.77.1.2/24,8
20201019043440,10.20.30.1/16,4
20201019043441,192.168.1.1/24,-
20201019043442,192.168.1.2/24,3
20201019043443,192.168.1.1/24,-
20201019043444,10.20.30.1/16,2
20201019043445,10.77.1.1/24,-
20201019043446,192.168.1.1/24,-
20201019043447,10.20.30.2/16,1
20201019043448,192.168.1.1/24,-
20201019043449,10.77.1.2/24,8
20201019043450,192.168.1.2/24,-
20201019043451,10.20.30.1/16,2
20201019043452,10.77.1.2/24,20
20201019043453,10.77.1.2/24,-
20201019043454,10.77.1.2/24,-
20201019043455,192.168.1.1/24,6
20201019043456,10.77.1.1/24,3
20201019043457,10.20.30.2/16,17
20201019043458,192.168.1.2/24,33
20201019043459,192.168.1.2/24,58
20201019043500,10.20.30.1/16,93
20201019043502,10.20.30.2/16,-
20201019043503,10.77.1.1/24,28
20201019043504,10.20.30.1/16,5
20201019043505,10.77.1.1/24,6
20201019043506,10.20.30.1/16,45
20201019043507,10.20.30.1/16,-
20201019043509,10.20.30.1/16,4
20201019043510,192.168.1.2/24,9
20201019043511,10.20.30.1/16,8
20201019043512,10.77.1.2/24,17
20201019043513,10.77.1.1/24,13
20201019043514,10.20.30.1/16,-
20201019043515,10.20.30.1/16,3
20201019043516,192.168.1.1/24,2
20201019043517,10.20.30.2/16,9
20201019043518,10.20.30.1/16,3
20201019043519,10.20.30.1/16,15
20201019043520,10.77.1.2/24,-
20201019043521,10.20.30.2/16,-
20201019043522,192.168.1.2/24,38
20201019043523,192.168.1.1/24,-
20201019043524,192.168.1.2/24,7
20201019043526,10.77.1.1/24,6
20201019043527,10.77.1.2/24,8
20201019043529,10.77.1.1/24,8
20201019043531,10.77.1.1/24,7
20201019043533,10.77.1.2/24,6
20201019043534,192.168.1.2/24,1
20201019043535,10.20.30.2/16,9
20201019043536,192.168.1.1/24,4
20201019043537,10.77.1.1/24,11
20201019043538,192.168.1.1/24,3
20201019043539,10.20.30.2/16,8
20201019043540,10.77.1.1/24,16
20201019043542,10.77.1.2/24,8
20201019043543,10.20.30.2/16,9
20201019043544,192.168.1.2/24,-
20201019043545,10.77.1.2/24,3
20201019043546,192.168.1.2/24,8
20201019043547,10.20.30.1/16,58
20201019043548,192.168.1.2/24,-
20201019043549,192.168.1.1/24,9
20201019043551,10.77.1.2/24,12
20201019043552,192.168.1.2/24,6
20201019043554,192.168.1.1/24,6
20201019043555,192.168.1.1/24,-
20201019043556,192.168.1.1/24,9
20201019043557,10.20.30.2/16,2
20201019043559,192.168.1.1/24,-
20201019043600,10.77.1.2/24,5
20201019043602,10.20.30.2/16,-
20201019043603,192.168.1.2/24,84
20201019043604,192.168.1.2/24,5
20201019043606,10.77.1.2/24,8
20201019043607,10.20.30.2/16,9
20201019043608,10.77.1.1/24,-
20201019043609,192.168.1.2/24,62
20201019043610,192.168.1.1/24,-
20201019043611,10.20.30.1/16,-
20201019043612,192.168.1.1/24,7
20201019043613,10.20.30.2/16,28
20201019043614,192.168.1.1/24,-
20201019043615,192.168.1.2/24,8
20201019043616,192.168.1.2/24,7
20201019043617,192.168.1.1/24,-
20201019043618,10.77.1.2/24,-
20201019043619,192.168.1.2/24,58
20201019043620,192.168.1.2/24,8
20201019043621,192.168.1.1/24,7
20201019043622,192.168.1.2/24,5
20201019043624,10.20.30.2/16,3
20201019043625,10.77.1.2/24,6
20201019043626,10.77.1.1/24,-
20201019043627,192.168.1.1/24,93
20201019043629,10.77.1.2/24,93
20201019043630,10.20.30.2/16,65
20201019043631,10.20.30.2/16,8
20201019043632,192.168.1.2/24,-
20201019043633,192.168.1.1/24,-
20201019043634,192.168.1.2/24,88
20201019043636,10.20.30.2/16,4
20201019043638,192.168.1.1/24,9
20201019043639,192.168.1.2/24,-
20201019043641,10.77.1.2/24,88
20201019043642,10.77.1.2/24,-
20201019043643,10.77.1.2/24,-
20201019043644,10.77.1.2/24,2
20201019043645,10.77.1.1/24,37
20201019043647,10.77.1.1/24,-
20201019043648,10.77.1.2/24,97
20201019043649,192.168.1.1/24,-
20201019043650,192.168.1.1/24,57
20201019043652,10.77.1.1/24,3
20201019043653,10.77.1.1/24,23
20201019043654,192.168.1.1/24,7
20201019043655,10.20.30.2/16,66
20201019043657,10.77.1.1/24,-
20201019043658,10.77.1.2/24,4
20201019043700,10.77.1.1/24,29
20201019043701,192.168.1.2/24,9
20201019043702,10.20.30.2/16,-
20201019043703,192.168.1.2/24,4
20201019043704,10.20.30.2/16,-
20201019043705,10.20.30.2/16,1
20201019043706,10.77.1.1/24,5
20201019043708,192.168.1.2/24,1
20201019043709,10.77.1.1/24,-
20201019043710,10.77.1.2/24,34
20201019043712,10.77.1.1/24,3
20201019043713,192.168.1.2/24,23
20201019043714,10.77.1.1/24,-
20201019043715,10.77.1.2/24,-
20201019043716,192.168.1.1/24,23
20201019043717,10.77.1.2/24,41
20201019043718,192.168.1.2/24,60
20201019043719,192.168.1.1/24,8
20201019043721,192.168.1.2/24,6
20201019043722,192.168.1.1/24,21
20201019043723,10.77.1.1/24,7
20201019043724,192.168.1.1/24,8
20201019043725,10.20.30.1/16,4
20201019043726,192.168.1.2/24,4
20201019043727,10.77.1.1/24,6
20201019043728,192.168.1.1/24,3
20201019043729,10.20.30.2/16,3
20201019043730,10.77.1.1/24,-
20201019043731,10.20.30.1/16,1
20201019043733,10.77.1.1/24,-
20201019043735,192.168.1.1/24,70
20201019043736,192.168.1.2/24,-
20201019043737,10.77.1.2/24,62
20201019043738,10.20.30.2/16,69
20201019043740,192.168.1.1/24,40
20201019043741,10.77.1.2/24,-
20201019043743,192.168.1.1/24,10
20201019043744,10.20.30.2/16,31
20201019043745,10.77.1.2/24,95
20201019043747,10.77.1.1/24,37
20201019043748,192.168.1.1/24,-
20201019043749,10.77.1.2/24,22
20201019043750,10.77.1.1/24,15
20201019043751,10.77.1.1/24,28
20201019043752,10.77.1.2/24,2
20201019043754,10.20.30.2/16,6
20201019043755,10.20.30.2/16,9
20201019043756,192.168.1.1/24,-
20201019043758,10.77.1.2/24,48
20201019043759,192.168.1.1/24,16
20201019043801,192.168.1.1/24,90
20201019043803,10.20.30.2/16,72
20201019043804,192.168.1.1/24,9
20201019043805,192.168.1.1/24,3
20201019043806,10.20.30.2/16,-
20201019043807,192.168.1.1/24,2
20201019043808,192.168.1.1/24,9
20201019043809,192.168.1.1/24,14
20201019043810,10.77.1.1/24,10
20201019043811,192.168.1.1/24,4
20201019043812,10.77.1.1/24,-
20201019043813,192.168.1.1/24,13
20201019043814,10.20.30.2/16,13
20201019043815,10.20.30.1/16,5
20201019043817,192.168.1.1/24,-
20201019043818,192.168.1.1/24,21
20201019043819,192.168.1.2/24,9
20201019043820,192.168.1.1/24,-
20201019043822,10.77.1.2/24,75
20201019043823,192.168.1.2/24,9
20201019043824,192.168.1.2/24,10
20201019043826,10.77.1.1/24,5
20201019043828,192.168.1.1/24,3
20201019043830,192.168.1.1/24,-
20201019043831,10.77.1.1/24,7
20201019043832,10.77.1.1/24,19
20201019043833,192.168.1.1/24,6
20201019043834,10.20.30.2/16,-
20201019043835,10.77.1.1/24,8
20201019043836,10.77.1.2/24,5
20201019043837,10.20.30.1/16,12
20201019043839,10.20.30.2/16,5
20201019043841,10.20.30.2/16,94
20201019043842,10.77.1.1/24,-
20201019043843,10.20.30.1/16,2
20201019043844,192.168.1.1/24,12
20201019043846,10.20.30.1/16,-
20201019043847,192.168.1.1/24,9
20201019043849,192.168.1.2/24,5
20201019043850,10.20.30.1/16,4
20201019043851,10.20.30.1/16,9
20201019043853,10.77.1.1/24,2
20201019043854,10.20.30.1/16,17
20201019043855,10.77.1.1/24,9
20201019043856,192.168.1.2/24,3
20201019043857,192.168.1.2/24,7
20201019043858,10.77.1.2/24,6
20201019043859,10.77.1.1/24,3
20201019043900,10.77.1.1/24,6
20201019043901,192.168.1.2/24,9
20201019043902,10.77.1.2/24,52
20201019043903,10.77.1.1/24,-
20201019043904,192.168.1.1/24,-
20201019043905,10.77.1.2/24,-
20201019043906,10.77.1.2/24,16
20201019043907,10.20.30.1/16,19
20201019043908,10.20.30.1/16,20
20201019043909,10.77.1.2/24,-
20201019043910,192.168.1.2/24,9
20201019043911,10.77.1.2/24,16
20201019043912,192.168.1.2/24,-
20201019043913,10.20.30.1/16,61
20201019043915,10.77.1.2/24,73
20201019043916,192.168.1.1/24,19
20201019043917,10.77.1.1/24,4
20201019043918,10.77.1.1/24,3
20201019043919,10.77.1.2/24,51
20201019043920,10.20.30.2/16,-
20201019043921,192.168.1.2/24,-
20201019043922,192.168.1.1/24,3
20201019043923,192.168.1.1/24,9
20201019043924,10.77.1.1/24,3
20201019043926,10.20.30.1/16,-
20201019043927,10.20.30.2/16,20
20201019043929,10.20.30.2/16,4
20201019043931,10.20.30.1/16,7
20201019043932,10.20.30.1/16,-
20201019043933,192.168.1.2/24,22
20201019043934,10.77.1.2/24,5
20201019043935,192.168.1.2/24,82
20201019043937,10.77.1.1/24,7
20201019043938,10.77.1.1/24,17
20201019043939,10.20.30.2/16,-
20201019043941,192.168.1.2/24,5
20201019043942,10.20.30.2/16,2
20201019043943,10.20.30.1/16,22
20201019043944,10.77.1.2/24,53
20201019043945,192.168.1.2/24,4
20201019043946,10.20.30.1/16,25
20201019043948,10.20.30.1/16,-
20201019043950,10.20.30.1/16,-
20201019043951,10.77.1.2/24,-
20201019043952,10.77.1.1/24,15
20201019043954,10.77.1.2/24,8
20201019043955,192.168.1.2/24,9
20201019043956,10.77.1.2/24,-
20201019043958,10.20.30.1/16,4
20201019043959,192.168.1.2/24,2
20201019044000,10.20.30.1/16,2
20201019044002,10.77.1.2/24,49
20201019044003,10.20.30.1/16,3
20201019044004,10.20.30.1/16,5
20201019044005,10.77.1.1/24,1
20201019044006,10.77.1.1/24,3
20201019044007,10.77.1.1/24,3
20201019044008,10.20.30.1/16,9
20201019044009,10.77.1.1/24,69
20201019044010,10.77.1.1/24,87
20201019044011,192.168.1.2/24,1
20201019044012,192.168.1.1/24,7
20201019044013,10.77.1.1/24,8
20201019044014,192.168.1.1/24,1
20201019044016,192.168.1.2/24,16
20201019044018,192.168.1.2/24,5
20201019044019,10.20.30.1/16,1
20201019044020,10.77.1.1/24,-
20201019044021,192.168.1.1/24,8
20201019044022,192.168.1.2/24,7
20201019044023,192.168.1.2/24,7
20201019044024,192.168.1.1/24,13
20201019044025,10.20.30.2/16,53
20201019044026,10.77.1.1/24,43
20201019044027,10.20.30.1/16,3
20201019044029,192.168.1.1/24,-
20201019044031,10.20.30.1/16,13
20201019044032,192.168.1.1/24,-
20201019044033,10.77.1.1/24,1
20201019044034,10.77.1.1/24,7
20201019044035,10.20.30.1/16,71
20201019044036,10.20.30.1/16,-
20201019044037,10.20.30.1/16,77
20201019044038,10.20.30.2/16,-
20201019044040,10.77.1.2/24,4
20201019044041,10.20.30.1/16,11
20201019044043,10.77.1.2/24,21
20201019044045,10.77.1.1/24,-
20201019044047,10.20.30.1/16,6
20201019044048,10.77.1.1/24,-
20201019044049,10.77.1.1/24,1
20201019044050,192.168.1.2/24,4
20201019044052,192.168.1.2/24,70
20201019044053,10.77.1.2/24,17
20201019044055,10.77.1.2/24,9
20201019044056,192.168.1.2/24,2
20201019044058,10.20.30.2/16,9
20201019044059,10.20.30.1/16,3
20201019044100,10.77.1.1/24,15
20201019044101,10.20.30.1/16,9
20201019044102,10.77.1.2/24,-
20201019044103,192.168.1.1/24,19
20201019044104,10.20.30.2/16,93
20201019044106,10.77.1.2/24,7
20201019044107,10.20.30.1/16,20
20201019044108,192.168.1.1/24,4
20201019044109,192.168.1.2/24,41
20201019044110,192.168.1.1/24,3
20201019044111,10.77.1.2/24,8
20201019044113,10.20.30.1/16,25
20201019044114,10.20.30.1/16,2
20201019044115,10.77.1.2/24,8
20201019044116,10.20.30.1/16,-
20201019044117,10.20.30.1/16,-
20201019044118,192.168.1.2/24,2
20201019044119,10.77.1.2/24,-
20201019044120,10.20.30.1/16,2
20201019044121,10.20.30.1/16,-
20201019044123,10.77.1.1/24,5
20201019044124,10.20.30.2/16,4
20201019044125,10.20.30.2/16,90
20201019044126,10.20.30.2/16,5
20201019044127,10.20.30.1/16,2
20201019044128,192.168.1.1/24,-
20201019044129,10.77.1.1/24,-
20201019044130,10.20.30.2/16,8
20201019044131,10.20.30.2/16,8
20201019044132,10.20.30.2/16,8
20201019044133,10.20.30.1/16,4
20201019044134,192.168.1.2/24,-
20201019044136,10.77.1.2/24,-
20201019044137,10.77.1.1/24,12
20201019044138,10.77.1.2/24,5
20201019044139,10.20.30.1/16,38
20201019044140,10.20.30.1/16,3
20201019044141,10.20.30.2/16,43
20201019044142,10.20.30.2/16,62
20201019044143,10.77.1.2/24,2
20201019044144,10.20.30.1/16,-
20201019044145,10.77.1.1/24,9
20201019044146,10.77.1.1/24,-
20201019044147,192.168.1.2/24,6
20201019044149,192.168.1.2/24,70
20201019044150,192.168.1.1/24,1
20201019044151,192.168.1.1/24,9
20201019044152,192.168.1.1/24,21
20201019044153,10.20.30.1/16,2
20201019044154,192.168.1.2/24,6
20201019044155,10.20.30.1/16,9
20201019044156,10.20.30.2/16,-
20201019044157,10.77.1.2/24,1
20201019044158,192.168.1.1/24,-
20201019044159,192.168.1.1/24,14
20201019044200,192.168.1.2/24,5
20201019044201,10.20.30.2/16,13
20201019044203,10.20.30.1/16,7
20201019044204,10.77.1.2/24,7
20201019044205,10.77.1.1/24,1
20201019044206,10.77.1.1/24,11
20201019044207,10.20.30.1/16,50
20201019044208,10.20.30.2/16,34
20201019044210,10.20.30.1/16,7
20201019044212,192.168.1.1/24,7
20201019044213,10.20.30.1/16,3
20201019044214,10.77.1.2/24,4
20201019044216,192.168.1.1/24,25
20201019044217,10.20.30.1/16,3
20201019044219,192.168.1.1/24,43
20201019044220,192.168.1.2/24,4
20201019044222,10.20.30.1/16,-
20201019044223,10.77.1.2/24,9
20201019044224,10.77.1.2/24,5
20201019044225,10.77.1.1/24,5
20201019044227,10.20.30.1/16,7
20201019044228,10.77.1.2/24,8
20201019044229,10.77.1.1/24,67
20201019044231,10.77.1.1/24,4
20201019044232,10.77.1.2/24,7
20201019044234,10.77.1.1/24,3
20201019044235,10.77.1.1/24,22
20201019044236,192.168.1.1/24,8
20201019044238,192.168.1.2/24,42
20201019044239,192.168.1.2/24,6
20201019044240,10.77.1.1/24,1
20201019044241,10.77.1.1/24,8
20201019044243,10.77.1.2/24,11
20201019044244,10.20.30.1/16,15
20201019044245,192.168.1.2/24,79
20201019044246,192.168.1.1/24,1
20201019044247,10.77.1.2/24,8
20201019044249,10.77.1.2/24,-
20201019044251,192.168.1.1/24,45
20201019044252,10.20.30.1/16,9
20201019044253,192.168.1.1/24,9
20201019044254,10.20.30.2/16,4
20201019044255,10.20.30.1/16,64
20201019044256,10.77.1.1/24,6
20201019044257,192.168.1.1/24,6
20201019044258,192.168.1.2/24,90
20201019044259,192.168.1.1/24,1
20201019044300,192.168.1.1/24,-
20201019044301,10.77.1.2/24,2
20201019044302,192.168.1.2/24,2
20201019044303,10.20.30.1/16,4
20201019044305,192.168.1.2/24,4
20201019044307,192.168.1.1/24,4
20201019044309,10.77.1.1/24,5
20201019044310,10.77.1.1/24,15
20201019044311,192.168.1.2/24,6
20201019044312,10.20.30.2/16,-
20201019044313,10.20.30.2/16,5
20201019044314,10.20.30.1/16,2
20201019044315,10.77.1.1/24,6
20201019044316,10.77.1.2/24,3
20201019044317,10.20.30.1/16,5
20201019044318,10.20.30.2/16,-
20201019044320,10.77.1.2/24,-
20201019044321,192.168.1.1/24,29
20201019044322,10.20.30.2/16,-
20201019044324,192.168.1.2/24,4
20201019044325,10.77.1.2/24,-
20201019044326,10.20.30.1/16,90
20201019044327,192.168.1.2/24,22
20201019044328,10.20.30.1/16,-
20201019044330,10.77.1.1/24,-
20201019044331,192.168.1.2/24,52
20201019044333,10.77.1.1/24,43
20201019044334,10.20.30.1/16,27
20201019044335,10.77.1.1/24,63
20201019044337,10.20.30.2/16,9
20201019044338,10.77.1.1/24,3
20201019044340,10.77.1.2/24,2
20201019044341,192.168.1.2/24,8
20201019044343,10.77.1.1/24,-
20201019044345,10.20.30.2/16,25
20201019044346,192.168.1.2/24,-
20201019044347,10.77.1.2/24,1
20201019044348,10.77.1.1/24,-
20201019044349,10.77.1.1/24,7
20201019044350,10.20.30.2/16,-
20201019044352,10.77.1.1/24,1
20201019044353,10.20.30.2/16,9
20201019044354,192.168.1.1/24,46
20201019044355,10.20.30.1/16,-
20201019044356,10.20.30.2/16,2
20201019044358,10.20.30.2/16,-
20201019044359,192.168.1.2/24,23
20201019044400,10.77.1.1/24,1
20201019044401,192.168.1.2/24,97
20201019044402,192.168.1.1/24,46
20201019044403,192.168.1.2/24,9
20201019044404,192.168.1.1/24,18
20201019044405,192.168.1.1/24,-
20201019044406,192.168.1.1/24,7
20201019044408,192.168.1.1/24,-
20201019044409,192.168.1.2/24,4
20201019044410,192.168.1.1/24,61
20201019044411,192.168.1.2/24,3
20201019044412,192.168.1.1/24,3
20201019044413,192.168.1.2/24,4
20201019044414,192.168.1.2/24,-
20201019044415,10.77.1.1/24,69
20201019044417,10.77.1.2/24,2
20201019044418,192.168.1.2/24,6
20201019044419,10.20.30.1/16,3
20201019044421,10.20.30.2/16,1
20201019044422,192.168.1.1/24,-
20201019044424,192.168.1.2/24,6
20201019044425,10.20.30.1/16,6
20201019044427,10.20.30.2/16,3
20201019044428,10.20.30.2/16,1
20201019044429,192.168.1.2/24,3
20201019044431,10.77.1.1/24,-
20201019044432,192.168.1.2/24,5
20201019044433,10.77.1.1/24,7
20201019044434,10.20.30.1/16,56
20201019044435,10.20.30.1/16,52
20201019044437,10.77.1.2/24,-
20201019044438,10.20.30.1/16,-
20201019044439,192.168.1.1/24,3
20201019044441,192.168.1.1/24,7
20201019044442,192.168.1.1/24,10
20201019044443,10.20.30.1/16,9
20201019044444,10.20.30.2/16,-
20201019044446,10.77.1.2/24,1
20201019044447,10.77.1.2/24,4
20201019044449,10.77.1.1/24,7
20201019044451,10.20.30.1/16,-
20201019044452,192.168.1.2/24,3
20201019044453,192.168.1.1/24,6
20201019044454,10.20.30.2/16,1
20201019044455,192.168.1.1/24,4
20201019044456,10.20.30.2/16,3
20201019044457,192.168.1.2/24,78
20201019044458,10.20.30.1/16,-
20201019044500,192.168.1.2/24,8
20201019044501,192.168.1.1/24,5
20201019044502,192.168.1.1/24,13
20201019044504,10.77.1.2/24,3
20201019044505,192.168.1.1/24,-
20201019044507,10.77.1.1/24,6
20201019044508,10.77.1.1/24,-
20201019044510,10.77.1.2/24,3
20201019044511,192.168.1.1/24,-
20201019044512,10.20.30.2/16,8
20201019044513,10.20.30.2/16,31
20201019044514,192.168.1.1/24,1
20201019044515,10.20.30.1/16,-
20201019044516,192.168.1.1/24,6
20201019044517,10.20.30.2/16,-
20201019044518,192.168.1.2/24,9
20201019044520,192.168.1.2/24,8
20201019044521,10.20.30.2/16,9
20201019044522,10.77.1.1/24,3
20201019044524,10.77.1.1/24,42
20201019044525,10.77.1.1/24,-
20201019044526,10.77.1.1/24,7
20201019044528,10.77.1.2/24,9
20201019044530,10.77.1.2/24,77
20201019044531,10.77.1.1/24,2
20201019044533,10.77.1.1/24,12
20201019044534,192.168.1.1/24,80
20201019044535,192.168.1.2/24,9
20201019044536,10.77.1.1/24,2
20201019044537,192.168.1.1/24,26
20201019044538,10.77.1.1/24,8
20201019044539,192.168.1.1/24,5
20201019044540,10.20.30.2/16,74
20201019044541,10.77.1.2/24,46
20201019044543,10.77.1.2/24,1
20201019044544,192.168.1.1/24,-
20201019044545,10.77.1.1/24,98
20201019044546,10.77.1.1/24,1
20201019044547,10.20.30.1/16,-
20201019044548,192.168.1.2/24,53
20201019044549,10.77.1.1/24,8
20201019044550,10.77.1.2/24,2
20201019044551,10.20.30.2/16,-
20201019044552,192.168.1.2/24,4
20201019044553,192.168.1.1/24,7
20201019044554,192.168.1.2/24,54
20201019044555,10.20.30.2/16,2
20201019044556,10.20.30.2/16,-
20201019044558,10.20.30.1/16,-
20201019044559,10.20.30.1/16,1
20201019044600,10.20.30.1/16,8
20201019044601,10.77.1.1/24,2
20201019044602,10.20.30.1/16,-
20201019044604,10.77.1.1/24,1
20201019044605,10.77.1.1/24,1
20201019044607,10.20.30.2/16,18
20201019044608,10.20.30.1/16,6
20201019044610,192.168.1.1/24,18
20201019044611,10.20.30.2/16,41
20201019044612,10.20.30.1/16,6
20201019044613,192.168.1.1/24,-
20201019044615,10.20.30.1/16,71
20201019044617,192.168.1.1/24,9
20201019044618,192.168.1.2/24,-
20201019044619,192.168.1.1/24,1
20201019044621,10.20.30.1/16,-
20201019044622,10.77.1.2/24,8
20201019044624,192.168.1.2/24,-
20201019044625,10.20.30.2/16,7
20201019044626,10.77.1.2/24,22
20201019044628,192.168.1.1/24,8
20201019044629,192.168.1.1/24,94
20201019044630,10.77.1.2/24,8
20201019044631,10.77.1.2/24,-
20201019044632,192.168.1.1/24,6
20201019044633,10.20.30.2/16,35
20201019044635,10.20.30.1/16,8
20201019044637,10.77.1.1/24,-
20201019044638,192.168.1.1/24,43
20201019044639,192.168.1.1/24,-
20201019044640,10.20.30.1/16,6
20201019044641,192.168.1.2/24,8
20201019044642,192.168.1.1/24,3
20201019044643,192.168.1.1/24,-
20201019044645,10.77.1.1/24,11
20201019044647,192.168.1.2/24,6
20201019044648,192.168.1.2/24,-
20201019044649,192.168.1.2/24,-
20201019044650,192.168.1.1/24,6
20201019044651,192.168.1.1/24,41
20201019044653,192.168.1.1/24,-
20201019044654,10.77.1.1/24,8
20201019044655,192.168.1.2/24,-
20201019044656,10.77.1.2/24,2
20201019044658,10.77.1.2/24,99
20201019044700,10.77.1.1/24,7
20201019044701,192.168.1.2/24,6
20201019044703,192.168.1.1/24,3
20201019044705,192.168.1.2/24,40
20201019044706,10.77.1.2/24,9
20201019044707,192.168.1.2/24,4
20201019044709,10.77.1.2/24,10
20201019044710,10.77.1.1/24,74
20201019044712,192.168.1.1/24,9
20201019044713,192.168.1.2/24,1
20201019044715,192.168.1.2/24,1
20201019044716,10.77.1.1/24,1
20201019044717,192.168.1.1/24,4
20201019044718,10.20.30.2/16,89
20201019044719,10.77.1.1/24,-
20201019044720,10.20.30.1/16,9
20201019044721,192.168.1.2/24,7
20201019044723,192.168.1.2/24,-
20201019044724,192.168.1.2/24,3
20201019044725,192.168.1.2/24,-
20201019044726,10.20.30.1/16,1
20201019044727,10.77.1.2/24,7
20201019044729,10.20.30.2/16,1
20201019044730,10.77.1.2/24,6
20201019044731,192.168.1.2/24,6
20201019044733,192.168.1.2/24,-
20201019044734,192.168.1.1/24,3
20201019044735,192.168.1.2/24,-
20201019044737,10.20.30.2/16,-
20201019044739,192.168.1.1/24,4
20201019044741,192.168.1.2/24,-
20201019044742,10.77.1.1/24,3
20201019044743,10.20.30.1/16,5
20201019044744,10.77.1.1/24,19
20201019044745,10.20.30.2/16,11
20201019044747,10.20.30.1/16,-
20201019044748,10.20.30.2/16,-
20201019044749,192.168.1.1/24,6
20201019044750,192.168.1.2/24,4
20201019044751,192.168.1.1/24,27
20201019044752,10.77.1.1/24,-
20201019044753,10.20.30.2/16,9
20201019044754,10.77.1.1/24,4
20201019044755,10.77.1.1/24,-
20201019044756,192.168.1.2/24,6
20201019044758,10.20.30.1/16,-
20201019044800,10.20.30.1/16,4
20201019044801,192.168.1.1/24,2
20201019044802,10.20.30.1/16,5
20201019044803,10.20.30.1/16,1
20201019044804,10.20.30.1/16,9
20201019044805,192.168.1.1/24,45
20201019044807,10.77.1.2/24,3
20201019044808,10.20.30.2/16,2
20201019044809,10.77.1.2/24,-
20201019044810,192.168.1.2/24,-
20201019044811,10.20.30.1/16,-
20201019044813,192.168.1.1/24,4
20201019044815,10.77.1.1/24,4
20201019044816,10.77.1.1/24,4
20201019044818,10.20.30.2/16,43
20201019044819,10.77.1.1/24,-
20201019044821,192.168.1.1/24,5
20201019044823,10.20.30.1/16,2
20201019044824,10.20.30.2/16,-
20201019044825,10.20.30.1/16,1
20201019044826,192.168.1.2/24,-
20201019044828,10.77.1.1/24,7
20201019044829,10.20.30.1/16,5
20201019044830,10.77.1.2/24,13
20201019044831,10.20.30.2/16,34
20201019044832,10.77.1.1/24,7
20201019044833,10.77.1.1/24,4
20201019044834,10.77.1.2/24,-
20201019044836,192.168.1.2/24,4
20201019044838,192.168.1.2/24,-
20201019044839,192.168.1.1/24,9
20201019044840,192.168.1.2/24,1
20201019044841,10.20.30.1/16,-
20201019044842,192.168.1.2/24,1
20201019044843,10.77.1.2/24,8
20201019044845,192.168.1.1/24,-
20201019044846,10.77.1.2/24,1
20201019044847,10.77.1.1/24,34
20201019044848,10.20.30.1/16,49
20201019044849,10.77.1.2/24,5
20201019044850,10.20.30.2/16,7
20201019044851,10.77.1.2/24,1
20201019044852,10.20.30.1/16,3
20201019044853,10.20.30.2/16,90
20201019044854,10.20.30.2/16,8
20201019044855,192.168.1.1/24,5
20201019044857,192.168.1.1/24,3
20201019044858,192.168.1.1/24,-
20201019044900,10.20.30.1/16,8
20201019044901,10.20.30.1/16,9
20201019044902,192.168.1.1/24,10
20201019044903,10.77.1.1/24,12
20201019044904,10.77.1.2/24,-
20201019044905,10.20.30.1/16,-
20201019044906,10.77.1.2/24,-
20201019044907,10.77.1.1/24,4
20201019044908,192.168.1.1/24,7
20201019044909,192.168.1.2/24,38
20201019044910,192.168.1.1/24,8
20201019044911,192.168.1.2/24,-
20201019044913,10.20.30.2/16,2
20201019044915,10.77.1.1/24,86
20201019044916,192.168.1.1/24,17
20201019044918,192.168.1.1/24,78
20201019044919,10.77.1.2/24,-
20201019044920,10.77.1.2/24,12
20201019044921,10.77.1.1/24,6
20201019044922,10.20.30.2/16,-
20201019044924,192.168.1.1/24,-
20201019044925,10.77.1.2/24,7
20201019044926,10.77.1.1/24,29
20201019044927,10.77.1.2/24,1
20201019044928,10.77.1.1/24,-
20201019044929,10.20.30.2/16,8
20201019044930,192.168.1.1/24,-
20201019044931,10.20.30.1/16,7
20201019044932,192.168.1.1/24,7
20201019044933,192.168.1.2/24,6
20201019044934,10.77.1.2/24,61
20201019044935,10.77.1.2/24,2
20201019044936,192.168.1.1/24,21
20201019044937,10.77.1.2/24,12
20201019044938,10.77.1.2/24,6
20201019044939,10.20.30.1/16,3
20201019044940,192.168.1.2/24,2
20201019044941,10.20.30.1/16,8
20201019044942,10.77.1.2/24,8
20201019044943,10.77.1.1/24,92
20201019044945,10.77.1.1/24,7
20201019044946,10.20.30.1/16,4
20201019044948,192.168.1.2/24,-
20201019044950,10.20.30.2/16,6
20201019044951,192.168.1.1/24,8
20201019044953,10.20.30.2/16,9
20201019044954,10.20.30.2/16,91
20201019044955,10.77.1.2/24,1
20201019044956,10.20.30.1/16,10
20201019044957,10.77.1.1/24,96
20201019044958,10.77.1.1/24,43
20201019044959,192.168.1.1/24,6
20201019045000,192.168.1.1/24,2
20201019045002,192.168.1.1/24,7
20201019045004,10.77.1.1/24,16
20201019045005,10.20.30.2/16,4
20201019045006,10.77.1.1/24,94
20201019045007,192.168.1.2/24,-
20201019045008,10.77.1.2/24,8
20201019045009,10.77.1.1/24,3
20201019045010,10.20.30.2/16,18
20201019045011,192.168.1.2/24,45
20201019045012,192.168.1.1/24,3
20201019045013,10.20.30.1/16,4
20201019045014,10.77.1.1/24,6
20201019045015,192.168.1.2/24,-
20201019045016,10.77.1.1/24,3
20201019045017,10.77.1.2/24,-
20201019045018,10.77.1.2/24,-
20201019045019,10.77.1.2/24,3
20201019045020,192.168.1.1/24,-
20201019045021,10.77.1.2/24,92
20201019045022,10.77.1.2/24,2
20201019045024,192.168.1.1/24,96
20201019045025,10.77.1.2/24,6
20201019045026,10.77.1.1/24,10
20201019045027,10.20.30.2/16,1
20201019045028,10.77.1.1/24,14
20201019045030,10.20.30.2/16,6
20201019045031,192.168.1.2/24,7
20201019045032,10.77.1.1/24,7
20201019045033,192.168.1.2/24,-
20201019045035,192.168.1.2/24,8
20201019045037,10.20.30.2/16,9
20201019045038,10.20.30.1/16,63
20201019045039,10.20.30.2/16,8
20201019045040,192.168.1.1/24,4
20201019045042,10.20.30.2/16,-
20201019045043,10.20.30.1/16,6
20201019045044,10.20.30.2/16,-
20201019045046,192.168.1.2/24,11
20201019045048,10.77.1.2/24,43
20201019045049,10.77.1.2/24,5
20201019045050,10.77.1.2/24,8
20201019045051,10.20.30.2/16,64
20201019045052,10.20.30.2/16,-
20201019045054,10.20.30.1/16,7
20201019045055,10.77.1.2/24,29
20201019045056,10.20.30.1/16,3
20201019045057,192.168.1.1/24,25
20201019045058,10.77.1.1/24,-
20201019045059,192.168.1.1/24,10
20201019045101,192.168.1.1/24,41
20201019045103,192.168.1.1/24,9
20201019045104,192.168.1.2/24,4
20201019045105,10.20.30.1/16,-
20201019045106,192.168.1.1/24,-
20201019045107,192.168.1.1/24,7
20201019045108,192.168.1.2/24,4
20201019045109,10.20.30.1/16,2
20201019045110,192.168.1.2/24,2
20201019045111,10.20.30.2/16,89
20201019045112,192.168.1.1/24,-
20201019045113,10.77.1.1/24,-
20201019045114,10.77.1.1/24,60
20201019045115,10.77.1.1/24,-
20201019045116,10.20.30.1/16,1
20201019045117,10.77.1.2/24,9
20201019045118,10.20.30.2/16,-
20201019045119,10.20.30.2/16,7
20201019045121,10.77.1.1/24,-
20201019045122,10.20.30.1/16,2
20201019045123,10.77.1.1/24,-
20201019045125,10.20.30.1/16,7
20201019045126,10.20.30.2/16,77
20201019045127,10.20.30.1/16,98
20201019045128,10.77.1.2/24,30
20201019045129,192.168.1.2/24,7
20201019045130,10.20.30.1/16,2
20201019045131,10.20.30.2/16,2
20201019045132,192.168.1.2/24,-
20201019045133,10.77.1.1/24,-
20201019045134,10.20.30.1/16,1
20201019045135,10.20.30.2/16,2
20201019045136,10.20.30.2/16,5
20201019045137,10.20.30.1/16,8
20201019045138,10.77.1.2/24,43
20201019045139,10.20.30.1/16,63
20201019045140,192.168.1.2/24,4
20201019045141,10.20.30.2/16,6
20201019045142,10.20.30.2/16,9
20201019045143,10.20.30.1/16,4
20201019045144,10.77.1.2/24,9
20201019045145,192.168.1.1/24,-
20201019045146,10.20.30.1/16,2
20201019045147,10.20.30.2/16,-
20201019045148,10.20.30.2/16,2
20201019045149,192.168.1.1/24,4
20201019045150,10.20.30.2/16,5
20201019045151,10.77.1.1/24,-
20201019045152,10.20.30.1/16,5
20201019045153,10.20.30.2/16,8
20201019045154,10.20.30.1/16,10
20201019045156,192.168.1.1/24,22
20201019045157,10.20.30.2/16,9
20201019045159,10.20.30.1/16,2
20201019045200,10.20.30.2/16,-
20201019045201,10.20.30.1/16,8
20201019045202,10.77.1.2/24,9
20201019045203,10.20.30.1/16,4
20201019045205,10.20.30.1/16,9
20201019045206,192.168.1.1/24,9
20201019045207,10.77.1.1/24,35
20201019045208,10.77.1.2/24,-
20201019045209,10.20.30.2/16,17
20201019045210,10.77.1.1/24,48
20201019045211,10.20.30.1/16,5
20201019045212,192.168.1.2/24,58
20201019045213,192.168.1.2/24,1
20201019045214,10.77.1.1/24,6
20201019045215,10.77.1.2/24,3
20201019045216,10.20.30.1/16,5
20201019045217,192.168.1.2/24,33
20201019045218,192.168.1.2/24,6
20201019045219,10.77.1.2/24,5
20201019045220,192.168.1.2/24,8
20201019045221,192.168.1.2/24,9
20201019045222,192.168.1.1/24,-
20201019045223,10.77.1.2/24,2
20201019045224,10.77.1.2/24,41
20201019045225,10.77.1.1/24,-
20201019045226,192.168.1.1/24,-
20201019045227,10.20.30.1/16,4
20201019045228,192.168.1.2/24,-
20201019045229,10.77.1.2/24,24
20201019045230,10.20.30.1/16,-
20201019045231,10.20.30.1/16,1
20201019045232,10.77.1.2/24,6
20201019045233,10.77.1.2/24,-
20201019045234,10.20.30.2/16,4
20201019045235,10.20.30.2/16,3
20201019045236,192.168.1.1/24,-
20201019045237,10.20.30.2/16,4
20201019045238,192.168.1.1/24,8
20201019045239,192.168.1.2/24,-
20201019045240,192.168.1.1/24,-
20201019045242,10.20.30.2/16,2
20201019045243,10.20.30.2/16,10
20201019045245,10.77.1.2/24,-
20201019045246,10.77.1.2/24,3
20201019045247,10.77.1.1/24,92
20201019045248,192.168.1.2/24,1
20201019045249,10.77.1.1/24,77
20201019045250,10.20.30.1/16,88
20201019045251,10.20.30.1/16,30
20201019045252,10.77.1.1/24,-
20201019045253,10.20.30.1/16,5
20201019045254,10.77.1.2/24,6
20201019045255,10.20.30.1/16,3
20201019045256,10.20.30.2/16,6
20201019045257,10.77.1.2/24,5
20201019045258,10.77.1.2/24,4
20201019045259,10.77.1.2/24,39
20201019045300,10.20.30.2/16,-
20201019045301,10.20.30.1/16,39
20201019045302,192.168.1.2/24,7
20201019045303,10.20.30.1/16,5
20201019045304,10.77.1.1/24,5
20201019045305,192.168.1.2/24,-
20201019045306,10.77.1.2/24,-
20201019045307,10.20.30.2/16,-
20201019045308,10.77.1.2/24,-
20201019045309,10.77.1.1/24,8
20201019045310,10.20.30.1/16,-
20201019045311,10.77.1.2/24,28
20201019045312,10.20.30.2/16,20
20201019045313,10.20.30.2/16,7
20201019045315,10.77.1.1/24,-
20201019045316,10.20.30.2/16,64
20201019045317,10.77.1.2/24,-
20201019045318,10.77.1.1/24,-
20201019045319,192.168.1.2/24,22
20201019045320,192.168.1.2/24,4
20201019045321,192.168.1.1/24,5
20201019045322,192.168.1.2/24,12
20201019045324,192.168.1.2/24,9
20201019045325,192.168.1.2/24,33
20201019045326,10.20.30.2/16,5
20201019045327,10.20.30.2/16,50
20201019045328,192.168.1.1/24,5
20201019045329,10.77.1.2/24,94
20201019045330,10.77.1.1/24,5
20201019045331,192.168.1.1/24,-
20201019045332,10.77.1.2/24,3
20201019045334,10.77.1.2/24,7
20201019045335,10.77.1.2/24,8
20201019045336,10.77.1.2/24,30
20201019045337,10.77.1.1/24,60
20201019045339,192.168.1.1/24,1
20201019045340,10.77.1.2/24,6
20201019045341,10.20.30.2/16,2
20201019045342,10.20.30.2/16,-
20201019045343,10.77.1.2/24,-
20201019045344,10.77.1.1/24,30
20201019045345,192.168.1.1/24,-
20201019045347,10.77.1.1/24,6
20201019045349,10.77.1.1/24,59
20201019045351,10.77.1.1/24,3
20201019045353,192.168.1.2/24,-
20201019045354,10.77.1.1/24,92
20201019045355,10.77.1.1/24,6
20201019045356,192.168.1.2/24,-
20201019045357,10.77.1.2/24,4
20201019045358,10.20.30.2/16,2
20201019045359,10.77.1.1/24,5
20201019045400,192.168.1.2/24,7
20201019045401,10.77.1.1/24,11
20201019045403,10.20.30.1/16,7
20201019045404,192.168.1.1/24,2
20201019045405,10.20.30.1/16,3
20201019045406,10.77.1.1/24,62
20201019045408,10.77.1.2/24,23
20201019045409,10.77.1.2/24,-
20201019045411,192.168.1.2/24,8
20201019045412,192.168.1.1/24,9
20201019045413,10.77.1.1/24,3
20201019045414,10.20.30.2/16,6
20201019045415,10.77.1.2/24,-
20201019045416,10.77.1.1/24,5
20201019045418,10.77.1.2/24,41
20201019045419,10.20.30.1/16,-
20201019045421,192.168.1.2/24,-
20201019045422,10.20.30.2/16,71
20201019045424,10.77.1.2/24,31
20201019045425,10.20.30.2/16,72
20201019045426,10.77.1.1/24,-
20201019045428,10.77.1.1/24,94
20201019045429,10.77.1.1/24,7
20201019045430,10.20.30.2/16,9
20201019045432,192.168.1.2/24,-
20201019045434,192.168.1.1/24,3
20201019045435,192.168.1.2/24,2
20201019045436,192.168.1.2/24,45
20201019045438,192.168.1.1/24,-
20201019045439,10.77.1.2/24,4
20201019045440,10.77.1.1/24,51
20201019045442,10.77.1.2/24,4
20201019045443,192.168.1.2/24,7
20201019045444,10.20.30.1/16,8
20201019045445,10.20.30.2/16,8
20201019045446,10.77.1.2/24,2
20201019045447,10.77.1.1/24,4
20201019045448,10.77.1.1/24,2
20201019045449,10.20.30.1/16,95
20201019045450,192.168.1.2/24,6
20201019045452,10.77.1.2/24,25
20201019045453,192.168.1.1/24,-
20201019045454,192.168.1.1/24,2
20201019045455,10.77.1.2/24,9
20201019045456,10.20.30.1/16,32
20201019045457,10.20.30.2/16,59
20201019045458,192.168.1.1/24,-
20201019045459,10.20.30.2/16,4
20201019045500,10.20.30.1/16,54
20201019045501,10.20.30.2/16,3
20201019045502,10.77.1.2/24,4
20201019045503,192.168.1.2/24,18
20201019045504,10.20.30.2/16,7
20201019045506,192.168.1.2/24,3
20201019045507,10.20.30.1/16,6
20201019045508,10.20.30.2/16,3
20201019045509,192.168.1.2/24,4
20201019045510,10.20.30.2/16,1
20201019045511,10.77.1.2/24,-
20201019045512,10.20.30.2/16,-
20201019045514,10.20.30.1/16,5
20201019045515,192.168.1.1/24,-
20201019045517,10.77.1.2/24,9
20201019045518,10.20.30.1/16,8
20201019045520,10.20.30.2/16,2
20201019045521,192.168.1.2/24,9
20201019045522,192.168.1.2/24,7
20201019045523,192.168.1.2/24,6
20201019045524,10.20.30.1/16,19
20201019045525,10.77.1.2/24,8
20201019045526,10.20.30.2/16,2
20201019045527,10.77.1.1/24,9
20201019045529,10.20.30.1/16,4
20201019045530,10.77.1.2/24,9
20201019045532,192.168.1.2/24,79
20201019045533,192.168.1.1/24,6
20201019045535,192.168.1.2/24,-
20201019045536,192.168.1.1/24,7
20201019045537,10.77.1.2/24,5
20201019045539,10.20.30.1/16,3
20201019045540,10.77.1.1/24,5
20201019045541,192.168.1.2/24,9
20201019045542,192.168.1.1/24,8
20201019045544,10.77.1.2/24,71
20201019045545,10.77.1.2/24,-
20201019045546,10.20.30.2/16,6
20201019045547,10.77.1.2/24,-
20201019045549,10.77.1.2/24,8
20201019045550,192.168.1.2/24,3
20201019045551,192.168.1.1/24,4
20201019045553,10.20.30.2/16,-
20201019045554,10.20.30.1/16,-
20201019045555,192.168.1.1/24,3
20201019045556,10.77.1.1/24,14
20201019045558,10.77.1.1/24,1
20201019045600,10.20.30.1/16,7
20201019045601,10.20.30.1/16,-
20201019045602,10.20.30.2/16,1
20201019045603,10.77.1.1/24,7
20201019045604,10.77.1.2/24,2
20201019045605,10.20.30.1/16,51
20201019045607,10.77.1.1/24,8
20201019045608,10.77.1.1/24,9
20201019045609,10.20.30.1/16,7
20201019045610,10.20.30.2/16,-
20201019045611,10.20.30.1/16,15
20201019045612,10.77.1.2/24,-
20201019045613,10.77.1.1/24,3
20201019045614,10.77.1.2/24,49
20201019045615,10.20.30.2/16,2
20201019045617,10.77.1.1/24,7
20201019045618,10.77.1.2/24,2
20201019045619,192.168.1.2/24,16
20201019045620,10.20.30.1/16,3
20201019045621,10.20.30.1/16,6
20201019045623,192.168.1.1/24,2
20201019045624,10.20.30.2/16,-
20201019045625,192.168.1.1/24,8
20201019045626,10.20.30.1/16,5
20201019045627,10.77.1.2/24,4
20201019045628,10.20.30.2/16,10
20201019045630,10.20.30.1/16,-
20201019045631,10.77.1.2/24,-
20201019045632,10.77.1.2/24,-
20201019045633,10.77.1.2/24,5
20201019045634,10.77.1.2/24,-
20201019045635,10.77.1.1/24,-
20201019045636,10.77.1.2/24,2
20201019045637,10.20.30.2/16,6
20201019045639,10.20.30.2/16,-
20201019045640,10.20.30.1/16,9
20201019045641,10.20.30.2/16,10
20201019045643,192.168.1.1/24,3
20201019045644,10.20.30.1/16,7
20201019045646,10.77.1.1/24,7
20201019045647,10.20.30.2/16,4
20201019045648,10.77.1.2/24,-
20201019045649,10.20.30.2/16,-
20201019045650,10.77.1.1/24,17
20201019045651,10.77.1.2/24,8
20201019045652,10.77.1.2/24,-
20201019045653,192.168.1.2/24,4
20201019045654,10.20.30.1/16,69
20201019045656,10.20.30.1/16,3
20201019045657,10.20.30.1/16,8
20201019045658,10.20.30.1/16,2
20201019045659,10.77.1.1/24,6
20201019045700,192.168.1.1/24,9
20201019045701,192.168.1.1/24,-
20201019045702,10.20.30.2/16,-
20201019045703,192.168.1.2/24,35
20201019045704,10.20.30.2/16,-
20201019045706,192.168.1.2/24,-
20201019045707,10.20.30.2/16,22
20201019045708,192.168.1.1/24,3
20201019045709,10.77.1.2/24,7
20201019045710,10.77.1.1/24,90
20201019045711,10.20.30.1/16,-
20201019045712,10.20.30.1/16,-
20201019045713,10.77.1.1/24,9
20201019045715,10.20.30.2/16,-
20201019045716,10.77.1.1/24,-
20201019045717,10.20.30.2/16,9
20201019045718,10.77.1.1/24,6
20201019045719,10.20.30.1/16,4
20201019045721,10.77.1.1/24,5
20201019045722,10.77.1.1/24,88
20201019045723,10.20.30.1/16,-
20201019045724,192.168.1.1/24,9
20201019045725,10.77.1.1/24,24
20201019045726,10.77.1.1/24,-
20201019045727,10.77.1.2/24,26
20201019045728,10.77.1.1/24,32
20201019045729,10.77.1.1/24,9
20201019045730,10.77.1.1/24,4
20201019045731,192.168.1.2/24,7
20201019045732,10.20.30.1/16,5
20201019045733,192.168.1.1/24,2
20201019045734,192.168.1.1/24,2
20201019045735,10.20.30.2/16,8
20201019045736,10.77.1.1/24,6
20201019045737,10.77.1.1/24,2
20201019045738,192.168.1.1/24,3
20201019045739,10.20.30.1/16,77
20201019045741,10.77.1.1/24,1
20201019045742,10.20.30.2/16,85
20201019045743,192.168.1.1/24,8
20201019045744,10.77.1.2/24,6
20201019045745,10.20.30.1/16,5
20201019045746,192.168.1.1/24,62
20201019045747,10.77.1.1/24,-
20201019045748,10.20.30.2/16,9
20201019045749,10.77.1.2/24,7
20201019045750,10.20.30.2/16,2
20201019045751,10.77.1.1/24,1
20201019045752,10.20.30.2/16,8
20201019045753,10.77.1.1/24,3
20201019045754,10.77.1.1/24,-
20201019045755,10.77.1.2/24,92
20201019045756,10.20.30.1/16,6
20201019045757,10.77.1.1/24,4
20201019045759,10.20.30.1/16,1
20201019045801,10.20.30.1/16,5
20201019045802,192.168.1.1/24,3
20201019045803,10.20.30.2/16,9
20201019045804,192.168.1.2/24,-
20201019045805,192.168.1.1/24,5
20201019045806,10.20.30.2/16,24
20201019045807,192.168.1.2/24,4
20201019045809,192.168.1.2/24,87
20201019045810,10.20.30.1/16,3
20201019045811,10.77.1.1/24,-
20201019045812,10.20.30.2/16,-
20201019045813,192.168.1.1/24,-
20201019045814,10.77.1.1/24,5
20201019045815,192.168.1.1/24,-
20201019045816,192.168.1.2/24,1
20201019045817,192.168.1.1/24,1
20201019045819,10.77.1.2/24,52
20201019045821,10.20.30.1/16,21
20201019045822,10.20.30.2/16,9
20201019045824,192.168.1.1/24,7
20201019045825,10.77.1.1/24,4
20201019045826,192.168.1.1/24,-
20201019045827,10.77.1.2/24,5
20201019045828,10.77.1.1/24,5
20201019045830,192.168.1.2/24,3
20201019045831,192.168.1.2/24,81
20201019045832,10.77.1.2/24,9
20201019045833,192.168.1.2/24,7
20201019045835,192.168.1.2/24,7
20201019045836,192.168.1.2/24,3
20201019045837,10.20.30.2/16,6
20201019045838,192.168.1.1/24,96
20201019045839,192.168.1.2/24,5
20201019045841,10.77.1.1/24,-
20201019045842,192.168.1.2/24,1
20201019045843,192.168.1.1/24,-
20201019045844,192.168.1.1/24,73
20201019045845,10.20.30.2/16,-
20201019045847,10.20.30.2/16,-
20201019045848,192.168.1.2/24,6
20201019045850,192.168.1.1/24,9
20201019045851,192.168.1.1/24,8
20201019045852,10.20.30.2/16,-
20201019045853,10.20.30.2/16,9
20201019045855,10.20.30.2/16,-
20201019045856,192.168.1.1/24,1
20201019045857,10.77.1.2/24,-
20201019045858,10.20.30.1/16,-
20201019045859,10.20.30.2/16,6
20201019045901,10.77.1.1/24,7
20201019045902,192.168.1.1/24,-
20201019045903,192.168.1.2/24,-
20201019045904,10.77.1.1/24,-
20201019045905,192.168.1.2/24,8
20201019045906,10.77.1.1/24,-
20201019045908,192.168.1.1/24,-
20201019045909,192.168.1.1/24,19
20201019045911,192.168.1.2/24,-
20201019045912,10.20.30.1/16,2
20201019045913,192.168.1.2/24,41
20201019045914,10.20.30.2/16,70
20201019045915,10.20.30.1/16,-
20201019045917,10.77.1.1/24,8
20201019045918,10.20.30.2/16,86
20201019045919,192.168.1.2/24,-
20201019045920,10.20.30.2/16,4
20201019045921,192.168.1.2/24,-
20201019045922,10.77.1.2/24,2
20201019045923,192.168.1.2/24,-
20201019045924,192.168.1.1/24,3
20201019045925,10.20.30.1/16,8
20201019045926,10.77.1.2/24,-
20201019045927,10.77.1.1/24,8
20201019045929,192.168.1.2/24,-
20201019045930,192.168.1.2/24,-
20201019045932,10.77.1.2/24,5
20201019045933,192.168.1.1/24,-
20201019045934,10.20.30.1/16,-
20201019045935,10.77.1.1/24,14
20201019045936,10.20.30.1/16,2
20201019045937,10.77.1.1/24,76
20201019045938,10.77.1.1/24,-
20201019045940,10.20.30.2/16,28
20201019045941,10.20.30.1/16,5
20201019045942,10.20.30.1/16,2
20201019045943,192.168.1.1/24,-
20201019045944,192.168.1.1/24,6
20201019045945,10.20.30.2/16,6
20201019045946,192.168.1.2/24,-
20201019045947,10.77.1.2/24,2
20201019045948,192.168.1.2/24,82
20201019045949,192.168.1.2/24,47
20201019045951,192.168.1.1/24,95
20201019045953,10.20.30.1/16,8
20201019045955,192.168.1.1/24,-
20201019045956,10.77.1.2/24,62
20201019045958,10.20.30.1/16,7
20201019050000,10.20.30.1/16,5
20201019050001,10.77.1.1/24,11
20201019050002,192.168.1.1/24,5
20201019050003,10.77.1.2/24,-
20201019050004,10.20.30.1/16,4
20201019050005,10.77.1.1/24,-
20201019050007,192.168.1.2/24,7
20201019050009,192.168.1.2/24,-
20201019050010,192.168.1.2/24,-
20201019050011,10.77.1.2/24,1
20201019050012,192.168.1.2/24,2
20201019050013,10.77.1.1/24,-
20201019050014,10.77.1.2/24,3
20201019050015,10.77.1.2/24,1
20201019050016,10.20.30.1/16,33
20201019050018,10.20.30.1/16,4
20201019050020,192.168.1.2/24,9
20201019050021,192.168.1.1/24,-
20201019050022,192.168.1.2/24,10
20201019050023,10.77.1.2/24,48
20201019050024,192.168.1.1/24,-
20201019050025,192.168.1.2/24,8
20201019050026,192.168.1.2/24,9
20201019050027,10.20.30.2/16,4
20201019050028,192.168.1.2/24,9
20201019050030,192.168.1.1/24,5
20201019050031,10.77.1.1/24,-
20201019050032,10.20.30.1/16,6
20201019050034,10.20.30.1/16,-
20201019050035,10.77.1.1/24,83
20201019050037,10.20.30.2/16,3
20201019050038,10.77.1.1/24,25
20201019050039,10.77.1.2/24,6
20201019050040,10.77.1.1/24,7
20201019050041,10.77.1.1/24,6
20201019050042,192.168.1.2/24,-
20201019050043,10.20.30.1/16,10
20201019050045,10.77.1.1/24,6
20201019050047,192.168.1.2/24,5
20201019050049,10.77.1.2/24,1
20201019050050,10.77.1.2/24,-
20201019050051,192.168.1.2/24,9
20201019050052,192.168.1.1/24,18
20201019050053,10.20.30.2/16,79
20201019050055,10.20.30.2/16,2
20201019050056,10.20.30.1/16,44
20201019050057,10.77.1.2/24,6
20201019050058,192.168.1.2/24,8
20201019050059,10.77.1.2/24,-
20201019050100,10.20.30.1/16,7
20201019050101,10.77.1.2/24,9
20201019050103,10.77.1.1/24,8
20201019050104,10.77.1.2/24,6
20201019050105,192.168.1.1/24,-
20201019050106,192.168.1.2/24,3
20201019050107,10.77.1.2/24,-
20201019050108,10.77.1.1/24,-
20201019050109,10.77.1.1/24,-
20201019050110,10.20.30.1/16,1
20201019050111,192.168.1.2/24,6
20201019050113,10.77.1.1/24,9
20201019050115,10.20.30.2/16,4
20201019050116,10.20.30.1/16,1
20201019050117,10.77.1.1/24,38
20201019050118,10.20.30.2/16,-
20201019050119,10.20.30.2/16,7
20201019050120,10.77.1.1/24,9
20201019050121,10.77.1.2/24,10
20201019050122,192.168.1.1/24,6
20201019050123,192.168.1.2/24,38
20201019050125,192.168.1.2/24,-
20201019050126,10.77.1.2/24,-
20201019050127,10.20.30.1/16,8
20201019050128,10.20.30.1/16,6
20201019050130,10.20.30.2/16,9
20201019050132,10.20.30.2/16,1
20201019050133,10.77.1.1/24,30
20201019050135,192.168.1.1/24,23
20201019050136,192.168.1.2/24,5
20201019050137,10.77.1.1/24,2
20201019050138,192.168.1.1/24,-
20201019050139,10.20.30.2/16,52
20201019050140,192.168.1.1/24,2
20201019050141,192.168.1.1/24,7
20201019050142,10.20.30.2/16,17
20201019050143,192.168.1.1/24,31
20201019050144,192.168.1.2/24,6
20201019050145,10.77.1.2/24,-
20201019050146,192.168.1.1/24,2
20201019050147,10.77.1.2/24,30
20201019050148,10.20.30.1/16,2
20201019050150,10.77.1.2/24,19
20201019050151,192.168.1.2/24,44
20201019050152,10.77.1.1/24,-
20201019050153,10.20.30.1/16,-
20201019050155,10.77.1.1/24,-
20201019050156,192.168.1.2/24,10
20201019050157,10.77.1.2/24,37
20201019050158,192.168.1.1/24,8
20201019050200,10.77.1.1/24,-
20201019050201,10.77.1.1/24,2
20201019050202,10.77.1.1/24,-
20201019050204,192.168.1.1/24,-
20201019050205,10.77.1.2/24,5
20201019050206,10.20.30.1/16,9
20201019050208,10.20.30.2/16,-
20201019050209,10.20.30.2/16,-
20201019050210,192.168.1.1/24,-
20201019050211,192.168.1.1/24,-
20201019050212,10.77.1.2/24,5
20201019050213,10.77.1.2/24,1
20201019050214,10.20.30.1/16,69
20201019050215,192.168.1.2/24,9
20201019050216,10.20.30.2/16,6
20201019050218,192.168.1.2/24,5
20201019050219,192.168.1.2/24,-
20201019050220,10.77.1.2/24,-
20201019050222,10.20.30.1/16,-
20201019050223,10.20.30.2/16,91
20201019050224,192.168.1.1/24,4
20201019050225,10.77.1.2/24,9
20201019050226,10.77.1.1/24,-
20201019050228,10.77.1.1/24,8
20201019050230,10.20.30.2/16,9
20201019050232,192.168.1.1/24,5
20201019050233,10.20.30.2/16,-
20201019050234,192.168.1.1/24,2
20201019050235,10.20.30.1/16,-
20201019050236,192.168.1.1/24,2
20201019050238,10.20.30.2/16,-
20201019050240,10.77.1.1/24,-
20201019050241,10.77.1.1/24,-
20201019050242,192.168.1.1/24,9
20201019050243,192.168.1.2/24,9
20201019050245,10.20.30.1/16,-
20201019050246,192.168.1.2/24,-
20201019050247,10.77.1.1/24,9
20201019050248,10.77.1.1/24,6
20201019050249,10.20.30.1/16,-
20201019050250,192.168.1.2/24,21
20201019050251,10.20.30.1/16,3
20201019050252,10.20.30.1/16,2
20201019050253,192.168.1.2/24,9
20201019050254,10.20.30.1/16,9
20201019050255,10.77.1.1/24,10
20201019050256,192.168.1.1/24,6
20201019050257,192.168.1.2/24,5
20201019050259,10.20.30.2/16,1
20201019050300,10.77.1.2/24,15
20201019050301,192.168.1.1/24,8
20201019050302,10.77.1.1/24,1
20201019050303,10.20.30.1/16,1
20201019050304,10.20.30.1/16,5
20201019050306,10.77.1.2/24,-
20201019050307,192.168.1.1/24,3
20201019050309,192.168.1.2/24,4
20201019050310,10.77.1.1/24,85
20201019050312,192.168.1.1/24,8
20201019050313,10.77.1.1/24,1
20201019050314,10.77.1.2/24,1
20201019050315,10.20.30.1/16,32
20201019050316,10.20.30.1/16,1
20201019050317,192.168.1.1/24,-
20201019050318,192.168.1.1/24,-
20201019050320,10.20.30.1/16,6
20201019050321,10.77.1.1/24,42
20201019050322,192.168.1.2/24,8
20201019050323,192.168.1.2/24,83
20201019050324,10.20.30.1/16,79
20201019050325,192.168.1.2/24,11
20201019050326,192.168.1.1/24,5
20201019050328,192.168.1.1/24,8
20201019050329,192.168.1.2/24,2
20201019050330,192.168.1.2/24,3
20201019050331,10.20.30.1/16,28
20201019050332,10.77.1.2/24,6
20201019050333,10.20.30.1/16,3
20201019050335,10.20.30.2/16,-
20201019050336,192.168.1.1/24,9
20201019050338,10.20.30.1/16,66
20201019050340,10.77.1.1/24,37
20201019050341,10.20.30.1/16,1
20201019050342,10.20.30.2/16,9
20201019050343,10.77.1.2/24,65
20201019050344,192.168.1.2/24,-
20201019050346,192.168.1.2/24,3
20201019050348,10.77.1.2/24,15
20201019050349,10.77.1.1/24,8
20201019050351,192.168.1.2/24,0
20201019050352,10.20.30.2/16,-
20201019050354,10.77.1.1/24,33
20201019050355,10.20.30.2/16,5
20201019050356,10.20.30.1/16,28
20201019050357,10.77.1.2/24,5
20201019050358,10.20.30.2/16,76
20201019050400,10.77.1.1/24,-
20201019050401,192.168.1.1/24,-
20201019050402,10.77.1.2/24,3
20201019050403,10.77.1.2/24,6
20201019050404,192.168.1.2/24,6
20201019050406,10.20.30.1/16,-
20201019050407,10.77.1.1/24,9
20201019050408,192.168.1.2/24,-
20201019050409,10.20.30.1/16,4
20201019050410,192.168.1.2/24,10
20201019050411,10.77.1.1/24,46
20201019050412,10.77.1.2/24,6
20201019050414,10.20.30.1/16,4
20201019050415,192.168.1.1/24,21
20201019050416,192.168.1.2/24,-
20201019050417,192.168.1.2/24,6
20201019050418,10.77.1.2/24,-
20201019050419,192.168.1.2/24,1
20201019050420,10.20.30.2/16,-
20201019050421,192.168.1.2/24,5
20201019050422,192.168.1.2/24,76
20201019050423,10.20.30.1/16,3
20201019050424,192.168.1.2/24,4
20201019050425,10.20.30.1/16,-
20201019050427,10.20.30.2/16,7
20201019050428,192.168.1.2/24,1
20201019050429,10.20.30.1/16,9
20201019050430,10.77.1.2/24,15
20201019050432,10.20.30.1/16,11
20201019050433,10.77.1.1/24,1
20201019050434,10.20.30.2/16,9
20201019050435,192.168.1.2/24,9
20201019050436,10.77.1.1/24,2
20201019050437,192.168.1.1/24,3
20201019050439,10.20.30.2/16,5
20201019050440,192.168.1.1/24,-
20201019050441,10.20.30.1/16,1
20201019050442,10.77.1.2/24,6
20201019050443,10.20.30.1/16,5
20201019050444,10.77.1.1/24,1
20201019050446,10.20.30.2/16,12
20201019050447,10.77.1.2/24,-
20201019050448,10.20.30.2/16,5
20201019050449,10.77.1.2/24,4
20201019050450,192.168.1.1/24,1
20201019050452,10.20.30.1/16,5
20201019050453,10.20.30.2/16,9
20201019050455,10.20.30.1/16,9
20201019050457,192.168.1.1/24,7
20201019050458,10.20.30.1/16,38
20201019050459,192.168.1.1/24,4
20201019050500,10.77.1.1/24,6
20201019050501,192.168.1.1/24,4
20201019050502,192.168.1.1/24,-
20201019050503,192.168.1.2/24,-
20201019050504,10.77.1.2/24,19
20201019050505,10.20.30.2/16,2
20201019050506,10.77.1.2/24,5
20201019050507,192.168.1.2/24,5
20201019050508,192.168.1.1/24,-
20201019050510,10.77.1.1/24,5
20201019050511,10.77.1.2/24,70
20201019050512,10.77.1.1/24,70
20201019050513,10.20.30.2/16,61
20201019050514,10.77.1.2/24,6
20201019050516,10.20.30.1/16,12
20201019050518,192.168.1.2/24,1
20201019050519,192.168.1.1/24,8
20201019050520,10.20.30.2/16,-
20201019050521,10.77.1.2/24,-
20201019050522,192.168.1.1/24,67
20201019050523,10.20.30.2/16,-
20201019050524,10.20.30.1/16,1
20201019050525,10.20.30.1/16,8
20201019050526,10.77.1.2/24,-
20201019050527,192.168.1.2/24,-
20201019050529,10.77.1.1/24,46
20201019050530,10.77.1.2/24,-
20201019050531,192.168.1.1/24,8
20201019050533,10.77.1.2/24,8
20201019050534,10.20.30.2/16,8
20201019050536,192.168.1.1/24,-
20201019050537,10.20.30.1/16,1
20201019050538,10.20.30.2/16,5
20201019050539,10.77.1.2/24,2
20201019050541,10.20.30.1/16,87
20201019050543,10.20.30.1/16,-
20201019050545,10.77.1.1/24,1
20201019050547,10.77.1.1/24,-
20201019050549,10.77.1.2/24,-
20201019050550,10.77.1.2/24,4
20201019050551,192.168.1.1/24,22
20201019050552,10.20.30.1/16,4
20201019050553,10.20.30.1/16,11
20201019050554,10.20.30.2/16,8
20201019050555,10.20.30.2/16,5
20201019050557,10.20.30.1/16,-
20201019050559,10.20.30.1/16,10
20201019050601,10.77.1.1/24,-
20201019050603,192.168.1.2/24,9
20201019050604,192.168.1.2/24,7
20201019050605,10.20.30.2/16,8
20201019050606,10.77.1.2/24,4
20201019050608,10.77.1.2/24,4
20201019050609,192.168.1.1/24,-
20201019050610,10.20.30.1/16,-
20201019050611,10.20.30.2/16,4
20201019050612,10.20.30.2/16,3
20201019050613,192.168.1.1/24,-
20201019050614,10.20.30.2/16,2
20201019050615,10.20.30.2/16,-
20201019050616,192.168.1.2/24,-
20201019050617,10.77.1.2/24,6
20201019050618,10.77.1.2/24,3
20201019050620,192.168.1.1/24,3
20201019050622,10.77.1.2/24,27
20201019050623,10.77.1.1/24,57
20201019050624,192.168.1.2/24,40
20201019050625,192.168.1.2/24,6
20201019050626,10.20.30.2/16,33
20201019050627,10.20.30.1/16,30
20201019050628,10.20.30.1/16,10
20201019050629,10.77.1.1/24,1
20201019050630,10.77.1.1/24,57
20201019050632,10.77.1.2/24,-
20201019050634,10.20.30.2/16,5
20201019050636,10.77.1.1/24,38
20201019050637,192.168.1.2/24,84
20201019050638,192.168.1.2/24,-
20201019050640,10.77.1.1/24,4
20201019050641,10.77.1.2/24,-
20201019050642,10.20.30.1/16,8
20201019050643,10.20.30.1/16,20
20201019050644,10.77.1.2/24,6
20201019050645,192.168.1.2/24,12
20201019050646,192.168.1.2/24,-
20201019050647,10.20.30.1/16,2
20201019050648,10.77.1.2/24,5
20201019050649,10.77.1.1/24,-
20201019050650,10.77.1.2/24,-
20201019050651,192.168.1.1/24,-
20201019050652,10.20.30.1/16,4
20201019050653,10.20.30.1/16,-
20201019050654,10.77.1.2/24,8
20201019050655,192.168.1.1/24,5
20201019050656,192.168.1.2/24,16
20201019050657,10.77.1.1/24,8
20201019050658,10.77.1.2/24,2
20201019050700,10.20.30.2/16,16
20201019050701,192.168.1.1/24,3
20201019050702,192.168.1.1/24,-
20201019050703,10.77.1.2/24,-
20201019050704,10.77.1.1/24,6
20201019050706,10.77.1.2/24,3
20201019050707,10.20.30.1/16,6
20201019050709,192.168.1.2/24,-
20201019050710,10.20.30.2/16,5
20201019050711,10.20.30.2/16,3
20201019050712,10.77.1.1/24,3
20201019050713,192.168.1.1/24,-
20201019050714,192.168.1.2/24,-
20201019050716,10.77.1.2/24,-
20201019050717,10.77.1.2/24,48
20201019050718,192.168.1.2/24,5
20201019050720,10.20.30.1/16,73
20201019050721,10.77.1.1/24,3
20201019050722,10.20.30.2/16,-
20201019050724,10.20.30.1/16,6
20201019050725,10.77.1.1/24,-
20201019050726,10.20.30.2/16,8
20201019050727,192.168.1.1/24,3
20201019050728,10.77.1.1/24,86
20201019050730,10.77.1.2/24,-
20201019050731,192.168.1.1/24,9
20201019050733,192.168.1.2/24,8
20201019050734,10.77.1.1/24,9
20201019050735,10.20.30.2/16,4
20201019050736,10.77.1.1/24,-
20201019050737,192.168.1.1/24,-
20201019050738,10.77.1.1/24,35
20201019050739,10.77.1.2/24,9
20201019050740,192.168.1.2/24,6
20201019050741,10.20.30.2/16,10
20201019050743,192.168.1.1/24,8
20201019050744,10.20.30.2/16,9
20201019050745,192.168.1.2/24,99
20201019050746,10.20.30.1/16,2
20201019050747,10.20.30.2/16,-
20201019050748,10.20.30.1/16,51
20201019050749,10.77.1.1/24,-
20201019050750,10.20.30.1/16,-
20201019050751,10.77.1.2/24,-
20201019050752,10.20.30.1/16,3
20201019050754,10.77.1.2/24,45
20201019050756,10.20.30.1/16,77
20201019050757,192.168.1.1/24,2
20201019050758,10.20.30.2/16,2
20201019050800,10.77.1.1/24,9
20201019050802,10.20.30.1/16,30
20201019050803,192.168.1.1/24,-
20201019050805,10.77.1.2/24,4
20201019050806,192.168.1.1/24,33
20201019050807,10.20.30.1/16,5
20201019050808,192.168.1.2/24,-
20201019050810,10.20.30.2/16,4
20201019050811,192.168.1.2/24,5
20201019050812,10.77.1.2/24,9
20201019050813,10.20.30.2/16,43
20201019050815,10.77.1.2/24,4
20201019050816,10.77.1.1/24,82
20201019050817,10.20.30.1/16,-
20201019050818,10.77.1.2/24,6
20201019050819,192.168.1.1/24,6
20201019050820,10.20.30.1/16,-
20201019050821,10.77.1.2/24,9
20201019050822,10.77.1.2/24,1
20201019050824,10.77.1.1/24,8
20201019050826,10.20.30.2/16,75
20201019050828,10.20.30.2/16,6
20201019050829,192.168.1.2/24,-
20201019050830,192.168.1.2/24,13
20201019050831,10.20.30.1/16,97
20201019050832,10.77.1.2/24,-
20201019050833,10.20.30.1/16,4
20201019050835,10.20.30.1/16,9
20201019050836,10.20.30.2/16,22
20201019050837,10.20.30.1/16,5
20201019050838,192.168.1.2/24,-
20201019050839,10.77.1.2/24,25
20201019050840,10.77.1.1/24,6
20201019050841,10.20.30.2/16,12
20201019050842,10.20.30.1/16,6
20201019050843,192.168.1.2/24,3
20201019050844,10.20.30.1/16,21
20201019050846,10.77.1.1/24,7
20201019050847,10.20.30.1/16,6
20201019050848,10.20.30.2/16,6
20201019050849,10.20.30.2/16,-
20201019050850,10.77.1.2/24,10
20201019050851,10.77.1.2/24,9
20201019050852,192.168.1.1/24,8
20201019050853,10.20.30.2/16,45
20201019050854,10.20.30.2/16,7
20201019050855,10.20.30.2/16,-
20201019050856,10.20.30.2/16,3
20201019050857,10.20.30.2/16,8
20201019050858,192.168.1.1/24,7
20201019050900,10.20.30.2/16,8
20201019050901,192.168.1.1/24,6
20201019050902,192.168.1.2/24,39
20201019050903,10.77.1.1/24,6
20201019050904,10.20.30.1/16,-
20201019050905,10.20.30.1/16,9
20201019050906,192.168.1.1/24,1
20201019050908,192.168.1.2/24,39
20201019050909,192.168.1.1/24,6
20201019050910,10.77.1.2/24,7
20201019050911,10.20.30.1/16,-
20201019050913,10.77.1.1/24,3
20201019050914,192.168.1.1/24,70
20201019050915,10.20.30.1/16,4
20201019050916,10.77.1.1/24,1
20201019050918,192.168.1.1/24,7
20201019050920,192.168.1.1/24,4
20201019050922,10.77.1.2/24,3
20201019050923,10.20.30.1/16,-
20201019050924,10.20.30.1/16,2
20201019050925,192.168.1.2/24,13
20201019050926,192.168.1.1/24,98
20201019050927,10.20.30.2/16,8
20201019050928,10.20.30.1/16,7
20201019050929,10.20.30.2/16,69
20201019050930,10.20.30.2/16,1
20201019050931,10.20.30.1/16,5
20201019050932,192.168.1.1/24,7
20201019050933,10.77.1.1/24,-
20201019050934,10.20.30.2/16,47
20201019050935,192.168.1.1/24,-
20201019050936,192.168.1.2/24,6
20201019050937,10.77.1.2/24,57
20201019050938,10.77.1.2/24,7
20201019050939,192.168.1.2/24,3
20201019050940,10.77.1.2/24,-
20201019050941,10.20.30.1/16,61
20201019050942,10.77.1.1/24,2
20201019050943,10.20.30.1/16,2
20201019050944,10.20.30.2/16,1
20201019050945,10.20.30.1/16,2
20201019050946,10.77.1.1/24,1
20201019050947,10.20.30.2/16,4
20201019050948,10.77.1.1/24,-
20201019050950,192.168.1.1/24,7
20201019050951,10.77.1.2/24,8
20201019050953,10.20.30.2/16,21
20201019050954,10.77.1.2/24,-
20201019050955,192.168.1.2/24,-
20201019050956,10.77.1.2/24,-
20201019050957,10.77.1.2/24,3
20201019050958,10.20.30.1/16,1
20201019050959,10.20.30.2/16,2
20201019051000,192.168.1.2/24,-
20201019051001,192.168.1.1/24,23
20201019051002,192.168.1.2/24,10
20201019051003,10.77.1.2/24,-
20201019051004,10.20.30.1/16,9
20201019051005,192.168.1.1/24,57
20201019051006,192.168.1.2/24,2
20201019051007,10.20.30.1/16,4
20201019051009,10.20.30.1/16,8
20201019051011,10.77.1.1/24,2
20201019051012,192.168.1.2/24,-
20201019051013,10.77.1.2/24,-
20201019051014,10.20.30.1/16,5
20201019051015,192.168.1.1/24,7
20201019051016,10.20.30.1/16,-
20201019051017,10.20.30.1/16,6
20201019051018,10.20.30.1/16,-
20201019051019,10.20.30.1/16,15
20201019051020,10.77.1.1/24,7
20201019051021,10.77.1.1/24,-
20201019051022,10.77.1.1/24,4
20201019051023,192.168.1.2/24,4
20201019051024,10.20.30.2/16,26
20201019051025,10.77.1.2/24,-
20201019051026,10.20.30.1/16,1
20201019051027,10.77.1.1/24,-
20201019051029,10.77.1.2/24,8
20201019051030,10.77.1.1/24,4
20201019051032,10.77.1.2/24,47
20201019051033,10.77.1.1/24,24
20201019051035,10.77.1.1/24,9
20201019051036,10.20.30.1/16,9
20201019051037,10.77.1.1/24,6
20201019051038,10.20.30.1/16,72
20201019051039,192.168.1.1/24,-
20201019051041,10.77.1.1/24,3
20201019051042,10.77.1.1/24,24
20201019051043,10.20.30.1/16,7
20201019051044,192.168.1.2/24,1
20201019051045,10.20.30.1/16,5
20201019051046,10.77.1.1/24,-
20201019051047,10.20.30.1/16,-
20201019051048,10.77.1.1/24,-
20201019051049,10.20.30.2/16,21
20201019051050,192.168.1.2/24,9
20201019051051,10.20.30.2/16,5
20201019051052,192.168.1.2/24,-
20201019051053,10.77.1.1/24,4
20201019051054,192.168.1.2/24,-
20201019051056,192.168.1.1/24,-
20201019051057,10.77.1.1/24,-
20201019051058,192.168.1.1/24,1
20201019051059,192.168.1.2/24,-
20201019051101,10.20.30.1/16,5
20201019051102,10.77.1.1/24,7
20201019051104,192.168.1.1/24,82
20201019051105,10.20.30.1/16,8
20201019051106,10.20.30.1/16,-
20201019051108,10.20.30.2/16,2
20201019051109,192.168.1.1/24,5
20201019051110,192.168.1.2/24,78
20201019051111,10.20.30.2/16,7
20201019051112,10.20.30.2/16,79
20201019051113,10.77.1.1/24,-
20201019051114,192.168.1.1/24,-
20201019051115,192.168.1.1/24,4
20201019051116,10.20.30.2/16,8
20201019051118,10.20.30.1/16,18
20201019051119,10.20.30.2/16,5
20201019051120,10.77.1.1/24,4
20201019051121,10.20.30.2/16,-
20201019051122,192.168.1.2/24,5
20201019051124,10.20.30.1/16,7
20201019051125,10.20.30.2/16,2
20201019051126,10.20.30.1/16,4
20201019051127,10.20.30.2/16,7
20201019051129,10.77.1.2/24,8
20201019051130,10.77.1.1/24,56
20201019051131,10.20.30.2/16,9
20201019051132,192.168.1.1/24,7
20201019051134,10.77.1.2/24,-
20201019051135,10.20.30.2/16,3
20201019051137,192.168.1.2/24,-
20201019051138,10.77.1.1/24,5
20201019051139,10.77.1.1/24,3
20201019051141,10.77.1.1/24,5
20201019051142,10.20.30.1/16,2
20201019051143,10.20.30.2/16,-
20201019051144,10.20.30.1/16,8
20201019051145,192.168.1.1/24,14
20201019051147,10.20.30.2/16,2
20201019051148,10.20.30.2/16,29
20201019051149,10.20.30.2/16,46
20201019051151,192.168.1.1/24,4
20201019051152,10.77.1.2/24,2
20201019051153,192.168.1.2/24,7
20201019051154,10.20.30.2/16,-
20201019051155,10.20.30.1/16,7
20201019051156,10.77.1.1/24,8
20201019051157,10.77.1.2/24,25
20201019051158,10.20.30.1/16,1
20201019051159,192.168.1.1/24,9
20201019051200,192.168.1.2/24,-
20201019051201,10.20.30.1/16,6
20201019051202,192.168.1.1/24,1
20201019051203,10.20.30.2/16,-
20201019051204,192.168.1.1/24,3
20201019051205,10.77.1.1/24,9
20201019051206,10.20.30.2/16,9
20201019051207,10.20.30.2/16,5
20201019051208,192.168.1.1/24,-
20201019051210,10.20.30.2/16,27
20201019051211,10.20.30.2/16,58
20201019051212,10.77.1.2/24,3
20201019051213,10.77.1.2/24,37
20201019051215,192.168.1.2/24,3
20201019051216,10.20.30.2/16,8
20201019051218,192.168.1.2/24,-
20201019051220,10.77.1.1/24,13
20201019051221,10.20.30.2/16,5
20201019051223,10.77.1.1/24,9
20201019051225,10.77.1.1/24,-
20201019051226,192.168.1.1/24,5
20201019051227,10.20.30.1/16,4
20201019051228,10.20.30.1/16,4
20201019051229,10.20.30.2/16,9
20201019051230,10.77.1.1/24,18
20201019051231,192.168.1.1/24,30
20201019051232,10.20.30.2/16,2
20201019051233,10.77.1.1/24,24
20201019051235,10.77.1.1/24,6
20201019051237,192.168.1.2/24,-
20201019051238,10.20.30.2/16,3
20201019051240,10.20.30.2/16,74
20201019051242,192.168.1.2/24,8
20201019051244,10.20.30.2/16,3
20201019051246,192.168.1.1/24,4
20201019051247,192.168.1.2/24,2
20201019051249,10.77.1.2/24,8
20201019051250,10.77.1.2/24,7
20201019051251,192.168.1.1/24,67
20201019051252,10.20.30.1/16,1
20201019051253,10.20.30.1/16,6
20201019051255,10.20.30.1/16,40
20201019051256,10.20.30.2/16,-
20201019051257,192.168.1.2/24,-
20201019051258,10.20.30.2/16,4
20201019051259,192.168.1.1/24,10
20201019051300,10.77.1.1/24,6
20201019051301,192.168.1.1/24,5
20201019051302,192.168.1.2/24,33
20201019051303,10.77.1.1/24,-
20201019051304,10.20.30.1/16,-
20201019051305,192.168.1.2/24,43
20201019051306,10.77.1.2/24,-
20201019051307,10.77.1.1/24,-
20201019051309,10.20.30.2/16,7
20201019051310,10.20.30.2/16,3
20201019051311,192.168.1.1/24,9
20201019051312,192.168.1.1/24,7
20201019051313,10.77.1.2/24,4
20201019051314,10.20.30.2/16,8
20201019051315,10.77.1.1/24,48
20201019051316,10.20.30.2/16,5
20201019051317,10.20.30.1/16,3
20201019051318,192.168.1.1/24,8
20201019051320,192.168.1.2/24,63
20201019051321,192.168.1.1/24,-
20201019051322,10.77.1.2/24,34
20201019051323,10.20.30.1/16,-
20201019051324,10.20.30.1/16,4
20201019051325,10.77.1.1/24,6
20201019051326,10.77.1.2/24,5
20201019051327,10.77.1.1/24,7
20201019051328,10.20.30.2/16,9
20201019051330,192.168.1.2/24,3
20201019051332,192.168.1.2/24,4
20201019051333,192.168.1.1/24,2
20201019051335,10.20.30.2/16,5
20201019051336,10.77.1.1/24,1
20201019051337,10.20.30.1/16,37
20201019051338,10.20.30.1/16,1
20201019051340,10.20.30.2/16,-
20201019051342,192.168.1.1/24,89
20201019051343,10.20.30.1/16,7
20201019051344,10.20.30.1/16,39
20201019051345,192.168.1.1/24,5
20201019051346,192.168.1.2/24,-
20201019051347,192.168.1.1/24,22
20201019051348,10.20.30.2/16,7
20201019051349,10.20.30.1/16,-
20201019051350,10.20.30.2/16,3
20201019051352,10.77.1.2/24,8
20201019051353,10.77.1.2/24,92
20201019051354,10.20.30.2/16,8
20201019051355,10.77.1.2/24,6
20201019051356,10.77.1.2/24,-
20201019051358,10.77.1.2/24,38
20201019051359,10.20.30.1/16,4
20201019051400,10.20.30.2/16,-
20201019051401,10.77.1.1/24,9
20201019051403,192.168.1.1/24,8
20201019051405,10.20.30.1/16,4
20201019051406,10.77.1.2/24,-
20201019051407,10.20.30.1/16,9
20201019051408,192.168.1.2/24,-
20201019051410,10.77.1.1/24,9
20201019051411,10.77.1.2/24,-
20201019051412,10.20.30.1/16,3
20201019051414,192.168.1.2/24,-
20201019051415,10.20.30.1/16,6
20201019051416,10.20.30.1/16,-
20201019051418,192.168.1.2/24,9
20201019051419,192.168.1.2/24,-
20201019051420,10.77.1.2/24,-
20201019051421,10.20.30.1/16,-
20201019051423,192.168.1.1/24,5
20201019051424,192.168.1.2/24,23
20201019051426,10.20.30.1/16,5
20201019051428,10.20.30.1/16,5
20201019051429,192.168.1.2/24,7
20201019051430,10.20.30.2/16,8
20201019051431,10.20.30.2/16,5
20201019051432,10.20.30.2/16,9
20201019051433,10.77.1.1/24,8
20201019051434,192.168.1.1/24,4
20201019051435,10.77.1.1/24,13
20201019051436,10.20.30.2/16,-
20201019051437,10.77.1.2/24,1
20201019051439,10.77.1.2/24,8
20201019051440,10.77.1.1/24,6
20201019051441,192.168.1.1/24,63
20201019051442,192.168.1.2/24,23
20201019051443,10.77.1.2/24,-
20201019051444,192.168.1.2/24,6
20201019051445,10.20.30.1/16,11
20201019051446,10.77.1.1/24,2
20201019051447,192.168.1.1/24,8
20201019051448,10.77.1.2/24,2
20201019051449,10.20.30.2/16,2
20201019051450,10.20.30.1/16,5
20201019051451,192.168.1.1/24,6
20201019051452,10.77.1.1/24,5
20201019051454,192.168.1.2/24,8
20201019051456,10.77.1.1/24,5
20201019051457,10.20.30.2/16,26
20201019051458,10.77.1.1/24,-
20201019051459,10.20.30.1/16,53
20201019051501,10.77.1.2/24,8
20201019051502,10.77.1.2/24,9
20201019051503,10.77.1.1/24,36
20201019051504,10.77.1.2/24,10
20201019051505,10.20.30.2/16,9
20201019051507,192.168.1.1/24,-
20201019051508,10.20.30.2/16,1
20201019051510,10.77.1.2/24,5
20201019051511,10.77.1.1/24,-
20201019051512,192.168.1.1/24,49
20201019051513,10.77.1.2/24,5
20201019051514,192.168.1.2/24,6
20201019051515,10.77.1.1/24,6
20201019051517,192.168.1.1/24,9
20201019051518,10.20.30.2/16,6
20201019051519,10.77.1.2/24,-
20201019051520,192.168.1.2/24,2
20201019051521,10.77.1.1/24,43
20201019051522,10.77.1.1/24,3
20201019051523,10.20.30.1/16,1
20201019051524,192.168.1.2/24,5
20201019051526,10.20.30.2/16,-
20201019051527,10.77.1.2/24,-
20201019051529,10.77.1.2/24,-
20201019051530,192.168.1.2/24,-
20201019051531,192.168.1.2/24,12
20201019051532,10.20.30.1/16,-
20201019051533,10.20.30.2/16,9
20201019051534,10.77.1.2/24,3
20201019051535,192.168.1.2/24,1
20201019051536,10.20.30.1/16,-
20201019051538,192.168.1.1/24,5
20201019051539,10.77.1.2/24,-
20201019051540,192.168.1.2/24,2
20201019051541,192.168.1.1/24,2
20201019051542,10.77.1.1/24,26
20201019051544,192.168.1.1/24,5
20201019051545,10.77.1.2/24,17
20201019051546,10.20.30.2/16,26
20201019051547,10.20.30.2/16,43
20201019051549,10.77.1.1/24,8
20201019051551,192.168.1.1/24,7
20201019051552,10.77.1.1/24,0
20201019051553,10.20.30.1/16,-
20201019051555,10.20.30.2/16,-
20201019051557,10.77.1.2/24,10
20201019051558,192.168.1.1/24,12
20201019051559,192.168.1.1/24,77
20201019051600,10.77.1.1/24,9
20201019051601,10.20.30.2/16,5
20201019051602,10.77.1.1/24,2
20201019051603,10.77.1.1/24,-
20201019051604,10.20.30.1/16,7
20201019051605,10.20.30.1/16,62
20201019051606,10.20.30.2/16,6
20201019051608,10.77.1.1/24,1
20201019051610,10.77.1.1/24,12
20201019051612,10.20.30.2/16,5
20201019051613,10.77.1.1/24,88
20201019051614,10.20.30.1/16,8
20201019051615,192.168.1.2/24,25
20201019051616,10.77.1.2/24,44
20201019051617,10.20.30.2/16,24
20201019051618,10.77.1.1/24,4
20201019051620,192.168.1.2/24,41
20201019051622,10.20.30.1/16,8
20201019051624,10.20.30.1/16,5
20201019051625,10.20.30.2/16,-
20201019051626,192.168.1.1/24,-
20201019051627,10.20.30.1/16,1
20201019051628,192.168.1.2/24,-
20201019051630,10.20.30.2/16,6
20201019051631,10.77.1.1/24,-
20201019051632,192.168.1.2/24,-
20201019051633,10.20.30.2/16,43
20201019051634,10.20.30.2/16,6
20201019051635,10.77.1.1/24,8
20201019051636,192.168.1.2/24,29
20201019051637,10.77.1.1/24,60
20201019051638,192.168.1.1/24,7
20201019051639,10.20.30.2/16,-
20201019051640,10.77.1.1/24,86
20201019051641,10.20.30.2/16,6
20201019051642,192.168.1.1/24,3
20201019051643,10.77.1.1/24,4
20201019051644,10.77.1.2/24,4
20201019051645,10.20.30.1/16,45
20201019051646,10.20.30.2/16,45
20201019051648,10.20.30.1/16,-
20201019051650,10.77.1.1/24,68
20201019051651,10.20.30.1/16,11
20201019051653,10.77.1.2/24,8
20201019051654,10.77.1.1/24,14
20201019051655,192.168.1.1/24,9
20201019051656,10.20.30.1/16,5
20201019051657,192.168.1.2/24,4
20201019051659,192.168.1.1/24,-
20201019051700,10.20.30.2/16,-
20201019051701,10.77.1.2/24,-
20201019051702,10.77.1.2/24,16
20201019051703,10.77.1.2/24,1
20201019051704,10.77.1.2/24,5
20201019051705,10.20.30.1/16,-
20201019051706,192.168.1.2/24,5
20201019051708,10.20.30.2/16,6
20201019051710,192.168.1.2/24,-
20201019051712,10.20.30.1/16,-
20201019051713,192.168.1.1/24,30
20201019051715,10.77.1.1/24,5
20201019051716,10.20.30.2/16,97
20201019051717,10.77.1.1/24,-
20201019051719,10.77.1.2/24,6
20201019051720,10.20.30.1/16,-
20201019051721,192.168.1.2/24,-
20201019051722,192.168.1.2/24,7
20201019051723,10.20.30.1/16,-
20201019051724,10.20.30.1/16,-
20201019051725,192.168.1.2/24,-
20201019051726,10.20.30.2/16,9
20201019051727,192.168.1.1/24,6
20201019051728,10.20.30.1/16,9
20201019051730,10.77.1.2/24,3
20201019051731,192.168.1.1/24,3
20201019051732,10.20.30.2/16,-
20201019051734,10.77.1.2/24,4
20201019051736,192.168.1.2/24,2
20201019051737,192.168.1.2/24,68
20201019051739,192.168.1.2/24,8
20201019051740,10.77.1.2/24,8
20201019051741,10.77.1.2/24,17
20201019051742,192.168.1.2/24,-
20201019051743,10.20.30.1/16,-
20201019051745,10.77.1.2/24,73
20201019051747,10.77.1.2/24,9
20201019051749,10.20.30.2/16,9
20201019051750,10.20.30.1/16,7
20201019051752,10.77.1.2/24,-
20201019051753,10.77.1.2/24,6
20201019051754,10.20.30.1/16,9
20201019051755,10.20.30.2/16,33
20201019051756,10.20.30.2/16,-
20201019051758,10.77.1.2/24,-
20201019051759,192.168.1.2/24,8
20201019051800,192.168.1.2/24,0
20201019051801,10.20.30.2/16,7
20201019051802,192.168.1.2/24,61
20201019051803,10.20.30.2/16,1
20201019051804,10.77.1.1/24,92
20201019051805,10.77.1.1/24,11
20201019051807,10.77.1.1/24,64
20201019051808,10.77.1.2/24,-
20201019051809,192.168.1.2/24,-
20201019051810,10.20.30.2/16,-
20201019051812,10.77.1.1/24,7
20201019051814,10.77.1.1/24,-
20201019051815,10.77.1.1/24,8
20201019051816,192.168.1.1/24,-
20201019051818,10.20.30.2/16,-
20201019051820,192.168.1.1/24,-
20201019051821,192.168.1.2/24,8
20201019051822,10.77.1.1/24,9
20201019051823,10.77.1.2/24,1
20201019051824,10.77.1.2/24,1
20201019051825,192.168.1.2/24,-
20201019051826,192.168.1.2/24,7
20201019051827,10.20.30.2/16,-
20201019051829,192.168.1.1/24,-
20201019051830,10.20.30.2/16,10
20201019051832,10.20.30.1/16,67
20201019051833,10.20.30.2/16,-
20201019051834,10.20.30.2/16,29
20201019051835,10.77.1.2/24,11
20201019051837,192.168.1.2/24,7
20201019051838,10.77.1.1/24,-
20201019051839,192.168.1.1/24,-
20201019051841,192.168.1.2/24,9
20201019051842,10.77.1.1/24,87
20201019051843,192.168.1.2/24,59
20201019051844,192.168.1.1/24,-
20201019051845,10.20.30.2/16,6
20201019051846,10.77.1.2/24,9
20201019051847,10.20.30.2/16,-
20201019051848,10.20.30.1/16,1
20201019051849,10.20.30.1/16,6
20201019051850,10.20.30.1/16,7
20201019051851,10.20.30.1/16,9
20201019051853,10.77.1.1/24,7
20201019051854,192.168.1.1/24,-
20201019051855,10.20.30.1/16,57
20201019051856,10.20.30.2/16,5
20201019051857,10.77.1.2/24,-
20201019051858,192.168.1.1/24,1
20201019051859,10.20.30.2/16,-
20201019051900,10.20.30.2/16,4
20201019051901,10.77.1.2/24,46
20201019051903,192.168.1.2/24,8
20201019051905,10.77.1.2/24,-
20201019051906,10.77.1.1/24,-
20201019051907,192.168.1.1/24,-
20201019051908,10.77.1.2/24,5
20201019051910,192.168.1.2/24,42
20201019051912,192.168.1.1/24,-
20201019051913,10.77.1.2/24,-
20201019051914,192.168.1.1/24,4
20201019051915,10.20.30.1/16,3
20201019051916,10.20.30.1/16,4
20201019051918,10.77.1.2/24,1
20201019051919,10.77.1.1/24,19
20201019051920,10.20.30.2/16,2
20201019051921,10.20.30.1/16,2
20201019051922,10.20.30.2/16,-
20201019051923,10.20.30.1/16,9
20201019051925,192.168.1.2/24,3
20201019051927,10.77.1.1/24,-
20201019051928,10.20.30.1/16,57
20201019051929,192.168.1.2/24,48
20201019051930,10.77.1.2/24,1
20201019051931,192.168.1.2/24,11
20201019051932,192.168.1.1/24,91
20201019051933,192.168.1.2/24,1
20201019051934,10.20.30.1/16,1
20201019051936,10.20.30.1/16,61
20201019051937,192.168.1.1/24,-
20201019051938,10.77.1.1/24,3
20201019051939,10.20.30.1/16,8
20201019051940,192.168.1.1/24,5
20201019051941,10.20.30.1/16,3
20201019051942,10.77.1.2/24,5
20201019051944,192.168.1.1/24,79
20201019051945,10.77.1.1/24,2
20201019051946,192.168.1.2/24,-
20201019051947,10.77.1.2/24,3
20201019051948,192.168.1.1/24,15
20201019051949,10.20.30.1/16,6
20201019051950,10.20.30.1/16,1
20201019051952,192.168.1.2/24,4
20201019051953,10.20.30.1/16,9
20201019051955,192.168.1.1/24,3
20201019051956,10.77.1.1/24,6
20201019051958,10.77.1.2/24,-
20201019051959,192.168.1.2/24,-
20201019052000,10.77.1.2/24,-
20201019052001,192.168.1.2/24,4
20201019052002,10.77.1.1/24,6
20201019052003,10.77.1.2/24,7
20201019052004,10.77.1.1/24,-
20201019052006,10.77.1.2/24,5
20201019052007,10.77.1.2/24,25
20201019052008,10.20.30.1/16,6
20201019052009,10.20.30.1/16,3
20201019052010,10.20.30.1/16,19
20201019052011,10.20.30.2/16,5
20201019052012,10.20.30.2/16,3
20201019052014,10.20.30.2/16,-
20201019052015,10.77.1.2/24,-
20201019052016,192.168.1.1/24,4
20201019052017,10.77.1.2/24,-
20201019052018,192.168.1.2/24,26
20201019052019,10.77.1.2/24,8
20201019052020,10.77.1.2/24,5
20201019052022,10.20.30.2/16,28
20201019052023,192.168.1.1/24,12
20201019052024,192.168.1.2/24,-
20201019052025,192.168.1.1/24,1
20201019052027,10.77.1.1/24,-
20201019052028,10.20.30.1/16,-
20201019052029,10.77.1.1/24,2
20201019052030,10.20.30.2/16,-
20201019052031,10.77.1.1/24,5
20201019052032,192.168.1.1/24,8
20201019052033,10.20.30.1/16,-
20201019052034,10.77.1.1/24,-
20201019052036,192.168.1.2/24,-
20201019052038,10.20.30.1/16,7
20201019052039,10.20.30.1/16,6
20201019052041,192.168.1.1/24,4
20201019052042,10.77.1.1/24,6
20201019052043,10.77.1.1/24,74
20201019052044,10.20.30.1/16,-
20201019052045,10.77.1.2/24,3
20201019052046,10.20.30.2/16,-
20201019052047,192.168.1.2/24,9
20201019052049,10.77.1.1/24,-
20201019052050,10.77.1.2/24,81
20201019052051,192.168.1.2/24,3
20201019052052,192.168.1.2/24,2
20201019052053,10.77.1.1/24,75
20201019052054,10.20.30.1/16,67
20201019052056,10.77.1.1/24,6
20201019052057,10.20.30.2/16,2
20201019052058,10.77.1.2/24,9
20201019052059,10.77.1.1/24,3
20201019052100,10.20.30.2/16,2
20201019052101,192.168.1.2/24,7
20201019052102,10.77.1.1/24,5
20201019052103,10.20.30.2/16,8
20201019052104,10.20.30.1/16,7
20201019052105,10.77.1.2/24,3
20201019052107,10.77.1.1/24,33
20201019052109,10.20.30.1/16,-
20201019052110,10.77.1.2/24,4
20201019052111,10.77.1.2/24,13
20201019052112,192.168.1.1/24,8
20201019052114,10.77.1.1/24,6
20201019052115,192.168.1.1/24,11
20201019052116,10.77.1.2/24,-
20201019052117,192.168.1.2/24,-
20201019052118,192.168.1.2/24,7
20201019052119,10.77.1.2/24,72
20201019052120,10.20.30.1/16,11
20201019052121,10.77.1.1/24,2
20201019052123,10.20.30.2/16,4
20201019052124,10.20.30.1/16,2
20201019052125,192.168.1.1/24,2
20201019052126,10.77.1.2/24,-
20201019052127,192.168.1.1/24,-
20201019052128,192.168.1.1/24,-
20201019052129,10.77.1.2/24,77
20201019052130,192.168.1.2/24,50
20201019052131,10.77.1.1/24,2
20201019052132,10.20.30.1/16,92
20201019052133,10.20.30.2/16,6
20201019052134,192.168.1.2/24,-
20201019052135,10.20.30.2/16,-
20201019052136,192.168.1.2/24,-
20201019052138,10.20.30.2/16,2
20201019052139,192.168.1.2/24,7
20201019052140,192.168.1.1/24,48
20201019052141,10.77.1.2/24,15
20201019052142,10.20.30.1/16,8
20201019052144,192.168.1.1/24,6
20201019052145,10.20.30.2/16,27
20201019052146,10.77.1.2/24,6
20201019052147,10.20.30.2/16,-
20201019052149,10.20.30.1/16,65
20201019052150,10.77.1.1/24,13
20201019052151,192.168.1.1/24,18
20201019052153,10.77.1.2/24,7
20201019052154,10.77.1.2/24,71
20201019052155,192.168.1.1/24,8
20201019052156,10.77.1.1/24,-
20201019052157,192.168.1.1/24,8
20201019052158,10.77.1.1/24,-
20201019052200,10.77.1.1/24,2
20201019052201,192.168.1.2/24,38
20201019052203,10.77.1.2/24,57
20201019052204,10.20.30.1/16,6
20201019052205,10.20.30.2/16,-
20201019052207,10.77.1.2/24,-
20201019052209,192.168.1.1/24,1
20201019052211,10.20.30.1/16,-
20201019052212,10.77.1.1/24,2
20201019052213,192.168.1.1/24,4
20201019052214,192.168.1.2/24,2
20201019052215,10.20.30.1/16,-
20201019052216,192.168.1.1/24,-
20201019052217,10.77.1.1/24,14
20201019052218,10.77.1.1/24,-
20201019052219,10.20.30.1/16,63
20201019052220,10.77.1.1/24,9
20201019052221,10.20.30.1/16,3
20201019052222,192.168.1.2/24,6
20201019052224,10.77.1.1/24,-
20201019052226,192.168.1.2/24,48
20201019052227,10.77.1.1/24,4
20201019052228,10.77.1.1/24,7
20201019052229,192.168.1.1/24,-
20201019052230,10.77.1.2/24,4
20201019052231,10.77.1.2/24,5
20201019052233,10.20.30.1/16,9
20201019052234,10.77.1.2/24,18
20201019052235,10.77.1.2/24,9
20201019052236,192.168.1.2/24,16
20201019052237,10.20.30.2/16,71
20201019052239,10.77.1.1/24,-
20201019052241,10.20.30.1/16,-
20201019052242,10.20.30.1/16,10
20201019052244,10.77.1.1/24,23
20201019052246,10.20.30.1/16,-
20201019052247,10.20.30.2/16,3
20201019052248,10.20.30.1/16,12
20201019052249,10.77.1.2/24,7
20201019052250,10.77.1.2/24,3
20201019052251,192.168.1.2/24,73
20201019052252,10.20.30.1/16,87
20201019052253,192.168.1.2/24,15
20201019052254,192.168.1.2/24,4
20201019052256,192.168.1.2/24,7
20201019052258,10.77.1.2/24,1
20201019052259,10.77.1.2/24,36
20201019052300,10.20.30.2/16,-
20201019052302,10.20.30.2/16,8
20201019052303,192.168.1.1/24,56
20201019052304,10.20.30.2/16,-
20201019052305,10.77.1.2/24,5
20201019052307,10.20.30.2/16,48
20201019052309,10.20.30.1/16,7
20201019052310,10.20.30.1/16,-
20201019052311,10.77.1.2/24,-
20201019052313,192.168.1.1/24,-
20201019052314,10.20.30.2/16,1
20201019052316,10.77.1.1/24,73
20201019052318,10.20.30.1/16,-
20201019052319,10.77.1.2/24,38
20201019052320,192.168.1.2/24,39
20201019052321,192.168.1.1/24,6
20201019052323,192.168.1.1/24,-
20201019052324,192.168.1.2/24,1
20201019052326,10.77.1.2/24,8
20201019052327,10.20.30.2/16,4
20201019052328,192.168.1.1/24,47
20201019052330,192.168.1.2/24,-
20201019052331,10.20.30.1/16,3
20201019052333,10.20.30.2/16,4
20201019052334,10.77.1.2/24,6
20201019052335,10.77.1.1/24,9
20201019052336,10.20.30.1/16,14
20201019052337,10.20.30.1/16,5
20201019052339,10.77.1.1/24,94
20201019052340,10.77.1.2/24,2
20201019052341,192.168.1.2/24,50
20201019052342,10.77.1.2/24,32
20201019052343,10.77.1.1/24,90
20201019052345,10.77.1.2/24,-
20201019052346,192.168.1.1/24,8
20201019052347,10.77.1.1/24,-
20201019052348,10.77.1.2/24,-
20201019052349,10.77.1.2/24,6
20201019052350,10.77.1.2/24,-
20201019052351,10.77.1.1/24,71
20201019052352,192.168.1.2/24,-
20201019052353,192.168.1.1/24,9
20201019052354,10.77.1.1/24,62
20201019052355,10.20.30.1/16,30
20201019052356,10.77.1.2/24,-
20201019052357,192.168.1.2/24,8
20201019052359,10.77.1.2/24,-
20201019052400,10.77.1.1/24,-
20201019052401,10.20.30.1/16,2
20201019052402,192.168.1.1/24,6
20201019052403,10.20.30.2/16,-
20201019052404,10.77.1.1/24,-
20201019052405,10.77.1.1/24,-
20201019052406,10.77.1.2/24,9
20201019052407,10.77.1.2/24,-
20201019052408,10.20.30.1/16,4
20201019052409,10.77.1.2/24,72
20201019052410,192.168.1.1/24,-
20201019052412,10.20.30.2/16,73
20201019052413,10.77.1.2/24,5
20201019052415,10.77.1.2/24,7
20201019052416,10.77.1.2/24,4
20201019052417,10.20.30.1/16,2
20201019052418,10.20.30.1/16,10
20201019052419,192.168.1.1/24,-
20201019052420,10.20.30.2/16,3
20201019052421,10.77.1.2/24,-
20201019052422,10.20.30.1/16,-
20201019052423,10.20.30.2/16,-
20201019052424,10.20.30.1/16,63
20201019052425,10.20.30.1/16,5
20201019052426,10.20.30.1/16,21
20201019052427,10.20.30.2/16,9
20201019052428,10.77.1.2/24,9
20201019052429,10.20.30.2/16,3
20201019052430,10.77.1.1/24,4
20201019052431,192.168.1.2/24,74
20201019052432,10.20.30.2/16,1
20201019052433,192.168.1.1/24,3
20201019052435,10.77.1.1/24,-
20201019052437,10.77.1.1/24,-
20201019052439,10.77.1.1/24,47
20201019052440,10.20.30.1/16,8
20201019052441,192.168.1.1/24,3
20201019052442,10.20.30.2/16,2
20201019052444,10.77.1.1/24,-
20201019052445,10.77.1.1/24,-
20201019052446,10.77.1.1/24,1
20201019052447,10.20.30.1/16,22
20201019052448,10.77.1.2/24,3
20201019052449,10.20.30.1/16,47
20201019052450,10.77.1.1/24,3
20201019052451,10.20.30.1/16,-
20201019052452,10.77.1.2/24,7
20201019052453,10.77.1.2/24,58
20201019052455,10.20.30.1/16,5
20201019052456,192.168.1.1/24,90
20201019052457,192.168.1.2/24,-
20201019052459,10.20.30.2/16,9
20201019052500,192.168.1.1/24,9
20201019052501,192.168.1.2/24,6
20201019052503,10.77.1.2/24,9
20201019052504,10.20.30.1/16,74
20201019052506,10.77.1.1/24,10
20201019052507,10.77.1.2/24,8
20201019052508,10.77.1.1/24,45
20201019052509,10.77.1.2/24,-
20201019052510,10.20.30.2/16,-
20201019052511,10.77.1.1/24,4
20201019052512,192.168.1.2/24,7
20201019052513,192.168.1.1/24,1
20201019052515,10.20.30.1/16,-
20201019052517,10.77.1.1/24,6
20201019052518,192.168.1.2/24,7
20201019052519,192.168.1.1/24,6
20201019052520,10.77.1.2/24,8
20201019052521,192.168.1.1/24,5
20201019052523,10.20.30.2/16,8
20201019052524,10.20.30.1/16,18
20201019052525,10.77.1.1/24,8
20201019052526,192.168.1.2/24,5
20201019052527,10.20.30.2/16,5
20201019052529,192.168.1.2/24,9
20201019052530,10.77.1.1/24,8
20201019052531,10.77.1.2/24,7
20201019052532,192.168.1.2/24,-
20201019052533,192.168.1.2/24,16
20201019052534,10.20.30.2/16,8
20201019052536,10.20.30.1/16,79
20201019052537,192.168.1.1/24,-
20201019052538,10.77.1.2/24,2
20201019052539,10.20.30.1/16,9
20201019052540,10.77.1.1/24,9
20201019052541,192.168.1.1/24,4
20201019052542,192.168.1.1/24,-
20201019052544,10.20.30.1/16,2
20201019052545,192.168.1.1/24,1
20201019052546,10.20.30.2/16,2
20201019052547,10.20.30.1/16,3
20201019052548,192.168.1.2/24,13
20201019052549,10.77.1.1/24,-
20201019052550,192.168.1.1/24,-
20201019052551,10.20.30.1/16,-
20201019052553,10.20.30.1/16,-
20201019052554,192.168.1.1/24,23
20201019052556,192.168.1.1/24,6
20201019052557,10.20.30.2/16,-
20201019052558,10.20.30.1/16,7
20201019052600,10.20.30.1/16,-
20201019052602,10.77.1.1/24,-
20201019052603,10.20.30.2/16,6
20201019052604,10.20.30.2/16,4
20201019052605,10.77.1.2/24,7
20201019052606,192.168.1.2/24,8
20201019052607,192.168.1.2/24,3
20201019052608,192.168.1.2/24,36
20201019052609,10.20.30.1/16,-
20201019052610,192.168.1.2/24,75
20201019052612,10.20.30.2/16,64
20201019052613,10.77.1.2/24,-
20201019052615,192.168.1.1/24,3
20201019052616,192.168.1.2/24,2
20201019052618,10.77.1.2/24,1
20201019052619,10.77.1.2/24,8
20201019052620,10.77.1.2/24,24
20201019052621,10.20.30.2/16,3
20201019052623,192.168.1.2/24,2
20201019052624,10.77.1.2/24,6
20201019052626,192.168.1.2/24,1
20201019052627,10.77.1.1/24,-
20201019052628,10.20.30.2/16,-
20201019052629,10.20.30.1/16,51
20201019052630,10.20.30.2/16,8
20201019052631,10.77.1.1/24,4
20201019052632,10.77.1.2/24,10
20201019052633,10.20.30.2/16,23
20201019052634,10.20.30.1/16,56
20201019052635,10.20.30.1/16,9
20201019052636,10.20.30.2/16,2
20201019052637,10.77.1.1/24,4
20201019052638,10.77.1.1/24,44
20201019052639,10.77.1.1/24,2
20201019052641,192.168.1.2/24,1
20201019052642,10.77.1.2/24,2
20201019052643,192.168.1.2/24,9
20201019052644,192.168.1.1/24,83
20201019052645,192.168.1.1/24,27
20201019052646,192.168.1.1/24,-
20201019052648,10.20.30.2/16,9
20201019052650,192.168.1.2/24,4
20201019052652,10.20.30.1/16,18
20201019052653,10.77.1.2/24,8
20201019052655,10.20.30.1/16,8
20201019052656,192.168.1.2/24,9
20201019052657,10.20.30.1/16,59
20201019052658,10.77.1.2/24,41
20201019052659,192.168.1.1/24,9
20201019052701,10.20.30.2/16,-
20201019052702,192.168.1.2/24,3
20201019052703,192.168.1.2/24,1
20201019052704,10.20.30.2/16,7
20201019052706,10.77.1.2/24,7
20201019052708,192.168.1.1/24,11
20201019052709,192.168.1.2/24,90
20201019052710,10.77.1.2/24,5
20201019052711,10.77.1.2/24,6
20201019052712,192.168.1.1/24,4
20201019052714,10.77.1.1/24,3
20201019052716,10.77.1.2/24,3
20201019052718,192.168.1.2/24,6
20201019052719,10.20.30.2/16,8
20201019052721,192.168.1.1/24,7
20201019052722,192.168.1.2/24,-
20201019052723,192.168.1.1/24,12
20201019052724,10.77.1.1/24,73
20201019052725,10.77.1.1/24,33
20201019052726,192.168.1.1/24,3
20201019052727,192.168.1.2/24,27
20201019052728,10.20.30.1/16,8
20201019052730,10.20.30.1/16,8
20201019052731,10.77.1.2/24,9
20201019052733,10.20.30.2/16,9
20201019052735,192.168.1.1/24,2
20201019052737,10.77.1.2/24,5
20201019052738,10.20.30.2/16,7
20201019052739,10.20.30.2/16,7
20201019052740,10.77.1.2/24,16
20201019052741,192.168.1.1/24,6
20201019052742,10.20.30.1/16,1
20201019052743,10.77.1.1/24,84
20201019052744,10.77.1.1/24,-
20201019052745,192.168.1.2/24,6
20201019052746,10.20.30.2/16,87
20201019052748,10.77.1.1/24,-
20201019052749,192.168.1.2/24,9
20201019052751,192.168.1.2/24,6
20201019052752,10.20.30.2/16,11
20201019052753,192.168.1.2/24,8
20201019052754,10.77.1.1/24,28
20201019052755,192.168.1.2/24,-
20201019052756,10.77.1.1/24,-
20201019052757,10.20.30.1/16,5
20201019052758,10.77.1.1/24,3
20201019052759,10.20.30.2/16,8
20201019052800,192.168.1.2/24,1
20201019052801,192.168.1.1/24,36
20201019052802,10.20.30.2/16,9
20201019052803,192.168.1.1/24,-
20201019052804,10.77.1.2/24,-
20201019052805,10.20.30.2/16,6
20201019052806,10.20.30.2/16,4
20201019052807,10.77.1.2/24,4
20201019052808,10.77.1.1/24,-
20201019052809,192.168.1.2/24,-
20201019052810,192.168.1.2/24,7
20201019052811,192.168.1.2/24,52
20201019052813,10.77.1.1/24,-
20201019052815,10.20.30.2/16,-
20201019052816,10.20.30.1/16,15
20201019052817,192.168.1.1/24,3
20201019052818,10.20.30.2/16,38
20201019052819,10.77.1.2/24,9
20201019052820,10.20.30.1/16,4
20201019052821,192.168.1.2/24,14
20201019052822,10.77.1.2/24,29
20201019052823,10.77.1.2/24,-
20201019052824,192.168.1.1/24,21
20201019052825,10.77.1.1/24,4
20201019052826,10.77.1.1/24,8
20201019052827,192.168.1.2/24,-
20201019052829,192.168.1.1/24,43
20201019052830,10.20.30.1/16,3
20201019052831,10.20.30.1/16,7
20201019052833,192.168.1.1/24,7
20201019052834,10.77.1.2/24,6
20201019052835,10.77.1.2/24,-
20201019052836,10.20.30.1/16,-
20201019052837,10.77.1.1/24,-
20201019052838,10.77.1.1/24,25
20201019052839,10.77.1.2/24,-
20201019052840,10.20.30.2/16,9
20201019052841,10.20.30.2/16,7
20201019052842,10.77.1.2/24,-
20201019052844,192.168.1.1/24,-
20201019052846,192.168.1.2/24,-
20201019052847,192.168.1.2/24,8
20201019052848,10.20.30.1/16,3
20201019052849,10.77.1.1/24,-
20201019052851,10.20.30.1/16,-
20201019052852,10.77.1.1/24,-
20201019052853,10.20.30.2/16,8
20201019052854,10.77.1.2/24,4
20201019052855,10.77.1.2/24,4
20201019052856,10.77.1.1/24,-
20201019052857,10.77.1.2/24,7
20201019052859,10.77.1.2/24,4
20201019052900,10.77.1.1/24,2
20201019052901,10.77.1.2/24,5
20201019052903,192.168.1.1/24,47
20201019052904,10.77.1.2/24,9
20201019052905,192.168.1.1/24,9
20201019052906,10.77.1.2/24,3
20201019052907,10.77.1.1/24,42
20201019052908,10.77.1.2/24,5
20201019052909,10.77.1.1/24,7
20201019052910,10.20.30.1/16,-
20201019052911,10.77.1.2/24,64
20201019052912,10.77.1.1/24,3
20201019052913,10.77.1.1/24,2
20201019052914,192.168.1.2/24,54
20201019052915,192.168.1.1/24,3
20201019052916,10.77.1.2/24,8
20201019052917,10.20.30.2/16,4
20201019052918,10.20.30.1/16,97
20201019052919,10.20.30.2/16,3
20201019052920,192.168.1.1/24,26
20201019052921,192.168.1.1/24,-
20201019052923,192.168.1.2/24,9
20201019052924,192.168.1.2/24,-
20201019052925,192.168.1.2/24,7
20201019052926,10.77.1.2/24,-
20201019052928,10.20.30.1/16,76
20201019052929,10.20.30.1/16,11
20201019052930,192.168.1.2/24,5
20201019052931,10.77.1.1/24,1
20201019052932,10.20.30.1/16,2
20201019052933,10.77.1.1/24,1
20201019052935,192.168.1.1/24,7
20201019052937,192.168.1.2/24,50
20201019052938,192.168.1.1/24,5
20201019052939,192.168.1.1/24,25
20201019052941,192.168.1.2/24,5
20201019052942,10.20.30.1/16,-
20201019052944,192.168.1.2/24,9
20201019052945,10.20.30.1/16,1
20201019052946,192.168.1.1/24,11
20201019052947,10.20.30.1/16,-
20201019052948,192.168.1.2/24,36
20201019052949,192.168.1.2/24,16
20201019052951,192.168.1.2/24,1
20201019052952,192.168.1.1/24,2
20201019052953,10.77.1.2/24,-
20201019052954,10.20.30.1/16,4
20201019052955,192.168.1.2/24,97
20201019052956,10.20.30.2/16,6
20201019052957,10.20.30.2/16,7
20201019052959,10.20.30.2/16,8
20201019053001,10.20.30.1/16,15
20201019053002,192.168.1.1/24,9
20201019053003,10.77.1.2/24,4
20201019053005,192.168.1.1/24,3
20201019053006,10.20.30.2/16,3
20201019053007,10.77.1.1/24,10
20201019053009,10.20.30.2/16,2
20201019053010,10.20.30.2/16,4
20201019053011,10.77.1.2/24,3
20201019053012,192.168.1.2/24,31
20201019053014,10.77.1.2/24,7
20201019053016,10.77.1.1/24,38
20201019053017,10.77.1.2/24,9
20201019053018,10.77.1.2/24,3
20201019053019,10.77.1.1/24,4
20201019053020,10.77.1.1/24,9
20201019053021,192.168.1.1/24,10
20201019053022,10.20.30.1/16,3
20201019053024,10.20.30.1/16,-
20201019053025,192.168.1.2/24,91
20201019053026,10.77.1.1/24,-
20201019053027,10.77.1.2/24,-
20201019053028,10.77.1.1/24,2
20201019053029,192.168.1.2/24,7
20201019053031,10.77.1.2/24,81
20201019053032,10.20.30.2/16,5
20201019053033,10.20.30.2/16,3
20201019053034,192.168.1.2/24,8
20201019053036,10.20.30.1/16,8
20201019053037,10.20.30.1/16,2
20201019053038,10.20.30.2/16,-
20201019053039,10.20.30.2/16,9
20201019053040,10.77.1.1/24,22
20201019053041,10.20.30.2/16,2
20201019053042,10.77.1.1/24,61
20201019053043,10.77.1.1/24,12
20201019053044,192.168.1.2/24,-
20201019053045,192.168.1.1/24,9
20201019053046,10.20.30.1/16,3
20201019053047,192.168.1.2/24,-
20201019053048,10.20.30.2/16,3
20201019053049,10.77.1.2/24,-
20201019053050,10.77.1.2/24,-
20201019053052,10.77.1.1/24,8
20201019053053,192.168.1.1/24,-
20201019053055,192.168.1.1/24,7
20201019053056,10.77.1.1/24,-
20201019053058,10.77.1.2/24,-
20201019053059,192.168.1.1/24,72
20201019053100,10.20.30.2/16,-
20201019053102,192.168.1.2/24,76
20201019053103,192.168.1.1/24,7
20201019053104,10.77.1.2/24,40
20201019053105,10.20.30.1/16,9
20201019053107,10.20.30.2/16,7
20201019053108,10.20.30.2/16,20
20201019053109,10.77.1.2/24,4
20201019053110,10.20.30.2/16,1
20201019053111,192.168.1.1/24,7
20201019053112,10.20.30.1/16,1
20201019053113,10.20.30.1/16,5
20201019053114,10.77.1.1/24,88
20201019053115,192.168.1.2/24,3
20201019053116,10.77.1.1/24,7
20201019053117,192.168.1.2/24,15
20201019053119,10.20.30.1/16,5
20201019053120,10.77.1.2/24,5
20201019053121,192.168.1.1/24,1
20201019053122,192.168.1.1/24,-
20201019053123,192.168.1.1/24,8
20201019053124,10.20.30.1/16,13
20201019053125,192.168.1.2/24,15
20201019053126,10.20.30.2/16,9
20201019053127,192.168.1.1/24,-
20201019053129,192.168.1.1/24,4
20201019053130,10.20.30.1/16,-
20201019053131,192.168.1.2/24,1
20201019053132,10.20.30.2/16,8
20201019053133,10.20.30.1/16,14
20201019053134,192.168.1.2/24,52
20201019053135,10.20.30.1/16,9
20201019053136,10.20.30.1/16,29
20201019053137,10.77.1.1/24,-
20201019053138,10.77.1.1/24,9
20201019053139,10.20.30.2/16,8
20201019053140,10.77.1.1/24,5
20201019053142,10.77.1.1/24,-
20201019053143,192.168.1.1/24,-
20201019053144,192.168.1.1/24,3
20201019053146,192.168.1.1/24,-
20201019053147,10.20.30.1/16,-
20201019053149,192.168.1.1/24,-
20201019053150,192.168.1.2/24,2
20201019053151,10.20.30.1/16,77
20201019053153,10.77.1.1/24,-
20201019053155,10.20.30.1/16,8
20201019053157,10.77.1.1/24,-
20201019053158,192.168.1.2/24,4
20201019053159,10.20.30.1/16,-
20201019053200,10.20.30.2/16,4
20201019053201,192.168.1.2/24,2
20201019053203,10.77.1.1/24,-
20201019053204,10.20.30.2/16,44
20201019053205,10.77.1.1/24,3
20201019053206,10.20.30.1/16,-
20201019053207,192.168.1.2/24,-
20201019053208,10.77.1.1/24,-
20201019053209,10.20.30.1/16,-
20201019053210,192.168.1.2/24,-
20201019053211,192.168.1.1/24,1
20201019053212,192.168.1.2/24,59
20201019053214,10.77.1.1/24,-
20201019053215,10.20.30.2/16,8
20201019053217,10.20.30.2/16,7
20201019053218,10.20.30.1/16,87
20201019053219,10.20.30.1/16,14
20201019053220,192.168.1.1/24,8
20201019053221,192.168.1.1/24,7
20201019053222,192.168.1.2/24,-
20201019053223,10.20.30.2/16,1
20201019053224,10.77.1.2/24,2
20201019053225,10.77.1.1/24,7
20201019053226,192.168.1.2/24,4
20201019053227,10.77.1.2/24,6
20201019053228,10.20.30.2/16,47
20201019053229,10.77.1.1/24,3
20201019053231,10.77.1.2/24,27
20201019053232,10.77.1.1/24,8
20201019053233,10.77.1.1/24,27
20201019053234,192.168.1.1/24,4
20201019053235,192.168.1.2/24,61
20201019053237,10.20.30.1/16,-
20201019053238,10.20.30.1/16,28
20201019053239,192.168.1.2/24,9
20201019053240,10.77.1.1/24,-
20201019053241,10.20.30.2/16,42
20201019053243,192.168.1.1/24,55
20201019053244,10.20.30.1/16,7
20201019053245,10.20.30.2/16,-
20201019053246,10.77.1.1/24,1
20201019053248,10.20.30.2/16,9
20201019053249,192.168.1.2/24,7
20201019053250,10.20.30.2/16,5
20201019053251,10.77.1.1/24,-
20201019053252,192.168.1.1/24,-
20201019053254,192.168.1.2/24,7
20201019053255,10.77.1.1/24,63
20201019053256,10.77.1.2/24,-
20201019053258,192.168.1.1/24,7
20201019053259,10.77.1.2/24,3
20201019053300,192.168.1.1/24,-
20201019053301,192.168.1.2/24,6
20201019053302,10.20.30.2/16,10
20201019053304,10.77.1.1/24,-
20201019053305,10.20.30.2/16,6
20201019053307,192.168.1.1/24,8
20201019053309,192.168.1.1/24,3
20201019053310,10.20.30.1/16,2
20201019053311,192.168.1.2/24,8
20201019053313,192.168.1.1/24,6
20201019053314,10.77.1.1/24,9
20201019053315,10.77.1.1/24,21
20201019053316,10.20.30.1/16,-
20201019053317,192.168.1.2/24,6
20201019053318,192.168.1.1/24,6
20201019053319,10.77.1.1/24,17
20201019053320,192.168.1.2/24,7
20201019053321,10.20.30.2/16,17
20201019053322,192.168.1.2/24,15
20201019053323,10.20.30.1/16,-
20201019053324,10.77.1.1/24,4
20201019053325,192.168.1.1/24,6
20201019053327,192.168.1.2/24,-
20201019053328,192.168.1.1/24,2
20201019053329,192.168.1.2/24,7
20201019053330,10.20.30.1/16,-
20201019053331,10.20.30.1/16,45
20201019053332,192.168.1.2/24,98
20201019053333,10.77.1.2/24,8
20201019053334,192.168.1.1/24,33
20201019053335,10.20.30.1/16,-
20201019053336,10.20.30.2/16,4
20201019053337,192.168.1.2/24,3
20201019053338,10.77.1.1/24,7
20201019053339,192.168.1.1/24,7
20201019053341,192.168.1.1/24,9
20201019053342,192.168.1.2/24,6
20201019053343,10.20.30.1/16,-
20201019053344,10.20.30.1/16,1
20201019053346,10.20.30.2/16,5
20201019053347,10.20.30.2/16,-
20201019053348,10.20.30.2/16,55
20201019053350,10.20.30.2/16,10
20201019053351,192.168.1.2/24,-
20201019053353,10.77.1.2/24,7
20201019053354,10.77.1.1/24,7
20201019053355,10.77.1.2/24,8
20201019053356,10.20.30.1/16,2
20201019053357,192.168.1.2/24,-
20201019053358,10.77.1.2/24,5
20201019053359,192.168.1.2/24,4
20201019053400,10.20.30.1/16,5
20201019053401,10.20.30.1/16,-
20201019053402,10.20.30.1/16,6
20201019053403,10.77.1.1/24,3
20201019053405,192.168.1.2/24,-
20201019053407,10.77.1.2/24,8
20201019053408,192.168.1.2/24,54
20201019053410,10.20.30.1/16,5
20201019053411,192.168.1.1/24,3
20201019053412,192.168.1.2/24,21
20201019053413,10.77.1.1/24,-
20201019053414,10.77.1.1/24,10
20201019053415,10.77.1.2/24,3
20201019053417,10.77.1.2/24,1
20201019053418,10.20.30.2/16,9
20201019053419,10.20.30.1/16,12
20201019053420,10.20.30.1/16,15
20201019053422,192.168.1.2/24,44
20201019053423,192.168.1.2/24,37
20201019053424,10.20.30.1/16,-
20201019053425,10.77.1.1/24,98
20201019053426,10.20.30.1/16,-
20201019053427,10.77.1.1/24,80
20201019053428,10.20.30.2/16,5
20201019053429,192.168.1.1/24,7
20201019053430,10.77.1.1/24,7
20201019053431,192.168.1.2/24,1
20201019053432,10.20.30.2/16,2
20201019053434,10.20.30.1/16,49
20201019053436,10.20.30.2/16,9
20201019053438,192.168.1.1/24,5
20201019053440,10.20.30.2/16,65
20201019053441,10.20.30.2/16,5
20201019053442,10.20.30.1/16,60
20201019053443,192.168.1.1/24,-
20201019053444,10.77.1.1/24,-
20201019053445,10.20.30.1/16,-
20201019053446,192.168.1.1/24,-
20201019053448,10.77.1.2/24,-
20201019053449,10.77.1.2/24,8
20201019053450,10.20.30.2/16,85
20201019053452,10.77.1.2/24,9
20201019053454,10.20.30.1/16,7
20201019053456,10.77.1.1/24,6
20201019053457,192.168.1.2/24,1
20201019053458,10.77.1.1/24,7
20201019053459,192.168.1.2/24,-
20201019053500,10.20.30.2/16,4
20201019053502,192.168.1.2/24,7
20201019053503,10.20.30.1/16,-
20201019053505,10.77.1.1/24,7
20201019053506,192.168.1.1/24,5
20201019053508,192.168.1.2/24,7
20201019053509,10.20.30.2/16,5
20201019053510,10.77.1.2/24,9
20201019053512,10.20.30.2/16,-
20201019053513,192.168.1.1/24,7
20201019053514,10.20.30.2/16,35
20201019053515,10.77.1.2/24,9
20201019053516,10.77.1.2/24,5
20201019053517,10.77.1.2/24,6
20201019053518,192.168.1.1/24,-
20201019053519,192.168.1.2/24,7
20201019053520,192.168.1.1/24,-
20201019053521,10.77.1.1/24,2
20201019053522,10.20.30.2/16,-
20201019053523,192.168.1.2/24,-
20201019053524,192.168.1.2/24,7
20201019053525,10.77.1.1/24,4
20201019053526,192.168.1.2/24,-
20201019053527,10.77.1.1/24,66
20201019053529,10.77.1.1/24,7
20201019053531,192.168.1.2/24,34
20201019053532,10.20.30.1/16,4
20201019053533,10.20.30.1/16,44
20201019053534,10.20.30.1/16,4
20201019053535,10.20.30.1/16,-
20201019053536,10.77.1.1/24,9
20201019053537,10.77.1.2/24,22
20201019053538,10.77.1.2/24,49
20201019053539,10.77.1.2/24,48
20201019053540,10.20.30.1/16,84
20201019053541,10.20.30.1/16,9
20201019053542,10.77.1.1/24,86
20201019053543,10.77.1.1/24,-
20201019053544,10.20.30.1/16,3
20201019053546,10.20.30.2/16,-
20201019053547,10.77.1.1/24,-
20201019053548,10.77.1.1/24,13
20201019053549,10.77.1.1/24,3
20201019053550,10.77.1.2/24,6
20201019053551,10.20.30.1/16,8
20201019053552,10.20.30.1/16,9
20201019053553,192.168.1.2/24,9
20201019053554,10.77.1.2/24,1
20201019053555,10.77.1.2/24,-
20201019053556,10.77.1.2/24,-
20201019053557,192.168.1.1/24,9
20201019053558,10.20.30.1/16,2
20201019053600,10.20.30.1/16,1
20201019053601,192.168.1.1/24,7
20201019053602,10.77.1.2/24,-
20201019053604,10.20.30.2/16,9
20201019053605,10.77.1.1/24,5
20201019053606,10.20.30.1/16,-
20201019053607,10.77.1.2/24,2
20201019053608,192.168.1.2/24,4
20201019053609,10.77.1.2/24,-
20201019053611,10.77.1.2/24,9
20201019053612,10.20.30.2/16,2
20201019053613,10.77.1.1/24,4
20201019053614,192.168.1.2/24,8
20201019053615,192.168.1.1/24,6
20201019053616,10.20.30.2/16,5
20201019053617,10.20.30.2/16,25
20201019053618,10.77.1.2/24,9
20201019053619,10.77.1.1/24,8
20201019053620,192.168.1.1/24,1
20201019053622,10.77.1.2/24,-
20201019053623,192.168.1.1/24,99
20201019053625,10.77.1.2/24,8
20201019053626,192.168.1.1/24,8
20201019053627,192.168.1.2/24,-
20201019053628,10.77.1.2/24,5
20201019053630,10.77.1.2/24,1
20201019053631,10.77.1.1/24,-
20201019053632,192.168.1.2/24,6
20201019053634,10.77.1.1/24,13
20201019053635,192.168.1.2/24,-
20201019053637,10.20.30.1/16,1
20201019053638,10.20.30.2/16,70
20201019053639,10.20.30.2/16,10
20201019053640,192.168.1.2/24,-
20201019053641,192.168.1.1/24,4
20201019053642,10.20.30.2/16,5
20201019053644,10.77.1.2/24,-
20201019053645,10.77.1.2/24,-
20201019053646,10.77.1.1/24,9
20201019053647,10.20.30.2/16,-
20201019053648,10.20.30.2/16,-
20201019053649,10.77.1.2/24,3
20201019053650,10.20.30.2/16,5
20201019053652,10.20.30.1/16,6
20201019053653,192.168.1.1/24,12
20201019053654,192.168.1.1/24,37
20201019053655,192.168.1.1/24,18
20201019053656,10.20.30.2/16,3
20201019053657,192.168.1.2/24,65
20201019053658,10.20.30.2/16,-
20201019053659,10.20.30.1/16,8
20201019053700,192.168.1.1/24,-
20201019053701,10.20.30.1/16,7
20201019053702,10.20.30.1/16,3
20201019053703,10.20.30.2/16,-
20201019053704,10.77.1.2/24,8
20201019053705,10.20.30.2/16,6
20201019053706,10.20.30.1/16,-
20201019053707,10.77.1.2/24,-
20201019053708,192.168.1.1/24,5
20201019053709,192.168.1.1/24,-
20201019053710,10.77.1.1/24,-
20201019053711,10.77.1.1/24,6
20201019053712,192.168.1.2/24,5
20201019053713,192.168.1.2/24,67
20201019053714,192.168.1.2/24,2
20201019053715,10.20.30.1/16,-
20201019053716,10.77.1.2/24,5
20201019053718,10.77.1.2/24,-
20201019053719,10.77.1.2/24,-
20201019053720,10.77.1.2/24,15
20201019053721,192.168.1.2/24,5
20201019053722,10.77.1.2/24,9
20201019053723,192.168.1.1/24,9
20201019053724,192.168.1.1/24,-
20201019053725,192.168.1.1/24,20
20201019053726,10.20.30.2/16,3
20201019053727,192.168.1.1/24,-
20201019053728,10.77.1.2/24,27
20201019053729,10.20.30.2/16,-
20201019053730,10.20.30.2/16,8
20201019053731,10.77.1.2/24,2
20201019053732,10.20.30.2/16,3
20201019053733,10.20.30.1/16,5
20201019053734,192.168.1.1/24,-
20201019053736,192.168.1.2/24,7
20201019053737,192.168.1.1/24,-
20201019053738,10.20.30.2/16,28
20201019053740,192.168.1.1/24,-
20201019053741,192.168.1.2/24,63
20201019053742,10.77.1.2/24,8
20201019053743,10.77.1.1/24,6
20201019053744,10.77.1.1/24,9
20201019053745,10.20.30.2/16,-
20201019053746,10.77.1.2/24,1
20201019053747,10.77.1.2/24,1
20201019053748,192.168.1.2/24,8
20201019053749,10.77.1.1/24,2
20201019053750,10.20.30.2/16,6
20201019053751,10.20.30.2/16,-
20201019053752,10.77.1.2/24,5
20201019053753,10.77.1.1/24,8
20201019053754,192.168.1.1/24,23
20201019053755,10.20.30.1/16,9
20201019053756,10.20.30.2/16,2
20201019053757,10.20.30.2/16,4
20201019053758,10.20.30.1/16,8
20201019053759,10.20.30.2/16,-
20201019053800,10.20.30.1/16,14
20201019053801,192.168.1.1/24,-
20201019053803,10.20.30.1/16,-
20201019053804,10.77.1.1/24,24
20201019053805,10.20.30.2/16,11
20201019053806,10.20.30.2/16,72
20201019053807,192.168.1.1/24,7
20201019053808,10.20.30.2/16,7
20201019053809,10.77.1.1/24,-
20201019053811,192.168.1.2/24,4
20201019053813,10.20.30.1/16,4
20201019053814,192.168.1.1/24,2
20201019053816,192.168.1.2/24,3
20201019053818,10.77.1.1/24,5
20201019053819,10.20.30.2/16,-
20201019053821,10.77.1.2/24,4
20201019053822,10.77.1.1/24,9
20201019053823,192.168.1.2/24,8
20201019053824,10.20.30.2/16,6
20201019053826,192.168.1.2/24,7
20201019053827,10.77.1.2/24,-
20201019053828,10.20.30.1/16,-
20201019053829,10.77.1.1/24,9
20201019053831,10.77.1.2/24,6
20201019053832,10.77.1.2/24,4
20201019053834,192.168.1.2/24,5
20201019053835,192.168.1.2/24,10
20201019053836,192.168.1.1/24,6
20201019053837,10.77.1.2/24,-
20201019053838,10.20.30.1/16,12
20201019053839,10.20.30.1/16,13
20201019053840,10.20.30.2/16,21
20201019053841,10.20.30.1/16,-
20201019053842,10.20.30.2/16,-
20201019053844,192.168.1.2/24,4
20201019053845,10.77.1.2/24,94
20201019053846,10.77.1.2/24,7
20201019053847,10.77.1.2/24,-
20201019053848,10.20.30.1/16,3
20201019053849,192.168.1.1/24,-
20201019053850,10.77.1.2/24,10
20201019053851,10.77.1.1/24,8
20201019053852,10.20.30.1/16,5
20201019053853,10.20.30.2/16,7
20201019053854,10.77.1.1/24,30
20201019053855,192.168.1.1/24,5
20201019053856,10.77.1.2/24,32
20201019053857,10.77.1.1/24,-
20201019053858,10.20.30.2/16,95
20201019053859,192.168.1.1/24,78
20201019053900,10.77.1.1/24,-
20201019053901,10.77.1.1/24,1
20201019053902,10.77.1.1/24,2
20201019053903,10.77.1.2/24,8
20201019053904,192.168.1.2/24,5
20201019053905,10.77.1.2/24,25
20201019053906,10.77.1.2/24,79
20201019053907,192.168.1.1/24,2
20201019053908,10.77.1.2/24,-
20201019053909,10.77.1.1/24,1
20201019053910,10.77.1.1/24,6
20201019053911,10.77.1.1/24,4
20201019053912,10.20.30.2/16,1
20201019053914,192.168.1.1/24,3
20201019053915,192.168.1.1/24,-
20201019053916,10.77.1.2/24,7
20201019053917,10.77.1.2/24,-
20201019053918,192.168.1.2/24,5
20201019053919,192.168.1.1/24,38
20201019053920,10.20.30.2/16,16
20201019053922,10.77.1.2/24,12
20201019053924,10.77.1.2/24,4
20201019053926,10.77.1.2/24,55
20201019053927,10.77.1.2/24,6
20201019053929,192.168.1.1/24,6
20201019053931,10.20.30.1/16,1
20201019053932,10.77.1.2/24,-
20201019053933,192.168.1.1/24,32
20201019053934,10.20.30.2/16,4
20201019053935,10.20.30.2/16,3
20201019053936,10.20.30.1/16,10
20201019053938,10.20.30.1/16,-
20201019053939,192.168.1.1/24,1
20201019053940,10.77.1.1/24,44
20201019053941,10.77.1.1/24,9
20201019053942,192.168.1.2/24,9
20201019053943,10.77.1.1/24,94
20201019053944,10.77.1.2/24,3
20201019053946,10.20.30.2/16,-
20201019053947,10.20.30.2/16,5
20201019053948,192.168.1.2/24,5
20201019053949,192.168.1.1/24,25
20201019053950,10.77.1.1/24,3
20201019053951,10.20.30.1/16,-
20201019053953,10.77.1.2/24,2
20201019053954,10.77.1.1/24,6
20201019053955,10.20.30.2/16,17
20201019053957,10.20.30.2/16,7
20201019053958,192.168.1.1/24,40
20201019053959,10.20.30.2/16,72
20201019054000,10.77.1.2/24,-
20201019054001,10.77.1.1/24,92
20201019054002,192.168.1.1/24,7
20201019054004,10.20.30.1/16,-
20201019054005,10.77.1.2/24,3
20201019054007,192.168.1.2/24,9
20201019054009,10.77.1.2/24,4
20201019054011,10.77.1.1/24,1
20201019054012,10.77.1.1/24,8
20201019054014,10.77.1.1/24,3
20201019054015,192.168.1.1/24,-
20201019054016,10.77.1.1/24,-
20201019054018,10.20.30.2/16,8
20201019054019,10.20.30.2/16,4
20201019054021,10.20.30.1/16,2
20201019054023,10.20.30.1/16,-
20201019054025,192.168.1.2/24,-
20201019054026,192.168.1.1/24,73
20201019054028,10.20.30.2/16,-
20201019054029,192.168.1.2/24,6
20201019054030,10.20.30.1/16,9
20201019054031,10.20.30.2/16,6
20201019054032,192.168.1.2/24,-
20201019054033,10.77.1.2/24,4
20201019054034,10.77.1.2/24,7
20201019054035,192.168.1.1/24,9
20201019054037,10.20.30.1/16,10
20201019054038,10.77.1.1/24,8
20201019054040,192.168.1.1/24,2
20201019054041,192.168.1.2/24,87
20201019054042,10.20.30.1/16,3
20201019054043,10.20.30.2/16,5
20201019054044,10.77.1.2/24,25
20201019054045,10.77.1.1/24,-
20201019054046,10.77.1.2/24,18
20201019054047,10.77.1.2/24,5
20201019054049,10.77.1.2/24,2
20201019054050,10.20.30.1/16,-
20201019054051,10.20.30.1/16,5
20201019054052,10.77.1.1/24,-
20201019054053,192.168.1.1/24,4
20201019054054,10.20.30.1/16,-
20201019054056,10.77.1.1/24,46
20201019054057,10.20.30.1/16,81
20201019054058,10.20.30.1/16,98
20201019054059,10.77.1.2/24,-
20201019054100,10.20.30.1/16,25
20201019054101,192.168.1.2/24,9
20201019054102,10.77.1.1/24,7
20201019054103,10.77.1.1/24,6
20201019054105,192.168.1.2/24,10
20201019054106,192.168.1.1/24,7
20201019054107,192.168.1.1/24,1
20201019054108,10.77.1.1/24,7
20201019054109,10.77.1.1/24,2
20201019054111,10.20.30.1/16,22
20201019054112,10.20.30.1/16,8
20201019054113,192.168.1.1/24,9
20201019054114,192.168.1.1/24,-
20201019054115,192.168.1.2/24,2
20201019054116,10.77.1.1/24,18
20201019054117,10.20.30.1/16,5
20201019054118,10.20.30.2/16,2
20201019054119,192.168.1.2/24,8
20201019054120,192.168.1.1/24,8
20201019054122,192.168.1.1/24,2
20201019054124,192.168.1.1/24,5
20201019054126,10.20.30.2/16,-
20201019054127,192.168.1.1/24,-
20201019054128,192.168.1.2/24,-
20201019054129,192.168.1.1/24,19
20201019054130,10.77.1.1/24,2
20201019054131,10.77.1.2/24,1
20201019054132,10.77.1.2/24,67
20201019054133,10.20.30.2/16,5
20201019054134,10.20.30.1/16,4
20201019054135,10.77.1.1/24,-
20201019054136,10.77.1.1/24,7
20201019054138,192.168.1.1/24,9
20201019054139,192.168.1.1/24,72
20201019054140,10.20.30.1/16,43
20201019054141,192.168.1.2/24,8
20201019054142,10.20.30.1/16,3
20201019054143,192.168.1.2/24,8
20201019054144,10.77.1.1/24,19
20201019054145,192.168.1.1/24,-
20201019054147,10.20.30.1/16,-
20201019054148,10.20.30.2/16,-
20201019054149,10.77.1.2/24,29
20201019054150,10.20.30.1/16,8
20201019054152,192.168.1.1/24,97
20201019054153,10.77.1.2/24,6
20201019054154,10.77.1.2/24,-
20201019054155,10.20.30.2/16,1
20201019054156,10.20.30.2/16,1
20201019054158,10.20.30.2/16,95
20201019054200,10.77.1.1/24,68
20201019054201,10.77.1.2/24,7
20201019054202,192.168.1.2/24,24
20201019054203,10.77.1.1/24,9
20201019054204,10.20.30.1/16,-
20201019054205,10.20.30.1/16,99
20201019054206,10.77.1.1/24,-
20201019054208,192.168.1.2/24,37
20201019054209,10.77.1.2/24,4
20201019054210,10.20.30.1/16,-
20201019054211,192.168.1.2/24,40
20201019054213,10.20.30.1/16,8
20201019054214,10.77.1.2/24,52
20201019054215,192.168.1.2/24,18
20201019054216,192.168.1.1/24,1
20201019054217,192.168.1.2/24,7
20201019054218,192.168.1.2/24,2
20201019054220,192.168.1.1/24,-
20201019054221,192.168.1.1/24,32
20201019054223,10.20.30.2/16,18
20201019054225,10.20.30.1/16,7
20201019054227,10.20.30.1/16,1
20201019054228,192.168.1.2/24,-
20201019054229,10.77.1.2/24,33
20201019054230,10.77.1.2/24,48
20201019054231,10.77.1.2/24,71
20201019054232,192.168.1.2/24,-
20201019054233,10.77.1.2/24,6
20201019054234,192.168.1.1/24,26
20201019054236,10.20.30.2/16,-
20201019054238,10.20.30.1/16,79
20201019054239,10.77.1.2/24,4
20201019054240,10.77.1.1/24,7
20201019054241,10.77.1.2/24,8
20201019054242,10.77.1.2/24,3
20201019054243,10.77.1.1/24,-
20201019054244,10.20.30.2/16,34
20201019054245,192.168.1.2/24,80
20201019054246,10.77.1.2/24,5
20201019054247,10.20.30.2/16,84
20201019054248,10.20.30.2/16,39
20201019054250,192.168.1.1/24,-
20201019054251,10.20.30.1/16,-
20201019054252,10.77.1.1/24,-
20201019054253,10.77.1.2/24,4
20201019054254,10.77.1.1/24,2
20201019054256,10.20.30.2/16,9
20201019054257,10.20.30.1/16,59
20201019054258,192.168.1.2/24,7
20201019054259,192.168.1.2/24,-
20201019054300,10.20.30.2/16,23
20201019054301,10.77.1.1/24,8
20201019054302,192.168.1.1/24,5
20201019054303,10.77.1.2/24,28
20201019054304,10.77.1.1/24,-
20201019054305,192.168.1.1/24,6
20201019054306,10.77.1.2/24,-
20201019054307,10.20.30.1/16,8
20201019054308,192.168.1.1/24,2
20201019054309,10.77.1.1/24,8
20201019054310,10.20.30.2/16,9
20201019054311,192.168.1.2/24,2
20201019054312,10.77.1.1/24,7
20201019054313,10.77.1.1/24,-
20201019054314,10.20.30.2/16,-
20201019054315,10.20.30.1/16,8
20201019054316,10.20.30.2/16,-
20201019054317,10.20.30.2/16,58
20201019054318,10.77.1.2/24,1
20201019054319,10.77.1.2/24,7
20201019054321,192.168.1.1/24,-
20201019054322,192.168.1.2/24,4
20201019054323,10.77.1.1/24,7
20201019054324,10.20.30.2/16,59
20201019054325,10.77.1.2/24,-
20201019054327,10.77.1.2/24,-
20201019054328,192.168.1.1/24,9
20201019054329,10.77.1.1/24,-
20201019054331,192.168.1.1/24,16
20201019054332,10.20.30.2/16,-
20201019054334,10.77.1.2/24,2
20201019054335,10.77.1.1/24,6
20201019054337,192.168.1.1/24,-
20201019054339,10.77.1.1/24,-
20201019054341,10.77.1.1/24,4
20201019054342,192.168.1.2/24,6
20201019054344,10.20.30.2/16,-
20201019054345,10.77.1.1/24,-
20201019054346,192.168.1.2/24,-
20201019054347,10.77.1.1/24,38
20201019054348,192.168.1.1/24,3
20201019054349,192.168.1.1/24,21
20201019054350,10.77.1.2/24,-
20201019054352,10.20.30.2/16,1
20201019054353,10.20.30.1/16,9
20201019054354,10.77.1.2/24,46
20201019054355,10.77.1.1/24,45
20201019054356,192.168.1.1/24,-
20201019054357,10.20.30.2/16,1
20201019054359,10.77.1.1/24,2
20201019054400,10.77.1.1/24,-
20201019054401,10.77.1.2/24,2
20201019054402,192.168.1.2/24,47
20201019054403,10.20.30.2/16,-
20201019054405,192.168.1.2/24,-
20201019054406,10.20.30.2/16,-
20201019054408,10.20.30.1/16,4
20201019054409,10.20.30.1/16,4
20201019054410,10.20.30.2/16,61
20201019054411,10.77.1.2/24,8
20201019054412,192.168.1.2/24,7
20201019054413,10.77.1.2/24,69
20201019054414,10.20.30.2/16,11
20201019054415,10.20.30.1/16,-
20201019054416,192.168.1.2/24,55
20201019054417,192.168.1.1/24,5
20201019054418,10.77.1.2/24,67
20201019054419,10.20.30.2/16,9
20201019054420,10.77.1.1/24,-
20201019054422,10.20.30.1/16,3
20201019054423,192.168.1.1/24,7
20201019054424,10.20.30.1/16,-
20201019054425,192.168.1.2/24,5
20201019054426,10.77.1.1/24,-
20201019054427,10.77.1.1/24,78
20201019054428,10.77.1.2/24,-
20201019054429,10.20.30.1/16,-
20201019054430,10.77.1.2/24,22
20201019054431,10.77.1.1/24,5
20201019054433,10.20.30.1/16,-
20201019054434,10.20.30.1/16,22
20201019054435,192.168.1.2/24,2
20201019054436,192.168.1.1/24,17
20201019054437,10.20.30.1/16,9
20201019054438,10.20.30.1/16,5
20201019054439,10.77.1.1/24,15
20201019054441,10.20.30.2/16,7
20201019054442,10.77.1.2/24,2
20201019054443,10.20.30.1/16,7
20201019054444,192.168.1.1/24,4
20201019054445,10.77.1.2/24,7
20201019054446,10.77.1.1/24,35
20201019054447,10.20.30.1/16,-
20201019054448,10.20.30.2/16,6
20201019054449,192.168.1.2/24,-
20201019054450,10.20.30.1/16,5
20201019054451,192.168.1.1/24,78
20201019054453,192.168.1.1/24,8
20201019054454,10.20.30.1/16,37
20201019054455,10.77.1.2/24,65
20201019054456,10.77.1.1/24,8
20201019054457,192.168.1.2/24,-
20201019054458,10.20.30.2/16,77
20201019054459,192.168.1.2/24,2
20201019054501,10.20.30.1/16,-
20201019054502,192.168.1.1/24,-
20201019054503,10.77.1.1/24,1
20201019054504,10.20.30.1/16,6
20201019054505,10.77.1.1/24,5
20201019054507,192.168.1.2/24,5
20201019054509,192.168.1.2/24,72
20201019054510,10.20.30.2/16,-
20201019054511,10.77.1.2/24,8
20201019054512,192.168.1.1/24,8
20201019054513,10.20.30.2/16,8
20201019054515,10.20.30.2/16,6
20201019054517,10.77.1.2/24,7
20201019054519,10.20.30.2/16,-
20201019054520,192.168.1.2/24,7
20201019054522,10.20.30.1/16,7
20201019054523,10.77.1.2/24,-
20201019054524,10.20.30.1/16,5
20201019054525,192.168.1.2/24,6
20201019054526,192.168.1.2/24,9
20201019054527,10.20.30.2/16,7
20201019054528,192.168.1.2/24,10
20201019054529,10.77.1.1/24,2
20201019054530,10.77.1.1/24,-
20201019054531,192.168.1.2/24,31
20201019054532,192.168.1.1/24,-
20201019054534,10.20.30.1/16,4
20201019054535,10.77.1.1/24,5
20201019054536,192.168.1.2/24,-
20201019054537,192.168.1.2/24,9
20201019054538,10.20.30.2/16,5
20201019054540,192.168.1.1/24,4
20201019054541,192.168.1.2/24,4
20201019054543,10.77.1.1/24,3
20201019054544,192.168.1.1/24,90
20201019054546,10.20.30.2/16,7
20201019054548,192.168.1.1/24,7
20201019054549,192.168.1.1/24,4
20201019054550,10.77.1.2/24,3
20201019054551,10.77.1.1/24,1
20201019054553,192.168.1.2/24,-
20201019054554,10.77.1.2/24,12
20201019054555,10.20.30.2/16,9
20201019054556,10.20.30.1/16,-
20201019054557,10.77.1.2/24,42
20201019054558,192.168.1.2/24,9
20201019054600,192.168.1.1/24,7
20201019054601,10.20.30.2/16,64
20201019054603,10.77.1.1/24,2
20201019054605,10.20.30.1/16,-
20201019054606,192.168.1.1/24,78
20201019054607,192.168.1.2/24,77
20201019054608,10.20.30.2/16,66
20201019054609,192.168.1.2/24,94
20201019054610,192.168.1.1/24,-
20201019054611,10.77.1.2/24,7
20201019054612,10.20.30.1/16,34
20201019054613,192.168.1.1/24,-
20201019054614,192.168.1.2/24,-
20201019054615,192.168.1.2/24,8
20201019054616,10.77.1.2/24,-
20201019054617,10.20.30.2/16,11
20201019054618,10.20.30.1/16,5
20201019054619,10.20.30.1/16,43
20201019054620,10.20.30.1/16,-
20201019054621,10.20.30.2/16,7
20201019054622,10.77.1.2/24,1
20201019054623,192.168.1.2/24,8
20201019054624,192.168.1.2/24,-
20201019054625,10.77.1.2/24,10
20201019054626,10.20.30.1/16,-
20201019054628,10.20.30.1/16,13
20201019054629,10.20.30.2/16,6
20201019054630,10.20.30.1/16,4
20201019054632,10.77.1.2/24,-
20201019054633,10.20.30.1/16,-
20201019054634,10.20.30.1/16,9
20201019054635,192.168.1.2/24,-
20201019054636,10.77.1.1/24,5
20201019054638,10.20.30.2/16,-
20201019054639,10.20.30.1/16,-
20201019054640,192.168.1.2/24,8
20201019054641,192.168.1.1/24,18
20201019054643,192.168.1.1/24,-
20201019054644,192.168.1.1/24,25
20201019054645,10.77.1.2/24,80
20201019054646,10.77.1.1/24,12
20201019054647,10.77.1.1/24,3
20201019054648,192.168.1.2/24,6
20201019054649,10.20.30.2/16,2
20201019054651,192.168.1.1/24,68
20201019054652,10.20.30.1/16,8
20201019054653,10.20.30.1/16,-
20201019054654,10.77.1.2/24,24
20201019054655,192.168.1.2/24,3
20201019054657,10.77.1.1/24,7
20201019054658,192.168.1.1/24,9
20201019054659,192.168.1.1/24,8
20201019054700,10.20.30.1/16,29
20201019054701,192.168.1.2/24,9
20201019054703,192.168.1.2/24,-
20201019054704,10.77.1.1/24,3
20201019054705,10.77.1.1/24,4
20201019054706,192.168.1.1/24,3
20201019054707,10.20.30.1/16,5
20201019054708,10.77.1.2/24,5
20201019054709,192.168.1.2/24,8
20201019054710,192.168.1.2/24,96
20201019054711,10.20.30.2/16,-
20201019054712,192.168.1.1/24,9
20201019054713,192.168.1.1/24,4
20201019054714,10.20.30.2/16,9
20201019054715,10.77.1.1/24,3
20201019054716,10.20.30.2/16,8
20201019054717,10.77.1.1/24,-
20201019054718,10.20.30.1/16,2
20201019054720,10.20.30.2/16,71
20201019054721,10.77.1.2/24,9
20201019054723,10.20.30.1/16,3
20201019054724,10.77.1.1/24,2
20201019054726,192.168.1.2/24,10
20201019054727,192.168.1.2/24,36
20201019054728,10.77.1.1/24,1
20201019054729,192.168.1.1/24,-
20201019054730,10.77.1.2/24,3
20201019054731,10.20.30.1/16,9
20201019054732,10.20.30.2/16,32
20201019054733,10.77.1.1/24,-
20201019054734,10.20.30.1/16,10
20201019054736,192.168.1.1/24,4
20201019054737,10.20.30.1/16,5
20201019054739,10.20.30.2/16,1
20201019054740,192.168.1.2/24,1
20201019054741,10.20.30.2/16,17
20201019054742,10.77.1.2/24,2
20201019054743,192.168.1.2/24,-
20201019054745,10.77.1.1/24,26
20201019054746,192.168.1.1/24,2
20201019054747,192.168.1.2/24,64
20201019054748,10.77.1.1/24,3
20201019054749,10.20.30.2/16,31
20201019054750,10.77.1.2/24,-
20201019054751,10.77.1.1/24,-
20201019054752,192.168.1.2/24,-
20201019054754,10.77.1.1/24,5
20201019054755,10.77.1.2/24,10
20201019054756,10.77.1.2/24,3
20201019054757,10.20.30.1/16,4
20201019054758,10.20.30.2/16,9
20201019054759,192.168.1.1/24,-
20201019054800,10.77.1.1/24,2
20201019054801,192.168.1.2/24,2
20201019054803,10.20.30.2/16,6
20201019054805,10.20.30.2/16,1
20201019054806,10.77.1.2/24,6
20201019054807,10.20.30.2/16,66
20201019054808,10.77.1.2/24,81
20201019054810,192.168.1.2/24,3
20201019054811,192.168.1.2/24,5
20201019054813,10.77.1.1/24,74
20201019054814,192.168.1.2/24,7
20201019054815,192.168.1.2/24,55
20201019054817,10.20.30.2/16,1
20201019054819,10.77.1.2/24,9
20201019054821,192.168.1.2/24,-
20201019054823,10.20.30.1/16,5
20201019054825,10.77.1.1/24,3
20201019054826,10.20.30.1/16,5
20201019054827,10.20.30.1/16,14
20201019054829,10.77.1.2/24,8
20201019054830,192.168.1.2/24,8
20201019054831,10.77.1.2/24,-
20201019054832,192.168.1.2/24,-
20201019054833,192.168.1.2/24,-
20201019054834,10.77.1.1/24,9
20201019054835,10.20.30.2/16,2
20201019054837,10.20.30.2/16,8
20201019054839,10.77.1.2/24,82
20201019054840,10.20.30.2/16,4
20201019054841,10.20.30.1/16,-
20201019054842,192.168.1.2/24,-
20201019054843,192.168.1.2/24,10
20201019054845,10.20.30.1/16,75
20201019054847,10.77.1.1/24,-
20201019054849,10.77.1.2/24,-
20201019054850,10.77.1.1/24,6
20201019054851,10.20.30.2/16,5
20201019054852,192.168.1.1/24,7
20201019054853,10.77.1.2/24,-
20201019054854,10.77.1.2/24,2
20201019054855,10.20.30.2/16,-
20201019054857,10.77.1.1/24,9
20201019054858,10.77.1.1/24,8
20201019054859,10.20.30.2/16,3
20201019054900,192.168.1.1/24,-
20201019054901,192.168.1.2/24,6
20201019054903,10.77.1.2/24,6
20201019054904,192.168.1.2/24,-
20201019054905,192.168.1.2/24,45
20201019054906,192.168.1.2/24,12
20201019054907,192.168.1.2/24,36
20201019054908,10.77.1.2/24,1
20201019054909,10.77.1.1/24,87
20201019054910,10.77.1.2/24,89
20201019054911,10.77.1.1/24,2
20201019054912,192.168.1.2/24,14
20201019054913,10.20.30.2/16,2
20201019054914,10.77.1.2/24,-
20201019054915,192.168.1.2/24,1
20201019054916,192.168.1.1/24,8
20201019054917,192.168.1.2/24,5
20201019054918,10.20.30.2/16,3
20201019054919,10.77.1.1/24,2
20201019054920,10.20.30.2/16,1
20201019054921,10.20.30.2/16,4
20201019054922,192.168.1.2/24,-
20201019054923,10.20.30.2/16,10
20201019054925,192.168.1.1/24,9
20201019054926,192.168.1.1/24,-
20201019054927,10.20.30.2/16,2
20201019054928,10.20.30.1/16,-
20201019054929,10.77.1.1/24,92
20201019054930,192.168.1.1/24,-
20201019054932,192.168.1.1/24,13
20201019054933,10.77.1.2/24,21
20201019054935,10.77.1.2/24,78
20201019054937,10.77.1.1/24,-
20201019054938,192.168.1.1/24,6
20201019054939,10.20.30.2/16,2
20201019054940,192.168.1.1/24,8
20201019054941,192.168.1.2/24,4
20201019054942,10.77.1.2/24,-
20201019054943,10.20.30.1/16,43
20201019054945,10.77.1.2/24,-
20201019054946,10.77.1.1/24,25
20201019054947,192.168.1.2/24,8
20201019054948,192.168.1.2/24,3
20201019054949,10.77.1.2/24,-
20201019054950,10.77.1.1/24,2
20201019054951,10.77.1.2/24,1
20201019054952,192.168.1.2/24,9
20201019054953,10.77.1.1/24,5
20201019054954,10.77.1.1/24,14
20201019054955,10.20.30.1/16,64
20201019054956,10.20.30.1/16,4
20201019054957,10.77.1.1/24,15
20201019054959,192.168.1.1/24,-
20201019055000,192.168.1.1/24,-
20201019055001,10.77.1.2/24,-
20201019055003,192.168.1.2/24,6
20201019055004,10.20.30.2/16,-
20201019055005,10.77.1.1/24,5
20201019055006,192.168.1.1/24,7
20201019055008,192.168.1.2/24,-
20201019055009,10.77.1.2/24,84
20201019055010,10.20.30.1/16,1
20201019055011,10.20.30.1/16,70
20201019055012,10.77.1.2/24,5
20201019055013,10.20.30.1/16,34
20201019055014,10.20.30.1/16,6
20201019055015,10.77.1.2/24,9
20201019055017,10.77.1.2/24,-
20201019055019,10.77.1.2/24,-
20201019055021,10.77.1.2/24,9
20201019055022,10.77.1.1/24,-
20201019055023,192.168.1.2/24,1
20201019055024,192.168.1.2/24,1
20201019055025,10.77.1.1/24,35
20201019055026,10.77.1.2/24,6
20201019055027,10.20.30.1/16,2
20201019055029,192.168.1.1/24,4
20201019055030,10.77.1.1/24,-
20201019055031,192.168.1.2/24,9
20201019055032,10.20.30.1/16,5
20201019055033,10.20.30.1/16,-
20201019055035,192.168.1.1/24,5
20201019055036,192.168.1.2/24,10
20201019055037,10.77.1.1/24,2
20201019055038,10.20.30.2/16,12
20201019055039,10.77.1.2/24,1
20201019055040,10.77.1.2/24,6
20201019055041,10.77.1.2/24,89
20201019055042,192.168.1.2/24,-
20201019055044,10.20.30.2/16,-
20201019055045,10.77.1.1/24,-
20201019055046,10.77.1.2/24,11
20201019055047,192.168.1.2/24,6
20201019055048,10.77.1.1/24,5
20201019055049,192.168.1.1/24,6
20201019055050,10.20.30.1/16,26
20201019055052,10.77.1.1/24,2
20201019055053,10.77.1.1/24,3
20201019055054,10.77.1.1/24,3
20201019055055,10.20.30.2/16,50
20201019055056,10.20.30.2/16,-
20201019055057,10.20.30.2/16,10
20201019055059,10.77.1.1/24,7
20201019055100,192.168.1.2/24,9
20201019055101,192.168.1.2/24,6
20201019055103,10.77.1.1/24,3
20201019055104,192.168.1.2/24,5
20201019055105,10.20.30.2/16,-
20201019055106,10.20.30.1/16,1
20201019055107,10.77.1.2/24,47
20201019055108,10.77.1.1/24,2
20201019055109,10.20.30.2/16,6
20201019055110,10.77.1.2/24,4
20201019055111,10.77.1.1/24,57
20201019055112,192.168.1.2/24,4
20201019055114,10.20.30.2/16,-
20201019055115,10.77.1.1/24,10
20201019055116,10.77.1.2/24,8
20201019055117,10.77.1.1/24,-
20201019055118,10.77.1.1/24,4
20201019055119,10.77.1.2/24,8
20201019055120,10.77.1.2/24,-
20201019055121,10.20.30.1/16,9
20201019055122,10.20.30.1/16,7
20201019055123,192.168.1.1/24,-
20201019055125,10.77.1.2/24,83
20201019055126,192.168.1.1/24,-
20201019055127,10.20.30.2/16,19
20201019055128,192.168.1.2/24,13
20201019055129,10.77.1.1/24,-
20201019055131,10.20.30.1/16,10
20201019055132,10.20.30.2/16,1
20201019055133,10.77.1.1/24,-
20201019055134,10.20.30.2/16,4
20201019055135,10.77.1.2/24,42
20201019055136,10.20.30.1/16,9
20201019055137,192.168.1.1/24,7
20201019055138,10.20.30.1/16,6
20201019055139,192.168.1.2/24,8
20201019055140,10.77.1.2/24,8
20201019055141,10.77.1.1/24,-
20201019055143,10.20.30.1/16,8
20201019055144,10.77.1.1/24,7
20201019055146,10.20.30.1/16,1
20201019055147,192.168.1.2/24,2
20201019055148,10.20.30.1/16,8
20201019055149,10.77.1.2/24,21
20201019055150,192.168.1.1/24,48
20201019055151,10.20.30.1/16,14
20201019055152,10.20.30.2/16,8
20201019055153,10.20.30.1/16,90
20201019055154,10.20.30.2/16,-
20201019055155,192.168.1.1/24,-
20201019055156,192.168.1.1/24,4
20201019055158,192.168.1.1/24,7
20201019055159,10.20.30.1/16,5
20201019055200,10.20.30.2/16,-
20201019055201,10.77.1.2/24,20
20201019055202,10.20.30.1/16,6
20201019055203,192.168.1.2/24,2
20201019055204,10.77.1.2/24,17
20201019055205,192.168.1.2/24,7
20201019055206,10.77.1.1/24,5
20201019055207,192.168.1.1/24,1
20201019055208,192.168.1.2/24,5
20201019055209,192.168.1.1/24,7
20201019055210,10.77.1.2/24,3
20201019055211,10.77.1.1/24,5
20201019055212,10.20.30.2/16,5
20201019055213,192.168.1.1/24,97
20201019055214,10.77.1.1/24,4
20201019055215,10.77.1.1/24,-
20201019055216,10.77.1.1/24,-
20201019055217,192.168.1.2/24,59
20201019055218,10.20.30.1/16,84
20201019055219,10.77.1.1/24,5
20201019055220,192.168.1.1/24,4
20201019055222,10.77.1.2/24,6
20201019055223,10.77.1.1/24,9
20201019055224,10.77.1.1/24,-
20201019055225,10.77.1.2/24,61
20201019055227,10.77.1.1/24,3
20201019055228,10.20.30.2/16,57
20201019055229,10.77.1.1/24,-
20201019055230,10.77.1.2/24,0
20201019055232,10.20.30.1/16,1
20201019055233,10.77.1.1/24,1
20201019055234,192.168.1.1/24,64
20201019055236,10.20.30.2/16,94
20201019055237,10.20.30.1/16,10
20201019055238,192.168.1.1/24,7
20201019055240,192.168.1.2/24,7
20201019055241,10.20.30.1/16,8
20201019055242,10.20.30.1/16,33
20201019055243,10.20.30.1/16,6
20201019055244,10.20.30.2/16,5
20201019055245,10.77.1.1/24,12
20201019055246,10.77.1.1/24,3
20201019055247,10.77.1.1/24,24
20201019055248,10.77.1.1/24,-
20201019055249,10.20.30.1/16,-
20201019055250,10.77.1.1/24,3
20201019055251,10.20.30.1/16,7
20201019055253,192.168.1.2/24,42
20201019055254,10.77.1.1/24,7
20201019055255,192.168.1.1/24,6
20201019055256,192.168.1.2/24,10
20201019055257,10.77.1.2/24,-
20201019055259,192.168.1.2/24,5
20201019055300,192.168.1.1/24,8
20201019055301,192.168.1.1/24,5
20201019055302,10.77.1.1/24,1
20201019055303,10.77.1.1/24,2
20201019055304,10.20.30.1/16,3
20201019055306,10.20.30.1/16,6
20201019055307,10.77.1.2/24,-
20201019055308,10.77.1.2/24,1
20201019055309,10.77.1.1/24,64
20201019055310,10.20.30.1/16,2
20201019055312,10.77.1.1/24,3
20201019055313,10.20.30.2/16,13
20201019055314,10.77.1.1/24,9
20201019055315,10.20.30.2/16,-
20201019055316,192.168.1.1/24,8
20201019055318,10.77.1.1/24,-
20201019055320,10.20.30.1/16,-
20201019055322,10.20.30.1/16,-
20201019055323,10.77.1.1/24,36
20201019055324,192.168.1.1/24,9
20201019055326,10.77.1.2/24,-
20201019055328,10.20.30.2/16,-
20201019055329,10.77.1.2/24,9
20201019055330,10.77.1.2/24,4
20201019055331,10.77.1.2/24,7
20201019055332,10.20.30.1/16,58
20201019055333,10.20.30.2/16,3
20201019055335,10.20.30.1/16,-
20201019055336,10.20.30.2/16,10
20201019055337,192.168.1.1/24,-
20201019055338,10.77.1.2/24,45
20201019055339,10.77.1.2/24,6
20201019055340,192.168.1.2/24,-
20201019055341,192.168.1.1/24,40
20201019055342,10.20.30.2/16,67
20201019055343,192.168.1.2/24,24
20201019055344,10.20.30.1/16,-
20201019055345,192.168.1.2/24,-
20201019055346,192.168.1.2/24,6
20201019055347,10.20.30.2/16,2
20201019055348,10.20.30.2/16,8
20201019055349,10.20.30.2/16,9
20201019055350,10.77.1.1/24,6
20201019055351,10.20.30.1/16,-
20201019055352,192.168.1.1/24,-
20201019055353,10.20.30.1/16,10
20201019055355,10.77.1.2/24,98
20201019055356,10.20.30.2/16,3
20201019055357,192.168.1.2/24,6
20201019055359,192.168.1.2/24,3
20201019055400,10.77.1.2/24,9
20201019055401,192.168.1.2/24,40
20201019055403,10.20.30.2/16,6
20201019055404,192.168.1.2/24,6
20201019055405,10.20.30.1/16,12
20201019055406,10.77.1.1/24,5
20201019055407,10.20.30.2/16,-
20201019055408,192.168.1.2/24,7
20201019055410,10.77.1.2/24,8
20201019055411,10.77.1.1/24,51
20201019055412,10.77.1.2/24,8
20201019055413,10.77.1.1/24,-
20201019055414,10.77.1.1/24,79
20201019055416,10.77.1.2/24,-
20201019055418,192.168.1.2/24,73
20201019055419,10.20.30.1/16,92
20201019055421,10.20.30.1/16,6
20201019055422,192.168.1.2/24,9
20201019055423,10.77.1.2/24,78
20201019055424,10.77.1.1/24,8
20201019055425,10.20.30.2/16,3
20201019055426,192.168.1.2/24,11
20201019055428,192.168.1.2/24,19
20201019055430,10.77.1.1/24,-
20201019055432,10.20.30.2/16,-
20201019055434,10.77.1.1/24,-
20201019055435,192.168.1.1/24,-
20201019055436,10.20.30.1/16,13
20201019055437,10.20.30.1/16,4
20201019055439,10.20.30.1/16,-
20201019055440,192.168.1.1/24,4
20201019055441,192.168.1.1/24,-
20201019055442,10.77.1.2/24,8
20201019055443,192.168.1.2/24,35
20201019055445,10.77.1.1/24,4
20201019055446,10.77.1.1/24,3
20201019055447,10.77.1.1/24,7
20201019055448,192.168.1.2/24,-
20201019055450,192.168.1.2/24,53
20201019055451,10.20.30.1/16,1
20201019055452,10.20.30.1/16,-
20201019055453,10.77.1.2/24,8
20201019055454,10.20.30.2/16,7
20201019055455,192.168.1.1/24,10
20201019055456,10.77.1.2/24,3
20201019055457,10.77.1.2/24,-
20201019055458,10.77.1.2/24,9
20201019055459,10.20.30.2/16,6
20201019055501,10.77.1.2/24,4
20201019055502,10.20.30.1/16,3
20201019055503,192.168.1.2/24,6
20201019055504,10.77.1.1/24,2
20201019055506,10.20.30.2/16,-
20201019055507,10.20.30.1/16,16
20201019055508,10.20.30.1/16,6
20201019055509,192.168.1.2/24,2
20201019055510,192.168.1.2/24,6
20201019055511,192.168.1.2/24,9
20201019055512,10.20.30.2/16,8
20201019055513,10.20.30.2/16,4
20201019055514,10.20.30.1/16,3
20201019055515,192.168.1.2/24,58
20201019055516,192.168.1.1/24,56
20201019055517,192.168.1.1/24,31
20201019055519,192.168.1.2/24,4
20201019055521,10.20.30.1/16,6
20201019055522,10.77.1.2/24,1
20201019055524,10.77.1.1/24,-
20201019055525,10.77.1.2/24,8
20201019055526,10.20.30.1/16,-
20201019055527,10.20.30.1/16,44
20201019055528,10.77.1.1/24,6
20201019055530,10.77.1.1/24,69
20201019055531,10.77.1.2/24,6
20201019055533,192.168.1.1/24,5
20201019055534,10.20.30.2/16,63
20201019055535,192.168.1.2/24,26
20201019055536,10.20.30.1/16,4
20201019055537,192.168.1.2/24,-
20201019055538,192.168.1.2/24,4
20201019055539,10.20.30.2/16,-
20201019055540,192.168.1.2/24,2
20201019055541,10.20.30.2/16,2
20201019055542,10.20.30.1/16,15
20201019055543,10.20.30.1/16,-
20201019055544,10.20.30.2/16,-
20201019055545,10.20.30.1/16,-
20201019055546,10.20.30.1/16,69
20201019055547,10.20.30.2/16,-
20201019055549,192.168.1.1/24,33
20201019055550,10.77.1.2/24,-
20201019055551,192.168.1.1/24,-
20201019055552,192.168.1.2/24,12
20201019055553,192.168.1.1/24,9
20201019055554,10.20.30.2/16,4
20201019055555,10.77.1.2/24,-
20201019055557,192.168.1.1/24,89
20201019055558,10.77.1.1/24,-
20201019055559,192.168.1.1/24,6
20201019055600,192.168.1.2/24,4
20201019055601,10.77.1.2/24,57
20201019055603,192.168.1.1/24,4
20201019055605,10.77.1.1/24,2
20201019055607,192.168.1.2/24,-
20201019055608,10.20.30.2/16,8
20201019055609,10.77.1.1/24,42
20201019055610,10.77.1.1/24,5
20201019055611,192.168.1.1/24,-
20201019055613,10.20.30.1/16,6
20201019055614,192.168.1.1/24,-
20201019055616,10.20.30.2/16,43
20201019055617,10.20.30.2/16,6
20201019055618,10.77.1.1/24,-
20201019055619,192.168.1.1/24,32
20201019055620,192.168.1.2/24,7
20201019055621,10.20.30.1/16,5
20201019055622,10.20.30.2/16,7
20201019055624,10.20.30.2/16,92
20201019055626,192.168.1.1/24,8
20201019055627,192.168.1.2/24,9
20201019055629,10.20.30.2/16,-
20201019055630,192.168.1.1/24,3
20201019055632,10.77.1.2/24,5
20201019055634,192.168.1.1/24,8
20201019055635,192.168.1.2/24,-
20201019055637,10.20.30.2/16,45
20201019055639,10.77.1.2/24,1
20201019055641,192.168.1.1/24,30
20201019055642,10.77.1.2/24,5
20201019055643,10.77.1.1/24,-
20201019055644,10.20.30.2/16,-
20201019055645,192.168.1.2/24,4
20201019055647,10.77.1.2/24,2
20201019055648,10.20.30.1/16,4
20201019055650,10.77.1.2/24,5
20201019055651,10.77.1.1/24,10
20201019055653,10.77.1.2/24,6
20201019055654,10.77.1.1/24,5
20201019055655,192.168.1.2/24,18
20201019055656,10.20.30.1/16,74
20201019055657,192.168.1.1/24,9
20201019055659,10.77.1.2/24,93
20201019055700,10.77.1.2/24,9
20201019055701,10.20.30.2/16,-
20201019055702,192.168.1.2/24,70
20201019055703,10.77.1.2/24,8
20201019055704,10.77.1.1/24,7
20201019055705,10.20.30.1/16,95
20201019055706,192.168.1.2/24,-
20201019055707,192.168.1.1/24,-
20201019055708,10.20.30.1/16,8
20201019055709,10.77.1.1/24,-
20201019055710,10.20.30.1/16,5
20201019055711,192.168.1.1/24,-
20201019055713,10.77.1.2/24,9
20201019055714,192.168.1.1/24,6
20201019055715,192.168.1.2/24,-
20201019055716,10.77.1.1/24,7
20201019055718,10.20.30.1/16,-
20201019055720,192.168.1.1/24,-
20201019055721,10.77.1.2/24,4
20201019055722,10.20.30.1/16,9
20201019055723,10.77.1.1/24,7
20201019055724,10.77.1.1/24,-
20201019055726,10.77.1.1/24,85
20201019055727,192.168.1.1/24,1
20201019055728,10.20.30.1/16,8
20201019055729,10.77.1.1/24,4
20201019055730,10.20.30.2/16,97
20201019055731,10.77.1.1/24,6
20201019055732,10.77.1.1/24,9
20201019055734,192.168.1.2/24,25
20201019055735,192.168.1.1/24,-
20201019055737,192.168.1.1/24,84
20201019055738,10.20.30.1/16,8
20201019055739,10.77.1.1/24,8
20201019055740,192.168.1.1/24,-
20201019055742,10.77.1.1/24,7
20201019055743,10.20.30.1/16,-
20201019055744,192.168.1.2/24,6
20201019055745,192.168.1.2/24,-
20201019055746,10.77.1.2/24,8
20201019055747,10.77.1.1/24,75
20201019055748,192.168.1.2/24,-
20201019055749,10.77.1.2/24,-
20201019055751,192.168.1.2/24,5
20201019055753,10.20.30.1/16,3
20201019055755,10.77.1.1/24,-
20201019055756,192.168.1.1/24,2
20201019055757,10.77.1.1/24,-
20201019055758,10.20.30.1/16,7
20201019055759,192.168.1.2/24,-
20201019055800,192.168.1.2/24,-
20201019055801,192.168.1.1/24,12
20201019055803,10.77.1.2/24,18
20201019055804,10.77.1.2/24,3
20201019055805,10.77.1.1/24,31
20201019055806,192.168.1.2/24,9
20201019055807,192.168.1.1/24,4
20201019055808,10.20.30.2/16,98
20201019055810,10.77.1.2/24,-
20201019055812,10.20.30.1/16,40
20201019055813,10.77.1.2/24,-
20201019055814,10.77.1.1/24,69
20201019055815,192.168.1.2/24,2
20201019055816,10.20.30.1/16,15
20201019055817,10.77.1.2/24,4
20201019055818,10.20.30.2/16,10
20201019055819,10.20.30.2/16,-
20201019055820,10.20.30.2/16,-
20201019055822,10.20.30.2/16,77
20201019055823,10.20.30.2/16,1
20201019055824,10.77.1.1/24,-
20201019055825,10.20.30.1/16,53
20201019055826,192.168.1.1/24,-
20201019055828,10.20.30.2/16,-
20201019055829,192.168.1.2/24,10
20201019055830,10.77.1.2/24,-
20201019055831,10.20.30.1/16,52
20201019055832,10.20.30.2/16,7
20201019055834,10.20.30.2/16,-
20201019055836,10.20.30.1/16,4
20201019055838,10.77.1.2/24,-
20201019055839,192.168.1.2/24,-
20201019055840,10.20.30.1/16,50
20201019055841,192.168.1.2/24,-
20201019055842,10.77.1.2/24,5
20201019055843,192.168.1.2/24,-
20201019055844,10.20.30.2/16,5
20201019055845,10.20.30.2/16,7
20201019055847,10.20.30.2/16,4
20201019055849,192.168.1.1/24,1
20201019055850,10.20.30.2/16,-
20201019055851,10.20.30.2/16,-
20201019055852,10.20.30.1/16,7
20201019055853,10.20.30.2/16,17
20201019055854,10.77.1.1/24,90
20201019055855,192.168.1.1/24,8
20201019055857,192.168.1.2/24,8
20201019055858,10.77.1.2/24,-
20201019055859,10.20.30.1/16,4
20201019055900,192.168.1.1/24,9
20201019055902,192.168.1.1/24,34
20201019055903,192.168.1.2/24,-
20201019055904,10.20.30.1/16,2
20201019055905,10.77.1.2/24,2
20201019055906,10.77.1.1/24,23
20201019055907,10.20.30.2/16,-
20201019055909,10.77.1.2/24,-
20201019055910,10.77.1.1/24,12
20201019055911,192.168.1.1/24,2
20201019055912,10.77.1.1/24,7
20201019055914,192.168.1.1/24,2
20201019055915,10.20.30.1/16,43
20201019055917,192.168.1.2/24,14
20201019055919,10.77.1.1/24,8
20201019055921,192.168.1.1/24,17
20201019055923,10.77.1.1/24,31
20201019055924,10.20.30.2/16,61
20201019055925,192.168.1.1/24,79
20201019055926,10.77.1.2/24,6
20201019055928,10.20.30.1/16,-
20201019055929,10.77.1.2/24,67
20201019055930,10.20.30.1/16,21
20201019055931,10.20.30.1/16,4
20201019055932,10.77.1.1/24,-
20201019055933,10.77.1.2/24,56
20201019055935,192.168.1.1/24,2
20201019055936,10.77.1.1/24,-
20201019055937,10.77.1.2/24,8
20201019055939,10.77.1.2/24,96
20201019055941,10.20.30.1/16,-
20201019055942,192.168.1.2/24,47
20201019055943,192.168.1.2/24,92
20201019055945,10.20.30.2/16,10
20201019055946,192.168.1.1/24,9
20201019055947,192.168.1.2/24,6
20201019055948,10.77.1.2/24,12
20201019055950,10.77.1.1/24,9
20201019055951,10.20.30.2/16,30
20201019055952,192.168.1.1/24,55
20201019055953,192.168.1.2/24,75
20201019055954,192.168.1.2/24,8
20201019055955,10.20.30.2/16,9
20201019055956,10.20.30.2/16,65
20201019055958,10.77.1.2/24,52
20201019055959,192.168.1.1/24,74
20201019060001,192.168.1.1/24,4
20201019060003,10.20.30.2/16,8
20201019060004,192.168.1.1/24,4
20201019060005,10.77.1.1/24,32
20201019060006,10.77.1.2/24,-
20201019060007,10.77.1.2/24,-
20201019060009,192.168.1.1/24,-
20201019060010,10.20.30.1/16,9
20201019060012,10.20.30.1/16,6
20201019060013,10.77.1.1/24,1
20201019060014,10.20.30.1/16,7
20201019060015,192.168.1.2/24,1
20201019060017,10.20.30.1/16,1
20201019060018,10.20.30.1/16,37
20201019060019,10.20.30.2/16,6
20201019060021,192.168.1.2/24,-
20201019060022,10.77.1.2/24,3
20201019060023,10.77.1.2/24,1
20201019060024,192.168.1.1/24,9
20201019060025,10.20.30.2/16,-
20201019060026,192.168.1.2/24,-
20201019060027,10.77.1.2/24,8
20201019060028,10.77.1.2/24,8
20201019060029,10.77.1.1/24,9
20201019060030,10.77.1.1/24,-
20201019060031,10.20.30.2/16,9
20201019060032,192.168.1.2/24,10
20201019060033,10.20.30.1/16,6
20201019060034,10.77.1.1/24,9
20201019060035,10.77.1.2/24,3
20201019060036,10.77.1.2/24,2
20201019060037,10.77.1.1/24,90
20201019060038,10.77.1.2/24,35
20201019060039,10.77.1.2/24,-
20201019060040,192.168.1.2/24,6
20201019060041,192.168.1.1/24,63
20201019060042,10.20.30.1/16,9
20201019060043,10.20.30.1/16,0
20201019060044,10.77.1.1/24,44
20201019060045,10.20.30.2/16,16
20201019060046,10.77.1.2/24,-
20201019060048,192.168.1.1/24,1
20201019060050,10.77.1.1/24,8
20201019060051,10.20.30.2/16,78
20201019060052,10.20.30.1/16,13
20201019060054,192.168.1.1/24,5
20201019060056,10.20.30.1/16,1
20201019060057,10.77.1.2/24,3
20201019060058,10.77.1.1/24,-
20201019060059,192.168.1.2/24,9
20201019060100,10.20.30.2/16,8
20201019060101,10.20.30.1/16,7
20201019060103,10.20.30.2/16,2
20201019060105,10.20.30.1/16,-
20201019060107,192.168.1.1/24,1
20201019060109,10.20.30.1/16,-
20201019060110,10.77.1.1/24,-
20201019060111,10.20.30.1/16,3
20201019060112,192.168.1.1/24,7
20201019060113,10.77.1.2/24,3
20201019060114,10.77.1.1/24,-
20201019060115,192.168.1.2/24,7
20201019060117,10.77.1.1/24,53
20201019060118,192.168.1.2/24,6
20201019060119,10.77.1.2/24,4
20201019060120,10.20.30.2/16,0
20201019060121,10.20.30.2/16,5
20201019060122,192.168.1.2/24,31
20201019060123,10.77.1.1/24,36
20201019060124,192.168.1.1/24,7
20201019060126,192.168.1.1/24,8
20201019060128,10.20.30.2/16,11
20201019060129,192.168.1.1/24,6
20201019060130,10.77.1.2/24,2
20201019060131,10.20.30.1/16,8
20201019060133,192.168.1.2/24,5
20201019060134,10.77.1.1/24,-
20201019060135,10.20.30.1/16,5
20201019060136,10.77.1.1/24,2
20201019060138,192.168.1.2/24,18
20201019060140,10.77.1.2/24,-
20201019060141,10.77.1.1/24,7
20201019060142,10.20.30.1/16,7
20201019060143,192.168.1.2/24,7
20201019060144,192.168.1.2/24,-
20201019060145,192.168.1.2/24,6
20201019060146,192.168.1.2/24,-
20201019060147,192.168.1.1/24,-
20201019060149,192.168.1.2/24,-
20201019060150,10.20.30.1/16,-
20201019060151,10.20.30.2/16,33
20201019060152,10.20.30.1/16,4
20201019060153,10.20.30.2/16,8
20201019060154,10.20.30.2/16,6
20201019060155,10.20.30.2/16,-
20201019060156,192.168.1.1/24,5
20201019060158,10.20.30.1/16,-
20201019060159,10.20.30.1/16,-
20201019060201,10.77.1.2/24,36
20201019060202,10.20.30.1/16,4
20201019060203,192.168.1.1/24,7
20201019060204,10.77.1.1/24,-
20201019060205,10.20.30.2/16,6
20201019060206,10.20.30.2/16,2
20201019060208,10.77.1.2/24,28
20201019060209,10.20.30.2/16,8
20201019060211,192.168.1.2/24,4
20201019060212,192.168.1.1/24,11
20201019060213,10.77.1.2/24,39
20201019060214,10.20.30.1/16,-
20201019060216,10.20.30.2/16,-
20201019060217,10.20.30.2/16,5
20201019060218,10.77.1.2/24,1
20201019060220,10.77.1.2/24,-
20201019060221,10.20.30.1/16,4
20201019060223,10.20.30.2/16,-
20201019060224,192.168.1.1/24,7
20201019060225,10.20.30.2/16,26
20201019060226,10.77.1.1/24,-
20201019060227,10.20.30.1/16,35
20201019060228,10.20.30.2/16,91
20201019060229,10.77.1.2/24,-
20201019060230,192.168.1.1/24,8
20201019060231,192.168.1.1/24,52
20201019060232,10.77.1.1/24,-
20201019060233,10.20.30.1/16,9
20201019060234,10.77.1.1/24,-
20201019060235,10.20.30.2/16,23
20201019060237,10.20.30.2/16,4
20201019060238,10.20.30.1/16,4
20201019060240,10.20.30.2/16,10
20201019060242,10.20.30.2/16,70
20201019060244,10.77.1.2/24,-
20201019060246,10.20.30.1/16,4
20201019060247,10.77.1.1/24,-
20201019060249,192.168.1.1/24,-
20201019060250,10.20.30.2/16,7
20201019060252,10.20.30.1/16,-
20201019060253,10.20.30.1/16,-
20201019060254,10.20.30.1/16,2
20201019060255,10.77.1.2/24,2
20201019060257,10.20.30.2/16,7
20201019060259,192.168.1.2/24,10
20201019060300,192.168.1.1/24,12
20201019060301,192.168.1.1/24,78
20201019060303,192.168.1.2/24,-
20201019060304,10.77.1.2/24,7
20201019060305,10.77.1.2/24,5
20201019060306,10.20.30.1/16,21
20201019060307,10.77.1.2/24,-
20201019060308,10.77.1.1/24,4
20201019060309,10.77.1.1/24,8
20201019060311,10.20.30.1/16,5
20201019060312,192.168.1.1/24,6
20201019060313,10.77.1.1/24,86
20201019060314,10.77.1.1/24,39
20201019060316,192.168.1.1/24,-
20201019060317,192.168.1.2/24,9
20201019060318,192.168.1.2/24,29
20201019060319,10.20.30.1/16,2
20201019060320,10.20.30.2/16,3
20201019060321,10.20.30.1/16,4
20201019060322,10.20.30.2/16,3
20201019060324,10.20.30.1/16,4
20201019060325,192.168.1.2/24,4
20201019060327,10.77.1.2/24,5
20201019060329,192.168.1.1/24,9
20201019060330,10.77.1.2/24,98
20201019060331,10.20.30.2/16,-
20201019060332,192.168.1.1/24,40
20201019060333,10.20.30.1/16,-
20201019060334,192.168.1.1/24,-
20201019060335,192.168.1.2/24,32
20201019060336,192.168.1.2/24,62
20201019060338,192.168.1.1/24,-
20201019060339,192.168.1.1/24,8
20201019060340,192.168.1.2/24,9
20201019060341,10.77.1.2/24,3
20201019060342,10.20.30.1/16,1
20201019060343,10.77.1.1/24,58
20201019060344,10.20.30.1/16,47
20201019060345,192.168.1.1/24,9
20201019060346,10.20.30.1/16,8
20201019060347,10.77.1.1/24,1
20201019060349,192.168.1.2/24,-
20201019060350,192.168.1.1/24,-
20201019060351,10.20.30.2/16,2
20201019060352,10.77.1.1/24,5
20201019060353,10.20.30.2/16,5
20201019060354,192.168.1.1/24,-
20201019060356,10.20.30.2/16,6
20201019060358,10.20.30.2/16,5
20201019060359,10.77.1.1/24,5
20201019060400,192.168.1.2/24,-
20201019060401,10.77.1.2/24,38
20201019060403,10.77.1.2/24,6
20201019060404,10.77.1.2/24,-
20201019060405,192.168.1.2/24,1
20201019060406,10.77.1.2/24,4
20201019060407,10.77.1.2/24,4
20201019060408,192.168.1.2/24,-
20201019060409,10.77.1.1/24,3
20201019060410,10.20.30.1/16,56
20201019060411,192.168.1.2/24,5
20201019060412,10.20.30.1/16,47
20201019060414,10.20.30.2/16,9
20201019060416,192.168.1.2/24,8
20201019060417,192.168.1.2/24,3
20201019060418,10.77.1.1/24,2
20201019060419,10.77.1.1/24,5
20201019060421,192.168.1.2/24,4
20201019060423,10.77.1.1/24,11
20201019060424,192.168.1.2/24,1
20201019060425,192.168.1.2/24,-
20201019060426,10.20.30.1/16,-
20201019060427,10.20.30.2/16,1
20201019060428,10.77.1.1/24,-
20201019060429,10.20.30.1/16,-
20201019060430,192.168.1.2/24,63
20201019060431,192.168.1.1/24,-
20201019060432,10.20.30.1/16,6
20201019060433,10.77.1.2/24,-
20201019060435,192.168.1.2/24,4
20201019060436,192.168.1.1/24,2
20201019060437,192.168.1.2/24,1
20201019060438,192.168.1.1/24,-
20201019060439,10.20.30.2/16,29
20201019060441,10.20.30.2/16,15
20201019060443,10.20.30.1/16,-
20201019060444,10.20.30.1/16,5
20201019060445,192.168.1.1/24,6
20201019060446,10.77.1.1/24,5
20201019060447,10.77.1.1/24,9
20201019060448,10.20.30.2/16,17
20201019060449,10.77.1.1/24,-
20201019060450,192.168.1.2/24,8
20201019060451,10.77.1.2/24,55
20201019060452,10.77.1.1/24,-
20201019060453,10.77.1.1/24,-
20201019060454,10.77.1.1/24,4
20201019060455,192.168.1.1/24,9
20201019060457,192.168.1.2/24,3
20201019060458,10.77.1.1/24,-
20201019060500,10.20.30.2/16,-
20201019060502,10.77.1.2/24,95
20201019060503,192.168.1.2/24,58
20201019060505,10.77.1.1/24,3
20201019060506,192.168.1.2/24,6
20201019060507,10.77.1.1/24,36
20201019060509,192.168.1.2/24,8
20201019060510,10.20.30.1/16,-
20201019060511,10.77.1.2/24,6
20201019060513,10.77.1.2/24,-
20201019060514,192.168.1.2/24,33
20201019060515,192.168.1.2/24,3
20201019060517,192.168.1.2/24,4
20201019060518,192.168.1.1/24,-
20201019060519,10.77.1.2/24,9
20201019060520,192.168.1.1/24,9
20201019060521,192.168.1.1/24,6
20201019060522,10.20.30.1/16,-
20201019060523,10.77.1.2/24,-
20201019060525,10.77.1.2/24,9
20201019060527,10.77.1.2/24,8
20201019060528,10.77.1.1/24,7
20201019060529,10.20.30.2/16,4
20201019060530,10.77.1.1/24,-
20201019060531,10.77.1.2/24,-
20201019060532,192.168.1.1/24,1
20201019060534,10.77.1.1/24,5
20201019060535,10.77.1.2/24,6
20201019060536,192.168.1.1/24,3
20201019060537,10.20.30.1/16,-
20201019060538,10.77.1.2/24,8
20201019060539,10.20.30.2/16,5
20201019060540,192.168.1.2/24,5
20201019060541,192.168.1.1/24,5
20201019060542,10.20.30.1/16,-
20201019060544,10.20.30.2/16,-
20201019060545,10.20.30.2/16,7
20201019060546,10.77.1.2/24,9
20201019060547,192.168.1.2/24,15
20201019060548,10.77.1.1/24,5
20201019060549,10.77.1.2/24,2
20201019060551,10.20.30.2/16,6
20201019060552,10.20.30.1/16,7
20201019060553,192.168.1.1/24,45
20201019060554,10.77.1.2/24,-
20201019060555,10.20.30.2/16,1
20201019060556,192.168.1.2/24,9
20201019060557,192.168.1.2/24,8
20201019060558,10.77.1.2/24,-
20201019060600,192.168.1.1/24,-
20201019060601,10.20.30.2/16,-
20201019060602,10.77.1.1/24,8
20201019060603,192.168.1.2/24,51
20201019060604,10.20.30.2/16,42
20201019060606,10.20.30.1/16,5
20201019060607,192.168.1.2/24,7
20201019060608,10.77.1.1/24,88
20201019060609,10.77.1.2/24,-
20201019060610,10.77.1.1/24,6
20201019060611,10.20.30.1/16,-
20201019060612,10.20.30.1/16,-
20201019060613,192.168.1.2/24,6
20201019060614,10.20.30.1/16,-
20201019060616,10.77.1.2/24,-
20201019060617,10.77.1.1/24,1
20201019060618,192.168.1.1/24,23
20201019060619,192.168.1.1/24,5
20201019060620,192.168.1.1/24,-
20201019060621,10.20.30.1/16,46
20201019060622,10.20.30.2/16,8
20201019060623,192.168.1.2/24,-
20201019060624,192.168.1.2/24,6
20201019060625,10.77.1.1/24,1
20201019060627,10.20.30.1/16,47
20201019060629,192.168.1.1/24,28
20201019060630,10.20.30.1/16,-
20201019060631,10.77.1.1/24,-
20201019060633,192.168.1.1/24,4
20201019060634,10.20.30.1/16,7
20201019060635,10.77.1.1/24,7
20201019060637,10.77.1.1/24,64
20201019060638,192.168.1.2/24,6
20201019060639,10.77.1.2/24,5
20201019060640,10.77.1.1/24,1
20201019060641,192.168.1.2/24,7
20201019060642,192.168.1.2/24,43
20201019060643,10.20.30.2/16,58
20201019060644,192.168.1.2/24,53
20201019060646,10.77.1.1/24,47
20201019060647,10.77.1.1/24,5
20201019060649,192.168.1.1/24,1
20201019060650,10.77.1.1/24,7
20201019060651,10.20.30.2/16,38
20201019060653,10.20.30.2/16,-
20201019060655,10.77.1.2/24,6
20201019060657,10.77.1.1/24,45
20201019060659,10.20.30.1/16,11
20201019060700,192.168.1.1/24,8
20201019060701,192.168.1.2/24,13
20201019060703,192.168.1.1/24,3
20201019060705,10.20.30.2/16,8
20201019060706,10.20.30.1/16,-
20201019060707,192.168.1.1/24,6
20201019060708,10.77.1.1/24,86
20201019060709,192.168.1.1/24,5
20201019060710,192.168.1.1/24,4
20201019060711,10.77.1.1/24,7
20201019060712,192.168.1.1/24,7
20201019060714,10.20.30.2/16,2
20201019060715,10.20.30.1/16,-
20201019060716,10.77.1.2/24,4
20201019060717,10.77.1.1/24,-
20201019060718,10.20.30.1/16,6
20201019060719,10.77.1.2/24,5
20201019060720,10.20.30.2/16,5
20201019060722,192.168.1.1/24,6
20201019060723,192.168.1.2/24,7
20201019060724,10.77.1.2/24,-
20201019060725,10.20.30.2/16,4
20201019060726,192.168.1.2/24,5
20201019060728,192.168.1.2/24,4
20201019060729,192.168.1.1/24,7
20201019060730,10.20.30.2/16,-
20201019060732,192.168.1.2/24,-
20201019060733,10.77.1.2/24,7
20201019060734,10.20.30.2/16,2
20201019060736,10.20.30.2/16,5
20201019060737,10.20.30.1/16,-
20201019060738,10.77.1.2/24,27
20201019060739,10.77.1.1/24,36
20201019060740,192.168.1.2/24,49
20201019060741,10.77.1.2/24,-
20201019060742,10.20.30.1/16,8
20201019060743,10.20.30.2/16,-
20201019060744,10.77.1.1/24,4
20201019060745,10.77.1.2/24,6
20201019060746,192.168.1.2/24,-
20201019060747,192.168.1.2/24,-
20201019060748,10.20.30.2/16,7
20201019060749,10.20.30.2/16,-
20201019060750,10.77.1.1/24,1
20201019060752,192.168.1.2/24,3
20201019060753,10.77.1.1/24,4
20201019060754,192.168.1.2/24,6
20201019060756,10.77.1.2/24,3
20201019060757,10.20.30.1/16,24
20201019060758,192.168.1.1/24,6
20201019060759,10.77.1.2/24,2
20201019060800,192.168.1.1/24,5
20201019060802,10.20.30.2/16,7
20201019060803,192.168.1.2/24,41
20201019060805,10.20.30.1/16,-
20201019060806,10.77.1.1/24,3
20201019060807,192.168.1.2/24,-
20201019060809,192.168.1.2/24,-
20201019060810,10.77.1.2/24,32
20201019060812,10.77.1.2/24,3
20201019060813,192.168.1.2/24,36
20201019060815,192.168.1.2/24,87
20201019060816,10.77.1.1/24,94
20201019060817,10.20.30.1/16,52
20201019060818,10.20.30.1/16,7
20201019060820,192.168.1.1/24,5
20201019060821,10.20.30.2/16,-
20201019060822,192.168.1.1/24,-
20201019060824,10.20.30.2/16,-
20201019060825,10.77.1.1/24,6
20201019060826,192.168.1.1/24,4
20201019060828,10.77.1.2/24,4
20201019060829,192.168.1.2/24,3
20201019060830,10.77.1.1/24,-
20201019060831,192.168.1.2/24,6
20201019060832,192.168.1.1/24,9
20201019060833,10.77.1.1/24,1
20201019060835,192.168.1.1/24,8
20201019060836,10.77.1.2/24,7
20201019060837,10.77.1.2/24,7
20201019060838,192.168.1.1/24,-
20201019060839,10.77.1.1/24,-
20201019060840,10.20.30.2/16,-
20201019060841,10.20.30.1/16,4
20201019060843,10.77.1.2/24,2
20201019060844,10.77.1.1/24,9
20201019060845,10.20.30.2/16,2
20201019060846,192.168.1.1/24,3
20201019060847,192.168.1.1/24,4
20201019060848,10.20.30.1/16,-
20201019060849,10.20.30.1/16,23
20201019060850,10.20.30.2/16,52
20201019060851,10.77.1.2/24,16
20201019060853,10.77.1.1/24,1
20201019060854,10.20.30.2/16,61
20201019060855,192.168.1.2/24,9
20201019060856,10.20.30.2/16,2
20201019060857,10.20.30.2/16,-
20201019060858,192.168.1.2/24,90
20201019060900,192.168.1.1/24,4
20201019060901,10.20.30.2/16,7
20201019060903,10.20.30.2/16,-
20201019060904,10.20.30.1/16,6
20201019060905,192.168.1.1/24,1
20201019060907,10.20.30.2/16,-
20201019060908,10.20.30.1/16,7
20201019060909,10.77.1.2/24,3
20201019060911,192.168.1.1/24,10
20201019060912,10.77.1.2/24,4
20201019060913,192.168.1.1/24,30
20201019060915,192.168.1.1/24,-
20201019060916,10.77.1.1/24,7
20201019060917,10.77.1.2/24,-
20201019060918,10.20.30.1/16,43
20201019060920,192.168.1.1/24,2
20201019060921,192.168.1.2/24,-
20201019060923,10.20.30.1/16,2
20201019060925,192.168.1.1/24,2
20201019060926,192.168.1.2/24,-
20201019060927,192.168.1.1/24,4
20201019060928,10.77.1.1/24,-
20201019060929,10.77.1.2/24,4
20201019060930,10.77.1.2/24,44
20201019060931,10.77.1.1/24,4
20201019060932,10.77.1.2/24,2
20201019060934,192.168.1.1/24,-
20201019060935,10.20.30.2/16,2
20201019060936,10.77.1.2/24,69
20201019060938,192.168.1.1/24,3
20201019060939,10.20.30.1/16,8
20201019060940,10.77.1.2/24,4
20201019060941,192.168.1.2/24,5
20201019060942,10.20.30.1/16,4
20201019060943,10.20.30.1/16,34
20201019060945,192.168.1.2/24,9
20201019060946,10.20.30.1/16,-
20201019060947,192.168.1.2/24,3
20201019060948,10.77.1.1/24,-
20201019060949,192.168.1.1/24,9
20201019060950,10.20.30.1/16,6
20201019060952,10.77.1.1/24,1
20201019060954,10.77.1.2/24,9
20201019060956,10.20.30.1/16,9
20201019060957,192.168.1.1/24,-
20201019060958,10.77.1.2/24,7
20201019060959,10.77.1.2/24,4
20201019061000,10.20.30.1/16,-
20201019061001,10.20.30.1/16,52
20201019061002,10.77.1.1/24,80
20201019061003,10.20.30.1/16,80
20201019061004,192.168.1.1/24,-
20201019061005,10.77.1.2/24,19
20201019061007,10.77.1.2/24,7
20201019061008,10.77.1.1/24,-
20201019061009,192.168.1.1/24,-
20201019061010,10.77.1.1/24,9
20201019061011,10.77.1.2/24,82
20201019061012,192.168.1.2/24,8
20201019061013,10.20.30.2/16,-
20201019061015,10.77.1.2/24,23
20201019061017,10.20.30.1/16,53
20201019061019,10.20.30.1/16,-
20201019061020,10.77.1.1/24,9
20201019061021,10.20.30.1/16,16
20201019061022,10.20.30.2/16,28
20201019061023,10.77.1.2/24,-
20201019061025,10.77.1.1/24,1
20201019061026,10.20.30.2/16,-
20201019061027,192.168.1.2/24,14
20201019061028,10.77.1.2/24,9
20201019061030,192.168.1.1/24,18
20201019061031,10.77.1.1/24,9
20201019061032,10.77.1.2/24,3
20201019061033,10.20.30.2/16,30
20201019061034,10.77.1.2/24,5
20201019061035,192.168.1.1/24,7
20201019061037,10.77.1.1/24,-
20201019061039,10.20.30.1/16,-
20201019061040,10.20.30.2/16,8
20201019061042,10.77.1.2/24,1
20201019061043,10.77.1.1/24,6
20201019061044,192.168.1.2/24,4
20201019061045,192.168.1.2/24,41
20201019061046,10.77.1.2/24,1
20201019061047,192.168.1.1/24,7
20201019061048,10.77.1.2/24,-
20201019061049,10.20.30.1/16,2
20201019061050,192.168.1.2/24,1
20201019061052,192.168.1.2/24,-
20201019061053,10.20.30.1/16,-
20201019061054,10.77.1.2/24,-
20201019061055,10.77.1.1/24,61
20201019061056,10.77.1.2/24,-
20201019061057,192.168.1.2/24,1
20201019061058,10.77.1.2/24,74
20201019061059,10.20.30.2/16,-
20201019061100,192.168.1.2/24,-
20201019061101,10.77.1.1/24,-
20201019061102,10.20.30.2/16,7
20201019061103,10.20.30.2/16,-
20201019061105,10.77.1.2/24,1
20201019061107,10.77.1.2/24,3
20201019061108,10.77.1.1/24,17
20201019061109,10.20.30.2/16,80
20201019061110,192.168.1.2/24,-
20201019061111,10.77.1.2/24,2
20201019061112,10.20.30.1/16,3
20201019061114,10.20.30.1/16,15
20201019061116,10.77.1.1/24,-
20201019061118,10.77.1.1/24,60
20201019061119,10.20.30.1/16,20
20201019061120,10.77.1.1/24,4
20201019061121,192.168.1.1/24,-
20201019061122,10.20.30.1/16,31
20201019061123,10.20.30.2/16,5
20201019061124,10.77.1.2/24,-
20201019061125,192.168.1.1/24,2
20201019061126,192.168.1.1/24,4
20201019061127,192.168.1.2/24,-
20201019061128,192.168.1.2/24,4
20201019061129,10.77.1.1/24,7
20201019061130,10.20.30.1/16,1
20201019061132,10.20.30.1/16,54
20201019061134,10.77.1.1/24,20
20201019061135,10.20.30.2/16,24
20201019061136,10.20.30.1/16,4
20201019061137,10.77.1.1/24,-
20201019061138,10.77.1.2/24,3
20201019061139,10.77.1.2/24,-
20201019061140,10.20.30.2/16,-
20201019061142,192.168.1.2/24,8
20201019061143,192.168.1.1/24,94
20201019061144,10.77.1.2/24,66
20201019061145,10.20.30.1/16,16
20201019061146,10.20.30.2/16,1
20201019061148,10.20.30.2/16,5
20201019061149,10.20.30.2/16,7
20201019061151,192.168.1.1/24,74
20201019061153,192.168.1.1/24,3
20201019061154,10.20.30.1/16,2
20201019061156,10.20.30.1/16,-
20201019061157,10.77.1.1/24,7
20201019061158,10.20.30.1/16,7
20201019061159,10.77.1.1/24,6
20201019061201,10.20.30.1/16,-
20201019061202,192.168.1.1/24,36
20201019061203,10.77.1.1/24,73
20201019061204,192.168.1.2/24,-
20201019061205,10.77.1.2/24,22
20201019061206,192.168.1.2/24,5
20201019061207,10.20.30.1/16,5
20201019061208,10.20.30.2/16,8
20201019061210,10.20.30.1/16,-
20201019061212,10.77.1.2/24,82
20201019061213,10.77.1.2/24,-
20201019061215,10.20.30.2/16,1
20201019061216,192.168.1.2/24,17
20201019061217,192.168.1.2/24,90
20201019061218,10.77.1.2/24,4
20201019061219,10.77.1.2/24,3
20201019061221,192.168.1.1/24,6
20201019061222,192.168.1.1/24,59
20201019061223,192.168.1.1/24,-
20201019061224,10.20.30.1/16,69
20201019061226,10.77.1.1/24,5
20201019061227,10.77.1.2/24,68
20201019061228,10.20.30.1/16,-
20201019061229,192.168.1.2/24,4
20201019061231,192.168.1.2/24,-
20201019061232,10.20.30.2/16,62
20201019061233,10.77.1.2/24,-
20201019061234,10.20.30.1/16,44
20201019061235,10.20.30.2/16,-
20201019061236,192.168.1.1/24,-
20201019061237,10.20.30.1/16,23
20201019061238,10.20.30.1/16,2
20201019061239,192.168.1.1/24,4
20201019061241,192.168.1.2/24,6
20201019061242,10.20.30.2/16,50
20201019061243,192.168.1.2/24,-
20201019061244,10.77.1.1/24,24
20201019061246,10.20.30.1/16,5
20201019061247,10.20.30.1/16,1
20201019061248,192.168.1.2/24,7
20201019061249,192.168.1.2/24,12
20201019061250,192.168.1.1/24,1
20201019061252,10.77.1.1/24,3
20201019061253,192.168.1.2/24,6
20201019061254,10.20.30.2/16,37
20201019061255,192.168.1.2/24,6
20201019061256,192.168.1.2/24,-
20201019061257,10.77.1.1/24,-
20201019061258,10.20.30.1/16,3
20201019061259,10.20.30.1/16,2
20201019061300,192.168.1.1/24,6
20201019061301,10.77.1.1/24,-
20201019061302,192.168.1.1/24,-
20201019061303,192.168.1.1/24,9
20201019061304,10.20.30.1/16,9
20201019061305,192.168.1.2/24,9
20201019061306,192.168.1.2/24,-
20201019061308,10.77.1.2/24,5
20201019061309,192.168.1.1/24,6
20201019061310,10.20.30.1/16,5
20201019061311,10.77.1.1/24,-
20201019061312,10.20.30.2/16,7
20201019061313,192.168.1.1/24,2
20201019061315,192.168.1.1/24,6
20201019061316,10.20.30.1/16,-
20201019061318,10.20.30.2/16,3
20201019061320,192.168.1.1/24,3
20201019061321,10.20.30.1/16,-
20201019061323,192.168.1.1/24,-
20201019061324,10.77.1.1/24,37
20201019061325,10.20.30.1/16,-
20201019061326,10.77.1.2/24,1
20201019061327,192.168.1.2/24,3
20201019061329,10.77.1.1/24,6
20201019061330,10.77.1.2/24,17
20201019061332,10.77.1.2/24,-
20201019061334,10.20.30.1/16,9
20201019061336,192.168.1.2/24,5
20201019061337,10.20.30.2/16,-
20201019061338,10.20.30.2/16,-
20201019061339,10.20.30.2/16,6
20201019061340,10.77.1.1/24,7
20201019061341,10.77.1.1/24,3
20201019061342,10.20.30.1/16,2
20201019061344,10.77.1.1/24,50
20201019061345,192.168.1.1/24,2
20201019061346,192.168.1.1/24,46
20201019061347,192.168.1.1/24,9
20201019061348,10.77.1.1/24,49
20201019061349,10.20.30.2/16,6
20201019061350,10.20.30.1/16,-
20201019061351,10.20.30.2/16,-
20201019061352,192.168.1.1/24,-
20201019061354,192.168.1.1/24,9
20201019061355,10.77.1.1/24,-
20201019061356,10.20.30.1/16,7
20201019061357,10.77.1.1/24,-
20201019061359,192.168.1.1/24,14
20201019061400,10.77.1.1/24,3
20201019061401,10.20.30.1/16,27
20201019061402,192.168.1.1/24,6
20201019061403,10.77.1.2/24,2
20201019061405,10.77.1.1/24,4
20201019061406,10.20.30.2/16,5
20201019061408,10.77.1.2/24,-
20201019061409,10.20.30.1/16,2
20201019061410,10.20.30.1/16,4
20201019061411,10.20.30.1/16,3
20201019061412,10.77.1.1/24,-
20201019061413,10.77.1.2/24,-
20201019061414,10.20.30.1/16,60
20201019061415,10.77.1.1/24,6
20201019061416,10.77.1.2/24,-
20201019061417,10.20.30.2/16,76
20201019061418,192.168.1.1/24,4
20201019061419,10.77.1.2/24,2
20201019061420,10.77.1.1/24,3
20201019061421,192.168.1.1/24,12
20201019061422,192.168.1.1/24,9
20201019061423,10.20.30.1/16,1
20201019061424,10.77.1.1/24,6
20201019061425,192.168.1.1/24,1
20201019061427,10.77.1.2/24,3
20201019061428,10.77.1.2/24,12
20201019061429,10.77.1.2/24,9
20201019061430,192.168.1.1/24,2
20201019061432,192.168.1.1/24,8
20201019061433,192.168.1.2/24,63
20201019061434,192.168.1.2/24,10
20201019061435,10.20.30.2/16,8
20201019061436,10.77.1.1/24,-
20201019061437,10.77.1.1/24,2
20201019061439,10.77.1.1/24,7
20201019061440,10.77.1.2/24,-
20201019061442,10.20.30.2/16,-
20201019061443,10.77.1.1/24,2
20201019061444,10.20.30.1/16,2
20201019061445,10.20.30.1/16,-
20201019061447,10.77.1.2/24,-
20201019061449,192.168.1.2/24,8
20201019061450,10.20.30.1/16,7
20201019061451,192.168.1.1/24,6
20201019061452,10.20.30.1/16,4
20201019061454,192.168.1.2/24,8
20201019061455,10.20.30.1/16,4
20201019061456,10.20.30.1/16,93
20201019061457,10.20.30.1/16,1
20201019061458,10.77.1.1/24,2
20201019061459,192.168.1.2/24,60
20201019061501,10.20.30.2/16,8
20201019061502,10.20.30.1/16,6
20201019061503,10.20.30.1/16,1
20201019061504,192.168.1.2/24,89
20201019061505,192.168.1.2/24,5
20201019061507,192.168.1.2/24,73
20201019061508,10.20.30.1/16,6
20201019061509,10.77.1.2/24,3
20201019061511,10.20.30.2/16,5
20201019061512,10.20.30.1/16,74
20201019061514,192.168.1.2/24,93
20201019061516,192.168.1.1/24,7
20201019061517,192.168.1.1/24,68
20201019061518,192.168.1.2/24,4
20201019061519,10.77.1.2/24,-
20201019061521,10.77.1.2/24,8
20201019061522,10.77.1.1/24,-
20201019061523,10.20.30.2/16,92
20201019061524,192.168.1.1/24,-
20201019061525,10.77.1.2/24,3
20201019061526,10.77.1.2/24,4
20201019061527,192.168.1.1/24,9
20201019061528,10.77.1.2/24,32
20201019061530,192.168.1.2/24,62
20201019061531,10.20.30.2/16,97
20201019061532,192.168.1.2/24,-
20201019061533,10.77.1.2/24,-
20201019061534,10.77.1.2/24,-
20201019061535,10.20.30.1/16,4
20201019061536,10.77.1.1/24,-
20201019061538,10.77.1.1/24,-
20201019061539,192.168.1.2/24,2
20201019061540,192.168.1.2/24,3
20201019061541,192.168.1.2/24,2
20201019061542,192.168.1.1/24,4
20201019061544,10.77.1.1/24,4
20201019061546,10.20.30.2/16,3
20201019061548,10.20.30.1/16,-
20201019061549,10.20.30.2/16,4
20201019061550,192.168.1.2/24,7
20201019061551,10.77.1.2/24,5
20201019061552,10.20.30.1/16,2
20201019061553,10.20.30.2/16,-
20201019061554,192.168.1.2/24,2
20201019061556,10.77.1.2/24,28
20201019061557,192.168.1.2/24,2
20201019061558,192.168.1.2/24,6
20201019061559,10.20.30.1/16,6
20201019061600,10.77.1.2/24,-
20201019061601,192.168.1.2/24,3
20201019061602,10.20.30.1/16,-
20201019061603,10.20.30.1/16,9
20201019061604,192.168.1.2/24,8
20201019061605,192.168.1.1/24,-
20201019061607,10.20.30.2/16,-
20201019061609,10.20.30.2/16,3
20201019061611,10.20.30.1/16,1
20201019061612,192.168.1.1/24,-
20201019061614,10.77.1.1/24,2
20201019061615,10.20.30.2/16,30
20201019061616,10.20.30.2/16,24
20201019061617,192.168.1.1/24,-
20201019061618,192.168.1.2/24,4
20201019061619,192.168.1.1/24,-
20201019061621,192.168.1.2/24,4
20201019061622,192.168.1.2/24,-
20201019061624,192.168.1.1/24,-
20201019061625,10.20.30.1/16,30
20201019061626,192.168.1.1/24,-
20201019061627,10.20.30.1/16,33
20201019061628,10.77.1.2/24,34
20201019061629,192.168.1.2/24,-
20201019061630,192.168.1.1/24,8
20201019061631,192.168.1.1/24,13
20201019061632,10.20.30.1/16,-
20201019061633,10.77.1.1/24,4
20201019061635,192.168.1.2/24,4
20201019061636,10.77.1.1/24,25
20201019061637,10.20.30.1/16,7
20201019061638,192.168.1.2/24,10
20201019061639,192.168.1.1/24,-
20201019061640,10.77.1.1/24,10
20201019061641,10.77.1.1/24,-
20201019061642,10.77.1.2/24,10
20201019061643,192.168.1.2/24,4
20201019061644,10.20.30.1/16,9
20201019061645,10.20.30.1/16,92
20201019061647,192.168.1.1/24,-
20201019061648,192.168.1.1/24,9
20201019061649,10.77.1.1/24,39
20201019061651,10.77.1.1/24,68
20201019061652,192.168.1.2/24,43
20201019061654,10.20.30.1/16,3
20201019061655,192.168.1.1/24,1
20201019061656,10.77.1.1/24,1
20201019061658,10.20.30.1/16,9
20201019061659,10.77.1.2/24,-
20201019061700,192.168.1.1/24,8
20201019061701,192.168.1.1/24,-
20201019061702,192.168.1.1/24,7
20201019061704,10.20.30.2/16,-
20201019061705,192.168.1.1/24,87
20201019061706,192.168.1.1/24,7
20201019061707,192.168.1.2/24,1
20201019061708,10.77.1.1/24,1
20201019061710,10.20.30.2/16,8
20201019061711,10.77.1.2/24,2
20201019061712,192.168.1.1/24,-
20201019061713,192.168.1.2/24,3
20201019061715,10.77.1.1/24,20
20201019061716,10.20.30.1/16,12
20201019061717,10.20.30.2/16,5
20201019061719,10.20.30.2/16,9
20201019061720,10.77.1.1/24,-
20201019061721,10.20.30.1/16,6
20201019061722,10.20.30.1/16,-
20201019061724,10.77.1.1/24,9
20201019061725,192.168.1.1/24,18
20201019061726,192.168.1.1/24,7
20201019061727,192.168.1.2/24,-
20201019061728,10.77.1.2/24,85
20201019061729,192.168.1.2/24,3
20201019061730,10.20.30.2/16,9
20201019061731,10.20.30.2/16,6
20201019061732,192.168.1.1/24,-
20201019061733,10.20.30.2/16,4
20201019061734,10.77.1.2/24,53
20201019061735,192.168.1.1/24,1
20201019061736,10.20.30.2/16,4
20201019061737,10.77.1.2/24,6
20201019061739,10.20.30.1/16,6
20201019061741,10.77.1.2/24,-
20201019061743,10.77.1.1/24,2
20201019061744,10.20.30.1/16,2
20201019061745,10.20.30.1/16,1
20201019061746,10.20.30.2/16,5
20201019061747,10.20.30.1/16,11
20201019061748,10.77.1.1/24,83
20201019061749,10.20.30.2/16,8
20201019061750,192.168.1.2/24,5
20201019061752,10.77.1.1/24,4
20201019061754,10.77.1.1/24,18
20201019061755,10.77.1.1/24,8
20201019061756,10.77.1.2/24,27
20201019061757,10.20.30.1/16,5
20201019061758,10.20.30.2/16,-
20201019061759,10.77.1.2/24,1
20201019061801,192.168.1.1/24,-
20201019061802,192.168.1.1/24,25
20201019061803,192.168.1.1/24,8
20201019061804,192.168.1.1/24,1
20201019061805,10.77.1.1/24,22
20201019061806,192.168.1.2/24,-
20201019061808,192.168.1.1/24,12
20201019061809,10.20.30.1/16,15
20201019061810,10.77.1.1/24,6
20201019061812,10.20.30.2/16,-
20201019061813,10.77.1.1/24,65
20201019061814,192.168.1.2/24,-
20201019061816,192.168.1.2/24,5
20201019061818,10.20.30.1/16,7
20201019061820,192.168.1.1/24,2
20201019061821,10.77.1.2/24,6
20201019061822,192.168.1.2/24,1
20201019061823,10.20.30.2/16,1
20201019061824,10.77.1.1/24,-
20201019061825,10.77.1.1/24,8
20201019061826,10.20.30.1/16,78
20201019061827,10.20.30.1/16,9
20201019061829,10.77.1.1/24,8
20201019061830,192.168.1.1/24,5
20201019061831,10.20.30.1/16,99
20201019061832,192.168.1.2/24,8
20201019061833,192.168.1.1/24,2
20201019061835,192.168.1.2/24,8
20201019061836,10.20.30.1/16,6
20201019061837,10.20.30.2/16,6
20201019061838,10.77.1.1/24,6
20201019061840,192.168.1.2/24,1
20201019061841,192.168.1.2/24,1
20201019061842,192.168.1.1/24,95
20201019061843,192.168.1.1/24,-
20201019061844,10.20.30.2/16,7
20201019061845,10.20.30.2/16,8
20201019061847,192.168.1.1/24,10
20201019061848,192.168.1.1/24,5
20201019061849,10.77.1.1/24,6
20201019061850,192.168.1.1/24,4
20201019061851,10.77.1.2/24,8
20201019061852,10.20.30.2/16,4
20201019061853,10.77.1.1/24,2
20201019061854,10.77.1.1/24,2
20201019061855,10.20.30.2/16,-
20201019061856,192.168.1.2/24,8
20201019061857,192.168.1.2/24,3
20201019061858,192.168.1.2/24,9
20201019061900,10.20.30.2/16,14
20201019061901,10.20.30.1/16,39
20201019061903,192.168.1.2/24,6
20201019061905,10.20.30.1/16,76
20201019061906,10.77.1.2/24,4
20201019061907,10.77.1.1/24,-
20201019061908,192.168.1.2/24,8
20201019061909,192.168.1.2/24,3
20201019061911,10.77.1.2/24,-
20201019061912,192.168.1.1/24,8
20201019061913,10.77.1.1/24,9
20201019061914,10.20.30.2/16,39
20201019061915,10.20.30.2/16,-
20201019061916,10.77.1.1/24,57
20201019061918,10.77.1.1/24,9
20201019061919,192.168.1.1/24,72
20201019061921,192.168.1.2/24,9
20201019061922,10.20.30.2/16,1
20201019061923,10.20.30.1/16,1
20201019061924,10.20.30.2/16,8
20201019061926,192.168.1.2/24,1
20201019061928,10.20.30.2/16,92
20201019061929,10.77.1.2/24,-
20201019061930,192.168.1.2/24,2
20201019061931,192.168.1.2/24,75
20201019061932,10.20.30.1/16,-
20201019061934,192.168.1.1/24,85
20201019061935,10.77.1.1/24,78
20201019061937,192.168.1.2/24,6
20201019061939,10.77.1.1/24,9
20201019061940,10.77.1.2/24,6
20201019061941,10.77.1.1/24,-
20201019061942,192.168.1.1/24,8
20201019061943,10.77.1.2/24,9
20201019061944,10.77.1.2/24,-
20201019061945,10.77.1.1/24,12
20201019061946,10.77.1.2/24,90
20201019061947,10.77.1.1/24,6
20201019061948,10.77.1.1/24,1
20201019061949,192.168.1.1/24,9
20201019061950,192.168.1.2/24,6
20201019061951,192.168.1.1/24,92
20201019061953,10.20.30.1/16,5
20201019061954,192.168.1.1/24,1
20201019061955,10.77.1.1/24,-
20201019061956,10.20.30.1/16,53
20201019061958,10.77.1.2/24,9
20201019062000,10.77.1.1/24,97
20201019062001,10.20.30.2/16,2
20201019062002,10.20.30.2/16,5
20201019062003,10.20.30.2/16,9
20201019062004,10.20.30.1/16,6
20201019062006,10.20.30.2/16,-
20201019062007,10.77.1.2/24,-
20201019062008,10.77.1.2/24,8
20201019062009,10.20.30.2/16,4
20201019062010,10.20.30.1/16,10
20201019062012,10.77.1.1/24,13
20201019062013,192.168.1.2/24,15
20201019062014,10.77.1.1/24,-
20201019062016,10.77.1.2/24,22
20201019062018,10.77.1.2/24,5
20201019062019,10.77.1.1/24,32
20201019062020,10.77.1.2/24,5
20201019062022,10.77.1.1/24,6
20201019062024,10.20.30.1/16,47
20201019062025,192.168.1.1/24,7
20201019062026,192.168.1.1/24,4
20201019062027,10.20.30.2/16,-
20201019062029,10.20.30.1/16,59
20201019062030,10.77.1.2/24,-
20201019062031,10.77.1.1/24,5
20201019062033,10.20.30.1/16,-
20201019062034,10.77.1.2/24,74
20201019062036,10.20.30.1/16,36
20201019062037,192.168.1.2/24,-
20201019062038,10.20.30.1/16,-
20201019062039,10.20.30.2/16,13
20201019062040,10.20.30.2/16,23
20201019062042,10.20.30.2/16,4
20201019062043,192.168.1.2/24,21
20201019062044,192.168.1.2/24,9
20201019062046,10.77.1.1/24,2
20201019062047,192.168.1.1/24,2
20201019062048,10.20.30.2/16,-
20201019062049,192.168.1.1/24,6
20201019062050,10.77.1.2/24,-
20201019062052,10.20.30.1/16,-
20201019062053,192.168.1.1/24,3
20201019062054,10.77.1.2/24,2
20201019062055,10.20.30.1/16,2
20201019062056,10.77.1.1/24,9
20201019062057,192.168.1.1/24,-
20201019062058,192.168.1.1/24,1
20201019062100,10.20.30.1/16,-
20201019062101,192.168.1.1/24,69
20201019062102,192.168.1.1/24,-
20201019062103,10.77.1.2/24,1
20201019062104,192.168.1.1/24,3
20201019062105,10.20.30.2/16,20
20201019062107,10.77.1.2/24,47
20201019062108,10.77.1.2/24,38
20201019062109,192.168.1.2/24,1
20201019062110,192.168.1.1/24,1
20201019062111,10.77.1.1/24,5
20201019062112,10.20.30.2/16,8
20201019062114,10.77.1.2/24,21
20201019062115,10.77.1.2/24,-
20201019062116,192.168.1.1/24,7
20201019062117,10.20.30.2/16,-
20201019062118,10.77.1.1/24,14
20201019062120,192.168.1.1/24,2
20201019062121,10.20.30.2/16,9
20201019062122,10.20.30.2/16,20
20201019062124,10.77.1.1/24,2
20201019062125,10.77.1.2/24,8
20201019062126,10.77.1.1/24,9
20201019062127,10.20.30.2/16,-
20201019062128,10.20.30.2/16,6
20201019062129,192.168.1.1/24,40
20201019062130,10.20.30.2/16,4
20201019062131,10.77.1.2/24,-
20201019062132,10.20.30.1/16,8
20201019062133,10.20.30.2/16,10
20201019062134,10.77.1.2/24,4
20201019062135,192.168.1.1/24,21
20201019062136,192.168.1.2/24,1
20201019062137,10.20.30.1/16,7
20201019062138,10.77.1.2/24,68
20201019062140,10.77.1.1/24,2
20201019062141,192.168.1.1/24,3
20201019062142,10.77.1.1/24,8
20201019062143,10.77.1.2/24,9
20201019062145,192.168.1.1/24,-
20201019062147,10.20.30.2/16,1
20201019062148,192.168.1.2/24,32
20201019062149,192.168.1.1/24,53
20201019062150,10.20.30.2/16,8
20201019062151,10.20.30.2/16,-
20201019062152,192.168.1.2/24,9
20201019062153,10.20.30.1/16,49
20201019062154,10.77.1.2/24,1
20201019062155,10.77.1.1/24,-
20201019062156,192.168.1.1/24,44
20201019062157,10.20.30.2/16,37
20201019062158,10.20.30.2/16,-
20201019062159,10.77.1.2/24,6
20201019062200,10.20.30.1/16,8
20201019062201,10.77.1.1/24,-
20201019062202,192.168.1.1/24,-
20201019062203,10.20.30.2/16,6
20201019062204,192.168.1.2/24,3
20201019062205,192.168.1.2/24,19
20201019062206,192.168.1.2/24,7
20201019062208,10.20.30.2/16,1
20201019062209,10.77.1.2/24,19
20201019062210,10.77.1.2/24,19
20201019062211,10.77.1.2/24,18
20201019062212,10.20.30.2/16,-
20201019062213,10.20.30.2/16,9
20201019062214,192.168.1.1/24,-
20201019062215,192.168.1.2/24,8
20201019062217,192.168.1.2/24,-
20201019062218,10.77.1.2/24,5
20201019062220,10.77.1.1/24,-
20201019062221,192.168.1.2/24,47
20201019062223,192.168.1.1/24,2
20201019062225,10.20.30.1/16,-
20201019062226,10.77.1.2/24,5
20201019062227,192.168.1.2/24,2
20201019062228,10.20.30.2/16,9
20201019062229,10.20.30.2/16,7
20201019062230,192.168.1.1/24,9
20201019062232,10.20.30.2/16,6
20201019062233,10.77.1.1/24,-
20201019062234,192.168.1.2/24,2
20201019062235,10.77.1.2/24,69
20201019062237,10.20.30.2/16,7
20201019062238,10.20.30.2/16,48
20201019062239,10.77.1.2/24,-
20201019062240,192.168.1.1/24,-
20201019062241,192.168.1.1/24,66
20201019062242,192.168.1.1/24,-
20201019062243,192.168.1.2/24,20
20201019062244,10.77.1.2/24,5
20201019062245,192.168.1.2/24,-
20201019062246,10.77.1.1/24,6
20201019062247,192.168.1.1/24,8
20201019062248,10.20.30.1/16,4
20201019062249,10.20.30.1/16,5
20201019062250,10.20.30.2/16,0
20201019062251,192.168.1.1/24,7
20201019062252,10.77.1.1/24,19
20201019062253,10.20.30.1/16,10
20201019062254,10.77.1.1/24,11
20201019062255,192.168.1.2/24,55
20201019062256,192.168.1.2/24,-
20201019062258,10.20.30.1/16,7
20201019062259,10.20.30.1/16,5
20201019062301,10.20.30.1/16,-
20201019062302,10.20.30.1/16,7
20201019062303,10.20.30.1/16,7
20201019062304,192.168.1.2/24,38
20201019062305,192.168.1.1/24,17
20201019062306,10.77.1.2/24,57
20201019062308,10.20.30.2/16,-
20201019062310,192.168.1.2/24,3
20201019062311,10.77.1.2/24,6
20201019062312,10.77.1.1/24,-
20201019062313,10.20.30.2/16,80
20201019062315,10.20.30.1/16,7
20201019062316,192.168.1.1/24,3
20201019062317,192.168.1.2/24,5
20201019062318,192.168.1.2/24,2
20201019062320,10.20.30.1/16,54
20201019062321,10.20.30.2/16,9
20201019062322,10.77.1.1/24,2
20201019062323,10.77.1.1/24,3
20201019062324,10.77.1.1/24,8
20201019062325,10.20.30.2/16,1
20201019062326,192.168.1.1/24,8
20201019062328,10.77.1.2/24,-
20201019062329,192.168.1.1/24,9
20201019062330,10.20.30.2/16,59
20201019062331,192.168.1.1/24,6
20201019062332,192.168.1.1/24,4
20201019062333,10.20.30.1/16,-
20201019062334,10.77.1.1/24,3
20201019062336,192.168.1.1/24,43
20201019062337,192.168.1.1/24,1
20201019062338,192.168.1.1/24,2
20201019062340,192.168.1.1/24,-
20201019062341,10.77.1.1/24,-
20201019062343,10.77.1.1/24,69
20201019062344,192.168.1.2/24,5
20201019062345,10.20.30.2/16,68
20201019062347,10.20.30.1/16,2
20201019062349,10.20.30.1/16,9
20201019062350,10.20.30.1/16,-
20201019062351,192.168.1.2/24,-
20201019062352,10.77.1.1/24,2
20201019062353,10.77.1.1/24,-
20201019062355,192.168.1.1/24,3
20201019062357,192.168.1.1/24,-
20201019062358,10.20.30.2/16,1
20201019062400,192.168.1.2/24,42
20201019062401,10.77.1.1/24,3
20201019062402,10.77.1.2/24,36
20201019062403,192.168.1.2/24,-
20201019062404,10.20.30.2/16,2
20201019062405,10.20.30.2/16,11
20201019062406,192.168.1.1/24,5
20201019062407,10.77.1.2/24,83
20201019062408,10.77.1.1/24,43
20201019062409,10.77.1.2/24,7
20201019062411,10.77.1.1/24,3
20201019062412,10.77.1.1/24,-
20201019062413,10.20.30.2/16,1
20201019062414,10.77.1.2/24,-
20201019062415,192.168.1.2/24,1
20201019062417,10.20.30.2/16,39
20201019062418,10.77.1.1/24,4
20201019062419,10.20.30.2/16,9
20201019062420,192.168.1.2/24,6
20201019062421,192.168.1.2/24,-
20201019062423,10.20.30.2/16,-
20201019062425,10.77.1.2/24,-
20201019062426,10.77.1.1/24,14
20201019062427,10.77.1.1/24,2
20201019062428,10.77.1.1/24,7
20201019062430,10.20.30.1/16,22
20201019062431,192.168.1.1/24,-
20201019062432,192.168.1.2/24,3
20201019062434,10.20.30.2/16,12
20201019062435,10.20.30.2/16,9
20201019062436,192.168.1.2/24,1
20201019062438,10.77.1.1/24,7
20201019062440,192.168.1.2/24,18
20201019062442,10.20.30.1/16,6
20201019062443,10.20.30.2/16,91
20201019062445,192.168.1.2/24,40
20201019062446,192.168.1.1/24,4
20201019062447,10.20.30.2/16,3
20201019062448,192.168.1.2/24,8
20201019062449,10.20.30.2/16,7
20201019062450,192.168.1.1/24,1
20201019062451,10.77.1.1/24,-
20201019062452,10.20.30.1/16,6
20201019062453,10.20.30.1/16,2
20201019062454,192.168.1.2/24,1
20201019062455,192.168.1.2/24,4
20201019062456,10.20.30.1/16,7
20201019062457,192.168.1.2/24,1
20201019062459,10.20.30.2/16,78
20201019062500,10.20.30.2/16,84
20201019062501,10.20.30.2/16,6
20201019062503,192.168.1.1/24,8
20201019062504,10.77.1.2/24,3
20201019062505,10.77.1.1/24,4
20201019062507,192.168.1.2/24,18
20201019062509,10.77.1.1/24,19
20201019062510,10.77.1.1/24,5
20201019062511,10.20.30.1/16,-
20201019062513,192.168.1.2/24,1
20201019062514,10.20.30.1/16,3
20201019062515,10.20.30.1/16,35
20201019062516,10.77.1.1/24,42
20201019062517,10.77.1.2/24,1
20201019062518,10.20.30.1/16,16
20201019062519,10.77.1.2/24,3
20201019062520,10.20.30.2/16,23
20201019062521,10.77.1.2/24,27
20201019062522,10.20.30.2/16,6
20201019062523,10.77.1.1/24,10
20201019062524,10.20.30.2/16,1
20201019062525,10.77.1.1/24,2
20201019062526,10.20.30.1/16,-
20201019062527,10.20.30.1/16,-
20201019062528,192.168.1.1/24,9
20201019062530,10.77.1.1/24,9
20201019062531,192.168.1.2/24,4
20201019062532,10.20.30.2/16,-
20201019062533,10.77.1.1/24,4
20201019062535,10.20.30.1/16,7
20201019062536,10.77.1.1/24,10
20201019062537,10.77.1.2/24,18
20201019062538,10.77.1.1/24,4
20201019062540,192.168.1.1/24,22
20201019062541,10.20.30.2/16,-
20201019062542,192.168.1.2/24,8
20201019062543,10.20.30.2/16,3
20201019062545,192.168.1.1/24,72
20201019062546,10.20.30.2/16,22
20201019062547,10.20.30.2/16,5
20201019062548,10.77.1.2/24,14
20201019062549,10.20.30.1/16,8
20201019062550,192.168.1.2/24,76
20201019062551,10.20.30.1/16,3
20201019062553,192.168.1.1/24,1
20201019062555,10.77.1.1/24,43
20201019062557,10.77.1.2/24,3
20201019062559,192.168.1.2/24,4
20201019062600,10.77.1.2/24,-
20201019062602,10.77.1.2/24,2
20201019062603,10.20.30.2/16,-
20201019062604,192.168.1.1/24,9
20201019062605,10.20.30.1/16,-
20201019062606,10.20.30.2/16,3
20201019062607,192.168.1.1/24,6
20201019062608,10.77.1.1/24,-
20201019062610,192.168.1.2/24,94
20201019062611,10.20.30.1/16,2
20201019062612,10.20.30.1/16,-
20201019062613,192.168.1.2/24,45
20201019062614,192.168.1.2/24,4
20201019062615,10.77.1.1/24,6
20201019062616,10.20.30.1/16,-
20201019062617,192.168.1.1/24,-
20201019062618,192.168.1.1/24,42
20201019062619,192.168.1.2/24,14
20201019062620,10.20.30.2/16,9
20201019062622,192.168.1.2/24,99
20201019062623,10.20.30.1/16,1
20201019062624,192.168.1.1/24,40
20201019062625,10.77.1.1/24,8
20201019062626,10.20.30.2/16,-
20201019062627,10.77.1.1/24,4
20201019062628,10.77.1.1/24,18
20201019062629,10.20.30.1/16,21
20201019062630,10.77.1.2/24,7
20201019062631,10.77.1.2/24,6
20201019062632,10.77.1.2/24,-
20201019062633,192.168.1.2/24,2
20201019062634,192.168.1.1/24,-
20201019062635,192.168.1.2/24,12
20201019062636,10.20.30.2/16,-
20201019062637,192.168.1.1/24,-
20201019062638,10.77.1.1/24,2
20201019062640,10.20.30.1/16,55
20201019062641,10.20.30.2/16,2
20201019062642,10.20.30.2/16,1
20201019062643,192.168.1.1/24,5
20201019062644,192.168.1.1/24,6
20201019062646,10.77.1.1/24,4
20201019062647,10.20.30.1/16,88
20201019062648,10.20.30.1/16,33
20201019062649,10.77.1.1/24,97
20201019062650,192.168.1.2/24,3
20201019062652,10.20.30.2/16,-
20201019062654,192.168.1.1/24,-
20201019062656,192.168.1.2/24,-
20201019062657,10.20.30.2/16,3
20201019062658,10.20.30.1/16,-
20201019062700,10.20.30.1/16,8
20201019062702,192.168.1.2/24,4
20201019062703,10.20.30.2/16,91
20201019062704,192.168.1.1/24,7
20201019062706,192.168.1.2/24,-
20201019062708,10.77.1.1/24,71
20201019062709,10.20.30.2/16,2
20201019062710,192.168.1.2/24,-
20201019062711,10.77.1.1/24,-
20201019062713,10.77.1.2/24,-
20201019062714,10.20.30.1/16,-
20201019062715,10.20.30.1/16,7
20201019062716,10.20.30.1/16,45
20201019062717,10.77.1.2/24,-
20201019062719,192.168.1.1/24,9
20201019062721,10.77.1.2/24,3
20201019062722,10.77.1.1/24,1
20201019062723,10.20.30.2/16,1
20201019062725,10.20.30.1/16,3
20201019062726,10.20.30.2/16,2
20201019062728,10.77.1.1/24,5
20201019062729,10.20.30.1/16,-
20201019062731,10.77.1.1/24,1
20201019062733,10.20.30.1/16,-
20201019062734,192.168.1.1/24,1
20201019062735,192.168.1.1/24,8
20201019062736,10.77.1.1/24,2
20201019062737,10.20.30.2/16,2
20201019062738,10.77.1.2/24,7
20201019062740,192.168.1.2/24,5
20201019062741,10.20.30.2/16,-
20201019062742,10.77.1.2/24,41
20201019062743,10.20.30.2/16,6
20201019062744,192.168.1.2/24,-
20201019062745,10.20.30.2/16,6
20201019062747,10.77.1.2/24,3
20201019062748,192.168.1.2/24,7
20201019062749,10.77.1.1/24,-
20201019062750,192.168.1.2/24,13
20201019062751,192.168.1.2/24,9
20201019062752,10.20.30.1/16,-
20201019062753,192.168.1.1/24,-
20201019062754,10.77.1.2/24,-
20201019062756,10.20.30.2/16,-
20201019062758,10.20.30.2/16,1
20201019062759,192.168.1.2/24,2
20201019062800,10.20.30.2/16,3
20201019062801,10.77.1.1/24,26
20201019062803,192.168.1.2/24,20
20201019062804,10.20.30.2/16,8
20201019062805,10.20.30.2/16,69
20201019062806,10.77.1.1/24,8
20201019062807,192.168.1.2/24,9
20201019062808,10.77.1.1/24,7
20201019062810,10.20.30.1/16,7
20201019062811,10.77.1.1/24,8
20201019062813,192.168.1.1/24,7
20201019062814,192.168.1.1/24,4
20201019062816,10.20.30.2/16,6
20201019062818,192.168.1.2/24,1
20201019062819,192.168.1.2/24,8
20201019062821,192.168.1.1/24,60
20201019062822,192.168.1.1/24,8
20201019062824,10.77.1.2/24,6
20201019062826,10.77.1.1/24,-
20201019062828,10.20.30.2/16,48
20201019062829,10.77.1.2/24,8
20201019062831,10.77.1.2/24,82
20201019062832,10.77.1.1/24,10
20201019062833,10.77.1.2/24,-
20201019062834,10.77.1.1/24,-
20201019062836,10.20.30.1/16,8
20201019062837,192.168.1.1/24,-
20201019062839,10.77.1.1/24,-
20201019062840,10.77.1.1/24,-
20201019062842,10.77.1.2/24,4
20201019062843,10.77.1.1/24,2
20201019062844,192.168.1.1/24,1
20201019062846,192.168.1.1/24,7
20201019062847,10.77.1.2/24,96
20201019062848,10.77.1.2/24,-
20201019062849,192.168.1.1/24,71
20201019062850,10.20.30.2/16,4
20201019062851,10.77.1.2/24,19
20201019062852,10.77.1.2/24,7
20201019062853,10.20.30.1/16,38
20201019062854,192.168.1.2/24,-
20201019062855,10.20.30.1/16,9
20201019062857,10.77.1.1/24,27
20201019062858,10.20.30.1/16,-
20201019062900,10.20.30.2/16,-
20201019062901,192.168.1.2/24,9
20201019062902,10.20.30.2/16,41
20201019062903,192.168.1.1/24,9
20201019062905,10.20.30.1/16,2
20201019062906,192.168.1.2/24,-
20201019062907,10.77.1.2/24,80
20201019062909,192.168.1.2/24,-
20201019062910,192.168.1.1/24,6
20201019062911,10.20.30.1/16,13
20201019062912,192.168.1.2/24,8
20201019062913,192.168.1.2/24,74
20201019062914,10.77.1.2/24,11
20201019062915,10.77.1.2/24,28
20201019062916,10.77.1.1/24,-
20201019062917,10.77.1.2/24,-
20201019062918,10.77.1.1/24,9
20201019062919,192.168.1.2/24,-
20201019062921,192.168.1.2/24,8
20201019062922,10.77.1.1/24,6
20201019062923,192.168.1.2/24,-
20201019062924,10.20.30.1/16,18
20201019062925,192.168.1.1/24,7
20201019062926,10.20.30.1/16,4
20201019062927,10.20.30.1/16,8
20201019062929,192.168.1.1/24,9
20201019062930,10.77.1.1/24,-
20201019062931,192.168.1.2/24,8
20201019062932,10.77.1.1/24,-
20201019062934,10.20.30.1/16,6
20201019062935,10.20.30.2/16,6
20201019062936,192.168.1.2/24,19
20201019062938,10.77.1.1/24,15
20201019062939,10.77.1.1/24,6
20201019062940,10.20.30.2/16,4
20201019062941,192.168.1.1/24,-
20201019062942,10.20.30.1/16,99
20201019062943,10.20.30.1/16,-
20201019062945,192.168.1.1/24,2
20201019062946,10.77.1.2/24,6
20201019062947,192.168.1.2/24,82
20201019062948,192.168.1.2/24,5
20201019062950,10.77.1.2/24,2
20201019062952,192.168.1.2/24,-
20201019062953,10.77.1.1/24,-
20201019062955,10.20.30.1/16,4
20201019062956,192.168.1.1/24,2
20201019062957,10.20.30.2/16,2
20201019062958,192.168.1.1/24,13
20201019062959,192.168.1.1/24,-
20201019063000,10.20.30.1/16,36
20201019063001,10.20.30.2/16,-
20201019063002,10.20.30.2/16,5
20201019063003,192.168.1.2/24,2
20201019063005,192.168.1.2/24,6
20201019063007,10.20.30.2/16,-
20201019063008,192.168.1.1/24,3
20201019063009,10.20.30.1/16,2
20201019063010,192.168.1.1/24,-
20201019063011,10.77.1.1/24,-
20201019063012,192.168.1.1/24,50
20201019063013,10.20.30.2/16,2
20201019063014,10.20.30.1/16,-
20201019063015,10.77.1.1/24,-
20201019063016,10.20.30.2/16,7
20201019063017,10.77.1.1/24,4
20201019063018,10.77.1.2/24,16
20201019063019,192.168.1.1/24,88
20201019063021,10.77.1.2/24,1
20201019063023,192.168.1.1/24,3
20201019063025,10.77.1.2/24,6
20201019063026,10.77.1.1/24,9
20201019063027,10.77.1.2/24,-
20201019063028,192.168.1.2/24,3
20201019063029,192.168.1.2/24,6
20201019063030,10.20.30.2/16,60
20201019063032,192.168.1.2/24,1
20201019063034,10.20.30.1/16,1
20201019063036,192.168.1.1/24,2
20201019063037,10.20.30.1/16,1
20201019063038,192.168.1.2/24,7
20201019063040,10.20.30.1/16,7
20201019063041,10.77.1.2/24,76
20201019063042,10.20.30.1/16,3
20201019063043,10.77.1.2/24,1
20201019063045,192.168.1.1/24,3
20201019063046,10.20.30.2/16,-
20201019063047,192.168.1.1/24,61
20201019063048,10.20.30.1/16,15
20201019063049,10.77.1.2/24,19
20201019063050,10.20.30.1/16,9
20201019063051,10.77.1.1/24,5
20201019063052,10.77.1.1/24,2
20201019063053,10.77.1.2/24,9
20201019063054,10.77.1.2/24,-
20201019063056,10.20.30.2/16,3
20201019063057,10.77.1.1/24,1
20201019063058,192.168.1.2/24,3
20201019063100,10.20.30.2/16,-
20201019063101,10.77.1.2/24,4
20201019063102,10.20.30.1/16,92
20201019063103,192.168.1.1/24,4
20201019063104,10.20.30.2/16,18
20201019063105,10.77.1.2/24,5
20201019063106,10.20.30.1/16,2
20201019063108,192.168.1.2/24,36
20201019063109,10.77.1.2/24,6
20201019063111,192.168.1.2/24,-
20201019063113,10.77.1.2/24,-
20201019063115,192.168.1.2/24,25
20201019063116,10.77.1.2/24,-
20201019063117,10.20.30.1/16,-
20201019063118,192.168.1.1/24,-
20201019063119,192.168.1.2/24,11
20201019063120,192.168.1.1/24,81
20201019063121,10.77.1.1/24,3
20201019063122,192.168.1.2/24,-
20201019063123,10.77.1.2/24,12
20201019063124,10.77.1.2/24,-
20201019063125,10.20.30.1/16,46
20201019063127,10.77.1.2/24,7
20201019063128,10.77.1.1/24,-
20201019063129,10.77.1.2/24,-
20201019063130,10.20.30.1/16,56
20201019063131,10.77.1.2/24,3
20201019063132,192.168.1.2/24,60
20201019063133,10.20.30.2/16,63
20201019063134,10.77.1.1/24,17
20201019063135,10.20.30.2/16,-
20201019063136,192.168.1.1/24,7
20201019063137,192.168.1.1/24,8
20201019063138,10.20.30.2/16,14
20201019063139,10.77.1.1/24,2
20201019063140,10.77.1.2/24,5
20201019063141,10.20.30.2/16,7
20201019063142,192.168.1.2/24,7
20201019063143,192.168.1.2/24,12
20201019063144,192.168.1.2/24,2
20201019063145,192.168.1.2/24,-
20201019063146,10.77.1.1/24,11
20201019063148,10.77.1.1/24,7
20201019063149,192.168.1.2/24,-
20201019063150,192.168.1.1/24,39
20201019063151,192.168.1.1/24,6
20201019063152,192.168.1.2/24,3
20201019063153,10.77.1.2/24,91
20201019063155,192.168.1.2/24,98
20201019063156,10.77.1.1/24,3
20201019063157,10.20.30.1/16,46
20201019063158,192.168.1.1/24,58
20201019063159,192.168.1.2/24,84
20201019063200,10.20.30.1/16,2
20201019063201,10.20.30.1/16,1
20201019063202,192.168.1.1/24,4
20201019063203,192.168.1.1/24,-
20201019063204,10.77.1.2/24,9
20201019063205,10.20.30.2/16,6
20201019063206,192.168.1.1/24,73
20201019063207,192.168.1.1/24,-
20201019063209,192.168.1.2/24,70
20201019063211,192.168.1.2/24,4
20201019063213,192.168.1.1/24,76
20201019063214,10.77.1.1/24,-
20201019063216,192.168.1.1/24,-
20201019063218,10.77.1.2/24,1
20201019063219,192.168.1.2/24,5
20201019063220,10.20.30.1/16,-
20201019063221,10.77.1.2/24,14
20201019063223,192.168.1.1/24,-
20201019063224,10.77.1.2/24,1
20201019063225,192.168.1.2/24,-
20201019063226,10.77.1.2/24,94
20201019063228,10.20.30.2/16,5
20201019063229,10.77.1.1/24,49
20201019063230,10.20.30.2/16,-
20201019063231,10.20.30.1/16,35
20201019063232,10.20.30.2/16,-
20201019063233,10.20.30.1/16,15
20201019063234,10.20.30.1/16,9
20201019063235,192.168.1.1/24,1
20201019063236,10.77.1.1/24,7
20201019063237,10.77.1.1/24,5
20201019063238,10.77.1.2/24,5
20201019063239,192.168.1.1/24,5
20201019063241,10.20.30.2/16,9
20201019063243,192.168.1.2/24,9
20201019063244,192.168.1.1/24,-
20201019063245,10.20.30.1/16,9
20201019063246,10.20.30.2/16,2
20201019063247,192.168.1.2/24,7
20201019063248,10.77.1.1/24,6
20201019063249,192.168.1.2/24,-
20201019063250,10.20.30.2/16,-
20201019063251,10.20.30.1/16,1
20201019063252,192.168.1.1/24,-
20201019063253,192.168.1.1/24,4
20201019063254,10.77.1.2/24,35
20201019063255,192.168.1.2/24,2
20201019063256,10.77.1.1/24,51
20201019063257,10.20.30.2/16,25
20201019063258,192.168.1.2/24,-
20201019063259,192.168.1.2/24,25
20201019063300,10.20.30.2/16,6
20201019063301,192.168.1.1/24,-
20201019063303,10.20.30.2/16,5
20201019063305,192.168.1.1/24,2
20201019063307,192.168.1.2/24,2
20201019063308,10.20.30.1/16,-
20201019063310,10.77.1.1/24,7
20201019063312,192.168.1.2/24,-
20201019063313,192.168.1.2/24,6
20201019063314,192.168.1.2/24,-
20201019063315,192.168.1.2/24,-
20201019063316,10.77.1.1/24,-
20201019063317,192.168.1.1/24,-
20201019063318,192.168.1.2/24,-
20201019063319,192.168.1.1/24,14
20201019063320,192.168.1.2/24,2
20201019063321,192.168.1.2/24,61
20201019063322,192.168.1.2/24,78
20201019063323,10.20.30.2/16,14
20201019063325,10.20.30.2/16,9
20201019063326,10.20.30.1/16,9
20201019063327,10.20.30.1/16,38
20201019063329,10.77.1.1/24,84
20201019063331,10.77.1.1/24,-
20201019063333,10.77.1.2/24,70
20201019063334,192.168.1.1/24,4
20201019063335,10.77.1.2/24,70
20201019063336,10.77.1.2/24,50
20201019063338,10.77.1.1/24,49
20201019063340,10.77.1.2/24,26
20201019063341,10.20.30.1/16,8
20201019063343,10.77.1.1/24,4
20201019063344,10.20.30.1/16,-
20201019063345,10.77.1.2/24,-
20201019063346,10.20.30.2/16,-
20201019063347,192.168.1.2/24,7
20201019063348,10.77.1.1/24,6
20201019063349,192.168.1.1/24,8
20201019063350,192.168.1.1/24,-
20201019063351,10.77.1.2/24,-
20201019063352,192.168.1.1/24,4
20201019063353,10.77.1.2/24,-
20201019063355,192.168.1.1/24,8
20201019063357,10.20.30.1/16,25
20201019063358,10.20.30.2/16,9
20201019063359,192.168.1.2/24,6
20201019063400,10.20.30.1/16,89
20201019063401,10.20.30.1/16,82
20201019063402,10.20.30.1/16,-
20201019063403,10.20.30.2/16,-
20201019063404,192.168.1.1/24,4
20201019063405,192.168.1.2/24,6
20201019063406,192.168.1.1/24,3
20201019063407,10.20.30.1/16,42
20201019063408,10.20.30.1/16,-
20201019063409,10.20.30.2/16,94
20201019063410,10.20.30.1/16,6
20201019063412,192.168.1.2/24,3
20201019063413,192.168.1.2/24,-
20201019063415,10.20.30.1/16,5
20201019063416,10.77.1.2/24,54
20201019063417,192.168.1.2/24,2
20201019063418,10.20.30.1/16,4
20201019063419,10.77.1.2/24,-
20201019063420,10.77.1.1/24,-
20201019063421,10.77.1.1/24,-
20201019063422,10.77.1.1/24,58
20201019063423,192.168.1.2/24,3
20201019063424,10.20.30.1/16,8
20201019063425,10.77.1.1/24,-
20201019063426,10.77.1.2/24,6
20201019063427,10.20.30.1/16,1
20201019063428,10.77.1.2/24,1
20201019063429,10.20.30.1/16,-
20201019063430,10.20.30.2/16,6
20201019063431,10.77.1.1/24,8
20201019063432,10.77.1.2/24,8
20201019063433,10.20.30.1/16,7
20201019063434,192.168.1.2/24,1
20201019063435,10.77.1.1/24,6
20201019063436,192.168.1.1/24,6
20201019063437,10.20.30.1/16,2
20201019063438,10.77.1.1/24,9
20201019063440,192.168.1.2/24,-
20201019063441,192.168.1.1/24,3
20201019063442,192.168.1.2/24,-
20201019063443,10.77.1.1/24,21
20201019063445,192.168.1.2/24,9
20201019063446,10.77.1.1/24,6
20201019063447,10.20.30.2/16,5
20201019063448,10.20.30.2/16,6
20201019063449,10.20.30.2/16,99
20201019063451,10.77.1.2/24,6
20201019063452,10.20.30.1/16,-
20201019063453,192.168.1.1/24,9
20201019063454,10.77.1.1/24,9
20201019063456,192.168.1.2/24,3
20201019063457,192.168.1.2/24,5
20201019063459,192.168.1.2/24,3
20201019063500,192.168.1.1/24,4
20201019063501,10.20.30.2/16,59
20201019063502,10.77.1.1/24,9
20201019063503,10.20.30.1/16,12
20201019063504,10.77.1.1/24,38
20201019063505,192.168.1.2/24,62
20201019063507,192.168.1.1/24,4
20201019063508,10.20.30.2/16,-
20201019063509,10.20.30.1/16,-
20201019063510,10.20.30.2/16,4
20201019063511,10.77.1.2/24,21
20201019063512,192.168.1.2/24,6
20201019063513,192.168.1.2/24,7
20201019063514,10.77.1.1/24,90
20201019063516,10.77.1.2/24,41
20201019063518,10.20.30.2/16,5
20201019063520,10.77.1.2/24,8
20201019063522,192.168.1.2/24,1
20201019063523,10.20.30.2/16,-
20201019063524,10.77.1.1/24,2
20201019063526,10.20.30.1/16,-
20201019063527,192.168.1.2/24,-
20201019063528,192.168.1.2/24,4
20201019063529,192.168.1.1/24,-
20201019063531,192.168.1.1/24,51
20201019063533,10.77.1.1/24,5
20201019063534,192.168.1.2/24,73
20201019063535,10.77.1.1/24,-
20201019063537,192.168.1.1/24,5
20201019063539,10.77.1.2/24,98
20201019063540,10.20.30.2/16,5
20201019063541,10.77.1.2/24,3
20201019063542,10.77.1.2/24,-
20201019063543,192.168.1.2/24,-
20201019063544,10.20.30.1/16,72
20201019063545,10.77.1.1/24,-
20201019063546,10.77.1.2/24,-
20201019063548,10.20.30.2/16,9
20201019063549,192.168.1.1/24,3
20201019063550,192.168.1.1/24,99
20201019063551,10.77.1.1/24,8
20201019063552,10.20.30.1/16,6
20201019063554,10.77.1.2/24,31
20201019063556,10.20.30.1/16,87
20201019063557,192.168.1.2/24,70
20201019063558,10.20.30.1/16,6
20201019063559,10.77.1.1/24,8
20201019063600,10.20.30.2/16,-
20201019063601,192.168.1.1/24,4
20201019063602,192.168.1.2/24,-
20201019063603,192.168.1.2/24,4
20201019063604,10.20.30.2/16,8
20201019063606,192.168.1.2/24,2
20201019063607,10.77.1.2/24,71
20201019063608,10.77.1.1/24,1
20201019063609,10.77.1.1/24,26
20201019063610,10.20.30.1/16,10
20201019063611,192.168.1.1/24,9
20201019063612,10.77.1.1/24,2
20201019063613,192.168.1.2/24,-
20201019063614,10.77.1.1/24,83
20201019063615,192.168.1.2/24,6
20201019063616,192.168.1.2/24,-
20201019063617,10.77.1.1/24,7
20201019063618,10.77.1.1/24,7
20201019063619,192.168.1.1/24,-
20201019063620,10.20.30.2/16,4
20201019063621,10.77.1.1/24,26
20201019063622,192.168.1.1/24,4
20201019063623,192.168.1.1/24,11
20201019063624,10.20.30.2/16,43
20201019063625,10.20.30.1/16,9
20201019063627,10.20.30.1/16,-
20201019063628,10.20.30.2/16,-
20201019063629,10.20.30.2/16,8
20201019063630,10.20.30.2/16,-
20201019063631,10.77.1.2/24,-
20201019063632,10.77.1.2/24,4
20201019063633,10.77.1.1/24,1
20201019063634,10.20.30.2/16,10
20201019063636,10.77.1.1/24,89
20201019063637,10.77.1.2/24,1
20201019063638,10.77.1.2/24,4
20201019063640,10.77.1.1/24,2
20201019063641,10.20.30.1/16,9
20201019063642,10.20.30.1/16,1
20201019063643,10.77.1.2/24,22
20201019063644,10.77.1.1/24,9
20201019063645,10.77.1.1/24,6
20201019063646,10.20.30.1/16,-
20201019063648,10.20.30.2/16,7
20201019063650,192.168.1.1/24,-
20201019063652,10.77.1.1/24,4
20201019063653,10.20.30.2/16,-
20201019063654,10.20.30.1/16,6
20201019063655,10.77.1.2/24,11
20201019063656,10.20.30.2/16,24
20201019063657,192.168.1.2/24,-
20201019063658,10.20.30.2/16,7
20201019063700,10.20.30.1/16,-
20201019063701,10.77.1.2/24,-
20201019063703,192.168.1.2/24,5
20201019063705,192.168.1.2/24,4
20201019063706,10.77.1.2/24,-
20201019063707,10.20.30.2/16,4
20201019063708,10.20.30.1/16,10
20201019063709,10.77.1.2/24,97
20201019063710,10.20.30.1/16,-
20201019063711,10.77.1.1/24,87
20201019063713,10.20.30.1/16,73
20201019063714,10.77.1.2/24,3
20201019063715,10.20.30.2/16,10
20201019063716,192.168.1.2/24,89
20201019063717,192.168.1.1/24,18
20201019063718,192.168.1.2/24,8
20201019063719,10.77.1.2/24,28
20201019063720,192.168.1.1/24,84
20201019063722,10.77.1.1/24,5
20201019063723,192.168.1.1/24,0
20201019063725,10.20.30.1/16,2
20201019063726,192.168.1.2/24,-
20201019063727,10.20.30.2/16,75
20201019063728,10.20.30.2/16,69
20201019063729,192.168.1.1/24,87
20201019063730,192.168.1.2/24,8
20201019063731,10.20.30.2/16,2
20201019063733,192.168.1.1/24,-
20201019063734,192.168.1.1/24,2
20201019063736,10.77.1.2/24,1
20201019063737,10.20.30.2/16,-
20201019063739,10.20.30.2/16,-
20201019063740,10.20.30.2/16,-
20201019063741,10.77.1.2/24,8
20201019063742,192.168.1.1/24,9
20201019063743,10.20.30.2/16,-
20201019063744,10.77.1.1/24,6
20201019063745,10.20.30.1/16,-
20201019063746,10.20.30.2/16,-
20201019063748,192.168.1.1/24,63
20201019063749,192.168.1.2/24,5
20201019063750,10.20.30.2/16,-
20201019063752,192.168.1.2/24,4
20201019063754,192.168.1.1/24,-
20201019063755,10.20.30.1/16,9
20201019063756,10.77.1.1/24,-
20201019063758,192.168.1.1/24,3
20201019063759,10.20.30.2/16,4
20201019063800,10.77.1.1/24,-
20201019063801,10.20.30.1/16,15
20201019063803,192.168.1.1/24,2
20201019063804,10.20.30.1/16,9
20201019063805,192.168.1.1/24,1
20201019063806,10.77.1.1/24,8
20201019063807,10.77.1.2/24,85
20201019063808,10.20.30.1/16,6
20201019063809,192.168.1.2/24,3
20201019063810,10.77.1.2/24,1
20201019063812,10.77.1.2/24,5
20201019063813,10.77.1.2/24,3
20201019063814,10.20.30.2/16,-
20201019063816,10.20.30.2/16,4
20201019063817,192.168.1.1/24,-
20201019063818,10.77.1.2/24,9
20201019063819,192.168.1.2/24,-
20201019063820,192.168.1.2/24,83
20201019063821,10.20.30.1/16,5
20201019063822,192.168.1.1/24,-
20201019063823,192.168.1.2/24,7
20201019063824,10.20.30.2/16,-
20201019063825,10.77.1.1/24,-
20201019063826,10.77.1.2/24,5
20201019063827,192.168.1.1/24,-
20201019063828,192.168.1.2/24,9
20201019063829,192.168.1.2/24,9
20201019063831,10.77.1.1/24,4
20201019063832,10.77.1.2/24,-
20201019063834,10.20.30.2/16,12
20201019063835,10.77.1.2/24,36
20201019063836,192.168.1.2/24,49
20201019063837,10.20.30.1/16,62
20201019063838,192.168.1.2/24,3
20201019063839,10.77.1.2/24,5
20201019063841,10.77.1.1/24,2
20201019063842,192.168.1.2/24,5
20201019063844,192.168.1.1/24,5
20201019063845,10.20.30.1/16,7
20201019063846,192.168.1.2/24,-
20201019063848,10.77.1.1/24,45
20201019063849,10.20.30.2/16,8
20201019063850,192.168.1.1/24,-
20201019063852,10.20.30.2/16,-
20201019063853,10.77.1.1/24,5
20201019063854,10.77.1.1/24,5
20201019063856,192.168.1.1/24,5
20201019063857,10.20.30.1/16,-
20201019063858,192.168.1.2/24,3
20201019063859,10.77.1.1/24,-
20201019063901,10.20.30.2/16,4
20201019063902,192.168.1.1/24,5
20201019063903,192.168.1.2/24,9
20201019063904,192.168.1.1/24,90
20201019063905,192.168.1.1/24,14
20201019063906,10.77.1.2/24,10
20201019063907,10.20.30.1/16,-
20201019063909,10.20.30.1/16,1
20201019063910,10.77.1.1/24,7
20201019063912,192.168.1.1/24,6
20201019063914,192.168.1.2/24,6
20201019063915,10.77.1.1/24,7
20201019063916,10.77.1.1/24,8
20201019063917,10.20.30.2/16,7
20201019063918,10.77.1.2/24,9
20201019063919,10.77.1.1/24,-
20201019063920,192.168.1.1/24,33
20201019063921,10.77.1.2/24,-
20201019063922,192.168.1.1/24,7
20201019063923,10.77.1.1/24,8
20201019063924,10.77.1.2/24,16
20201019063925,10.77.1.1/24,3
20201019063926,10.77.1.1/24,-
20201019063927,10.20.30.1/16,-
20201019063928,10.77.1.2/24,6
20201019063930,192.168.1.2/24,7
20201019063932,192.168.1.1/24,4
20201019063933,10.20.30.1/16,-
20201019063934,10.77.1.1/24,-
20201019063935,10.20.30.1/16,1
20201019063936,10.20.30.2/16,7
20201019063937,10.20.30.2/16,9
20201019063939,192.168.1.1/24,9
20201019063940,10.20.30.1/16,3
20201019063942,10.20.30.1/16,8
20201019063943,10.20.30.1/16,52
20201019063944,10.77.1.1/24,22
20201019063945,192.168.1.1/24,3
20201019063946,192.168.1.2/24,-
20201019063948,192.168.1.1/24,3
20201019063950,10.77.1.1/24,21
20201019063952,10.20.30.2/16,-
20201019063953,192.168.1.1/24,-
20201019063954,192.168.1.2/24,28
20201019063955,10.20.30.2/16,7
20201019063956,10.20.30.1/16,-
20201019063958,10.77.1.1/24,10
20201019063959,10.20.30.2/16,17
20201019064000,192.168.1.2/24,5
20201019064001,10.20.30.1/16,7
20201019064002,10.20.30.1/16,9
20201019064003,10.77.1.2/24,-
20201019064004,10.77.1.2/24,8
20201019064005,10.20.30.2/16,40
20201019064006,10.77.1.2/24,-
20201019064008,192.168.1.1/24,9
20201019064010,10.20.30.1/16,6
20201019064011,192.168.1.2/24,8
20201019064012,10.77.1.1/24,3
20201019064013,10.20.30.1/16,9
20201019064014,10.77.1.1/24,7
20201019064015,10.20.30.1/16,28
20201019064016,192.168.1.1/24,98
20201019064018,10.20.30.1/16,6
20201019064019,192.168.1.2/24,1
20201019064020,192.168.1.2/24,-
20201019064022,10.77.1.2/24,6
20201019064024,10.77.1.2/24,13
20201019064025,10.20.30.2/16,98
20201019064027,192.168.1.2/24,86
20201019064028,192.168.1.1/24,-
20201019064029,10.77.1.2/24,6
20201019064031,192.168.1.1/24,-
20201019064032,192.168.1.2/24,14
20201019064033,10.20.30.2/16,-
20201019064034,10.20.30.1/16,2
20201019064035,10.20.30.2/16,23
20201019064036,10.77.1.1/24,6
20201019064037,192.168.1.2/24,11
20201019064038,10.20.30.1/16,4
20201019064039,192.168.1.1/24,32
20201019064040,10.77.1.2/24,-
20201019064041,192.168.1.2/24,7
20201019064042,10.77.1.1/24,2
20201019064043,10.20.30.1/16,1
20201019064044,10.77.1.2/24,-
20201019064046,10.20.30.1/16,7
20201019064047,10.77.1.2/24,47
20201019064049,10.20.30.1/16,-
20201019064050,192.168.1.2/24,4
20201019064051,10.20.30.1/16,44
20201019064052,192.168.1.2/24,-
20201019064054,10.20.30.1/16,61
20201019064055,10.20.30.2/16,-
20201019064056,10.77.1.1/24,-
20201019064057,10.20.30.2/16,-
20201019064059,10.20.30.1/16,-
20201019064100,10.77.1.1/24,3
20201019064101,10.77.1.2/24,1
20201019064102,10.20.30.2/16,8
20201019064103,10.77.1.2/24,64
20201019064104,10.20.30.2/16,-
20201019064106,192.168.1.2/24,4
20201019064107,192.168.1.2/24,9
20201019064109,10.77.1.1/24,5
20201019064111,10.77.1.2/24,55
20201019064112,10.20.30.2/16,12
20201019064113,192.168.1.1/24,3
20201019064114,10.20.30.2/16,3
20201019064115,10.20.30.2/16,11
20201019064116,10.20.30.2/16,-
20201019064117,10.77.1.1/24,3
20201019064118,192.168.1.2/24,8
20201019064120,10.77.1.2/24,-
20201019064121,10.20.30.2/16,3
20201019064122,10.77.1.1/24,-
20201019064123,192.168.1.2/24,65
20201019064124,10.77.1.2/24,4
20201019064126,192.168.1.2/24,3
20201019064127,10.77.1.2/24,9
20201019064128,192.168.1.2/24,29
20201019064129,10.77.1.1/24,8
20201019064131,10.77.1.2/24,7
20201019064132,192.168.1.1/24,9
20201019064133,10.20.30.1/16,16
20201019064134,192.168.1.2/24,-
20201019064135,10.20.30.2/16,7
20201019064136,10.77.1.2/24,-
20201019064137,10.20.30.2/16,6
20201019064138,10.77.1.2/24,2
20201019064140,10.77.1.2/24,8
20201019064141,10.77.1.1/24,-
20201019064143,192.168.1.2/24,54
20201019064144,192.168.1.1/24,8
20201019064145,10.77.1.2/24,14
20201019064146,10.20.30.2/16,3
20201019064147,10.20.30.1/16,93
20201019064148,10.20.30.2/16,86
20201019064149,10.77.1.2/24,9
20201019064150,10.20.30.1/16,9
20201019064151,10.77.1.1/24,-
20201019064152,10.20.30.1/16,2
20201019064153,192.168.1.2/24,3
20201019064154,10.20.30.1/16,7
20201019064155,10.20.30.1/16,1
20201019064156,10.20.30.1/16,-
20201019064157,10.77.1.1/24,-
20201019064158,192.168.1.1/24,5
20201019064159,192.168.1.2/24,-
20201019064201,10.20.30.2/16,-
20201019064202,10.77.1.2/24,-
20201019064203,192.168.1.2/24,48
20201019064204,10.77.1.1/24,6
20201019064205,10.77.1.2/24,-
20201019064206,10.77.1.2/24,76
20201019064207,10.20.30.1/16,1
20201019064208,192.168.1.2/24,7
20201019064209,10.77.1.2/24,-
20201019064210,10.20.30.1/16,95
20201019064211,10.77.1.2/24,-
20201019064213,10.20.30.1/16,12
20201019064214,192.168.1.2/24,1
20201019064216,10.20.30.2/16,2
20201019064217,192.168.1.1/24,5
20201019064218,10.20.30.1/16,2
20201019064219,10.20.30.2/16,7
20201019064220,10.20.30.1/16,3
20201019064221,192.168.1.2/24,-
20201019064222,10.20.30.1/16,8
20201019064224,10.20.30.1/16,-
20201019064225,10.77.1.2/24,3
20201019064226,10.20.30.1/16,62
20201019064227,10.77.1.1/24,10
20201019064229,192.168.1.2/24,2
20201019064230,10.20.30.1/16,7
20201019064232,192.168.1.2/24,18
20201019064233,192.168.1.2/24,6
20201019064234,10.77.1.1/24,8
20201019064235,192.168.1.2/24,3
20201019064237,10.20.30.2/16,7
20201019064238,10.77.1.1/24,52
20201019064239,192.168.1.1/24,6
20201019064240,192.168.1.2/24,9
20201019064241,10.77.1.1/24,-
20201019064243,10.77.1.2/24,13
20201019064244,10.77.1.2/24,3
20201019064245,10.77.1.1/24,97
20201019064246,192.168.1.2/24,7
20201019064247,10.20.30.1/16,3
20201019064248,10.20.30.2/16,87
20201019064249,10.20.30.2/16,-
20201019064250,192.168.1.2/24,-
20201019064251,10.20.30.2/16,8
20201019064253,10.20.30.1/16,7
20201019064254,192.168.1.1/24,-
20201019064255,10.77.1.1/24,31
20201019064256,10.77.1.2/24,-
20201019064257,10.77.1.2/24,1
20201019064258,10.77.1.2/24,71
20201019064300,10.20.30.2/16,9
20201019064301,10.20.30.2/16,6
20201019064302,10.77.1.2/24,-
20201019064303,10.20.30.2/16,8
20201019064304,192.168.1.1/24,37
20201019064305,10.20.30.1/16,-
20201019064307,10.77.1.2/24,4
20201019064308,10.77.1.1/24,4
20201019064309,10.77.1.2/24,5
20201019064310,10.20.30.2/16,3
20201019064311,192.168.1.2/24,0
20201019064313,10.77.1.1/24,-
20201019064315,10.77.1.1/24,30
20201019064316,192.168.1.2/24,5
20201019064317,10.20.30.2/16,3
20201019064318,10.20.30.2/16,-
20201019064320,10.77.1.2/24,9
20201019064321,10.77.1.2/24,16
20201019064322,10.77.1.2/24,28
20201019064323,192.168.1.2/24,3
20201019064324,10.20.30.2/16,-
20201019064326,10.20.30.2/16,9
20201019064327,192.168.1.1/24,82
20201019064328,192.168.1.1/24,7
20201019064329,192.168.1.2/24,39
20201019064330,192.168.1.1/24,8
20201019064331,10.20.30.1/16,31
20201019064332,10.20.30.1/16,-
20201019064333,10.77.1.2/24,2
20201019064335,192.168.1.1/24,14
20201019064336,10.20.30.2/16,-
20201019064337,10.20.30.1/16,-
20201019064338,10.20.30.1/16,4
20201019064339,192.168.1.2/24,92
20201019064340,10.20.30.2/16,53
20201019064341,10.77.1.2/24,4
20201019064342,10.77.1.1/24,-
20201019064343,192.168.1.1/24,-
20201019064344,192.168.1.1/24,-
20201019064345,10.20.30.1/16,6
20201019064346,192.168.1.1/24,-
20201019064347,192.168.1.2/24,9
20201019064349,192.168.1.2/24,26
20201019064350,10.77.1.1/24,42
20201019064351,10.77.1.2/24,6
20201019064352,10.20.30.2/16,9
20201019064353,10.77.1.2/24,-
20201019064354,192.168.1.1/24,8
20201019064355,10.20.30.1/16,50
20201019064357,10.20.30.2/16,8
20201019064358,192.168.1.1/24,-
20201019064359,10.20.30.2/16,-
20201019064400,10.20.30.2/16,8
20201019064401,10.77.1.2/24,11
20201019064403,10.20.30.1/16,9
20201019064404,10.77.1.1/24,-
20201019064405,10.77.1.1/24,35
20201019064406,192.168.1.2/24,3
20201019064407,10.77.1.2/24,4
20201019064408,192.168.1.2/24,4
20201019064409,10.20.30.1/16,9
20201019064410,10.77.1.2/24,4
20201019064412,10.77.1.1/24,1
20201019064413,10.77.1.2/24,-
20201019064415,10.77.1.1/24,3
20201019064416,10.77.1.2/24,-
20201019064418,192.168.1.1/24,8
20201019064419,10.77.1.2/24,17
20201019064420,10.77.1.2/24,94
20201019064421,10.77.1.1/24,67
20201019064422,10.20.30.2/16,-
20201019064424,192.168.1.2/24,13
20201019064425,192.168.1.1/24,6
20201019064426,10.77.1.2/24,2
20201019064428,192.168.1.2/24,7
20201019064429,192.168.1.2/24,8
20201019064431,192.168.1.1/24,14
20201019064432,10.20.30.1/16,7
20201019064434,10.20.30.1/16,1
20201019064435,192.168.1.2/24,47
20201019064436,10.77.1.2/24,6
20201019064437,10.77.1.1/24,4
20201019064439,10.77.1.1/24,11
20201019064440,192.168.1.2/24,-
20201019064441,10.77.1.2/24,-
20201019064443,10.20.30.1/16,4
20201019064444,10.20.30.2/16,9
20201019064445,10.20.30.2/16,12
20201019064446,192.168.1.2/24,-
20201019064447,192.168.1.1/24,-
20201019064448,192.168.1.1/24,1
20201019064450,192.168.1.1/24,4
20201019064451,10.20.30.1/16,3
20201019064452,192.168.1.2/24,32
20201019064454,10.20.30.1/16,1
20201019064455,192.168.1.2/24,16
20201019064457,192.168.1.1/24,71
20201019064458,192.168.1.1/24,5
20201019064459,10.20.30.2/16,2
20201019064501,192.168.1.1/24,-
20201019064502,192.168.1.1/24,93
20201019064504,192.168.1.2/24,7
20201019064505,10.20.30.2/16,24
20201019064507,10.77.1.1/24,-
20201019064508,10.77.1.2/24,9
20201019064509,192.168.1.1/24,-
20201019064510,10.77.1.1/24,6
20201019064511,10.77.1.2/24,9
20201019064512,10.20.30.2/16,4
20201019064513,10.77.1.2/24,5
20201019064514,192.168.1.2/24,8
20201019064515,10.77.1.1/24,3
20201019064516,10.77.1.2/24,1
20201019064517,192.168.1.2/24,24
20201019064518,192.168.1.1/24,2
20201019064519,192.168.1.1/24,8
20201019064521,192.168.1.2/24,34
20201019064522,10.77.1.1/24,8
20201019064524,10.77.1.1/24,1
20201019064525,10.77.1.2/24,-
20201019064527,10.20.30.2/16,1
20201019064529,10.20.30.2/16,5
20201019064530,10.20.30.2/16,7
20201019064531,192.168.1.2/24,42
20201019064532,10.77.1.2/24,6
20201019064533,192.168.1.1/24,-
20201019064535,10.77.1.2/24,6
20201019064536,10.20.30.1/16,41
20201019064537,10.77.1.2/24,9
20201019064538,192.168.1.1/24,6
20201019064539,10.20.30.1/16,95
20201019064541,10.20.30.1/16,5
20201019064542,10.20.30.2/16,6
20201019064543,192.168.1.1/24,15
20201019064544,192.168.1.2/24,4
20201019064545,10.77.1.1/24,-
20201019064546,10.77.1.2/24,-
20201019064547,192.168.1.2/24,1
20201019064548,10.20.30.1/16,4
20201019064549,10.20.30.1/16,6
20201019064551,10.20.30.1/16,4
20201019064553,10.77.1.1/24,3
20201019064554,10.20.30.1/16,-
20201019064555,10.20.30.2/16,1
20201019064557,10.77.1.1/24,1
20201019064558,10.20.30.2/16,10
20201019064600,10.20.30.1/16,3
20201019064601,10.77.1.2/24,-
20201019064602,10.20.30.2/16,6
20201019064603,10.77.1.2/24,2
20201019064604,10.20.30.1/16,4
20201019064605,10.77.1.2/24,-
20201019064606,192.168.1.1/24,7
20201019064607,10.77.1.2/24,3
20201019064608,10.20.30.2/16,-
20201019064609,192.168.1.1/24,2
20201019064610,10.20.30.2/16,36
20201019064611,10.77.1.2/24,-
20201019064612,192.168.1.1/24,7
20201019064613,10.20.30.1/16,2
20201019064614,10.77.1.2/24,4
20201019064616,10.77.1.1/24,7
20201019064617,192.168.1.2/24,-
20201019064618,10.20.30.1/16,-
20201019064619,10.20.30.1/16,9
20201019064620,10.20.30.1/16,61
20201019064621,10.77.1.1/24,7
20201019064622,10.77.1.1/24,61
20201019064623,10.77.1.2/24,5
20201019064625,10.77.1.1/24,-
20201019064627,192.168.1.1/24,-
20201019064628,10.77.1.1/24,44
20201019064629,192.168.1.1/24,-
20201019064630,192.168.1.1/24,-
20201019064631,10.77.1.2/24,-
20201019064633,192.168.1.2/24,13
20201019064634,192.168.1.2/24,38
20201019064635,10.77.1.1/24,4
20201019064637,10.20.30.2/16,4
20201019064638,192.168.1.2/24,1
20201019064639,10.77.1.2/24,-
20201019064640,192.168.1.2/24,8
20201019064642,10.77.1.2/24,2
20201019064643,192.168.1.2/24,17
20201019064644,10.20.30.1/16,7
20201019064645,192.168.1.2/24,-
20201019064646,192.168.1.1/24,-
20201019064648,10.77.1.2/24,-
20201019064650,192.168.1.1/24,7
20201019064652,10.77.1.2/24,9
20201019064653,10.77.1.2/24,6
20201019064654,10.77.1.1/24,7
20201019064656,10.77.1.1/24,6
20201019064657,10.20.30.2/16,3
20201019064658,192.168.1.2/24,-
20201019064659,10.77.1.1/24,7
20201019064701,10.77.1.1/24,-
20201019064702,192.168.1.1/24,8
20201019064703,192.168.1.2/24,26
20201019064704,10.77.1.2/24,9
20201019064705,192.168.1.1/24,7
20201019064706,10.20.30.2/16,32
20201019064707,10.77.1.2/24,8
20201019064708,192.168.1.1/24,6
20201019064709,10.20.30.2/16,9
20201019064710,10.20.30.1/16,9
20201019064711,10.77.1.2/24,-
20201019064712,192.168.1.2/24,28
20201019064713,10.20.30.2/16,3
20201019064714,10.20.30.2/16,16
20201019064715,10.77.1.1/24,4
20201019064717,10.20.30.1/16,67
20201019064718,10.77.1.2/24,-
20201019064719,10.77.1.1/24,92
20201019064720,10.20.30.1/16,89
20201019064721,10.20.30.2/16,-
20201019064722,10.20.30.2/16,-
20201019064724,192.168.1.2/24,7
20201019064726,192.168.1.2/24,5
20201019064727,10.20.30.1/16,-
20201019064728,192.168.1.1/24,3
20201019064730,10.77.1.2/24,80
20201019064731,192.168.1.2/24,13
20201019064732,10.77.1.2/24,8
20201019064734,10.20.30.2/16,8
20201019064735,10.20.30.1/16,-
20201019064736,192.168.1.1/24,4
20201019064737,10.77.1.2/24,-
20201019064738,10.77.1.2/24,17
20201019064739,10.77.1.1/24,7
20201019064740,192.168.1.1/24,9
20201019064741,192.168.1.2/24,5
20201019064742,10.77.1.1/24,-
20201019064743,10.20.30.2/16,92
20201019064745,192.168.1.1/24,9
20201019064746,10.20.30.2/16,6
20201019064747,192.168.1.1/24,80
20201019064748,10.20.30.1/16,-
20201019064749,10.20.30.1/16,94
20201019064750,192.168.1.1/24,-
20201019064751,10.20.30.1/16,6
20201019064752,10.77.1.2/24,7
20201019064753,10.20.30.1/16,8
20201019064754,192.168.1.1/24,-
20201019064755,10.20.30.1/16,82
20201019064756,10.77.1.2/24,2
20201019064757,10.77.1.2/24,5
20201019064759,192.168.1.2/24,8
20201019064800,10.77.1.2/24,68
20201019064801,10.77.1.2/24,-
20201019064803,10.77.1.1/24,7
20201019064804,10.77.1.1/24,-
20201019064805,192.168.1.1/24,83
20201019064807,10.77.1.2/24,-
20201019064809,10.20.30.2/16,15
20201019064810,10.20.30.1/16,7
20201019064812,10.20.30.1/16,-
20201019064813,10.20.30.2/16,-
20201019064814,10.77.1.1/24,4
20201019064815,192.168.1.2/24,2
20201019064817,10.20.30.1/16,10
20201019064818,192.168.1.2/24,4
20201019064819,192.168.1.1/24,7
20201019064820,10.20.30.2/16,4
20201019064822,10.77.1.1/24,-
20201019064823,192.168.1.1/24,8
20201019064825,10.77.1.1/24,-
20201019064826,10.20.30.1/16,16
20201019064827,10.20.30.1/16,5
20201019064828,192.168.1.2/24,4
20201019064829,10.20.30.2/16,-
20201019064830,10.20.30.1/16,60
20201019064831,192.168.1.1/24,6
20201019064832,10.20.30.2/16,-
20201019064833,10.77.1.1/24,10
20201019064835,192.168.1.2/24,63
20201019064836,10.20.30.1/16,-
20201019064838,10.77.1.2/24,91
20201019064840,192.168.1.1/24,86
20201019064841,10.20.30.1/16,9
20201019064842,10.77.1.2/24,-
20201019064843,10.20.30.2/16,3
20201019064844,10.20.30.2/16,-
20201019064845,10.77.1.1/24,6
20201019064846,10.77.1.1/24,6
20201019064847,10.77.1.2/24,-
20201019064849,10.77.1.2/24,6
20201019064850,10.20.30.1/16,15
20201019064851,10.20.30.1/16,17
20201019064853,192.168.1.2/24,4
20201019064855,10.20.30.2/16,8
20201019064856,10.77.1.2/24,1
20201019064858,10.77.1.1/24,24
20201019064859,10.20.30.2/16,6
20201019064900,10.77.1.2/24,-
20201019064901,10.20.30.1/16,-
20201019064902,10.20.30.1/16,-
20201019064903,10.77.1.2/24,4
20201019064904,10.77.1.1/24,3
20201019064905,192.168.1.2/24,2
20201019064906,10.20.30.2/16,47
20201019064908,10.20.30.2/16,7
20201019064909,10.20.30.1/16,6
20201019064910,192.168.1.1/24,9
20201019064911,192.168.1.2/24,-
20201019064912,10.20.30.1/16,-
20201019064913,10.77.1.1/24,7
20201019064915,10.20.30.1/16,-
20201019064916,10.77.1.1/24,8
20201019064917,10.20.30.1/16,7
20201019064918,10.20.30.1/16,7
20201019064919,192.168.1.1/24,-
20201019064921,10.77.1.2/24,-
20201019064922,10.20.30.2/16,3
20201019064923,10.77.1.1/24,2
20201019064925,192.168.1.1/24,-
20201019064926,192.168.1.2/24,6
20201019064928,10.77.1.1/24,17
20201019064929,10.20.30.2/16,75
20201019064931,10.77.1.1/24,9
20201019064932,10.20.30.2/16,3
20201019064933,10.20.30.2/16,1
20201019064935,10.20.30.2/16,4
20201019064936,192.168.1.1/24,6
20201019064938,10.77.1.2/24,14
20201019064939,10.77.1.1/24,7
20201019064940,10.20.30.1/16,-
20201019064941,10.77.1.1/24,8
20201019064942,10.77.1.2/24,9
20201019064943,192.168.1.1/24,9
20201019064944,192.168.1.2/24,6
20201019064945,10.77.1.2/24,1
20201019064946,10.77.1.2/24,89
20201019064948,10.20.30.1/16,30
20201019064949,10.20.30.1/16,3
20201019064950,10.20.30.2/16,8
20201019064951,10.77.1.2/24,7
20201019064953,10.77.1.2/24,2
20201019064954,192.168.1.2/24,-
20201019064955,10.77.1.2/24,86
20201019064956,10.77.1.2/24,-
20201019064958,10.77.1.1/24,-
20201019064959,10.20.30.1/16,6
20201019065000,192.168.1.2/24,11
20201019065001,10.20.30.2/16,95
20201019065002,192.168.1.2/24,86
20201019065003,10.20.30.2/16,38
20201019065005,192.168.1.1/24,1
20201019065006,10.20.30.2/16,6
20201019065007,10.77.1.1/24,1
20201019065008,10.20.30.2/16,5
20201019065009,10.77.1.1/24,-
20201019065011,192.168.1.1/24,3
20201019065012,192.168.1.2/24,42
20201019065013,10.77.1.1/24,-
20201019065014,10.20.30.1/16,53
20201019065015,192.168.1.2/24,43
20201019065017,192.168.1.2/24,3
20201019065018,10.77.1.1/24,32
20201019065019,10.20.30.2/16,5
20201019065020,192.168.1.2/24,-
20201019065021,10.77.1.1/24,9
20201019065022,10.20.30.2/16,8
20201019065023,10.20.30.2/16,4
20201019065025,10.77.1.2/24,-
20201019065027,10.20.30.2/16,-
20201019065028,192.168.1.2/24,5
20201019065029,192.168.1.1/24,3
20201019065030,10.77.1.2/24,-
20201019065031,10.77.1.2/24,8
20201019065032,10.20.30.1/16,8
20201019065033,10.77.1.1/24,9
20201019065035,10.20.30.1/16,5
20201019065037,10.77.1.1/24,1
20201019065039,10.20.30.1/16,3
20201019065040,10.20.30.2/16,1
20201019065041,10.20.30.1/16,9
20201019065042,10.20.30.1/16,2
20201019065043,10.20.30.1/16,6
20201019065044,10.20.30.1/16,-
20201019065045,10.77.1.1/24,9
20201019065046,10.20.30.2/16,5
20201019065047,10.20.30.1/16,38
20201019065048,192.168.1.1/24,-
20201019065049,10.77.1.2/24,60
20201019065050,10.20.30.2/16,6
20201019065051,10.20.30.1/16,-
20201019065052,10.20.30.2/16,7
20201019065054,10.20.30.1/16,1
20201019065055,10.77.1.2/24,73
20201019065056,10.77.1.1/24,-
20201019065057,10.77.1.1/24,96
20201019065058,192.168.1.2/24,56
20201019065059,192.168.1.1/24,-
20201019065101,10.20.30.2/16,5
20201019065102,10.20.30.2/16,8
20201019065103,10.77.1.2/24,-
20201019065104,10.77.1.1/24,1
20201019065105,10.20.30.2/16,1
20201019065106,10.77.1.2/24,55
20201019065107,192.168.1.1/24,7
20201019065109,192.168.1.1/24,7
20201019065110,192.168.1.2/24,-
20201019065112,10.77.1.1/24,9
20201019065113,192.168.1.1/24,-
20201019065115,10.20.30.2/16,7
20201019065116,10.77.1.1/24,7
20201019065117,10.20.30.1/16,9
20201019065118,10.20.30.1/16,8
20201019065119,10.20.30.1/16,1
20201019065120,192.168.1.1/24,1
20201019065121,10.77.1.2/24,-
20201019065122,192.168.1.1/24,-
20201019065124,192.168.1.2/24,2
20201019065125,10.20.30.1/16,6
20201019065126,10.77.1.1/24,43
20201019065127,10.20.30.2/16,4
20201019065129,192.168.1.2/24,53
20201019065130,10.20.30.1/16,13
20201019065131,10.77.1.2/24,85
20201019065132,10.77.1.1/24,3
20201019065134,10.20.30.1/16,18
20201019065135,10.20.30.2/16,46
20201019065136,192.168.1.2/24,4
20201019065137,192.168.1.1/24,8
20201019065138,10.77.1.2/24,77
20201019065139,10.77.1.2/24,8
20201019065140,192.168.1.2/24,9
20201019065141,10.20.30.1/16,1
20201019065142,10.20.30.1/16,-
20201019065143,192.168.1.1/24,-
20201019065144,10.77.1.2/24,-
20201019065145,10.20.30.2/16,1
20201019065147,192.168.1.1/24,98
20201019065149,10.77.1.2/24,30
20201019065150,10.20.30.2/16,2
20201019065151,192.168.1.1/24,10
20201019065153,10.77.1.1/24,9
20201019065154,192.168.1.1/24,-
20201019065155,10.77.1.2/24,-
20201019065156,10.20.30.1/16,21
20201019065157,10.20.30.1/16,27
20201019065159,192.168.1.2/24,9
20201019065200,10.20.30.1/16,7
20201019065201,10.20.30.2/16,2
20201019065202,10.77.1.2/24,24
20201019065204,10.20.30.1/16,3
20201019065205,10.20.30.1/16,7
20201019065206,10.77.1.2/24,36
20201019065207,10.20.30.1/16,-
20201019065208,10.77.1.1/24,7
20201019065209,10.20.30.1/16,7
20201019065211,10.20.30.2/16,-
20201019065212,10.20.30.2/16,4
20201019065213,10.20.30.1/16,8
20201019065214,10.77.1.2/24,9
20201019065215,10.20.30.2/16,49
20201019065216,10.20.30.1/16,-
20201019065217,10.77.1.2/24,2
20201019065219,10.77.1.1/24,8
20201019065220,10.20.30.1/16,-
20201019065221,10.77.1.1/24,0
20201019065223,10.20.30.1/16,11
20201019065224,10.77.1.2/24,-
20201019065225,10.77.1.2/24,-
20201019065227,10.20.30.2/16,-
20201019065228,192.168.1.1/24,75
20201019065229,192.168.1.2/24,5
20201019065231,10.20.30.1/16,46
20201019065232,10.20.30.1/16,88
20201019065234,10.20.30.2/16,5
20201019065235,192.168.1.2/24,35
20201019065236,10.77.1.1/24,3
20201019065237,192.168.1.1/24,-
20201019065238,10.77.1.2/24,-
20201019065239,10.20.30.1/16,85
20201019065240,10.20.30.2/16,3
20201019065241,10.77.1.1/24,7
20201019065243,10.20.30.2/16,-
20201019065244,10.77.1.2/24,23
20201019065245,10.77.1.1/24,-
20201019065246,10.20.30.1/16,-
20201019065247,192.168.1.2/24,69
20201019065248,10.20.30.2/16,2
20201019065250,10.20.30.2/16,5
20201019065252,10.77.1.1/24,-
20201019065253,192.168.1.2/24,2
20201019065254,10.20.30.2/16,-
20201019065255,192.168.1.2/24,8
20201019065256,10.20.30.2/16,1
20201019065258,192.168.1.2/24,1
20201019065259,10.20.30.2/16,83
20201019065301,10.77.1.1/24,7
20201019065302,192.168.1.2/24,21
20201019065304,10.77.1.1/24,7
20201019065305,10.20.30.1/16,6
20201019065306,192.168.1.1/24,1
20201019065307,10.20.30.1/16,1
20201019065308,192.168.1.1/24,7
20201019065309,10.20.30.1/16,-
20201019065310,10.77.1.2/24,5
20201019065312,192.168.1.2/24,-
20201019065314,10.77.1.2/24,34
20201019065315,192.168.1.2/24,8
20201019065317,10.20.30.2/16,9
20201019065318,192.168.1.1/24,8
20201019065319,192.168.1.1/24,6
20201019065320,10.20.30.1/16,10
20201019065322,10.77.1.1/24,7
20201019065323,10.20.30.1/16,68
20201019065324,10.77.1.2/24,10
20201019065325,10.77.1.2/24,4
20201019065326,192.168.1.2/24,7
20201019065327,10.20.30.2/16,9
20201019065328,192.168.1.2/24,2
20201019065330,10.20.30.2/16,5
20201019065331,192.168.1.2/24,2
20201019065332,10.77.1.1/24,9
20201019065333,192.168.1.1/24,-
20201019065334,192.168.1.1/24,-
20201019065335,10.20.30.1/16,1
20201019065337,10.20.30.1/16,5
20201019065339,10.20.30.2/16,3
20201019065341,10.77.1.2/24,8
20201019065342,10.20.30.1/16,6
20201019065343,192.168.1.2/24,9
20201019065344,10.77.1.2/24,10
20201019065345,10.77.1.1/24,5
20201019065346,192.168.1.1/24,-
20201019065347,10.77.1.2/24,8
20201019065349,192.168.1.2/24,7
20201019065350,10.77.1.1/24,16
20201019065352,10.77.1.2/24,1
20201019065353,10.77.1.1/24,17
20201019065355,10.20.30.2/16,3
20201019065357,10.20.30.2/16,6
20201019065358,10.77.1.1/24,2
20201019065400,10.20.30.1/16,-
20201019065401,10.77.1.2/24,2
20201019065402,10.20.30.2/16,-
20201019065403,10.20.30.1/16,-
20201019065404,192.168.1.2/24,1
20201019065405,192.168.1.2/24,7
20201019065406,10.77.1.2/24,-
20201019065407,10.20.30.1/16,-
20201019065408,10.20.30.2/16,-
20201019065409,10.77.1.1/24,1
20201019065410,10.77.1.2/24,1
20201019065412,10.77.1.1/24,-
20201019065413,10.20.30.2/16,5
20201019065414,10.20.30.2/16,7
20201019065415,10.77.1.2/24,10
20201019065417,10.77.1.2/24,46
20201019065418,10.20.30.2/16,39
20201019065419,192.168.1.1/24,-
20201019065421,192.168.1.1/24,2
20201019065422,192.168.1.1/24,82
20201019065423,10.20.30.2/16,-
20201019065424,192.168.1.1/24,7
20201019065425,10.20.30.1/16,-
20201019065426,192.168.1.2/24,25
20201019065427,10.20.30.2/16,5
20201019065428,192.168.1.2/24,-
20201019065429,10.20.30.1/16,3
20201019065430,192.168.1.2/24,4
20201019065431,192.168.1.1/24,9
20201019065432,192.168.1.1/24,-
20201019065434,10.77.1.2/24,1
20201019065436,192.168.1.2/24,43
20201019065437,192.168.1.1/24,3
20201019065438,10.77.1.1/24,-
20201019065440,192.168.1.1/24,-
20201019065441,10.77.1.2/24,21
20201019065442,10.77.1.1/24,4
20201019065443,10.20.30.1/16,-
20201019065444,10.77.1.1/24,-
20201019065445,10.20.30.1/16,27
20201019065446,10.77.1.1/24,2
20201019065447,10.20.30.1/16,-
20201019065448,10.20.30.1/16,13
20201019065449,10.20.30.1/16,5
20201019065450,192.168.1.1/24,36
20201019065451,10.77.1.1/24,78
20201019065452,192.168.1.1/24,7
20201019065453,10.77.1.1/24,25
20201019065455,10.77.1.1/24,5
20201019065456,10.77.1.1/24,1
20201019065458,192.168.1.1/24,2
20201019065459,10.20.30.1/16,-
20201019065500,10.77.1.1/24,9
20201019065501,10.20.30.1/16,69
20201019065503,10.20.30.2/16,28
20201019065504,10.77.1.2/24,8
20201019065506,10.77.1.2/24,9
20201019065507,10.20.30.2/16,13
20201019065508,10.77.1.2/24,-
20201019065509,10.77.1.2/24,92
20201019065510,10.20.30.1/16,3
20201019065511,192.168.1.2/24,-
20201019065512,10.77.1.2/24,6
20201019065513,10.20.30.2/16,84
20201019065515,10.20.30.2/16,14
20201019065516,10.77.1.2/24,8
20201019065517,10.20.30.1/16,9
20201019065519,10.77.1.1/24,-
20201019065520,10.77.1.2/24,-
20201019065521,10.77.1.1/24,5
20201019065522,192.168.1.2/24,5
20201019065523,192.168.1.1/24,65
20201019065525,192.168.1.2/24,8
20201019065526,192.168.1.1/24,9
20201019065528,10.20.30.2/16,6
20201019065529,192.168.1.2/24,2
20201019065530,10.20.30.1/16,2
20201019065531,192.168.1.2/24,7
20201019065532,192.168.1.1/24,-
20201019065533,10.20.30.1/16,23
20201019065534,192.168.1.2/24,63
20201019065535,192.168.1.1/24,54
20201019065536,10.77.1.1/24,1
20201019065537,10.20.30.1/16,-
20201019065539,10.20.30.2/16,-
20201019065540,10.20.30.2/16,-
20201019065541,192.168.1.2/24,2
20201019065542,192.168.1.1/24,8
20201019065544,10.77.1.1/24,5
20201019065545,10.20.30.2/16,-
20201019065546,10.20.30.2/16,1
20201019065547,10.20.30.2/16,-
20201019065548,10.77.1.2/24,-
20201019065550,192.168.1.2/24,46
20201019065551,10.77.1.1/24,7
20201019065552,192.168.1.1/24,2
20201019065553,10.77.1.1/24,9
20201019065555,10.77.1.2/24,11
20201019065557,10.77.1.1/24,71
20201019065558,10.20.30.1/16,7
20201019065600,10.20.30.1/16,26
20201019065601,192.168.1.1/24,6
20201019065603,10.77.1.1/24,5
20201019065604,10.20.30.1/16,21
20201019065605,10.20.30.2/16,51
20201019065606,192.168.1.2/24,2
20201019065608,10.77.1.2/24,-
20201019065609,10.20.30.2/16,-
20201019065610,192.168.1.1/24,55
20201019065611,10.77.1.2/24,5
20201019065612,10.77.1.2/24,-
20201019065614,10.20.30.1/16,11
20201019065615,10.77.1.1/24,48
20201019065617,10.77.1.2/24,2
20201019065618,10.20.30.2/16,9
20201019065619,192.168.1.2/24,3
20201019065621,192.168.1.2/24,-
20201019065622,10.20.30.2/16,11
20201019065624,10.77.1.1/24,73
20201019065625,192.168.1.2/24,-
20201019065626,10.20.30.1/16,33
20201019065627,192.168.1.1/24,4
20201019065628,10.20.30.2/16,25
20201019065629,10.20.30.1/16,9
20201019065630,192.168.1.2/24,2
20201019065632,10.77.1.1/24,4
20201019065633,10.77.1.1/24,-
20201019065634,10.77.1.1/24,-
20201019065636,10.20.30.2/16,3
20201019065637,192.168.1.2/24,4
20201019065638,192.168.1.1/24,3
20201019065639,10.77.1.2/24,-
20201019065641,10.20.30.2/16,3
20201019065642,10.20.30.2/16,-
20201019065643,10.77.1.2/24,66
20201019065644,10.77.1.1/24,1
20201019065645,10.77.1.1/24,1
20201019065646,10.77.1.1/24,-
20201019065647,10.77.1.1/24,9
20201019065648,192.168.1.2/24,18
20201019065649,192.168.1.2/24,4
20201019065650,192.168.1.1/24,55
20201019065651,10.20.30.1/16,92
20201019065652,192.168.1.1/24,11
20201019065654,192.168.1.1/24,-
20201019065655,10.77.1.1/24,42
20201019065656,192.168.1.2/24,9
20201019065657,10.77.1.2/24,89
20201019065658,10.77.1.1/24,7
20201019065659,10.20.30.1/16,1
20201019065701,10.77.1.2/24,91
20201019065703,10.20.30.1/16,-
20201019065705,192.168.1.2/24,-
20201019065706,10.77.1.2/24,9
20201019065707,10.20.30.1/16,-
20201019065708,10.77.1.1/24,3
20201019065709,10.20.30.2/16,7
20201019065711,192.168.1.1/24,3
20201019065712,192.168.1.1/24,3
20201019065713,10.77.1.2/24,-
20201019065714,10.20.30.1/16,2
20201019065715,10.20.30.1/16,-
20201019065716,10.77.1.1/24,16
20201019065718,10.77.1.2/24,2
20201019065719,10.20.30.2/16,-
20201019065720,192.168.1.2/24,-
20201019065721,10.77.1.2/24,3
20201019065723,10.77.1.1/24,7
20201019065724,10.77.1.2/24,-
20201019065725,10.20.30.1/16,66
20201019065726,10.20.30.1/16,-
20201019065727,192.168.1.2/24,7
20201019065729,10.20.30.1/16,-
20201019065730,10.20.30.2/16,-
20201019065732,10.77.1.1/24,5
20201019065733,192.168.1.1/24,6
20201019065734,10.77.1.1/24,2
20201019065735,10.77.1.2/24,5
20201019065736,192.168.1.2/24,3
20201019065737,192.168.1.2/24,33
20201019065739,192.168.1.2/24,5
20201019065740,10.20.30.1/16,60
20201019065741,10.77.1.1/24,-
20201019065742,10.20.30.2/16,-
20201019065743,192.168.1.1/24,4
20201019065745,10.20.30.1/16,8
20201019065746,192.168.1.2/24,-
20201019065747,192.168.1.2/24,-
20201019065748,10.20.30.1/16,7
20201019065749,192.168.1.2/24,-
20201019065750,192.168.1.2/24,96
20201019065752,192.168.1.2/24,71
20201019065754,10.20.30.1/16,-
20201019065755,192.168.1.1/24,8
20201019065756,192.168.1.1/24,44
20201019065757,10.77.1.2/24,-
20201019065758,10.20.30.2/16,29
20201019065759,10.77.1.2/24,7
20201019065800,192.168.1.2/24,71
20201019065801,10.77.1.1/24,2
20201019065802,10.20.30.2/16,68
20201019065803,10.20.30.1/16,3
20201019065804,10.20.30.1/16,20
20201019065805,10.77.1.2/24,-
20201019065806,10.77.1.2/24,15
20201019065807,192.168.1.1/24,21
20201019065809,10.77.1.2/24,1
20201019065810,10.20.30.2/16,6
20201019065812,192.168.1.1/24,8
20201019065814,192.168.1.1/24,27
20201019065815,192.168.1.2/24,75
20201019065817,10.20.30.1/16,12
20201019065818,10.20.30.2/16,-
20201019065819,10.20.30.2/16,65
20201019065820,10.20.30.2/16,6
20201019065821,10.20.30.1/16,96
20201019065822,192.168.1.1/24,95
20201019065823,10.20.30.1/16,-
20201019065824,10.77.1.1/24,7
20201019065826,10.77.1.1/24,9
20201019065828,10.20.30.1/16,16
20201019065829,10.77.1.1/24,-
20201019065830,10.77.1.1/24,-
20201019065831,10.20.30.1/16,-
20201019065832,192.168.1.1/24,10
20201019065833,192.168.1.1/24,3
20201019065834,192.168.1.2/24,-
20201019065835,192.168.1.1/24,-
20201019065837,192.168.1.1/24,3
20201019065838,192.168.1.2/24,-
20201019065840,192.168.1.2/24,1
20201019065841,10.77.1.2/24,5
20201019065842,10.77.1.1/24,7
20201019065843,10.20.30.1/16,7
20201019065845,10.77.1.2/24,-
20201019065847,10.20.30.1/16,-
20201019065848,10.20.30.1/16,-
20201019065849,10.77.1.2/24,9
20201019065850,10.77.1.1/24,97
20201019065851,192.168.1.1/24,-
20201019065852,10.77.1.2/24,-
20201019065853,10.77.1.2/24,9
20201019065855,10.77.1.1/24,3
20201019065857,192.168.1.1/24,2
20201019065858,10.20.30.2/16,-
20201019065859,192.168.1.1/24,9
20201019065900,10.20.30.2/16,-
20201019065901,10.77.1.2/24,-
20201019065902,192.168.1.2/24,3
20201019065903,10.77.1.1/24,11
20201019065904,192.168.1.1/24,29
20201019065906,10.77.1.2/24,7
20201019065907,10.20.30.2/16,5
20201019065908,192.168.1.2/24,3
20201019065909,10.20.30.1/16,3
20201019065910,10.77.1.2/24,5
20201019065911,192.168.1.2/24,-
20201019065912,192.168.1.1/24,73
20201019065913,10.77.1.2/24,-
20201019065914,10.20.30.2/16,34
20201019065915,10.77.1.2/24,3
20201019065917,192.168.1.2/24,94
20201019065918,10.77.1.1/24,2
20201019065919,10.77.1.2/24,1
20201019065920,192.168.1.2/24,7
20201019065921,10.20.30.2/16,-
20201019065922,192.168.1.2/24,9
20201019065924,192.168.1.2/24,8
20201019065925,192.168.1.2/24,4
20201019065926,192.168.1.1/24,6
20201019065928,10.20.30.1/16,-
20201019065929,10.77.1.1/24,9
20201019065930,192.168.1.2/24,-
20201019065931,192.168.1.2/24,41
20201019065932,192.168.1.1/24,74
20201019065933,10.20.30.2/16,35
20201019065934,192.168.1.2/24,39
20201019065936,10.20.30.2/16,6
20201019065937,192.168.1.1/24,6
20201019065938,192.168.1.1/24,7
20201019065939,192.168.1.2/24,-
20201019065940,192.168.1.1/24,25
20201019065941,10.20.30.1/16,-
20201019065942,10.77.1.1/24,-
20201019065944,192.168.1.1/24,21
20201019065946,10.77.1.2/24,7
20201019065947,10.77.1.2/24,-
20201019065948,10.77.1.1/24,5
20201019065950,10.20.30.1/16,11
20201019065952,192.168.1.1/24,4
20201019065953,192.168.1.2/24,-
20201019065954,10.77.1.2/24,41
20201019065955,10.20.30.1/16,2
20201019065956,192.168.1.1/24,-
20201019065957,192.168.1.1/24,-
20201019065958,10.77.1.2/24,9
20201019065959,10.77.1.1/24,16
20201019070000,10.77.1.1/24,93
20201019070001,192.168.1.1/24,1
20201019070002,10.77.1.1/24,13
20201019070003,10.77.1.1/24,-
20201019070004,10.77.1.1/24,6
20201019070006,10.20.30.2/16,3
20201019070007,192.168.1.1/24,58
20201019070008,10.20.30.1/16,58
20201019070009,10.20.30.1/16,9
20201019070011,10.77.1.2/24,76
20201019070012,192.168.1.1/24,6
20201019070013,10.77.1.2/24,6
20201019070014,10.77.1.2/24,7
20201019070015,10.77.1.1/24,8
20201019070017,10.20.30.2/16,4
20201019070018,10.77.1.1/24,92
20201019070019,10.20.30.1/16,9
20201019070021,10.20.30.2/16,90
20201019070022,10.77.1.1/24,-
20201019070023,192.168.1.2/24,1
20201019070024,10.77.1.2/24,5
20201019070026,192.168.1.1/24,-
20201019070028,192.168.1.2/24,3
20201019070029,10.20.30.1/16,6
20201019070030,192.168.1.1/24,-
20201019070032,10.77.1.1/24,8
20201019070033,192.168.1.2/24,-
20201019070034,10.77.1.1/24,5
20201019070035,10.20.30.1/16,12
20201019070037,10.20.30.1/16,19
20201019070039,10.20.30.2/16,-
20201019070040,10.20.30.1/16,30
20201019070042,10.77.1.2/24,-
20201019070043,192.168.1.1/24,9
20201019070044,10.77.1.2/24,1
20201019070045,10.20.30.1/16,1
20201019070046,10.20.30.1/16,2
20201019070047,10.77.1.2/24,7
20201019070049,192.168.1.2/24,14
20201019070050,10.77.1.2/24,7
20201019070051,10.77.1.1/24,4
20201019070052,10.77.1.2/24,-
20201019070053,192.168.1.2/24,4
20201019070055,10.77.1.1/24,85
20201019070056,10.77.1.2/24,12
20201019070057,192.168.1.2/24,-
20201019070058,10.20.30.2/16,7
20201019070059,10.77.1.1/24,2
20201019070100,192.168.1.1/24,8
20201019070101,10.77.1.2/24,5
20201019070102,10.77.1.1/24,-
20201019070103,192.168.1.2/24,5
20201019070104,192.168.1.1/24,73
20201019070105,10.20.30.1/16,-
20201019070107,10.77.1.1/24,-
20201019070108,10.77.1.1/24,1
20201019070110,10.20.30.1/16,-
20201019070111,10.20.30.2/16,-
20201019070112,192.168.1.2/24,-
20201019070113,10.77.1.1/24,37
20201019070115,192.168.1.1/24,8
20201019070116,192.168.1.2/24,1
20201019070118,192.168.1.2/24,6
20201019070119,192.168.1.1/24,2
20201019070121,10.77.1.1/24,-
20201019070123,192.168.1.2/24,-
20201019070124,192.168.1.1/24,-
20201019070125,192.168.1.1/24,95
20201019070127,10.77.1.2/24,9
20201019070128,192.168.1.2/24,-
20201019070129,10.20.30.2/16,4
20201019070131,10.20.30.2/16,83
20201019070132,10.77.1.2/24,5
20201019070133,10.20.30.1/16,48
20201019070134,10.77.1.2/24,4
20201019070135,10.20.30.1/16,1
20201019070136,192.168.1.2/24,1
20201019070137,192.168.1.1/24,66
20201019070138,10.20.30.1/16,-
20201019070140,10.77.1.1/24,47
20201019070141,192.168.1.2/24,-
20201019070142,10.77.1.1/24,-
20201019070143,192.168.1.2/24,-
20201019070145,192.168.1.1/24,7
20201019070147,10.77.1.1/24,23
20201019070148,10.77.1.2/24,8
20201019070149,10.20.30.2/16,89
20201019070151,10.77.1.2/24,4
20201019070152,192.168.1.2/24,1
20201019070154,10.20.30.2/16,13
20201019070155,10.20.30.1/16,1
20201019070156,192.168.1.1/24,29
20201019070158,10.77.1.1/24,7
20201019070159,10.20.30.2/16,8
20201019070201,10.77.1.1/24,26
20201019070203,192.168.1.2/24,-
20201019070204,10.77.1.1/24,64
20201019070205,192.168.1.1/24,2
20201019070207,10.77.1.2/24,9
20201019070208,10.77.1.2/24,2
20201019070209,10.77.1.1/24,9
20201019070210,10.77.1.2/24,6
20201019070211,10.77.1.1/24,2
20201019070212,10.77.1.1/24,-
20201019070214,10.20.30.2/16,-
20201019070215,10.20.30.2/16,-
20201019070216,192.168.1.2/24,0
20201019070217,192.168.1.2/24,45
20201019070218,10.20.30.2/16,4
20201019070219,192.168.1.2/24,4
20201019070220,10.77.1.1/24,9
20201019070221,10.77.1.1/24,2
20201019070223,10.77.1.2/24,9
20201019070224,192.168.1.1/24,4
20201019070225,10.20.30.1/16,-
20201019070226,10.20.30.2/16,60
20201019070227,10.20.30.2/16,-
20201019070228,192.168.1.1/24,3
20201019070229,192.168.1.1/24,3
20201019070231,192.168.1.1/24,2
20201019070232,10.20.30.1/16,97
20201019070233,192.168.1.1/24,-
20201019070234,10.77.1.2/24,84
20201019070235,10.20.30.2/16,6
20201019070236,10.20.30.1/16,8
20201019070237,10.20.30.2/16,5
20201019070238,10.77.1.1/24,55
20201019070240,192.168.1.1/24,3
20201019070241,192.168.1.1/24,91
20201019070242,192.168.1.2/24,-
20201019070243,192.168.1.1/24,-
20201019070244,10.77.1.1/24,3
20201019070245,10.77.1.2/24,2
20201019070246,10.77.1.1/24,4
20201019070248,192.168.1.2/24,-
20201019070249,10.77.1.1/24,-
20201019070250,192.168.1.2/24,6
20201019070251,192.168.1.1/24,9
20201019070252,10.20.30.1/16,-
20201019070254,192.168.1.1/24,8
20201019070255,10.20.30.1/16,6
20201019070256,192.168.1.2/24,58
20201019070258,192.168.1.1/24,40
20201019070259,192.168.1.1/24,7
20201019070300,192.168.1.1/24,4
20201019070301,192.168.1.2/24,86
20201019070302,10.20.30.1/16,5
20201019070303,10.20.30.1/16,9
20201019070304,10.77.1.2/24,-
20201019070305,10.20.30.1/16,3
20201019070306,10.77.1.1/24,1
20201019070307,10.77.1.2/24,9
20201019070309,192.168.1.1/24,6
20201019070310,10.77.1.2/24,2
20201019070311,10.77.1.1/24,6
20201019070312,10.77.1.2/24,-
20201019070313,192.168.1.1/24,8
20201019070314,192.168.1.1/24,8
20201019070315,192.168.1.2/24,7
20201019070317,10.77.1.2/24,-
20201019070318,192.168.1.1/24,3
20201019070319,192.168.1.1/24,71
20201019070320,10.77.1.2/24,97
20201019070321,10.20.30.2/16,5
20201019070322,192.168.1.2/24,-
20201019070323,192.168.1.2/24,49
20201019070324,192.168.1.2/24,9
20201019070326,10.77.1.1/24,-
20201019070327,192.168.1.2/24,-
20201019070328,10.20.30.2/16,-
20201019070330,192.168.1.2/24,2
20201019070331,192.168.1.1/24,23
20201019070332,10.20.30.2/16,9
20201019070333,192.168.1.2/24,-
20201019070334,10.20.30.2/16,-
20201019070335,10.77.1.2/24,5
20201019070337,10.20.30.1/16,4
20201019070339,10.77.1.1/24,-
20201019070341,10.77.1.1/24,4
20201019070342,10.20.30.1/16,28
20201019070344,192.168.1.1/24,1
20201019070345,10.20.30.1/16,-
20201019070346,192.168.1.2/24,-
20201019070347,10.20.30.1/16,9
20201019070348,10.20.30.2/16,4
20201019070350,10.77.1.2/24,1
20201019070351,10.77.1.1/24,-
20201019070352,192.168.1.2/24,64
20201019070353,192.168.1.1/24,9
20201019070354,10.20.30.1/16,6
20201019070355,10.77.1.2/24,2
20201019070356,10.77.1.2/24,4
20201019070357,192.168.1.2/24,82
20201019070358,10.77.1.2/24,6
20201019070359,10.77.1.1/24,16
20201019070400,192.168.1.2/24,-
20201019070401,10.77.1.2/24,5
20201019070403,10.20.30.2/16,6
20201019070405,10.77.1.2/24,5
20201019070406,192.168.1.2/24,-
20201019070407,10.77.1.1/24,9
20201019070408,192.168.1.2/24,32
20201019070409,192.168.1.1/24,2
20201019070410,10.77.1.1/24,5
20201019070411,10.20.30.1/16,9
20201019070412,10.77.1.2/24,6
20201019070414,192.168.1.1/24,-
20201019070415,10.20.30.2/16,6
20201019070416,10.77.1.1/24,41
20201019070417,192.168.1.2/24,92
20201019070418,10.20.30.2/16,-
20201019070420,10.20.30.2/16,4
20201019070421,10.77.1.2/24,-
20201019070422,10.77.1.1/24,-
20201019070423,10.77.1.1/24,5
20201019070424,10.77.1.1/24,4
20201019070425,10.20.30.2/16,-
20201019070427,192.168.1.2/24,1
20201019070428,192.168.1.2/24,-
20201019070429,10.77.1.1/24,-
20201019070430,10.77.1.2/24,14
20201019070431,10.77.1.2/24,1
20201019070433,192.168.1.1/24,7
20201019070434,10.20.30.2/16,-
20201019070435,10.77.1.2/24,-
20201019070436,10.20.30.1/16,89
20201019070437,10.77.1.2/24,87
20201019070438,10.77.1.2/24,-
20201019070439,192.168.1.1/24,4
20201019070441,10.77.1.2/24,-
20201019070443,192.168.1.1/24,56
20201019070444,10.77.1.2/24,7
20201019070445,10.77.1.2/24,49
20201019070446,10.77.1.2/24,-
20201019070448,10.20.30.1/16,5
20201019070449,192.168.1.1/24,6
20201019070450,192.168.1.1/24,4
20201019070451,10.77.1.2/24,92
20201019070453,10.77.1.2/24,2
20201019070454,10.20.30.2/16,1
20201019070455,10.20.30.2/16,6
20201019070456,10.77.1.1/24,6
20201019070458,10.77.1.1/24,1
20201019070459,10.77.1.1/24,7
20201019070501,10.77.1.1/24,11
20201019070503,10.77.1.1/24,60
20201019070504,10.77.1.1/24,55
20201019070506,10.20.30.2/16,-
20201019070507,192.168.1.1/24,9
20201019070508,10.20.30.2/16,2
20201019070510,10.77.1.2/24,-
20201019070511,192.168.1.1/24,9
20201019070512,10.77.1.1/24,2
20201019070513,10.20.30.1/16,8
20201019070514,192.168.1.1/24,10
20201019070515,10.20.30.2/16,1
20201019070516,10.77.1.1/24,31
20201019070517,192.168.1.1/24,-
20201019070518,10.20.30.1/16,3
20201019070519,192.168.1.1/24,-
20201019070520,10.77.1.1/24,5
20201019070522,10.77.1.1/24,67
20201019070523,192.168.1.1/24,1
20201019070524,192.168.1.1/24,3
20201019070525,10.20.30.2/16,4
20201019070526,192.168.1.1/24,-
20201019070527,10.77.1.1/24,6
20201019070528,10.20.30.2/16,3
20201019070529,10.77.1.2/24,30
20201019070530,10.77.1.2/24,5
20201019070531,192.168.1.1/24,-
20201019070532,10.20.30.1/16,-
20201019070533,10.77.1.1/24,60
20201019070534,192.168.1.1/24,4
20201019070535,10.77.1.1/24,8
20201019070536,10.20.30.2/16,8
20201019070537,10.77.1.2/24,4
20201019070539,10.77.1.2/24,-
20201019070540,192.168.1.1/24,44
20201019070541,192.168.1.2/24,3
20201019070542,192.168.1.1/24,76
20201019070543,192.168.1.2/24,1
20201019070544,10.77.1.1/24,-
20201019070545,10.20.30.2/16,4
20201019070546,10.77.1.1/24,5
20201019070548,192.168.1.2/24,8
20201019070550,10.77.1.1/24,26
20201019070551,192.168.1.1/24,55
20201019070552,10.20.30.1/16,8
20201019070554,10.77.1.2/24,-
20201019070556,192.168.1.1/24,-
20201019070557,10.20.30.1/16,9
20201019070559,10.20.30.1/16,4
20201019070600,10.77.1.2/24,9
20201019070601,192.168.1.1/24,8
20201019070603,192.168.1.1/24,3
20201019070604,10.20.30.2/16,4
20201019070605,10.77.1.2/24,8
20201019070606,10.20.30.2/16,10
20201019070607,10.20.30.1/16,6
20201019070609,10.77.1.2/24,-
20201019070610,10.20.30.1/16,9
20201019070611,192.168.1.1/24,11
20201019070613,10.20.30.1/16,20
20201019070614,10.20.30.1/16,9
20201019070615,10.20.30.2/16,93
20201019070616,10.77.1.2/24,7
20201019070617,192.168.1.1/24,41
20201019070618,10.77.1.2/24,-
20201019070619,192.168.1.1/24,-
20201019070620,192.168.1.1/24,-
20201019070621,10.77.1.2/24,50
20201019070622,192.168.1.2/24,4
20201019070623,192.168.1.2/24,6
20201019070624,10.77.1.1/24,1
20201019070625,10.20.30.2/16,17
20201019070626,192.168.1.2/24,2
20201019070627,10.20.30.2/16,-
20201019070628,192.168.1.1/24,-
20201019070629,10.77.1.2/24,44
20201019070630,192.168.1.1/24,2
20201019070631,10.77.1.2/24,-
20201019070632,10.77.1.1/24,92
20201019070633,192.168.1.1/24,1
20201019070634,192.168.1.2/24,4
20201019070635,10.77.1.2/24,-
20201019070637,10.77.1.1/24,18
20201019070639,10.77.1.1/24,6
20201019070640,10.77.1.2/24,-
20201019070641,10.20.30.1/16,12
20201019070642,10.77.1.1/24,1
20201019070644,192.168.1.1/24,5
20201019070646,192.168.1.2/24,93
20201019070648,192.168.1.1/24,8
20201019070649,10.20.30.2/16,3
20201019070650,10.77.1.2/24,-
20201019070651,192.168.1.2/24,-
20201019070652,10.20.30.2/16,1
20201019070653,192.168.1.2/24,1
20201019070654,10.77.1.2/24,6
20201019070655,192.168.1.1/24,4
20201019070657,10.77.1.2/24,76
20201019070658,192.168.1.2/24,6
20201019070659,192.168.1.1/24,7
20201019070700,10.20.30.1/16,6
20201019070701,10.20.30.2/16,3
20201019070702,10.77.1.1/24,90
20201019070703,10.20.30.1/16,4
20201019070704,10.77.1.2/24,1
20201019070705,10.77.1.1/24,3
20201019070706,10.20.30.2/16,11
20201019070707,10.77.1.1/24,7
20201019070708,192.168.1.1/24,7
20201019070709,10.20.30.2/16,48
20201019070710,10.20.30.1/16,-
20201019070711,10.77.1.1/24,41
20201019070713,10.77.1.2/24,87
20201019070714,10.77.1.2/24,1
20201019070715,192.168.1.1/24,5
20201019070716,10.20.30.1/16,-
20201019070717,10.77.1.1/24,-
20201019070718,10.77.1.1/24,-
20201019070719,10.20.30.2/16,-
20201019070721,192.168.1.2/24,-
20201019070722,10.20.30.2/16,12
20201019070724,192.168.1.1/24,7
20201019070725,192.168.1.1/24,2
20201019070727,10.20.30.1/16,-
20201019070729,10.77.1.1/24,11
20201019070730,10.20.30.1/16,2
20201019070732,10.77.1.2/24,8
20201019070733,10.20.30.1/16,-
20201019070734,10.77.1.1/24,4
20201019070735,10.20.30.2/16,4
20201019070736,10.77.1.1/24,4
20201019070737,10.77.1.2/24,71
20201019070739,10.20.30.2/16,6
20201019070740,192.168.1.2/24,11
20201019070742,10.20.30.2/16,15
20201019070743,10.77.1.1/24,7
20201019070744,192.168.1.1/24,2
20201019070745,192.168.1.2/24,-
20201019070747,10.77.1.2/24,-
20201019070748,10.77.1.2/24,1
20201019070749,10.20.30.1/16,47
20201019070750,192.168.1.1/24,6
20201019070751,10.77.1.2/24,8
20201019070753,192.168.1.2/24,45
20201019070755,10.77.1.1/24,53
20201019070757,10.77.1.1/24,9
20201019070759,10.77.1.2/24,8
20201019070801,10.77.1.1/24,-
20201019070803,10.20.30.1/16,5
20201019070805,10.20.30.2/16,2
20201019070806,192.168.1.2/24,9
20201019070807,10.77.1.1/24,-
20201019070808,192.168.1.2/24,6
20201019070809,192.168.1.2/24,9
20201019070810,10.20.30.1/16,20
20201019070811,192.168.1.1/24,38
20201019070812,192.168.1.2/24,6
20201019070814,10.20.30.2/16,2
20201019070816,10.77.1.1/24,5
20201019070817,192.168.1.1/24,-
20201019070818,10.77.1.2/24,6
20201019070819,10.20.30.1/16,13
20201019070820,10.20.30.1/16,21
20201019070821,10.20.30.1/16,3
20201019070822,192.168.1.1/24,5
20201019070823,192.168.1.1/24,-
20201019070824,10.20.30.1/16,5
20201019070825,192.168.1.2/24,8
20201019070827,192.168.1.2/24,9
20201019070829,192.168.1.1/24,3
20201019070830,10.77.1.2/24,9
20201019070831,10.20.30.1/16,1
20201019070832,10.77.1.1/24,-
20201019070834,10.20.30.2/16,8
20201019070835,192.168.1.2/24,32
20201019070837,10.77.1.2/24,-
20201019070838,192.168.1.1/24,3
20201019070839,192.168.1.2/24,-
20201019070840,10.20.30.2/16,-
20201019070841,192.168.1.1/24,51
20201019070842,192.168.1.1/24,1
20201019070843,10.20.30.2/16,33
20201019070845,192.168.1.2/24,40
20201019070846,10.20.30.2/16,77
20201019070847,192.168.1.2/24,-
20201019070848,192.168.1.1/24,2
20201019070849,10.77.1.1/24,5
20201019070851,10.20.30.2/16,-
20201019070852,10.20.30.2/16,84
20201019070853,10.77.1.1/24,9
20201019070854,10.77.1.2/24,0
20201019070856,192.168.1.2/24,-
20201019070858,10.77.1.1/24,3
20201019070859,10.20.30.1/16,1
20201019070901,192.168.1.1/24,-
20201019070902,10.20.30.2/16,1
20201019070903,192.168.1.2/24,-
20201019070904,192.168.1.1/24,40
20201019070905,10.77.1.2/24,-
20201019070906,10.20.30.2/16,2
20201019070907,10.20.30.2/16,42
20201019070908,10.77.1.2/24,-
20201019070909,192.168.1.1/24,2
20201019070911,10.77.1.2/24,-
20201019070912,192.168.1.2/24,1
20201019070913,192.168.1.1/24,24
20201019070914,10.77.1.1/24,9
20201019070915,192.168.1.2/24,-
20201019070917,10.20.30.1/16,-
20201019070918,10.77.1.2/24,6
20201019070919,10.77.1.2/24,12
20201019070921,10.77.1.2/24,5
20201019070922,10.77.1.1/24,64
20201019070923,10.20.30.1/16,4
20201019070925,10.20.30.1/16,8
20201019070926,10.77.1.1/24,11
20201019070927,10.20.30.1/16,7
20201019070928,192.168.1.2/24,-
20201019070929,10.77.1.2/24,8
20201019070930,10.20.30.2/16,9
20201019070931,192.168.1.1/24,4
20201019070932,192.168.1.1/24,2
20201019070933,10.20.30.2/16,1
20201019070934,10.77.1.2/24,6
20201019070935,10.20.30.1/16,5
20201019070936,10.77.1.2/24,-
20201019070938,10.20.30.1/16,7
20201019070939,10.20.30.1/16,-
20201019070940,10.77.1.2/24,5
20201019070941,10.77.1.1/24,3
20201019070942,192.168.1.2/24,80
20201019070943,10.20.30.2/16,7
20201019070944,192.168.1.2/24,1
20201019070946,10.20.30.1/16,9
20201019070947,10.20.30.1/16,4
20201019070949,10.77.1.1/24,1
20201019070950,192.168.1.2/24,-
20201019070951,10.20.30.2/16,-
20201019070953,10.20.30.1/16,5
20201019070955,10.77.1.1/24,-
20201019070957,10.20.30.2/16,82
20201019070958,192.168.1.1/24,4
20201019070959,10.77.1.1/24,2
20201019071000,10.20.30.2/16,5
20201019071001,10.77.1.2/24,8
20201019071002,10.77.1.2/24,9
20201019071003,10.77.1.1/24,6
20201019071004,10.20.30.2/16,3
20201019071005,10.20.30.2/16,64
20201019071006,10.77.1.1/24,7
20201019071007,192.168.1.1/24,3
20201019071009,10.20.30.2/16,-
20201019071010,10.77.1.2/24,9
20201019071011,10.77.1.2/24,6
20201019071012,10.77.1.1/24,41
20201019071013,10.77.1.1/24,8
20201019071015,192.168.1.2/24,9
20201019071017,10.77.1.2/24,-
20201019071018,10.20.30.2/16,3
20201019071019,10.20.30.2/16,10
20201019071020,192.168.1.1/24,-
20201019071021,10.20.30.1/16,5
20201019071023,10.77.1.2/24,1
20201019071024,192.168.1.1/24,41
20201019071025,10.20.30.1/16,7
20201019071026,10.20.30.2/16,22
20201019071027,10.20.30.1/16,6
20201019071028,10.20.30.2/16,3
20201019071029,10.77.1.2/24,72
20201019071031,10.77.1.2/24,-
20201019071032,10.77.1.2/24,8
20201019071033,192.168.1.1/24,-
20201019071034,10.77.1.1/24,60
20201019071035,192.168.1.2/24,-
20201019071036,10.20.30.2/16,10
20201019071037,192.168.1.2/24,6
20201019071038,10.20.30.1/16,3
20201019071039,10.77.1.2/24,8
20201019071040,192.168.1.1/24,34
20201019071041,10.77.1.2/24,-
20201019071042,192.168.1.2/24,3
20201019071043,10.20.30.1/16,5
20201019071044,10.20.30.1/16,34
20201019071046,10.77.1.2/24,7
20201019071047,10.77.1.2/24,6
20201019071048,192.168.1.1/24,1
20201019071049,10.20.30.1/16,1
20201019071050,192.168.1.1/24,-
20201019071051,10.20.30.1/16,3
20201019071052,192.168.1.2/24,-
20201019071053,10.20.30.1/16,8
20201019071054,192.168.1.1/24,1
20201019071055,10.20.30.1/16,6
20201019071057,10.77.1.1/24,-
20201019071058,10.20.30.1/16,10
20201019071059,10.77.1.2/24,11
20201019071101,10.77.1.1/24,-
20201019071102,192.168.1.2/24,13
20201019071103,10.20.30.1/16,6
20201019071104,192.168.1.2/24,3
20201019071105,10.20.30.2/16,6
20201019071106,192.168.1.1/24,6
20201019071107,10.20.30.2/16,1
20201019071108,10.20.30.1/16,3
20201019071109,10.77.1.2/24,-
20201019071110,10.77.1.2/24,2
20201019071112,10.20.30.2/16,9
20201019071113,10.77.1.2/24,1
20201019071114,192.168.1.2/24,1
20201019071115,10.20.30.2/16,16
20201019071116,10.20.30.2/16,4
20201019071117,10.77.1.2/24,2
20201019071118,10.77.1.1/24,3
20201019071119,10.77.1.2/24,4
20201019071120,192.168.1.1/24,63
20201019071121,10.20.30.2/16,2
20201019071123,192.168.1.1/24,10
20201019071124,10.77.1.1/24,8
20201019071125,10.77.1.1/24,7
20201019071127,192.168.1.2/24,88
20201019071128,192.168.1.1/24,7
20201019071129,10.20.30.2/16,89
20201019071130,192.168.1.2/24,89
20201019071131,192.168.1.1/24,5
20201019071132,10.20.30.1/16,7
20201019071134,10.20.30.2/16,-
20201019071136,10.77.1.2/24,-
20201019071138,10.20.30.2/16,26
20201019071139,10.77.1.2/24,3
20201019071140,10.20.30.1/16,2
20201019071141,10.20.30.2/16,-
20201019071142,10.77.1.1/24,58
20201019071143,192.168.1.2/24,4
20201019071144,192.168.1.1/24,4
20201019071145,10.20.30.1/16,-
20201019071146,192.168.1.2/24,6
20201019071147,10.77.1.2/24,4
20201019071149,192.168.1.2/24,2
20201019071151,10.20.30.1/16,6
20201019071152,10.77.1.1/24,21
20201019071153,192.168.1.1/24,84
20201019071154,10.20.30.2/16,5
20201019071156,10.20.30.2/16,2
20201019071157,10.77.1.1/24,1
20201019071158,10.20.30.2/16,4
20201019071159,10.20.30.1/16,-
20201019071200,10.77.1.2/24,8
20201019071201,192.168.1.2/24,1
20201019071202,10.20.30.1/16,-
20201019071203,10.20.30.1/16,-
20201019071204,10.77.1.1/24,4
20201019071205,10.20.30.2/16,10
20201019071206,10.20.30.1/16,4
20201019071207,10.20.30.1/16,-
20201019071208,10.77.1.1/24,8
20201019071210,192.168.1.1/24,1
20201019071211,192.168.1.1/24,53
20201019071212,10.20.30.1/16,5
20201019071214,192.168.1.1/24,48
20201019071215,10.20.30.2/16,7
20201019071216,10.20.30.2/16,-
20201019071217,192.168.1.1/24,7
20201019071218,10.77.1.1/24,-
20201019071219,192.168.1.2/24,5
20201019071221,10.20.30.1/16,2
20201019071222,10.20.30.2/16,-
20201019071223,10.77.1.1/24,5
20201019071224,10.77.1.1/24,78
20201019071225,10.20.30.1/16,-
20201019071226,10.20.30.1/16,6
20201019071227,10.20.30.2/16,8
20201019071229,10.20.30.2/16,9
20201019071231,192.168.1.1/24,-
20201019071232,10.20.30.1/16,7
20201019071233,10.20.30.2/16,7
20201019071234,10.77.1.2/24,-
20201019071236,192.168.1.1/24,6
20201019071237,10.20.30.2/16,-
20201019071239,192.168.1.1/24,2
20201019071240,10.20.30.1/16,6
20201019071241,10.20.30.2/16,94
20201019071243,10.77.1.1/24,4
20201019071245,192.168.1.1/24,-
20201019071246,10.77.1.1/24,0
20201019071247,10.20.30.1/16,38
20201019071249,10.77.1.1/24,1
20201019071250,10.20.30.1/16,-
20201019071252,10.20.30.1/16,2
20201019071253,10.77.1.2/24,6
20201019071254,192.168.1.1/24,80
20201019071255,192.168.1.2/24,-
20201019071256,10.77.1.1/24,6
20201019071257,10.20.30.1/16,-
20201019071258,10.20.30.1/16,35
20201019071259,192.168.1.2/24,7
20201019071300,192.168.1.1/24,6
20201019071302,10.77.1.2/24,-
20201019071304,10.20.30.1/16,6
20201019071306,10.77.1.1/24,1
20201019071307,10.20.30.1/16,31
20201019071308,10.20.30.2/16,7
20201019071309,192.168.1.2/24,4
20201019071310,10.77.1.2/24,-
20201019071311,10.20.30.2/16,7
20201019071313,192.168.1.2/24,22
20201019071314,10.20.30.2/16,12
20201019071315,192.168.1.1/24,1
20201019071317,10.77.1.1/24,-
20201019071318,192.168.1.1/24,29
20201019071319,192.168.1.1/24,61
20201019071321,10.20.30.1/16,16
20201019071322,10.20.30.2/16,2
20201019071323,10.77.1.1/24,4
20201019071324,10.20.30.2/16,-
20201019071325,192.168.1.2/24,6
20201019071326,192.168.1.2/24,6
20201019071328,10.77.1.1/24,4
20201019071330,10.77.1.1/24,3
20201019071331,10.77.1.1/24,44
20201019071332,10.20.30.1/16,9
20201019071333,10.77.1.1/24,-
20201019071334,192.168.1.2/24,2
20201019071335,10.20.30.1/16,8
20201019071336,10.77.1.2/24,-
20201019071337,192.168.1.1/24,5
20201019071338,10.77.1.2/24,-
20201019071339,10.77.1.1/24,1
20201019071340,10.77.1.1/24,7
20201019071341,10.77.1.1/24,5
20201019071343,10.77.1.1/24,81
20201019071344,10.77.1.1/24,73
20201019071345,10.77.1.2/24,6
20201019071346,10.20.30.1/16,9
20201019071347,10.20.30.1/16,-
20201019071348,10.77.1.1/24,4
20201019071350,10.20.30.2/16,5
20201019071351,10.20.30.2/16,8
20201019071352,10.77.1.1/24,30
20201019071353,192.168.1.1/24,13
20201019071354,10.20.30.1/16,86
20201019071356,192.168.1.2/24,6
20201019071357,192.168.1.1/24,-
20201019071358,192.168.1.1/24,6
20201019071359,10.20.30.2/16,6
20201019071400,192.168.1.2/24,8
20201019071402,10.20.30.2/16,-
20201019071403,192.168.1.2/24,8
20201019071404,192.168.1.2/24,-
20201019071405,192.168.1.1/24,-
20201019071406,10.20.30.1/16,-
20201019071407,10.20.30.2/16,20
20201019071408,192.168.1.2/24,1
20201019071410,10.20.30.1/16,9
20201019071411,192.168.1.1/24,5
20201019071412,10.20.30.1/16,-
20201019071413,10.20.30.2/16,59
20201019071415,10.77.1.1/24,-
20201019071416,10.20.30.1/16,6
20201019071417,10.20.30.1/16,37
20201019071418,10.20.30.1/16,35
20201019071419,10.20.30.2/16,1
20201019071420,192.168.1.1/24,6
20201019071422,192.168.1.1/24,-
20201019071423,10.20.30.1/16,-
20201019071424,192.168.1.2/24,31
20201019071426,10.77.1.2/24,-
20201019071427,10.77.1.2/24,76
20201019071428,192.168.1.1/24,10
20201019071429,10.77.1.2/24,5
20201019071430,10.77.1.2/24,54
20201019071432,10.20.30.1/16,5
20201019071433,10.77.1.2/24,8
20201019071434,10.77.1.1/24,89
20201019071435,10.20.30.2/16,3
20201019071437,10.77.1.1/24,5
20201019071438,192.168.1.1/24,-
20201019071439,10.77.1.1/24,64
20201019071440,10.77.1.2/24,-
20201019071442,10.20.30.2/16,90
20201019071443,10.77.1.1/24,6
20201019071444,10.20.30.1/16,5
20201019071445,192.168.1.1/24,-
20201019071446,10.77.1.1/24,9
20201019071447,192.168.1.2/24,-
20201019071448,192.168.1.2/24,-
20201019071449,192.168.1.2/24,26
20201019071450,192.168.1.1/24,-
20201019071451,10.20.30.1/16,7
20201019071452,10.77.1.2/24,-
20201019071453,10.77.1.2/24,-
20201019071454,192.168.1.1/24,84
20201019071455,192.168.1.1/24,14
20201019071456,10.20.30.2/16,-
20201019071457,10.77.1.2/24,3
20201019071458,10.77.1.1/24,7
20201019071459,10.77.1.1/24,2
20201019071500,192.168.1.1/24,94
20201019071501,10.77.1.1/24,5
20201019071503,10.77.1.2/24,9
20201019071504,10.77.1.2/24,34
20201019071506,10.77.1.1/24,9
20201019071507,10.20.30.1/16,-
20201019071508,10.20.30.1/16,47
20201019071509,10.77.1.2/24,20
20201019071510,10.20.30.1/16,1
20201019071512,10.77.1.2/24,3
20201019071513,10.77.1.2/24,5
20201019071515,10.77.1.1/24,7
20201019071516,10.20.30.2/16,10
20201019071517,10.77.1.2/24,-
20201019071518,10.77.1.1/24,79
20201019071519,192.168.1.1/24,47
20201019071520,192.168.1.2/24,7
20201019071521,10.77.1.2/24,5
20201019071522,10.20.30.1/16,8
20201019071524,192.168.1.2/24,22
20201019071525,192.168.1.1/24,6
20201019071526,10.77.1.2/24,6
20201019071527,192.168.1.1/24,41
20201019071528,10.77.1.2/24,4
20201019071529,10.20.30.2/16,7
20201019071530,10.77.1.1/24,55
20201019071531,192.168.1.1/24,8
20201019071533,10.77.1.1/24,20
20201019071534,10.20.30.1/16,8
20201019071536,10.77.1.1/24,9
20201019071537,192.168.1.2/24,5
20201019071539,192.168.1.2/24,9
20201019071540,10.20.30.2/16,41
20201019071541,192.168.1.1/24,6
20201019071543,192.168.1.2/24,4
20201019071545,10.20.30.2/16,4
20201019071547,10.20.30.2/16,71
20201019071548,192.168.1.1/24,2
20201019071549,10.20.30.1/16,6
20201019071550,10.20.30.1/16,4
20201019071551,10.20.30.1/16,2
20201019071552,192.168.1.2/24,9
20201019071553,192.168.1.1/24,27
20201019071555,10.77.1.1/24,5
20201019071556,192.168.1.1/24,90
20201019071557,10.77.1.1/24,8
20201019071558,192.168.1.2/24,6
20201019071559,10.77.1.2/24,5
20201019071600,192.168.1.2/24,5
20201019071601,192.168.1.1/24,-
20201019071602,10.20.30.1/16,9
20201019071603,10.77.1.1/24,-
20201019071604,192.168.1.1/24,9
20201019071605,10.20.30.1/16,5
20201019071607,192.168.1.1/24,1
20201019071608,10.20.30.2/16,5
20201019071609,10.77.1.1/24,-
20201019071611,192.168.1.1/24,4
20201019071612,10.77.1.1/24,9
20201019071613,10.77.1.1/24,-
20201019071614,10.77.1.1/24,9
20201019071615,192.168.1.1/24,7
20201019071616,10.77.1.2/24,3
20201019071618,10.77.1.1/24,-
20201019071619,192.168.1.1/24,7
20201019071620,192.168.1.1/24,17
20201019071621,192.168.1.2/24,5
20201019071622,192.168.1.2/24,-
20201019071623,10.20.30.2/16,6
20201019071624,10.20.30.1/16,4
20201019071626,192.168.1.2/24,28
20201019071628,10.77.1.1/24,37
20201019071629,192.168.1.1/24,2
20201019071631,10.77.1.2/24,-
20201019071632,10.77.1.2/24,-
20201019071634,192.168.1.2/24,1
20201019071635,10.77.1.1/24,25
20201019071637,10.20.30.2/16,13
20201019071638,10.20.30.1/16,7
20201019071639,10.77.1.1/24,-
20201019071640,192.168.1.2/24,1
20201019071641,10.20.30.2/16,-
20201019071643,192.168.1.1/24,-
20201019071644,10.20.30.2/16,90
20201019071645,192.168.1.2/24,9
20201019071646,10.20.30.1/16,8
20201019071647,192.168.1.2/24,-
20201019071648,192.168.1.2/24,23
20201019071650,10.77.1.1/24,-
20201019071651,10.77.1.1/24,3
20201019071653,10.20.30.2/16,-
20201019071654,192.168.1.2/24,9
20201019071655,10.20.30.1/16,28
20201019071656,10.77.1.2/24,1
20201019071657,192.168.1.2/24,8
20201019071658,10.20.30.2/16,8
20201019071659,192.168.1.2/24,-
20201019071700,10.20.30.2/16,8
20201019071701,10.77.1.1/24,-
20201019071702,192.168.1.1/24,7
20201019071703,192.168.1.2/24,7
20201019071704,10.77.1.1/24,9
20201019071705,10.77.1.1/24,-
20201019071706,10.20.30.2/16,26
20201019071707,192.168.1.1/24,19
20201019071708,10.77.1.2/24,-
20201019071709,10.20.30.2/16,23
20201019071710,192.168.1.2/24,-
20201019071711,10.20.30.1/16,2
20201019071713,10.77.1.2/24,9
20201019071714,10.20.30.1/16,7
20201019071715,10.77.1.2/24,3
20201019071716,10.20.30.1/16,5
20201019071717,10.20.30.1/16,7
20201019071718,10.20.30.2/16,3
20201019071719,10.20.30.1/16,40
20201019071720,10.77.1.2/24,-
20201019071721,192.168.1.2/24,-
20201019071722,10.77.1.1/24,-
20201019071723,10.77.1.1/24,65
20201019071724,10.20.30.2/16,5
20201019071725,10.20.30.2/16,18
20201019071727,10.20.30.1/16,11
20201019071728,10.20.30.1/16,79
20201019071729,192.168.1.2/24,6
20201019071730,10.20.30.2/16,18
20201019071732,10.77.1.1/24,3
20201019071733,192.168.1.2/24,13
20201019071734,192.168.1.1/24,1
20201019071735,10.20.30.1/16,9
20201019071737,192.168.1.2/24,3
20201019071739,192.168.1.2/24,5
20201019071740,10.20.30.2/16,46
20201019071741,10.20.30.2/16,-
20201019071742,10.77.1.1/24,8
20201019071743,10.20.30.2/16,4
20201019071745,192.168.1.2/24,7
20201019071746,10.77.1.1/24,1
20201019071747,192.168.1.2/24,-
20201019071748,10.20.30.2/16,43
20201019071750,10.20.30.2/16,9
20201019071751,10.20.30.2/16,-
20201019071752,10.20.30.2/16,27
20201019071754,10.20.30.2/16,55
20201019071756,192.168.1.2/24,3
20201019071758,10.77.1.2/24,6
20201019071800,10.20.30.2/16,93
20201019071801,192.168.1.1/24,48
20201019071802,10.20.30.1/16,-
20201019071803,192.168.1.1/24,1
20201019071805,192.168.1.2/24,-
20201019071806,10.77.1.2/24,9
20201019071807,10.20.30.2/16,2
20201019071808,192.168.1.1/24,-
20201019071809,192.168.1.2/24,76
20201019071811,192.168.1.1/24,-
20201019071812,10.77.1.1/24,26
20201019071813,10.77.1.1/24,98
20201019071815,10.77.1.2/24,21
20201019071816,10.20.30.2/16,6
20201019071817,10.77.1.1/24,45
20201019071818,192.168.1.1/24,7
20201019071819,192.168.1.1/24,31
20201019071820,10.77.1.1/24,9
20201019071821,10.20.30.1/16,5
20201019071822,10.77.1.2/24,-
20201019071823,192.168.1.2/24,-
20201019071824,10.77.1.2/24,-
20201019071826,10.77.1.1/24,7
20201019071827,192.168.1.1/24,10
20201019071828,10.20.30.1/16,8
20201019071829,192.168.1.1/24,6
20201019071830,10.77.1.2/24,4
20201019071831,192.168.1.2/24,6
20201019071832,192.168.1.2/24,9
20201019071833,10.77.1.1/24,72
20201019071834,10.77.1.1/24,49
20201019071835,192.168.1.1/24,4
20201019071836,10.77.1.2/24,-
20201019071837,192.168.1.2/24,59
20201019071838,192.168.1.1/24,16
20201019071839,10.20.30.1/16,9
20201019071841,10.77.1.2/24,6
20201019071842,192.168.1.1/24,-
20201019071843,10.77.1.2/24,50
20201019071845,10.20.30.2/16,-
20201019071846,192.168.1.2/24,5
20201019071847,10.20.30.2/16,-
20201019071848,10.20.30.2/16,-
20201019071849,10.20.30.1/16,9
20201019071850,192.168.1.2/24,-
20201019071851,10.20.30.1/16,5
20201019071852,192.168.1.2/24,-
20201019071854,10.77.1.1/24,-
20201019071855,10.20.30.1/16,-
20201019071856,10.20.30.1/16,-
20201019071857,10.77.1.2/24,43
20201019071859,10.20.30.2/16,5
20201019071901,192.168.1.1/24,9
20201019071902,10.20.30.2/16,32
20201019071903,10.77.1.1/24,46
20201019071904,10.77.1.1/24,3
20201019071906,192.168.1.1/24,9
20201019071908,10.77.1.1/24,-
20201019071910,10.77.1.2/24,-
20201019071912,192.168.1.1/24,47
20201019071913,192.168.1.2/24,85
20201019071914,10.20.30.1/16,-
20201019071915,10.20.30.2/16,-
20201019071916,192.168.1.1/24,4
20201019071917,192.168.1.2/24,4
20201019071918,10.20.30.1/16,5
20201019071919,192.168.1.2/24,-
20201019071920,10.77.1.2/24,7
20201019071921,10.20.30.1/16,55
20201019071922,10.77.1.2/24,2
20201019071923,10.77.1.2/24,6
20201019071924,10.20.30.2/16,5
20201019071925,10.77.1.2/24,3
20201019071926,10.77.1.1/24,9
20201019071928,192.168.1.1/24,-
20201019071930,192.168.1.2/24,6
20201019071931,10.20.30.1/16,1
20201019071932,10.20.30.1/16,4
20201019071934,192.168.1.1/24,7
20201019071935,10.20.30.2/16,9
20201019071936,10.20.30.2/16,8
20201019071937,192.168.1.1/24,3
20201019071938,10.20.30.1/16,-
20201019071939,10.20.30.2/16,30
20201019071940,10.20.30.1/16,14
20201019071941,192.168.1.1/24,5
20201019071943,10.20.30.1/16,6
20201019071944,10.77.1.2/24,73
20201019071945,192.168.1.2/24,9
20201019071946,10.20.30.2/16,-
20201019071947,10.20.30.2/16,7
20201019071948,192.168.1.2/24,1
20201019071950,10.77.1.1/24,2
20201019071951,192.168.1.1/24,-
20201019071952,10.20.30.1/16,89
20201019071953,10.20.30.2/16,7
20201019071954,192.168.1.2/24,1
20201019071955,10.20.30.2/16,3
20201019071957,10.20.30.2/16,1
20201019071958,192.168.1.2/24,4
20201019071959,10.77.1.1/24,32
20201019072001,10.77.1.1/24,10
20201019072002,10.77.1.1/24,3
20201019072004,10.20.30.1/16,2
20201019072006,192.168.1.1/24,6
20201019072008,10.77.1.2/24,4
20201019072010,10.77.1.2/24,55
20201019072012,10.20.30.2/16,6
20201019072013,10.20.30.2/16,7
20201019072015,10.20.30.2/16,3
20201019072016,192.168.1.2/24,-
20201019072017,192.168.1.2/24,19
20201019072018,10.77.1.1/24,6
20201019072019,10.20.30.1/16,-
20201019072020,192.168.1.2/24,-
20201019072021,10.20.30.1/16,9
20201019072022,192.168.1.1/24,6
20201019072023,10.77.1.1/24,6
20201019072024,10.20.30.1/16,70
20201019072026,192.168.1.1/24,3
20201019072027,10.20.30.2/16,4
20201019072028,10.20.30.2/16,2
20201019072029,10.20.30.1/16,78
20201019072030,10.20.30.1/16,10
20201019072032,192.168.1.1/24,8
20201019072033,10.20.30.2/16,7
20201019072035,192.168.1.2/24,2
20201019072036,192.168.1.2/24,6
20201019072037,10.20.30.1/16,25
20201019072038,10.77.1.1/24,7
20201019072039,192.168.1.1/24,8
20201019072040,192.168.1.1/24,5
20201019072041,10.77.1.2/24,2
20201019072042,192.168.1.1/24,6
20201019072043,10.20.30.2/16,30
20201019072044,10.20.30.1/16,97
20201019072046,10.77.1.2/24,5
20201019072047,10.20.30.2/16,2
20201019072048,192.168.1.2/24,10
20201019072049,192.168.1.1/24,6
20201019072051,10.77.1.2/24,67
20201019072052,10.20.30.2/16,3
20201019072053,192.168.1.1/24,3
20201019072054,10.77.1.2/24,-
20201019072055,192.168.1.1/24,7
20201019072057,192.168.1.1/24,6
20201019072058,10.77.1.1/24,-
20201019072059,10.20.30.2/16,-
20201019072101,192.168.1.2/24,-
20201019072102,10.20.30.1/16,-
20201019072103,10.77.1.2/24,11
20201019072104,10.77.1.1/24,-
20201019072106,10.20.30.2/16,7
20201019072107,10.77.1.2/24,-
20201019072109,192.168.1.2/24,2
20201019072110,10.20.30.1/16,3
20201019072111,192.168.1.2/24,3
20201019072113,192.168.1.2/24,30
20201019072114,10.77.1.1/24,6
20201019072115,10.20.30.1/16,-
20201019072117,10.77.1.2/24,-
20201019072118,192.168.1.1/24,-
20201019072119,192.168.1.1/24,4
20201019072120,192.168.1.2/24,-
20201019072122,10.20.30.2/16,-
20201019072123,10.77.1.1/24,25
20201019072124,192.168.1.2/24,4
20201019072125,10.77.1.2/24,-
20201019072126,192.168.1.1/24,-
20201019072127,192.168.1.1/24,4
20201019072128,192.168.1.2/24,-
20201019072129,10.77.1.1/24,-
20201019072130,10.20.30.2/16,10
20201019072131,10.20.30.2/16,-
20201019072132,192.168.1.2/24,6
20201019072133,10.20.30.1/16,18
20201019072134,192.168.1.1/24,-
20201019072136,10.77.1.1/24,57
20201019072137,192.168.1.2/24,4
20201019072138,192.168.1.1/24,6
20201019072139,10.20.30.2/16,3
20201019072140,192.168.1.1/24,3
20201019072141,192.168.1.2/24,5
20201019072142,192.168.1.1/24,-
20201019072143,10.77.1.2/24,-
20201019072144,192.168.1.1/24,2
20201019072145,192.168.1.1/24,34
20201019072146,10.77.1.1/24,-
20201019072147,10.20.30.1/16,-
20201019072148,10.77.1.2/24,-
20201019072149,10.20.30.2/16,57
20201019072151,192.168.1.2/24,7
20201019072152,192.168.1.1/24,-
20201019072153,192.168.1.2/24,24
20201019072154,10.77.1.1/24,6
20201019072155,10.77.1.1/24,2
20201019072157,192.168.1.2/24,4
20201019072158,10.20.30.1/16,98
20201019072200,10.77.1.2/24,2
20201019072201,10.20.30.2/16,1
20201019072202,10.77.1.2/24,-
20201019072203,192.168.1.2/24,13
20201019072204,10.77.1.1/24,-
20201019072205,10.77.1.2/24,-
20201019072206,192.168.1.1/24,3
20201019072207,10.77.1.2/24,10
20201019072208,10.77.1.1/24,1
20201019072209,192.168.1.1/24,1
20201019072210,10.20.30.2/16,-
20201019072211,10.77.1.2/24,-
20201019072212,192.168.1.1/24,-
20201019072214,10.20.30.1/16,30
20201019072216,10.77.1.2/24,41
20201019072217,192.168.1.1/24,9
20201019072219,192.168.1.1/24,1
20201019072220,10.77.1.2/24,7
20201019072221,192.168.1.1/24,8
20201019072223,192.168.1.1/24,85
20201019072224,10.77.1.2/24,-
20201019072225,192.168.1.1/24,6
20201019072227,10.77.1.2/24,7
20201019072228,10.77.1.1/24,6
20201019072230,10.20.30.2/16,3
20201019072231,192.168.1.1/24,2
20201019072233,10.20.30.1/16,9
20201019072234,192.168.1.1/24,3
20201019072235,10.77.1.2/24,16
20201019072236,10.20.30.2/16,9
20201019072238,10.20.30.1/16,-
20201019072239,10.20.30.2/16,2
20201019072240,192.168.1.2/24,5
20201019072241,10.20.30.1/16,5
20201019072242,10.20.30.1/16,2
20201019072243,10.77.1.2/24,-
20201019072244,10.77.1.2/24,20
20201019072245,10.77.1.1/24,1
20201019072246,192.168.1.1/24,85
20201019072247,10.20.30.1/16,9
20201019072248,192.168.1.1/24,6
20201019072249,10.20.30.2/16,12
20201019072251,10.77.1.2/24,3
20201019072252,192.168.1.2/24,6
20201019072253,10.77.1.2/24,1
20201019072254,192.168.1.1/24,52
20201019072255,192.168.1.2/24,-
20201019072256,10.77.1.1/24,7
20201019072258,10.20.30.1/16,2
20201019072259,10.20.30.2/16,8
20201019072300,192.168.1.2/24,-
20201019072301,192.168.1.2/24,9
20201019072303,10.20.30.1/16,-
20201019072305,10.77.1.2/24,3
20201019072307,10.20.30.2/16,7
20201019072308,10.77.1.2/24,7
20201019072309,10.77.1.2/24,5
20201019072310,192.168.1.1/24,9
20201019072311,10.20.30.2/16,6
20201019072312,10.20.30.2/16,-
20201019072313,10.20.30.1/16,-
20201019072315,10.77.1.1/24,19
20201019072316,192.168.1.2/24,20
20201019072317,192.168.1.1/24,5
20201019072319,192.168.1.1/24,15
20201019072320,192.168.1.2/24,-
20201019072322,10.20.30.1/16,4
20201019072323,192.168.1.1/24,-
20201019072324,10.77.1.2/24,5
20201019072325,192.168.1.2/24,6
20201019072326,192.168.1.1/24,-
20201019072327,192.168.1.1/24,7
20201019072328,10.77.1.2/24,-
20201019072329,10.77.1.2/24,-
20201019072331,192.168.1.1/24,87
20201019072332,10.77.1.2/24,-
20201019072333,10.77.1.1/24,20
20201019072335,192.168.1.1/24,1
20201019072336,10.77.1.1/24,36
20201019072337,10.20.30.1/16,78
20201019072339,192.168.1.2/24,17
20201019072340,10.77.1.1/24,9
20201019072341,10.20.30.2/16,-
20201019072342,10.20.30.1/16,3
20201019072343,10.20.30.1/16,4
20201019072345,10.77.1.2/24,6
20201019072346,10.77.1.1/24,5
20201019072348,10.77.1.1/24,22
20201019072349,192.168.1.1/24,4
20201019072350,192.168.1.2/24,3
20201019072351,10.20.30.2/16,5
20201019072352,10.77.1.1/24,1
20201019072353,192.168.1.1/24,4
20201019072355,10.77.1.1/24,-
20201019072357,10.20.30.2/16,69
20201019072358,10.20.30.1/16,-
20201019072359,192.168.1.2/24,1
20201019072400,192.168.1.2/24,6
20201019072401,192.168.1.2/24,-
20201019072402,192.168.1.1/24,69
20201019072403,192.168.1.1/24,1
20201019072405,10.20.30.1/16,1
20201019072407,10.20.30.1/16,32
20201019072408,192.168.1.2/24,4
20201019072409,10.20.30.2/16,91
20201019072410,10.20.30.2/16,-
20201019072411,10.20.30.1/16,49
20201019072412,10.77.1.2/24,11
20201019072413,10.20.30.1/16,-
20201019072414,10.20.30.1/16,7
20201019072415,10.20.30.2/16,7
20201019072416,10.20.30.1/16,-
20201019072417,192.168.1.2/24,12
20201019072418,10.20.30.2/16,5
20201019072419,10.20.30.2/16,-
20201019072420,10.20.30.1/16,4
20201019072421,192.168.1.1/24,36
20201019072422,10.77.1.1/24,74
20201019072423,192.168.1.1/24,1
20201019072424,10.20.30.1/16,22
20201019072425,10.77.1.1/24,3
20201019072427,10.77.1.1/24,1
20201019072428,10.20.30.2/16,11
20201019072429,10.20.30.1/16,41
20201019072430,10.77.1.2/24,34
20201019072431,10.20.30.2/16,-
20201019072432,10.20.30.1/16,2
20201019072433,10.77.1.1/24,9
20201019072434,10.20.30.2/16,10
20201019072435,10.20.30.1/16,6
20201019072436,10.20.30.2/16,6
20201019072437,192.168.1.2/24,84
20201019072438,192.168.1.1/24,-
20201019072439,192.168.1.1/24,53
20201019072440,192.168.1.2/24,47
20201019072441,192.168.1.2/24,-
20201019072443,192.168.1.1/24,-
20201019072444,192.168.1.1/24,4
20201019072445,192.168.1.1/24,6
20201019072446,10.77.1.2/24,-
20201019072447,192.168.1.2/24,-
20201019072448,10.20.30.1/16,40
20201019072449,192.168.1.1/24,4
20201019072451,192.168.1.1/24,7
20201019072453,192.168.1.1/24,12
20201019072454,10.20.30.2/16,3
20201019072455,192.168.1.2/24,9
20201019072456,10.77.1.2/24,4
20201019072457,10.77.1.2/24,-
20201019072458,10.20.30.1/16,9
20201019072459,10.77.1.2/24,4
20201019072500,10.20.30.2/16,5
20201019072502,10.20.30.2/16,9
20201019072503,10.77.1.1/24,-
20201019072505,192.168.1.2/24,5
20201019072507,10.77.1.2/24,8
20201019072509,10.20.30.2/16,58
20201019072511,192.168.1.1/24,8
20201019072512,192.168.1.2/24,6
20201019072513,10.20.30.1/16,28
20201019072514,10.20.30.1/16,2
20201019072516,10.20.30.1/16,9
20201019072517,192.168.1.1/24,7
20201019072518,10.20.30.2/16,23
20201019072520,10.20.30.1/16,2
20201019072521,10.77.1.1/24,-
20201019072523,192.168.1.1/24,4
20201019072525,10.77.1.2/24,37
20201019072526,192.168.1.2/24,8
20201019072527,10.20.30.1/16,7
20201019072528,10.77.1.2/24,2
20201019072530,10.77.1.1/24,2
20201019072531,10.20.30.1/16,-
20201019072532,10.20.30.1/16,1
20201019072534,192.168.1.2/24,9
20201019072536,192.168.1.1/24,6
20201019072538,192.168.1.1/24,8
20201019072539,10.77.1.2/24,11
20201019072540,10.77.1.1/24,-
20201019072541,10.77.1.2/24,-
20201019072542,10.20.30.1/16,4
20201019072543,10.77.1.2/24,3
20201019072544,192.168.1.1/24,3
20201019072545,10.20.30.1/16,-
20201019072547,10.77.1.2/24,66
20201019072548,192.168.1.1/24,8
20201019072549,10.77.1.2/24,-
20201019072550,10.77.1.1/24,-
20201019072551,10.20.30.2/16,8
20201019072552,192.168.1.1/24,97
20201019072553,10.20.30.2/16,52
20201019072554,10.77.1.2/24,9
20201019072555,10.20.30.2/16,-
20201019072556,10.20.30.2/16,5
20201019072557,192.168.1.2/24,-
20201019072558,10.20.30.2/16,30
20201019072559,10.20.30.2/16,99
20201019072600,10.20.30.2/16,78
20201019072602,10.20.30.1/16,6
20201019072603,10.77.1.1/24,12
20201019072604,192.168.1.1/24,70
20201019072605,192.168.1.1/24,33
20201019072606,10.77.1.2/24,-
20201019072608,192.168.1.1/24,48
20201019072610,10.77.1.1/24,4
20201019072611,10.20.30.1/16,8
20201019072612,10.20.30.1/16,-
20201019072613,192.168.1.1/24,6
20201019072614,192.168.1.1/24,7
20201019072615,192.168.1.1/24,66
20201019072617,192.168.1.1/24,98
20201019072618,10.20.30.1/16,1
20201019072619,10.77.1.1/24,7
20201019072621,10.20.30.1/16,64
20201019072623,192.168.1.2/24,8
20201019072624,10.77.1.1/24,6
20201019072625,10.77.1.2/24,19
20201019072626,192.168.1.2/24,5
20201019072628,10.20.30.1/16,-
20201019072630,10.20.30.1/16,-
20201019072631,10.20.30.1/16,2
20201019072632,10.20.30.2/16,-
20201019072633,192.168.1.1/24,8
20201019072634,192.168.1.1/24,8
20201019072635,192.168.1.1/24,-
20201019072636,10.20.30.2/16,7
20201019072637,192.168.1.2/24,-
20201019072639,10.77.1.2/24,3
20201019072640,192.168.1.2/24,7
20201019072642,192.168.1.2/24,2
20201019072643,10.77.1.1/24,46
20201019072645,10.20.30.2/16,3
20201019072646,192.168.1.1/24,-
20201019072648,192.168.1.2/24,4
20201019072649,10.20.30.1/16,2
20201019072651,10.20.30.2/16,24
20201019072652,10.20.30.1/16,5
20201019072653,192.168.1.2/24,-
20201019072654,10.20.30.2/16,5
20201019072656,10.77.1.1/24,82
20201019072657,10.77.1.1/24,33
20201019072658,10.77.1.2/24,4
20201019072659,10.20.30.2/16,28
20201019072700,192.168.1.1/24,3
20201019072702,10.20.30.1/16,1
20201019072703,10.77.1.2/24,2
20201019072704,10.20.30.2/16,2
20201019072705,10.77.1.1/24,6
20201019072706,192.168.1.1/24,-
20201019072708,10.20.30.2/16,18
20201019072710,192.168.1.1/24,9
20201019072711,10.20.30.1/16,3
20201019072712,192.168.1.2/24,-
20201019072713,192.168.1.2/24,-
20201019072714,10.20.30.2/16,5
20201019072715,10.77.1.1/24,6
20201019072717,10.20.30.1/16,8
20201019072718,10.20.30.1/16,19
20201019072719,192.168.1.2/24,-
20201019072720,192.168.1.2/24,-
20201019072721,10.20.30.1/16,7
20201019072722,10.20.30.2/16,-
20201019072723,10.77.1.1/24,19
20201019072724,10.20.30.2/16,6
20201019072725,10.20.30.2/16,1
20201019072727,10.77.1.1/24,9
20201019072728,192.168.1.2/24,46
20201019072729,192.168.1.2/24,6
20201019072730,10.20.30.2/16,9
20201019072731,10.20.30.2/16,-
20201019072732,10.20.30.2/16,9
20201019072733,10.77.1.2/24,6
20201019072734,10.20.30.1/16,6
20201019072735,10.77.1.2/24,-
20201019072736,10.20.30.2/16,2
20201019072737,10.20.30.1/16,5
20201019072738,192.168.1.2/24,16
20201019072739,192.168.1.1/24,37
20201019072741,10.77.1.2/24,8
20201019072742,10.77.1.1/24,13
20201019072743,192.168.1.1/24,2
20201019072745,10.77.1.1/24,1
20201019072746,192.168.1.2/24,92
20201019072747,10.77.1.1/24,9
20201019072748,10.20.30.1/16,6
20201019072750,10.77.1.2/24,7
20201019072751,10.20.30.1/16,6
20201019072752,10.20.30.2/16,2
20201019072753,10.77.1.2/24,4
20201019072754,192.168.1.1/24,1
20201019072756,10.77.1.1/24,43
20201019072757,192.168.1.2/24,10
20201019072758,192.168.1.2/24,-
20201019072759,10.77.1.2/24,9
20201019072801,192.168.1.1/24,-
20201019072802,192.168.1.1/24,6
20201019072803,10.77.1.1/24,79
20201019072804,10.77.1.2/24,98
20201019072806,192.168.1.1/24,-
20201019072807,10.20.30.1/16,-
20201019072808,10.20.30.2/16,4
20201019072810,10.20.30.2/16,6
20201019072811,10.77.1.1/24,1
20201019072813,192.168.1.1/24,-
20201019072814,192.168.1.1/24,-
20201019072815,192.168.1.2/24,-
20201019072816,10.77.1.1/24,17
20201019072817,10.77.1.1/24,30
20201019072819,10.20.30.2/16,11
20201019072821,10.20.30.2/16,-
20201019072822,10.77.1.1/24,53
20201019072823,192.168.1.2/24,-
20201019072824,10.20.30.1/16,39
20201019072825,10.77.1.1/24,68
20201019072826,10.77.1.1/24,6
20201019072828,10.77.1.2/24,6
20201019072830,192.168.1.1/24,1
20201019072832,10.20.30.2/16,4
20201019072833,192.168.1.2/24,7
20201019072834,10.77.1.1/24,11
20201019072836,192.168.1.1/24,7
20201019072837,192.168.1.2/24,34
20201019072838,10.77.1.2/24,87
20201019072839,10.77.1.2/24,77
20201019072840,10.20.30.2/16,3
20201019072841,10.20.30.2/16,7
20201019072842,192.168.1.1/24,28
20201019072843,192.168.1.1/24,3
20201019072845,10.77.1.2/24,3
20201019072846,10.77.1.1/24,-
20201019072848,10.77.1.1/24,15
20201019072849,10.77.1.2/24,90
20201019072851,10.77.1.1/24,4
20201019072853,10.77.1.1/24,6
20201019072854,10.77.1.1/24,9
20201019072855,192.168.1.2/24,9
20201019072856,192.168.1.2/24,26
20201019072857,10.77.1.1/24,73
20201019072858,10.77.1.1/24,6
20201019072859,10.77.1.1/24,-
20201019072900,192.168.1.1/24,9
20201019072901,10.20.30.1/16,28
20201019072902,192.168.1.2/24,42
20201019072903,10.20.30.1/16,1
20201019072904,10.20.30.1/16,-
20201019072906,10.20.30.1/16,88
20201019072907,10.77.1.2/24,8
20201019072908,10.20.30.2/16,-
20201019072909,10.77.1.1/24,91
20201019072910,192.168.1.1/24,8
20201019072911,10.77.1.2/24,67
20201019072912,10.20.30.1/16,7
20201019072913,192.168.1.1/24,18
20201019072915,10.77.1.1/24,6
20201019072917,10.20.30.2/16,63
20201019072918,10.77.1.1/24,4
20201019072919,192.168.1.1/24,45
20201019072920,10.20.30.1/16,6
20201019072922,10.20.30.2/16,1
20201019072923,192.168.1.1/24,6
20201019072924,10.77.1.2/24,58
20201019072925,192.168.1.2/24,2
20201019072927,10.20.30.2/16,3
20201019072928,192.168.1.1/24,5
20201019072929,10.20.30.1/16,1
20201019072930,10.77.1.1/24,2
20201019072931,192.168.1.2/24,-
20201019072933,192.168.1.1/24,5
20201019072934,192.168.1.2/24,-
20201019072935,192.168.1.2/24,-
20201019072936,10.77.1.1/24,4
20201019072937,192.168.1.1/24,7
20201019072938,192.168.1.2/24,17
20201019072940,10.20.30.1/16,7
20201019072941,10.20.30.1/16,17
20201019072942,10.20.30.1/16,11
20201019072943,192.168.1.2/24,4
20201019072944,192.168.1.1/24,7
20201019072945,10.77.1.1/24,7
20201019072946,10.77.1.1/24,-
20201019072947,192.168.1.1/24,2
20201019072948,10.77.1.1/24,64
20201019072949,192.168.1.1/24,6
20201019072950,10.77.1.1/24,7
20201019072951,10.77.1.2/24,7
20201019072952,10.77.1.2/24,9
20201019072953,10.20.30.1/16,6
20201019072954,10.77.1.1/24,9
20201019072955,192.168.1.2/24,8
20201019072956,192.168.1.2/24,3
20201019072957,10.77.1.2/24,1
20201019072958,192.168.1.1/24,16
20201019072959,10.77.1.1/24,34
20201019073000,192.168.1.2/24,29
20201019073001,10.77.1.2/24,3
20201019073002,10.20.30.1/16,1
20201019073003,10.77.1.1/24,2
20201019073004,10.77.1.2/24,-
20201019073005,10.77.1.1/24,9
20201019073006,10.20.30.2/16,-
20201019073007,10.20.30.1/16,-
20201019073008,10.20.30.1/16,6
20201019073010,192.168.1.2/24,72
20201019073011,10.20.30.2/16,2
20201019073012,192.168.1.2/24,5
20201019073013,10.77.1.2/24,-
20201019073014,10.77.1.2/24,1
20201019073015,192.168.1.2/24,13
20201019073017,10.77.1.2/24,9
20201019073019,10.20.30.1/16,9
20201019073020,192.168.1.2/24,24
20201019073021,10.77.1.2/24,5
20201019073023,10.77.1.2/24,3
20201019073024,10.77.1.1/24,-
20201019073025,192.168.1.2/24,5
20201019073026,10.20.30.2/16,18
20201019073027,192.168.1.2/24,24
20201019073028,10.77.1.2/24,4
20201019073029,192.168.1.1/24,5
20201019073030,192.168.1.1/24,8
20201019073031,10.20.30.1/16,8
20201019073032,10.77.1.1/24,9
20201019073033,10.77.1.1/24,6
20201019073034,10.77.1.2/24,3
20201019073035,192.168.1.2/24,10
20201019073036,192.168.1.2/24,2
20201019073037,10.77.1.1/24,21
20201019073039,192.168.1.1/24,-
20201019073040,10.77.1.2/24,9
20201019073041,192.168.1.1/24,1
20201019073042,10.20.30.2/16,1
20201019073044,10.77.1.1/24,6
20201019073046,10.77.1.1/24,8
20201019073047,10.77.1.2/24,-
20201019073049,192.168.1.1/24,7
20201019073051,192.168.1.2/24,-
20201019073052,10.77.1.2/24,7
20201019073053,10.20.30.2/16,-
20201019073055,192.168.1.1/24,13
20201019073057,192.168.1.1/24,5
20201019073058,192.168.1.2/24,7
20201019073059,10.20.30.1/16,50
20201019073100,192.168.1.1/24,9
20201019073101,192.168.1.2/24,-
20201019073103,10.20.30.2/16,4
20201019073104,192.168.1.1/24,32
20201019073106,192.168.1.2/24,5
20201019073107,10.77.1.1/24,76
20201019073108,192.168.1.2/24,23
20201019073109,10.20.30.2/16,9
20201019073110,10.77.1.1/24,6
20201019073111,10.77.1.2/24,-
20201019073112,10.20.30.2/16,5
20201019073113,10.20.30.1/16,5
20201019073115,10.77.1.2/24,4
20201019073117,192.168.1.2/24,6
20201019073118,192.168.1.1/24,5
20201019073119,192.168.1.2/24,6
20201019073120,10.20.30.1/16,17
20201019073121,192.168.1.2/24,7
20201019073123,10.20.30.2/16,-
20201019073124,192.168.1.2/24,88
20201019073125,10.20.30.2/16,5
20201019073127,192.168.1.2/24,3
20201019073128,10.20.30.1/16,20
20201019073129,10.77.1.1/24,81
20201019073130,10.20.30.1/16,-
20201019073131,10.77.1.2/24,28
20201019073132,10.20.30.1/16,1
20201019073133,192.168.1.2/24,6
20201019073134,10.20.30.2/16,7
20201019073136,192.168.1.1/24,1
20201019073137,192.168.1.2/24,4
20201019073139,10.77.1.2/24,-
20201019073140,10.20.30.1/16,6
20201019073141,10.20.30.2/16,5
20201019073142,192.168.1.2/24,82
20201019073143,10.20.30.1/16,61
20201019073144,10.77.1.2/24,2
20201019073145,192.168.1.1/24,8
20201019073146,10.77.1.1/24,50
20201019073148,10.77.1.2/24,67
20201019073149,192.168.1.2/24,17
20201019073150,10.77.1.1/24,4
20201019073151,10.20.30.2/16,42
20201019073152,192.168.1.2/24,-
20201019073154,10.77.1.2/24,-
20201019073155,192.168.1.1/24,-
20201019073156,192.168.1.2/24,-
20201019073158,192.168.1.1/24,9
20201019073159,10.20.30.2/16,5
20201019073200,192.168.1.2/24,10
20201019073201,10.20.30.2/16,12
20201019073202,10.77.1.1/24,-
20201019073203,10.77.1.2/24,-
20201019073204,192.168.1.1/24,-
20201019073205,192.168.1.1/24,17
20201019073206,192.168.1.2/24,-
20201019073208,10.77.1.1/24,6
20201019073209,10.77.1.1/24,57
20201019073210,10.20.30.1/16,-
20201019073211,192.168.1.2/24,8
20201019073212,10.77.1.2/24,3
20201019073213,10.77.1.1/24,1
20201019073214,10.77.1.2/24,-
20201019073215,10.20.30.2/16,-
20201019073216,10.77.1.2/24,70
20201019073217,192.168.1.1/24,-
20201019073218,192.168.1.2/24,8
20201019073219,10.77.1.2/24,3
20201019073220,192.168.1.2/24,6
20201019073221,192.168.1.1/24,-
20201019073222,10.20.30.2/16,3
20201019073223,192.168.1.1/24,97
20201019073224,10.77.1.1/24,34
20201019073225,10.77.1.1/24,7
20201019073226,10.20.30.1/16,7
20201019073228,192.168.1.1/24,12
20201019073229,192.168.1.1/24,5
20201019073230,10.20.30.2/16,75
20201019073231,10.20.30.2/16,3
20201019073232,192.168.1.2/24,9
20201019073234,192.168.1.1/24,6
20201019073235,10.77.1.2/24,2
20201019073236,10.20.30.1/16,21
20201019073238,192.168.1.1/24,5
20201019073239,192.168.1.2/24,12
20201019073240,10.20.30.1/16,5
20201019073241,10.77.1.2/24,2
20201019073242,10.77.1.1/24,-
20201019073243,10.20.30.2/16,-
20201019073244,10.77.1.1/24,7
20201019073245,10.77.1.2/24,4
20201019073246,192.168.1.1/24,66
20201019073247,10.77.1.1/24,5
20201019073248,10.20.30.1/16,6
20201019073249,10.20.30.2/16,7
20201019073250,10.77.1.2/24,58
20201019073251,10.20.30.2/16,-
20201019073253,10.77.1.2/24,31
20201019073254,10.20.30.1/16,-
20201019073255,10.20.30.2/16,23
20201019073256,192.168.1.2/24,4
20201019073257,10.77.1.1/24,42
20201019073258,10.77.1.2/24,71
20201019073259,10.77.1.1/24,4
20201019073300,10.20.30.2/16,73
20201019073301,10.20.30.1/16,-
20201019073302,10.77.1.2/24,33
20201019073303,192.168.1.2/24,-
20201019073304,192.168.1.2/24,3
20201019073306,10.77.1.2/24,7
20201019073307,10.20.30.2/16,2
20201019073308,10.77.1.2/24,2
20201019073309,10.77.1.2/24,-
20201019073310,10.77.1.2/24,1
20201019073311,10.20.30.1/16,4
20201019073313,10.20.30.1/16,2
20201019073315,10.20.30.2/16,-
20201019073316,10.20.30.1/16,4
20201019073317,192.168.1.2/24,64
20201019073319,10.77.1.1/24,6
20201019073321,10.77.1.1/24,9
20201019073323,192.168.1.1/24,30
20201019073325,192.168.1.1/24,7
20201019073326,10.77.1.1/24,5
20201019073328,10.20.30.1/16,-
20201019073329,192.168.1.2/24,68
20201019073330,192.168.1.1/24,9
20201019073332,10.20.30.1/16,2
20201019073333,10.20.30.1/16,28
20201019073334,10.20.30.1/16,-
20201019073336,192.168.1.2/24,5
20201019073337,10.20.30.2/16,-
20201019073339,10.77.1.1/24,-
20201019073340,192.168.1.2/24,4
20201019073342,192.168.1.2/24,-
20201019073343,10.77.1.2/24,3
20201019073344,192.168.1.1/24,-
20201019073346,10.77.1.1/24,8
20201019073347,10.20.30.1/16,79
20201019073348,10.20.30.1/16,3
20201019073349,10.20.30.2/16,-
20201019073350,192.168.1.1/24,5
20201019073351,10.20.30.2/16,21
20201019073352,10.20.30.1/16,1
20201019073353,10.20.30.1/16,-
20201019073354,192.168.1.1/24,5
20201019073355,192.168.1.1/24,98
20201019073356,10.77.1.1/24,-
20201019073357,192.168.1.2/24,-
20201019073358,192.168.1.1/24,71
20201019073359,10.77.1.2/24,3
20201019073400,192.168.1.2/24,6
20201019073401,10.20.30.1/16,6
20201019073402,10.77.1.2/24,5
20201019073403,192.168.1.2/24,40
20201019073404,10.77.1.1/24,2
20201019073405,192.168.1.2/24,5
20201019073406,10.77.1.2/24,1
20201019073407,192.168.1.2/24,1
20201019073408,192.168.1.1/24,5
20201019073409,192.168.1.1/24,17
20201019073410,10.20.30.1/16,8
20201019073411,10.77.1.2/24,8
20201019073413,10.77.1.1/24,4
20201019073414,10.77.1.2/24,4
20201019073415,10.20.30.2/16,3
20201019073416,10.77.1.1/24,-
20201019073417,10.77.1.2/24,1
20201019073419,10.20.30.2/16,1
20201019073420,10.20.30.2/16,-
20201019073421,192.168.1.2/24,6
20201019073422,192.168.1.1/24,-
20201019073423,10.77.1.1/24,5
20201019073425,192.168.1.1/24,-
20201019073426,10.77.1.1/24,7
20201019073428,10.77.1.2/24,2
20201019073429,10.20.30.2/16,9
20201019073430,192.168.1.1/24,1
20201019073431,10.20.30.1/16,6
20201019073432,10.77.1.1/24,69
20201019073433,10.77.1.2/24,99
20201019073435,192.168.1.2/24,25
20201019073437,10.77.1.1/24,1
20201019073438,192.168.1.1/24,31
20201019073439,10.77.1.1/24,47
20201019073440,10.20.30.1/16,-
20201019073442,192.168.1.1/24,3
20201019073443,10.77.1.1/24,46
20201019073444,10.77.1.2/24,2
20201019073445,10.77.1.2/24,6
20201019073447,10.20.30.1/16,4
20201019073448,192.168.1.1/24,9
20201019073450,10.20.30.1/16,4
20201019073451,10.77.1.1/24,-
20201019073453,192.168.1.2/24,-
20201019073455,10.20.30.1/16,-
20201019073456,10.20.30.1/16,-
20201019073458,192.168.1.1/24,4
20201019073459,10.20.30.1/16,14
20201019073500,192.168.1.1/24,2
20201019073501,10.20.30.1/16,-
20201019073502,10.20.30.1/16,-
20201019073504,10.20.30.2/16,13
20201019073506,10.20.30.2/16,8
20201019073507,10.77.1.1/24,7
20201019073508,10.77.1.2/24,14
20201019073509,10.77.1.1/24,-
20201019073511,192.168.1.1/24,62
20201019073512,10.77.1.1/24,4
20201019073513,10.77.1.2/24,-
20201019073514,10.77.1.2/24,-
20201019073516,10.77.1.1/24,1
20201019073517,10.77.1.1/24,1
20201019073519,10.20.30.1/16,5
20201019073521,10.77.1.2/24,-
20201019073522,10.77.1.2/24,-
20201019073523,10.20.30.1/16,9
20201019073525,10.77.1.1/24,9
20201019073526,10.77.1.1/24,-
20201019073527,10.20.30.2/16,14
20201019073528,10.77.1.1/24,95
20201019073529,10.20.30.1/16,3
20201019073530,192.168.1.1/24,88
20201019073531,10.20.30.1/16,6
20201019073532,192.168.1.2/24,4
20201019073533,192.168.1.1/24,5
20201019073534,192.168.1.2/24,-
20201019073535,10.20.30.2/16,3
20201019073536,10.20.30.1/16,7
20201019073537,192.168.1.2/24,65
20201019073538,192.168.1.2/24,37
20201019073539,192.168.1.1/24,8
20201019073541,10.20.30.1/16,8
20201019073542,10.20.30.2/16,-
20201019073543,10.20.30.1/16,16
20201019073544,10.20.30.2/16,45
20201019073545,10.77.1.1/24,99
20201019073546,192.168.1.1/24,6
20201019073548,192.168.1.1/24,-
20201019073549,192.168.1.1/24,-
20201019073550,192.168.1.2/24,6
20201019073551,10.20.30.2/16,9
20201019073552,10.77.1.2/24,6
20201019073554,10.77.1.2/24,7
20201019073555,192.168.1.2/24,3
20201019073556,10.20.30.1/16,1
20201019073558,10.77.1.2/24,1
20201019073559,10.77.1.2/24,4
20201019073600,192.168.1.1/24,2
20201019073601,192.168.1.1/24,2
20201019073602,192.168.1.1/24,2
20201019073603,10.20.30.1/16,3
20201019073604,192.168.1.1/24,2
20201019073605,10.77.1.1/24,7
20201019073607,10.77.1.2/24,-
20201019073608,192.168.1.2/24,-
20201019073610,10.20.30.2/16,7
20201019073611,192.168.1.1/24,7
20201019073613,10.77.1.1/24,4
20201019073614,192.168.1.1/24,-
20201019073615,192.168.1.1/24,9
20201019073616,10.77.1.2/24,54
20201019073618,10.77.1.2/24,10
20201019073620,10.77.1.2/24,4
20201019073622,10.20.30.2/16,44
20201019073623,10.77.1.1/24,1
20201019073624,10.20.30.1/16,8
20201019073625,192.168.1.1/24,6
20201019073627,10.77.1.2/24,-
20201019073628,10.20.30.1/16,61
20201019073629,10.20.30.2/16,5
20201019073630,10.77.1.2/24,6
20201019073631,10.20.30.1/16,-
20201019073632,10.77.1.2/24,5
20201019073633,192.168.1.1/24,3
20201019073635,192.168.1.1/24,6
20201019073636,10.77.1.1/24,1
20201019073637,10.77.1.2/24,-
20201019073638,10.77.1.1/24,65
20201019073640,10.20.30.1/16,13
20201019073641,10.77.1.1/24,7
20201019073643,10.20.30.1/16,4
20201019073644,10.20.30.2/16,6
20201019073646,10.20.30.2/16,6
20201019073647,10.20.30.2/16,98
20201019073648,192.168.1.2/24,-
20201019073649,10.20.30.1/16,4
20201019073650,10.77.1.2/24,85
20201019073651,10.77.1.1/24,16
20201019073652,10.77.1.2/24,1
20201019073653,10.77.1.1/24,5
20201019073654,192.168.1.2/24,5
20201019073655,192.168.1.1/24,7
20201019073656,10.77.1.2/24,37
20201019073657,10.77.1.2/24,-
20201019073658,10.20.30.2/16,10
20201019073659,10.20.30.1/16,1
20201019073700,10.20.30.2/16,50
20201019073701,192.168.1.2/24,7
20201019073703,10.77.1.1/24,1
20201019073704,10.20.30.2/16,7
20201019073705,10.20.30.2/16,-
20201019073706,10.77.1.2/24,69
20201019073707,10.20.30.2/16,-
20201019073708,10.77.1.2/24,5
20201019073709,10.20.30.1/16,3
20201019073711,10.20.30.2/16,3
20201019073712,10.77.1.2/24,9
20201019073713,10.20.30.1/16,4
20201019073715,10.20.30.1/16,6
20201019073717,10.20.30.1/16,8
20201019073718,10.20.30.1/16,38
20201019073719,192.168.1.1/24,50
20201019073720,192.168.1.2/24,8
20201019073722,10.77.1.1/24,6
20201019073723,192.168.1.1/24,2
20201019073724,10.20.30.1/16,50
20201019073726,10.20.30.1/16,5
20201019073727,10.20.30.1/16,-
20201019073728,192.168.1.2/24,-
20201019073729,192.168.1.1/24,-
20201019073730,10.77.1.1/24,7
20201019073731,192.168.1.2/24,51
20201019073732,192.168.1.2/24,-
20201019073733,192.168.1.2/24,2
20201019073734,192.168.1.1/24,4
20201019073735,10.20.30.2/16,7
20201019073736,10.20.30.1/16,9
20201019073737,10.20.30.2/16,7
20201019073739,10.77.1.1/24,7
20201019073740,192.168.1.1/24,23
20201019073741,10.20.30.1/16,-
20201019073742,192.168.1.2/24,-
20201019073743,10.20.30.1/16,-
20201019073744,192.168.1.2/24,-
20201019073746,10.20.30.1/16,24
20201019073747,10.20.30.2/16,5
20201019073748,192.168.1.2/24,15
20201019073749,10.77.1.2/24,4
20201019073751,10.20.30.1/16,-
20201019073752,10.20.30.2/16,-
20201019073753,192.168.1.2/24,8
20201019073754,10.20.30.2/16,9
20201019073756,10.20.30.1/16,91
20201019073757,10.77.1.2/24,8
20201019073758,192.168.1.2/24,-
20201019073800,192.168.1.1/24,7
20201019073801,10.77.1.1/24,5
20201019073802,10.20.30.2/16,-
20201019073804,10.77.1.1/24,2
20201019073806,10.20.30.2/16,-
20201019073807,192.168.1.2/24,-
20201019073808,10.20.30.1/16,15
20201019073809,10.20.30.2/16,19
20201019073810,192.168.1.1/24,5
20201019073811,192.168.1.1/24,7
20201019073813,192.168.1.1/24,4
20201019073814,192.168.1.1/24,7
20201019073815,10.77.1.2/24,54
20201019073817,10.20.30.2/16,6
20201019073819,192.168.1.2/24,-
20201019073820,10.20.30.2/16,25
20201019073822,192.168.1.1/24,-
20201019073823,10.20.30.1/16,3
20201019073824,10.20.30.1/16,4
20201019073826,10.20.30.1/16,69
20201019073827,192.168.1.1/24,6
20201019073828,192.168.1.2/24,-
20201019073830,10.77.1.1/24,3
20201019073831,10.20.30.1/16,2
20201019073832,10.77.1.2/24,70
20201019073833,10.77.1.1/24,6
20201019073834,10.77.1.2/24,4
20201019073835,10.20.30.1/16,3
20201019073836,192.168.1.2/24,46
20201019073837,10.20.30.2/16,-
20201019073838,192.168.1.1/24,2
20201019073839,10.20.30.2/16,-
20201019073840,10.77.1.1/24,17
20201019073841,10.20.30.2/16,7
20201019073842,10.20.30.1/16,-
20201019073843,10.20.30.2/16,3
20201019073845,10.77.1.1/24,2
20201019073846,192.168.1.2/24,6
20201019073847,10.20.30.1/16,9
20201019073848,192.168.1.1/24,33
20201019073849,10.77.1.2/24,12
20201019073850,10.20.30.1/16,-
20201019073851,192.168.1.2/24,1
20201019073852,10.20.30.1/16,4
20201019073853,10.77.1.1/24,74
20201019073854,10.77.1.1/24,6
20201019073855,10.20.30.2/16,6
20201019073856,192.168.1.1/24,12
20201019073857,10.20.30.2/16,-
20201019073858,192.168.1.1/24,5
20201019073859,192.168.1.2/24,3
20201019073900,192.168.1.2/24,11
20201019073902,10.77.1.1/24,2
20201019073903,192.168.1.1/24,14
20201019073904,10.20.30.2/16,7
20201019073905,192.168.1.1/24,83
20201019073907,192.168.1.2/24,7
20201019073909,192.168.1.1/24,5
20201019073910,10.77.1.1/24,8
20201019073911,10.77.1.1/24,3
20201019073912,192.168.1.1/24,8
20201019073913,10.77.1.1/24,-
20201019073914,192.168.1.1/24,6
20201019073915,10.20.30.1/16,2
20201019073916,192.168.1.2/24,-
20201019073918,192.168.1.2/24,5
20201019073919,192.168.1.1/24,10
20201019073921,192.168.1.1/24,5
20201019073922,192.168.1.2/24,4
20201019073923,10.20.30.1/16,1
20201019073924,192.168.1.2/24,-
20201019073926,10.77.1.2/24,54
20201019073927,10.77.1.1/24,-
20201019073928,192.168.1.2/24,8
20201019073929,192.168.1.2/24,5
20201019073931,192.168.1.2/24,87
20201019073933,192.168.1.1/24,21
20201019073935,10.20.30.1/16,6
20201019073936,10.20.30.2/16,12
20201019073937,10.20.30.2/16,9
20201019073938,10.77.1.1/24,9
20201019073939,10.77.1.1/24,4
20201019073940,10.20.30.2/16,21
20201019073941,192.168.1.1/24,-
20201019073942,10.20.30.1/16,8
20201019073943,10.20.30.2/16,7
20201019073944,10.77.1.2/24,-
20201019073945,192.168.1.1/24,2
20201019073946,10.20.30.1/16,7
20201019073947,10.77.1.2/24,6
20201019073948,10.20.30.1/16,-
20201019073949,10.77.1.1/24,1
20201019073951,10.20.30.1/16,2
20201019073952,192.168.1.2/24,1
20201019073954,192.168.1.1/24,8
20201019073956,192.168.1.2/24,5
20201019073957,10.20.30.1/16,-
20201019073959,10.77.1.1/24,2
20201019074001,10.20.30.2/16,-
20201019074002,10.77.1.1/24,-
20201019074003,192.168.1.2/24,-
20201019074005,192.168.1.1/24,6
20201019074006,10.20.30.2/16,-
20201019074007,10.77.1.2/24,-
20201019074008,10.77.1.1/24,-
20201019074010,192.168.1.2/24,-
20201019074011,10.20.30.1/16,-
20201019074012,10.77.1.1/24,14
20201019074013,10.77.1.1/24,3
20201019074014,10.77.1.2/24,-
20201019074015,10.20.30.2/16,5
20201019074017,10.77.1.2/24,9
20201019074018,10.20.30.1/16,3
20201019074019,10.20.30.1/16,-
20201019074020,192.168.1.1/24,47
20201019074021,10.20.30.1/16,8
20201019074022,10.77.1.2/24,8
20201019074024,192.168.1.2/24,-
20201019074025,192.168.1.1/24,1
20201019074026,10.77.1.2/24,-
20201019074027,192.168.1.2/24,6
20201019074028,10.20.30.1/16,-
20201019074030,10.77.1.1/24,4
20201019074031,10.77.1.1/24,9
20201019074032,10.77.1.2/24,12
20201019074033,10.77.1.2/24,4
20201019074034,10.77.1.1/24,9
20201019074035,10.77.1.1/24,-
20201019074036,192.168.1.1/24,6
20201019074038,10.77.1.1/24,8
20201019074039,10.77.1.2/24,4
20201019074041,10.20.30.2/16,-
20201019074043,192.168.1.1/24,8
20201019074045,10.77.1.2/24,3
20201019074046,192.168.1.1/24,1
20201019074048,10.77.1.1/24,8
20201019074049,192.168.1.2/24,25
20201019074050,10.77.1.2/24,3
20201019074052,10.20.30.1/16,-
20201019074053,10.77.1.2/24,5
20201019074054,10.20.30.2/16,3
20201019074055,10.20.30.1/16,8
20201019074056,10.77.1.2/24,5
20201019074058,192.168.1.1/24,-
20201019074100,10.77.1.2/24,9
20201019074101,10.20.30.1/16,44
20201019074102,10.20.30.1/16,1
20201019074103,10.20.30.2/16,96
20201019074104,10.77.1.1/24,-
20201019074105,10.20.30.1/16,9
20201019074107,192.168.1.1/24,6
20201019074109,192.168.1.1/24,7
20201019074110,192.168.1.2/24,6
20201019074111,192.168.1.2/24,-
20201019074113,10.77.1.1/24,6
20201019074114,10.20.30.2/16,8
20201019074115,10.20.30.1/16,-
20201019074116,10.77.1.2/24,1
20201019074118,10.77.1.1/24,6
20201019074119,192.168.1.2/24,4
20201019074121,192.168.1.1/24,22
20201019074122,10.77.1.1/24,-
20201019074123,192.168.1.1/24,78
20201019074125,192.168.1.2/24,1
20201019074126,10.20.30.2/16,-
20201019074128,10.77.1.2/24,2
20201019074129,10.77.1.1/24,4
20201019074130,192.168.1.1/24,9
20201019074131,10.77.1.2/24,23
20201019074132,10.20.30.1/16,-
20201019074133,192.168.1.2/24,7
20201019074134,192.168.1.2/24,8
20201019074135,192.168.1.1/24,-
20201019074136,192.168.1.2/24,45
20201019074137,10.20.30.2/16,47
20201019074138,192.168.1.1/24,4
20201019074139,10.77.1.1/24,-
20201019074140,10.20.30.1/16,10
20201019074142,10.20.30.1/16,12
20201019074143,10.77.1.1/24,6
20201019074144,10.20.30.1/16,1
20201019074145,10.20.30.2/16,5
20201019074146,192.168.1.1/24,1
20201019074147,10.77.1.1/24,2
20201019074148,10.20.30.1/16,2
20201019074149,10.77.1.2/24,-
20201019074150,10.20.30.1/16,86
20201019074151,10.77.1.2/24,6
20201019074152,10.77.1.1/24,-
20201019074153,192.168.1.1/24,6
20201019074154,192.168.1.1/24,-
20201019074156,10.20.30.2/16,56
20201019074157,10.77.1.1/24,9
20201019074159,192.168.1.1/24,4
20201019074200,10.20.30.1/16,-
20201019074201,192.168.1.1/24,4
20201019074202,10.20.30.2/16,26
20201019074203,192.168.1.1/24,1
20201019074205,10.77.1.1/24,12
20201019074207,192.168.1.2/24,77
20201019074208,192.168.1.2/24,-
20201019074209,10.20.30.1/16,12
20201019074210,10.20.30.2/16,9
20201019074211,192.168.1.1/24,11
20201019074212,10.20.30.2/16,20
20201019074213,192.168.1.2/24,9
20201019074214,192.168.1.1/24,1
20201019074215,10.77.1.1/24,5
20201019074217,10.77.1.1/24,-
20201019074218,10.20.30.1/16,-
20201019074219,10.20.30.2/16,54
20201019074220,192.168.1.2/24,-
20201019074222,192.168.1.2/24,2
20201019074223,10.77.1.2/24,-
20201019074224,10.20.30.2/16,8
20201019074225,192.168.1.2/24,7
20201019074226,10.20.30.2/16,-
20201019074227,10.77.1.1/24,7
20201019074228,10.77.1.1/24,-
20201019074229,10.20.30.1/16,7
20201019074230,10.77.1.1/24,8
20201019074231,192.168.1.1/24,7
20201019074232,10.77.1.1/24,5
20201019074234,192.168.1.1/24,5
20201019074235,10.20.30.1/16,73
20201019074236,10.77.1.2/24,2
20201019074237,10.20.30.1/16,1
20201019074238,10.20.30.2/16,-
20201019074239,10.77.1.1/24,8
20201019074241,192.168.1.2/24,11
20201019074242,10.20.30.1/16,3
20201019074243,10.20.30.2/16,8
20201019074244,192.168.1.2/24,19
20201019074245,192.168.1.1/24,2
20201019074246,10.77.1.2/24,66
20201019074247,10.77.1.1/24,4
20201019074249,10.77.1.1/24,7
20201019074250,192.168.1.1/24,7
20201019074251,192.168.1.1/24,3
20201019074252,192.168.1.1/24,9
20201019074253,10.77.1.2/24,-
20201019074254,192.168.1.1/24,-
20201019074256,10.20.30.2/16,5
20201019074258,192.168.1.2/24,6
20201019074259,192.168.1.1/24,5
20201019074300,10.77.1.1/24,-
20201019074301,10.20.30.2/16,5
20201019074302,10.77.1.1/24,9
20201019074303,10.20.30.2/16,3
20201019074304,10.20.30.1/16,3
20201019074305,192.168.1.1/24,-
20201019074306,192.168.1.1/24,7
20201019074307,10.77.1.1/24,66
20201019074308,192.168.1.1/24,-
20201019074309,10.20.30.2/16,-
20201019074310,192.168.1.1/24,14
20201019074311,192.168.1.1/24,-
20201019074312,192.168.1.2/24,23
20201019074313,10.20.30.1/16,9
20201019074314,10.77.1.1/24,9
20201019074315,10.77.1.2/24,-
20201019074316,192.168.1.2/24,9
20201019074317,10.20.30.1/16,6
20201019074318,192.168.1.1/24,-
20201019074319,10.77.1.1/24,4
20201019074321,10.77.1.2/24,8
20201019074322,10.77.1.1/24,23
20201019074323,192.168.1.2/24,7
20201019074324,10.77.1.1/24,69
20201019074325,192.168.1.2/24,3
20201019074327,10.77.1.2/24,-
20201019074328,192.168.1.2/24,5
20201019074330,10.20.30.2/16,1
20201019074331,10.77.1.1/24,9
20201019074332,10.20.30.2/16,6
20201019074333,10.77.1.2/24,9
20201019074334,192.168.1.2/24,23
20201019074336,192.168.1.1/24,98
20201019074337,10.77.1.1/24,7
20201019074338,192.168.1.2/24,-
20201019074339,10.77.1.2/24,-
20201019074340,10.20.30.2/16,37
20201019074341,10.20.30.1/16,-
20201019074342,10.77.1.1/24,48
20201019074343,192.168.1.1/24,8
20201019074344,10.20.30.1/16,7
20201019074346,10.77.1.1/24,2
20201019074348,10.77.1.1/24,-
20201019074349,10.20.30.2/16,6
20201019074350,10.77.1.2/24,-
20201019074352,10.77.1.1/24,6
20201019074353,10.77.1.1/24,2
20201019074354,10.20.30.1/16,1
20201019074355,10.20.30.2/16,6
20201019074356,10.20.30.2/16,-
20201019074358,10.77.1.1/24,8
20201019074359,10.77.1.1/24,-
20201019074400,192.168.1.1/24,7
20201019074402,192.168.1.1/24,20
20201019074404,10.20.30.1/16,1
20201019074406,10.77.1.2/24,25
20201019074407,10.77.1.2/24,6
20201019074408,10.20.30.1/16,-
20201019074409,10.20.30.2/16,-
20201019074410,10.20.30.1/16,-
20201019074411,10.77.1.1/24,9
20201019074413,192.168.1.2/24,27
20201019074414,192.168.1.1/24,-
20201019074415,10.20.30.2/16,-
20201019074416,10.77.1.1/24,4
20201019074417,192.168.1.1/24,4
20201019074418,10.20.30.2/16,6
20201019074420,10.77.1.1/24,9
20201019074421,192.168.1.2/24,99
20201019074422,10.77.1.1/24,8
20201019074423,192.168.1.2/24,59
20201019074424,10.20.30.1/16,1
20201019074425,192.168.1.2/24,98
20201019074426,192.168.1.1/24,-
20201019074427,10.20.30.2/16,5
20201019074428,10.77.1.2/24,-
20201019074429,10.20.30.2/16,4
20201019074430,192.168.1.2/24,-
20201019074431,10.20.30.1/16,7
20201019074433,10.77.1.2/24,22
20201019074435,10.20.30.2/16,-
20201019074436,10.77.1.2/24,-
20201019074437,192.168.1.2/24,23
20201019074438,192.168.1.2/24,6
20201019074439,192.168.1.2/24,6
20201019074440,10.77.1.2/24,25
20201019074442,10.20.30.1/16,6
20201019074443,10.77.1.1/24,-
20201019074444,192.168.1.2/24,-
20201019074445,192.168.1.2/24,-
20201019074446,192.168.1.2/24,4
20201019074447,10.20.30.2/16,-
20201019074449,192.168.1.2/24,7
20201019074450,10.20.30.1/16,2
20201019074451,10.77.1.2/24,6
20201019074452,10.77.1.2/24,94
20201019074453,10.20.30.1/16,-
20201019074454,10.77.1.1/24,74
20201019074455,10.20.30.2/16,16
20201019074457,192.168.1.1/24,5
20201019074458,10.20.30.1/16,2
20201019074459,10.77.1.2/24,47
20201019074500,192.168.1.2/24,5
20201019074502,192.168.1.1/24,8
20201019074503,10.20.30.1/16,2
20201019074504,10.77.1.2/24,3
20201019074505,10.20.30.2/16,1
20201019074506,10.20.30.2/16,14
20201019074507,10.77.1.2/24,10
20201019074508,10.20.30.1/16,-
20201019074509,192.168.1.1/24,6
20201019074510,10.77.1.1/24,8
20201019074511,192.168.1.1/24,-
20201019074512,10.77.1.1/24,22
20201019074513,192.168.1.1/24,53
20201019074514,192.168.1.2/24,1
20201019074515,10.77.1.2/24,4
20201019074517,10.20.30.2/16,3
20201019074518,10.20.30.1/16,2
20201019074519,10.77.1.1/24,-
20201019074520,192.168.1.1/24,6
20201019074521,192.168.1.2/24,-
20201019074523,10.77.1.1/24,-
20201019074524,192.168.1.2/24,5
20201019074525,10.20.30.2/16,-
20201019074527,10.20.30.2/16,4
20201019074529,10.20.30.2/16,7
20201019074531,10.20.30.1/16,3
20201019074533,192.168.1.2/24,-
20201019074534,10.77.1.2/24,4
20201019074536,10.77.1.2/24,6
20201019074537,192.168.1.2/24,6
20201019074538,10.77.1.1/24,22
20201019074539,10.77.1.1/24,3
20201019074540,10.20.30.2/16,-
20201019074541,192.168.1.1/24,-
20201019074542,10.20.30.1/16,9
20201019074543,10.20.30.1/16,7
20201019074544,10.77.1.2/24,80
20201019074546,192.168.1.1/24,8
20201019074547,10.77.1.1/24,-
20201019074549,10.77.1.1/24,3
20201019074550,10.20.30.1/16,5
20201019074552,10.77.1.2/24,7
20201019074553,10.20.30.1/16,69
20201019074554,192.168.1.1/24,8
20201019074555,10.77.1.1/24,-
20201019074556,10.77.1.2/24,-
20201019074557,192.168.1.2/24,8
20201019074558,10.20.30.1/16,47
20201019074559,10.77.1.2/24,-
20201019074600,10.77.1.2/24,8
20201019074601,192.168.1.2/24,6
20201019074602,10.77.1.2/24,2
20201019074603,10.20.30.1/16,55
20201019074604,10.20.30.2/16,2
20201019074605,10.77.1.2/24,4
20201019074606,192.168.1.1/24,8
20201019074607,192.168.1.1/24,15
20201019074608,192.168.1.2/24,-
20201019074609,10.20.30.1/16,75
20201019074610,10.77.1.2/24,6
20201019074611,10.77.1.1/24,3
20201019074612,10.77.1.2/24,95
20201019074613,10.77.1.1/24,7
20201019074614,192.168.1.2/24,8
20201019074615,192.168.1.2/24,-
20201019074616,10.77.1.2/24,9
20201019074617,192.168.1.2/24,1
20201019074618,10.77.1.1/24,7
20201019074619,192.168.1.1/24,3
20201019074620,10.77.1.1/24,-
20201019074621,10.20.30.1/16,10
20201019074622,10.77.1.2/24,9
20201019074623,10.20.30.2/16,20
20201019074624,192.168.1.2/24,13
20201019074625,192.168.1.2/24,-
20201019074626,10.20.30.1/16,78
20201019074627,10.77.1.2/24,6
20201019074628,192.168.1.2/24,3
20201019074629,10.20.30.1/16,8
20201019074630,192.168.1.1/24,20
20201019074631,10.20.30.1/16,50
20201019074632,10.20.30.1/16,5
20201019074633,10.20.30.2/16,2
20201019074634,10.77.1.2/24,7
20201019074635,10.20.30.2/16,8
20201019074637,192.168.1.1/24,5
20201019074638,192.168.1.2/24,1
20201019074640,192.168.1.2/24,-
20201019074642,10.77.1.2/24,1
20201019074643,192.168.1.1/24,12
20201019074644,10.77.1.1/24,26
20201019074645,10.77.1.2/24,49
20201019074646,10.20.30.2/16,59
20201019074647,192.168.1.2/24,4
20201019074649,10.77.1.1/24,-
20201019074650,10.77.1.1/24,15
20201019074651,10.77.1.1/24,1
20201019074652,192.168.1.1/24,7
20201019074653,192.168.1.1/24,3
20201019074655,10.20.30.2/16,8
20201019074656,192.168.1.2/24,9
20201019074657,192.168.1.1/24,4
20201019074658,10.77.1.2/24,2
20201019074659,192.168.1.2/24,8
20201019074700,192.168.1.1/24,-
20201019074701,192.168.1.1/24,81
20201019074702,10.77.1.2/24,9
20201019074703,192.168.1.2/24,13
20201019074704,10.77.1.2/24,9
20201019074705,192.168.1.1/24,39
20201019074707,10.20.30.1/16,3
20201019074708,192.168.1.2/24,7
20201019074709,10.20.30.2/16,14
20201019074710,10.20.30.2/16,98
20201019074711,192.168.1.2/24,6
20201019074712,10.20.30.1/16,9
20201019074713,10.77.1.1/24,-
20201019074715,192.168.1.1/24,-
20201019074716,10.77.1.2/24,37
20201019074717,192.168.1.1/24,9
20201019074719,10.20.30.1/16,-
20201019074720,10.77.1.2/24,32
20201019074722,10.77.1.1/24,5
20201019074724,10.20.30.2/16,9
20201019074725,192.168.1.1/24,13
20201019074726,10.77.1.2/24,3
20201019074728,10.77.1.2/24,10
20201019074729,10.77.1.1/24,-
20201019074730,10.20.30.1/16,38
20201019074731,192.168.1.1/24,-
20201019074732,10.77.1.1/24,91
20201019074733,10.20.30.2/16,1
20201019074734,192.168.1.2/24,6
20201019074735,10.77.1.1/24,6
20201019074736,192.168.1.2/24,8
20201019074737,10.77.1.2/24,1
20201019074738,10.77.1.1/24,87
20201019074740,192.168.1.2/24,7
20201019074741,10.77.1.1/24,9
20201019074742,10.20.30.2/16,4
20201019074744,192.168.1.1/24,9
20201019074745,192.168.1.1/24,2
20201019074747,10.77.1.2/24,2
20201019074748,10.20.30.2/16,-
20201019074749,10.77.1.1/24,99
20201019074750,10.20.30.1/16,-
20201019074751,192.168.1.2/24,2
20201019074752,192.168.1.1/24,8
20201019074753,10.20.30.2/16,5
20201019074754,192.168.1.2/24,-
20201019074756,10.20.30.2/16,29
20201019074757,10.20.30.1/16,29
20201019074758,192.168.1.2/24,-
20201019074759,192.168.1.2/24,-
20201019074800,10.20.30.1/16,3
20201019074801,192.168.1.2/24,9
20201019074802,10.20.30.1/16,3
20201019074803,10.20.30.2/16,3
20201019074805,192.168.1.1/24,1
20201019074806,10.20.30.1/16,9
20201019074807,192.168.1.2/24,5
20201019074809,10.20.30.1/16,18
20201019074810,10.77.1.1/24,-
20201019074811,10.77.1.1/24,78
20201019074812,10.20.30.1/16,-
20201019074813,10.20.30.1/16,8
20201019074814,192.168.1.2/24,45
20201019074815,10.77.1.1/24,8
20201019074816,192.168.1.2/24,5
20201019074817,10.20.30.1/16,15
20201019074819,10.77.1.1/24,-
20201019074820,10.20.30.2/16,4
20201019074821,10.77.1.2/24,-
20201019074822,10.77.1.1/24,-
20201019074823,10.77.1.1/24,1
20201019074824,192.168.1.2/24,-
20201019074825,10.77.1.1/24,3
20201019074827,10.20.30.1/16,-
20201019074829,10.77.1.2/24,2
20201019074830,10.20.30.1/16,-
20201019074831,10.20.30.1/16,40
20201019074832,10.20.30.2/16,5
20201019074833,10.20.30.1/16,1
20201019074834,192.168.1.1/24,15
20201019074835,10.20.30.1/16,75
20201019074837,10.77.1.1/24,45
20201019074839,192.168.1.1/24,8
20201019074841,10.20.30.2/16,1
20201019074842,10.20.30.1/16,7
20201019074843,10.20.30.2/16,1
20201019074844,192.168.1.2/24,7
20201019074846,192.168.1.2/24,-
20201019074847,10.77.1.2/24,4
20201019074848,10.20.30.1/16,-
20201019074849,192.168.1.1/24,4
20201019074850,192.168.1.2/24,8
20201019074851,10.77.1.1/24,4
20201019074852,10.77.1.1/24,84
20201019074853,192.168.1.2/24,35
20201019074854,10.77.1.1/24,6
20201019074856,10.77.1.2/24,4
20201019074858,10.77.1.2/24,48
20201019074859,10.77.1.1/24,4
20201019074900,10.77.1.2/24,18
20201019074901,10.20.30.2/16,8
20201019074902,10.20.30.1/16,-
20201019074903,10.77.1.2/24,-
20201019074904,10.20.30.1/16,54
20201019074906,192.168.1.2/24,5
20201019074907,10.20.30.1/16,9
20201019074908,192.168.1.2/24,4
20201019074909,10.77.1.2/24,1
20201019074910,10.77.1.1/24,-
20201019074912,192.168.1.2/24,4
20201019074913,192.168.1.1/24,8
20201019074914,10.20.30.1/16,-
20201019074915,192.168.1.2/24,21
20201019074917,10.20.30.1/16,-
20201019074918,192.168.1.2/24,-
20201019074920,192.168.1.2/24,22
20201019074921,10.77.1.2/24,1
20201019074922,192.168.1.1/24,9
20201019074924,192.168.1.1/24,6
20201019074926,10.77.1.1/24,-
20201019074928,10.77.1.1/24,8
20201019074930,10.77.1.2/24,-
20201019074931,10.77.1.1/24,19
20201019074932,10.77.1.2/24,64
20201019074933,192.168.1.2/24,49
20201019074935,192.168.1.2/24,5
20201019074937,192.168.1.2/24,71
20201019074939,192.168.1.1/24,9
20201019074940,10.20.30.2/16,5
20201019074941,10.77.1.2/24,-
20201019074942,10.77.1.2/24,4
20201019074943,192.168.1.2/24,-
20201019074944,192.168.1.1/24,48
20201019074945,192.168.1.1/24,-
20201019074947,10.77.1.2/24,7
20201019074948,10.20.30.2/16,5
20201019074949,10.77.1.2/24,8
20201019074950,192.168.1.2/24,4
20201019074951,192.168.1.1/24,4
20201019074952,192.168.1.2/24,-
20201019074953,10.20.30.1/16,1
20201019074954,10.77.1.2/24,-
20201019074956,10.77.1.2/24,6
20201019074957,10.20.30.1/16,78
20201019074958,10.77.1.2/24,4
20201019074959,192.168.1.1/24,96
20201019075001,10.20.30.1/16,5
20201019075002,10.77.1.1/24,45
20201019075003,10.77.1.1/24,2
20201019075005,10.77.1.1/24,8
20201019075006,192.168.1.2/24,-
20201019075007,10.20.30.2/16,-
20201019075008,10.77.1.2/24,6
20201019075009,10.77.1.1/24,2
20201019075010,192.168.1.2/24,-
20201019075011,10.77.1.2/24,6
20201019075013,10.77.1.1/24,25
20201019075014,10.77.1.2/24,70
20201019075016,10.20.30.1/16,20
20201019075017,10.77.1.1/24,1
20201019075019,10.77.1.2/24,7
20201019075020,192.168.1.1/24,5
20201019075022,192.168.1.1/24,4
20201019075023,10.20.30.2/16,-
20201019075024,192.168.1.1/24,6
20201019075025,192.168.1.1/24,-
20201019075027,192.168.1.2/24,93
20201019075029,10.77.1.2/24,7
20201019075030,192.168.1.2/24,33
20201019075031,10.77.1.1/24,75
20201019075032,10.77.1.1/24,-
20201019075033,10.20.30.1/16,2
20201019075034,10.77.1.1/24,-
20201019075035,192.168.1.2/24,38
20201019075036,192.168.1.2/24,-
20201019075037,192.168.1.2/24,1
20201019075038,192.168.1.1/24,5
20201019075039,10.20.30.1/16,-
20201019075040,10.20.30.1/16,1
20201019075041,192.168.1.1/24,9
20201019075042,192.168.1.2/24,3
20201019075043,192.168.1.1/24,88
20201019075044,10.20.30.1/16,4
20201019075046,10.77.1.2/24,6
20201019075047,10.20.30.2/16,9
20201019075048,192.168.1.2/24,3
20201019075049,10.77.1.2/24,6
20201019075050,10.77.1.2/24,2
20201019075051,10.77.1.1/24,2
20201019075052,192.168.1.2/24,51
20201019075053,10.20.30.2/16,1
20201019075055,10.77.1.1/24,9
20201019075056,10.77.1.2/24,-
20201019075057,10.20.30.2/16,62
20201019075059,192.168.1.1/24,-
20201019075100,10.20.30.1/16,8
20201019075101,192.168.1.2/24,6
20201019075102,10.77.1.2/24,-
20201019075103,192.168.1.2/24,95
20201019075104,10.77.1.2/24,1
20201019075105,10.20.30.2/16,72
20201019075106,10.77.1.2/24,8
20201019075107,10.20.30.2/16,-
20201019075108,10.20.30.2/16,30
20201019075109,10.20.30.2/16,3
20201019075111,192.168.1.2/24,9
20201019075112,192.168.1.1/24,8
20201019075113,10.20.30.2/16,4
20201019075114,10.77.1.2/24,-
20201019075115,192.168.1.2/24,3
20201019075116,10.77.1.1/24,3
20201019075117,10.20.30.1/16,66
20201019075118,10.20.30.2/16,-
20201019075119,10.77.1.2/24,9
20201019075120,10.77.1.2/24,7
20201019075121,192.168.1.2/24,39
20201019075122,10.77.1.2/24,51
20201019075123,10.77.1.2/24,5
20201019075125,10.77.1.2/24,-
20201019075126,10.20.30.1/16,-
20201019075127,10.20.30.1/16,11
20201019075129,10.20.30.2/16,15
20201019075130,10.77.1.2/24,7
20201019075131,10.20.30.1/16,96
20201019075132,192.168.1.1/24,4
20201019075133,192.168.1.2/24,8
20201019075134,10.77.1.2/24,3
20201019075135,192.168.1.1/24,36
20201019075136,192.168.1.1/24,3
20201019075137,10.77.1.2/24,26
20201019075138,192.168.1.1/24,4
20201019075139,192.168.1.2/24,1
20201019075141,10.20.30.1/16,-
20201019075142,10.77.1.2/24,-
20201019075143,10.20.30.1/16,5
20201019075144,10.20.30.2/16,-
20201019075146,192.168.1.2/24,-
20201019075147,192.168.1.2/24,42
20201019075148,10.77.1.1/24,7
20201019075149,192.168.1.2/24,-
20201019075150,192.168.1.2/24,13
20201019075151,10.20.30.1/16,30
20201019075152,10.77.1.2/24,1
20201019075153,10.20.30.2/16,-
20201019075154,10.20.30.1/16,-
20201019075155,10.77.1.2/24,59
20201019075156,10.20.30.1/16,2
20201019075157,10.77.1.1/24,9
20201019075158,10.20.30.2/16,-
20201019075159,192.168.1.2/24,65
20201019075200,192.168.1.2/24,-
20201019075201,10.20.30.2/16,-
20201019075203,10.77.1.2/24,-
20201019075204,10.20.30.1/16,67
20201019075205,192.168.1.2/24,6
20201019075206,10.20.30.1/16,7
20201019075207,10.20.30.2/16,-
20201019075208,192.168.1.2/24,48
20201019075209,10.77.1.2/24,2
20201019075211,10.20.30.2/16,-
20201019075213,192.168.1.1/24,9
20201019075215,10.20.30.1/16,6
20201019075217,192.168.1.2/24,2
20201019075218,192.168.1.2/24,3
20201019075219,192.168.1.1/24,25
20201019075221,10.20.30.2/16,8
20201019075222,10.77.1.2/24,39
20201019075223,192.168.1.2/24,-
20201019075224,10.77.1.2/24,-
20201019075225,10.77.1.1/24,12
20201019075227,10.20.30.2/16,14
20201019075228,10.77.1.2/24,38
20201019075229,10.20.30.2/16,6
20201019075231,192.168.1.1/24,-
20201019075232,10.77.1.1/24,9
20201019075233,10.20.30.1/16,-
20201019075234,10.77.1.2/24,-
20201019075235,10.77.1.1/24,4
20201019075237,192.168.1.2/24,12
20201019075238,10.20.30.1/16,24
20201019075239,192.168.1.2/24,2
20201019075241,10.77.1.2/24,46
20201019075242,10.20.30.2/16,27
20201019075244,10.77.1.1/24,9
20201019075245,192.168.1.2/24,-
20201019075246,192.168.1.2/24,9
20201019075248,10.20.30.1/16,1
20201019075250,10.20.30.1/16,-
20201019075251,10.20.30.2/16,-
20201019075253,10.77.1.2/24,-
20201019075254,10.77.1.1/24,22
20201019075255,10.20.30.1/16,9
20201019075256,10.77.1.1/24,9
20201019075257,10.77.1.2/24,-
20201019075258,10.77.1.1/24,8
20201019075259,10.20.30.2/16,21
20201019075301,10.20.30.2/16,-
20201019075303,10.20.30.1/16,83
20201019075305,192.168.1.2/24,3
20201019075306,10.20.30.1/16,-
20201019075308,10.20.30.2/16,-
20201019075309,192.168.1.1/24,1
20201019075310,10.20.30.1/16,11
20201019075311,10.20.30.2/16,54
20201019075312,10.77.1.1/24,4
20201019075314,10.20.30.1/16,-
20201019075316,10.20.30.1/16,3
20201019075318,192.168.1.2/24,3
20201019075319,10.20.30.1/16,75
20201019075320,10.20.30.1/16,9
20201019075321,10.77.1.2/24,1
20201019075322,10.20.30.1/16,3
20201019075323,10.77.1.2/24,6
20201019075325,192.168.1.2/24,9
20201019075327,192.168.1.2/24,7
20201019075328,192.168.1.2/24,80
20201019075329,10.20.30.2/16,-
20201019075330,10.77.1.2/24,7
20201019075331,10.20.30.1/16,2
20201019075332,192.168.1.1/24,2
20201019075333,10.20.30.1/16,2
20201019075335,192.168.1.1/24,9
20201019075336,10.77.1.1/24,72
20201019075337,10.20.30.2/16,96
20201019075338,10.20.30.1/16,-
20201019075339,10.77.1.2/24,3
20201019075341,10.20.30.1/16,2
20201019075342,10.77.1.2/24,82
20201019075344,10.20.30.1/16,8
20201019075345,192.168.1.1/24,49
20201019075347,10.77.1.2/24,3
20201019075348,192.168.1.1/24,-
20201019075349,10.77.1.2/24,8
20201019075350,192.168.1.1/24,6
20201019075351,10.20.30.2/16,-
20201019075352,192.168.1.1/24,1
20201019075353,10.20.30.2/16,-
20201019075355,192.168.1.1/24,54
20201019075356,10.77.1.1/24,-
20201019075357,192.168.1.2/24,1
20201019075358,10.77.1.2/24,3
20201019075359,10.77.1.1/24,-
20201019075400,10.20.30.1/16,68
20201019075401,10.77.1.2/24,3
20201019075402,10.20.30.1/16,27
20201019075403,10.20.30.1/16,48
20201019075405,10.77.1.2/24,46
20201019075406,192.168.1.2/24,6
20201019075408,192.168.1.2/24,9
20201019075409,10.77.1.2/24,1
20201019075411,192.168.1.1/24,6
20201019075412,192.168.1.2/24,2
20201019075413,10.20.30.1/16,5
20201019075414,10.77.1.2/24,15
20201019075415,192.168.1.2/24,27
20201019075416,10.77.1.1/24,2
20201019075417,192.168.1.2/24,79
20201019075419,10.77.1.1/24,1
20201019075421,192.168.1.1/24,4
20201019075422,10.20.30.2/16,-
20201019075423,10.77.1.2/24,7
20201019075424,10.77.1.1/24,-
20201019075425,10.77.1.1/24,8
20201019075426,192.168.1.2/24,23
20201019075427,192.168.1.1/24,8
20201019075428,10.77.1.2/24,11
20201019075429,192.168.1.1/24,3
20201019075430,10.77.1.2/24,7
20201019075432,10.20.30.2/16,-
20201019075433,10.20.30.2/16,-
20201019075434,10.77.1.2/24,5
20201019075435,192.168.1.1/24,3
20201019075437,10.77.1.2/24,5
20201019075438,192.168.1.2/24,9
20201019075439,10.77.1.2/24,-
20201019075440,10.77.1.1/24,9
20201019075441,192.168.1.1/24,8
20201019075442,10.20.30.2/16,1
20201019075444,10.77.1.2/24,2
20201019075445,10.20.30.1/16,-
20201019075446,192.168.1.1/24,-
20201019075447,10.20.30.1/16,-
20201019075448,192.168.1.1/24,6
20201019075450,10.77.1.1/24,7
20201019075451,10.77.1.1/24,-
20201019075453,10.20.30.1/16,57
20201019075454,192.168.1.1/24,4
20201019075455,192.168.1.1/24,8
20201019075456,192.168.1.1/24,-
20201019075457,192.168.1.2/24,-
20201019075458,192.168.1.1/24,1
20201019075459,10.20.30.1/16,96
20201019075500,10.20.30.1/16,-
20201019075501,10.77.1.2/24,-
20201019075502,10.20.30.2/16,4
20201019075504,10.77.1.1/24,7
20201019075505,10.77.1.1/24,9
20201019075507,10.77.1.2/24,2
20201019075508,192.168.1.2/24,-
20201019075509,192.168.1.2/24,6
20201019075510,10.20.30.2/16,2
20201019075511,192.168.1.2/24,-
20201019075513,192.168.1.2/24,14
20201019075514,10.20.30.2/16,9
20201019075515,10.20.30.1/16,-
20201019075516,10.77.1.1/24,80
20201019075517,10.77.1.1/24,9
20201019075519,10.77.1.1/24,6
20201019075520,10.77.1.1/24,5
20201019075521,10.77.1.1/24,9
20201019075522,10.20.30.2/16,4
20201019075523,10.77.1.1/24,2
20201019075525,10.20.30.2/16,2
20201019075526,10.20.30.1/16,46
20201019075528,10.20.30.1/16,6
20201019075530,10.20.30.1/16,15
20201019075531,192.168.1.1/24,-
20201019075532,10.20.30.2/16,7
20201019075534,10.20.30.1/16,-
20201019075535,192.168.1.2/24,4
20201019075536,10.77.1.2/24,8
20201019075537,192.168.1.1/24,-
20201019075538,10.20.30.1/16,-
20201019075540,192.168.1.1/24,3
20201019075541,10.20.30.1/16,-
20201019075542,10.77.1.2/24,84
20201019075543,192.168.1.1/24,1
20201019075544,10.20.30.1/16,4
20201019075546,10.20.30.1/16,42
20201019075548,10.77.1.2/24,8
20201019075549,192.168.1.1/24,84
20201019075550,10.20.30.1/16,33
20201019075551,192.168.1.2/24,-
20201019075553,10.77.1.2/24,1
20201019075554,192.168.1.2/24,4
20201019075555,10.20.30.2/16,42
20201019075556,10.77.1.2/24,7
20201019075558,192.168.1.1/24,15
20201019075600,10.77.1.2/24,7
20201019075601,10.20.30.1/16,-
20201019075602,10.77.1.2/24,3
20201019075603,192.168.1.1/24,81
20201019075605,10.20.30.2/16,6
20201019075606,10.77.1.2/24,-
20201019075607,10.20.30.2/16,74
20201019075608,192.168.1.2/24,2
20201019075609,10.77.1.2/24,70
20201019075610,10.77.1.1/24,3
20201019075611,192.168.1.2/24,1
20201019075612,192.168.1.1/24,8
20201019075613,10.77.1.2/24,2
20201019075615,10.20.30.2/16,-
20201019075617,192.168.1.2/24,60
20201019075618,10.20.30.1/16,89
20201019075619,10.77.1.2/24,3
20201019075620,192.168.1.2/24,50
20201019075621,10.20.30.2/16,2
20201019075623,10.20.30.2/16,8
20201019075624,10.20.30.2/16,-
20201019075625,10.77.1.2/24,49
20201019075626,192.168.1.2/24,7
20201019075627,192.168.1.2/24,6
20201019075628,192.168.1.1/24,12
20201019075629,192.168.1.2/24,6
20201019075630,10.20.30.2/16,5
20201019075631,10.77.1.2/24,6
20201019075632,10.20.30.2/16,58
20201019075633,10.77.1.2/24,9
20201019075634,10.77.1.2/24,5
20201019075635,10.77.1.2/24,19
20201019075637,192.168.1.2/24,-
20201019075638,10.77.1.1/24,4
20201019075640,192.168.1.2/24,63
20201019075641,10.20.30.2/16,6
20201019075642,10.77.1.2/24,86
20201019075643,10.20.30.1/16,1
20201019075644,10.20.30.1/16,1
20201019075646,10.20.30.2/16,2
20201019075647,10.20.30.1/16,4
20201019075648,10.77.1.2/24,-
20201019075650,10.20.30.1/16,7
20201019075651,192.168.1.2/24,82
20201019075652,10.20.30.1/16,4
20201019075653,10.77.1.2/24,74
20201019075654,10.77.1.1/24,8
20201019075656,10.20.30.2/16,2
20201019075657,10.77.1.1/24,6
20201019075658,192.168.1.2/24,-
20201019075659,192.168.1.1/24,-
20201019075701,192.168.1.1/24,-
20201019075702,192.168.1.1/24,35
20201019075703,10.77.1.2/24,3
20201019075705,192.168.1.1/24,62
20201019075706,192.168.1.1/24,3
20201019075707,192.168.1.1/24,6
20201019075708,10.77.1.1/24,84
20201019075709,10.20.30.2/16,7
20201019075711,10.20.30.2/16,7
20201019075712,10.20.30.2/16,2
20201019075714,10.20.30.2/16,4
20201019075715,10.20.30.2/16,-
20201019075716,192.168.1.2/24,9
20201019075717,10.20.30.1/16,-
20201019075718,10.77.1.2/24,1
20201019075719,10.77.1.1/24,6
20201019075720,192.168.1.2/24,36
20201019075721,10.20.30.1/16,4
20201019075722,10.20.30.2/16,4
20201019075724,10.20.30.1/16,-
20201019075725,10.77.1.2/24,2
20201019075726,10.77.1.2/24,9
20201019075727,192.168.1.2/24,8
20201019075728,192.168.1.1/24,-
20201019075730,10.20.30.2/16,9
20201019075731,192.168.1.1/24,2
20201019075732,10.20.30.2/16,14
20201019075734,10.77.1.2/24,38
20201019075735,10.77.1.1/24,78
20201019075736,10.20.30.1/16,6
20201019075737,10.20.30.1/16,8
20201019075738,10.20.30.2/16,6
20201019075739,10.20.30.1/16,5
20201019075740,10.77.1.2/24,45
20201019075741,10.20.30.1/16,1
20201019075743,10.77.1.1/24,9
20201019075744,10.77.1.2/24,-
20201019075745,10.20.30.1/16,2
20201019075746,10.77.1.1/24,6
20201019075747,10.77.1.1/24,-
20201019075748,10.77.1.2/24,-
20201019075749,192.168.1.2/24,1
20201019075750,10.20.30.2/16,3
20201019075751,192.168.1.2/24,54
20201019075752,10.77.1.2/24,5
20201019075753,10.20.30.2/16,5
20201019075755,10.77.1.2/24,8
20201019075756,192.168.1.2/24,-
20201019075758,10.20.30.1/16,2
20201019075759,192.168.1.2/24,-
20201019075800,10.77.1.2/24,3
20201019075801,10.77.1.1/24,2
20201019075802,192.168.1.1/24,2
20201019075803,192.168.1.2/24,-
20201019075804,192.168.1.1/24,79
20201019075805,10.20.30.2/16,34
20201019075806,10.20.30.1/16,-
20201019075807,192.168.1.1/24,14
20201019075809,10.20.30.1/16,7
20201019075810,192.168.1.1/24,4
20201019075811,192.168.1.1/24,5
20201019075812,192.168.1.1/24,-
20201019075813,10.20.30.2/16,6
20201019075814,192.168.1.2/24,-
20201019075815,10.77.1.2/24,73
20201019075816,10.77.1.1/24,1
20201019075818,10.20.30.2/16,-
20201019075820,192.168.1.1/24,6
20201019075822,10.20.30.1/16,-
20201019075823,10.77.1.2/24,5
20201019075825,10.20.30.1/16,-
20201019075826,192.168.1.2/24,1
20201019075827,10.20.30.2/16,22
20201019075828,10.20.30.2/16,21
20201019075830,192.168.1.1/24,9
20201019075832,10.77.1.2/24,-
20201019075834,10.77.1.2/24,-
20201019075835,10.20.30.2/16,-
20201019075837,10.20.30.2/16,9
20201019075838,10.77.1.1/24,22
20201019075840,10.77.1.1/24,3
20201019075841,10.77.1.2/24,37
20201019075842,10.20.30.1/16,-
20201019075844,192.168.1.2/24,-
20201019075845,10.20.30.2/16,4
20201019075846,10.20.30.1/16,9
20201019075847,192.168.1.1/24,38
20201019075848,10.20.30.1/16,-
20201019075849,10.77.1.2/24,9
20201019075850,10.20.30.2/16,51
20201019075852,10.20.30.2/16,3
20201019075853,10.77.1.1/24,69
20201019075854,10.20.30.1/16,80
20201019075855,192.168.1.2/24,3
20201019075856,10.77.1.1/24,8
20201019075857,10.20.30.2/16,11
20201019075858,10.77.1.2/24,28
20201019075859,10.77.1.2/24,23
20201019075900,192.168.1.1/24,95
20201019075901,10.77.1.2/24,6
20201019075903,192.168.1.2/24,9
20201019075904,192.168.1.1/24,31
20201019075905,192.168.1.1/24,73
20201019075906,10.77.1.2/24,59
20201019075907,192.168.1.1/24,-
20201019075909,192.168.1.2/24,45
20201019075910,10.77.1.2/24,-
20201019075911,192.168.1.2/24,-
20201019075912,10.20.30.1/16,-
20201019075913,192.168.1.1/24,10
20201019075914,10.20.30.1/16,1
20201019075915,192.168.1.2/24,-
20201019075916,192.168.1.1/24,3
20201019075917,10.20.30.1/16,29
20201019075918,10.20.30.2/16,5
20201019075919,10.20.30.2/16,-
20201019075920,10.20.30.1/16,97
20201019075921,10.20.30.2/16,-
20201019075922,10.20.30.2/16,-
20201019075924,192.168.1.1/24,3
20201019075926,10.77.1.1/24,-
20201019075927,10.20.30.1/16,8
20201019075928,10.20.30.2/16,92
20201019075930,10.20.30.2/16,2
20201019075932,10.20.30.2/16,4
20201019075934,10.77.1.1/24,23
20201019075935,10.20.30.1/16,4
20201019075936,10.77.1.1/24,6
20201019075937,10.77.1.1/24,52
20201019075938,192.168.1.2/24,4
20201019075939,10.20.30.1/16,6
20201019075941,10.77.1.1/24,11
20201019075943,10.77.1.1/24,-
20201019075944,192.168.1.1/24,-
20201019075945,10.20.30.2/16,5
20201019075946,10.77.1.1/24,5
20201019075948,10.20.30.2/16,9
20201019075949,10.77.1.2/24,-
20201019075950,10.77.1.2/24,-
20201019075951,10.20.30.2/16,14
20201019075952,192.168.1.1/24,7
20201019075953,10.20.30.1/16,34
20201019075954,10.20.30.1/16,3
20201019075955,10.20.30.2/16,3
20201019075956,10.20.30.2/16,10
20201019075957,10.77.1.1/24,1
20201019075958,10.20.30.1/16,76
20201019075959,10.77.1.2/24,3
20201019080000,192.168.1.2/24,6
20201019080002,10.20.30.2/16,43
20201019080004,10.77.1.1/24,1
20201019080005,10.20.30.1/16,2
20201019080006,192.168.1.2/24,79
20201019080007,10.77.1.1/24,4
20201019080009,192.168.1.2/24,26
20201019080010,10.77.1.2/24,3
20201019080011,10.20.30.1/16,6
20201019080012,10.77.1.1/24,4
20201019080013,10.77.1.2/24,84
20201019080014,10.20.30.1/16,57
20201019080015,10.20.30.2/16,-
20201019080016,10.77.1.2/24,8
20201019080017,10.20.30.2/16,-
20201019080018,10.20.30.1/16,4
20201019080019,10.77.1.1/24,7
20201019080020,192.168.1.1/24,30
20201019080022,10.20.30.2/16,69
20201019080023,192.168.1.2/24,-
20201019080024,10.20.30.2/16,-
20201019080025,10.77.1.1/24,8
20201019080026,10.77.1.1/24,2
20201019080028,10.77.1.1/24,9
20201019080029,10.77.1.2/24,-
20201019080030,192.168.1.1/24,54
20201019080031,10.20.30.1/16,9
20201019080032,192.168.1.1/24,9
20201019080034,10.77.1.1/24,-
20201019080035,192.168.1.1/24,5
20201019080036,10.20.30.2/16,2
20201019080038,192.168.1.2/24,9
20201019080040,192.168.1.1/24,61
20201019080041,10.77.1.1/24,48
20201019080042,192.168.1.1/24,2
20201019080043,192.168.1.1/24,2
20201019080044,192.168.1.2/24,2
20201019080045,192.168.1.1/24,2
20201019080046,192.168.1.1/24,-
20201019080047,10.77.1.1/24,5
20201019080048,192.168.1.1/24,-
20201019080049,192.168.1.1/24,9
20201019080050,10.20.30.2/16,9
20201019080051,10.77.1.1/24,5
20201019080052,10.20.30.1/16,24
20201019080053,10.20.30.2/16,8
20201019080054,10.20.30.1/16,85
20201019080056,10.20.30.1/16,6
20201019080057,192.168.1.2/24,3
20201019080059,192.168.1.1/24,-
20201019080100,10.77.1.2/24,71
20201019080101,192.168.1.2/24,90
20201019080102,10.77.1.1/24,9
20201019080104,192.168.1.1/24,3
20201019080106,10.20.30.2/16,16
20201019080107,192.168.1.2/24,5
20201019080108,10.77.1.2/24,9
20201019080110,192.168.1.2/24,5
20201019080111,10.20.30.2/16,9
20201019080112,192.168.1.2/24,40
20201019080113,10.77.1.2/24,28
20201019080114,192.168.1.2/24,-
20201019080115,10.77.1.1/24,41
20201019080116,10.20.30.2/16,75
20201019080117,10.77.1.2/24,1
20201019080118,10.20.30.1/16,-
20201019080120,10.77.1.2/24,88
20201019080121,10.20.30.1/16,3
20201019080122,192.168.1.1/24,-
20201019080123,10.20.30.2/16,4
20201019080125,192.168.1.2/24,3
20201019080126,10.20.30.2/16,88
20201019080128,10.20.30.1/16,91
20201019080130,10.77.1.1/24,-
20201019080131,192.168.1.2/24,87
20201019080132,192.168.1.1/24,6
20201019080133,10.20.30.1/16,41
20201019080134,10.20.30.1/16,12
20201019080135,10.20.30.2/16,3
20201019080136,10.20.30.1/16,4
20201019080137,192.168.1.1/24,9
20201019080138,192.168.1.1/24,70
20201019080139,10.77.1.2/24,1
20201019080140,10.20.30.2/16,-
20201019080141,10.20.30.2/16,61
20201019080143,10.77.1.1/24,27
20201019080144,192.168.1.1/24,8
20201019080145,10.20.30.1/16,5
20201019080146,192.168.1.1/24,6
20201019080147,10.20.30.1/16,-
20201019080148,10.20.30.1/16,8
20201019080149,10.20.30.1/16,12
20201019080151,10.77.1.2/24,3
20201019080152,10.20.30.1/16,5
20201019080153,192.168.1.1/24,3
20201019080154,10.77.1.1/24,7
20201019080156,10.77.1.1/24,-
20201019080157,10.20.30.1/16,-
20201019080158,10.20.30.1/16,11
20201019080159,10.77.1.1/24,3
20201019080200,10.20.30.2/16,63
20201019080201,10.20.30.1/16,12
20201019080202,10.77.1.2/24,48
20201019080204,192.168.1.1/24,-
20201019080206,192.168.1.1/24,-
20201019080207,10.20.30.2/16,5
20201019080208,10.20.30.1/16,72
20201019080210,10.77.1.1/24,2
20201019080211,10.77.1.2/24,4
20201019080212,192.168.1.1/24,7
20201019080213,192.168.1.2/24,9
20201019080214,10.77.1.2/24,12
20201019080215,10.77.1.1/24,-
20201019080216,192.168.1.2/24,6
20201019080217,192.168.1.2/24,3
20201019080218,10.77.1.2/24,9
20201019080220,10.20.30.2/16,3
20201019080221,10.20.30.2/16,97
20201019080222,192.168.1.1/24,-
20201019080223,10.77.1.2/24,6
20201019080224,192.168.1.2/24,16
20201019080225,10.20.30.2/16,43
20201019080227,10.77.1.2/24,5
20201019080229,10.77.1.2/24,15
20201019080230,10.20.30.1/16,1
20201019080231,10.20.30.2/16,-
20201019080232,10.77.1.2/24,82
20201019080233,192.168.1.2/24,4
20201019080234,192.168.1.1/24,1
20201019080235,192.168.1.1/24,6
20201019080237,192.168.1.2/24,4
20201019080239,10.77.1.2/24,-
20201019080240,192.168.1.2/24,14
20201019080241,192.168.1.2/24,6
20201019080242,10.20.30.1/16,-
20201019080243,10.20.30.2/16,1
20201019080244,10.20.30.1/16,18
20201019080245,10.77.1.1/24,5
20201019080246,10.77.1.1/24,-
20201019080247,10.77.1.1/24,21
20201019080248,10.20.30.2/16,16
20201019080250,10.20.30.2/16,9
20201019080251,192.168.1.2/24,8
20201019080253,192.168.1.2/24,-
20201019080255,10.20.30.1/16,1
20201019080256,10.20.30.2/16,-
20201019080257,10.77.1.1/24,-
20201019080258,192.168.1.2/24,1
20201019080300,10.20.30.1/16,77
20201019080301,10.77.1.2/24,5
20201019080302,10.20.30.2/16,-
20201019080304,192.168.1.1/24,5
20201019080306,192.168.1.2/24,7
20201019080307,192.168.1.2/24,97
20201019080308,10.77.1.2/24,10
20201019080309,10.20.30.2/16,1
20201019080310,10.20.30.1/16,10
20201019080311,10.20.30.2/16,6
20201019080312,192.168.1.2/24,3
20201019080313,10.77.1.1/24,5
20201019080314,10.20.30.1/16,1
20201019080315,10.20.30.1/16,4
20201019080316,192.168.1.1/24,34
20201019080317,10.20.30.1/16,19
20201019080318,10.20.30.1/16,21
20201019080319,10.77.1.1/24,6
20201019080321,10.77.1.1/24,12
20201019080323,192.168.1.1/24,4
20201019080324,192.168.1.1/24,25
20201019080325,10.20.30.1/16,6
20201019080326,10.20.30.1/16,3
20201019080327,10.20.30.2/16,5
20201019080328,192.168.1.2/24,48
20201019080329,10.77.1.2/24,1
20201019080330,10.20.30.2/16,-
20201019080332,10.20.30.2/16,-
20201019080333,10.20.30.1/16,8
20201019080334,10.20.30.1/16,-
20201019080336,10.20.30.1/16,7
20201019080337,10.20.30.1/16,6
20201019080338,10.77.1.2/24,5
20201019080339,10.20.30.1/16,1
20201019080340,192.168.1.2/24,-
20201019080341,10.77.1.1/24,6
20201019080342,10.77.1.2/24,10
20201019080343,192.168.1.1/24,-
20201019080344,192.168.1.2/24,3
20201019080345,10.20.30.1/16,4
20201019080346,10.20.30.1/16,-
20201019080347,10.20.30.1/16,9
20201019080348,10.20.30.1/16,4
20201019080350,10.77.1.1/24,80
20201019080351,192.168.1.2/24,7
20201019080352,10.20.30.1/16,-
20201019080353,10.20.30.1/16,12
20201019080354,192.168.1.2/24,-
20201019080355,10.77.1.1/24,-
20201019080356,10.20.30.2/16,-
20201019080357,10.20.30.1/16,-
20201019080359,10.20.30.1/16,1
20201019080400,10.20.30.1/16,87
20201019080401,10.20.30.2/16,0
20201019080402,192.168.1.1/24,6
20201019080403,10.20.30.1/16,8
20201019080404,10.77.1.2/24,2
20201019080405,192.168.1.1/24,4
20201019080406,10.20.30.1/16,-
20201019080407,10.77.1.1/24,-
20201019080408,10.20.30.1/16,1
20201019080409,10.20.30.2/16,78
20201019080411,192.168.1.2/24,6
20201019080412,192.168.1.2/24,11
20201019080414,10.77.1.1/24,-
20201019080415,10.77.1.2/24,17
20201019080416,10.77.1.1/24,2
20201019080417,10.77.1.1/24,76
20201019080419,192.168.1.2/24,-
20201019080420,192.168.1.1/24,73
20201019080421,10.77.1.2/24,9
20201019080422,192.168.1.2/24,9
20201019080423,10.77.1.2/24,75
20201019080424,192.168.1.2/24,2
20201019080425,10.77.1.1/24,-
20201019080426,10.20.30.2/16,-
20201019080427,10.20.30.2/16,4
20201019080428,10.20.30.2/16,1
20201019080429,10.20.30.1/16,66
20201019080430,192.168.1.2/24,-
20201019080431,10.20.30.2/16,-
20201019080432,10.20.30.2/16,5
20201019080434,192.168.1.1/24,3
20201019080435,10.20.30.1/16,6
20201019080436,10.20.30.1/16,9
20201019080438,192.168.1.2/24,-
20201019080440,10.77.1.2/24,5
20201019080441,10.77.1.1/24,-
20201019080442,10.77.1.1/24,5
20201019080443,192.168.1.1/24,62
20201019080445,10.20.30.2/16,11
20201019080447,10.20.30.1/16,6
20201019080448,10.77.1.2/24,11
20201019080450,192.168.1.2/24,3
20201019080451,192.168.1.1/24,5
20201019080452,10.20.30.2/16,5
20201019080454,10.20.30.1/16,7
20201019080456,10.20.30.2/16,3
20201019080457,10.20.30.2/16,4
20201019080458,192.168.1.2/24,27
20201019080459,192.168.1.1/24,72
20201019080500,10.77.1.2/24,-
20201019080501,10.77.1.1/24,2
20201019080502,10.20.30.2/16,-
20201019080504,192.168.1.2/24,15
20201019080505,10.20.30.1/16,2
20201019080507,10.77.1.1/24,2
20201019080508,10.77.1.2/24,71
20201019080509,10.20.30.1/16,96
20201019080510,10.77.1.1/24,-
20201019080512,10.20.30.2/16,-
20201019080513,10.77.1.1/24,3
20201019080514,10.20.30.1/16,8
20201019080515,10.20.30.1/16,7
20201019080516,10.77.1.2/24,6
20201019080517,10.77.1.2/24,-
20201019080519,10.20.30.1/16,-
20201019080521,192.168.1.1/24,1
20201019080522,10.77.1.2/24,3
20201019080523,192.168.1.2/24,3
20201019080524,10.77.1.1/24,2
20201019080525,10.77.1.2/24,-
20201019080526,10.20.30.2/16,73
20201019080528,10.77.1.1/24,2
20201019080529,10.77.1.1/24,5
20201019080530,10.20.30.2/16,6
20201019080531,10.20.30.2/16,-
20201019080532,192.168.1.2/24,0
20201019080533,192.168.1.2/24,65
20201019080535,192.168.1.2/24,6
20201019080537,10.20.30.1/16,9
20201019080538,10.77.1.1/24,-
20201019080539,192.168.1.2/24,9
20201019080540,10.77.1.1/24,-
20201019080541,10.20.30.1/16,78
20201019080542,192.168.1.2/24,2
20201019080543,192.168.1.2/24,37
20201019080544,10.77.1.2/24,-
20201019080546,192.168.1.2/24,-
20201019080548,10.20.30.1/16,6
20201019080549,10.20.30.1/16,-
20201019080550,10.77.1.2/24,6
20201019080551,10.20.30.2/16,7
20201019080552,10.20.30.2/16,6
20201019080553,10.77.1.2/24,3
20201019080554,10.20.30.1/16,-
20201019080556,10.77.1.1/24,2
20201019080557,10.77.1.2/24,2
20201019080558,10.20.30.2/16,3
20201019080559,10.77.1.1/24,2
20201019080600,10.20.30.1/16,75
20201019080602,10.20.30.2/16,5
20201019080604,10.20.30.1/16,4
20201019080605,10.77.1.2/24,4
20201019080606,10.77.1.1/24,7
20201019080607,10.20.30.1/16,3
20201019080609,10.77.1.2/24,-
20201019080611,10.77.1.2/24,8
20201019080612,10.77.1.1/24,-
20201019080614,10.77.1.2/24,10
20201019080615,192.168.1.1/24,-
20201019080616,192.168.1.2/24,2
20201019080617,10.77.1.2/24,3
20201019080618,192.168.1.2/24,3
20201019080619,10.20.30.2/16,-
20201019080620,10.20.30.2/16,15
20201019080621,10.20.30.2/16,1
20201019080623,10.20.30.2/16,5
20201019080624,10.20.30.2/16,-
20201019080625,10.20.30.1/16,7
20201019080627,192.168.1.2/24,9
20201019080629,10.77.1.1/24,5
20201019080630,10.20.30.1/16,16
20201019080631,192.168.1.1/24,-
20201019080632,192.168.1.2/24,14
20201019080634,10.77.1.2/24,1
20201019080635,10.20.30.1/16,14
20201019080636,192.168.1.1/24,9
20201019080637,10.77.1.1/24,-
20201019080638,10.20.30.1/16,3
20201019080639,10.77.1.1/24,3
20201019080640,192.168.1.1/24,-
20201019080641,192.168.1.2/24,5
20201019080642,192.168.1.2/24,81
20201019080643,192.168.1.2/24,43
20201019080644,10.77.1.1/24,-
20201019080645,10.20.30.2/16,13
20201019080647,10.77.1.1/24,-
20201019080648,10.77.1.1/24,3
20201019080649,10.20.30.1/16,7
20201019080651,10.77.1.1/24,-
20201019080652,10.20.30.2/16,64
20201019080653,192.168.1.2/24,7
20201019080654,10.20.30.1/16,3
20201019080656,10.20.30.2/16,50
20201019080657,192.168.1.1/24,6
20201019080659,10.20.30.2/16,21
20201019080700,10.20.30.2/16,9
20201019080702,10.20.30.2/16,-
20201019080703,10.77.1.2/24,8
20201019080704,10.20.30.1/16,-
20201019080706,192.168.1.2/24,1
20201019080708,192.168.1.2/24,-
20201019080710,192.168.1.2/24,8
20201019080711,192.168.1.2/24,11
20201019080712,10.20.30.1/16,1
20201019080714,10.77.1.2/24,8
20201019080715,10.20.30.1/16,28
20201019080716,192.168.1.2/24,1
20201019080718,10.77.1.1/24,8
20201019080719,192.168.1.1/24,8
20201019080720,10.77.1.2/24,46
20201019080721,10.20.30.2/16,7
20201019080722,10.20.30.1/16,-
20201019080723,192.168.1.1/24,-
20201019080724,192.168.1.1/24,9
20201019080725,192.168.1.1/24,-
20201019080727,10.77.1.1/24,37
20201019080728,10.20.30.1/16,70
20201019080730,10.77.1.1/24,23
20201019080731,10.77.1.1/24,57
20201019080732,10.20.30.1/16,-
20201019080733,10.77.1.2/24,7
20201019080735,10.20.30.1/16,5
20201019080736,10.77.1.1/24,52
20201019080737,10.77.1.1/24,6
20201019080739,10.77.1.2/24,1
20201019080740,10.77.1.1/24,17
20201019080742,10.77.1.2/24,71
20201019080743,10.77.1.2/24,48
20201019080745,10.77.1.2/24,64
20201019080746,10.77.1.2/24,6
20201019080747,10.20.30.2/16,1
20201019080748,192.168.1.2/24,5
20201019080749,192.168.1.2/24,3
20201019080751,192.168.1.1/24,24
20201019080752,10.20.30.1/16,2
20201019080753,192.168.1.1/24,55
20201019080755,192.168.1.2/24,32
20201019080756,10.77.1.1/24,4
20201019080757,10.77.1.1/24,4
20201019080759,10.20.30.2/16,25
20201019080800,192.168.1.1/24,-
20201019080801,10.20.30.1/16,11
20201019080802,10.77.1.2/24,2
20201019080804,10.20.30.1/16,8
20201019080806,10.20.30.2/16,11
20201019080807,10.20.30.1/16,22
20201019080808,10.20.30.1/16,26
20201019080809,192.168.1.2/24,8
20201019080810,10.77.1.1/24,-
20201019080811,192.168.1.2/24,-
20201019080812,10.20.30.2/16,8
20201019080814,10.77.1.1/24,78
20201019080815,10.77.1.2/24,3
20201019080816,10.77.1.1/24,-
20201019080818,10.77.1.2/24,-
20201019080819,10.77.1.1/24,1
20201019080820,10.77.1.2/24,42
20201019080822,10.20.30.1/16,2
20201019080823,192.168.1.1/24,15
20201019080824,192.168.1.2/24,3
20201019080825,192.168.1.1/24,-
20201019080827,10.20.30.2/16,9
20201019080828,10.20.30.1/16,9
20201019080829,10.20.30.2/16,8
20201019080830,192.168.1.2/24,-
20201019080831,192.168.1.1/24,7
20201019080833,10.20.30.2/16,-
20201019080834,192.168.1.1/24,-
20201019080836,192.168.1.1/24,-
20201019080837,10.20.30.1/16,3
20201019080839,192.168.1.2/24,1
20201019080840,192.168.1.1/24,-
20201019080841,10.77.1.2/24,6
20201019080843,192.168.1.2/24,4
20201019080844,10.20.30.1/16,8
20201019080845,10.77.1.2/24,2
20201019080846,10.20.30.2/16,32
20201019080848,192.168.1.2/24,6
20201019080849,192.168.1.2/24,-
20201019080850,192.168.1.2/24,-
20201019080851,10.20.30.1/16,2
20201019080852,10.20.30.2/16,2
20201019080853,10.20.30.1/16,-
20201019080855,10.77.1.2/24,-
20201019080856,10.77.1.2/24,54
20201019080857,10.77.1.1/24,-
20201019080858,10.77.1.1/24,-
20201019080900,192.168.1.2/24,-
20201019080901,10.77.1.2/24,-
20201019080902,192.168.1.1/24,-
20201019080903,192.168.1.1/24,-
20201019080904,192.168.1.1/24,-
20201019080906,10.77.1.1/24,-
20201019080907,10.20.30.2/16,8
20201019080909,10.20.30.2/16,5
20201019080910,192.168.1.1/24,1
20201019080911,10.77.1.1/24,7
20201019080913,10.77.1.2/24,89
20201019080914,10.77.1.1/24,70
20201019080916,192.168.1.2/24,-
20201019080917,10.20.30.1/16,-
20201019080918,10.77.1.2/24,29
20201019080919,10.77.1.2/24,4
20201019080920,10.77.1.2/24,31
20201019080921,10.77.1.2/24,54
20201019080922,10.77.1.2/24,6
20201019080923,10.77.1.1/24,65
20201019080924,192.168.1.2/24,46
20201019080925,192.168.1.1/24,7
20201019080926,192.168.1.1/24,77
20201019080927,10.20.30.2/16,9
20201019080928,192.168.1.1/24,8
20201019080929,10.77.1.1/24,6
20201019080931,10.20.30.2/16,80
20201019080932,10.20.30.2/16,1
20201019080933,10.20.30.1/16,6
20201019080934,10.77.1.1/24,-
20201019080935,10.77.1.2/24,1
20201019080936,10.77.1.2/24,6
20201019080938,192.168.1.2/24,7
20201019080939,10.20.30.1/16,7
20201019080940,10.77.1.1/24,-
20201019080941,192.168.1.2/24,6
20201019080942,192.168.1.2/24,74
20201019080943,10.20.30.2/16,3
20201019080944,10.77.1.1/24,9
20201019080946,10.20.30.1/16,8
20201019080947,10.20.30.1/16,-
20201019080948,10.20.30.2/16,-
20201019080950,10.20.30.2/16,4
20201019080951,10.20.30.1/16,9
20201019080952,10.20.30.1/16,-
20201019080953,192.168.1.2/24,-
20201019080954,192.168.1.1/24,3
20201019080955,10.77.1.2/24,16
20201019080956,10.20.30.2/16,1
20201019080957,192.168.1.2/24,-
20201019080958,10.77.1.1/24,8
20201019081000,10.20.30.1/16,6
20201019081001,10.20.30.2/16,-
20201019081002,192.168.1.1/24,3
20201019081003,192.168.1.2/24,-
20201019081004,10.20.30.1/16,2
20201019081005,192.168.1.2/24,6
20201019081006,10.77.1.2/24,3
20201019081007,192.168.1.1/24,61
20201019081008,10.77.1.2/24,5
20201019081009,10.20.30.2/16,4
20201019081010,192.168.1.1/24,70
20201019081011,10.77.1.2/24,43
20201019081013,10.20.30.1/16,9
20201019081014,10.77.1.1/24,3
20201019081016,192.168.1.1/24,2
20201019081017,10.77.1.2/24,3
20201019081019,10.20.30.1/16,-
20201019081020,192.168.1.2/24,-
20201019081021,10.77.1.1/24,57
20201019081022,10.77.1.1/24,5
20201019081023,10.20.30.2/16,5
20201019081024,192.168.1.2/24,3
20201019081025,192.168.1.1/24,6
20201019081027,10.20.30.1/16,2
20201019081029,10.20.30.1/16,2
20201019081031,192.168.1.2/24,-
20201019081032,192.168.1.1/24,-
20201019081033,192.168.1.2/24,3
20201019081034,10.20.30.2/16,4
20201019081035,10.20.30.1/16,2
20201019081036,192.168.1.1/24,20
20201019081038,10.77.1.2/24,67
20201019081039,10.77.1.2/24,4
20201019081040,10.20.30.2/16,-
20201019081041,10.77.1.1/24,-
20201019081042,10.77.1.1/24,-
20201019081043,10.20.30.1/16,33
20201019081044,192.168.1.2/24,8
20201019081045,10.20.30.2/16,-
20201019081047,192.168.1.2/24,97
20201019081049,192.168.1.1/24,-
20201019081050,10.77.1.1/24,-
20201019081051,192.168.1.1/24,2
20201019081053,192.168.1.1/24,-
20201019081054,192.168.1.2/24,9
20201019081055,192.168.1.1/24,-
20201019081056,10.20.30.2/16,-
20201019081058,192.168.1.2/24,4
20201019081059,192.168.1.1/24,32
20201019081100,192.168.1.1/24,6
20201019081101,10.20.30.1/16,97
20201019081102,192.168.1.2/24,3
20201019081103,10.77.1.2/24,8
20201019081104,10.77.1.1/24,4
20201019081105,192.168.1.2/24,-
20201019081106,10.20.30.2/16,8
20201019081107,10.20.30.2/16,-
20201019081109,10.20.30.2/16,8
20201019081110,10.77.1.1/24,51
20201019081111,10.77.1.1/24,6
20201019081112,192.168.1.1/24,16
20201019081113,192.168.1.1/24,-
20201019081114,10.77.1.2/24,4
20201019081115,10.20.30.2/16,71
20201019081116,192.168.1.1/24,7
20201019081117,10.20.30.1/16,-
20201019081118,192.168.1.2/24,6
20201019081120,10.77.1.2/24,8
20201019081121,192.168.1.1/24,-
20201019081123,10.77.1.1/24,4
20201019081125,192.168.1.1/24,92
20201019081127,192.168.1.2/24,-
20201019081128,10.77.1.1/24,38
20201019081129,10.20.30.2/16,1
20201019081130,10.77.1.1/24,7
20201019081131,10.20.30.1/16,9
20201019081132,192.168.1.2/24,1
20201019081133,10.77.1.1/24,5
20201019081134,10.77.1.1/24,2
20201019081135,192.168.1.1/24,5
20201019081136,10.20.30.2/16,2
20201019081138,10.77.1.2/24,9
20201019081140,10.77.1.2/24,66
20201019081141,192.168.1.2/24,1
20201019081142,10.20.30.2/16,61
20201019081143,10.77.1.1/24,1
20201019081145,10.77.1.1/24,-
20201019081146,192.168.1.1/24,4
20201019081147,192.168.1.1/24,4
20201019081148,10.20.30.1/16,5
20201019081149,10.20.30.2/16,-
20201019081150,10.20.30.1/16,-
20201019081151,192.168.1.2/24,8
20201019081153,10.20.30.1/16,10
20201019081154,10.20.30.1/16,3
20201019081156,10.20.30.2/16,-
20201019081157,192.168.1.2/24,2
20201019081158,10.20.30.2/16,6
20201019081159,192.168.1.1/24,11
20201019081201,192.168.1.1/24,64
20201019081202,192.168.1.2/24,23
20201019081203,192.168.1.1/24,-
20201019081205,10.77.1.1/24,-
20201019081207,192.168.1.1/24,10
20201019081208,192.168.1.2/24,-
20201019081210,192.168.1.2/24,6
20201019081212,10.20.30.2/16,6
20201019081213,192.168.1.2/24,6
20201019081214,10.20.30.1/16,-
20201019081215,10.77.1.2/24,4
20201019081216,10.77.1.2/24,97
20201019081217,10.20.30.1/16,5
20201019081218,192.168.1.1/24,1
20201019081219,10.77.1.1/24,26
20201019081221,10.77.1.2/24,48
20201019081222,10.20.30.2/16,-
20201019081223,10.77.1.1/24,2
20201019081224,10.20.30.2/16,-
20201019081225,192.168.1.2/24,-
20201019081226,10.20.30.2/16,16
20201019081227,10.20.30.2/16,3
20201019081229,10.20.30.2/16,4
20201019081230,10.20.30.2/16,5
20201019081231,192.168.1.1/24,-
20201019081233,10.77.1.1/24,3
20201019081234,10.77.1.2/24,9
20201019081236,10.20.30.1/16,-
20201019081237,10.20.30.1/16,-
20201019081238,192.168.1.2/24,4
20201019081240,10.20.30.2/16,6
20201019081241,10.77.1.1/24,-
20201019081243,10.77.1.2/24,2
20201019081245,192.168.1.1/24,9
20201019081246,192.168.1.1/24,-
20201019081247,192.168.1.1/24,39
20201019081249,10.20.30.2/16,1
20201019081250,10.77.1.2/24,96
20201019081251,192.168.1.1/24,97
20201019081252,10.20.30.1/16,-
20201019081253,10.77.1.2/24,-
20201019081255,10.20.30.2/16,3
20201019081256,10.20.30.1/16,7
20201019081258,10.20.30.1/16,71
20201019081300,10.20.30.2/16,-
20201019081302,10.77.1.1/24,8
20201019081303,10.77.1.1/24,7
20201019081304,10.77.1.2/24,8
20201019081305,10.20.30.1/16,2
20201019081307,10.77.1.2/24,-
20201019081308,10.20.30.1/16,-
20201019081309,192.168.1.1/24,8
20201019081310,10.77.1.2/24,-
20201019081311,10.20.30.2/16,7
20201019081312,10.77.1.2/24,60
20201019081313,10.20.30.2/16,9
20201019081315,10.20.30.1/16,6
20201019081317,10.20.30.2/16,7
20201019081318,192.168.1.1/24,4
20201019081320,192.168.1.1/24,-
20201019081321,10.77.1.1/24,9
20201019081323,192.168.1.2/24,6
20201019081325,10.20.30.1/16,8
20201019081326,192.168.1.1/24,6
20201019081327,10.77.1.1/24,6
20201019081328,10.77.1.1/24,8
20201019081329,192.168.1.2/24,-
20201019081330,10.77.1.2/24,-
20201019081331,10.20.30.1/16,9
20201019081332,10.20.30.1/16,53
20201019081333,192.168.1.1/24,8
20201019081334,10.77.1.1/24,-
20201019081336,10.77.1.1/24,4
20201019081337,10.20.30.2/16,65
20201019081338,10.20.30.1/16,-
20201019081339,10.20.30.1/16,-
20201019081340,10.20.30.2/16,7
20201019081341,192.168.1.2/24,1
20201019081343,10.77.1.1/24,-
20201019081344,10.77.1.2/24,1
20201019081345,10.77.1.2/24,1
20201019081346,10.77.1.1/24,8
20201019081347,192.168.1.1/24,24
20201019081348,10.77.1.1/24,72
20201019081349,192.168.1.2/24,-
20201019081351,10.77.1.2/24,9
20201019081352,192.168.1.2/24,5
20201019081353,10.77.1.1/24,1
20201019081354,10.77.1.2/24,8
20201019081355,10.77.1.2/24,-
20201019081356,192.168.1.1/24,12
20201019081357,192.168.1.1/24,4
20201019081358,10.77.1.2/24,91
20201019081400,10.77.1.1/24,3
20201019081401,10.77.1.1/24,58
20201019081402,192.168.1.1/24,1
20201019081403,10.77.1.1/24,22
20201019081404,10.77.1.2/24,9
20201019081405,192.168.1.2/24,2
20201019081406,192.168.1.1/24,41
20201019081408,10.77.1.2/24,2
20201019081409,10.77.1.1/24,2
20201019081410,10.20.30.2/16,-
20201019081412,10.77.1.2/24,8
20201019081414,10.20.30.1/16,8
20201019081415,10.77.1.1/24,-
20201019081416,192.168.1.2/24,9
20201019081417,10.77.1.1/24,-
20201019081419,192.168.1.2/24,5
20201019081420,10.77.1.1/24,7
20201019081421,10.77.1.2/24,6
20201019081422,192.168.1.1/24,2
20201019081424,10.77.1.1/24,9
20201019081425,10.20.30.1/16,63
20201019081426,10.20.30.2/16,-
20201019081427,10.77.1.1/24,-
20201019081428,10.77.1.1/24,1
20201019081430,10.20.30.1/16,7
20201019081431,192.168.1.1/24,52
20201019081432,10.20.30.2/16,8
20201019081433,10.20.30.2/16,8
20201019081434,10.20.30.1/16,12
20201019081435,10.20.30.1/16,7
20201019081436,10.20.30.2/16,4
20201019081437,192.168.1.2/24,15
20201019081439,10.20.30.2/16,4
20201019081440,192.168.1.2/24,4
20201019081442,192.168.1.1/24,5
20201019081443,10.20.30.2/16,3
20201019081444,10.77.1.2/24,5
20201019081445,10.20.30.1/16,-
20201019081446,10.77.1.1/24,-
20201019081447,10.20.30.2/16,4
20201019081449,192.168.1.2/24,8
20201019081450,10.20.30.2/16,5
20201019081451,192.168.1.1/24,-
20201019081453,192.168.1.2/24,-
20201019081454,10.77.1.2/24,-
20201019081455,192.168.1.2/24,-
20201019081457,10.77.1.2/24,4
20201019081458,10.77.1.2/24,-
20201019081459,10.20.30.1/16,-
20201019081501,10.20.30.2/16,22
20201019081502,10.77.1.1/24,5
20201019081503,10.20.30.2/16,2
20201019081504,10.20.30.1/16,1
20201019081505,10.20.30.1/16,66
20201019081506,10.77.1.1/24,-
20201019081507,192.168.1.1/24,17
20201019081508,10.77.1.1/24,8
20201019081509,192.168.1.1/24,9
20201019081511,10.77.1.1/24,1
20201019081512,192.168.1.2/24,4
20201019081514,10.77.1.2/24,-
20201019081515,192.168.1.1/24,7
20201019081516,10.20.30.1/16,4
20201019081517,10.20.30.2/16,7
20201019081518,192.168.1.1/24,19
20201019081519,10.20.30.1/16,34
20201019081520,192.168.1.2/24,11
20201019081521,10.77.1.2/24,1
20201019081523,192.168.1.1/24,-
20201019081524,10.20.30.1/16,3
20201019081525,10.77.1.2/24,1
20201019081526,10.20.30.1/16,53
20201019081528,10.20.30.1/16,-
20201019081529,192.168.1.1/24,8
20201019081531,10.20.30.2/16,9
20201019081532,10.77.1.2/24,-
20201019081533,10.20.30.2/16,88
20201019081535,10.20.30.2/16,1
20201019081536,10.77.1.2/24,6
20201019081537,192.168.1.1/24,-
20201019081538,10.77.1.1/24,1
20201019081540,10.77.1.1/24,-
20201019081541,192.168.1.2/24,5
20201019081542,10.20.30.1/16,-
20201019081544,192.168.1.2/24,-
20201019081545,10.77.1.1/24,15
20201019081546,192.168.1.1/24,7
20201019081547,192.168.1.1/24,2
20201019081548,10.77.1.1/24,2
20201019081549,192.168.1.2/24,43
20201019081550,10.20.30.1/16,5
20201019081551,10.77.1.2/24,1
20201019081552,10.20.30.2/16,2
20201019081553,10.20.30.1/16,1
20201019081554,10.77.1.2/24,5
20201019081555,10.77.1.2/24,50
20201019081557,10.20.30.1/16,9
20201019081558,10.20.30.2/16,-
20201019081559,192.168.1.1/24,-
20201019081601,10.77.1.1/24,-
20201019081602,192.168.1.1/24,7
20201019081603,192.168.1.2/24,7
20201019081604,192.168.1.1/24,92
20201019081606,10.77.1.2/24,4
20201019081608,10.20.30.1/16,3
20201019081609,10.20.30.2/16,61
20201019081610,10.20.30.2/16,86
20201019081612,10.20.30.2/16,9
20201019081613,192.168.1.1/24,1
20201019081614,192.168.1.2/24,7
20201019081615,10.20.30.2/16,1
20201019081616,10.77.1.1/24,62
20201019081618,10.20.30.2/16,20
20201019081620,10.77.1.2/24,9
20201019081621,10.20.30.1/16,5
20201019081622,10.77.1.1/24,-
20201019081624,10.20.30.1/16,-
20201019081625,192.168.1.2/24,4
20201019081627,10.77.1.2/24,17
20201019081628,192.168.1.1/24,6
20201019081630,192.168.1.1/24,7
20201019081631,192.168.1.2/24,1
20201019081632,10.77.1.1/24,6
20201019081634,192.168.1.1/24,9
20201019081635,10.77.1.2/24,7
20201019081636,10.20.30.1/16,5
20201019081637,10.20.30.2/16,-
20201019081638,10.20.30.2/16,91
20201019081639,192.168.1.1/24,41
20201019081641,10.77.1.2/24,8
20201019081642,10.77.1.2/24,6
20201019081643,10.77.1.2/24,3
20201019081644,10.77.1.1/24,9
20201019081645,10.77.1.1/24,1
20201019081647,10.20.30.2/16,8
20201019081648,192.168.1.1/24,35
20201019081650,10.77.1.2/24,8
20201019081651,192.168.1.2/24,2
20201019081652,10.20.30.1/16,3
20201019081653,10.77.1.1/24,10
20201019081654,192.168.1.2/24,1
20201019081655,192.168.1.1/24,26
20201019081657,10.20.30.2/16,2
20201019081659,10.20.30.1/16,11
20201019081700,10.20.30.2/16,3
20201019081701,10.20.30.1/16,9
20201019081702,10.20.30.2/16,55
20201019081703,192.168.1.1/24,7
20201019081704,10.20.30.2/16,-
20201019081705,10.77.1.2/24,56
20201019081706,10.77.1.1/24,2
20201019081707,10.20.30.2/16,9
20201019081708,10.77.1.2/24,1
20201019081709,10.77.1.2/24,-
20201019081711,10.20.30.2/16,47
20201019081712,10.77.1.2/24,8
20201019081713,10.77.1.1/24,9
20201019081714,192.168.1.1/24,2
20201019081715,10.77.1.1/24,4
20201019081716,10.20.30.1/16,-
20201019081717,10.20.30.1/16,1
20201019081718,10.20.30.1/16,21
20201019081720,192.168.1.1/24,52
20201019081721,10.20.30.2/16,3
20201019081722,10.20.30.2/16,4
20201019081723,192.168.1.2/24,4
20201019081724,192.168.1.1/24,-
20201019081725,192.168.1.1/24,4
20201019081726,10.77.1.1/24,-
20201019081728,10.77.1.2/24,78
20201019081729,10.77.1.2/24,43
20201019081731,10.20.30.1/16,1
20201019081733,192.168.1.2/24,62
20201019081734,192.168.1.1/24,-
20201019081735,10.77.1.2/24,-
20201019081736,10.20.30.1/16,38
20201019081737,10.20.30.1/16,38
20201019081738,10.20.30.1/16,3
20201019081740,10.20.30.2/16,-
20201019081741,10.20.30.1/16,-
20201019081742,10.77.1.1/24,2
20201019081743,10.20.30.2/16,4
20201019081745,192.168.1.1/24,2
20201019081746,10.77.1.2/24,66
20201019081747,10.77.1.2/24,5
20201019081748,192.168.1.2/24,4
20201019081749,192.168.1.2/24,9
20201019081751,192.168.1.1/24,-
20201019081752,192.168.1.1/24,15
20201019081753,10.20.30.1/16,4
20201019081754,10.20.30.1/16,8
20201019081755,192.168.1.2/24,9
20201019081756,10.77.1.2/24,2
20201019081757,10.77.1.1/24,-
20201019081759,192.168.1.1/24,-
20201019081800,10.77.1.2/24,-
20201019081802,192.168.1.2/24,5
20201019081803,192.168.1.2/24,8
20201019081804,10.77.1.1/24,2
20201019081806,10.77.1.1/24,-
20201019081807,10.20.30.2/16,20
20201019081808,10.20.30.2/16,-
20201019081809,10.77.1.2/24,20
20201019081810,10.77.1.2/24,-
20201019081811,10.20.30.2/16,28
20201019081812,10.20.30.2/16,-
20201019081813,10.77.1.2/24,6
20201019081815,10.20.30.1/16,76
20201019081816,192.168.1.2/24,14
20201019081818,192.168.1.1/24,22
20201019081820,10.77.1.1/24,7
20201019081822,10.20.30.2/16,6
20201019081823,10.77.1.1/24,21
20201019081824,10.77.1.2/24,7
20201019081825,192.168.1.1/24,7
20201019081826,192.168.1.2/24,-
20201019081828,10.77.1.2/24,9
20201019081829,10.77.1.2/24,6
20201019081831,192.168.1.2/24,7
20201019081832,192.168.1.2/24,5
20201019081833,10.20.30.2/16,2
20201019081834,10.20.30.2/16,6
20201019081835,10.77.1.1/24,-
20201019081836,10.20.30.2/16,7
20201019081837,192.168.1.1/24,-
20201019081838,10.77.1.2/24,-
20201019081839,10.20.30.1/16,22
20201019081841,192.168.1.2/24,65
20201019081842,10.77.1.1/24,1
20201019081843,10.20.30.2/16,-
20201019081844,10.77.1.2/24,2
20201019081845,192.168.1.1/24,9
20201019081846,10.20.30.2/16,10
20201019081847,192.168.1.2/24,-
20201019081848,192.168.1.1/24,26
20201019081849,10.77.1.2/24,-
20201019081850,10.20.30.1/16,5
20201019081851,192.168.1.2/24,2
20201019081852,10.77.1.2/24,5
20201019081853,192.168.1.1/24,7
20201019081854,10.20.30.1/16,89
20201019081855,10.20.30.2/16,55
20201019081856,10.20.30.1/16,3
20201019081858,10.77.1.1/24,59
20201019081859,10.77.1.2/24,9
20201019081900,192.168.1.1/24,8
20201019081901,10.77.1.2/24,-
20201019081902,192.168.1.1/24,6
20201019081904,10.20.30.2/16,9
20201019081906,192.168.1.2/24,7
20201019081907,10.77.1.2/24,5
20201019081908,10.77.1.1/24,98
20201019081909,10.20.30.2/16,6
20201019081910,10.77.1.1/24,5
20201019081911,192.168.1.2/24,10
20201019081912,10.77.1.2/24,-
20201019081914,10.20.30.2/16,-
20201019081916,10.20.30.1/16,7
20201019081917,192.168.1.2/24,-
20201019081918,10.77.1.2/24,-
20201019081919,192.168.1.1/24,6
20201019081920,10.20.30.1/16,5
20201019081921,10.20.30.2/16,7
20201019081922,10.77.1.1/24,27
20201019081923,192.168.1.1/24,93
20201019081924,192.168.1.2/24,36
20201019081925,192.168.1.2/24,6
20201019081926,10.77.1.2/24,1
20201019081928,10.20.30.1/16,-
20201019081930,192.168.1.1/24,3
20201019081931,10.77.1.1/24,40
20201019081932,10.77.1.1/24,12
20201019081933,10.20.30.1/16,-
20201019081934,192.168.1.1/24,-
20201019081935,10.77.1.1/24,9
20201019081937,10.20.30.2/16,64
20201019081938,192.168.1.2/24,1
20201019081939,192.168.1.2/24,-
20201019081941,10.77.1.1/24,26
20201019081942,10.77.1.2/24,2
20201019081944,10.77.1.1/24,33
20201019081946,10.20.30.2/16,-
20201019081947,192.168.1.2/24,5
20201019081948,10.20.30.2/16,6
20201019081949,10.20.30.2/16,66
20201019081950,10.20.30.2/16,-
20201019081951,10.20.30.1/16,24
20201019081952,10.20.30.2/16,91
20201019081953,192.168.1.2/24,2
20201019081954,10.20.30.1/16,3
20201019081955,10.77.1.1/24,8
20201019081957,192.168.1.2/24,7
20201019081958,10.77.1.2/24,9
20201019081959,10.77.1.2/24,3
20201019082000,10.77.1.2/24,7
20201019082001,10.77.1.2/24,-
20201019082002,10.77.1.2/24,8
20201019082003,10.77.1.2/24,7
20201019082004,192.168.1.2/24,-
20201019082005,192.168.1.1/24,2
20201019082006,10.77.1.1/24,-
20201019082007,10.77.1.1/24,83
20201019082008,192.168.1.1/24,-
20201019082009,10.77.1.2/24,8
20201019082010,10.77.1.2/24,-
20201019082011,10.77.1.2/24,37
20201019082012,192.168.1.2/24,9
20201019082014,192.168.1.1/24,-
20201019082015,10.77.1.1/24,6
20201019082016,10.77.1.2/24,2
20201019082018,10.77.1.2/24,5
20201019082019,10.77.1.1/24,-
20201019082020,10.20.30.1/16,8
20201019082021,10.77.1.2/24,-
20201019082022,10.77.1.1/24,12
20201019082024,192.168.1.2/24,5
20201019082025,10.77.1.2/24,6
20201019082026,10.20.30.1/16,-
20201019082028,10.20.30.2/16,7
20201019082029,10.20.30.2/16,-
20201019082030,10.20.30.2/16,-
20201019082031,10.77.1.1/24,8
20201019082032,10.77.1.2/24,2
20201019082034,192.168.1.1/24,50
20201019082035,192.168.1.2/24,1
20201019082037,10.77.1.1/24,38
20201019082039,10.77.1.1/24,1
20201019082040,192.168.1.2/24,78
20201019082041,192.168.1.2/24,-
20201019082043,192.168.1.2/24,-
20201019082044,192.168.1.2/24,3
20201019082045,10.77.1.1/24,-
20201019082046,10.77.1.1/24,-
20201019082047,192.168.1.1/24,8
20201019082048,10.77.1.2/24,1
20201019082049,192.168.1.1/24,3
20201019082050,10.77.1.1/24,2
20201019082051,10.77.1.2/24,-
20201019082052,10.20.30.1/16,8
20201019082054,192.168.1.2/24,5
20201019082056,192.168.1.1/24,16
20201019082057,10.20.30.1/16,3
20201019082058,10.77.1.1/24,-
20201019082059,10.20.30.2/16,-
20201019082100,10.20.30.1/16,-
20201019082101,192.168.1.2/24,82
20201019082102,10.20.30.2/16,43
20201019082103,10.20.30.1/16,-
20201019082105,10.77.1.2/24,5
20201019082106,10.20.30.2/16,12
20201019082107,10.20.30.2/16,37
20201019082108,10.77.1.2/24,50
20201019082109,10.20.30.2/16,5
20201019082110,192.168.1.2/24,1
20201019082111,192.168.1.2/24,7
20201019082112,10.77.1.2/24,-
20201019082113,10.20.30.1/16,1
20201019082115,192.168.1.1/24,78
20201019082117,10.77.1.1/24,2
20201019082118,192.168.1.1/24,44
20201019082119,10.20.30.1/16,21
20201019082120,10.20.30.1/16,1
20201019082121,10.77.1.1/24,2
20201019082122,10.20.30.1/16,0
20201019082123,10.20.30.1/16,8
20201019082125,192.168.1.2/24,8
20201019082126,10.77.1.1/24,4
20201019082127,10.77.1.1/24,11
20201019082128,192.168.1.1/24,3
20201019082129,10.20.30.2/16,6
20201019082131,192.168.1.1/24,5
20201019082132,10.77.1.2/24,5
20201019082133,192.168.1.2/24,9
20201019082134,192.168.1.1/24,7
20201019082135,192.168.1.1/24,2
20201019082137,10.20.30.2/16,84
20201019082138,10.20.30.1/16,81
20201019082139,10.77.1.2/24,6
20201019082140,192.168.1.1/24,5
20201019082142,192.168.1.1/24,3
20201019082143,10.77.1.2/24,33
20201019082144,10.20.30.1/16,-
20201019082145,10.77.1.1/24,-
20201019082146,10.77.1.2/24,-
20201019082147,192.168.1.1/24,-
20201019082148,10.20.30.2/16,7
20201019082149,10.77.1.2/24,17
20201019082150,10.77.1.2/24,1
20201019082152,10.77.1.1/24,-
20201019082153,10.20.30.2/16,5
20201019082155,10.77.1.2/24,7
20201019082156,192.168.1.2/24,-
20201019082157,192.168.1.1/24,18
20201019082158,10.77.1.2/24,34
20201019082159,192.168.1.2/24,1
20201019082201,192.168.1.2/24,7
20201019082202,10.77.1.1/24,9
20201019082203,10.77.1.1/24,7
20201019082204,10.20.30.2/16,5
20201019082205,10.20.30.2/16,47
20201019082206,192.168.1.2/24,30
20201019082207,192.168.1.1/24,4
20201019082208,192.168.1.2/24,3
20201019082210,192.168.1.1/24,-
20201019082211,10.20.30.1/16,8
20201019082212,10.77.1.2/24,2
20201019082213,192.168.1.2/24,8
20201019082214,10.20.30.2/16,-
20201019082216,10.77.1.1/24,-
20201019082217,10.77.1.1/24,92
20201019082218,10.20.30.2/16,9
20201019082219,192.168.1.1/24,-
20201019082220,10.77.1.1/24,70
20201019082222,10.20.30.1/16,4
20201019082223,10.77.1.2/24,28
20201019082224,10.77.1.2/24,-
20201019082225,10.77.1.2/24,-
20201019082226,10.77.1.1/24,-
20201019082227,10.77.1.2/24,2
20201019082228,10.77.1.1/24,65
20201019082229,10.77.1.2/24,1
20201019082230,10.20.30.2/16,69
20201019082231,10.20.30.1/16,16
20201019082232,10.20.30.1/16,18
20201019082233,10.77.1.1/24,-
20201019082234,10.20.30.1/16,9
20201019082235,192.168.1.2/24,-
20201019082236,10.20.30.1/16,7
20201019082237,10.20.30.1/16,33
20201019082238,192.168.1.1/24,2
20201019082239,192.168.1.2/24,6
20201019082241,10.20.30.1/16,-
20201019082242,192.168.1.2/24,26
20201019082243,10.77.1.1/24,7
20201019082244,192.168.1.1/24,-
20201019082245,10.77.1.2/24,39
20201019082246,192.168.1.2/24,7
20201019082247,10.20.30.2/16,6
20201019082249,10.77.1.1/24,1
20201019082251,192.168.1.1/24,69
20201019082252,10.20.30.1/16,24
20201019082253,192.168.1.2/24,7
20201019082254,10.20.30.2/16,9
20201019082255,10.77.1.1/24,4
20201019082256,192.168.1.1/24,4
20201019082257,10.77.1.1/24,-
20201019082258,10.20.30.2/16,7
20201019082259,10.77.1.2/24,1
20201019082301,10.20.30.1/16,-
20201019082302,192.168.1.1/24,-
20201019082303,192.168.1.2/24,41
20201019082304,192.168.1.2/24,8
20201019082305,10.77.1.1/24,1
20201019082306,10.77.1.2/24,2
20201019082307,10.77.1.1/24,43
20201019082308,10.77.1.1/24,7
20201019082310,10.77.1.1/24,-
20201019082311,10.77.1.2/24,87
20201019082313,10.20.30.2/16,-
20201019082314,192.168.1.1/24,1
20201019082315,192.168.1.1/24,76
20201019082316,192.168.1.2/24,-
20201019082317,10.77.1.1/24,8
20201019082319,10.20.30.2/16,8
20201019082320,10.77.1.2/24,-
20201019082322,10.20.30.1/16,-
20201019082323,192.168.1.2/24,3
20201019082325,10.20.30.1/16,6
20201019082326,10.77.1.1/24,4
20201019082328,10.77.1.2/24,-
20201019082330,192.168.1.2/24,18
20201019082331,192.168.1.2/24,50
20201019082332,10.20.30.2/16,42
20201019082333,10.77.1.1/24,-
20201019082334,10.77.1.1/24,-
20201019082335,10.20.30.2/16,-
20201019082336,10.20.30.2/16,8
20201019082337,10.77.1.2/24,6
20201019082338,10.20.30.1/16,14
20201019082339,192.168.1.1/24,4
20201019082340,10.77.1.1/24,9
20201019082341,10.77.1.2/24,53
20201019082342,10.20.30.2/16,91
20201019082343,10.20.30.1/16,15
20201019082344,10.20.30.2/16,1
20201019082345,192.168.1.1/24,21
20201019082347,10.77.1.1/24,1
20201019082348,10.20.30.1/16,46
20201019082349,192.168.1.1/24,-
20201019082350,192.168.1.2/24,6
20201019082352,10.20.30.2/16,16
20201019082354,192.168.1.1/24,4
20201019082356,192.168.1.1/24,9
20201019082357,192.168.1.2/24,5
20201019082358,10.20.30.2/16,7
20201019082359,192.168.1.1/24,23
20201019082400,10.20.30.1/16,7
20201019082401,10.77.1.2/24,-
20201019082402,192.168.1.1/24,10
20201019082403,10.77.1.1/24,8
20201019082404,10.20.30.2/16,5
20201019082405,192.168.1.2/24,2
20201019082406,10.20.30.2/16,-
20201019082407,192.168.1.2/24,-
20201019082408,192.168.1.1/24,-
20201019082409,10.77.1.2/24,5
20201019082411,10.77.1.2/24,-
20201019082412,192.168.1.1/24,68
20201019082413,192.168.1.2/24,3
20201019082414,10.20.30.1/16,76
20201019082416,10.20.30.2/16,9
20201019082418,192.168.1.1/24,-
20201019082420,10.77.1.2/24,5
20201019082422,10.20.30.2/16,72
20201019082423,192.168.1.1/24,9
20201019082424,10.77.1.2/24,1
20201019082425,10.20.30.1/16,2
20201019082426,10.77.1.2/24,-
20201019082428,10.77.1.1/24,-
20201019082430,10.20.30.1/16,-
20201019082431,192.168.1.2/24,5
20201019082432,10.20.30.1/16,2
20201019082433,10.77.1.2/24,92
20201019082435,10.20.30.2/16,8
20201019082436,10.20.30.1/16,2
20201019082437,10.77.1.2/24,7
20201019082438,10.20.30.1/16,7
20201019082439,10.20.30.1/16,-
20201019082441,192.168.1.2/24,5
20201019082442,10.20.30.1/16,-
20201019082443,10.77.1.1/24,-
20201019082444,10.77.1.1/24,56
20201019082446,10.77.1.2/24,7
20201019082447,10.77.1.2/24,31
20201019082449,10.77.1.1/24,-
20201019082450,10.20.30.2/16,21
20201019082451,192.168.1.2/24,3
20201019082452,192.168.1.1/24,40
20201019082453,10.20.30.1/16,-
20201019082454,10.20.30.2/16,6
20201019082455,10.77.1.1/24,-
20201019082457,10.20.30.2/16,-
20201019082458,10.20.30.2/16,-
20201019082459,10.77.1.2/24,5
20201019082500,10.77.1.1/24,6
20201019082501,10.77.1.1/24,43
20201019082502,10.77.1.1/24,7
20201019082503,10.77.1.1/24,6
20201019082504,10.77.1.1/24,-
20201019082505,10.77.1.1/24,-
20201019082506,192.168.1.2/24,-
20201019082508,10.77.1.1/24,70
20201019082509,10.77.1.2/24,5
20201019082510,192.168.1.2/24,2
20201019082512,192.168.1.1/24,-
20201019082513,10.77.1.2/24,76
20201019082514,192.168.1.1/24,2
20201019082516,192.168.1.2/24,6
20201019082517,192.168.1.1/24,6
20201019082518,10.77.1.2/24,-
20201019082519,10.20.30.2/16,38
20201019082520,10.77.1.2/24,-
20201019082521,192.168.1.1/24,7
20201019082522,10.77.1.2/24,4
20201019082524,192.168.1.1/24,6
20201019082525,10.20.30.2/16,2
20201019082526,10.20.30.1/16,-
20201019082527,10.20.30.2/16,3
20201019082528,192.168.1.1/24,4
20201019082529,10.20.30.2/16,-
20201019082530,10.20.30.1/16,4
20201019082531,10.77.1.1/24,5
20201019082532,192.168.1.2/24,8
20201019082533,10.77.1.2/24,22
20201019082534,10.77.1.2/24,8
20201019082535,192.168.1.1/24,2
20201019082536,10.77.1.2/24,-
20201019082537,10.20.30.2/16,4
20201019082538,10.20.30.2/16,7
20201019082539,192.168.1.2/24,7
20201019082540,10.77.1.1/24,9
20201019082541,192.168.1.1/24,-
20201019082542,10.20.30.1/16,8
20201019082543,192.168.1.2/24,8
20201019082544,192.168.1.1/24,1
20201019082545,192.168.1.2/24,-
20201019082546,192.168.1.1/24,5
20201019082548,10.77.1.2/24,7
20201019082550,192.168.1.1/24,-
20201019082551,10.20.30.1/16,-
20201019082552,10.77.1.2/24,7
20201019082554,10.77.1.2/24,68
20201019082556,10.20.30.1/16,1
20201019082557,10.77.1.2/24,-
20201019082558,10.20.30.2/16,8
20201019082559,192.168.1.2/24,4
20201019082600,10.20.30.1/16,9
20201019082601,10.20.30.2/16,32
20201019082603,192.168.1.1/24,3
20201019082604,10.77.1.1/24,-
20201019082605,10.20.30.1/16,-
20201019082606,192.168.1.2/24,-
20201019082607,10.77.1.2/24,5
20201019082608,10.77.1.1/24,10
20201019082609,10.77.1.2/24,4
20201019082610,192.168.1.2/24,5
20201019082611,10.77.1.2/24,15
20201019082612,10.20.30.2/16,11
20201019082613,192.168.1.1/24,7
20201019082614,10.77.1.1/24,59
20201019082616,10.77.1.1/24,10
20201019082618,10.20.30.1/16,1
20201019082619,10.77.1.1/24,-
20201019082620,10.77.1.1/24,-
20201019082621,192.168.1.2/24,-
20201019082622,10.20.30.2/16,80
20201019082623,10.20.30.2/16,9
20201019082624,192.168.1.2/24,19
20201019082625,192.168.1.1/24,1
20201019082626,10.77.1.1/24,17
20201019082627,192.168.1.1/24,2
20201019082628,192.168.1.1/24,55
20201019082629,192.168.1.2/24,7
20201019082630,10.77.1.1/24,1
20201019082631,192.168.1.1/24,41
20201019082632,10.20.30.1/16,1
20201019082633,192.168.1.1/24,2
20201019082634,192.168.1.1/24,11
20201019082635,10.77.1.2/24,4
20201019082636,10.77.1.2/24,14
20201019082637,192.168.1.1/24,7
20201019082639,10.77.1.2/24,90
20201019082641,192.168.1.2/24,6
20201019082642,10.20.30.2/16,9
20201019082643,10.77.1.2/24,74
20201019082644,192.168.1.2/24,61
20201019082645,192.168.1.2/24,5
20201019082647,10.77.1.1/24,-
20201019082648,192.168.1.2/24,4
20201019082650,10.77.1.2/24,1
20201019082651,10.20.30.1/16,39
20201019082652,10.77.1.1/24,72
20201019082654,10.20.30.2/16,9
20201019082655,10.77.1.2/24,59
20201019082656,192.168.1.1/24,2
20201019082657,192.168.1.2/24,58
20201019082659,10.77.1.1/24,6
20201019082700,192.168.1.1/24,37
20201019082702,192.168.1.1/24,7
20201019082703,10.20.30.1/16,2
20201019082704,10.77.1.2/24,-
20201019082705,10.20.30.2/16,8
20201019082706,10.20.30.2/16,5
20201019082708,10.20.30.1/16,1
20201019082709,192.168.1.1/24,-
20201019082710,10.77.1.2/24,-
20201019082711,192.168.1.2/24,3
20201019082712,10.77.1.1/24,6
20201019082713,10.77.1.1/24,1
20201019082715,192.168.1.2/24,5
20201019082716,192.168.1.1/24,9
20201019082717,192.168.1.1/24,-
20201019082718,192.168.1.2/24,5
20201019082719,192.168.1.1/24,8
20201019082720,10.77.1.2/24,5
20201019082721,10.20.30.1/16,46
20201019082722,10.77.1.1/24,49
20201019082723,10.20.30.1/16,6
20201019082724,10.77.1.2/24,-
20201019082725,10.20.30.2/16,-
20201019082727,192.168.1.1/24,-
20201019082728,10.77.1.2/24,8
20201019082730,192.168.1.2/24,20
20201019082731,192.168.1.2/24,-
20201019082733,10.20.30.1/16,11
20201019082734,10.77.1.1/24,6
20201019082735,192.168.1.1/24,7
20201019082736,10.20.30.2/16,18
20201019082737,10.20.30.1/16,9
20201019082738,192.168.1.1/24,7
20201019082739,10.20.30.1/16,8
20201019082740,10.77.1.2/24,9
20201019082741,10.77.1.1/24,50
20201019082742,10.77.1.1/24,66
20201019082743,10.77.1.2/24,-
20201019082744,10.20.30.2/16,92
20201019082745,10.77.1.2/24,2
20201019082746,10.77.1.1/24,-
20201019082748,10.20.30.2/16,9
20201019082749,10.20.30.2/16,71
20201019082751,10.20.30.1/16,53
20201019082752,192.168.1.2/24,-
20201019082753,10.77.1.1/24,-
20201019082754,192.168.1.2/24,14
20201019082756,10.20.30.1/16,8
20201019082758,10.77.1.1/24,8
20201019082759,10.77.1.1/24,11
20201019082800,10.77.1.1/24,3
20201019082802,10.77.1.2/24,9
20201019082803,10.20.30.2/16,3
20201019082804,10.20.30.1/16,3
20201019082805,10.20.30.1/16,-
20201019082806,192.168.1.2/24,58
20201019082808,192.168.1.2/24,-
20201019082809,192.168.1.2/24,1
20201019082810,10.20.30.1/16,4
20201019082811,10.20.30.1/16,4
20201019082812,192.168.1.2/24,9
20201019082813,10.20.30.2/16,27
20201019082815,192.168.1.1/24,5
20201019082816,10.20.30.2/16,7
20201019082817,192.168.1.1/24,-
20201019082818,192.168.1.1/24,6
20201019082820,10.20.30.1/16,46
20201019082821,10.20.30.2/16,68
20201019082822,10.77.1.2/24,3
20201019082823,10.77.1.2/24,-
20201019082825,10.77.1.1/24,6
20201019082826,192.168.1.1/24,-
20201019082827,10.20.30.2/16,-
20201019082829,192.168.1.1/24,6
20201019082830,10.20.30.1/16,1
20201019082832,10.77.1.1/24,3
20201019082834,192.168.1.2/24,9
20201019082835,10.20.30.2/16,1
20201019082836,10.20.30.2/16,8
20201019082837,10.20.30.1/16,19
20201019082838,10.20.30.2/16,9
20201019082839,10.77.1.2/24,8
20201019082840,10.20.30.1/16,-
20201019082842,10.77.1.1/24,5
20201019082843,10.77.1.2/24,8
20201019082844,192.168.1.2/24,6
20201019082845,10.77.1.1/24,46
20201019082846,10.77.1.2/24,2
20201019082847,10.20.30.1/16,9
20201019082848,192.168.1.2/24,-
20201019082849,10.77.1.2/24,2
20201019082851,192.168.1.2/24,-
20201019082852,192.168.1.2/24,30
20201019082853,10.77.1.1/24,4
20201019082854,192.168.1.2/24,82
20201019082855,10.20.30.2/16,8
20201019082856,10.20.30.1/16,5
20201019082857,192.168.1.1/24,48
20201019082858,192.168.1.1/24,-
20201019082900,10.20.30.2/16,4
20201019082901,192.168.1.1/24,98
20201019082903,10.77.1.1/24,-
20201019082905,10.77.1.1/24,-
20201019082906,10.20.30.1/16,-
20201019082907,192.168.1.1/24,-
20201019082908,10.77.1.2/24,3
20201019082909,192.168.1.1/24,2
20201019082911,10.20.30.1/16,-
20201019082912,192.168.1.1/24,40
20201019082913,10.20.30.1/16,62
20201019082915,192.168.1.2/24,-
20201019082916,10.77.1.1/24,9
20201019082917,10.20.30.1/16,5
20201019082918,192.168.1.2/24,27
20201019082919,10.20.30.1/16,-
20201019082920,192.168.1.1/24,-
20201019082922,192.168.1.1/24,6
20201019082923,10.20.30.2/16,-
20201019082924,10.77.1.1/24,27
20201019082926,10.20.30.2/16,1
20201019082927,192.168.1.2/24,-
20201019082929,10.20.30.1/16,2
20201019082930,192.168.1.2/24,13
20201019082931,10.20.30.1/16,95
20201019082932,192.168.1.2/24,7
20201019082933,10.20.30.2/16,8
20201019082934,10.20.30.2/16,-
20201019082935,10.77.1.1/24,29
20201019082936,192.168.1.2/24,-
20201019082937,10.77.1.1/24,-
20201019082938,10.77.1.1/24,8
20201019082939,10.77.1.1/24,-
20201019082940,10.77.1.2/24,4
20201019082942,10.77.1.1/24,7
20201019082943,192.168.1.2/24,-
20201019082944,192.168.1.1/24,7
20201019082945,192.168.1.1/24,4
20201019082946,10.20.30.1/16,4
20201019082947,192.168.1.1/24,-
20201019082948,10.20.30.2/16,48
20201019082949,10.20.30.2/16,7
20201019082950,10.20.30.2/16,3
20201019082951,192.168.1.1/24,7
20201019082952,10.77.1.2/24,23
20201019082953,10.77.1.2/24,3
20201019082955,192.168.1.1/24,10
20201019082956,10.20.30.2/16,9
20201019082957,192.168.1.2/24,9
20201019082958,10.20.30.2/16,11
20201019082959,10.20.30.2/16,80
20201019083000,192.168.1.1/24,-
20201019083001,192.168.1.1/24,-
20201019083002,10.77.1.1/24,8
20201019083003,10.20.30.2/16,2
20201019083004,10.20.30.2/16,3
20201019083006,192.168.1.1/24,3
20201019083008,10.20.30.2/16,5
20201019083009,10.77.1.2/24,4
20201019083011,192.168.1.2/24,60
20201019083012,10.20.30.2/16,-
20201019083013,10.20.30.1/16,8
20201019083014,10.77.1.1/24,-
20201019083015,10.77.1.1/24,5
20201019083016,192.168.1.1/24,7
20201019083017,10.77.1.2/24,3
20201019083018,192.168.1.1/24,2
20201019083019,192.168.1.1/24,28
20201019083020,10.77.1.2/24,1
20201019083021,10.20.30.1/16,6
20201019083023,10.77.1.1/24,73
20201019083024,10.77.1.1/24,1
20201019083025,192.168.1.1/24,-
20201019083026,10.77.1.2/24,27
20201019083027,10.77.1.2/24,8
20201019083028,192.168.1.1/24,-
20201019083029,10.77.1.1/24,-
20201019083031,10.20.30.2/16,-
20201019083032,10.77.1.2/24,7
20201019083033,192.168.1.1/24,20
20201019083034,10.77.1.2/24,-
20201019083035,10.20.30.1/16,-
20201019083036,10.20.30.1/16,-
20201019083037,192.168.1.1/24,12
20201019083038,192.168.1.1/24,9
20201019083040,192.168.1.2/24,-
20201019083041,10.77.1.2/24,36
20201019083042,10.77.1.2/24,6
20201019083043,10.20.30.1/16,1
20201019083044,192.168.1.2/24,-
20201019083046,10.20.30.1/16,1
20201019083047,10.77.1.1/24,-
20201019083048,192.168.1.1/24,49
20201019083049,10.20.30.2/16,50
20201019083050,10.20.30.2/16,-
20201019083051,10.20.30.1/16,5
20201019083052,192.168.1.2/24,9
20201019083053,10.20.30.1/16,3
20201019083054,10.20.30.1/16,2
20201019083055,10.20.30.2/16,22
20201019083056,192.168.1.2/24,79
20201019083058,10.20.30.2/16,7
20201019083059,10.20.30.1/16,7
20201019083100,10.20.30.1/16,9
20201019083101,192.168.1.1/24,-
20201019083102,192.168.1.2/24,8
20201019083103,192.168.1.2/24,-
20201019083104,10.20.30.1/16,8
20201019083105,10.20.30.1/16,58
20201019083106,10.20.30.1/16,4
20201019083107,192.168.1.2/24,34
20201019083108,10.20.30.1/16,-
20201019083109,10.20.30.2/16,-
20201019083110,10.77.1.2/24,61
20201019083112,192.168.1.2/24,9
20201019083113,192.168.1.1/24,1
20201019083114,10.20.30.2/16,-
20201019083115,10.77.1.1/24,-
20201019083116,10.77.1.2/24,5
20201019083117,10.77.1.1/24,2
20201019083118,192.168.1.2/24,1
20201019083119,10.77.1.1/24,-
20201019083120,10.20.30.2/16,10
20201019083121,10.20.30.1/16,3
20201019083122,10.77.1.2/24,59
20201019083123,192.168.1.1/24,-
20201019083124,10.20.30.1/16,1
20201019083125,10.20.30.1/16,-
20201019083126,10.77.1.2/24,14
20201019083128,10.77.1.1/24,4
20201019083129,192.168.1.1/24,6
20201019083130,10.77.1.2/24,-
20201019083131,192.168.1.2/24,-
20201019083132,10.77.1.2/24,-
20201019083133,10.20.30.1/16,9
20201019083134,10.20.30.2/16,8
20201019083135,10.20.30.1/16,6
20201019083136,10.77.1.2/24,7
20201019083137,10.20.30.2/16,30
20201019083138,192.168.1.2/24,11
20201019083139,10.20.30.1/16,-
20201019083141,192.168.1.1/24,7
20201019083142,192.168.1.2/24,-
20201019083143,10.77.1.1/24,8
20201019083144,192.168.1.2/24,-
20201019083145,10.20.30.2/16,2
20201019083146,10.20.30.2/16,8
20201019083147,10.77.1.2/24,-
20201019083149,10.77.1.1/24,5
20201019083150,10.20.30.1/16,9
20201019083152,10.77.1.2/24,-
20201019083153,192.168.1.2/24,8
20201019083154,192.168.1.1/24,7
20201019083156,192.168.1.2/24,4
20201019083157,10.20.30.1/16,3
20201019083158,10.20.30.2/16,9
20201019083159,192.168.1.1/24,8
20201019083200,10.77.1.2/24,1
20201019083202,192.168.1.2/24,-
20201019083204,10.77.1.1/24,19
20201019083206,10.20.30.2/16,40
20201019083207,10.20.30.1/16,2
20201019083209,10.77.1.1/24,2
20201019083210,10.77.1.1/24,-
20201019083211,10.20.30.1/16,9
20201019083212,192.168.1.2/24,18
20201019083213,10.20.30.1/16,6
20201019083214,10.77.1.1/24,-
20201019083215,192.168.1.1/24,8
20201019083216,10.77.1.2/24,9
20201019083217,10.20.30.1/16,8
20201019083218,10.20.30.1/16,-
20201019083219,10.77.1.2/24,9
20201019083220,10.20.30.1/16,2
20201019083221,192.168.1.2/24,9
20201019083222,192.168.1.2/24,9
20201019083223,10.20.30.1/16,4
20201019083224,192.168.1.1/24,5
20201019083225,192.168.1.1/24,5
20201019083226,192.168.1.1/24,4
20201019083227,192.168.1.2/24,1
20201019083228,192.168.1.2/24,4
20201019083230,10.20.30.1/16,-
20201019083231,192.168.1.1/24,12
20201019083233,192.168.1.2/24,4
20201019083234,10.20.30.2/16,45
20201019083235,192.168.1.1/24,33
20201019083236,10.20.30.1/16,6
20201019083237,10.77.1.2/24,3
20201019083238,10.77.1.1/24,-
20201019083239,10.77.1.2/24,78
20201019083240,10.77.1.1/24,7
20201019083242,10.20.30.2/16,-
20201019083243,192.168.1.2/24,1
20201019083244,10.77.1.1/24,1
20201019083245,192.168.1.2/24,-
20201019083246,10.77.1.2/24,3
20201019083247,10.20.30.1/16,5
20201019083248,192.168.1.2/24,17
20201019083249,10.20.30.1/16,94
20201019083250,192.168.1.2/24,2
20201019083251,192.168.1.1/24,9
20201019083253,10.20.30.2/16,7
20201019083254,10.77.1.2/24,7
20201019083255,10.77.1.2/24,-
20201019083256,192.168.1.1/24,-
20201019083257,10.77.1.1/24,6
20201019083258,10.20.30.1/16,4
20201019083259,10.77.1.2/24,-
20201019083300,192.168.1.2/24,-
20201019083301,10.77.1.1/24,47
20201019083302,192.168.1.2/24,8
20201019083303,10.20.30.2/16,77
20201019083305,10.20.30.1/16,3
20201019083306,10.20.30.1/16,7
20201019083307,10.20.30.2/16,5
20201019083309,10.20.30.1/16,5
20201019083310,10.77.1.2/24,19
20201019083311,10.20.30.1/16,2
20201019083313,192.168.1.2/24,2
20201019083314,10.77.1.1/24,80
20201019083316,10.20.30.2/16,5
20201019083317,10.77.1.1/24,2
20201019083318,10.20.30.1/16,-
20201019083319,192.168.1.2/24,8
20201019083320,10.77.1.2/24,-
20201019083321,10.20.30.2/16,9
20201019083322,10.20.30.2/16,1
20201019083324,192.168.1.2/24,-
20201019083326,10.77.1.2/24,6
20201019083327,10.20.30.2/16,91
20201019083328,10.20.30.1/16,4
20201019083329,10.77.1.1/24,-
20201019083331,192.168.1.1/24,-
20201019083332,10.77.1.1/24,-
20201019083333,192.168.1.1/24,-
20201019083334,192.168.1.1/24,5
20201019083336,10.77.1.1/24,23
20201019083337,10.20.30.2/16,3
20201019083338,192.168.1.1/24,6
20201019083339,10.20.30.2/16,9
20201019083340,10.20.30.2/16,1
20201019083342,192.168.1.2/24,3
20201019083343,10.20.30.1/16,6
20201019083345,10.77.1.1/24,2
20201019083346,10.20.30.2/16,7
20201019083347,10.20.30.1/16,80
20201019083348,192.168.1.1/24,3
20201019083349,10.77.1.1/24,8
20201019083351,10.77.1.2/24,4
20201019083353,192.168.1.1/24,2
20201019083354,10.77.1.2/24,9
20201019083355,10.20.30.2/16,84
20201019083356,10.20.30.2/16,7
20201019083357,10.20.30.2/16,6
20201019083358,192.168.1.2/24,4
20201019083359,192.168.1.2/24,8
20201019083400,192.168.1.2/24,85
20201019083401,192.168.1.1/24,-
20201019083403,10.20.30.2/16,4
20201019083404,192.168.1.2/24,5
20201019083405,192.168.1.2/24,-
20201019083407,10.77.1.1/24,86
20201019083408,10.77.1.2/24,-
20201019083409,10.77.1.1/24,32
20201019083410,10.77.1.1/24,6
20201019083411,10.20.30.1/16,-
20201019083412,10.20.30.2/16,7
20201019083413,10.77.1.2/24,-
20201019083414,192.168.1.1/24,-
20201019083415,192.168.1.1/24,99
20201019083417,192.168.1.1/24,8
20201019083418,10.20.30.2/16,0
20201019083419,192.168.1.2/24,9
20201019083420,10.77.1.1/24,6
20201019083421,192.168.1.2/24,-
20201019083422,192.168.1.1/24,59
20201019083423,10.77.1.2/24,7
20201019083424,10.77.1.1/24,2
20201019083426,192.168.1.1/24,5
20201019083428,10.77.1.2/24,-
20201019083429,10.77.1.2/24,4
20201019083430,192.168.1.2/24,-
20201019083431,192.168.1.1/24,23
20201019083432,10.77.1.2/24,-
20201019083434,10.20.30.2/16,4
20201019083435,10.77.1.1/24,3
20201019083437,192.168.1.2/24,5
20201019083438,10.20.30.2/16,-
20201019083439,10.77.1.2/24,4
20201019083440,10.20.30.2/16,-
20201019083442,10.77.1.2/24,6
20201019083443,192.168.1.1/24,6
20201019083445,10.77.1.1/24,-
20201019083447,10.20.30.2/16,6
20201019083448,10.77.1.2/24,95
20201019083450,10.77.1.1/24,8
20201019083452,10.77.1.1/24,-
20201019083454,10.77.1.2/24,6
20201019083455,10.20.30.2/16,9
20201019083457,192.168.1.1/24,6
20201019083458,10.77.1.2/24,33
20201019083459,192.168.1.1/24,2
20201019083500,192.168.1.2/24,7
20201019083501,192.168.1.2/24,2
20201019083502,10.20.30.2/16,7
20201019083503,192.168.1.2/24,-
20201019083504,192.168.1.1/24,-
20201019083505,10.20.30.2/16,2
20201019083506,10.77.1.2/24,67
20201019083507,10.20.30.2/16,38
20201019083508,192.168.1.1/24,41
20201019083510,192.168.1.1/24,4
20201019083512,10.77.1.2/24,92
20201019083513,192.168.1.1/24,-
20201019083514,192.168.1.2/24,1
20201019083515,10.20.30.2/16,32
20201019083516,192.168.1.2/24,-
20201019083517,192.168.1.2/24,9
20201019083518,10.77.1.1/24,5
20201019083519,192.168.1.1/24,77
20201019083520,10.77.1.2/24,-
20201019083521,10.77.1.2/24,6
20201019083522,10.77.1.2/24,42
20201019083523,192.168.1.1/24,-
20201019083524,10.77.1.1/24,4
20201019083525,192.168.1.2/24,6
20201019083526,192.168.1.2/24,1
20201019083527,10.20.30.2/16,1
20201019083529,10.20.30.1/16,3
20201019083530,10.77.1.2/24,10
20201019083531,10.77.1.1/24,6
20201019083532,10.77.1.1/24,-
20201019083533,10.77.1.2/24,2
20201019083535,10.20.30.2/16,7
20201019083536,192.168.1.2/24,6
20201019083538,10.77.1.1/24,2
20201019083539,10.77.1.1/24,49
20201019083541,192.168.1.2/24,3
20201019083543,10.20.30.2/16,9
20201019083544,192.168.1.2/24,60
20201019083545,10.20.30.2/16,-
20201019083546,10.77.1.1/24,29
20201019083547,192.168.1.2/24,-
20201019083548,10.20.30.2/16,5
20201019083549,10.20.30.2/16,5
20201019083550,10.77.1.1/24,7
20201019083551,10.20.30.2/16,62
20201019083552,10.20.30.2/16,95
20201019083554,10.77.1.1/24,9
20201019083555,10.20.30.2/16,1
20201019083556,10.77.1.2/24,-
20201019083557,10.77.1.2/24,-
20201019083558,192.168.1.1/24,-
20201019083559,192.168.1.2/24,-
20201019083600,192.168.1.1/24,7
20201019083601,10.77.1.1/24,1
20201019083603,10.20.30.1/16,3
20201019083604,10.20.30.1/16,-
20201019083605,10.20.30.2/16,-
20201019083606,192.168.1.2/24,82
20201019083607,192.168.1.2/24,-
20201019083608,10.77.1.2/24,-
20201019083609,10.20.30.1/16,1
20201019083610,192.168.1.2/24,85
20201019083611,10.77.1.2/24,4
20201019083612,10.20.30.2/16,-
20201019083613,10.77.1.1/24,5
20201019083614,192.168.1.1/24,8
20201019083615,192.168.1.1/24,78
20201019083616,192.168.1.2/24,7
20201019083617,10.20.30.2/16,-
20201019083618,10.77.1.2/24,61
20201019083620,10.77.1.2/24,9
20201019083621,10.77.1.2/24,-
20201019083622,192.168.1.1/24,7
20201019083623,10.20.30.1/16,5
20201019083624,192.168.1.2/24,6
20201019083625,10.20.30.2/16,8
20201019083626,10.20.30.2/16,7
20201019083627,10.20.30.1/16,-
20201019083628,10.77.1.1/24,-
20201019083629,10.77.1.2/24,20
20201019083630,10.20.30.1/16,32
20201019083631,10.77.1.2/24,9
20201019083633,10.20.30.1/16,38
20201019083635,10.20.30.2/16,90
20201019083636,192.168.1.2/24,5
20201019083637,10.20.30.2/16,4
20201019083638,10.20.30.1/16,3
20201019083639,10.20.30.2/16,-
20201019083640,10.20.30.1/16,3
20201019083641,10.77.1.1/24,-
20201019083642,10.77.1.2/24,9
20201019083643,10.77.1.1/24,6
20201019083644,10.77.1.2/24,8
20201019083645,10.20.30.2/16,3
20201019083646,10.20.30.1/16,71
20201019083648,10.77.1.2/24,5
20201019083649,192.168.1.2/24,6
20201019083651,10.77.1.1/24,2
20201019083653,192.168.1.2/24,53
20201019083655,10.77.1.2/24,3
20201019083656,192.168.1.1/24,6
20201019083658,192.168.1.1/24,24
20201019083659,10.77.1.2/24,4
20201019083700,10.77.1.1/24,64
20201019083701,10.77.1.2/24,6
20201019083703,10.77.1.1/24,2
20201019083704,10.20.30.1/16,2
20201019083705,192.168.1.1/24,75
20201019083706,192.168.1.1/24,-
20201019083708,10.20.30.2/16,9
20201019083709,10.20.30.1/16,5
20201019083711,192.168.1.1/24,4
20201019083712,192.168.1.1/24,5
20201019083713,10.20.30.2/16,3
20201019083714,10.77.1.2/24,6
20201019083715,192.168.1.1/24,-
20201019083716,10.20.30.2/16,2
20201019083717,10.20.30.1/16,6
20201019083719,10.20.30.1/16,8
20201019083721,192.168.1.1/24,6
20201019083722,192.168.1.1/24,1
20201019083723,192.168.1.1/24,7
20201019083724,192.168.1.1/24,32
20201019083725,10.77.1.1/24,21
20201019083726,192.168.1.2/24,4
20201019083728,10.77.1.2/24,-
20201019083730,10.77.1.1/24,38
20201019083731,10.20.30.1/16,-
20201019083732,10.20.30.1/16,20
20201019083733,10.77.1.1/24,64
20201019083734,10.20.30.1/16,10
20201019083735,192.168.1.1/24,1
20201019083737,192.168.1.1/24,56
20201019083738,10.77.1.2/24,3
20201019083739,10.20.30.1/16,8
20201019083740,192.168.1.2/24,2
20201019083742,192.168.1.1/24,5
20201019083744,192.168.1.2/24,3
20201019083746,192.168.1.2/24,7
20201019083747,10.20.30.1/16,-
20201019083748,192.168.1.1/24,-
20201019083749,10.77.1.2/24,-
20201019083751,192.168.1.1/24,6
20201019083752,10.77.1.2/24,1
20201019083753,10.20.30.1/16,9
20201019083754,10.77.1.2/24,42
20201019083755,10.77.1.1/24,11
20201019083756,10.20.30.2/16,7
20201019083757,192.168.1.1/24,-
20201019083758,10.77.1.2/24,5
20201019083759,10.20.30.2/16,19
20201019083800,10.20.30.2/16,2
20201019083802,192.168.1.2/24,6
20201019083803,10.77.1.1/24,96
20201019083804,10.20.30.2/16,7
20201019083805,192.168.1.2/24,2
20201019083806,10.77.1.1/24,9
20201019083807,10.77.1.2/24,6
20201019083808,192.168.1.1/24,7
20201019083809,192.168.1.2/24,-
20201019083811,10.77.1.1/24,7
20201019083813,192.168.1.1/24,1
20201019083814,10.20.30.1/16,2
20201019083815,10.77.1.2/24,45
20201019083817,10.77.1.2/24,-
20201019083819,10.77.1.1/24,4
20201019083820,192.168.1.1/24,5
20201019083821,192.168.1.1/24,-
20201019083822,10.77.1.2/24,7
20201019083823,10.20.30.1/16,-
20201019083824,10.20.30.2/16,-
20201019083825,192.168.1.2/24,8
20201019083826,10.20.30.2/16,25
20201019083828,192.168.1.1/24,3
20201019083829,10.20.30.1/16,4
20201019083830,10.77.1.1/24,8
20201019083831,10.77.1.1/24,-
20201019083832,192.168.1.2/24,-
20201019083834,10.20.30.2/16,3
20201019083835,192.168.1.1/24,-
20201019083836,10.77.1.2/24,15
20201019083838,192.168.1.1/24,10
20201019083839,10.20.30.1/16,-
20201019083840,10.77.1.2/24,1
20201019083841,10.77.1.2/24,-
20201019083842,192.168.1.2/24,6
20201019083843,10.20.30.1/16,37
20201019083844,10.77.1.1/24,-
20201019083845,10.77.1.1/24,9
20201019083847,10.77.1.2/24,-
20201019083849,10.77.1.1/24,4
20201019083851,192.168.1.1/24,8
20201019083853,10.20.30.2/16,6
20201019083855,10.77.1.2/24,29
20201019083856,10.20.30.1/16,-
20201019083857,10.77.1.1/24,7
20201019083858,192.168.1.1/24,9
20201019083859,10.77.1.1/24,-
20201019083900,10.20.30.2/16,2
20201019083901,10.20.30.1/16,6
20201019083903,10.20.30.2/16,-
20201019083905,10.77.1.2/24,2
20201019083906,192.168.1.2/24,-
20201019083908,10.77.1.1/24,1
20201019083909,192.168.1.1/24,9
20201019083910,10.20.30.1/16,-
20201019083911,10.77.1.1/24,5
20201019083912,192.168.1.2/24,7
20201019083913,192.168.1.1/24,-
20201019083914,10.77.1.2/24,1
20201019083915,192.168.1.2/24,-
20201019083917,10.20.30.2/16,7
20201019083919,192.168.1.1/24,4
20201019083921,10.20.30.1/16,7
20201019083922,10.20.30.1/16,-
20201019083923,10.77.1.1/24,3
20201019083925,10.77.1.2/24,7
20201019083926,10.20.30.1/16,9
20201019083927,10.77.1.2/24,5
20201019083928,10.77.1.1/24,-
20201019083929,10.20.30.2/16,10
20201019083930,192.168.1.1/24,30
20201019083931,192.168.1.2/24,6
20201019083932,192.168.1.2/24,7
20201019083934,192.168.1.2/24,2
20201019083935,10.20.30.1/16,2
20201019083936,192.168.1.2/24,25
20201019083937,10.77.1.2/24,85
20201019083939,10.20.30.1/16,8
20201019083940,10.20.30.2/16,66
20201019083941,192.168.1.2/24,59
20201019083942,10.20.30.1/16,48
20201019083943,10.20.30.2/16,7
20201019083945,10.20.30.1/16,3
20201019083946,192.168.1.2/24,-
20201019083947,192.168.1.2/24,8
20201019083948,10.20.30.1/16,1
20201019083949,192.168.1.1/24,3
20201019083951,192.168.1.1/24,-
20201019083952,10.77.1.1/24,8
20201019083954,192.168.1.2/24,-
20201019083955,10.77.1.2/24,28
20201019083956,10.20.30.1/16,6
20201019083958,10.20.30.2/16,7
20201019083959,10.77.1.2/24,-
20201019084000,10.20.30.1/16,2
20201019084001,192.168.1.2/24,6
20201019084002,10.77.1.1/24,4
20201019084003,192.168.1.1/24,8
20201019084005,10.20.30.2/16,-
20201019084006,10.20.30.2/16,7
20201019084007,192.168.1.2/24,-
20201019084008,10.20.30.2/16,5
20201019084009,10.20.30.2/16,4
20201019084010,192.168.1.2/24,1
20201019084011,10.77.1.2/24,-
20201019084013,192.168.1.1/24,9
20201019084015,10.20.30.1/16,43
20201019084017,10.20.30.2/16,7
20201019084018,10.20.30.1/16,4
20201019084020,10.20.30.2/16,19
20201019084022,192.168.1.2/24,8
20201019084023,10.77.1.1/24,5
20201019084024,10.77.1.2/24,5
20201019084025,10.77.1.2/24,2
20201019084026,192.168.1.1/24,-
20201019084027,10.20.30.2/16,9
20201019084029,10.20.30.2/16,-
20201019084030,10.77.1.2/24,-
20201019084031,192.168.1.1/24,-
20201019084032,192.168.1.2/24,-
20201019084033,10.20.30.1/16,25
20201019084034,192.168.1.2/24,6
20201019084035,10.77.1.2/24,6
20201019084037,192.168.1.1/24,6
20201019084038,192.168.1.2/24,9
20201019084039,192.168.1.1/24,6
20201019084040,10.77.1.2/24,-
20201019084041,192.168.1.2/24,18
20201019084042,192.168.1.2/24,8
20201019084043,10.77.1.2/24,5
20201019084044,10.77.1.2/24,1
20201019084045,192.168.1.1/24,-
20201019084046,10.77.1.2/24,7
20201019084047,10.77.1.2/24,4
20201019084049,10.20.30.2/16,-
20201019084050,10.77.1.2/24,47
20201019084051,192.168.1.1/24,2
20201019084052,192.168.1.2/24,20
20201019084053,192.168.1.1/24,12
20201019084054,10.77.1.1/24,-
20201019084056,10.20.30.1/16,24
20201019084057,10.20.30.1/16,4
20201019084058,10.77.1.2/24,7
20201019084059,10.20.30.2/16,8
20201019084100,10.20.30.1/16,6
20201019084102,10.77.1.2/24,4
20201019084103,192.168.1.1/24,5
20201019084104,10.20.30.1/16,3
20201019084106,10.77.1.1/24,82
20201019084107,10.20.30.1/16,85
20201019084109,10.77.1.2/24,8
20201019084110,192.168.1.1/24,-
20201019084111,192.168.1.1/24,36
20201019084112,10.20.30.2/16,-
20201019084113,10.20.30.1/16,39
20201019084114,10.20.30.2/16,5
20201019084116,10.77.1.2/24,5
20201019084118,10.77.1.1/24,57
20201019084119,10.20.30.1/16,2
20201019084120,192.168.1.2/24,-
20201019084121,10.77.1.2/24,47
20201019084122,192.168.1.1/24,-
20201019084123,10.20.30.2/16,-
20201019084124,192.168.1.1/24,7
20201019084125,192.168.1.1/24,-
20201019084126,192.168.1.2/24,-
20201019084127,10.20.30.1/16,92
20201019084128,10.20.30.2/16,25
20201019084129,10.20.30.1/16,2
20201019084130,10.20.30.1/16,5
20201019084131,192.168.1.2/24,1
20201019084132,10.77.1.1/24,67
20201019084133,10.20.30.2/16,9
20201019084135,10.77.1.1/24,92
20201019084137,192.168.1.2/24,-
20201019084138,10.20.30.1/16,2
20201019084139,10.20.30.2/16,-
20201019084140,10.77.1.1/24,3
20201019084141,10.77.1.1/24,9
20201019084142,10.77.1.1/24,58
20201019084143,10.20.30.2/16,1
20201019084145,192.168.1.1/24,9
20201019084146,192.168.1.2/24,16
20201019084147,10.77.1.1/24,-
20201019084148,10.20.30.1/16,4
20201019084149,192.168.1.2/24,-
20201019084150,10.77.1.1/24,49
20201019084151,10.77.1.1/24,7
20201019084152,10.77.1.1/24,16
20201019084153,10.20.30.1/16,-
20201019084154,192.168.1.2/24,2
20201019084155,10.20.30.2/16,-
20201019084156,192.168.1.1/24,6
20201019084157,192.168.1.2/24,-
20201019084158,192.168.1.1/24,5
20201019084159,10.20.30.1/16,-
20201019084200,192.168.1.2/24,2
20201019084201,10.77.1.2/24,8
20201019084202,10.77.1.1/24,4
20201019084203,10.20.30.2/16,-
20201019084204,10.20.30.1/16,86
20201019084205,192.168.1.2/24,6
20201019084207,10.20.30.2/16,8
20201019084208,10.20.30.2/16,4
20201019084210,10.20.30.2/16,-
20201019084212,192.168.1.2/24,6
20201019084214,10.77.1.2/24,91
20201019084216,10.20.30.2/16,3
20201019084217,10.20.30.2/16,82
20201019084218,10.20.30.2/16,2
20201019084219,10.77.1.1/24,2
20201019084220,10.77.1.1/24,-
20201019084221,192.168.1.2/24,14
20201019084223,192.168.1.1/24,-
20201019084224,192.168.1.1/24,37
20201019084225,10.20.30.1/16,9
20201019084226,10.20.30.1/16,21
20201019084227,192.168.1.1/24,1
20201019084229,10.20.30.2/16,-
20201019084230,10.20.30.2/16,6
20201019084231,10.20.30.1/16,5
20201019084232,10.20.30.2/16,14
20201019084233,10.77.1.1/24,16
20201019084234,10.77.1.1/24,4
20201019084236,10.77.1.2/24,50
20201019084238,10.77.1.2/24,-
20201019084240,10.20.30.1/16,9
20201019084241,10.20.30.2/16,3
20201019084242,192.168.1.2/24,5
20201019084244,10.77.1.2/24,-
20201019084246,192.168.1.2/24,6
20201019084248,10.20.30.2/16,10
20201019084249,10.77.1.2/24,7
20201019084250,192.168.1.1/24,36
20201019084251,10.20.30.2/16,-
20201019084252,10.20.30.2/16,2
20201019084253,10.77.1.2/24,8
20201019084254,192.168.1.2/24,5
20201019084256,192.168.1.2/24,13
20201019084258,10.20.30.2/16,5
20201019084259,10.77.1.1/24,7
20201019084300,10.77.1.2/24,3
20201019084302,10.77.1.1/24,22
20201019084303,10.77.1.1/24,2
20201019084305,192.168.1.2/24,4
20201019084306,192.168.1.1/24,1
20201019084307,10.77.1.2/24,7
20201019084308,192.168.1.2/24,-
20201019084309,192.168.1.2/24,-
20201019084310,10.77.1.1/24,-
20201019084311,10.77.1.1/24,-
20201019084312,10.20.30.2/16,6
20201019084314,192.168.1.2/24,-
20201019084315,10.20.30.2/16,13
20201019084316,10.77.1.2/24,4
20201019084317,10.20.30.2/16,67
20201019084318,192.168.1.1/24,1
20201019084319,10.77.1.1/24,61
20201019084321,10.77.1.1/24,9
20201019084322,10.20.30.1/16,61
20201019084323,10.20.30.2/16,4
20201019084324,192.168.1.2/24,3
20201019084325,10.77.1.1/24,14
20201019084326,10.77.1.2/24,6
20201019084327,10.77.1.1/24,32
20201019084328,192.168.1.1/24,1
20201019084329,10.77.1.1/24,2
20201019084331,10.77.1.2/24,-
20201019084333,192.168.1.1/24,-
20201019084335,10.77.1.2/24,7
20201019084336,10.77.1.2/24,25
20201019084337,10.77.1.2/24,69
20201019084338,192.168.1.2/24,7
20201019084339,10.77.1.1/24,8
20201019084340,192.168.1.2/24,8
20201019084342,10.20.30.2/16,6
20201019084344,10.20.30.2/16,1
20201019084345,192.168.1.1/24,-
20201019084346,10.20.30.1/16,-
20201019084347,10.20.30.1/16,5
20201019084349,10.77.1.2/24,81
20201019084350,192.168.1.1/24,5
20201019084351,10.20.30.2/16,78
20201019084353,10.77.1.1/24,3
20201019084354,192.168.1.2/24,-
20201019084355,192.168.1.1/24,2
20201019084356,10.77.1.1/24,86
20201019084357,192.168.1.1/24,8
20201019084358,192.168.1.1/24,61
20201019084400,192.168.1.1/24,2
20201019084401,192.168.1.2/24,-
20201019084402,10.77.1.2/24,21
20201019084403,10.20.30.2/16,6
20201019084404,10.20.30.2/16,-
20201019084406,10.20.30.2/16,8
20201019084407,10.77.1.2/24,9
20201019084408,10.77.1.2/24,4
20201019084409,192.168.1.2/24,-
20201019084410,10.20.30.2/16,5
20201019084412,192.168.1.1/24,9
20201019084413,192.168.1.1/24,14
20201019084415,192.168.1.2/24,3
20201019084416,10.20.30.2/16,4
20201019084417,10.77.1.1/24,-
20201019084418,10.77.1.2/24,9
20201019084419,10.77.1.1/24,-
20201019084421,10.20.30.1/16,-
20201019084422,192.168.1.2/24,-
20201019084423,10.20.30.1/16,-
20201019084425,10.77.1.2/24,8
20201019084426,192.168.1.1/24,1
20201019084428,192.168.1.1/24,54
20201019084429,192.168.1.1/24,9
20201019084430,192.168.1.2/24,12
20201019084431,192.168.1.2/24,5
20201019084433,192.168.1.2/24,6
20201019084434,10.77.1.1/24,-
20201019084435,10.20.30.1/16,11
20201019084436,10.20.30.1/16,6
20201019084437,10.77.1.1/24,-
20201019084438,192.168.1.1/24,7
20201019084440,192.168.1.2/24,-
20201019084441,192.168.1.1/24,-
20201019084442,10.20.30.1/16,-
20201019084443,192.168.1.1/24,6
20201019084444,10.77.1.2/24,72
20201019084446,10.20.30.1/16,82
20201019084448,192.168.1.1/24,7
20201019084449,10.77.1.1/24,7
20201019084450,10.77.1.2/24,14
20201019084451,192.168.1.1/24,60
20201019084452,10.20.30.2/16,1
20201019084453,10.77.1.1/24,30
20201019084455,10.20.30.2/16,3
20201019084456,192.168.1.1/24,-
20201019084457,192.168.1.1/24,84
20201019084458,10.20.30.2/16,-
20201019084459,10.77.1.2/24,7
20201019084500,10.77.1.2/24,46
20201019084502,192.168.1.1/24,8
20201019084504,10.77.1.1/24,3
20201019084505,10.20.30.2/16,41
20201019084507,192.168.1.2/24,8
20201019084509,10.77.1.2/24,9
20201019084510,10.77.1.1/24,10
20201019084512,10.20.30.2/16,2
20201019084513,10.77.1.1/24,7
20201019084514,192.168.1.1/24,6
20201019084515,192.168.1.2/24,-
20201019084516,192.168.1.1/24,21
20201019084517,10.77.1.2/24,9
20201019084519,192.168.1.2/24,11
20201019084520,10.77.1.2/24,89
20201019084522,192.168.1.1/24,73
20201019084523,10.77.1.1/24,9
20201019084524,10.77.1.2/24,91
20201019084525,192.168.1.2/24,6
20201019084526,10.77.1.2/24,-
20201019084527,10.20.30.1/16,11
20201019084529,192.168.1.1/24,5
20201019084530,10.20.30.1/16,-
20201019084531,10.77.1.1/24,-
20201019084532,10.77.1.2/24,14
20201019084534,10.20.30.2/16,-
20201019084535,192.168.1.2/24,4
20201019084536,192.168.1.1/24,3
20201019084537,10.77.1.1/24,8
20201019084539,10.77.1.1/24,-
20201019084540,10.20.30.1/16,6
20201019084541,192.168.1.2/24,8
20201019084542,10.77.1.1/24,7
20201019084543,10.20.30.2/16,5
20201019084544,192.168.1.2/24,-
20201019084545,10.77.1.1/24,3
20201019084547,10.77.1.1/24,30
20201019084548,10.20.30.2/16,8
20201019084549,10.20.30.2/16,7
20201019084551,10.20.30.1/16,-
20201019084552,10.77.1.2/24,9
20201019084553,10.20.30.2/16,-
20201019084554,10.77.1.1/24,13
20201019084555,10.77.1.2/24,7
20201019084557,192.168.1.1/24,-
20201019084559,10.20.30.2/16,-
20201019084600,10.20.30.1/16,9
20201019084602,10.20.30.1/16,-
20201019084604,10.20.30.2/16,3
20201019084605,10.77.1.2/24,9
20201019084606,10.77.1.2/24,74
20201019084607,10.77.1.2/24,-
20201019084608,10.20.30.2/16,8
20201019084609,10.77.1.1/24,-
20201019084610,10.20.30.2/16,7
20201019084612,10.20.30.1/16,85
20201019084613,10.77.1.2/24,3
20201019084614,10.20.30.1/16,7
20201019084615,192.168.1.1/24,13
20201019084616,192.168.1.1/24,10
20201019084617,10.20.30.1/16,9
20201019084618,10.77.1.2/24,-
20201019084620,192.168.1.1/24,8
20201019084621,10.20.30.1/16,-
20201019084622,192.168.1.2/24,22
20201019084624,192.168.1.2/24,5
20201019084626,10.77.1.1/24,96
20201019084627,10.77.1.2/24,8
20201019084629,10.20.30.1/16,3
20201019084630,10.77.1.1/24,10
20201019084631,192.168.1.2/24,5
20201019084632,10.77.1.1/24,-
20201019084633,10.20.30.2/16,8
20201019084634,10.77.1.2/24,8
20201019084635,10.77.1.2/24,-
20201019084637,10.77.1.2/24,-
20201019084638,192.168.1.1/24,9
20201019084639,192.168.1.1/24,3
20201019084640,10.20.30.1/16,30
20201019084641,10.77.1.1/24,43
20201019084642,10.77.1.1/24,-
20201019084644,192.168.1.1/24,4
20201019084645,10.20.30.1/16,2
20201019084646,10.20.30.2/16,12
20201019084647,10.20.30.1/16,7
20201019084648,10.77.1.1/24,6
20201019084650,10.20.30.1/16,6
20201019084651,192.168.1.1/24,-
20201019084652,10.77.1.1/24,7
20201019084653,10.20.30.2/16,2
20201019084654,10.77.1.2/24,2
20201019084655,192.168.1.1/24,-
20201019084656,10.20.30.1/16,8
20201019084658,10.77.1.2/24,9
20201019084700,10.77.1.1/24,60
20201019084701,10.20.30.2/16,6
20201019084702,192.168.1.2/24,4
20201019084703,192.168.1.2/24,-
20201019084704,10.20.30.1/16,7
20201019084706,10.20.30.1/16,-
20201019084707,10.20.30.1/16,83
20201019084708,10.77.1.2/24,6
20201019084709,192.168.1.1/24,17
20201019084710,10.20.30.1/16,5
20201019084711,10.77.1.1/24,7
20201019084713,192.168.1.2/24,7
20201019084714,10.20.30.2/16,33
20201019084715,192.168.1.1/24,0
20201019084716,192.168.1.2/24,92
20201019084718,10.20.30.1/16,-
20201019084719,10.77.1.1/24,-
20201019084720,192.168.1.2/24,24
20201019084721,10.20.30.2/16,7
20201019084722,192.168.1.2/24,9
20201019084723,192.168.1.1/24,2
20201019084724,10.77.1.2/24,58
20201019084725,192.168.1.1/24,3
20201019084726,10.77.1.2/24,-
20201019084728,10.77.1.2/24,4
20201019084729,10.77.1.1/24,5
20201019084731,192.168.1.2/24,25
20201019084732,10.77.1.1/24,13
20201019084733,10.20.30.1/16,27
20201019084735,192.168.1.1/24,4
20201019084737,192.168.1.2/24,1
20201019084738,192.168.1.1/24,-
20201019084739,10.77.1.2/24,9
20201019084740,10.20.30.1/16,-
20201019084741,192.168.1.2/24,6
20201019084742,10.20.30.1/16,-
20201019084743,10.20.30.2/16,-
20201019084744,192.168.1.1/24,-
20201019084745,192.168.1.1/24,7
20201019084746,10.77.1.2/24,1
20201019084747,10.20.30.1/16,-
20201019084748,10.20.30.1/16,13
20201019084749,192.168.1.1/24,4
20201019084750,10.20.30.2/16,17
20201019084751,192.168.1.1/24,-
20201019084752,10.20.30.2/16,6
20201019084753,10.20.30.1/16,76
20201019084754,192.168.1.1/24,-
20201019084755,10.20.30.2/16,-
20201019084756,10.77.1.1/24,3
20201019084757,10.77.1.1/24,9
20201019084758,10.20.30.1/16,14
20201019084759,10.20.30.1/16,5
20201019084800,192.168.1.1/24,-
20201019084801,10.77.1.1/24,65
20201019084803,10.20.30.1/16,26
20201019084804,10.77.1.2/24,9
20201019084805,10.77.1.1/24,6
20201019084806,10.77.1.1/24,5
20201019084807,10.77.1.1/24,6
20201019084808,10.20.30.2/16,20
20201019084809,192.168.1.2/24,13
20201019084810,10.20.30.1/16,-
20201019084811,192.168.1.1/24,9
20201019084812,192.168.1.2/24,4
20201019084813,10.20.30.1/16,72
20201019084815,10.77.1.2/24,3
20201019084816,10.77.1.2/24,8
20201019084817,192.168.1.2/24,2
20201019084818,10.77.1.2/24,85
20201019084820,10.77.1.1/24,7
20201019084821,192.168.1.2/24,8
20201019084822,10.20.30.2/16,5
20201019084823,10.77.1.1/24,-
20201019084824,192.168.1.1/24,8
20201019084825,10.20.30.2/16,2
20201019084827,10.20.30.1/16,8
20201019084828,10.77.1.1/24,9
20201019084829,10.20.30.2/16,3
20201019084830,10.77.1.1/24,57
20201019084831,192.168.1.1/24,7
20201019084833,10.20.30.2/16,6
20201019084834,10.20.30.2/16,3
20201019084835,10.77.1.2/24,-
20201019084836,10.20.30.1/16,5
20201019084838,192.168.1.2/24,-
20201019084840,192.168.1.2/24,9
20201019084841,192.168.1.1/24,8
20201019084842,10.77.1.2/24,12
20201019084843,10.20.30.2/16,5
20201019084844,192.168.1.2/24,7
20201019084845,10.20.30.2/16,7
20201019084846,10.77.1.1/24,-
20201019084847,10.20.30.1/16,41
20201019084848,192.168.1.2/24,2
20201019084850,10.77.1.1/24,-
20201019084851,192.168.1.2/24,-
20201019084853,10.77.1.1/24,6
20201019084854,192.168.1.1/24,-
20201019084855,192.168.1.2/24,-
20201019084856,192.168.1.2/24,-
20201019084857,192.168.1.2/24,-
20201019084858,10.20.30.2/16,8
20201019084859,192.168.1.1/24,57
20201019084900,10.77.1.1/24,-
20201019084902,192.168.1.2/24,8
20201019084903,192.168.1.1/24,8
20201019084904,10.77.1.2/24,-
20201019084905,10.20.30.1/16,-
20201019084906,192.168.1.1/24,4
20201019084907,10.20.30.1/16,4
20201019084908,10.20.30.1/16,74
20201019084909,10.77.1.2/24,81
20201019084910,192.168.1.2/24,58
20201019084911,10.77.1.2/24,-
20201019084912,192.168.1.1/24,-
20201019084914,192.168.1.1/24,5
20201019084915,10.20.30.1/16,6
20201019084916,192.168.1.2/24,2
20201019084918,10.20.30.1/16,-
20201019084919,10.20.30.2/16,29
20201019084920,192.168.1.1/24,-
20201019084921,10.20.30.2/16,7
20201019084923,192.168.1.2/24,4
20201019084924,10.20.30.1/16,-
20201019084926,192.168.1.1/24,-
20201019084928,10.20.30.1/16,9
20201019084929,10.77.1.1/24,-
20201019084930,10.20.30.2/16,6
20201019084932,10.77.1.1/24,-
20201019084934,192.168.1.2/24,18
20201019084935,10.77.1.1/24,-
20201019084936,10.20.30.2/16,9
20201019084937,10.77.1.1/24,-
20201019084938,192.168.1.2/24,-
20201019084939,10.20.30.1/16,-
20201019084940,192.168.1.1/24,5
20201019084941,10.20.30.2/16,4
20201019084943,192.168.1.2/24,-
20201019084944,10.77.1.2/24,10
20201019084946,10.77.1.2/24,3
20201019084947,10.77.1.1/24,2
20201019084948,192.168.1.2/24,4
20201019084949,10.20.30.1/16,1
20201019084950,10.77.1.1/24,8
20201019084951,10.20.30.2/16,3
20201019084952,192.168.1.2/24,6
20201019084953,10.77.1.2/24,9
20201019084954,192.168.1.1/24,-
20201019084955,10.77.1.2/24,-
20201019084957,192.168.1.2/24,-
20201019084959,192.168.1.1/24,8
20201019085000,192.168.1.2/24,7
20201019085002,10.77.1.1/24,-
20201019085003,10.20.30.1/16,18
20201019085004,10.77.1.1/24,3
20201019085005,10.20.30.2/16,59
20201019085006,10.77.1.1/24,2
20201019085007,10.20.30.2/16,-
20201019085009,10.20.30.1/16,9
20201019085011,192.168.1.1/24,4
20201019085013,10.20.30.1/16,7
20201019085014,192.168.1.2/24,5
20201019085015,10.77.1.2/24,38
20201019085017,192.168.1.2/24,3
20201019085019,10.20.30.1/16,-
20201019085021,10.20.30.2/16,1
20201019085023,192.168.1.1/24,68
20201019085024,192.168.1.1/24,4
20201019085025,10.77.1.2/24,12
20201019085026,10.20.30.1/16,54
20201019085027,10.20.30.1/16,60
20201019085028,10.20.30.2/16,-
20201019085030,192.168.1.1/24,3
20201019085031,10.77.1.1/24,2
20201019085032,10.77.1.2/24,8
20201019085033,10.77.1.1/24,2
20201019085034,10.20.30.1/16,3
20201019085035,10.20.30.1/16,77
20201019085036,10.20.30.2/16,3
20201019085037,10.20.30.2/16,2
20201019085038,10.20.30.2/16,70
20201019085039,10.20.30.2/16,92
20201019085040,10.20.30.1/16,57
20201019085042,10.20.30.1/16,8
20201019085043,10.20.30.2/16,-
20201019085044,10.20.30.1/16,6
20201019085045,10.77.1.2/24,8
20201019085047,192.168.1.1/24,4
20201019085049,10.20.30.2/16,17
20201019085051,10.20.30.1/16,85
20201019085052,192.168.1.1/24,4
20201019085053,10.77.1.1/24,-
20201019085054,10.77.1.2/24,-
20201019085055,10.20.30.2/16,23
20201019085057,10.20.30.2/16,1
20201019085059,192.168.1.1/24,6
20201019085100,10.20.30.1/16,8
20201019085101,10.20.30.2/16,-
20201019085103,10.77.1.1/24,8
20201019085104,10.77.1.2/24,4
20201019085106,192.168.1.2/24,5
20201019085107,10.20.30.1/16,7
20201019085108,10.20.30.2/16,10
20201019085109,10.20.30.1/16,4
20201019085110,10.20.30.2/16,-
20201019085111,192.168.1.1/24,8
20201019085112,192.168.1.2/24,19
20201019085113,192.168.1.2/24,8
20201019085114,192.168.1.2/24,1
20201019085115,10.20.30.2/16,-
20201019085116,10.77.1.2/24,82
20201019085118,192.168.1.1/24,1
20201019085119,10.20.30.1/16,94
20201019085120,10.77.1.1/24,9
20201019085122,10.20.30.1/16,-
20201019085123,192.168.1.1/24,98
20201019085125,192.168.1.1/24,2
20201019085127,10.20.30.1/16,8
20201019085128,10.20.30.2/16,6
20201019085129,10.20.30.2/16,7
20201019085130,10.77.1.2/24,-
20201019085131,10.20.30.2/16,10
20201019085132,10.77.1.2/24,10
20201019085133,10.77.1.1/24,61
20201019085134,192.168.1.1/24,7
20201019085136,10.20.30.1/16,5
20201019085138,10.77.1.1/24,4
20201019085139,10.20.30.1/16,-
20201019085140,10.20.30.1/16,41
20201019085141,192.168.1.1/24,5
20201019085142,10.20.30.1/16,3
20201019085143,192.168.1.1/24,-
20201019085144,10.20.30.2/16,9
20201019085145,10.77.1.2/24,-
20201019085147,192.168.1.2/24,7
20201019085148,10.77.1.2/24,6
20201019085149,10.77.1.1/24,-
20201019085150,10.20.30.1/16,53
20201019085151,10.20.30.2/16,-
20201019085152,192.168.1.1/24,-
20201019085153,10.20.30.2/16,-
20201019085154,10.77.1.1/24,6
20201019085155,192.168.1.2/24,3
20201019085156,10.20.30.1/16,3
20201019085157,192.168.1.2/24,5
20201019085158,10.77.1.2/24,6
20201019085159,10.77.1.1/24,-
20201019085200,10.77.1.1/24,62
20201019085202,192.168.1.2/24,9
20201019085203,10.20.30.2/16,51
20201019085204,10.77.1.1/24,84
20201019085206,10.20.30.1/16,1
20201019085207,192.168.1.1/24,-
20201019085208,10.20.30.1/16,1
20201019085209,10.20.30.1/16,13
20201019085210,10.20.30.1/16,1
20201019085211,10.77.1.1/24,8
20201019085212,192.168.1.1/24,8
20201019085213,192.168.1.1/24,5
20201019085214,10.20.30.1/16,64
20201019085215,10.77.1.1/24,5
20201019085217,10.20.30.2/16,14
20201019085218,10.20.30.2/16,48
20201019085219,10.20.30.2/16,3
20201019085220,10.20.30.1/16,-
20201019085221,192.168.1.1/24,8
20201019085222,10.20.30.1/16,20
20201019085224,10.20.30.2/16,1
20201019085225,192.168.1.1/24,2
20201019085226,10.20.30.1/16,6
20201019085228,10.77.1.2/24,18
20201019085229,10.77.1.1/24,2
20201019085231,10.77.1.1/24,-
20201019085232,10.20.30.1/16,-
20201019085233,10.77.1.2/24,3
20201019085234,192.168.1.1/24,-
20201019085235,10.20.30.2/16,2
20201019085236,10.20.30.2/16,8
20201019085238,192.168.1.2/24,85
20201019085239,10.20.30.1/16,-
20201019085241,192.168.1.1/24,36
20201019085242,192.168.1.2/24,16
20201019085243,10.77.1.1/24,5
20201019085244,10.77.1.1/24,-
20201019085245,10.20.30.2/16,-
20201019085246,10.20.30.2/16,28
20201019085248,10.20.30.2/16,4
20201019085249,10.20.30.2/16,1
20201019085250,10.20.30.2/16,-
20201019085251,10.77.1.2/24,2
20201019085252,192.168.1.1/24,9
20201019085253,10.77.1.2/24,2
20201019085254,10.77.1.2/24,6
20201019085255,10.77.1.2/24,4
20201019085256,10.77.1.2/24,-
20201019085257,10.20.30.2/16,21
20201019085258,10.20.30.1/16,4
20201019085259,10.77.1.2/24,63
20201019085300,192.168.1.1/24,5
20201019085301,10.20.30.2/16,3
20201019085302,10.77.1.2/24,2
20201019085303,192.168.1.1/24,7
20201019085304,10.77.1.2/24,3
20201019085305,10.20.30.2/16,71
20201019085306,10.20.30.2/16,-
20201019085308,10.20.30.2/16,6
20201019085309,10.77.1.2/24,8
20201019085310,10.77.1.2/24,8
20201019085311,10.77.1.1/24,16
20201019085312,10.77.1.1/24,-
20201019085313,10.20.30.2/16,78
20201019085314,10.77.1.2/24,6
20201019085315,10.20.30.2/16,2
20201019085316,10.77.1.2/24,39
20201019085317,10.20.30.1/16,5
20201019085318,10.77.1.2/24,5
20201019085319,192.168.1.1/24,2
20201019085320,10.20.30.2/16,-
20201019085321,10.20.30.2/16,4
20201019085322,10.77.1.1/24,30
20201019085323,10.20.30.2/16,1
20201019085324,10.20.30.2/16,1
20201019085325,192.168.1.2/24,-
20201019085327,10.77.1.1/24,99
20201019085329,192.168.1.1/24,3
20201019085330,10.77.1.1/24,9
20201019085331,192.168.1.1/24,2
20201019085333,10.77.1.1/24,7
20201019085334,10.77.1.2/24,8
20201019085336,192.168.1.2/24,9
20201019085337,10.77.1.1/24,6
20201019085338,10.20.30.1/16,38
20201019085339,192.168.1.2/24,2
20201019085340,10.20.30.2/16,-
20201019085341,10.20.30.2/16,3
20201019085342,10.77.1.1/24,36
20201019085343,10.77.1.1/24,80
20201019085344,10.77.1.1/24,57
20201019085346,192.168.1.1/24,-
20201019085347,10.20.30.2/16,-
20201019085348,10.20.30.2/16,-
20201019085349,10.20.30.1/16,-
20201019085350,10.20.30.2/16,7
20201019085351,192.168.1.2/24,-
20201019085352,192.168.1.2/24,3
20201019085353,10.77.1.2/24,-
20201019085355,10.77.1.2/24,3
20201019085356,10.20.30.2/16,3
20201019085357,10.77.1.2/24,-
20201019085358,192.168.1.1/24,8
20201019085359,10.20.30.1/16,6
20201019085400,192.168.1.2/24,-
20201019085401,10.77.1.1/24,7
20201019085402,10.20.30.2/16,-
20201019085404,192.168.1.1/24,-
20201019085405,10.20.30.1/16,-
20201019085407,10.20.30.1/16,3
20201019085408,10.77.1.2/24,-
20201019085409,10.77.1.2/24,97
20201019085410,10.77.1.2/24,29
20201019085411,10.77.1.1/24,-
20201019085412,192.168.1.1/24,3
20201019085413,10.20.30.1/16,-
20201019085414,192.168.1.2/24,8
20201019085415,192.168.1.1/24,90
20201019085416,192.168.1.2/24,-
20201019085417,10.20.30.1/16,46
20201019085418,10.20.30.1/16,6
20201019085419,10.77.1.2/24,3
20201019085421,10.20.30.2/16,-
20201019085422,192.168.1.2/24,-
20201019085423,10.20.30.1/16,-
20201019085424,10.77.1.2/24,1
20201019085425,192.168.1.1/24,6
20201019085426,192.168.1.2/24,11
20201019085427,192.168.1.1/24,5
20201019085428,10.20.30.2/16,77
20201019085429,10.20.30.1/16,6
20201019085430,192.168.1.2/24,3
20201019085432,192.168.1.2/24,-
20201019085434,10.77.1.2/24,2
20201019085435,10.77.1.1/24,-
20201019085436,10.77.1.2/24,32
20201019085437,10.77.1.1/24,-
20201019085438,10.77.1.1/24,8
20201019085439,192.168.1.2/24,6
20201019085440,10.20.30.2/16,6
20201019085441,10.20.30.1/16,7
20201019085442,10.20.30.2/16,4
20201019085443,10.77.1.2/24,6
20201019085444,10.77.1.1/24,3
20201019085445,10.20.30.1/16,6
20201019085446,192.168.1.1/24,-
20201019085447,10.20.30.1/16,3
20201019085448,10.20.30.1/16,69
20201019085449,10.20.30.1/16,8
20201019085451,192.168.1.2/24,-
20201019085452,10.20.30.1/16,-
20201019085453,192.168.1.2/24,1
20201019085454,10.77.1.1/24,8
20201019085455,10.20.30.2/16,8
20201019085457,10.77.1.2/24,6
20201019085458,192.168.1.1/24,21
20201019085500,10.20.30.2/16,9
20201019085501,192.168.1.2/24,3
20201019085503,192.168.1.1/24,45
20201019085504,10.20.30.1/16,6
20201019085505,10.20.30.1/16,2
20201019085507,10.77.1.2/24,24
20201019085508,10.77.1.1/24,-
20201019085509,192.168.1.2/24,19
20201019085510,10.20.30.2/16,-
20201019085511,192.168.1.1/24,-
20201019085513,10.20.30.1/16,32
20201019085514,10.20.30.1/16,13
20201019085515,192.168.1.1/24,7
20201019085516,10.77.1.2/24,8
20201019085517,192.168.1.1/24,1
20201019085518,10.77.1.2/24,88
20201019085519,10.20.30.2/16,8
20201019085520,10.20.30.2/16,-
20201019085521,192.168.1.2/24,-
20201019085522,10.20.30.1/16,9
20201019085523,192.168.1.2/24,63
20201019085525,10.20.30.2/16,10
20201019085526,10.20.30.1/16,77
20201019085527,10.77.1.1/24,-
20201019085528,10.20.30.1/16,87
20201019085529,192.168.1.2/24,5
20201019085530,10.20.30.2/16,23
20201019085532,10.77.1.1/24,80
20201019085534,10.77.1.2/24,5
20201019085535,10.77.1.1/24,4
20201019085536,10.77.1.1/24,3
20201019085537,10.20.30.2/16,6
20201019085538,192.168.1.1/24,21
20201019085539,10.77.1.1/24,5
20201019085541,192.168.1.2/24,1
20201019085542,10.77.1.2/24,5
20201019085543,10.20.30.2/16,7
20201019085544,10.20.30.2/16,-
20201019085546,10.20.30.1/16,-
20201019085547,192.168.1.1/24,6
20201019085548,10.20.30.2/16,99
20201019085550,192.168.1.2/24,9
20201019085551,192.168.1.2/24,23
20201019085552,10.77.1.2/24,79
20201019085553,10.77.1.1/24,65
20201019085554,10.77.1.2/24,3
20201019085555,10.77.1.2/24,67
20201019085556,10.77.1.2/24,67
20201019085557,10.77.1.1/24,25
20201019085558,10.20.30.1/16,-
20201019085559,10.20.30.2/16,9
20201019085600,10.77.1.1/24,8
20201019085601,192.168.1.1/24,4
20201019085603,10.77.1.1/24,12
20201019085604,10.20.30.2/16,-
20201019085606,10.77.1.1/24,61
20201019085608,10.20.30.1/16,9
20201019085610,10.20.30.2/16,5
20201019085611,192.168.1.1/24,1
20201019085612,192.168.1.2/24,6
20201019085613,10.20.30.1/16,79
20201019085614,10.77.1.1/24,8
20201019085615,10.20.30.1/16,-
20201019085617,10.77.1.2/24,-
20201019085619,10.20.30.1/16,4
20201019085620,10.20.30.2/16,2
20201019085621,192.168.1.2/24,-
20201019085622,192.168.1.2/24,6
20201019085623,10.77.1.1/24,-
20201019085624,10.20.30.1/16,9
20201019085625,192.168.1.2/24,46
20201019085626,192.168.1.2/24,9
20201019085627,10.77.1.2/24,1
20201019085628,10.20.30.2/16,-
20201019085629,10.77.1.2/24,-
20201019085630,10.20.30.2/16,99
20201019085631,10.77.1.1/24,41
20201019085632,10.20.30.1/16,9
20201019085633,10.20.30.2/16,29
20201019085634,10.20.30.1/16,7
20201019085635,10.77.1.2/24,8
20201019085636,10.77.1.1/24,5
20201019085637,192.168.1.2/24,-
20201019085639,192.168.1.1/24,20
20201019085640,10.20.30.2/16,-
20201019085641,192.168.1.1/24,-
20201019085642,192.168.1.2/24,44
20201019085643,10.77.1.2/24,3
20201019085644,192.168.1.1/24,34
20201019085645,10.20.30.2/16,8
20201019085646,192.168.1.1/24,8
20201019085647,192.168.1.1/24,39
20201019085648,10.77.1.2/24,-
20201019085649,10.77.1.2/24,9
20201019085650,10.77.1.1/24,1
20201019085651,192.168.1.1/24,28
20201019085652,10.20.30.1/16,1
20201019085653,192.168.1.2/24,6
20201019085654,10.77.1.1/24,48
20201019085655,10.77.1.2/24,8
20201019085656,192.168.1.1/24,-
20201019085657,192.168.1.1/24,7
20201019085658,10.77.1.1/24,-
20201019085659,10.77.1.1/24,75
20201019085700,10.20.30.2/16,8
20201019085702,192.168.1.2/24,45
20201019085704,10.77.1.1/24,65
20201019085705,10.20.30.1/16,5
20201019085706,10.20.30.2/16,7
20201019085707,10.77.1.2/24,-
20201019085708,10.20.30.1/16,-
20201019085709,192.168.1.2/24,45
20201019085711,10.77.1.1/24,-
20201019085712,192.168.1.2/24,4
20201019085713,10.77.1.2/24,5
20201019085714,10.20.30.2/16,61
20201019085715,10.20.30.2/16,6
20201019085716,10.77.1.1/24,7
20201019085717,192.168.1.1/24,13
20201019085718,192.168.1.1/24,22
20201019085719,10.20.30.1/16,7
20201019085721,10.77.1.2/24,-
20201019085723,10.77.1.2/24,4
20201019085725,192.168.1.1/24,-
20201019085727,10.77.1.2/24,5
20201019085729,192.168.1.2/24,-
20201019085730,10.20.30.1/16,5
20201019085731,10.20.30.1/16,7
20201019085733,10.77.1.1/24,4
20201019085734,10.20.30.1/16,5
20201019085735,10.77.1.2/24,-
20201019085736,10.77.1.1/24,2
20201019085737,10.20.30.2/16,18
20201019085738,10.77.1.1/24,-
20201019085739,192.168.1.2/24,-
20201019085740,192.168.1.2/24,7
20201019085741,192.168.1.1/24,4
20201019085743,192.168.1.1/24,-
20201019085744,10.77.1.2/24,41
20201019085745,10.20.30.1/16,59
20201019085746,192.168.1.2/24,-
20201019085747,10.20.30.2/16,2
20201019085748,10.77.1.1/24,-
20201019085749,192.168.1.1/24,-
20201019085751,10.77.1.2/24,5
20201019085752,192.168.1.2/24,7
20201019085753,10.20.30.1/16,3
20201019085754,192.168.1.1/24,9
20201019085755,10.77.1.1/24,2
20201019085757,192.168.1.1/24,24
20201019085758,192.168.1.1/24,14
20201019085800,192.168.1.2/24,2
20201019085801,10.77.1.2/24,11
20201019085803,10.77.1.2/24,1
20201019085804,192.168.1.1/24,4
20201019085805,10.20.30.2/16,6
20201019085807,10.77.1.2/24,-
20201019085808,192.168.1.2/24,9
20201019085810,10.77.1.2/24,40
20201019085812,10.20.30.1/16,78
20201019085814,10.20.30.1/16,6
20201019085815,192.168.1.2/24,-
20201019085816,192.168.1.2/24,42
20201019085817,10.77.1.2/24,1
20201019085818,192.168.1.2/24,-
20201019085819,10.20.30.2/16,-
20201019085820,10.77.1.2/24,7
20201019085821,10.20.30.1/16,2
20201019085822,10.20.30.2/16,-
20201019085823,192.168.1.1/24,2
20201019085824,10.77.1.2/24,-
20201019085826,10.77.1.1/24,4
20201019085827,10.20.30.2/16,7
20201019085828,10.20.30.1/16,-
20201019085830,10.20.30.1/16,95
20201019085831,10.20.30.2/16,49
20201019085832,192.168.1.2/24,36
20201019085833,10.77.1.1/24,4
20201019085834,10.77.1.2/24,5
20201019085835,10.77.1.1/24,58
20201019085836,10.20.30.2/16,3
20201019085837,10.20.30.1/16,6
20201019085839,192.168.1.2/24,7
20201019085841,10.77.1.1/24,10
20201019085842,192.168.1.2/24,1
20201019085844,192.168.1.2/24,-
20201019085845,10.77.1.1/24,7
20201019085846,10.77.1.2/24,6
20201019085847,192.168.1.1/24,3
20201019085848,10.20.30.1/16,3
20201019085850,192.168.1.2/24,7
20201019085851,10.77.1.2/24,-
20201019085852,10.77.1.1/24,6
20201019085853,10.20.30.1/16,5
20201019085854,10.20.30.1/16,6
20201019085855,10.20.30.2/16,-
20201019085857,192.168.1.1/24,60
20201019085858,10.77.1.2/24,1
20201019085859,10.77.1.1/24,7
20201019085901,10.77.1.1/24,7
20201019085902,10.20.30.1/16,70
20201019085903,192.168.1.2/24,9
20201019085904,10.20.30.1/16,58
20201019085905,10.20.30.1/16,-
20201019085906,10.20.30.1/16,-
20201019085907,10.20.30.1/16,-
20201019085909,10.77.1.1/24,9
20201019085910,10.77.1.2/24,8
20201019085912,10.77.1.2/24,2
20201019085913,10.20.30.2/16,17
20201019085914,192.168.1.1/24,3
20201019085916,10.20.30.2/16,2
20201019085917,10.77.1.1/24,-
20201019085918,10.77.1.2/24,9
20201019085919,10.20.30.2/16,2
20201019085921,192.168.1.2/24,2
20201019085923,192.168.1.1/24,-
20201019085924,10.77.1.2/24,25
20201019085925,192.168.1.2/24,-
20201019085926,10.77.1.2/24,7
20201019085928,10.77.1.2/24,-
20201019085929,10.20.30.2/16,22
20201019085930,10.77.1.2/24,5
20201019085931,10.77.1.2/24,6
20201019085932,192.168.1.1/24,8
20201019085933,10.20.30.2/16,4
20201019085934,10.77.1.1/24,-
20201019085936,192.168.1.1/24,1
20201019085937,10.20.30.1/16,8
20201019085938,10.20.30.2/16,4
20201019085939,10.77.1.2/24,1
20201019085940,10.77.1.2/24,70
20201019085941,192.168.1.1/24,99
20201019085942,10.77.1.2/24,8
20201019085943,10.77.1.1/24,6
20201019085944,192.168.1.2/24,39
20201019085945,192.168.1.2/24,6
20201019085946,10.77.1.1/24,-
20201019085947,192.168.1.1/24,32
20201019085948,10.77.1.1/24,9
20201019085949,10.77.1.1/24,13
20201019085950,10.77.1.2/24,3
20201019085952,10.77.1.2/24,27
20201019085953,10.20.30.2/16,30
20201019085955,192.168.1.1/24,-
20201019085957,10.77.1.2/24,4
20201019085959,10.77.1.2/24,9
20201019090000,10.77.1.1/24,-
20201019090001,10.77.1.2/24,1
20201019090002,192.168.1.1/24,5
20201019090004,10.77.1.1/24,2
20201019090005,192.168.1.1/24,47
20201019090007,10.20.30.1/16,36
20201019090008,10.20.30.1/16,67
20201019090009,10.20.30.2/16,5
20201019090010,192.168.1.1/24,-
20201019090012,192.168.1.2/24,-
20201019090013,10.20.30.1/16,5
20201019090015,10.77.1.2/24,39
20201019090016,10.20.30.1/16,-
20201019090017,10.77.1.2/24,9
20201019090018,10.77.1.2/24,6
20201019090019,192.168.1.1/24,12
20201019090020,192.168.1.1/24,1
20201019090021,10.77.1.2/24,3
20201019090023,10.77.1.1/24,29
20201019090024,10.20.30.1/16,41
20201019090025,192.168.1.1/24,9
20201019090027,10.20.30.1/16,7
20201019090028,10.20.30.2/16,-
20201019090029,10.77.1.2/24,-
20201019090031,10.20.30.1/16,87
20201019090032,192.168.1.2/24,7
20201019090033,10.77.1.1/24,75
20201019090034,192.168.1.2/24,2
20201019090035,192.168.1.1/24,3
20201019090037,192.168.1.2/24,1
20201019090038,10.20.30.1/16,-
20201019090040,10.77.1.1/24,74
20201019090041,10.77.1.2/24,2
20201019090042,10.77.1.1/24,4
20201019090043,10.20.30.1/16,8
20201019090044,10.20.30.1/16,-
20201019090045,10.20.30.2/16,99
20201019090046,10.20.30.2/16,3
20201019090048,10.20.30.2/16,39
20201019090049,192.168.1.1/24,6
20201019090050,10.77.1.1/24,6
20201019090052,10.77.1.1/24,-
20201019090053,192.168.1.2/24,4
20201019090054,10.20.30.1/16,96
20201019090055,192.168.1.2/24,6
20201019090056,192.168.1.1/24,4
20201019090057,10.20.30.1/16,8
20201019090058,10.20.30.2/16,25
20201019090059,10.20.30.2/16,4
20201019090101,192.168.1.2/24,55
20201019090102,10.77.1.2/24,52
20201019090103,192.168.1.1/24,9
20201019090104,10.20.30.1/16,68
20201019090105,10.77.1.2/24,-
20201019090106,10.77.1.2/24,-
20201019090107,10.77.1.2/24,-
20201019090108,10.20.30.2/16,3
20201019090109,10.20.30.1/16,-
20201019090110,192.168.1.1/24,61
20201019090111,192.168.1.2/24,-
20201019090113,192.168.1.1/24,58
20201019090114,192.168.1.2/24,1
20201019090115,10.20.30.2/16,5
20201019090117,10.20.30.2/16,-
20201019090118,10.77.1.2/24,2
20201019090119,10.20.30.1/16,41
20201019090120,192.168.1.2/24,9
20201019090122,10.77.1.2/24,6
20201019090123,10.20.30.1/16,8
20201019090124,10.77.1.1/24,2
20201019090125,10.20.30.2/16,3
20201019090126,10.77.1.2/24,-
20201019090127,10.20.30.1/16,1
20201019090128,10.20.30.2/16,2
20201019090130,192.168.1.1/24,3
20201019090131,10.77.1.2/24,5
20201019090132,192.168.1.2/24,17
20201019090133,10.77.1.1/24,-
20201019090134,10.20.30.1/16,8
20201019090135,10.77.1.1/24,38
20201019090136,10.77.1.1/24,-
20201019090137,192.168.1.2/24,4
20201019090138,10.20.30.2/16,95
20201019090139,192.168.1.2/24,56
20201019090140,10.77.1.2/24,-
20201019090141,10.77.1.2/24,2
20201019090142,10.20.30.2/16,2
20201019090144,192.168.1.1/24,5
20201019090145,10.77.1.2/24,5
20201019090146,10.20.30.2/16,7
20201019090147,192.168.1.1/24,-
20201019090149,192.168.1.1/24,-
20201019090150,192.168.1.1/24,7
20201019090151,10.77.1.2/24,7
20201019090153,192.168.1.2/24,4
20201019090154,10.77.1.1/24,-
20201019090155,10.77.1.1/24,6
20201019090156,192.168.1.1/24,9
20201019090158,10.77.1.2/24,9
20201019090159,10.77.1.2/24,5
20201019090200,10.20.30.2/16,68
20201019090201,10.20.30.1/16,5
20201019090202,192.168.1.1/24,25
20201019090203,10.77.1.1/24,34
20201019090204,192.168.1.2/24,34
20201019090205,10.77.1.1/24,2
20201019090206,10.77.1.2/24,8
20201019090207,10.20.30.1/16,77
20201019090208,10.20.30.1/16,21
20201019090209,10.77.1.1/24,1
20201019090210,10.77.1.2/24,9
20201019090211,10.77.1.2/24,7
20201019090212,10.77.1.1/24,81
20201019090213,192.168.1.1/24,38
20201019090214,192.168.1.2/24,15
20201019090215,10.77.1.1/24,7
20201019090217,10.20.30.1/16,35
20201019090218,10.20.30.1/16,4
20201019090219,10.20.30.1/16,7
20201019090220,10.77.1.2/24,7
20201019090221,10.20.30.1/16,9
20201019090222,10.77.1.2/24,-
20201019090223,10.77.1.2/24,70
20201019090225,192.168.1.1/24,-
20201019090227,192.168.1.1/24,1
20201019090228,10.20.30.1/16,4
20201019090229,10.77.1.2/24,2
20201019090230,10.77.1.2/24,58
20201019090231,10.77.1.2/24,4
20201019090232,10.20.30.1/16,20
20201019090233,10.77.1.2/24,61
20201019090234,10.77.1.2/24,1
20201019090235,10.77.1.2/24,54
20201019090236,10.77.1.2/24,-
20201019090237,192.168.1.2/24,18
20201019090238,10.77.1.1/24,-
20201019090239,192.168.1.2/24,1
20201019090241,192.168.1.2/24,11
20201019090242,192.168.1.2/24,5
20201019090243,10.20.30.2/16,32
20201019090244,192.168.1.1/24,-
20201019090245,10.20.30.1/16,9
20201019090246,10.20.30.2/16,6
20201019090247,10.20.30.2/16,1
20201019090248,192.168.1.2/24,1
20201019090249,10.77.1.1/24,4
20201019090250,192.168.1.2/24,3
20201019090251,10.20.30.2/16,-
20201019090252,10.77.1.2/24,5
20201019090253,192.168.1.1/24,0
20201019090254,192.168.1.1/24,5
20201019090255,10.20.30.1/16,4
20201019090257,10.77.1.1/24,5
20201019090258,192.168.1.1/24,5
20201019090259,10.77.1.1/24,5
20201019090300,10.20.30.1/16,2
20201019090301,10.20.30.1/16,2
20201019090302,10.77.1.2/24,9
20201019090304,10.20.30.1/16,-
20201019090305,10.20.30.2/16,9
20201019090306,10.20.30.2/16,-
20201019090308,192.168.1.1/24,3
20201019090310,10.20.30.2/16,1
20201019090311,192.168.1.1/24,8
20201019090312,192.168.1.1/24,25
20201019090314,192.168.1.1/24,92
20201019090315,10.77.1.2/24,-
20201019090316,10.20.30.1/16,-
20201019090317,10.20.30.2/16,-
20201019090318,10.20.30.2/16,2
20201019090320,192.168.1.2/24,8
20201019090321,10.20.30.2/16,17
20201019090322,10.20.30.2/16,-
20201019090323,10.20.30.1/16,7
20201019090324,10.77.1.2/24,-
20201019090326,10.77.1.1/24,-
20201019090327,192.168.1.2/24,16
20201019090328,10.77.1.2/24,58
20201019090329,10.77.1.2/24,90
20201019090331,10.77.1.2/24,20
20201019090332,192.168.1.1/24,3
20201019090333,192.168.1.2/24,8
20201019090334,10.20.30.2/16,7
20201019090335,10.77.1.2/24,-
20201019090336,10.77.1.1/24,9
20201019090337,10.77.1.1/24,2
20201019090338,10.20.30.2/16,9
20201019090339,10.20.30.2/16,81
20201019090340,10.77.1.1/24,47
20201019090342,10.20.30.2/16,8
20201019090343,10.20.30.1/16,-
20201019090344,10.20.30.1/16,4
20201019090345,10.77.1.1/24,-
20201019090346,10.77.1.1/24,5
20201019090347,192.168.1.2/24,60
20201019090349,10.77.1.1/24,4
20201019090351,10.20.30.2/16,3
20201019090352,10.20.30.2/16,54
20201019090353,192.168.1.2/24,21
20201019090354,192.168.1.2/24,4
20201019090355,10.20.30.2/16,-
20201019090356,10.20.30.1/16,2
20201019090358,10.77.1.2/24,2
20201019090359,10.20.30.2/16,2
20201019090400,10.77.1.2/24,-
20201019090401,10.77.1.2/24,87
20201019090402,10.77.1.1/24,-
20201019090403,192.168.1.2/24,6
20201019090404,192.168.1.2/24,6
20201019090405,10.77.1.2/24,22
20201019090406,10.77.1.2/24,25
20201019090407,10.77.1.1/24,52
20201019090408,10.20.30.2/16,30
20201019090409,192.168.1.1/24,7
20201019090410,10.20.30.2/16,1
20201019090412,10.20.30.2/16,4
20201019090414,10.20.30.1/16,5
20201019090415,10.20.30.1/16,9
20201019090416,10.20.30.1/16,8
20201019090417,10.20.30.2/16,1
20201019090418,10.20.30.2/16,6
20201019090419,192.168.1.2/24,81
20201019090420,10.77.1.1/24,16
20201019090421,10.20.30.1/16,35
20201019090422,10.77.1.1/24,9
20201019090424,10.20.30.1/16,9
20201019090425,10.20.30.2/16,4
20201019090426,192.168.1.2/24,9
20201019090427,192.168.1.1/24,1
20201019090428,192.168.1.2/24,-
20201019090429,10.20.30.1/16,-
20201019090431,10.20.30.1/16,3
20201019090433,10.77.1.2/24,11
20201019090434,10.20.30.2/16,3
20201019090435,10.20.30.2/16,2
20201019090436,192.168.1.1/24,5
20201019090437,10.20.30.1/16,3
20201019090438,192.168.1.1/24,3
20201019090440,192.168.1.1/24,8
20201019090441,10.77.1.1/24,3
20201019090442,192.168.1.2/24,-
20201019090444,192.168.1.2/24,2
20201019090446,192.168.1.1/24,-
20201019090447,10.20.30.1/16,-
20201019090448,10.77.1.2/24,-
20201019090449,10.20.30.1/16,8
20201019090450,10.77.1.1/24,74
20201019090452,10.20.30.2/16,-
20201019090453,192.168.1.2/24,24
20201019090454,10.77.1.1/24,17
20201019090455,192.168.1.2/24,8
20201019090456,10.77.1.2/24,-
20201019090457,192.168.1.2/24,4
20201019090458,192.168.1.1/24,5
20201019090459,10.20.30.1/16,10
20201019090500,10.20.30.2/16,4
20201019090501,10.77.1.2/24,9
20201019090502,10.77.1.1/24,-
20201019090503,10.77.1.1/24,1
20201019090505,192.168.1.1/24,8
20201019090506,192.168.1.1/24,16
20201019090507,192.168.1.2/24,7
20201019090508,192.168.1.2/24,52
20201019090509,10.20.30.1/16,-
20201019090511,10.20.30.2/16,54
20201019090512,192.168.1.2/24,96
20201019090513,10.20.30.2/16,-
20201019090515,10.77.1.1/24,-
20201019090517,10.77.1.2/24,1
20201019090519,192.168.1.2/24,6
20201019090520,10.77.1.2/24,-
20201019090521,192.168.1.1/24,1
20201019090522,10.77.1.2/24,1
20201019090524,192.168.1.2/24,21
20201019090525,10.20.30.1/16,94
20201019090527,192.168.1.2/24,10
20201019090528,192.168.1.2/24,82
20201019090529,10.20.30.2/16,5
20201019090530,192.168.1.1/24,9
20201019090532,192.168.1.1/24,-
20201019090534,192.168.1.1/24,9
20201019090535,192.168.1.2/24,41
20201019090537,10.20.30.2/16,26
20201019090538,192.168.1.2/24,4
20201019090539,192.168.1.1/24,6
20201019090540,10.77.1.2/24,-
20201019090541,10.77.1.2/24,6
20201019090542,10.20.30.1/16,4
20201019090543,10.77.1.2/24,62
20201019090544,10.20.30.1/16,22
20201019090545,10.20.30.2/16,38
20201019090546,10.20.30.2/16,3
20201019090547,10.20.30.2/16,17
20201019090548,10.77.1.1/24,15
20201019090549,10.77.1.2/24,29
20201019090551,192.168.1.1/24,6
20201019090552,10.77.1.1/24,10
20201019090553,192.168.1.1/24,5
20201019090554,192.168.1.2/24,-
20201019090556,10.20.30.2/16,4
20201019090558,192.168.1.1/24,3
20201019090559,10.20.30.1/16,-
20201019090600,10.77.1.2/24,4
20201019090602,192.168.1.1/24,19
20201019090603,192.168.1.1/24,8
20201019090604,10.77.1.2/24,-
20201019090605,10.20.30.1/16,2
20201019090606,10.77.1.2/24,-
20201019090607,192.168.1.1/24,4
20201019090608,10.20.30.2/16,79
20201019090609,10.77.1.1/24,3
20201019090610,10.20.30.2/16,-
20201019090612,10.77.1.1/24,5
20201019090613,10.77.1.2/24,-
20201019090615,10.77.1.2/24,8
20201019090616,192.168.1.1/24,8
20201019090617,10.77.1.1/24,56
20201019090618,192.168.1.1/24,7
20201019090619,10.77.1.2/24,4
20201019090620,10.77.1.2/24,-
20201019090621,10.20.30.2/16,5
20201019090623,10.20.30.2/16,48
20201019090625,10.20.30.2/16,11
20201019090626,10.77.1.1/24,6
20201019090628,10.20.30.1/16,-
20201019090629,10.20.30.1/16,7
20201019090630,10.20.30.1/16,5
20201019090632,192.168.1.1/24,-
20201019090633,10.20.30.1/16,-
20201019090634,192.168.1.1/24,44
20201019090635,192.168.1.1/24,57
20201019090637,10.20.30.1/16,2
20201019090639,192.168.1.2/24,6
20201019090640,192.168.1.1/24,3
20201019090641,192.168.1.2/24,-
20201019090642,10.77.1.2/24,5
20201019090644,10.20.30.2/16,-
20201019090645,10.77.1.2/24,1
20201019090646,10.77.1.1/24,38
20201019090647,192.168.1.1/24,5
20201019090649,10.20.30.2/16,6
20201019090650,10.77.1.1/24,7
20201019090652,192.168.1.1/24,5
20201019090653,10.20.30.2/16,3
20201019090654,10.20.30.2/16,1
20201019090655,10.77.1.2/24,5
20201019090656,10.77.1.1/24,9
20201019090657,10.20.30.1/16,-
20201019090658,10.77.1.2/24,2
20201019090659,192.168.1.1/24,7
20201019090700,192.168.1.2/24,5
20201019090701,10.20.30.2/16,8
20201019090702,10.20.30.2/16,92
20201019090704,192.168.1.1/24,-
20201019090706,10.20.30.2/16,42
20201019090707,192.168.1.1/24,7
20201019090708,192.168.1.1/24,15
20201019090710,10.20.30.1/16,-
20201019090711,192.168.1.2/24,-
20201019090713,192.168.1.2/24,1
20201019090714,192.168.1.1/24,-
20201019090715,192.168.1.2/24,3
20201019090716,10.20.30.1/16,-
20201019090718,192.168.1.1/24,8
20201019090719,10.20.30.1/16,-
20201019090720,10.77.1.2/24,11
20201019090722,10.77.1.2/24,7
20201019090723,10.20.30.2/16,1
20201019090724,10.77.1.1/24,27
20201019090725,10.77.1.1/24,0
20201019090726,10.20.30.2/16,9
20201019090727,10.77.1.2/24,3
20201019090729,10.77.1.2/24,11
20201019090730,192.168.1.2/24,7
20201019090731,192.168.1.2/24,3
20201019090732,10.77.1.1/24,3
20201019090733,10.77.1.1/24,12
20201019090735,192.168.1.2/24,9
20201019090736,10.20.30.2/16,2
20201019090737,10.77.1.2/24,4
20201019090738,10.77.1.2/24,8
20201019090740,192.168.1.2/24,-
20201019090741,10.77.1.2/24,2
20201019090742,10.20.30.1/16,19
20201019090743,10.77.1.1/24,4
20201019090745,10.77.1.2/24,4
20201019090746,192.168.1.1/24,2
20201019090747,10.77.1.1/24,1
20201019090748,192.168.1.2/24,-
20201019090750,10.20.30.1/16,-
20201019090751,10.20.30.2/16,0
20201019090752,10.20.30.1/16,6
20201019090754,192.168.1.1/24,41
20201019090755,192.168.1.1/24,7
20201019090756,10.77.1.1/24,-
20201019090757,10.20.30.2/16,5
20201019090758,192.168.1.2/24,84
20201019090759,10.77.1.1/24,-
20201019090801,10.77.1.2/24,-
20201019090802,10.77.1.1/24,5
20201019090804,10.20.30.2/16,29
20201019090805,10.20.30.1/16,3
20201019090806,10.77.1.1/24,87
20201019090808,10.77.1.2/24,1
20201019090809,192.168.1.2/24,1
20201019090810,10.20.30.1/16,-
20201019090811,10.77.1.2/24,9
20201019090812,10.20.30.2/16,38
20201019090813,192.168.1.1/24,-
20201019090814,10.77.1.2/24,8
20201019090815,10.77.1.2/24,4
20201019090817,192.168.1.2/24,7
20201019090818,10.20.30.1/16,3
20201019090819,192.168.1.2/24,36
20201019090820,192.168.1.2/24,11
20201019090822,10.77.1.1/24,48
20201019090823,10.77.1.2/24,8
20201019090824,10.77.1.1/24,30
20201019090825,10.20.30.2/16,6
20201019090827,192.168.1.2/24,7
20201019090828,192.168.1.2/24,-
20201019090829,192.168.1.2/24,8
20201019090830,10.77.1.2/24,3
20201019090831,192.168.1.1/24,-
20201019090832,192.168.1.2/24,2
20201019090833,10.77.1.2/24,8
20201019090834,10.20.30.1/16,11
20201019090835,192.168.1.1/24,-
20201019090836,10.77.1.1/24,8
20201019090837,10.20.30.2/16,-
20201019090839,10.20.30.2/16,31
20201019090840,10.77.1.2/24,9
20201019090841,192.168.1.2/24,9
20201019090842,192.168.1.1/24,8
20201019090843,192.168.1.2/24,89
20201019090844,192.168.1.1/24,10
20201019090845,10.20.30.1/16,20
20201019090846,192.168.1.1/24,4
20201019090847,10.20.30.2/16,8
20201019090848,10.77.1.2/24,7
20201019090850,10.77.1.2/24,2
20201019090851,10.20.30.1/16,5
20201019090852,192.168.1.1/24,8
20201019090854,10.20.30.2/16,9
20201019090855,10.77.1.1/24,-
20201019090856,10.20.30.2/16,6
20201019090857,10.77.1.2/24,12
20201019090858,10.20.30.1/16,1
20201019090900,10.20.30.2/16,-
20201019090901,10.77.1.1/24,3
20201019090902,10.77.1.2/24,-
20201019090903,10.20.30.1/16,3
20201019090904,10.20.30.2/16,6
20201019090906,192.168.1.2/24,90
20201019090908,10.77.1.1/24,10
20201019090909,10.77.1.2/24,42
20201019090910,10.20.30.2/16,9
20201019090912,192.168.1.2/24,8
20201019090913,10.77.1.2/24,-
20201019090914,10.20.30.2/16,3
20201019090915,10.77.1.2/24,74
20201019090916,10.20.30.2/16,-
20201019090917,10.20.30.2/16,8
20201019090918,10.77.1.2/24,10
20201019090919,192.168.1.2/24,43
20201019090920,10.20.30.1/16,5
20201019090921,192.168.1.1/24,13
20201019090922,192.168.1.1/24,8
20201019090924,10.20.30.2/16,23
20201019090925,10.77.1.2/24,3
20201019090927,10.77.1.2/24,7
20201019090928,192.168.1.2/24,-
20201019090929,10.20.30.2/16,9
20201019090930,10.20.30.2/16,3
20201019090931,10.20.30.1/16,-
20201019090933,192.168.1.1/24,5
20201019090934,192.168.1.2/24,7
20201019090935,10.77.1.1/24,1
20201019090936,192.168.1.1/24,7
20201019090937,10.77.1.2/24,-
20201019090938,10.20.30.1/16,6
20201019090939,10.77.1.2/24,12
20201019090940,10.77.1.2/24,2
20201019090941,10.77.1.2/24,24
20201019090943,192.168.1.2/24,8
20201019090944,10.77.1.1/24,-
20201019090946,10.77.1.2/24,11
20201019090947,10.77.1.2/24,9
20201019090948,10.77.1.2/24,6
20201019090950,10.77.1.2/24,29
20201019090951,10.77.1.1/24,7
20201019090952,192.168.1.2/24,83
20201019090953,192.168.1.1/24,8
20201019090955,192.168.1.1/24,14
20201019090956,10.20.30.1/16,8
20201019090958,192.168.1.1/24,2
20201019090959,192.168.1.1/24,3
20201019091001,10.77.1.2/24,76
20201019091002,192.168.1.2/24,7
20201019091003,192.168.1.2/24,-
20201019091004,10.20.30.2/16,2
20201019091005,192.168.1.1/24,-
20201019091006,10.20.30.1/16,6
20201019091007,10.77.1.2/24,54
20201019091008,10.77.1.2/24,-
20201019091010,10.77.1.1/24,-
20201019091012,10.77.1.1/24,7
20201019091013,192.168.1.2/24,83
20201019091014,10.77.1.1/24,10
20201019091015,10.20.30.1/16,4
20201019091016,10.77.1.1/24,2
20201019091017,10.77.1.1/24,95
20201019091018,10.77.1.2/24,-
20201019091019,10.20.30.1/16,7
20201019091020,192.168.1.1/24,6
20201019091021,192.168.1.2/24,51
20201019091022,10.77.1.1/24,9
20201019091023,10.77.1.1/24,7
20201019091024,10.20.30.2/16,13
20201019091026,10.77.1.2/24,7
20201019091028,10.77.1.1/24,9
20201019091029,192.168.1.1/24,4
20201019091030,192.168.1.1/24,96
20201019091031,192.168.1.1/24,34
20201019091032,10.77.1.2/24,-
20201019091034,192.168.1.2/24,2
20201019091036,10.20.30.1/16,9
20201019091037,10.77.1.1/24,5
20201019091038,192.168.1.2/24,-
20201019091039,192.168.1.1/24,7
20201019091041,10.20.30.2/16,4
20201019091043,192.168.1.2/24,9
20201019091044,10.20.30.2/16,2
20201019091045,10.77.1.2/24,-
20201019091046,10.20.30.2/16,-
20201019091048,10.77.1.1/24,-
20201019091049,192.168.1.2/24,-
20201019091050,192.168.1.1/24,-
20201019091051,192.168.1.1/24,9
20201019091052,10.20.30.1/16,92
20201019091053,10.77.1.2/24,1
20201019091054,10.77.1.1/24,-
20201019091055,10.77.1.2/24,-
20201019091056,10.77.1.2/24,6
20201019091057,10.20.30.2/16,25
20201019091059,10.77.1.1/24,4
20201019091100,10.20.30.1/16,3
20201019091101,192.168.1.1/24,8
20201019091102,192.168.1.2/24,1
20201019091103,10.20.30.2/16,6
20201019091104,192.168.1.1/24,-
20201019091105,192.168.1.1/24,84
20201019091106,10.20.30.2/16,3
20201019091107,10.77.1.1/24,6
20201019091108,10.77.1.2/24,6
20201019091109,10.20.30.2/16,4
20201019091111,10.77.1.1/24,9
20201019091112,10.20.30.2/16,6
20201019091113,10.20.30.2/16,7
20201019091114,192.168.1.2/24,11
20201019091116,192.168.1.1/24,-
20201019091117,192.168.1.1/24,-
20201019091118,10.20.30.2/16,9
20201019091119,192.168.1.2/24,3
20201019091120,10.20.30.1/16,25
20201019091121,192.168.1.1/24,21
20201019091123,10.77.1.2/24,2
20201019091125,192.168.1.1/24,32
20201019091126,192.168.1.1/24,9
20201019091128,192.168.1.1/24,8
20201019091129,192.168.1.1/24,-
20201019091130,10.20.30.2/16,48
20201019091131,192.168.1.2/24,2
20201019091132,10.77.1.2/24,-
20201019091134,10.77.1.1/24,22
20201019091136,10.20.30.2/16,62
20201019091137,10.20.30.2/16,4
20201019091138,192.168.1.1/24,1
20201019091139,10.20.30.1/16,2
20201019091140,192.168.1.2/24,21
20201019091141,10.77.1.1/24,86
20201019091142,10.77.1.1/24,12
20201019091144,10.20.30.2/16,8
20201019091146,10.20.30.2/16,48
20201019091147,10.20.30.1/16,60
20201019091148,10.20.30.1/16,6
20201019091149,10.20.30.2/16,5
20201019091150,10.77.1.2/24,8
20201019091151,10.20.30.1/16,8
20201019091152,10.20.30.2/16,-
20201019091153,10.20.30.1/16,-
20201019091154,10.77.1.2/24,-
20201019091156,10.20.30.2/16,-
20201019091158,10.77.1.2/24,-
20201019091200,192.168.1.1/24,6
20201019091202,192.168.1.2/24,6
20201019091203,10.20.30.1/16,-
20201019091204,10.77.1.2/24,8
20201019091205,192.168.1.1/24,59
20201019091207,10.20.30.1/16,4
20201019091208,192.168.1.2/24,63
20201019091209,192.168.1.2/24,34
20201019091211,192.168.1.1/24,-
20201019091212,10.20.30.2/16,40
20201019091213,10.20.30.1/16,5
20201019091214,10.77.1.2/24,-
20201019091215,10.77.1.1/24,2
20201019091216,10.77.1.2/24,4
20201019091217,10.77.1.1/24,9
20201019091218,192.168.1.1/24,20
20201019091219,10.20.30.1/16,3
20201019091220,10.77.1.2/24,-
20201019091221,10.20.30.2/16,4
20201019091223,10.20.30.1/16,5
20201019091224,192.168.1.1/24,5
20201019091225,192.168.1.2/24,7
20201019091226,10.20.30.1/16,8
20201019091227,192.168.1.1/24,8
20201019091228,10.77.1.1/24,21
20201019091230,10.20.30.2/16,5
20201019091232,10.77.1.1/24,3
20201019091234,10.77.1.1/24,7
20201019091236,10.77.1.2/24,6
20201019091237,10.20.30.2/16,-
20201019091238,10.77.1.1/24,40
20201019091239,10.20.30.1/16,-
20201019091240,10.77.1.1/24,2
20201019091242,10.20.30.1/16,88
20201019091244,192.168.1.1/24,-
20201019091245,10.77.1.1/24,6
20201019091246,10.20.30.2/16,-
20201019091247,10.20.30.2/16,4
20201019091248,192.168.1.1/24,1
20201019091249,10.77.1.1/24,9
20201019091250,10.77.1.2/24,3
20201019091251,10.20.30.2/16,6
20201019091253,192.168.1.2/24,79
20201019091255,192.168.1.1/24,6
20201019091256,192.168.1.1/24,6
20201019091257,10.77.1.2/24,43
20201019091259,192.168.1.1/24,32
20201019091301,10.77.1.2/24,35
20201019091303,10.77.1.2/24,47
20201019091304,10.77.1.1/24,98
20201019091306,10.77.1.1/24,-
20201019091307,10.77.1.1/24,-
20201019091308,192.168.1.1/24,-
20201019091309,10.77.1.1/24,-
20201019091311,192.168.1.1/24,4
20201019091312,192.168.1.2/24,90
20201019091313,192.168.1.2/24,59
20201019091314,192.168.1.2/24,8
20201019091315,10.77.1.2/24,63
20201019091316,10.20.30.1/16,-
20201019091317,10.77.1.1/24,8
20201019091319,10.77.1.2/24,24
20201019091321,192.168.1.2/24,-
20201019091322,10.77.1.2/24,99
20201019091323,10.77.1.1/24,8
20201019091324,10.20.30.2/16,42
20201019091325,192.168.1.1/24,4
20201019091326,10.77.1.1/24,5
20201019091327,192.168.1.1/24,-
20201019091328,10.77.1.2/24,8
20201019091329,192.168.1.1/24,4
20201019091330,10.77.1.1/24,-
20201019091331,10.77.1.1/24,4
20201019091332,10.77.1.1/24,9
20201019091333,10.77.1.1/24,8
20201019091334,192.168.1.1/24,-
20201019091336,192.168.1.1/24,3
20201019091337,192.168.1.1/24,7
20201019091338,10.20.30.1/16,22
20201019091339,192.168.1.1/24,5
20201019091340,192.168.1.2/24,9
20201019091341,10.77.1.2/24,47
20201019091342,192.168.1.2/24,0
20201019091343,10.77.1.2/24,8
20201019091344,192.168.1.1/24,7
20201019091345,10.20.30.1/16,3
20201019091346,10.77.1.2/24,1
20201019091347,192.168.1.2/24,-
20201019091348,192.168.1.1/24,7
20201019091350,10.77.1.1/24,8
20201019091351,10.77.1.2/24,17
20201019091353,10.20.30.1/16,8
20201019091354,192.168.1.1/24,-
20201019091355,10.20.30.1/16,3
20201019091356,10.20.30.1/16,6
20201019091357,10.77.1.1/24,9
20201019091358,10.77.1.2/24,-
20201019091359,10.20.30.2/16,-
20201019091400,10.20.30.1/16,3
20201019091401,10.77.1.1/24,22
20201019091402,10.77.1.1/24,10
20201019091403,192.168.1.2/24,36
20201019091404,10.20.30.2/16,7
20201019091406,10.77.1.2/24,-
20201019091407,10.20.30.1/16,6
20201019091408,10.77.1.2/24,3
20201019091409,10.20.30.2/16,1
20201019091410,192.168.1.2/24,81
20201019091412,10.77.1.2/24,6
20201019091413,10.77.1.2/24,80
20201019091414,10.20.30.2/16,-
20201019091415,192.168.1.2/24,73
20201019091417,10.77.1.2/24,9
20201019091418,192.168.1.2/24,44
20201019091419,10.20.30.2/16,97
20201019091420,10.20.30.1/16,9
20201019091421,10.77.1.2/24,-
20201019091422,192.168.1.2/24,-
20201019091424,10.20.30.1/16,3
20201019091425,10.77.1.1/24,4
20201019091427,10.77.1.2/24,9
20201019091428,10.20.30.1/16,-
20201019091429,10.20.30.2/16,7
20201019091430,192.168.1.1/24,5
20201019091431,192.168.1.1/24,9
20201019091432,192.168.1.2/24,9
20201019091433,10.20.30.2/16,1
20201019091434,10.77.1.2/24,0
20201019091435,192.168.1.1/24,3
20201019091436,10.20.30.1/16,4
20201019091437,10.20.30.2/16,-
20201019091438,192.168.1.2/24,46
20201019091439,192.168.1.2/24,9
20201019091441,10.77.1.2/24,57
20201019091442,10.20.30.2/16,5
20201019091443,192.168.1.1/24,-
20201019091444,10.20.30.1/16,1
20201019091445,10.20.30.2/16,7
20201019091446,10.77.1.1/24,2
20201019091447,10.77.1.2/24,8
20201019091448,10.20.30.1/16,3
20201019091449,10.77.1.2/24,1
20201019091450,10.77.1.1/24,3
20201019091452,10.20.30.1/16,9
20201019091453,10.20.30.1/16,10
20201019091454,192.168.1.1/24,-
20201019091456,10.20.30.2/16,-
20201019091457,10.77.1.1/24,7
20201019091458,10.77.1.2/24,4
20201019091459,10.20.30.1/16,5
20201019091500,10.20.30.1/16,-
20201019091502,10.77.1.2/24,7
20201019091503,192.168.1.2/24,1
20201019091504,10.20.30.2/16,6
20201019091505,10.20.30.2/16,-
20201019091506,10.20.30.2/16,31
20201019091508,10.20.30.2/16,4
20201019091509,10.77.1.1/24,31
20201019091510,192.168.1.1/24,-
20201019091511,192.168.1.2/24,6
20201019091512,10.77.1.2/24,-
20201019091513,10.77.1.2/24,13
20201019091514,10.77.1.1/24,9
20201019091515,192.168.1.1/24,96
20201019091517,10.20.30.2/16,-
20201019091518,192.168.1.1/24,9
20201019091519,192.168.1.1/24,16
20201019091520,192.168.1.2/24,4
20201019091521,10.77.1.2/24,-
20201019091522,10.20.30.2/16,2
20201019091523,10.77.1.1/24,2
20201019091525,10.77.1.2/24,-
20201019091526,10.77.1.1/24,-
20201019091528,10.77.1.2/24,18
20201019091529,192.168.1.2/24,25
20201019091531,10.77.1.1/24,11
20201019091532,10.20.30.2/16,1
20201019091533,10.77.1.2/24,8
20201019091534,192.168.1.2/24,9
20201019091536,10.77.1.1/24,-
20201019091537,10.77.1.1/24,24
20201019091539,10.20.30.2/16,-
20201019091540,10.77.1.2/24,-
20201019091541,10.20.30.1/16,3
20201019091542,192.168.1.1/24,7
20201019091544,10.20.30.2/16,85
20201019091545,192.168.1.1/24,12
20201019091546,10.20.30.2/16,5
20201019091547,192.168.1.1/24,-
20201019091548,192.168.1.2/24,2
20201019091549,192.168.1.1/24,3
20201019091550,192.168.1.1/24,-
20201019091551,10.77.1.1/24,2
20201019091552,10.20.30.2/16,19
20201019091553,10.77.1.2/24,6
20201019091554,10.77.1.2/24,91
20201019091555,192.168.1.1/24,99
20201019091556,10.77.1.1/24,8
20201019091558,192.168.1.2/24,-
20201019091559,192.168.1.2/24,4
20201019091600,10.77.1.1/24,-
20201019091601,192.168.1.1/24,8
20201019091602,10.77.1.1/24,8
20201019091603,192.168.1.2/24,95
20201019091604,192.168.1.2/24,-
20201019091605,192.168.1.2/24,6
20201019091606,192.168.1.2/24,-
20201019091607,192.168.1.1/24,-
20201019091608,192.168.1.1/24,-
20201019091610,10.77.1.1/24,-
20201019091611,10.77.1.1/24,84
20201019091612,10.77.1.1/24,6
20201019091613,192.168.1.1/24,-
20201019091614,10.20.30.1/16,2
20201019091615,10.77.1.2/24,2
20201019091617,10.20.30.1/16,6
20201019091618,10.77.1.1/24,-
20201019091619,10.77.1.2/24,6
20201019091620,10.77.1.2/24,7
20201019091621,192.168.1.1/24,-
20201019091622,192.168.1.1/24,-
20201019091623,192.168.1.2/24,83
20201019091624,10.20.30.2/16,-
20201019091625,192.168.1.2/24,7
20201019091627,10.20.30.1/16,2
20201019091629,10.77.1.2/24,6
20201019091630,192.168.1.1/24,73
20201019091632,10.20.30.2/16,-
20201019091633,10.77.1.1/24,6
20201019091634,10.20.30.1/16,-
20201019091635,10.20.30.1/16,95
20201019091636,10.77.1.2/24,2
20201019091637,10.77.1.2/24,-
20201019091638,10.20.30.2/16,60
20201019091639,10.77.1.1/24,8
20201019091640,192.168.1.2/24,14
20201019091641,192.168.1.1/24,-
20201019091642,10.20.30.1/16,5
20201019091644,192.168.1.1/24,4
20201019091645,10.77.1.2/24,60
20201019091646,10.77.1.1/24,1
20201019091648,10.77.1.1/24,-
20201019091650,10.20.30.1/16,6
20201019091651,10.77.1.1/24,6
20201019091652,10.20.30.1/16,7
20201019091653,10.20.30.1/16,81
20201019091655,192.168.1.2/24,53
20201019091656,10.77.1.1/24,2
20201019091657,10.77.1.1/24,3
20201019091658,192.168.1.2/24,-
20201019091659,10.20.30.2/16,8
20201019091700,192.168.1.1/24,80
20201019091701,10.20.30.1/16,39
20201019091702,10.77.1.2/24,5
20201019091704,10.77.1.2/24,4
20201019091705,10.77.1.1/24,1
20201019091706,10.77.1.1/24,21
20201019091707,10.77.1.1/24,-
20201019091708,10.20.30.1/16,4
20201019091710,10.20.30.1/16,37
20201019091711,10.20.30.2/16,8
20201019091712,192.168.1.1/24,5
20201019091713,192.168.1.1/24,6
20201019091715,10.20.30.2/16,2
20201019091717,192.168.1.2/24,47
20201019091718,10.77.1.1/24,9
20201019091720,10.77.1.2/24,-
20201019091721,10.77.1.2/24,6
20201019091722,10.20.30.2/16,5
20201019091723,192.168.1.2/24,-
20201019091724,10.77.1.1/24,9
20201019091726,10.20.30.2/16,6
20201019091727,10.77.1.2/24,80
20201019091728,192.168.1.2/24,1
20201019091730,10.20.30.2/16,7
20201019091731,10.20.30.1/16,-
20201019091732,10.77.1.1/24,13
20201019091734,10.20.30.2/16,-
20201019091735,10.77.1.2/24,-
20201019091736,192.168.1.1/24,-
20201019091737,10.77.1.1/24,99
20201019091738,10.20.30.1/16,-
20201019091739,10.77.1.2/24,-
20201019091740,10.77.1.2/24,3
20201019091741,192.168.1.2/24,4
20201019091742,192.168.1.1/24,-
20201019091744,192.168.1.2/24,4
20201019091745,192.168.1.2/24,4
20201019091746,10.20.30.1/16,68
20201019091748,10.20.30.1/16,9
20201019091749,192.168.1.2/24,5
20201019091751,192.168.1.1/24,7
20201019091752,192.168.1.2/24,6
20201019091754,10.20.30.2/16,4
20201019091755,192.168.1.1/24,-
20201019091757,192.168.1.2/24,67
20201019091758,10.20.30.2/16,7
20201019091759,10.20.30.1/16,9
20201019091800,10.20.30.2/16,3
20201019091801,192.168.1.2/24,-
20201019091802,10.20.30.1/16,5
20201019091803,192.168.1.1/24,3
20201019091805,192.168.1.2/24,5
20201019091806,192.168.1.2/24,-
20201019091807,10.77.1.2/24,42
20201019091809,10.20.30.2/16,-
20201019091811,10.77.1.1/24,52
20201019091812,10.77.1.1/24,3
20201019091814,192.168.1.2/24,44
20201019091815,10.20.30.2/16,5
20201019091816,10.77.1.2/24,3
20201019091817,192.168.1.2/24,3
20201019091818,192.168.1.1/24,-
20201019091819,10.20.30.2/16,18
20201019091820,10.20.30.1/16,7
20201019091821,10.20.30.2/16,5
20201019091822,10.77.1.2/24,5
20201019091823,10.20.30.2/16,8
20201019091824,10.20.30.2/16,11
20201019091825,10.77.1.1/24,1
20201019091827,192.168.1.2/24,6
20201019091828,10.77.1.2/24,7
20201019091829,10.77.1.2/24,8
20201019091830,192.168.1.2/24,-
20201019091832,10.77.1.1/24,1
20201019091833,10.77.1.2/24,-
20201019091834,10.20.30.1/16,6
20201019091835,10.77.1.1/24,9
20201019091836,10.20.30.2/16,3
20201019091837,10.77.1.2/24,-
20201019091838,10.77.1.2/24,-
20201019091839,192.168.1.2/24,72
20201019091840,10.20.30.1/16,1
20201019091841,192.168.1.1/24,6
20201019091842,192.168.1.2/24,7
20201019091843,192.168.1.1/24,8
20201019091844,192.168.1.1/24,7
20201019091845,10.77.1.2/24,56
20201019091847,10.77.1.1/24,-
20201019091848,10.20.30.1/16,43
20201019091849,192.168.1.2/24,10
20201019091850,10.20.30.1/16,-
20201019091851,10.77.1.2/24,6
20201019091852,10.77.1.2/24,72
20201019091853,10.77.1.2/24,64
20201019091854,192.168.1.1/24,6
20201019091856,10.77.1.1/24,2
20201019091858,10.20.30.2/16,6
20201019091859,10.77.1.1/24,2
20201019091900,10.20.30.1/16,9
20201019091901,10.77.1.2/24,-
20201019091902,192.168.1.2/24,3
20201019091903,10.20.30.2/16,-
20201019091904,10.77.1.2/24,5
20201019091905,10.20.30.1/16,-
20201019091907,10.77.1.1/24,8
20201019091908,10.77.1.1/24,-
20201019091909,10.77.1.1/24,4
20201019091911,10.20.30.2/16,7
20201019091912,192.168.1.2/24,-
20201019091913,10.20.30.2/16,-
20201019091915,10.20.30.2/16,24
20201019091917,192.168.1.1/24,23
20201019091918,192.168.1.1/24,5
20201019091919,10.77.1.1/24,-
20201019091920,10.20.30.1/16,7
20201019091921,10.20.30.1/16,49
20201019091922,192.168.1.1/24,-
20201019091923,10.77.1.1/24,40
20201019091924,192.168.1.2/24,-
20201019091925,10.77.1.2/24,43
20201019091927,192.168.1.2/24,2
20201019091929,192.168.1.2/24,8
20201019091930,10.77.1.1/24,5
20201019091931,10.77.1.1/24,8
20201019091933,192.168.1.2/24,-
20201019091934,10.77.1.2/24,-
20201019091935,10.77.1.2/24,80
20201019091937,10.20.30.1/16,50
20201019091939,10.20.30.2/16,4
20201019091940,192.168.1.2/24,6
20201019091941,10.77.1.2/24,-
20201019091942,192.168.1.1/24,7
20201019091944,192.168.1.1/24,6
20201019091945,192.168.1.2/24,44
20201019091947,10.77.1.2/24,81
20201019091948,10.77.1.1/24,99
20201019091949,192.168.1.2/24,47
20201019091951,192.168.1.1/24,4
20201019091952,10.77.1.1/24,-
20201019091953,192.168.1.1/24,5
20201019091954,10.20.30.1/16,90
20201019091955,192.168.1.2/24,-
20201019091956,10.20.30.2/16,22
20201019091957,192.168.1.2/24,16
20201019091958,192.168.1.2/24,6
20201019091959,10.20.30.1/16,89
20201019092000,10.20.30.2/16,21
20201019092001,10.77.1.1/24,11
20201019092002,10.20.30.2/16,-
20201019092003,192.168.1.2/24,5
20201019092005,192.168.1.2/24,7
20201019092006,10.77.1.1/24,7
20201019092007,10.77.1.1/24,8
20201019092008,10.20.30.1/16,7
20201019092009,192.168.1.1/24,7
20201019092011,10.77.1.1/24,4
20201019092013,10.20.30.1/16,-
20201019092014,10.77.1.2/24,98
20201019092015,10.77.1.1/24,54
20201019092016,10.20.30.2/16,69
20201019092018,10.77.1.1/24,1
20201019092019,192.168.1.2/24,4
20201019092020,192.168.1.1/24,-
20201019092021,192.168.1.1/24,4
20201019092022,10.20.30.2/16,4
20201019092023,192.168.1.2/24,95
20201019092025,10.77.1.2/24,9
20201019092026,10.20.30.2/16,-
20201019092028,10.77.1.2/24,57
20201019092030,10.20.30.1/16,9
20201019092031,192.168.1.2/24,14
20201019092032,10.77.1.2/24,24
20201019092033,192.168.1.2/24,3
20201019092034,10.20.30.1/16,7
20201019092035,10.20.30.2/16,-
20201019092037,10.20.30.1/16,6
20201019092038,10.20.30.2/16,11
20201019092039,10.20.30.2/16,8
20201019092040,192.168.1.1/24,-
20201019092041,192.168.1.1/24,6
20201019092042,192.168.1.1/24,-
20201019092043,10.20.30.2/16,3
20201019092044,10.77.1.2/24,58
20201019092045,192.168.1.2/24,28
20201019092047,10.20.30.2/16,2
20201019092048,10.77.1.1/24,4
20201019092049,192.168.1.1/24,3
20201019092050,192.168.1.1/24,32
20201019092051,10.77.1.1/24,4
20201019092052,10.77.1.1/24,7
20201019092053,10.20.30.1/16,23
20201019092055,10.77.1.1/24,28
20201019092056,192.168.1.1/24,-
20201019092057,192.168.1.2/24,94
20201019092059,10.20.30.1/16,88
20201019092100,10.77.1.2/24,3
20201019092101,192.168.1.2/24,14
20201019092103,10.20.30.1/16,7
20201019092104,10.20.30.2/16,86
20201019092105,10.77.1.1/24,-
20201019092106,10.20.30.2/16,96
20201019092108,192.168.1.2/24,79
20201019092109,192.168.1.2/24,3
20201019092110,10.20.30.1/16,15
20201019092111,10.20.30.2/16,-
20201019092112,192.168.1.2/24,-
20201019092114,192.168.1.2/24,-
20201019092115,10.77.1.1/24,1
20201019092116,10.77.1.2/24,40
20201019092118,192.168.1.1/24,17
20201019092119,192.168.1.2/24,30
20201019092120,192.168.1.2/24,8
20201019092121,10.20.30.1/16,-
20201019092122,192.168.1.1/24,1
20201019092123,192.168.1.1/24,16
20201019092124,10.77.1.1/24,31
20201019092125,192.168.1.2/24,82
20201019092126,10.20.30.1/16,-
20201019092127,10.77.1.1/24,-
20201019092128,10.77.1.1/24,83
20201019092130,10.77.1.2/24,8
20201019092131,10.77.1.1/24,3
20201019092132,10.77.1.1/24,-
20201019092133,192.168.1.2/24,-
20201019092134,10.20.30.2/16,8
20201019092136,192.168.1.1/24,-
20201019092137,192.168.1.1/24,-
20201019092138,192.168.1.1/24,49
20201019092140,10.20.30.1/16,12
20201019092141,10.20.30.2/16,5
20201019092142,10.20.30.2/16,14
20201019092143,10.77.1.2/24,7
20201019092144,192.168.1.1/24,9
20201019092145,10.77.1.2/24,7
20201019092146,10.20.30.1/16,1
20201019092147,10.77.1.1/24,1
20201019092148,10.77.1.1/24,5
20201019092149,10.20.30.2/16,9
20201019092150,10.20.30.2/16,5
20201019092151,10.77.1.1/24,3
20201019092152,192.168.1.1/24,27
20201019092153,10.77.1.1/24,5
20201019092154,10.20.30.1/16,91
20201019092155,192.168.1.1/24,16
20201019092157,10.77.1.2/24,-
20201019092158,192.168.1.1/24,17
20201019092159,10.20.30.1/16,8
20201019092201,10.77.1.2/24,8
20201019092203,192.168.1.2/24,8
20201019092204,10.77.1.1/24,6
20201019092205,10.20.30.2/16,9
20201019092206,10.77.1.2/24,4
20201019092207,192.168.1.1/24,-
20201019092208,192.168.1.2/24,60
20201019092209,10.20.30.2/16,25
20201019092211,10.77.1.1/24,0
20201019092212,10.20.30.1/16,72
20201019092213,10.77.1.2/24,9
20201019092214,192.168.1.1/24,2
20201019092215,192.168.1.1/24,1
20201019092216,10.20.30.2/16,9
20201019092218,10.20.30.2/16,4
20201019092219,192.168.1.2/24,9
20201019092220,192.168.1.2/24,-
20201019092222,10.77.1.2/24,3
20201019092224,10.20.30.1/16,2
20201019092226,10.20.30.2/16,4
20201019092228,10.77.1.1/24,-
20201019092230,10.20.30.2/16,-
20201019092231,192.168.1.2/24,1
20201019092232,10.20.30.1/16,-
20201019092233,192.168.1.2/24,-
20201019092234,10.20.30.2/16,8
20201019092235,10.20.30.1/16,1
20201019092236,10.20.30.2/16,5
20201019092237,10.20.30.1/16,12
20201019092239,10.20.30.1/16,4
20201019092240,10.77.1.1/24,5
20201019092241,10.77.1.2/24,1
20201019092242,10.77.1.2/24,-
20201019092243,10.77.1.1/24,7
20201019092244,10.20.30.2/16,4
20201019092245,10.20.30.2/16,97
20201019092246,10.20.30.1/16,5
20201019092248,192.168.1.2/24,-
20201019092249,10.77.1.2/24,-
20201019092251,192.168.1.1/24,-
20201019092252,10.77.1.2/24,-
20201019092253,192.168.1.1/24,-
20201019092254,10.77.1.2/24,8
20201019092255,192.168.1.1/24,78
20201019092256,10.77.1.1/24,7
20201019092257,192.168.1.2/24,5
20201019092258,10.77.1.2/24,-
20201019092259,10.77.1.2/24,5
20201019092300,10.77.1.1/24,9
20201019092301,10.77.1.2/24,-
20201019092303,10.77.1.1/24,3
20201019092304,10.20.30.2/16,5
20201019092305,192.168.1.1/24,84
20201019092307,10.77.1.1/24,1
20201019092309,10.20.30.2/16,29
20201019092310,192.168.1.2/24,6
20201019092311,10.77.1.1/24,8
20201019092313,10.77.1.1/24,96
20201019092314,10.77.1.1/24,9
20201019092316,10.77.1.2/24,8
20201019092317,10.20.30.2/16,2
20201019092318,10.20.30.1/16,4
20201019092320,192.168.1.2/24,-
20201019092321,10.20.30.1/16,9
20201019092322,192.168.1.2/24,44
20201019092323,10.20.30.1/16,-
20201019092324,10.77.1.2/24,25
20201019092325,10.77.1.2/24,8
20201019092326,192.168.1.1/24,4
20201019092327,10.20.30.1/16,2
20201019092328,10.20.30.2/16,1
20201019092330,10.20.30.1/16,-
20201019092331,10.77.1.1/24,13
20201019092333,10.20.30.1/16,4
20201019092335,10.20.30.2/16,2
20201019092336,192.168.1.1/24,8
20201019092337,192.168.1.1/24,46
20201019092338,10.77.1.1/24,1
20201019092339,10.77.1.1/24,6
20201019092341,10.20.30.2/16,8
20201019092342,10.20.30.1/16,8
20201019092343,192.168.1.1/24,-
20201019092344,10.77.1.1/24,47
20201019092345,10.77.1.2/24,57
20201019092346,10.77.1.2/24,8
20201019092347,10.77.1.2/24,7
20201019092348,10.20.30.2/16,-
20201019092349,10.77.1.1/24,6
20201019092351,10.77.1.1/24,-
20201019092352,10.77.1.1/24,5
20201019092353,192.168.1.2/24,-
20201019092354,192.168.1.1/24,7
20201019092355,10.77.1.1/24,6
20201019092356,10.20.30.2/16,-
20201019092358,192.168.1.2/24,72
20201019092359,192.168.1.1/24,8
20201019092400,10.77.1.2/24,2
20201019092401,10.77.1.2/24,8
20201019092402,192.168.1.1/24,8
20201019092403,10.20.30.2/16,-
20201019092404,10.20.30.1/16,5
20201019092406,10.20.30.1/16,-
20201019092408,10.20.30.1/16,16
20201019092409,192.168.1.2/24,8
20201019092410,10.20.30.1/16,2
20201019092411,10.77.1.1/24,-
20201019092412,10.77.1.2/24,25
20201019092414,192.168.1.2/24,-
20201019092415,10.20.30.2/16,2
20201019092416,10.20.30.2/16,14
20201019092417,192.168.1.2/24,-
20201019092419,192.168.1.1/24,9
20201019092421,10.20.30.1/16,9
20201019092422,192.168.1.2/24,4
20201019092423,10.20.30.2/16,4
20201019092424,192.168.1.1/24,-
20201019092425,192.168.1.2/24,3
20201019092426,10.20.30.2/16,-
20201019092427,10.77.1.1/24,10
20201019092429,192.168.1.1/24,-
20201019092430,10.20.30.1/16,7
20201019092431,10.77.1.1/24,63
20201019092432,192.168.1.1/24,-
20201019092434,10.20.30.2/16,-
20201019092435,10.77.1.1/24,32
20201019092436,192.168.1.2/24,20
20201019092437,10.20.30.1/16,24
20201019092438,10.20.30.2/16,5
20201019092439,10.20.30.1/16,10
20201019092441,192.168.1.2/24,6
20201019092442,10.77.1.1/24,4
20201019092443,10.20.30.1/16,47
20201019092444,192.168.1.2/24,15
20201019092445,10.20.30.2/16,-
20201019092446,192.168.1.2/24,9
20201019092447,10.20.30.2/16,18
20201019092448,10.20.30.1/16,9
20201019092449,192.168.1.2/24,4
20201019092450,192.168.1.2/24,-
20201019092451,10.77.1.1/24,-
20201019092452,10.20.30.2/16,39
20201019092453,10.20.30.1/16,1
20201019092455,192.168.1.2/24,20
20201019092456,10.77.1.1/24,54
20201019092458,10.20.30.1/16,50
20201019092459,10.20.30.2/16,-
20201019092501,10.20.30.1/16,3
20201019092502,10.20.30.1/16,9
20201019092503,10.77.1.1/24,1
20201019092505,192.168.1.2/24,14
20201019092506,192.168.1.1/24,5
20201019092507,10.77.1.1/24,3
20201019092508,192.168.1.2/24,9
20201019092509,10.77.1.2/24,6
20201019092510,192.168.1.1/24,-
20201019092511,10.20.30.1/16,-
20201019092512,192.168.1.2/24,-
20201019092514,192.168.1.1/24,3
20201019092516,192.168.1.2/24,45
20201019092517,10.77.1.2/24,5
20201019092518,10.20.30.2/16,1
20201019092520,10.77.1.2/24,14
20201019092522,10.77.1.1/24,31
20201019092523,10.20.30.2/16,17
20201019092524,192.168.1.1/24,9
20201019092525,192.168.1.2/24,71
20201019092527,10.20.30.1/16,23
20201019092528,10.77.1.1/24,5
20201019092529,192.168.1.2/24,7
20201019092530,192.168.1.1/24,6
20201019092531,10.20.30.2/16,6
20201019092533,192.168.1.2/24,52
20201019092534,10.77.1.1/24,-
20201019092535,10.77.1.2/24,50
20201019092536,192.168.1.2/24,-
20201019092538,192.168.1.2/24,23
20201019092539,10.77.1.2/24,4
20201019092540,192.168.1.1/24,7
20201019092541,10.20.30.1/16,-
20201019092542,10.77.1.2/24,6
20201019092543,10.77.1.1/24,5
20201019092545,10.77.1.1/24,6
20201019092546,10.20.30.2/16,-
20201019092547,10.20.30.2/16,3
20201019092548,10.20.30.2/16,-
20201019092549,10.20.30.2/16,4
20201019092550,10.20.30.1/16,15
20201019092551,10.77.1.1/24,-
20201019092552,192.168.1.2/24,-
20201019092553,10.77.1.1/24,67
20201019092554,10.77.1.2/24,-
20201019092556,10.20.30.1/16,-
20201019092557,10.20.30.1/16,-
20201019092559,192.168.1.2/24,-
20201019092600,10.77.1.1/24,83
20201019092601,192.168.1.2/24,3
20201019092602,10.20.30.2/16,7
20201019092603,192.168.1.1/24,4
20201019092605,192.168.1.2/24,4
20201019092607,10.77.1.1/24,-
20201019092608,10.77.1.1/24,86
20201019092609,192.168.1.1/24,-
20201019092610,10.20.30.2/16,3
20201019092612,10.20.30.1/16,7
20201019092614,10.77.1.1/24,8
20201019092615,192.168.1.1/24,-
20201019092616,192.168.1.1/24,98
20201019092617,10.20.30.2/16,80
20201019092618,192.168.1.2/24,7
20201019092619,10.77.1.1/24,4
20201019092621,192.168.1.1/24,-
20201019092623,10.20.30.2/16,62
20201019092624,10.20.30.2/16,6
20201019092626,10.77.1.2/24,5
20201019092627,10.20.30.2/16,34
20201019092628,10.77.1.1/24,-
20201019092629,192.168.1.1/24,6
20201019092630,10.20.30.1/16,34
20201019092631,10.77.1.1/24,-
20201019092632,10.77.1.2/24,8
20201019092633,10.20.30.2/16,-
20201019092634,10.20.30.1/16,5
20201019092635,10.77.1.1/24,6
20201019092636,192.168.1.2/24,4
20201019092637,192.168.1.1/24,8
20201019092638,10.20.30.1/16,11
20201019092639,192.168.1.1/24,5
20201019092640,192.168.1.2/24,-
20201019092641,10.77.1.2/24,9
20201019092642,10.20.30.2/16,6
20201019092644,10.77.1.2/24,-
20201019092646,10.20.30.1/16,50
20201019092648,10.20.30.2/16,49
20201019092650,10.20.30.2/16,14
20201019092651,192.168.1.1/24,-
20201019092652,10.20.30.1/16,2
20201019092654,192.168.1.2/24,4
20201019092655,10.20.30.1/16,85
20201019092657,10.77.1.1/24,3
20201019092658,192.168.1.1/24,6
20201019092659,10.77.1.2/24,4
20201019092700,10.20.30.1/16,-
20201019092701,10.77.1.2/24,5
20201019092702,10.77.1.2/24,1
20201019092703,192.168.1.2/24,8
20201019092704,10.77.1.2/24,5
20201019092705,192.168.1.2/24,68
20201019092706,192.168.1.1/24,7
20201019092707,10.77.1.2/24,-
20201019092708,192.168.1.1/24,-
20201019092709,192.168.1.1/24,-
20201019092710,10.20.30.1/16,4
20201019092712,10.77.1.1/24,57
20201019092713,10.77.1.1/24,2
20201019092714,192.168.1.2/24,-
20201019092715,10.77.1.2/24,92
20201019092716,10.20.30.1/16,3
20201019092717,10.77.1.2/24,1
20201019092718,192.168.1.1/24,7
20201019092719,10.20.30.2/16,25
20201019092721,10.20.30.1/16,7
20201019092722,10.77.1.2/24,2
20201019092723,10.20.30.1/16,9
20201019092724,10.77.1.1/24,8
20201019092726,192.168.1.2/24,-
20201019092727,10.77.1.1/24,4
20201019092729,10.20.30.2/16,6
20201019092730,192.168.1.1/24,-
20201019092731,10.77.1.1/24,-
20201019092732,10.77.1.2/24,4
20201019092734,10.20.30.1/16,65
20201019092735,10.20.30.2/16,5
20201019092736,10.20.30.2/16,-
20201019092737,10.20.30.2/16,7
20201019092738,10.77.1.1/24,1
20201019092739,10.77.1.1/24,89
20201019092741,10.77.1.2/24,-
20201019092742,10.77.1.1/24,-
20201019092743,10.77.1.1/24,-
20201019092744,192.168.1.2/24,52
20201019092746,10.20.30.2/16,4
20201019092747,10.20.30.2/16,74
20201019092748,10.77.1.1/24,80
20201019092749,10.20.30.2/16,-
20201019092750,192.168.1.2/24,7
20201019092751,10.20.30.1/16,7
20201019092752,10.77.1.1/24,8
20201019092753,10.20.30.2/16,13
20201019092754,10.20.30.1/16,4
20201019092755,10.77.1.1/24,8
20201019092757,10.20.30.1/16,16
20201019092759,10.77.1.2/24,8
20201019092800,10.77.1.1/24,91
20201019092801,10.77.1.2/24,1
20201019092803,10.20.30.2/16,-
20201019092804,10.77.1.1/24,9
20201019092805,192.168.1.1/24,80
20201019092806,192.168.1.2/24,4
20201019092807,10.77.1.1/24,7
20201019092808,10.77.1.1/24,10
20201019092809,10.77.1.1/24,7
20201019092811,10.77.1.1/24,9
20201019092812,192.168.1.1/24,8
20201019092814,10.77.1.2/24,8
20201019092815,10.20.30.2/16,29
20201019092816,10.77.1.2/24,57
20201019092817,10.20.30.2/16,-
20201019092818,10.20.30.2/16,7
20201019092820,10.77.1.2/24,7
20201019092821,10.77.1.1/24,3
20201019092822,10.77.1.1/24,8
20201019092823,192.168.1.1/24,9
20201019092825,10.20.30.2/16,17
20201019092827,192.168.1.1/24,7
20201019092828,192.168.1.2/24,54
20201019092829,10.77.1.2/24,99
20201019092831,10.77.1.2/24,8
20201019092832,10.77.1.2/24,5
20201019092833,10.20.30.2/16,-
20201019092834,10.77.1.2/24,8
20201019092835,192.168.1.1/24,2
20201019092836,10.20.30.2/16,-
20201019092837,10.77.1.1/24,-
20201019092838,192.168.1.2/24,10
20201019092839,10.20.30.2/16,-
20201019092840,10.20.30.2/16,5
20201019092841,192.168.1.1/24,9
20201019092843,192.168.1.1/24,8
20201019092844,10.77.1.2/24,7
20201019092845,192.168.1.1/24,8
20201019092847,10.20.30.1/16,2
20201019092848,10.77.1.1/24,58
20201019092849,192.168.1.2/24,8
20201019092850,192.168.1.1/24,7
20201019092851,192.168.1.2/24,2
20201019092852,10.77.1.1/24,-
20201019092853,10.20.30.1/16,3
20201019092854,192.168.1.2/24,9
20201019092855,10.20.30.1/16,-
20201019092857,10.77.1.2/24,-
20201019092859,10.20.30.1/16,-
20201019092900,192.168.1.2/24,9
20201019092901,10.77.1.2/24,9
20201019092902,10.20.30.1/16,7
20201019092903,10.20.30.1/16,-
20201019092905,10.77.1.2/24,74
20201019092906,192.168.1.2/24,-
20201019092907,10.20.30.1/16,26
20201019092908,10.77.1.2/24,2
20201019092909,10.20.30.1/16,82
20201019092910,10.77.1.2/24,-
20201019092912,192.168.1.1/24,-
20201019092913,10.20.30.1/16,4
20201019092914,10.77.1.1/24,19
20201019092915,10.20.30.2/16,1
20201019092916,10.20.30.1/16,4
20201019092917,192.168.1.2/24,1
20201019092918,10.20.30.1/16,8
20201019092919,10.20.30.2/16,5
20201019092921,10.20.30.2/16,9
20201019092922,192.168.1.1/24,-
20201019092924,10.20.30.2/16,-
20201019092925,192.168.1.2/24,1
20201019092927,10.77.1.1/24,-
20201019092929,192.168.1.1/24,-
20201019092930,192.168.1.2/24,3
20201019092931,10.20.30.2/16,2
20201019092932,192.168.1.2/24,3
20201019092933,10.77.1.1/24,2
20201019092934,192.168.1.2/24,-
20201019092935,192.168.1.2/24,6
20201019092936,10.77.1.2/24,-
20201019092937,10.20.30.1/16,3
20201019092938,192.168.1.1/24,28
20201019092939,10.77.1.2/24,90
20201019092940,10.20.30.2/16,42
20201019092941,192.168.1.2/24,6
20201019092943,10.20.30.1/16,6
20201019092944,10.77.1.1/24,-
20201019092945,10.77.1.2/24,2
20201019092947,10.20.30.1/16,2
20201019092948,192.168.1.2/24,3
20201019092950,10.20.30.2/16,8
20201019092952,10.77.1.2/24,61
20201019092953,192.168.1.2/24,-
20201019092954,10.77.1.2/24,5
20201019092955,10.20.30.2/16,2
20201019092956,10.77.1.2/24,-
20201019092958,10.20.30.1/16,72
20201019093000,10.77.1.2/24,7
20201019093001,10.20.30.2/16,5
20201019093003,10.77.1.2/24,1
20201019093005,10.20.30.1/16,3
20201019093007,10.20.30.1/16,-
20201019093008,10.20.30.2/16,5
20201019093010,10.20.30.1/16,46
20201019093011,192.168.1.2/24,8
20201019093013,192.168.1.2/24,3
20201019093015,10.77.1.2/24,77
20201019093017,10.20.30.2/16,9
20201019093018,192.168.1.1/24,63
20201019093019,10.77.1.1/24,1
20201019093020,192.168.1.2/24,2
20201019093022,192.168.1.2/24,4
20201019093023,192.168.1.1/24,1
20201019093024,10.20.30.1/16,7
20201019093025,10.20.30.1/16,40
20201019093027,10.77.1.1/24,9
20201019093028,10.77.1.1/24,-
20201019093029,10.77.1.1/24,-
20201019093030,10.20.30.1/16,5
20201019093031,10.20.30.2/16,-
20201019093032,10.77.1.2/24,-
20201019093034,10.20.30.2/16,1
20201019093035,192.168.1.2/24,94
20201019093037,192.168.1.2/24,-
20201019093038,192.168.1.2/24,-
20201019093039,10.20.30.2/16,5
20201019093040,10.20.30.2/16,6
20201019093041,10.20.30.2/16,8
20201019093042,10.20.30.2/16,3
20201019093043,192.168.1.1/24,-
20201019093045,192.168.1.1/24,2
20201019093046,192.168.1.1/24,-
20201019093047,192.168.1.2/24,8
20201019093048,192.168.1.1/24,6
20201019093050,10.20.30.1/16,11
20201019093052,10.20.30.2/16,8
20201019093053,192.168.1.1/24,1
20201019093054,192.168.1.1/24,68
20201019093055,10.20.30.2/16,1
20201019093056,10.77.1.1/24,1
20201019093057,10.20.30.1/16,41
20201019093058,10.77.1.2/24,80
20201019093059,10.20.30.1/16,7
20201019093100,10.77.1.2/24,2
20201019093101,10.20.30.2/16,6
20201019093102,192.168.1.2/24,1
20201019093103,10.20.30.1/16,-
20201019093104,10.20.30.2/16,1
20201019093106,10.77.1.1/24,-
20201019093107,192.168.1.1/24,9
20201019093108,10.20.30.1/16,5
20201019093110,192.168.1.1/24,1
20201019093111,10.77.1.2/24,3
20201019093112,10.20.30.2/16,17
20201019093113,10.20.30.1/16,1
20201019093114,10.20.30.2/16,4
20201019093116,192.168.1.2/24,3
20201019093117,10.77.1.2/24,-
20201019093118,10.20.30.1/16,5
20201019093119,192.168.1.1/24,3
20201019093121,192.168.1.2/24,-
20201019093122,10.77.1.1/24,99
20201019093123,192.168.1.2/24,-
20201019093125,10.20.30.1/16,-
20201019093126,10.20.30.2/16,9
20201019093127,10.77.1.1/24,8
20201019093128,10.77.1.1/24,9
20201019093129,10.77.1.2/24,-
20201019093130,192.168.1.2/24,70
20201019093131,10.77.1.2/24,3
20201019093132,10.20.30.2/16,-
20201019093134,10.77.1.1/24,-
20201019093135,10.77.1.2/24,9
20201019093136,10.20.30.1/16,45
20201019093137,10.77.1.1/24,-
20201019093139,192.168.1.2/24,-
20201019093140,192.168.1.2/24,29
20201019093141,10.77.1.2/24,6
20201019093143,10.20.30.1/16,64
20201019093144,10.77.1.1/24,4
20201019093146,10.20.30.2/16,7
20201019093147,192.168.1.1/24,1
20201019093149,10.77.1.2/24,4
20201019093150,10.77.1.2/24,1
20201019093151,192.168.1.2/24,-
20201019093152,10.20.30.2/16,91
20201019093153,10.20.30.1/16,94
20201019093154,10.77.1.1/24,-
20201019093155,10.77.1.1/24,4
20201019093157,10.20.30.1/16,-
20201019093158,10.20.30.1/16,-
20201019093159,10.77.1.2/24,-
20201019093201,192.168.1.2/24,6
20201019093202,192.168.1.2/24,-
20201019093204,10.77.1.1/24,4
20201019093205,192.168.1.1/24,19
20201019093206,192.168.1.2/24,7
20201019093208,192.168.1.2/24,38
20201019093209,10.77.1.2/24,9
20201019093211,192.168.1.2/24,13
20201019093212,10.77.1.2/24,8
20201019093214,192.168.1.1/24,3
20201019093215,10.77.1.2/24,-
20201019093216,10.20.30.1/16,5
20201019093217,10.20.30.2/16,9
20201019093218,10.77.1.2/24,5
20201019093220,10.77.1.2/24,3
20201019093221,192.168.1.1/24,-
20201019093222,10.77.1.2/24,-
20201019093223,192.168.1.1/24,-
20201019093225,10.77.1.2/24,8
20201019093226,10.77.1.1/24,8
20201019093227,10.77.1.2/24,4
20201019093228,10.20.30.1/16,5
20201019093230,192.168.1.2/24,7
20201019093231,192.168.1.2/24,1
20201019093232,10.77.1.2/24,-
20201019093233,10.20.30.2/16,-
20201019093234,10.77.1.1/24,2
20201019093236,192.168.1.1/24,19
20201019093238,192.168.1.2/24,-
20201019093239,10.77.1.2/24,27
20201019093240,10.77.1.1/24,54
20201019093241,10.20.30.2/16,3
20201019093243,192.168.1.1/24,20
20201019093244,10.77.1.1/24,19
20201019093245,10.77.1.2/24,5
20201019093246,192.168.1.2/24,5
20201019093248,10.77.1.2/24,15
20201019093249,10.77.1.1/24,4
20201019093250,10.77.1.2/24,2
20201019093251,192.168.1.2/24,7
20201019093252,192.168.1.1/24,21
20201019093253,10.20.30.2/16,9
20201019093254,192.168.1.1/24,8
20201019093256,10.77.1.2/24,7
20201019093257,192.168.1.1/24,23
20201019093258,10.77.1.1/24,-
20201019093259,10.20.30.1/16,-
20201019093301,192.168.1.2/24,4
20201019093302,10.20.30.1/16,4
20201019093303,10.77.1.1/24,8
20201019093304,192.168.1.2/24,-
20201019093305,10.20.30.2/16,33
20201019093306,10.20.30.1/16,7
20201019093307,10.20.30.2/16,-
20201019093308,10.20.30.2/16,26
20201019093309,10.77.1.2/24,9
20201019093310,10.20.30.1/16,5
20201019093311,192.168.1.1/24,5
20201019093312,10.77.1.1/24,7
20201019093313,192.168.1.1/24,6
20201019093315,192.168.1.1/24,-
20201019093316,192.168.1.1/24,1
20201019093317,192.168.1.1/24,89
20201019093318,192.168.1.2/24,47
20201019093320,10.77.1.1/24,9
20201019093321,10.77.1.1/24,40
20201019093322,10.20.30.2/16,7
20201019093323,10.20.30.1/16,2
20201019093324,10.77.1.1/24,5
20201019093326,10.77.1.1/24,2
20201019093327,10.77.1.1/24,9
20201019093329,192.168.1.1/24,-
20201019093331,192.168.1.1/24,4
20201019093332,10.77.1.2/24,-
20201019093334,10.77.1.2/24,4
20201019093335,10.77.1.1/24,54
20201019093337,10.77.1.2/24,-
20201019093338,192.168.1.2/24,66
20201019093339,10.77.1.2/24,-
20201019093340,10.20.30.2/16,9
20201019093341,10.20.30.2/16,49
20201019093343,10.20.30.2/16,-
20201019093345,192.168.1.1/24,2
20201019093346,10.77.1.1/24,4
20201019093347,10.77.1.1/24,-
20201019093348,10.20.30.2/16,-
20201019093350,10.20.30.1/16,40
20201019093351,192.168.1.2/24,2
20201019093353,192.168.1.2/24,6
20201019093355,10.20.30.1/16,2
20201019093357,10.20.30.2/16,7
20201019093358,10.77.1.2/24,-
20201019093359,192.168.1.1/24,-
20201019093400,10.20.30.2/16,9
20201019093401,192.168.1.2/24,-
20201019093402,10.20.30.1/16,-
20201019093403,192.168.1.2/24,89
20201019093405,10.77.1.1/24,8
20201019093407,192.168.1.1/24,3
20201019093408,192.168.1.1/24,-
20201019093409,10.77.1.2/24,71
20201019093410,192.168.1.2/24,-
20201019093411,10.77.1.2/24,4
20201019093412,192.168.1.2/24,4
20201019093414,10.77.1.1/24,67
20201019093416,192.168.1.1/24,1
20201019093418,192.168.1.2/24,9
20201019093419,192.168.1.2/24,-
20201019093420,10.20.30.1/16,34
20201019093421,10.20.30.1/16,2
20201019093422,10.20.30.1/16,67
20201019093423,10.20.30.1/16,-
20201019093424,192.168.1.2/24,-
20201019093425,10.20.30.1/16,46
20201019093426,10.20.30.2/16,1
20201019093427,10.77.1.1/24,1
20201019093428,192.168.1.2/24,58
20201019093429,10.77.1.2/24,24
20201019093430,192.168.1.1/24,8
20201019093431,192.168.1.1/24,42
20201019093432,10.20.30.2/16,7
20201019093433,192.168.1.1/24,6
20201019093435,10.20.30.1/16,45
20201019093436,192.168.1.1/24,80
20201019093437,10.77.1.1/24,4
20201019093438,10.20.30.1/16,5
20201019093440,10.20.30.2/16,34
20201019093442,192.168.1.2/24,5
20201019093443,192.168.1.1/24,-
20201019093444,192.168.1.1/24,1
20201019093445,10.77.1.2/24,-
20201019093446,192.168.1.2/24,10
20201019093447,10.20.30.1/16,-
20201019093449,10.20.30.2/16,5
20201019093450,10.77.1.1/24,15
20201019093451,10.20.30.2/16,3
20201019093452,10.77.1.2/24,5
20201019093453,10.20.30.1/16,-
20201019093454,10.77.1.2/24,48
20201019093455,10.20.30.2/16,11
20201019093456,192.168.1.2/24,7
20201019093457,192.168.1.2/24,-
20201019093458,10.20.30.1/16,3
20201019093459,10.20.30.2/16,85
20201019093501,192.168.1.2/24,-
20201019093502,10.77.1.2/24,59
20201019093504,10.20.30.1/16,45
20201019093506,10.20.30.1/16,-
20201019093508,10.77.1.1/24,46
20201019093509,192.168.1.2/24,-
20201019093510,10.20.30.2/16,7
20201019093512,192.168.1.2/24,-
20201019093513,10.77.1.1/24,5
20201019093514,10.20.30.1/16,8
20201019093516,10.77.1.1/24,-
20201019093517,192.168.1.2/24,7
20201019093518,10.77.1.1/24,-
20201019093519,10.20.30.2/16,6
20201019093520,10.77.1.2/24,7
20201019093521,192.168.1.2/24,1
20201019093522,192.168.1.1/24,-
20201019093523,10.20.30.1/16,7
20201019093524,10.77.1.1/24,8
20201019093525,10.77.1.1/24,4
20201019093526,10.77.1.2/24,9
20201019093528,192.168.1.2/24,8
20201019093529,192.168.1.2/24,4
20201019093530,192.168.1.2/24,6
20201019093531,10.20.30.1/16,5
20201019093532,10.77.1.2/24,10
20201019093534,10.77.1.2/24,9
20201019093535,10.20.30.2/16,63
20201019093537,192.168.1.2/24,9
20201019093538,192.168.1.1/24,81
20201019093539,10.77.1.2/24,76
20201019093541,192.168.1.2/24,2
20201019093542,10.77.1.2/24,-
20201019093543,10.77.1.2/24,-
20201019093544,10.20.30.1/16,6
20201019093546,192.168.1.2/24,2
20201019093547,10.77.1.1/24,6
20201019093548,192.168.1.2/24,8
20201019093549,10.77.1.1/24,3
20201019093550,10.20.30.2/16,4
20201019093552,10.20.30.2/16,2
20201019093553,10.20.30.2/16,5
20201019093554,192.168.1.2/24,2
20201019093555,192.168.1.2/24,7
20201019093556,192.168.1.2/24,-
20201019093557,192.168.1.2/24,-
20201019093558,10.20.30.2/16,5
20201019093559,192.168.1.1/24,8
20201019093600,10.77.1.1/24,5
20201019093601,192.168.1.2/24,79
20201019093602,10.20.30.1/16,3
20201019093603,10.77.1.2/24,1
20201019093604,10.77.1.1/24,-
20201019093605,10.20.30.2/16,5
20201019093606,10.20.30.2/16,3
20201019093607,10.20.30.1/16,4
20201019093608,192.168.1.1/24,8
20201019093609,192.168.1.2/24,2
20201019093610,10.20.30.1/16,7
20201019093612,10.77.1.2/24,22
20201019093613,192.168.1.2/24,3
20201019093614,10.20.30.1/16,5
20201019093616,10.77.1.1/24,-
20201019093618,192.168.1.1/24,9
20201019093620,192.168.1.1/24,5
20201019093621,10.77.1.1/24,2
20201019093622,10.20.30.1/16,7
20201019093623,192.168.1.1/24,-
20201019093624,192.168.1.1/24,7
20201019093625,10.20.30.1/16,31
20201019093627,10.20.30.2/16,-
20201019093628,10.20.30.2/16,7
20201019093629,10.20.30.1/16,42
20201019093630,10.77.1.2/24,8
20201019093631,10.77.1.2/24,76
20201019093632,10.20.30.2/16,-
20201019093633,192.168.1.2/24,7
20201019093634,192.168.1.2/24,16
20201019093635,10.20.30.2/16,9
20201019093637,192.168.1.2/24,-
20201019093638,192.168.1.1/24,6
20201019093639,10.77.1.1/24,6
20201019093641,192.168.1.1/24,2
20201019093642,10.77.1.2/24,4
20201019093644,192.168.1.2/24,-
20201019093645,192.168.1.2/24,-
20201019093646,192.168.1.1/24,8
20201019093647,10.20.30.1/16,11
20201019093648,192.168.1.2/24,5
20201019093649,10.20.30.1/16,-
20201019093650,10.77.1.2/24,68
20201019093651,10.77.1.1/24,50
20201019093652,10.20.30.2/16,4
20201019093653,192.168.1.1/24,66
20201019093654,192.168.1.1/24,5
20201019093656,10.20.30.1/16,-
20201019093657,10.77.1.1/24,2
20201019093658,10.77.1.2/24,4
20201019093659,10.77.1.1/24,3
20201019093701,10.20.30.1/16,18
20201019093702,10.20.30.2/16,-
20201019093704,192.168.1.1/24,9
20201019093706,10.20.30.2/16,19
20201019093707,192.168.1.1/24,7
20201019093709,10.77.1.2/24,-
20201019093710,10.20.30.1/16,9
20201019093711,192.168.1.1/24,-
20201019093712,10.77.1.2/24,16
20201019093714,10.77.1.2/24,-
20201019093715,192.168.1.2/24,5
20201019093716,10.77.1.2/24,5
20201019093717,10.77.1.2/24,4
20201019093718,10.77.1.1/24,-
20201019093720,192.168.1.1/24,2
20201019093721,10.77.1.1/24,16
20201019093722,10.77.1.2/24,36
20201019093723,10.20.30.1/16,6
20201019093724,192.168.1.2/24,-
20201019093725,192.168.1.1/24,9
20201019093727,10.77.1.1/24,-
20201019093728,10.77.1.1/24,10
20201019093729,10.77.1.2/24,4
20201019093730,10.20.30.1/16,6
20201019093731,10.20.30.1/16,1
20201019093732,192.168.1.2/24,9
20201019093734,10.20.30.2/16,-
20201019093735,10.20.30.2/16,29
20201019093737,10.77.1.1/24,-
20201019093738,192.168.1.2/24,9
20201019093740,192.168.1.2/24,9
20201019093741,10.77.1.2/24,2
20201019093742,192.168.1.2/24,18
20201019093744,10.77.1.2/24,8
20201019093745,10.20.30.1/16,-
20201019093746,192.168.1.2/24,4
20201019093747,10.77.1.2/24,84
20201019093748,10.20.30.1/16,44
20201019093749,10.77.1.2/24,3
20201019093750,192.168.1.2/24,5
20201019093751,192.168.1.2/24,37
20201019093752,192.168.1.1/24,5
20201019093753,10.20.30.1/16,58
20201019093754,10.20.30.1/16,5
20201019093756,192.168.1.1/24,7
20201019093758,192.168.1.2/24,14
20201019093759,10.77.1.1/24,-
20201019093800,10.20.30.2/16,8
20201019093801,192.168.1.2/24,10
20201019093802,192.168.1.1/24,4
20201019093803,10.77.1.2/24,65
20201019093804,192.168.1.1/24,3
20201019093805,10.20.30.2/16,27
20201019093806,10.20.30.1/16,2
20201019093807,192.168.1.2/24,2
20201019093808,10.20.30.2/16,-
20201019093809,10.77.1.2/24,6
20201019093810,10.77.1.2/24,8
20201019093811,10.77.1.2/24,-
20201019093812,192.168.1.1/24,8
20201019093814,10.20.30.2/16,82
20201019093816,10.20.30.2/16,-
20201019093817,10.20.30.1/16,3
20201019093818,10.77.1.2/24,3
20201019093819,10.20.30.1/16,-
20201019093821,10.77.1.2/24,6
20201019093822,10.20.30.2/16,4
20201019093824,192.168.1.2/24,-
20201019093825,192.168.1.1/24,6
20201019093827,10.20.30.1/16,9
20201019093829,192.168.1.2/24,7
20201019093831,10.20.30.1/16,26
20201019093832,192.168.1.1/24,7
20201019093833,192.168.1.1/24,7
20201019093834,10.20.30.1/16,-
20201019093835,10.20.30.2/16,5
20201019093837,192.168.1.1/24,2
20201019093839,192.168.1.1/24,1
20201019093841,10.77.1.2/24,7
20201019093842,10.20.30.1/16,60
20201019093844,10.20.30.1/16,9
20201019093845,192.168.1.2/24,7
20201019093846,192.168.1.1/24,9
20201019093847,192.168.1.1/24,8
20201019093848,10.20.30.1/16,6
20201019093849,10.77.1.2/24,13
20201019093850,192.168.1.1/24,4
20201019093851,10.77.1.2/24,8
20201019093852,10.77.1.1/24,63
20201019093853,10.77.1.2/24,73
20201019093854,10.77.1.1/24,1
20201019093855,192.168.1.2/24,66
20201019093857,192.168.1.1/24,3
20201019093858,192.168.1.1/24,20
20201019093859,192.168.1.1/24,9
20201019093900,192.168.1.1/24,7
20201019093901,192.168.1.1/24,-
20201019093902,10.77.1.2/24,-
20201019093903,10.77.1.2/24,93
20201019093904,192.168.1.1/24,9
20201019093905,192.168.1.2/24,7
20201019093906,192.168.1.2/24,-
20201019093907,192.168.1.1/24,-
20201019093909,10.77.1.1/24,4
20201019093911,10.77.1.2/24,43
20201019093912,10.77.1.1/24,8
20201019093913,10.77.1.1/24,7
20201019093914,10.20.30.1/16,6
20201019093915,192.168.1.1/24,4
20201019093916,10.77.1.2/24,5
20201019093917,192.168.1.1/24,11
20201019093918,192.168.1.1/24,-
20201019093919,10.77.1.1/24,-
20201019093920,10.77.1.2/24,71
20201019093922,10.20.30.1/16,7
20201019093923,10.20.30.2/16,6
20201019093924,10.77.1.2/24,1
20201019093926,10.77.1.1/24,1
20201019093927,192.168.1.1/24,6
20201019093928,192.168.1.1/24,-
20201019093930,10.77.1.1/24,7
20201019093931,192.168.1.1/24,5
20201019093932,10.77.1.2/24,8
20201019093933,192.168.1.2/24,10
20201019093934,192.168.1.1/24,9
20201019093936,192.168.1.1/24,45
20201019093938,10.77.1.2/24,65
20201019093939,10.77.1.1/24,-
20201019093940,10.20.30.1/16,1
20201019093941,192.168.1.2/24,3
20201019093942,192.168.1.2/24,46
20201019093944,192.168.1.1/24,0
20201019093945,192.168.1.1/24,7
20201019093946,10.20.30.2/16,2
20201019093947,192.168.1.1/24,-
20201019093948,192.168.1.2/24,-
20201019093950,10.20.30.2/16,94
20201019093951,10.20.30.2/16,4
20201019093952,192.168.1.2/24,9
20201019093953,192.168.1.2/24,2
20201019093954,10.77.1.1/24,5
20201019093955,10.20.30.1/16,-
20201019093957,192.168.1.2/24,91
20201019093958,192.168.1.2/24,29
20201019093959,192.168.1.2/24,84
20201019094000,192.168.1.1/24,5
20201019094001,10.77.1.2/24,5
20201019094002,192.168.1.1/24,3
20201019094003,10.20.30.2/16,-
20201019094004,10.20.30.2/16,2
20201019094006,10.20.30.2/16,3
20201019094007,10.77.1.1/24,23
20201019094008,10.77.1.2/24,2
20201019094009,10.77.1.1/24,9
20201019094010,10.20.30.1/16,7
20201019094011,192.168.1.2/24,7
20201019094012,10.20.30.1/16,-
20201019094013,192.168.1.2/24,3
20201019094014,10.20.30.1/16,-
20201019094015,10.77.1.2/24,5
20201019094016,192.168.1.1/24,6
20201019094017,10.77.1.2/24,9
20201019094019,10.20.30.2/16,-
20201019094020,10.20.30.1/16,-
20201019094021,192.168.1.2/24,10
20201019094022,10.20.30.2/16,10
20201019094023,10.77.1.2/24,3
20201019094024,10.20.30.1/16,5
20201019094026,10.77.1.1/24,12
20201019094028,10.77.1.2/24,55
20201019094029,192.168.1.2/24,3
20201019094030,192.168.1.1/24,11
20201019094031,192.168.1.2/24,28
20201019094032,10.20.30.2/16,5
20201019094034,10.77.1.2/24,6
20201019094035,10.20.30.1/16,5
20201019094036,10.20.30.1/16,-
20201019094037,192.168.1.2/24,-
20201019094038,10.20.30.1/16,81
20201019094039,10.77.1.1/24,7
20201019094041,10.20.30.2/16,5
20201019094043,192.168.1.1/24,9
20201019094044,192.168.1.1/24,-
20201019094045,192.168.1.2/24,41
20201019094046,10.20.30.1/16,1
20201019094047,10.77.1.2/24,5
20201019094048,10.77.1.2/24,-
20201019094049,192.168.1.1/24,9
20201019094050,192.168.1.2/24,9
20201019094051,10.77.1.1/24,6
20201019094052,192.168.1.2/24,4
20201019094053,192.168.1.2/24,71
20201019094054,10.20.30.2/16,7
20201019094055,10.77.1.2/24,7
20201019094056,10.77.1.2/24,7
20201019094057,10.20.30.2/16,2
20201019094058,10.20.30.2/16,-
20201019094100,10.20.30.2/16,7
20201019094101,10.77.1.2/24,-
20201019094102,10.77.1.1/24,9
20201019094103,192.168.1.1/24,1
20201019094104,192.168.1.2/24,8
20201019094105,10.77.1.2/24,9
20201019094106,10.77.1.1/24,-
20201019094107,10.77.1.2/24,3
20201019094108,192.168.1.2/24,-
20201019094109,192.168.1.1/24,-
20201019094110,10.77.1.2/24,7
20201019094112,192.168.1.2/24,9
20201019094114,10.77.1.1/24,-
20201019094116,10.20.30.1/16,9
20201019094118,192.168.1.2/24,6
20201019094119,10.77.1.2/24,7
20201019094120,10.77.1.1/24,-
20201019094121,10.77.1.1/24,21
20201019094122,192.168.1.2/24,2
20201019094124,192.168.1.1/24,-
20201019094125,10.20.30.2/16,-
20201019094127,10.20.30.2/16,45
20201019094128,10.77.1.2/24,-
20201019094129,192.168.1.1/24,6
20201019094130,10.20.30.1/16,-
20201019094131,10.20.30.2/16,5
20201019094132,192.168.1.2/24,34
20201019094133,192.168.1.2/24,2
20201019094135,10.20.30.2/16,1
20201019094137,10.77.1.2/24,-
20201019094138,10.20.30.1/16,27
20201019094140,10.77.1.1/24,-
20201019094141,10.77.1.2/24,-
20201019094142,192.168.1.2/24,3
20201019094143,10.20.30.1/16,2
20201019094144,10.77.1.2/24,2
20201019094146,192.168.1.2/24,-
20201019094147,192.168.1.2/24,29
20201019094148,192.168.1.1/24,-
20201019094150,192.168.1.2/24,4
20201019094152,10.20.30.1/16,6
20201019094153,192.168.1.1/24,-
20201019094154,192.168.1.2/24,2
20201019094155,10.20.30.2/16,72
20201019094156,10.77.1.1/24,2
20201019094157,10.20.30.2/16,6
20201019094158,192.168.1.1/24,8
20201019094159,10.77.1.1/24,-
20201019094200,10.77.1.2/24,1
20201019094201,10.20.30.2/16,-
20201019094202,10.77.1.2/24,-
20201019094203,10.77.1.2/24,-
20201019094205,192.168.1.1/24,3
20201019094206,192.168.1.1/24,7
20201019094207,10.77.1.1/24,9
20201019094209,10.77.1.1/24,9
20201019094210,192.168.1.1/24,-
20201019094211,10.20.30.2/16,3
20201019094212,10.20.30.1/16,3
20201019094214,192.168.1.1/24,2
20201019094215,192.168.1.1/24,6
20201019094217,10.20.30.2/16,8
20201019094218,10.77.1.1/24,9
20201019094219,10.77.1.1/24,22
20201019094220,10.77.1.2/24,19
20201019094221,10.77.1.1/24,50
20201019094222,10.20.30.1/16,-
20201019094224,10.77.1.1/24,13
20201019094225,192.168.1.1/24,6
20201019094226,10.20.30.2/16,8
20201019094227,10.20.30.1/16,1
20201019094228,192.168.1.2/24,2
20201019094229,192.168.1.1/24,51
20201019094230,10.20.30.1/16,1
20201019094231,10.20.30.2/16,4
20201019094232,192.168.1.2/24,32
20201019094234,10.20.30.2/16,16
20201019094235,10.20.30.2/16,-
20201019094236,10.20.30.1/16,6
20201019094237,10.77.1.2/24,2
20201019094238,192.168.1.2/24,6
20201019094239,192.168.1.2/24,3
20201019094240,10.77.1.2/24,48
20201019094241,10.77.1.1/24,43
20201019094242,192.168.1.1/24,-
20201019094243,192.168.1.1/24,6
20201019094245,10.77.1.1/24,3
20201019094246,192.168.1.2/24,3
20201019094247,192.168.1.2/24,3
20201019094248,10.20.30.2/16,9
20201019094249,192.168.1.2/24,34
20201019094250,10.77.1.2/24,5
20201019094251,192.168.1.2/24,6
20201019094252,10.20.30.2/16,-
20201019094253,192.168.1.2/24,2
20201019094254,10.77.1.1/24,-
20201019094256,10.20.30.2/16,-
20201019094257,192.168.1.1/24,2
20201019094258,10.20.30.1/16,33
20201019094259,192.168.1.1/24,-
20201019094300,10.20.30.2/16,3
20201019094301,10.77.1.2/24,-
20201019094302,192.168.1.2/24,-
20201019094303,10.20.30.1/16,-
20201019094304,10.77.1.1/24,7
20201019094305,10.20.30.2/16,55
20201019094306,192.168.1.1/24,-
20201019094307,192.168.1.1/24,58
20201019094308,10.20.30.1/16,-
20201019094309,192.168.1.2/24,-
20201019094311,10.77.1.2/24,4
20201019094312,10.20.30.2/16,1
20201019094313,10.20.30.1/16,-
20201019094314,10.20.30.1/16,-
20201019094315,192.168.1.2/24,-
20201019094316,10.77.1.2/24,7
20201019094318,10.20.30.2/16,6
20201019094319,10.20.30.2/16,56
20201019094320,10.77.1.2/24,12
20201019094322,10.77.1.1/24,45
20201019094324,10.20.30.1/16,38
20201019094326,192.168.1.1/24,-
20201019094328,10.20.30.1/16,9
20201019094330,192.168.1.1/24,2
20201019094331,10.77.1.2/24,70
20201019094332,192.168.1.1/24,4
20201019094334,10.77.1.1/24,-
20201019094336,10.20.30.1/16,14
20201019094337,10.20.30.1/16,95
20201019094338,192.168.1.2/24,12
20201019094339,10.20.30.1/16,98
20201019094340,192.168.1.2/24,88
20201019094341,10.77.1.2/24,3
20201019094343,10.77.1.2/24,7
20201019094344,10.77.1.2/24,5
20201019094345,192.168.1.2/24,1
20201019094346,192.168.1.1/24,6
20201019094347,10.20.30.1/16,72
20201019094348,10.77.1.1/24,7
20201019094350,10.20.30.2/16,-
20201019094351,192.168.1.2/24,1
20201019094352,10.20.30.2/16,-
20201019094353,10.77.1.2/24,4
20201019094354,10.20.30.2/16,-
20201019094355,10.20.30.1/16,28
20201019094357,10.77.1.2/24,6
20201019094358,10.77.1.1/24,9
20201019094359,10.20.30.1/16,-
20201019094400,10.20.30.1/16,2
20201019094401,10.77.1.1/24,-
20201019094402,10.20.30.1/16,-
20201019094403,192.168.1.2/24,43
20201019094404,192.168.1.2/24,3
20201019094406,10.20.30.1/16,3
20201019094407,10.77.1.2/24,-
20201019094408,192.168.1.2/24,3
20201019094409,10.77.1.1/24,2
20201019094411,10.77.1.1/24,-
20201019094412,192.168.1.1/24,2
20201019094413,10.20.30.1/16,8
20201019094414,10.77.1.2/24,42
20201019094416,10.77.1.1/24,8
20201019094417,10.77.1.2/24,-
20201019094418,10.77.1.2/24,7
20201019094419,10.77.1.1/24,56
20201019094420,192.168.1.1/24,-
20201019094421,10.77.1.2/24,-
20201019094423,192.168.1.1/24,-
20201019094424,192.168.1.2/24,54
20201019094425,10.77.1.2/24,-
20201019094426,10.77.1.1/24,7
20201019094428,10.20.30.1/16,-
20201019094429,10.77.1.1/24,7
20201019094430,10.77.1.1/24,7
20201019094431,192.168.1.1/24,6
20201019094432,192.168.1.2/24,5
20201019094434,192.168.1.1/24,-
20201019094435,10.77.1.1/24,6
20201019094436,10.20.30.2/16,4
20201019094437,10.20.30.1/16,-
20201019094439,10.20.30.2/16,60
20201019094441,192.168.1.1/24,1
20201019094442,10.77.1.1/24,53
20201019094443,192.168.1.2/24,39
20201019094444,10.20.30.1/16,2
20201019094445,10.77.1.1/24,7
20201019094447,10.20.30.2/16,2
20201019094448,10.20.30.1/16,-
20201019094450,192.168.1.2/24,5
20201019094452,10.77.1.1/24,59
20201019094453,10.77.1.1/24,-
20201019094454,10.77.1.1/24,-
20201019094455,192.168.1.2/24,-
20201019094456,10.20.30.1/16,3
20201019094457,192.168.1.1/24,-
20201019094458,10.77.1.1/24,4
20201019094459,192.168.1.2/24,-
20201019094500,10.20.30.1/16,57
20201019094501,10.77.1.1/24,-
20201019094502,192.168.1.1/24,1
20201019094503,192.168.1.1/24,4
20201019094504,192.168.1.2/24,68
20201019094505,10.20.30.1/16,7
20201019094506,10.20.30.2/16,-
20201019094507,10.20.30.2/16,7
20201019094509,10.77.1.2/24,1
20201019094510,10.77.1.2/24,5
20201019094511,192.168.1.2/24,8
20201019094512,192.168.1.2/24,4
20201019094513,10.77.1.1/24,4
20201019094514,192.168.1.2/24,-
20201019094515,192.168.1.1/24,5
20201019094517,10.77.1.2/24,85
20201019094518,10.77.1.1/24,8
20201019094519,192.168.1.2/24,1
20201019094520,192.168.1.1/24,92
20201019094522,10.77.1.1/24,3
20201019094524,10.20.30.2/16,1
20201019094525,10.77.1.2/24,83
20201019094527,10.20.30.1/16,-
20201019094528,10.77.1.2/24,-
20201019094529,10.77.1.1/24,79
20201019094530,192.168.1.1/24,1
20201019094532,192.168.1.1/24,-
20201019094533,192.168.1.1/24,9
20201019094535,10.77.1.1/24,-
20201019094536,10.77.1.1/24,3
20201019094537,192.168.1.1/24,2
20201019094539,192.168.1.1/24,80
20201019094540,10.77.1.2/24,51
20201019094542,192.168.1.2/24,9
20201019094543,10.77.1.1/24,7
20201019094544,10.20.30.1/16,7
20201019094546,10.20.30.1/16,5
20201019094547,192.168.1.2/24,79
20201019094549,10.77.1.2/24,3
20201019094550,192.168.1.1/24,1
20201019094551,192.168.1.1/24,24
20201019094552,10.20.30.1/16,-
20201019094553,192.168.1.1/24,8
20201019094555,192.168.1.2/24,8
20201019094557,10.77.1.2/24,51
20201019094558,192.168.1.1/24,4
20201019094559,10.20.30.2/16,-
20201019094600,10.77.1.1/24,-
20201019094601,10.77.1.2/24,3
20201019094602,192.168.1.1/24,9
20201019094603,10.77.1.1/24,6
20201019094605,192.168.1.2/24,8
20201019094606,10.77.1.2/24,4
20201019094607,10.20.30.1/16,10
20201019094608,192.168.1.1/24,4
20201019094609,10.20.30.2/16,9
20201019094610,192.168.1.2/24,45
20201019094611,10.20.30.1/16,3
20201019094612,192.168.1.2/24,1
20201019094613,10.77.1.2/24,3
20201019094615,10.20.30.2/16,28
20201019094616,192.168.1.1/24,0
20201019094618,192.168.1.1/24,6
20201019094620,192.168.1.2/24,16
20201019094621,192.168.1.2/24,2
20201019094623,192.168.1.1/24,2
20201019094624,192.168.1.2/24,5
20201019094626,10.20.30.1/16,-
20201019094627,10.77.1.1/24,8
20201019094629,192.168.1.1/24,11
20201019094630,192.168.1.1/24,7
20201019094632,10.77.1.2/24,1
20201019094633,10.20.30.2/16,-
20201019094634,10.77.1.2/24,-
20201019094636,192.168.1.1/24,-
20201019094637,10.77.1.2/24,2
20201019094638,192.168.1.2/24,2
20201019094639,192.168.1.1/24,7
20201019094640,10.20.30.2/16,31
20201019094641,10.77.1.1/24,29
20201019094642,10.20.30.1/16,-
20201019094643,10.20.30.1/16,1
20201019094644,10.77.1.2/24,-
20201019094645,10.77.1.1/24,9
20201019094646,10.20.30.2/16,9
20201019094647,10.20.30.1/16,4
20201019094648,192.168.1.2/24,7
20201019094649,10.20.30.2/16,8
20201019094650,192.168.1.1/24,3
20201019094651,10.20.30.1/16,-
20201019094652,10.20.30.1/16,90
20201019094653,10.20.30.1/16,2
20201019094654,10.77.1.2/24,8
20201019094655,192.168.1.2/24,6
20201019094657,10.77.1.1/24,63
20201019094659,10.20.30.2/16,9
20201019094701,10.77.1.1/24,23
20201019094702,192.168.1.2/24,6
20201019094703,10.77.1.1/24,38
20201019094705,10.77.1.2/24,2
20201019094706,192.168.1.2/24,2
20201019094707,10.20.30.2/16,16
20201019094709,192.168.1.2/24,2
20201019094710,192.168.1.1/24,32
20201019094712,192.168.1.2/24,3
20201019094713,10.20.30.2/16,-
20201019094714,10.20.30.1/16,75
20201019094716,10.20.30.2/16,5
20201019094717,10.77.1.2/24,46
20201019094718,10.77.1.1/24,-
20201019094719,192.168.1.1/24,-
20201019094720,10.20.30.1/16,7
20201019094721,192.168.1.2/24,4
20201019094722,10.20.30.2/16,16
20201019094724,192.168.1.2/24,8
20201019094725,10.77.1.1/24,15
20201019094726,10.20.30.2/16,24
20201019094727,192.168.1.2/24,2
20201019094728,192.168.1.1/24,8
20201019094729,10.77.1.2/24,6
20201019094730,192.168.1.2/24,-
20201019094731,10.20.30.2/16,10
20201019094733,192.168.1.1/24,1
20201019094734,192.168.1.2/24,2
20201019094735,10.77.1.2/24,79
20201019094736,10.77.1.1/24,8
20201019094737,10.77.1.1/24,12
20201019094738,192.168.1.2/24,-
20201019094739,10.77.1.1/24,2
20201019094740,10.77.1.2/24,-
20201019094741,10.77.1.1/24,4
20201019094742,192.168.1.1/24,44
20201019094743,10.20.30.1/16,-
20201019094744,10.20.30.1/16,28
20201019094745,10.77.1.1/24,-
20201019094746,10.20.30.2/16,6
20201019094747,192.168.1.2/24,-
20201019094748,10.77.1.1/24,-
20201019094749,10.77.1.2/24,41
20201019094750,192.168.1.1/24,17
20201019094751,192.168.1.2/24,11
20201019094752,192.168.1.1/24,9
20201019094754,10.20.30.1/16,-
20201019094755,192.168.1.1/24,48
20201019094756,10.77.1.2/24,7
20201019094757,10.20.30.1/16,90
20201019094758,192.168.1.1/24,-
20201019094759,10.20.30.2/16,-
20201019094800,10.77.1.2/24,10
20201019094801,192.168.1.1/24,2
20201019094802,10.77.1.1/24,2
20201019094803,10.20.30.2/16,-
20201019094804,10.20.30.2/16,88
20201019094805,192.168.1.1/24,10
20201019094806,10.77.1.1/24,4
20201019094808,10.20.30.1/16,9
20201019094809,10.77.1.2/24,4
20201019094810,10.20.30.2/16,-
20201019094811,10.77.1.1/24,2
20201019094812,192.168.1.2/24,1
20201019094813,10.77.1.1/24,-
20201019094814,10.20.30.1/16,1
20201019094816,10.20.30.1/16,9
20201019094817,10.77.1.1/24,7
20201019094818,192.168.1.2/24,9
20201019094819,10.77.1.1/24,9
20201019094820,10.77.1.2/24,69
20201019094821,10.77.1.1/24,-
20201019094822,192.168.1.2/24,-
20201019094823,10.77.1.1/24,3
20201019094825,10.20.30.2/16,2
20201019094827,10.77.1.2/24,-
20201019094828,10.77.1.2/24,-
20201019094829,192.168.1.2/24,-
20201019094831,10.20.30.2/16,-
20201019094832,192.168.1.2/24,89
20201019094833,192.168.1.1/24,-
20201019094834,10.20.30.2/16,7
20201019094835,10.77.1.1/24,55
20201019094836,192.168.1.2/24,8
20201019094837,10.77.1.2/24,8
20201019094838,10.20.30.2/16,-
20201019094839,192.168.1.1/24,1
20201019094840,192.168.1.2/24,-
20201019094841,10.77.1.2/24,-
20201019094842,192.168.1.1/24,2
20201019094843,10.77.1.1/24,6
20201019094845,192.168.1.2/24,-
20201019094847,10.20.30.1/16,44
20201019094848,10.20.30.2/16,-
20201019094850,10.77.1.1/24,-
20201019094851,10.20.30.2/16,5
20201019094852,192.168.1.2/24,1
20201019094853,10.77.1.2/24,7
20201019094854,192.168.1.1/24,-
20201019094856,10.77.1.2/24,-
20201019094857,10.20.30.2/16,7
20201019094858,192.168.1.1/24,6
20201019094859,10.77.1.2/24,6
20201019094901,192.168.1.1/24,5
20201019094902,192.168.1.1/24,4
20201019094903,10.20.30.1/16,-
20201019094905,10.77.1.2/24,-
20201019094906,10.20.30.2/16,-
20201019094908,10.20.30.1/16,3
20201019094909,10.20.30.1/16,9
20201019094910,192.168.1.2/24,-
20201019094912,10.77.1.2/24,2
20201019094913,10.77.1.2/24,24
20201019094914,10.77.1.1/24,71
20201019094916,10.77.1.2/24,8
20201019094917,10.77.1.2/24,6
20201019094918,10.20.30.1/16,2
20201019094919,192.168.1.1/24,7
20201019094921,192.168.1.1/24,62
20201019094923,192.168.1.1/24,11
20201019094925,192.168.1.1/24,-
20201019094926,10.77.1.2/24,1
20201019094928,10.77.1.2/24,44
20201019094929,192.168.1.2/24,-
20201019094931,192.168.1.2/24,-
20201019094933,192.168.1.1/24,1
20201019094934,10.77.1.2/24,7
20201019094935,10.77.1.2/24,7
20201019094936,10.20.30.1/16,5
20201019094937,192.168.1.1/24,4
20201019094938,10.20.30.2/16,6
20201019094939,10.77.1.2/24,5
20201019094940,10.20.30.1/16,8
20201019094941,192.168.1.2/24,5
20201019094942,10.20.30.2/16,6
20201019094943,10.77.1.2/24,8
20201019094944,10.77.1.1/24,92
20201019094946,10.77.1.1/24,-
20201019094947,10.77.1.1/24,-
20201019094948,10.20.30.2/16,30
20201019094949,10.77.1.2/24,9
20201019094951,192.168.1.2/24,9
20201019094952,10.77.1.2/24,-
20201019094953,10.77.1.2/24,13
20201019094954,10.77.1.1/24,5
20201019094955,10.77.1.1/24,1
20201019094956,10.20.30.2/16,8
20201019094958,10.77.1.1/24,-
20201019094959,192.168.1.2/24,2
20201019095000,10.20.30.1/16,9
20201019095001,192.168.1.1/24,8
20201019095003,192.168.1.1/24,-
20201019095005,10.20.30.1/16,-
20201019095006,10.77.1.1/24,-
20201019095007,10.77.1.1/24,4
20201019095009,10.20.30.2/16,-
20201019095010,10.20.30.1/16,7
20201019095011,10.20.30.1/16,48
20201019095013,10.20.30.2/16,-
20201019095014,192.168.1.1/24,9
20201019095015,10.20.30.1/16,45
20201019095016,192.168.1.2/24,30
20201019095017,192.168.1.2/24,5
20201019095018,192.168.1.2/24,1
20201019095019,10.20.30.2/16,2
20201019095020,10.20.30.2/16,3
20201019095021,10.77.1.2/24,7
20201019095022,10.20.30.1/16,2
20201019095023,192.168.1.2/24,-
20201019095025,10.77.1.1/24,1
20201019095027,10.77.1.1/24,1
20201019095028,10.20.30.1/16,4
20201019095029,10.20.30.1/16,5
20201019095030,192.168.1.2/24,11
20201019095031,10.77.1.2/24,73
20201019095032,10.20.30.1/16,8
20201019095033,192.168.1.1/24,9
20201019095034,10.77.1.2/24,14
20201019095035,10.20.30.2/16,1
20201019095036,10.20.30.1/16,2
20201019095037,192.168.1.2/24,-
20201019095038,10.20.30.2/16,-
20201019095040,192.168.1.2/24,6
20201019095041,10.20.30.1/16,4
20201019095042,10.77.1.2/24,-
20201019095043,10.20.30.2/16,58
20201019095044,192.168.1.1/24,79
20201019095045,192.168.1.2/24,1
20201019095046,10.77.1.1/24,9
20201019095048,10.77.1.2/24,5
20201019095049,192.168.1.2/24,59
20201019095050,10.77.1.2/24,2
20201019095052,192.168.1.2/24,81
20201019095053,10.20.30.1/16,-
20201019095055,10.77.1.2/24,-
20201019095056,192.168.1.1/24,61
20201019095057,10.20.30.2/16,-
20201019095058,192.168.1.2/24,5
20201019095059,10.77.1.2/24,-
20201019095100,10.20.30.2/16,82
20201019095101,10.77.1.2/24,9
20201019095103,10.20.30.2/16,2
20201019095104,10.77.1.2/24,5
20201019095105,10.20.30.1/16,16
20201019095107,192.168.1.2/24,-
20201019095108,192.168.1.2/24,8
20201019095109,192.168.1.2/24,-
20201019095110,192.168.1.2/24,21
20201019095111,192.168.1.2/24,-
20201019095112,10.20.30.1/16,30
20201019095113,10.20.30.1/16,61
20201019095114,10.77.1.1/24,92
20201019095116,10.77.1.2/24,7
20201019095117,10.77.1.1/24,2
20201019095118,192.168.1.2/24,1
20201019095120,192.168.1.2/24,5
20201019095121,192.168.1.1/24,4
20201019095122,10.20.30.2/16,9
20201019095123,192.168.1.1/24,39
20201019095124,192.168.1.1/24,2
20201019095125,10.77.1.1/24,6
20201019095126,10.20.30.2/16,-
20201019095127,10.77.1.2/24,9
20201019095128,10.77.1.1/24,24
20201019095129,10.77.1.1/24,-
20201019095130,10.77.1.2/24,54
20201019095131,10.77.1.2/24,8
20201019095132,10.20.30.1/16,6
20201019095133,10.20.30.2/16,4
20201019095135,10.20.30.2/16,1
20201019095136,10.20.30.2/16,-
20201019095138,10.77.1.1/24,67
20201019095140,10.20.30.2/16,5
20201019095141,10.77.1.1/24,21
20201019095142,10.20.30.2/16,8
20201019095143,10.77.1.1/24,15
20201019095144,10.77.1.2/24,-
20201019095145,10.77.1.1/24,8
20201019095146,10.20.30.2/16,4
20201019095147,10.20.30.1/16,30
20201019095148,192.168.1.2/24,-
20201019095150,192.168.1.2/24,1
20201019095151,10.77.1.1/24,5
20201019095152,10.77.1.2/24,-
20201019095153,10.20.30.2/16,2
20201019095154,10.77.1.1/24,-
20201019095155,10.77.1.1/24,5
20201019095157,10.20.30.2/16,-
20201019095158,10.20.30.2/16,19
20201019095200,10.77.1.2/24,9
20201019095201,192.168.1.2/24,25
20201019095202,10.77.1.1/24,3
20201019095204,10.77.1.1/24,1
20201019095205,10.20.30.1/16,87
20201019095206,10.20.30.2/16,8
20201019095207,10.20.30.2/16,7
20201019095208,10.77.1.2/24,53
20201019095209,10.77.1.1/24,-
20201019095210,10.77.1.2/24,-
20201019095211,10.20.30.2/16,80
20201019095212,192.168.1.2/24,3
20201019095213,10.20.30.2/16,-
20201019095214,10.77.1.2/24,5
20201019095215,192.168.1.2/24,-
20201019095216,10.20.30.1/16,3
20201019095217,10.20.30.2/16,75
20201019095218,192.168.1.1/24,-
20201019095219,10.77.1.2/24,-
20201019095220,10.20.30.1/16,1
20201019095221,192.168.1.1/24,4
20201019095222,192.168.1.2/24,-
20201019095223,192.168.1.2/24,5
20201019095224,192.168.1.2/24,1
20201019095226,10.77.1.1/24,9
20201019095227,10.20.30.2/16,-
20201019095229,10.20.30.2/16,6
20201019095231,10.77.1.2/24,6
20201019095232,10.77.1.1/24,-
20201019095233,10.20.30.2/16,8
20201019095234,10.20.30.2/16,3
20201019095236,192.168.1.2/24,1
20201019095237,10.77.1.1/24,7
20201019095239,10.20.30.2/16,38
20201019095240,10.77.1.1/24,65
20201019095242,10.77.1.1/24,7
20201019095243,192.168.1.2/24,4
20201019095244,10.20.30.1/16,9
20201019095245,192.168.1.1/24,-
20201019095246,192.168.1.1/24,26
20201019095247,192.168.1.1/24,22
20201019095248,192.168.1.2/24,5
20201019095249,10.77.1.2/24,17
20201019095251,10.20.30.2/16,8
20201019095252,10.20.30.2/16,19
20201019095253,10.20.30.2/16,78
20201019095254,10.20.30.1/16,-
20201019095255,10.77.1.2/24,-
20201019095256,10.20.30.1/16,-
20201019095257,192.168.1.2/24,9
20201019095259,192.168.1.2/24,1
20201019095301,10.20.30.1/16,-
20201019095302,10.20.30.2/16,3
20201019095303,192.168.1.2/24,7
20201019095304,10.20.30.1/16,10
20201019095305,192.168.1.2/24,3
20201019095306,10.20.30.1/16,-
20201019095308,10.20.30.2/16,4
20201019095309,192.168.1.1/24,8
20201019095310,10.77.1.1/24,-
20201019095311,192.168.1.2/24,5
20201019095312,192.168.1.1/24,50
20201019095313,192.168.1.1/24,-
20201019095314,10.20.30.2/16,96
20201019095315,10.20.30.1/16,-
20201019095316,192.168.1.1/24,2
20201019095318,10.77.1.2/24,12
20201019095319,10.77.1.1/24,1
20201019095320,10.77.1.1/24,-
20201019095321,192.168.1.1/24,92
20201019095323,10.77.1.2/24,8
20201019095324,192.168.1.1/24,2
20201019095325,192.168.1.2/24,59
20201019095326,10.77.1.2/24,-
20201019095327,192.168.1.2/24,5
20201019095328,10.20.30.1/16,11
20201019095330,10.77.1.2/24,93
20201019095331,192.168.1.1/24,-
20201019095332,192.168.1.2/24,64
20201019095333,192.168.1.2/24,9
20201019095334,10.77.1.2/24,7
20201019095335,10.20.30.2/16,-
20201019095336,192.168.1.2/24,3
20201019095337,10.77.1.2/24,48
20201019095338,10.77.1.2/24,8
20201019095339,192.168.1.1/24,17
20201019095341,192.168.1.2/24,3
20201019095342,10.20.30.2/16,-
20201019095344,10.77.1.2/24,-
20201019095345,10.77.1.1/24,-
20201019095346,192.168.1.2/24,1
20201019095347,10.77.1.2/24,2
20201019095348,10.77.1.1/24,2
20201019095349,192.168.1.2/24,8
20201019095351,10.77.1.1/24,2
20201019095352,10.20.30.1/16,46
20201019095353,192.168.1.2/24,8
20201019095354,192.168.1.2/24,5
20201019095356,192.168.1.2/24,3
20201019095357,10.77.1.2/24,54
20201019095359,10.77.1.1/24,7
20201019095401,10.77.1.1/24,4
20201019095402,10.20.30.2/16,-
20201019095403,192.168.1.2/24,-
20201019095404,192.168.1.1/24,2
20201019095405,10.20.30.1/16,47
20201019095406,10.77.1.1/24,2
20201019095407,192.168.1.2/24,-
20201019095409,10.20.30.2/16,7
20201019095410,10.77.1.2/24,83
20201019095411,192.168.1.2/24,2
20201019095412,10.77.1.2/24,-
20201019095414,192.168.1.2/24,4
20201019095415,192.168.1.2/24,1
20201019095416,10.20.30.1/16,5
20201019095418,10.20.30.1/16,4
20201019095419,10.20.30.2/16,9
20201019095421,10.77.1.2/24,-
20201019095422,10.20.30.1/16,13
20201019095424,192.168.1.1/24,-
20201019095425,10.77.1.2/24,2
20201019095427,10.77.1.2/24,39
20201019095428,10.77.1.2/24,-
20201019095430,192.168.1.2/24,5
20201019095431,192.168.1.2/24,-
20201019095432,192.168.1.1/24,7
20201019095434,192.168.1.2/24,-
20201019095435,192.168.1.2/24,38
20201019095436,10.77.1.1/24,7
20201019095438,10.20.30.2/16,2
20201019095440,192.168.1.1/24,7
20201019095441,10.20.30.1/16,2
20201019095442,192.168.1.1/24,8
20201019095443,10.77.1.1/24,6
20201019095445,192.168.1.1/24,1
20201019095446,192.168.1.1/24,72
20201019095447,192.168.1.1/24,1
20201019095448,192.168.1.2/24,3
20201019095449,192.168.1.1/24,7
20201019095450,192.168.1.2/24,6
20201019095451,192.168.1.1/24,95
20201019095453,10.77.1.1/24,-
20201019095455,10.77.1.1/24,5
20201019095456,192.168.1.1/24,22
20201019095457,10.77.1.1/24,5
20201019095458,192.168.1.2/24,-
20201019095459,10.77.1.2/24,83
20201019095500,10.20.30.2/16,-
20201019095501,192.168.1.2/24,33
20201019095502,10.77.1.1/24,3
20201019095503,10.20.30.2/16,8
20201019095504,192.168.1.2/24,27
20201019095505,10.20.30.2/16,1
20201019095506,10.77.1.1/24,4
20201019095507,192.168.1.2/24,85
20201019095508,10.20.30.1/16,-
20201019095510,10.77.1.2/24,7
20201019095511,192.168.1.1/24,11
20201019095512,10.20.30.2/16,4
20201019095513,10.20.30.2/16,86
20201019095514,10.20.30.2/16,2
20201019095515,192.168.1.1/24,9
20201019095516,10.20.30.1/16,13
20201019095518,192.168.1.1/24,3
20201019095519,10.77.1.2/24,12
20201019095520,10.77.1.1/24,2
20201019095521,192.168.1.1/24,2
20201019095522,10.20.30.2/16,23
20201019095523,192.168.1.1/24,-
20201019095525,10.77.1.1/24,1
20201019095527,192.168.1.2/24,7
20201019095528,192.168.1.2/24,91
20201019095529,10.20.30.2/16,6
20201019095530,10.20.30.2/16,34
20201019095531,10.20.30.1/16,4
20201019095532,192.168.1.1/24,-
20201019095533,192.168.1.2/24,6
20201019095534,10.77.1.1/24,-
20201019095535,192.168.1.1/24,4
20201019095536,192.168.1.1/24,2
20201019095537,10.20.30.1/16,2
20201019095538,192.168.1.1/24,8
20201019095539,10.20.30.2/16,35
20201019095540,10.77.1.1/24,-
20201019095541,10.20.30.1/16,3
20201019095542,192.168.1.2/24,-
20201019095543,10.77.1.2/24,4
20201019095544,10.20.30.1/16,7
20201019095545,10.77.1.2/24,19
20201019095547,10.20.30.1/16,4
20201019095548,192.168.1.2/24,3
20201019095550,192.168.1.2/24,17
20201019095551,192.168.1.1/24,21
20201019095552,192.168.1.2/24,1
20201019095553,10.20.30.2/16,81
20201019095554,192.168.1.2/24,7
20201019095555,10.20.30.1/16,9
20201019095557,10.20.30.2/16,9
20201019095559,10.77.1.2/24,-
20201019095600,10.20.30.1/16,2
20201019095601,192.168.1.2/24,4
20201019095602,10.77.1.2/24,14
20201019095603,192.168.1.2/24,68
20201019095604,192.168.1.2/24,5
20201019095605,10.77.1.2/24,-
20201019095606,192.168.1.1/24,4
20201019095607,10.20.30.2/16,8
20201019095608,10.77.1.1/24,24
20201019095609,10.20.30.2/16,1
20201019095610,10.20.30.1/16,7
20201019095612,192.168.1.2/24,2
20201019095613,10.20.30.2/16,-
20201019095614,10.77.1.1/24,1
20201019095616,192.168.1.1/24,-
20201019095617,10.20.30.2/16,7
20201019095619,192.168.1.1/24,-
20201019095620,10.77.1.2/24,9
20201019095621,192.168.1.2/24,-
20201019095622,10.77.1.1/24,18
20201019095624,192.168.1.2/24,2
20201019095625,10.77.1.1/24,6
20201019095626,10.20.30.1/16,19
20201019095627,10.77.1.1/24,8
20201019095628,10.20.30.1/16,3
20201019095629,10.77.1.2/24,39
20201019095630,192.168.1.2/24,25
20201019095631,10.77.1.1/24,5
20201019095632,10.20.30.2/16,7
20201019095633,192.168.1.1/24,22
20201019095634,10.77.1.1/24,-
20201019095635,192.168.1.2/24,9
20201019095637,10.20.30.1/16,-
20201019095639,10.77.1.1/24,14
20201019095640,192.168.1.1/24,4
20201019095642,10.20.30.2/16,6
20201019095643,192.168.1.2/24,1
20201019095644,10.20.30.1/16,4
20201019095645,192.168.1.2/24,-
20201019095646,10.20.30.2/16,3
20201019095648,10.77.1.1/24,3
20201019095649,10.20.30.1/16,-
20201019095650,10.77.1.2/24,-
20201019095651,10.20.30.1/16,4
20201019095652,192.168.1.2/24,14
20201019095653,192.168.1.1/24,-
20201019095654,192.168.1.1/24,6
20201019095655,10.20.30.1/16,2
20201019095656,192.168.1.2/24,6
20201019095657,192.168.1.1/24,2
20201019095658,10.20.30.2/16,82
20201019095659,10.20.30.1/16,80
20201019095700,10.20.30.2/16,6
20201019095701,10.77.1.1/24,51
20201019095702,192.168.1.1/24,9
20201019095703,10.20.30.2/16,1
20201019095704,192.168.1.1/24,1
20201019095705,10.20.30.2/16,9
20201019095706,10.77.1.1/24,10
20201019095707,10.20.30.2/16,4
20201019095708,10.20.30.1/16,6
20201019095709,10.77.1.2/24,66
20201019095711,192.168.1.2/24,6
20201019095712,10.77.1.1/24,85
20201019095713,192.168.1.2/24,7
20201019095715,10.20.30.2/16,3
20201019095717,10.20.30.1/16,2
20201019095718,192.168.1.1/24,56
20201019095719,192.168.1.1/24,38
20201019095720,192.168.1.2/24,3
20201019095721,192.168.1.1/24,9
20201019095722,192.168.1.2/24,-
20201019095723,10.20.30.2/16,8
20201019095725,10.20.30.2/16,5
20201019095726,10.20.30.1/16,-
20201019095727,10.77.1.2/24,-
20201019095729,192.168.1.2/24,12
20201019095730,10.20.30.1/16,-
20201019095731,10.20.30.1/16,3
20201019095733,192.168.1.2/24,9
20201019095734,10.20.30.1/16,8
20201019095735,192.168.1.2/24,6
20201019095737,10.77.1.2/24,41
20201019095738,10.20.30.1/16,1
20201019095739,192.168.1.1/24,-
20201019095740,10.77.1.1/24,-
20201019095742,10.20.30.2/16,3
20201019095744,192.168.1.2/24,19
20201019095745,192.168.1.1/24,92
20201019095746,10.77.1.2/24,-
20201019095747,10.77.1.2/24,8
20201019095748,192.168.1.1/24,-
20201019095749,10.77.1.2/24,9
20201019095751,10.77.1.1/24,4
20201019095752,10.20.30.2/16,88
20201019095753,10.77.1.2/24,5
20201019095754,10.20.30.2/16,6
20201019095755,10.20.30.1/16,-
20201019095757,10.20.30.1/16,9
20201019095759,10.20.30.1/16,74
20201019095801,10.20.30.1/16,5
20201019095803,10.77.1.1/24,-
20201019095804,10.20.30.1/16,7
20201019095806,192.168.1.1/24,4
20201019095807,10.20.30.2/16,92
20201019095808,10.77.1.1/24,-
20201019095809,10.77.1.1/24,3
20201019095810,10.77.1.2/24,7
20201019095811,10.77.1.1/24,-
20201019095812,192.168.1.2/24,-
20201019095813,192.168.1.2/24,8
20201019095814,10.77.1.2/24,7
20201019095815,10.20.30.1/16,3
20201019095816,10.77.1.1/24,3
20201019095817,10.20.30.2/16,46
20201019095818,192.168.1.2/24,2
20201019095819,192.168.1.1/24,-
20201019095821,192.168.1.1/24,8
20201019095822,10.77.1.1/24,2
20201019095823,10.77.1.2/24,-
20201019095824,192.168.1.2/24,28
20201019095826,10.77.1.1/24,-
20201019095827,10.20.30.2/16,98
20201019095828,10.77.1.1/24,4
20201019095830,10.20.30.1/16,-
20201019095831,192.168.1.1/24,-
20201019095832,192.168.1.1/24,-
20201019095833,10.20.30.1/16,6
20201019095834,10.20.30.1/16,1
20201019095835,192.168.1.1/24,-
20201019095836,10.20.30.2/16,9
20201019095837,10.77.1.2/24,6
20201019095839,192.168.1.2/24,5
20201019095840,10.20.30.2/16,5
20201019095842,10.77.1.1/24,68
20201019095843,192.168.1.1/24,14
20201019095844,192.168.1.2/24,-
20201019095845,10.20.30.1/16,-
20201019095846,10.20.30.2/16,52
20201019095848,10.20.30.1/16,8
20201019095850,10.20.30.2/16,-
20201019095851,192.168.1.2/24,5
20201019095852,10.77.1.1/24,17
20201019095853,10.20.30.2/16,-
20201019095854,10.20.30.2/16,14
20201019095855,192.168.1.1/24,81
20201019095857,192.168.1.1/24,63
20201019095858,10.20.30.2/16,96
20201019095859,10.77.1.1/24,3
20201019095900,192.168.1.2/24,-
20201019095902,192.168.1.2/24,12
20201019095903,192.168.1.1/24,6
20201019095904,10.20.30.2/16,11
20201019095905,10.20.30.2/16,1
20201019095906,10.77.1.2/24,3
20201019095907,192.168.1.2/24,6
20201019095908,10.77.1.1/24,7
20201019095910,10.77.1.1/24,27
20201019095911,10.77.1.1/24,-
20201019095913,10.20.30.2/16,8
20201019095914,10.20.30.1/16,3
20201019095915,10.20.30.2/16,-
20201019095916,192.168.1.2/24,1
20201019095917,192.168.1.1/24,9
20201019095918,10.20.30.1/16,33
20201019095919,10.20.30.1/16,-
20201019095921,192.168.1.1/24,7
20201019095922,10.20.30.2/16,59
20201019095923,192.168.1.2/24,5
20201019095924,10.20.30.2/16,2
20201019095925,10.77.1.1/24,8
20201019095926,192.168.1.2/24,29
20201019095927,10.20.30.1/16,-
20201019095928,10.20.30.2/16,72
20201019095929,192.168.1.2/24,2
20201019095930,192.168.1.2/24,13
20201019095931,10.77.1.2/24,2
20201019095932,10.77.1.1/24,-
20201019095934,10.77.1.1/24,51
20201019095935,10.77.1.1/24,-
20201019095936,10.20.30.1/16,-
20201019095937,192.168.1.2/24,9
20201019095938,192.168.1.1/24,7
20201019095939,10.77.1.2/24,-
20201019095941,192.168.1.2/24,9
20201019095942,10.20.30.2/16,22
20201019095944,10.20.30.1/16,1
20201019095945,10.77.1.2/24,-
20201019095946,192.168.1.1/24,90
20201019095947,192.168.1.1/24,38
20201019095948,192.168.1.2/24,-
20201019095950,192.168.1.1/24,4
20201019095951,192.168.1.1/24,-
20201019095953,10.20.30.1/16,63
20201019095954,192.168.1.1/24,3
20201019095955,10.77.1.2/24,-
20201019095956,10.20.30.1/16,-
20201019095957,10.20.30.2/16,2
20201019095958,192.168.1.1/24,2
20201019095959,192.168.1.1/24,5
20201019100001,192.168.1.2/24,24
20201019100002,192.168.1.2/24,51
20201019100003,10.20.30.2/16,6
20201019100005,10.20.30.2/16,2
20201019100007,10.20.30.2/16,66
20201019100008,192.168.1.1/24,1
20201019100010,192.168.1.1/24,6
20201019100012,192.168.1.1/24,-
20201019100013,10.77.1.2/24,57
20201019100014,10.77.1.2/24,6
20201019100015,10.20.30.2/16,-
20201019100016,10.77.1.2/24,9
20201019100017,192.168.1.1/24,8
20201019100018,192.168.1.1/24,74
20201019100019,192.168.1.2/24,25
20201019100020,10.77.1.2/24,-
20201019100021,192.168.1.2/24,3
20201019100022,192.168.1.2/24,9
20201019100023,10.20.30.2/16,-
20201019100024,192.168.1.1/24,-
20201019100025,192.168.1.2/24,-
20201019100026,192.168.1.2/24,4
20201019100027,10.20.30.1/16,1
20201019100028,10.77.1.1/24,-
20201019100030,10.77.1.1/24,-
20201019100032,10.20.30.1/16,72
20201019100034,10.77.1.2/24,-
20201019100035,10.77.1.2/24,-
20201019100036,10.77.1.2/24,17
20201019100038,10.77.1.1/24,-
20201019100039,10.20.30.2/16,8
20201019100041,10.77.1.2/24,9
20201019100042,192.168.1.1/24,3
20201019100044,10.20.30.2/16,6
20201019100046,192.168.1.2/24,-
20201019100047,10.20.30.1/16,3
20201019100048,10.20.30.2/16,8
20201019100049,10.77.1.2/24,-
20201019100050,192.168.1.2/24,-
20201019100051,10.20.30.1/16,-
20201019100052,10.20.30.1/16,7
20201019100053,10.77.1.2/24,8
20201019100054,192.168.1.2/24,51
20201019100055,10.77.1.1/24,2
20201019100056,10.20.30.1/16,3
20201019100057,192.168.1.2/24,-
20201019100058,192.168.1.2/24,-
20201019100059,192.168.1.2/24,4
20201019100100,10.77.1.2/24,96
20201019100101,192.168.1.2/24,-
20201019100102,10.20.30.2/16,3
20201019100103,192.168.1.2/24,21
20201019100104,10.77.1.2/24,54
20201019100106,10.77.1.2/24,5
20201019100107,192.168.1.2/24,2
20201019100109,192.168.1.1/24,68
20201019100110,10.20.30.2/16,44
20201019100111,10.20.30.2/16,8
20201019100112,10.20.30.2/16,5
20201019100113,10.77.1.1/24,1
20201019100114,192.168.1.1/24,-
20201019100115,192.168.1.2/24,-
20201019100116,10.77.1.1/24,1
20201019100117,10.20.30.1/16,23
20201019100118,192.168.1.2/24,-
20201019100119,10.20.30.1/16,4
20201019100121,10.77.1.2/24,2
20201019100122,10.20.30.2/16,6
20201019100124,192.168.1.2/24,12
20201019100125,192.168.1.2/24,3
20201019100126,10.20.30.1/16,-
20201019100127,192.168.1.2/24,1
20201019100128,10.77.1.1/24,3
20201019100129,10.20.30.2/16,-
20201019100130,10.20.30.2/16,8
20201019100131,10.20.30.1/16,49
20201019100133,192.168.1.1/24,3
20201019100134,192.168.1.2/24,6
20201019100135,192.168.1.2/24,9
20201019100136,192.168.1.1/24,2
20201019100137,10.77.1.2/24,6
20201019100139,192.168.1.2/24,2
20201019100140,10.20.30.2/16,9
20201019100141,192.168.1.1/24,6
20201019100142,10.20.30.2/16,8
20201019100144,10.77.1.1/24,1
20201019100145,10.20.30.2/16,10
20201019100146,10.20.30.1/16,13
20201019100147,10.20.30.1/16,13
20201019100148,192.168.1.1/24,2
20201019100149,10.77.1.2/24,-
20201019100150,10.20.30.1/16,4
20201019100151,10.77.1.1/24,-
20201019100152,192.168.1.1/24,3
20201019100153,10.20.30.1/16,-
20201019100154,192.168.1.2/24,9
20201019100156,10.77.1.2/24,4
20201019100157,192.168.1.1/24,6
20201019100158,10.77.1.1/24,27
20201019100159,192.168.1.1/24,8
20201019100200,192.168.1.2/24,5
20201019100201,10.77.1.2/24,1
20201019100203,10.20.30.2/16,54
20201019100205,10.77.1.1/24,37
20201019100206,192.168.1.2/24,2
20201019100207,10.77.1.2/24,5
20201019100208,10.20.30.2/16,-
20201019100209,10.77.1.2/24,11
20201019100210,192.168.1.2/24,67
20201019100211,10.20.30.1/16,7
20201019100212,10.77.1.1/24,1
20201019100214,10.20.30.2/16,3
20201019100215,192.168.1.2/24,6
20201019100216,10.77.1.2/24,6
20201019100217,10.20.30.2/16,14
20201019100218,10.77.1.1/24,-
20201019100219,192.168.1.1/24,-
20201019100220,10.77.1.2/24,6
20201019100221,10.77.1.2/24,47
20201019100222,192.168.1.2/24,2
20201019100223,192.168.1.2/24,-
20201019100224,192.168.1.1/24,92
20201019100225,10.77.1.1/24,-
20201019100226,10.77.1.1/24,75
20201019100227,10.20.30.2/16,61
20201019100228,10.20.30.1/16,2
20201019100229,192.168.1.1/24,-
20201019100230,10.77.1.2/24,9
20201019100231,10.20.30.2/16,4
20201019100233,192.168.1.2/24,8
20201019100234,10.77.1.1/24,5
20201019100235,10.77.1.1/24,8
20201019100236,10.20.30.2/16,86
20201019100238,192.168.1.1/24,9
20201019100239,10.77.1.2/24,4
20201019100241,10.20.30.2/16,2
20201019100242,10.20.30.2/16,9
20201019100244,10.77.1.1/24,-
20201019100245,10.77.1.2/24,5
20201019100247,10.77.1.1/24,-
20201019100249,10.20.30.2/16,-
20201019100250,10.77.1.1/24,4
20201019100251,192.168.1.1/24,76
20201019100253,10.20.30.1/16,-
20201019100254,192.168.1.1/24,-
20201019100255,192.168.1.1/24,6
20201019100256,10.20.30.2/16,5
20201019100257,192.168.1.1/24,2
20201019100258,10.77.1.1/24,-
20201019100259,10.20.30.1/16,-
20201019100301,192.168.1.2/24,7
20201019100302,10.20.30.1/16,4
20201019100304,10.77.1.2/24,-
20201019100305,10.77.1.1/24,86
20201019100306,10.77.1.1/24,5
20201019100308,192.168.1.2/24,97
20201019100309,192.168.1.2/24,-
20201019100310,10.77.1.2/24,-
20201019100311,192.168.1.2/24,99
20201019100312,192.168.1.2/24,3
20201019100314,192.168.1.1/24,-
20201019100315,10.77.1.1/24,9
20201019100316,192.168.1.2/24,-
20201019100318,192.168.1.1/24,4
20201019100319,10.20.30.1/16,5
20201019100320,10.20.30.2/16,6
20201019100321,10.77.1.1/24,7
20201019100323,10.77.1.1/24,6
20201019100325,10.20.30.2/16,58
20201019100327,10.77.1.2/24,7
20201019100328,10.20.30.1/16,91
20201019100329,10.20.30.2/16,11
20201019100330,10.77.1.2/24,-
20201019100331,10.77.1.2/24,5
20201019100332,192.168.1.2/24,-
20201019100333,192.168.1.2/24,7
20201019100334,10.77.1.2/24,8
20201019100336,10.20.30.2/16,-
20201019100337,192.168.1.2/24,19
20201019100338,10.77.1.2/24,52
20201019100340,10.77.1.2/24,48
20201019100341,192.168.1.2/24,9
20201019100342,10.20.30.1/16,9
20201019100344,192.168.1.1/24,9
20201019100345,192.168.1.2/24,-
20201019100347,192.168.1.1/24,6
20201019100349,192.168.1.2/24,-
20201019100350,192.168.1.2/24,3
20201019100352,192.168.1.1/24,3
20201019100353,10.77.1.1/24,8
20201019100355,10.20.30.1/16,4
20201019100356,10.77.1.2/24,8
20201019100358,10.20.30.2/16,3
20201019100359,10.20.30.2/16,80
20201019100400,10.77.1.2/24,9
20201019100402,10.77.1.2/24,8
20201019100403,10.77.1.2/24,5
20201019100405,10.20.30.2/16,-
20201019100406,192.168.1.2/24,-
20201019100407,10.77.1.1/24,9
20201019100408,10.20.30.1/16,-
20201019100409,192.168.1.2/24,47
20201019100411,192.168.1.1/24,4
20201019100412,192.168.1.1/24,8
20201019100413,10.77.1.1/24,1
20201019100414,192.168.1.1/24,8
20201019100416,10.77.1.2/24,-
20201019100417,10.77.1.2/24,8
20201019100418,10.20.30.1/16,1
20201019100420,10.20.30.1/16,2
20201019100422,10.20.30.1/16,7
20201019100423,10.77.1.2/24,6
20201019100424,10.77.1.1/24,-
20201019100425,192.168.1.1/24,-
20201019100426,10.77.1.2/24,90
20201019100427,10.20.30.1/16,-
20201019100428,10.20.30.2/16,93
20201019100429,10.20.30.1/16,11
20201019100430,10.77.1.1/24,2
20201019100431,10.77.1.1/24,1
20201019100432,192.168.1.1/24,-
20201019100433,192.168.1.2/24,-
20201019100435,10.20.30.1/16,7
20201019100436,192.168.1.1/24,1
20201019100437,10.77.1.1/24,35
20201019100438,10.77.1.2/24,1
20201019100440,10.20.30.2/16,6
20201019100441,192.168.1.1/24,7
20201019100443,10.77.1.1/24,5
20201019100444,10.20.30.1/16,-
20201019100445,192.168.1.1/24,31
20201019100447,10.77.1.2/24,5
20201019100448,10.20.30.2/16,25
20201019100450,10.77.1.2/24,6
20201019100451,192.168.1.2/24,2
20201019100452,10.20.30.1/16,5
20201019100453,192.168.1.2/24,81
20201019100454,192.168.1.1/24,9
20201019100456,10.77.1.1/24,8
20201019100457,10.77.1.2/24,15
20201019100458,10.20.30.1/16,-
20201019100459,192.168.1.1/24,3
20201019100500,10.20.30.1/16,7
20201019100501,10.77.1.1/24,10
20201019100502,10.20.30.1/16,-
20201019100503,10.77.1.1/24,2
20201019100504,10.20.30.1/16,95
20201019100505,192.168.1.2/24,53
20201019100507,10.20.30.2/16,15
20201019100508,10.77.1.2/24,-
20201019100509,10.77.1.2/24,7
20201019100510,10.77.1.2/24,-
20201019100511,10.77.1.1/24,82
20201019100512,192.168.1.2/24,1
20201019100513,192.168.1.1/24,4
20201019100514,10.20.30.1/16,4
20201019100515,192.168.1.2/24,-
20201019100516,10.77.1.1/24,7
20201019100517,192.168.1.2/24,29
20201019100518,192.168.1.2/24,2
20201019100519,10.20.30.1/16,9
20201019100521,192.168.1.1/24,-
20201019100522,10.77.1.1/24,13
20201019100523,10.20.30.2/16,73
20201019100524,10.77.1.1/24,-
20201019100525,10.77.1.1/24,4
20201019100526,192.168.1.1/24,8
20201019100527,192.168.1.2/24,9
20201019100528,10.20.30.2/16,8
20201019100530,192.168.1.1/24,3
20201019100531,10.77.1.2/24,-
20201019100533,192.168.1.2/24,88
20201019100534,10.77.1.2/24,1
20201019100536,10.77.1.1/24,26
20201019100538,192.168.1.2/24,1
20201019100539,192.168.1.2/24,5
20201019100540,10.77.1.2/24,1
20201019100541,192.168.1.1/24,6
20201019100542,10.20.30.1/16,5
20201019100543,10.77.1.2/24,4
20201019100545,192.168.1.1/24,9
20201019100547,10.77.1.1/24,4
20201019100548,10.77.1.2/24,75
20201019100549,10.77.1.1/24,-
20201019100550,10.77.1.1/24,-
20201019100552,192.168.1.2/24,-
20201019100553,10.20.30.2/16,7
20201019100554,10.77.1.1/24,-
20201019100555,10.77.1.1/24,9
20201019100556,192.168.1.2/24,6
20201019100557,10.77.1.1/24,-
20201019100558,10.20.30.2/16,5
20201019100559,192.168.1.1/24,-
20201019100600,10.77.1.1/24,6
20201019100602,10.20.30.2/16,8
20201019100604,192.168.1.2/24,-
20201019100606,10.20.30.2/16,1
20201019100607,10.77.1.1/24,5
20201019100608,10.20.30.1/16,7
20201019100609,192.168.1.2/24,13
20201019100610,192.168.1.2/24,3
20201019100611,192.168.1.2/24,66
20201019100612,192.168.1.1/24,93
20201019100614,192.168.1.2/24,35
20201019100615,10.77.1.2/24,1
20201019100616,10.77.1.1/24,51
20201019100617,10.20.30.1/16,8
20201019100619,10.77.1.2/24,4
20201019100620,192.168.1.1/24,6
20201019100621,10.20.30.1/16,1
20201019100622,10.77.1.2/24,2
20201019100623,10.20.30.2/16,6
20201019100625,10.77.1.2/24,-
20201019100626,10.77.1.2/24,3
20201019100628,10.20.30.1/16,-
20201019100629,10.20.30.2/16,-
20201019100630,192.168.1.2/24,6
20201019100632,192.168.1.2/24,5
20201019100633,192.168.1.2/24,8
20201019100634,192.168.1.2/24,-
20201019100635,10.20.30.1/16,1
20201019100636,192.168.1.1/24,9
20201019100637,192.168.1.2/24,8
20201019100638,192.168.1.1/24,8
20201019100639,10.20.30.2/16,1
20201019100640,192.168.1.1/24,-
20201019100642,10.77.1.2/24,5
20201019100644,10.77.1.1/24,-
20201019100645,192.168.1.2/24,9
20201019100646,10.20.30.2/16,7
20201019100647,10.20.30.1/16,-
20201019100648,10.77.1.2/24,6
20201019100649,192.168.1.2/24,1
20201019100651,192.168.1.1/24,9
20201019100652,10.77.1.2/24,-
20201019100654,192.168.1.2/24,-
20201019100655,10.77.1.1/24,5
20201019100657,192.168.1.2/24,7
20201019100658,10.20.30.1/16,3
20201019100700,10.77.1.1/24,2
20201019100702,192.168.1.2/24,9
20201019100704,192.168.1.2/24,96
20201019100705,10.20.30.2/16,-
20201019100706,10.77.1.1/24,4
20201019100707,10.20.30.2/16,93
20201019100708,10.20.30.2/16,51
20201019100709,10.20.30.1/16,54
20201019100710,10.20.30.1/16,54
20201019100712,10.77.1.2/24,-
20201019100713,192.168.1.2/24,8
20201019100714,10.20.30.1/16,9
20201019100715,10.77.1.1/24,6
20201019100716,10.20.30.1/16,49
20201019100717,192.168.1.1/24,7
20201019100718,10.20.30.1/16,9
20201019100719,10.77.1.2/24,1
20201019100720,10.20.30.2/16,-
20201019100721,10.20.30.1/16,10
20201019100722,10.77.1.2/24,3
20201019100724,10.20.30.2/16,35
20201019100726,10.77.1.2/24,-
20201019100727,10.20.30.2/16,-
20201019100728,10.20.30.2/16,1
20201019100729,192.168.1.1/24,9
20201019100731,10.77.1.2/24,2
20201019100733,10.77.1.1/24,11
20201019100735,10.20.30.1/16,19
20201019100736,10.20.30.1/16,6
20201019100738,10.20.30.1/16,4
20201019100740,192.168.1.1/24,26
20201019100741,10.20.30.2/16,8
20201019100743,192.168.1.1/24,10
20201019100744,192.168.1.2/24,43
20201019100745,192.168.1.1/24,6
20201019100746,192.168.1.1/24,4
20201019100747,192.168.1.1/24,5
20201019100748,192.168.1.1/24,4
20201019100749,192.168.1.1/24,53
20201019100750,10.20.30.2/16,-
20201019100751,10.77.1.2/24,7
20201019100753,10.20.30.2/16,-
20201019100754,10.77.1.1/24,5
20201019100755,10.20.30.1/16,9
20201019100756,192.168.1.1/24,12
20201019100757,10.77.1.1/24,42
20201019100758,192.168.1.1/24,55
20201019100800,10.77.1.1/24,32
20201019100801,192.168.1.2/24,-
20201019100803,10.20.30.2/16,2
20201019100804,10.77.1.1/24,3
20201019100805,10.77.1.2/24,-
20201019100806,10.20.30.1/16,8
20201019100807,10.77.1.2/24,7
20201019100808,192.168.1.2/24,-
20201019100809,10.77.1.1/24,8
20201019100811,10.77.1.1/24,6
20201019100812,192.168.1.1/24,-
20201019100813,10.20.30.1/16,8
20201019100814,10.20.30.1/16,79
20201019100815,10.20.30.1/16,20
20201019100816,10.77.1.2/24,8
20201019100817,10.77.1.2/24,9
20201019100819,10.20.30.1/16,89
20201019100821,10.20.30.1/16,-
20201019100822,10.77.1.1/24,-
20201019100824,192.168.1.2/24,8
20201019100825,10.77.1.2/24,4
20201019100826,192.168.1.2/24,7
20201019100827,10.77.1.2/24,-
20201019100829,192.168.1.2/24,57
20201019100831,10.77.1.2/24,9
20201019100832,10.77.1.1/24,19
20201019100833,192.168.1.2/24,-
20201019100834,10.77.1.1/24,89
20201019100835,10.77.1.1/24,-
20201019100836,10.20.30.1/16,5
20201019100837,10.77.1.1/24,7
20201019100838,192.168.1.2/24,8
20201019100839,192.168.1.1/24,28
20201019100840,192.168.1.2/24,3
20201019100842,10.77.1.2/24,44
20201019100843,10.20.30.2/16,17
20201019100844,192.168.1.1/24,-
20201019100845,10.77.1.2/24,-
20201019100846,10.20.30.1/16,-
20201019100848,10.77.1.1/24,8
20201019100849,10.77.1.2/24,4
20201019100850,192.168.1.2/24,1
20201019100852,10.20.30.2/16,1
20201019100853,10.20.30.1/16,2
20201019100854,10.20.30.1/16,14
20201019100855,10.20.30.2/16,-
20201019100856,10.77.1.1/24,8
20201019100857,10.77.1.1/24,-
20201019100858,10.20.30.2/16,-
20201019100859,192.168.1.1/24,39
20201019100901,10.20.30.1/16,-
20201019100902,10.77.1.2/24,1
20201019100903,10.77.1.2/24,2
20201019100905,10.77.1.2/24,9
20201019100906,10.20.30.1/16,5
20201019100907,192.168.1.1/24,-
20201019100908,10.77.1.1/24,1
20201019100909,10.77.1.1/24,8
20201019100910,10.20.30.1/16,-
20201019100911,10.20.30.2/16,7
20201019100912,10.20.30.2/16,7
20201019100913,192.168.1.1/24,-
20201019100914,10.77.1.1/24,46
20201019100915,10.77.1.2/24,-
20201019100917,10.20.30.1/16,3
20201019100918,10.20.30.2/16,4
20201019100920,10.77.1.2/24,18
20201019100922,10.77.1.2/24,-
20201019100923,192.168.1.2/24,8
20201019100924,10.20.30.1/16,2
20201019100926,10.20.30.2/16,4
20201019100927,10.20.30.2/16,3
20201019100928,192.168.1.2/24,76
20201019100929,10.20.30.2/16,-
20201019100931,10.20.30.1/16,5
20201019100933,10.77.1.1/24,-
20201019100934,192.168.1.1/24,2
20201019100935,10.77.1.1/24,5
20201019100936,192.168.1.2/24,11
20201019100937,10.20.30.2/16,-
20201019100938,192.168.1.1/24,-
20201019100939,192.168.1.1/24,2
20201019100941,192.168.1.1/24,4
20201019100942,10.77.1.2/24,3
20201019100943,192.168.1.1/24,11
20201019100944,192.168.1.1/24,3
20201019100945,10.20.30.2/16,9
20201019100946,10.77.1.2/24,90
20201019100947,10.77.1.1/24,-
20201019100948,10.77.1.1/24,53
20201019100949,192.168.1.1/24,-
20201019100951,192.168.1.1/24,-
20201019100952,192.168.1.2/24,7
20201019100954,10.20.30.1/16,25
20201019100956,10.20.30.1/16,19
20201019100957,10.20.30.2/16,-
20201019100958,10.20.30.1/16,5
20201019100959,10.20.30.1/16,-
20201019101001,192.168.1.1/24,41
20201019101002,10.20.30.2/16,4
20201019101003,192.168.1.1/24,12
20201019101004,10.77.1.1/24,7
20201019101006,192.168.1.1/24,3
20201019101007,10.20.30.1/16,39
20201019101009,10.20.30.1/16,3
20201019101010,10.77.1.2/24,55
20201019101011,192.168.1.1/24,-
20201019101012,192.168.1.1/24,86
20201019101013,10.77.1.2/24,79
20201019101015,10.77.1.2/24,-
20201019101017,192.168.1.2/24,2
20201019101018,10.77.1.1/24,8
20201019101019,10.20.30.2/16,-
20201019101020,10.77.1.2/24,84
20201019101021,192.168.1.1/24,8
20201019101022,192.168.1.1/24,-
20201019101023,10.20.30.1/16,32
20201019101024,10.77.1.2/24,-
20201019101025,10.77.1.2/24,22
20201019101026,10.20.30.2/16,18
20201019101028,192.168.1.1/24,5
20201019101030,10.77.1.2/24,-
20201019101031,192.168.1.2/24,6
20201019101033,10.20.30.2/16,71
20201019101034,192.168.1.2/24,-
20201019101035,192.168.1.1/24,1
20201019101036,192.168.1.2/24,-
20201019101037,10.20.30.2/16,61
20201019101038,192.168.1.2/24,5
20201019101039,10.20.30.2/16,71
20201019101040,10.77.1.2/24,1
20201019101041,10.77.1.1/24,8
20201019101042,10.77.1.2/24,93
20201019101043,192.168.1.2/24,-
20201019101045,192.168.1.2/24,60
20201019101046,10.20.30.1/16,2
20201019101047,10.20.30.1/16,15
20201019101049,192.168.1.1/24,2
20201019101050,192.168.1.1/24,8
20201019101051,192.168.1.1/24,5
20201019101052,10.20.30.1/16,9
20201019101053,192.168.1.1/24,-
20201019101055,10.20.30.2/16,7
20201019101056,10.20.30.1/16,8
20201019101058,192.168.1.2/24,8
20201019101059,10.20.30.1/16,5
20201019101100,10.77.1.1/24,-
20201019101101,192.168.1.1/24,73
20201019101102,10.77.1.1/24,7
20201019101104,192.168.1.1/24,46
20201019101106,10.20.30.1/16,25
20201019101107,10.20.30.2/16,31
20201019101108,192.168.1.1/24,36
20201019101109,10.20.30.2/16,3
20201019101110,10.77.1.1/24,4
20201019101111,192.168.1.2/24,13
20201019101112,192.168.1.2/24,-
20201019101114,192.168.1.2/24,7
20201019101116,192.168.1.1/24,80
20201019101117,10.20.30.1/16,3
20201019101118,10.20.30.2/16,64
20201019101120,10.20.30.2/16,10
20201019101121,192.168.1.2/24,-
20201019101122,10.77.1.1/24,3
20201019101123,10.77.1.1/24,4
20201019101124,10.20.30.1/16,3
20201019101125,10.77.1.2/24,2
20201019101127,10.20.30.2/16,7
20201019101129,10.77.1.1/24,-
20201019101131,10.77.1.1/24,7
20201019101132,192.168.1.2/24,3
20201019101133,192.168.1.2/24,7
20201019101134,10.77.1.1/24,-
20201019101135,192.168.1.2/24,63
20201019101136,192.168.1.2/24,-
20201019101137,10.20.30.1/16,-
20201019101138,10.20.30.2/16,94
20201019101139,10.20.30.2/16,18
20201019101140,10.20.30.2/16,5
20201019101141,10.20.30.2/16,14
20201019101142,10.20.30.2/16,76
20201019101143,10.20.30.1/16,9
20201019101144,10.20.30.2/16,4
20201019101146,10.20.30.2/16,-
20201019101147,192.168.1.2/24,2
20201019101148,192.168.1.2/24,49
20201019101149,192.168.1.1/24,3
20201019101150,192.168.1.1/24,35
20201019101151,10.20.30.2/16,9
20201019101152,192.168.1.1/24,9
20201019101153,10.20.30.1/16,18
20201019101154,10.20.30.1/16,-
20201019101155,192.168.1.1/24,27
20201019101157,192.168.1.1/24,96
20201019101159,10.77.1.2/24,1
20201019101200,192.168.1.2/24,5
20201019101201,192.168.1.1/24,-
20201019101203,10.20.30.2/16,-
20201019101204,10.20.30.1/16,16
20201019101205,10.20.30.1/16,-
20201019101206,192.168.1.2/24,1
20201019101207,10.77.1.1/24,5
20201019101208,192.168.1.1/24,-
20201019101209,192.168.1.2/24,2
20201019101210,10.77.1.1/24,7
20201019101211,10.20.30.1/16,9
20201019101213,10.77.1.2/24,75
20201019101214,10.77.1.2/24,-
20201019101215,10.77.1.2/24,4
20201019101216,192.168.1.1/24,4
20201019101218,10.77.1.1/24,8
20201019101219,192.168.1.1/24,8
20201019101220,10.77.1.1/24,26
20201019101221,10.20.30.1/16,99
20201019101222,10.77.1.1/24,34
20201019101223,10.77.1.1/24,1
20201019101225,192.168.1.1/24,6
20201019101227,10.77.1.2/24,6
20201019101229,192.168.1.1/24,12
20201019101230,10.20.30.1/16,64
20201019101231,10.77.1.2/24,4
20201019101232,10.77.1.1/24,18
20201019101233,192.168.1.1/24,5
20201019101234,10.77.1.2/24,13
20201019101236,10.20.30.2/16,2
20201019101237,10.20.30.1/16,47
20201019101239,10.77.1.2/24,-
20201019101240,10.77.1.2/24,3
20201019101241,10.20.30.2/16,13
20201019101243,192.168.1.2/24,8
20201019101244,10.20.30.1/16,33
20201019101245,10.20.30.2/16,1
20201019101246,192.168.1.1/24,6
20201019101247,192.168.1.2/24,8
20201019101249,192.168.1.1/24,74
20201019101250,192.168.1.2/24,34
20201019101252,192.168.1.1/24,4
20201019101253,10.20.30.1/16,6
20201019101255,192.168.1.1/24,-
20201019101256,10.20.30.2/16,-
20201019101258,10.20.30.1/16,58
20201019101259,192.168.1.1/24,-
20201019101300,192.168.1.2/24,48
20201019101301,192.168.1.2/24,-
20201019101302,10.77.1.1/24,8
20201019101303,10.77.1.2/24,9
20201019101304,192.168.1.2/24,-
20201019101306,10.77.1.2/24,-
20201019101307,10.20.30.2/16,45
20201019101308,10.77.1.2/24,3
20201019101309,10.77.1.2/24,-
20201019101310,10.20.30.1/16,7
20201019101311,10.20.30.1/16,90
20201019101312,10.77.1.2/24,-
20201019101313,192.168.1.1/24,-
20201019101314,10.20.30.2/16,2
20201019101316,10.77.1.2/24,29
20201019101317,192.168.1.2/24,7
20201019101318,10.20.30.2/16,53
20201019101319,10.20.30.1/16,-
20201019101320,192.168.1.2/24,5
20201019101321,192.168.1.1/24,84
20201019101322,10.20.30.2/16,-
20201019101323,10.77.1.1/24,-
20201019101324,192.168.1.2/24,9
20201019101325,192.168.1.2/24,8
20201019101326,10.77.1.2/24,9
20201019101327,10.20.30.1/16,9
20201019101328,10.77.1.1/24,1
20201019101330,10.20.30.1/16,72
20201019101331,10.20.30.1/16,18
20201019101332,10.20.30.1/16,2
20201019101333,192.168.1.2/24,-
20201019101335,10.77.1.2/24,-
20201019101337,10.20.30.1/16,1
20201019101338,10.20.30.1/16,5
20201019101339,10.20.30.2/16,8
20201019101340,10.77.1.2/24,-
20201019101342,10.20.30.2/16,9
20201019101343,192.168.1.2/24,-
20201019101345,10.20.30.1/16,30
20201019101347,192.168.1.1/24,2
20201019101349,10.77.1.1/24,1
20201019101350,10.77.1.2/24,-
20201019101351,10.77.1.1/24,1
20201019101353,192.168.1.1/24,54
20201019101354,192.168.1.2/24,-
20201019101355,10.20.30.2/16,53
20201019101356,10.20.30.1/16,2
20201019101357,192.168.1.2/24,8
20201019101358,10.77.1.2/24,9
20201019101359,10.20.30.2/16,-
20201019101400,192.168.1.2/24,1
20201019101401,192.168.1.1/24,-
20201019101402,10.20.30.1/16,-
20201019101403,10.20.30.2/16,1
20201019101405,10.20.30.2/16,9
20201019101407,192.168.1.2/24,-
20201019101408,10.20.30.1/16,1
20201019101409,192.168.1.2/24,5
20201019101410,10.20.30.1/16,77
20201019101412,192.168.1.2/24,4
20201019101413,192.168.1.1/24,-
20201019101414,192.168.1.1/24,3
20201019101415,192.168.1.2/24,1
20201019101416,192.168.1.1/24,4
20201019101417,192.168.1.2/24,-
20201019101419,192.168.1.1/24,-
20201019101420,192.168.1.1/24,6
20201019101421,10.77.1.1/24,23
20201019101422,10.77.1.1/24,1
20201019101423,192.168.1.2/24,6
20201019101424,10.20.30.1/16,14
20201019101425,10.20.30.1/16,10
20201019101426,10.20.30.1/16,-
20201019101428,192.168.1.1/24,10
20201019101430,192.168.1.1/24,-
20201019101431,192.168.1.1/24,2
20201019101432,192.168.1.2/24,3
20201019101433,10.77.1.1/24,8
20201019101434,10.77.1.2/24,-
20201019101435,192.168.1.2/24,2
20201019101436,192.168.1.1/24,4
20201019101437,10.20.30.1/16,-
20201019101438,192.168.1.1/24,12
20201019101439,192.168.1.1/24,1
20201019101440,10.20.30.1/16,-
20201019101441,192.168.1.1/24,-
20201019101442,192.168.1.1/24,38
20201019101443,10.20.30.2/16,-
20201019101444,192.168.1.2/24,45
20201019101445,192.168.1.2/24,6
20201019101447,10.77.1.1/24,6
20201019101448,10.20.30.1/16,-
20201019101449,10.77.1.2/24,8
20201019101450,10.77.1.1/24,18
20201019101451,192.168.1.1/24,13
20201019101452,10.77.1.1/24,9
20201019101453,192.168.1.1/24,-
20201019101454,10.77.1.1/24,9
20201019101455,192.168.1.2/24,7
20201019101456,192.168.1.1/24,8
20201019101458,10.77.1.2/24,-
20201019101500,192.168.1.1/24,5
20201019101502,10.20.30.1/16,41
20201019101503,10.20.30.1/16,3
20201019101504,10.77.1.1/24,3
20201019101505,10.20.30.2/16,4
20201019101506,10.77.1.1/24,1
20201019101507,10.20.30.2/16,66
20201019101508,192.168.1.2/24,9
20201019101509,10.20.30.2/16,9
20201019101511,192.168.1.2/24,7
20201019101512,192.168.1.1/24,-
20201019101513,192.168.1.2/24,3
20201019101514,10.20.30.2/16,36
20201019101515,10.77.1.1/24,9
20201019101517,10.77.1.2/24,2
20201019101519,192.168.1.1/24,1
20201019101521,10.20.30.2/16,-
20201019101522,192.168.1.1/24,33
20201019101523,192.168.1.2/24,4
20201019101525,192.168.1.1/24,7
20201019101527,10.77.1.2/24,77
20201019101529,10.20.30.2/16,9
20201019101530,10.20.30.1/16,70
20201019101532,10.20.30.2/16,1
20201019101533,10.20.30.1/16,9
20201019101534,192.168.1.1/24,-
20201019101536,192.168.1.2/24,-
20201019101537,192.168.1.1/24,8
20201019101538,192.168.1.2/24,67
20201019101540,10.77.1.1/24,9
20201019101541,192.168.1.1/24,46
20201019101542,10.20.30.2/16,37
20201019101543,192.168.1.1/24,16
20201019101544,10.20.30.1/16,-
20201019101545,192.168.1.1/24,82
20201019101546,10.20.30.1/16,-
20201019101547,10.77.1.2/24,44
20201019101548,10.20.30.2/16,62
20201019101549,10.77.1.1/24,2
20201019101550,10.20.30.2/16,-
20201019101551,10.20.30.1/16,-
20201019101552,10.77.1.2/24,-
20201019101553,192.168.1.2/24,35
20201019101554,10.77.1.2/24,7
20201019101555,10.77.1.1/24,11
20201019101556,192.168.1.2/24,6
20201019101557,192.168.1.1/24,4
20201019101558,192.168.1.2/24,-
20201019101559,192.168.1.1/24,9
20201019101600,192.168.1.2/24,9
20201019101601,10.20.30.2/16,2
20201019101602,10.77.1.2/24,20
20201019101604,10.20.30.1/16,9
20201019101605,10.77.1.2/24,-
20201019101606,10.77.1.1/24,77
20201019101607,192.168.1.2/24,-
20201019101609,10.77.1.1/24,1
20201019101610,10.77.1.2/24,11
20201019101611,10.77.1.2/24,67
20201019101612,192.168.1.2/24,-
20201019101613,192.168.1.1/24,1
20201019101615,192.168.1.1/24,-
20201019101616,10.20.30.1/16,2
20201019101617,10.77.1.1/24,-
20201019101618,192.168.1.1/24,53
20201019101619,10.77.1.2/24,-
20201019101620,10.77.1.2/24,-
20201019101621,10.77.1.1/24,1
20201019101622,10.77.1.1/24,78
20201019101623,10.77.1.1/24,50
20201019101624,192.168.1.1/24,8
20201019101625,192.168.1.2/24,20
20201019101626,10.20.30.2/16,-
20201019101627,10.77.1.2/24,5
20201019101628,10.20.30.1/16,9
20201019101630,192.168.1.2/24,16
20201019101631,192.168.1.1/24,6
20201019101632,10.20.30.2/16,-
20201019101633,192.168.1.1/24,3
20201019101634,10.77.1.1/24,47
20201019101635,10.77.1.2/24,7
20201019101636,192.168.1.1/24,4
20201019101638,10.77.1.2/24,3
20201019101639,10.20.30.2/16,38
20201019101640,10.77.1.2/24,3
20201019101641,10.20.30.2/16,-
20201019101643,10.20.30.1/16,4
20201019101644,192.168.1.2/24,44
20201019101645,192.168.1.2/24,6
20201019101646,10.77.1.2/24,4
20201019101648,10.20.30.1/16,9
20201019101649,10.20.30.1/16,60
20201019101651,192.168.1.2/24,-
20201019101652,10.20.30.1/16,-
20201019101653,192.168.1.1/24,6
20201019101654,192.168.1.1/24,2
20201019101655,10.20.30.2/16,-
20201019101656,10.77.1.1/24,5
20201019101658,10.20.30.1/16,5
20201019101700,10.77.1.2/24,68
20201019101701,192.168.1.1/24,9
20201019101703,10.77.1.1/24,9
20201019101704,10.77.1.2/24,63
20201019101705,192.168.1.2/24,1
20201019101707,192.168.1.1/24,-
20201019101708,10.20.30.1/16,4
20201019101709,192.168.1.1/24,-
20201019101711,192.168.1.1/24,2
20201019101713,10.20.30.1/16,91
20201019101714,192.168.1.1/24,52
20201019101715,10.77.1.1/24,6
20201019101716,192.168.1.1/24,8
20201019101718,10.77.1.1/24,-
20201019101719,10.77.1.2/24,1
20201019101720,192.168.1.1/24,59
20201019101721,10.20.30.2/16,-
20201019101722,10.77.1.2/24,3
20201019101724,10.77.1.2/24,-
20201019101726,192.168.1.2/24,7
20201019101728,192.168.1.1/24,-
20201019101730,10.77.1.1/24,9
20201019101731,10.77.1.1/24,12
20201019101732,10.77.1.2/24,-
20201019101733,10.20.30.1/16,-
20201019101734,192.168.1.2/24,6
20201019101735,192.168.1.2/24,4
20201019101736,192.168.1.2/24,17
20201019101737,10.20.30.1/16,-
20201019101739,10.77.1.1/24,-
20201019101740,10.20.30.1/16,42
20201019101741,10.20.30.2/16,-
20201019101743,10.20.30.2/16,3
20201019101744,10.20.30.2/16,-
20201019101746,192.168.1.2/24,9
20201019101747,10.77.1.2/24,32
20201019101748,10.20.30.1/16,8
20201019101749,10.77.1.1/24,10
20201019101750,10.20.30.2/16,1
20201019101752,10.77.1.2/24,6
20201019101753,10.77.1.1/24,-
20201019101754,10.77.1.1/24,49
20201019101756,10.20.30.1/16,58
20201019101757,10.20.30.2/16,86
20201019101758,10.77.1.1/24,-
20201019101759,10.20.30.1/16,29
20201019101801,10.20.30.1/16,-
20201019101802,10.20.30.2/16,-
20201019101803,10.77.1.2/24,9
20201019101804,10.77.1.2/24,1
20201019101806,192.168.1.2/24,5
20201019101807,10.77.1.1/24,15
20201019101808,192.168.1.2/24,1
20201019101809,10.77.1.1/24,-
20201019101810,192.168.1.1/24,-
20201019101811,192.168.1.2/24,92
20201019101812,10.77.1.2/24,2
20201019101813,10.20.30.1/16,-
20201019101814,10.20.30.2/16,2
20201019101816,10.20.30.1/16,-
20201019101817,10.77.1.2/24,3
20201019101819,192.168.1.2/24,3
20201019101820,192.168.1.1/24,-
20201019101821,10.20.30.1/16,1
20201019101822,192.168.1.2/24,19
20201019101823,10.20.30.1/16,15
20201019101825,10.77.1.2/24,71
20201019101826,10.20.30.2/16,3
20201019101827,10.20.30.2/16,8
20201019101828,192.168.1.1/24,8
20201019101829,10.77.1.1/24,9
20201019101830,10.20.30.1/16,4
20201019101831,192.168.1.1/24,87
20201019101833,10.20.30.2/16,-
20201019101834,10.77.1.1/24,-
20201019101835,10.20.30.2/16,7
20201019101837,10.77.1.1/24,89
20201019101838,192.168.1.1/24,3
20201019101839,10.77.1.1/24,-
20201019101840,10.20.30.1/16,3
20201019101842,10.77.1.2/24,4
20201019101843,10.77.1.1/24,8
20201019101844,10.20.30.2/16,15
20201019101846,10.77.1.1/24,-
20201019101848,10.77.1.1/24,4
20201019101849,10.77.1.2/24,3
20201019101851,192.168.1.2/24,5
20201019101852,10.77.1.2/24,-
20201019101853,10.77.1.1/24,-
20201019101855,192.168.1.2/24,7
20201019101856,10.20.30.2/16,1
20201019101857,192.168.1.2/24,50
20201019101858,10.77.1.1/24,8
20201019101859,10.20.30.1/16,-
20201019101901,10.20.30.2/16,7
20201019101902,10.20.30.1/16,-
20201019101903,10.20.30.2/16,8
20201019101905,10.77.1.1/24,7
20201019101906,10.20.30.1/16,6
20201019101907,10.77.1.1/24,2
20201019101908,10.20.30.1/16,1
20201019101909,10.20.30.2/16,7
20201019101910,10.20.30.2/16,4
20201019101911,10.20.30.2/16,-
20201019101912,10.20.30.1/16,7
20201019101913,10.20.30.1/16,7
20201019101914,10.20.30.1/16,6
20201019101915,192.168.1.2/24,-
20201019101916,192.168.1.1/24,4
20201019101918,10.77.1.1/24,7
20201019101919,10.77.1.2/24,3
20201019101921,192.168.1.2/24,82
20201019101922,10.20.30.1/16,-
20201019101924,10.20.30.1/16,2
20201019101925,192.168.1.2/24,79
20201019101926,192.168.1.1/24,7
20201019101927,192.168.1.1/24,3
20201019101929,10.77.1.1/24,4
20201019101930,10.20.30.2/16,5
20201019101932,192.168.1.1/24,21
20201019101933,10.77.1.1/24,9
20201019101934,10.20.30.2/16,2
20201019101935,10.77.1.1/24,8
20201019101936,10.77.1.1/24,11
20201019101938,10.20.30.1/16,10
20201019101939,10.77.1.2/24,7
20201019101941,192.168.1.1/24,89
20201019101943,10.20.30.1/16,3
20201019101944,10.20.30.1/16,-
20201019101945,192.168.1.2/24,3
20201019101946,10.20.30.1/16,8
20201019101947,10.20.30.2/16,-
20201019101948,10.77.1.2/24,5
20201019101949,192.168.1.2/24,3
20201019101950,10.77.1.1/24,14
20201019101951,192.168.1.1/24,8
20201019101952,192.168.1.2/24,1
20201019101953,10.20.30.1/16,-
20201019101955,10.20.30.2/16,7
20201019101956,10.77.1.2/24,7
20201019101958,10.77.1.1/24,4
20201019101959,10.77.1.2/24,7
20201019102001,192.168.1.2/24,4
20201019102003,10.77.1.1/24,34
20201019102004,192.168.1.1/24,66
20201019102006,10.77.1.2/24,3
20201019102007,10.20.30.2/16,37
20201019102008,192.168.1.2/24,4
20201019102010,192.168.1.2/24,-
20201019102011,10.20.30.1/16,10
20201019102012,192.168.1.1/24,6
20201019102013,10.20.30.2/16,6
20201019102014,10.20.30.1/16,40
20201019102015,192.168.1.1/24,52
20201019102016,192.168.1.2/24,9
20201019102018,10.77.1.2/24,9
20201019102019,10.77.1.2/24,5
20201019102020,10.20.30.2/16,2
20201019102021,10.20.30.1/16,-
20201019102022,10.20.30.1/16,-
20201019102023,10.77.1.1/24,8
20201019102024,192.168.1.1/24,-
20201019102025,192.168.1.1/24,4
20201019102026,10.77.1.1/24,-
20201019102027,10.20.30.1/16,8
20201019102028,10.20.30.1/16,45
20201019102029,10.20.30.1/16,5
20201019102030,192.168.1.2/24,8
20201019102031,192.168.1.1/24,13
20201019102032,10.77.1.2/24,9
20201019102033,10.77.1.1/24,1
20201019102035,192.168.1.1/24,9
20201019102037,10.77.1.1/24,72
20201019102038,10.77.1.1/24,4
20201019102040,10.20.30.1/16,80
20201019102042,10.20.30.1/16,-
20201019102043,10.77.1.1/24,8
20201019102045,192.168.1.2/24,3
20201019102046,10.20.30.2/16,42
20201019102047,192.168.1.2/24,-
20201019102049,10.77.1.1/24,4
20201019102050,10.77.1.2/24,20
20201019102051,10.77.1.2/24,-
20201019102052,10.77.1.2/24,5
20201019102053,10.77.1.1/24,5
20201019102054,10.20.30.1/16,87
20201019102055,192.168.1.1/24,8
20201019102056,192.168.1.1/24,-
20201019102057,10.20.30.1/16,8
20201019102058,192.168.1.2/24,-
20201019102059,10.20.30.2/16,9
20201019102100,192.168.1.1/24,9
20201019102101,192.168.1.1/24,8
20201019102103,192.168.1.2/24,9
20201019102104,10.77.1.2/24,9
20201019102105,10.20.30.1/16,5
20201019102106,192.168.1.1/24,8
20201019102107,10.20.30.2/16,6
20201019102108,10.77.1.1/24,41
20201019102109,10.20.30.2/16,-
20201019102110,192.168.1.1/24,7
20201019102111,10.77.1.2/24,7
20201019102112,192.168.1.2/24,1
20201019102114,192.168.1.1/24,-
20201019102115,10.77.1.1/24,18
20201019102116,192.168.1.1/24,5
20201019102117,10.77.1.1/24,-
20201019102118,10.20.30.1/16,8
20201019102119,192.168.1.1/24,-
20201019102120,10.77.1.1/24,-
20201019102121,10.20.30.2/16,2
20201019102122,192.168.1.2/24,-
20201019102123,192.168.1.2/24,-
20201019102125,10.77.1.1/24,8
20201019102127,10.20.30.2/16,1
20201019102128,10.77.1.1/24,94
20201019102130,192.168.1.1/24,7
20201019102131,10.77.1.2/24,14
20201019102133,10.20.30.2/16,-
20201019102135,10.20.30.2/16,3
20201019102136,10.20.30.1/16,6
20201019102137,10.77.1.2/24,8
20201019102138,10.20.30.1/16,19
20201019102139,10.20.30.2/16,1
20201019102140,192.168.1.2/24,62
20201019102141,10.20.30.2/16,3
20201019102143,10.20.30.1/16,-
20201019102144,10.77.1.2/24,-
20201019102145,192.168.1.2/24,4
20201019102146,10.20.30.2/16,29
20201019102147,10.20.30.2/16,85
20201019102148,192.168.1.1/24,85
20201019102149,192.168.1.2/24,4
20201019102150,10.77.1.2/24,9
20201019102151,10.20.30.2/16,-
20201019102153,192.168.1.1/24,-
20201019102154,10.20.30.1/16,2
20201019102155,10.77.1.1/24,12
20201019102157,10.77.1.2/24,-
20201019102158,10.20.30.2/16,74
20201019102159,10.20.30.2/16,1
20201019102200,192.168.1.2/24,1
20201019102201,192.168.1.2/24,7
20201019102202,10.20.30.2/16,20
20201019102203,10.77.1.1/24,-
20201019102204,10.20.30.2/16,8
20201019102206,10.20.30.1/16,11
20201019102208,192.168.1.2/24,-
20201019102209,10.77.1.1/24,1
20201019102211,10.77.1.2/24,-
20201019102212,10.77.1.1/24,2
20201019102213,10.77.1.2/24,4
20201019102215,10.77.1.1/24,-
20201019102216,192.168.1.1/24,3
20201019102217,10.77.1.1/24,4
20201019102218,10.77.1.1/24,7
20201019102219,192.168.1.2/24,6
20201019102220,10.20.30.1/16,27
20201019102221,10.20.30.2/16,3
20201019102223,10.77.1.1/24,-
20201019102224,10.77.1.2/24,7
20201019102225,10.77.1.1/24,-
20201019102226,10.20.30.1/16,9
20201019102227,192.168.1.1/24,9
20201019102229,192.168.1.2/24,42
20201019102230,10.77.1.1/24,3
20201019102231,192.168.1.1/24,68
20201019102233,10.77.1.1/24,1
20201019102234,192.168.1.2/24,-
20201019102235,10.77.1.1/24,5
20201019102236,192.168.1.1/24,-
20201019102237,10.20.30.1/16,11
20201019102238,10.20.30.1/16,5
20201019102239,192.168.1.2/24,-
20201019102240,10.20.30.2/16,4
20201019102242,192.168.1.1/24,-
20201019102243,10.77.1.1/24,5
20201019102245,192.168.1.1/24,5
20201019102247,10.20.30.1/16,3
20201019102248,192.168.1.2/24,9
20201019102249,10.77.1.2/24,2
20201019102250,192.168.1.1/24,-
20201019102251,10.20.30.1/16,9
20201019102252,10.20.30.2/16,1
20201019102253,192.168.1.2/24,-
20201019102254,10.20.30.2/16,-
20201019102255,192.168.1.1/24,-
20201019102256,10.20.30.1/16,-
20201019102257,192.168.1.2/24,-
20201019102258,192.168.1.2/24,8
20201019102259,10.20.30.2/16,9
20201019102300,10.77.1.1/24,26
20201019102302,10.20.30.2/16,2
20201019102303,192.168.1.2/24,3
20201019102305,10.77.1.2/24,9
20201019102307,10.20.30.1/16,95
20201019102308,192.168.1.1/24,27
20201019102309,10.20.30.1/16,-
20201019102310,10.77.1.2/24,5
20201019102311,192.168.1.1/24,11
20201019102312,10.20.30.2/16,-
20201019102313,10.20.30.1/16,-
20201019102315,192.168.1.1/24,-
20201019102317,192.168.1.2/24,10
20201019102318,10.20.30.2/16,63
20201019102319,192.168.1.1/24,4
20201019102321,10.20.30.2/16,9
20201019102323,10.77.1.2/24,78
20201019102324,192.168.1.1/24,-
20201019102325,10.20.30.2/16,9
20201019102326,10.20.30.1/16,3
20201019102328,192.168.1.1/24,8
20201019102329,10.20.30.1/16,2
20201019102330,10.20.30.1/16,5
20201019102331,10.20.30.2/16,8
20201019102332,10.77.1.2/24,1
20201019102334,192.168.1.1/24,70
20201019102336,10.20.30.1/16,-
20201019102337,10.77.1.1/24,8
20201019102338,10.77.1.1/24,7
20201019102339,10.77.1.2/24,10
20201019102341,10.77.1.2/24,5
20201019102342,192.168.1.1/24,20
20201019102343,10.77.1.2/24,9
20201019102344,192.168.1.1/24,2
20201019102346,192.168.1.2/24,-
20201019102347,10.20.30.2/16,-
20201019102348,10.77.1.1/24,-
20201019102349,10.77.1.2/24,7
20201019102350,10.77.1.1/24,-
20201019102351,192.168.1.2/24,4
20201019102353,10.20.30.1/16,2
20201019102354,10.20.30.2/16,8
20201019102356,10.77.1.1/24,9
20201019102357,10.77.1.2/24,-
20201019102358,192.168.1.2/24,-
20201019102400,10.77.1.1/24,89
20201019102401,192.168.1.2/24,57
20201019102402,10.77.1.1/24,9
20201019102403,10.77.1.2/24,9
20201019102404,10.20.30.2/16,64
20201019102405,192.168.1.2/24,7
20201019102406,10.77.1.1/24,-
20201019102408,10.20.30.1/16,5
20201019102409,192.168.1.2/24,31
20201019102410,10.77.1.2/24,1
20201019102411,192.168.1.1/24,8
20201019102413,10.77.1.1/24,44
20201019102414,10.77.1.2/24,7
20201019102415,192.168.1.2/24,67
20201019102416,10.20.30.2/16,8
20201019102418,10.20.30.1/16,64
20201019102419,192.168.1.1/24,-
20201019102420,10.77.1.1/24,20
20201019102421,192.168.1.2/24,87
20201019102422,10.77.1.2/24,-
20201019102423,10.77.1.1/24,5
20201019102424,10.20.30.1/16,8
20201019102426,10.20.30.2/16,-
20201019102428,10.20.30.2/16,4
20201019102429,192.168.1.2/24,53
20201019102430,10.20.30.1/16,8
20201019102432,10.20.30.1/16,23
20201019102433,192.168.1.2/24,62
20201019102434,192.168.1.1/24,31
20201019102436,10.77.1.1/24,3
20201019102437,192.168.1.1/24,-
20201019102438,192.168.1.1/24,6
20201019102439,10.20.30.2/16,79
20201019102441,10.20.30.1/16,2
20201019102442,10.77.1.2/24,3
20201019102443,192.168.1.1/24,3
20201019102444,10.77.1.1/24,4
20201019102445,10.77.1.2/24,-
20201019102446,10.77.1.1/24,27
20201019102447,10.20.30.1/16,87
20201019102449,192.168.1.2/24,-
20201019102450,10.77.1.1/24,3
20201019102451,10.20.30.2/16,29
20201019102452,10.20.30.2/16,2
20201019102454,10.77.1.2/24,5
20201019102456,192.168.1.2/24,48
20201019102457,10.20.30.2/16,-
20201019102458,10.77.1.1/24,-
20201019102459,192.168.1.2/24,-
20201019102501,10.20.30.2/16,-
20201019102503,10.77.1.1/24,2
20201019102504,10.20.30.1/16,-
20201019102505,192.168.1.2/24,-
20201019102507,10.20.30.2/16,-
20201019102509,10.20.30.1/16,-
20201019102511,10.20.30.1/16,31
20201019102512,10.77.1.2/24,-
20201019102514,192.168.1.2/24,44
20201019102515,10.77.1.1/24,9
20201019102516,192.168.1.1/24,4
20201019102518,10.77.1.2/24,4
20201019102519,192.168.1.2/24,73
20201019102520,10.77.1.1/24,3
20201019102521,192.168.1.1/24,2
20201019102522,192.168.1.2/24,48
20201019102524,10.20.30.2/16,30
20201019102525,10.20.30.2/16,18
20201019102526,10.20.30.2/16,3
20201019102527,10.20.30.2/16,7
20201019102528,10.20.30.1/16,82
20201019102529,10.20.30.1/16,-
20201019102531,10.20.30.2/16,7
20201019102532,10.77.1.2/24,-
20201019102533,10.77.1.2/24,2
20201019102534,192.168.1.1/24,9
20201019102536,192.168.1.1/24,1
20201019102537,192.168.1.2/24,4
20201019102539,192.168.1.2/24,-
20201019102540,192.168.1.1/24,5
20201019102541,192.168.1.1/24,9
20201019102543,192.168.1.2/24,77
20201019102544,10.20.30.2/16,-
20201019102545,10.20.30.1/16,-
20201019102546,10.77.1.2/24,-
20201019102548,10.77.1.1/24,1
20201019102549,10.77.1.1/24,9
20201019102550,192.168.1.2/24,4
20201019102551,192.168.1.2/24,-
20201019102552,192.168.1.1/24,17
20201019102553,10.20.30.2/16,12
20201019102554,192.168.1.1/24,3
20201019102556,10.77.1.1/24,-
20201019102558,10.20.30.1/16,7
20201019102559,10.77.1.1/24,-
20201019102600,10.20.30.1/16,7
20201019102601,10.77.1.1/24,2
20201019102602,192.168.1.1/24,9
20201019102603,10.20.30.2/16,1
20201019102604,192.168.1.1/24,-
20201019102605,192.168.1.2/24,6
20201019102606,192.168.1.2/24,-
20201019102608,192.168.1.1/24,7
20201019102609,10.20.30.2/16,34
20201019102610,192.168.1.2/24,19
20201019102611,10.20.30.1/16,5
20201019102612,10.77.1.1/24,5
20201019102614,10.20.30.2/16,73
20201019102615,10.20.30.2/16,-
20201019102616,10.20.30.1/16,3
20201019102617,10.77.1.1/24,80
20201019102619,10.20.30.1/16,-
20201019102621,192.168.1.2/24,5
20201019102623,10.77.1.2/24,-
20201019102624,10.77.1.2/24,98
20201019102625,10.77.1.1/24,4
20201019102626,10.20.30.2/16,76
20201019102627,10.77.1.1/24,16
20201019102628,10.77.1.1/24,-
20201019102629,10.77.1.1/24,9
20201019102630,10.20.30.2/16,-
20201019102632,192.168.1.1/24,5
20201019102633,10.77.1.1/24,17
20201019102634,10.77.1.1/24,4
20201019102635,10.77.1.1/24,25
20201019102636,10.77.1.2/24,6
20201019102637,10.77.1.2/24,19
20201019102638,10.20.30.2/16,7
20201019102640,10.77.1.2/24,1
20201019102642,192.168.1.1/24,9
20201019102643,10.20.30.2/16,4
20201019102644,192.168.1.1/24,-
20201019102645,10.77.1.1/24,-
20201019102646,192.168.1.1/24,89
20201019102647,10.20.30.1/16,47
20201019102649,10.20.30.2/16,34
20201019102650,192.168.1.2/24,3
20201019102651,10.77.1.1/24,9
20201019102652,10.77.1.1/24,9
20201019102654,10.77.1.1/24,30
20201019102655,10.20.30.1/16,-
20201019102656,10.20.30.2/16,3
20201019102657,192.168.1.1/24,8
20201019102658,10.20.30.2/16,-
20201019102659,10.20.30.1/16,8
20201019102701,10.77.1.1/24,1
20201019102703,192.168.1.2/24,8
20201019102704,10.77.1.2/24,-
20201019102706,10.20.30.2/16,2
20201019102707,10.77.1.2/24,1
20201019102708,192.168.1.1/24,67
20201019102709,192.168.1.2/24,1
20201019102710,10.77.1.2/24,2
20201019102711,192.168.1.2/24,8
20201019102712,10.77.1.1/24,6
20201019102713,10.20.30.2/16,97
20201019102714,192.168.1.1/24,8
20201019102715,10.20.30.1/16,3
20201019102717,10.20.30.2/16,1
20201019102719,10.20.30.2/16,7
20201019102720,192.168.1.1/24,28
20201019102722,10.20.30.2/16,9
20201019102724,10.77.1.2/24,-
20201019102725,10.77.1.2/24,4
20201019102726,192.168.1.1/24,3
20201019102727,10.77.1.2/24,9
20201019102729,10.20.30.2/16,-
20201019102731,10.77.1.2/24,8
20201019102732,192.168.1.2/24,6
20201019102733,192.168.1.1/24,4
20201019102734,10.77.1.1/24,15
20201019102735,10.20.30.2/16,1
20201019102736,192.168.1.2/24,-
20201019102737,10.77.1.1/24,11
20201019102739,192.168.1.2/24,6
20201019102740,10.77.1.2/24,9
20201019102741,10.77.1.2/24,-
20201019102742,10.77.1.1/24,1
20201019102743,10.20.30.2/16,2
20201019102744,10.77.1.1/24,9
20201019102745,10.20.30.2/16,-
20201019102747,10.77.1.1/24,1
20201019102748,10.77.1.1/24,70
20201019102749,192.168.1.2/24,-
20201019102750,192.168.1.2/24,74
20201019102752,10.20.30.2/16,-
20201019102753,10.20.30.1/16,10
20201019102755,10.77.1.1/24,-
20201019102756,10.77.1.1/24,10
20201019102757,192.168.1.1/24,-
20201019102758,10.77.1.1/24,5
20201019102759,10.20.30.2/16,8
20201019102800,10.77.1.1/24,-
20201019102802,10.20.30.2/16,48
20201019102803,192.168.1.2/24,3
20201019102805,10.20.30.1/16,3
20201019102806,10.20.30.2/16,8
20201019102807,10.77.1.2/24,8
20201019102809,10.20.30.1/16,7
20201019102810,10.20.30.1/16,9
20201019102812,10.20.30.2/16,67
20201019102813,10.20.30.1/16,-
20201019102815,10.77.1.1/24,9
20201019102816,10.77.1.2/24,-
20201019102817,10.77.1.1/24,6
20201019102819,192.168.1.2/24,6
20201019102820,192.168.1.2/24,2
20201019102821,192.168.1.1/24,5
20201019102822,10.77.1.2/24,5
20201019102823,10.77.1.2/24,38
20201019102825,10.77.1.2/24,5
20201019102826,10.77.1.2/24,1
20201019102827,10.20.30.2/16,3
20201019102828,10.77.1.2/24,23
20201019102830,10.77.1.2/24,2
20201019102831,192.168.1.1/24,7
20201019102833,192.168.1.2/24,3
20201019102834,10.20.30.2/16,-
20201019102835,10.77.1.1/24,9
20201019102837,10.77.1.1/24,15
20201019102838,192.168.1.2/24,5
20201019102840,10.77.1.2/24,7
20201019102842,192.168.1.1/24,23
20201019102843,192.168.1.1/24,4
20201019102844,10.20.30.2/16,7
20201019102845,10.20.30.1/16,8
20201019102846,10.77.1.2/24,56
20201019102847,192.168.1.1/24,69
20201019102848,10.20.30.1/16,78
20201019102849,192.168.1.2/24,8
20201019102850,10.20.30.1/16,1
20201019102852,192.168.1.2/24,3
20201019102854,10.77.1.2/24,6
20201019102855,10.20.30.2/16,-
20201019102857,10.77.1.1/24,-
20201019102858,10.77.1.2/24,31
20201019102859,10.77.1.2/24,6
20201019102900,10.77.1.1/24,11
20201019102901,10.20.30.2/16,7
20201019102902,10.20.30.1/16,4
20201019102904,192.168.1.1/24,1
20201019102905,10.20.30.1/16,-
20201019102906,10.20.30.2/16,-
20201019102907,10.20.30.2/16,41
20201019102908,10.20.30.1/16,2
20201019102910,10.77.1.2/24,-
20201019102911,192.168.1.2/24,5
20201019102912,192.168.1.1/24,1
20201019102914,10.20.30.2/16,25
20201019102915,10.77.1.2/24,9
20201019102917,10.77.1.1/24,9
20201019102918,10.77.1.1/24,5
20201019102919,10.77.1.1/24,8
20201019102920,192.168.1.2/24,3
20201019102921,192.168.1.2/24,57
20201019102923,10.77.1.1/24,32
20201019102924,192.168.1.2/24,-
20201019102925,192.168.1.2/24,4
20201019102927,10.20.30.2/16,1
20201019102929,10.77.1.2/24,3
20201019102930,192.168.1.2/24,2
20201019102931,10.77.1.1/24,-
20201019102933,192.168.1.1/24,7
20201019102935,10.77.1.1/24,85
20201019102937,10.20.30.2/16,-
20201019102938,10.20.30.2/16,7
20201019102939,10.20.30.2/16,54
20201019102940,10.77.1.1/24,83
20201019102941,192.168.1.1/24,-
20201019102943,10.20.30.2/16,-
20201019102945,10.20.30.2/16,4
20201019102946,10.77.1.2/24,5
20201019102947,10.77.1.2/24,1
20201019102948,10.20.30.1/16,1
20201019102950,10.77.1.2/24,-
20201019102951,10.20.30.2/16,2
20201019102952,10.20.30.1/16,55
20201019102954,192.168.1.1/24,-
20201019102955,10.77.1.1/24,-
20201019102956,10.77.1.1/24,7
20201019102957,192.168.1.2/24,8
20201019102958,192.168.1.1/24,48
20201019103000,10.77.1.1/24,14
20201019103002,10.20.30.2/16,95
20201019103003,192.168.1.2/24,9
20201019103005,10.20.30.1/16,5
20201019103006,10.77.1.2/24,-
20201019103007,192.168.1.1/24,30
20201019103008,10.20.30.2/16,-
20201019103009,10.77.1.2/24,4
20201019103010,10.77.1.1/24,-
20201019103011,10.20.30.2/16,6
20201019103012,10.20.30.2/16,5
20201019103013,10.77.1.1/24,7
20201019103014,192.168.1.2/24,50
20201019103016,10.20.30.1/16,1
20201019103017,10.20.30.2/16,7
20201019103018,10.77.1.1/24,-
20201019103019,10.20.30.2/16,8
20201019103020,192.168.1.1/24,6
20201019103022,192.168.1.2/24,-
20201019103024,192.168.1.2/24,5
20201019103025,192.168.1.2/24,19
20201019103026,10.20.30.2/16,3
20201019103027,10.77.1.1/24,99
20201019103028,10.20.30.2/16,3
20201019103029,192.168.1.1/24,82
20201019103030,10.20.30.1/16,71
20201019103031,192.168.1.1/24,74
20201019103032,10.77.1.2/24,7
20201019103033,10.20.30.1/16,8
20201019103035,10.77.1.1/24,54
20201019103036,10.77.1.1/24,4
20201019103038,192.168.1.2/24,92
20201019103040,10.77.1.1/24,9
20201019103041,10.20.30.1/16,6
20201019103042,10.20.30.2/16,-
20201019103043,10.20.30.2/16,3
20201019103044,10.77.1.1/24,10
20201019103045,10.20.30.2/16,-
20201019103046,10.20.30.1/16,5
20201019103047,10.20.30.2/16,3
20201019103048,10.20.30.2/16,-
20201019103049,10.77.1.2/24,-
20201019103050,10.20.30.1/16,4
20201019103051,10.77.1.2/24,1
20201019103052,10.20.30.2/16,7
20201019103053,10.20.30.1/16,-
20201019103054,10.77.1.2/24,10
20201019103056,10.77.1.2/24,6
20201019103057,192.168.1.1/24,-
20201019103058,10.77.1.2/24,37
20201019103059,10.20.30.2/16,6
20201019103100,10.20.30.1/16,4
20201019103101,192.168.1.2/24,4
20201019103103,10.20.30.2/16,4
20201019103104,192.168.1.2/24,5
20201019103105,10.77.1.2/24,28
20201019103107,192.168.1.1/24,2
20201019103108,192.168.1.1/24,6
20201019103109,192.168.1.1/24,3
20201019103110,10.20.30.1/16,-
20201019103112,192.168.1.2/24,-
20201019103113,192.168.1.2/24,-
20201019103115,10.77.1.2/24,-
20201019103116,10.77.1.1/24,12
20201019103118,10.20.30.2/16,41
20201019103119,192.168.1.1/24,32
20201019103120,10.77.1.1/24,-
20201019103121,10.20.30.1/16,28
20201019103122,10.20.30.2/16,-
20201019103123,10.20.30.2/16,2
20201019103124,10.20.30.2/16,9
20201019103125,10.77.1.1/24,3
20201019103126,10.77.1.1/24,5
20201019103127,10.20.30.2/16,4
20201019103128,192.168.1.2/24,59
20201019103129,192.168.1.1/24,9
20201019103130,192.168.1.2/24,1
20201019103132,10.20.30.2/16,5
20201019103133,10.20.30.2/16,8
20201019103135,10.20.30.1/16,8
20201019103136,10.20.30.1/16,6
20201019103138,192.168.1.2/24,5
20201019103140,10.20.30.2/16,-
20201019103142,10.20.30.1/16,90
20201019103143,10.20.30.2/16,4
20201019103145,10.77.1.1/24,45
20201019103146,10.77.1.2/24,46
20201019103148,10.77.1.2/24,3
20201019103149,10.20.30.1/16,4
20201019103150,192.168.1.1/24,12
20201019103152,10.77.1.2/24,2
20201019103153,10.20.30.2/16,5
20201019103155,10.20.30.2/16,5
20201019103156,10.77.1.1/24,-
20201019103157,10.77.1.2/24,96
20201019103158,192.168.1.1/24,-
20201019103159,192.168.1.2/24,67
20201019103201,10.77.1.1/24,-
20201019103203,10.77.1.2/24,7
20201019103204,10.77.1.1/24,9
20201019103205,10.20.30.2/16,84
20201019103206,192.168.1.1/24,6
20201019103207,10.77.1.2/24,7
20201019103208,10.77.1.2/24,9
20201019103210,192.168.1.2/24,-
20201019103212,192.168.1.1/24,47
20201019103213,10.77.1.2/24,-
20201019103215,10.20.30.1/16,85
20201019103216,10.77.1.2/24,2
20201019103218,10.20.30.1/16,21
20201019103219,192.168.1.2/24,46
20201019103220,192.168.1.1/24,12
20201019103222,192.168.1.1/24,0
20201019103224,192.168.1.2/24,3
20201019103226,10.20.30.1/16,4
20201019103227,192.168.1.1/24,-
20201019103228,10.77.1.1/24,7
20201019103229,10.20.30.1/16,26
20201019103231,10.20.30.1/16,4
20201019103232,10.77.1.1/24,8
20201019103233,10.20.30.1/16,-
20201019103235,10.20.30.1/16,12
20201019103236,10.20.30.2/16,2
20201019103237,10.77.1.1/24,3
20201019103238,10.20.30.2/16,-
20201019103239,10.77.1.2/24,5
20201019103240,192.168.1.1/24,-
20201019103241,10.77.1.2/24,23
20201019103242,10.20.30.1/16,59
20201019103243,10.77.1.1/24,13
20201019103244,10.77.1.2/24,6
20201019103245,192.168.1.2/24,3
20201019103246,10.20.30.2/16,8
20201019103247,10.20.30.1/16,24
20201019103248,192.168.1.1/24,21
20201019103249,192.168.1.2/24,22
20201019103251,192.168.1.1/24,8
20201019103252,192.168.1.1/24,9
20201019103254,10.77.1.1/24,91
20201019103255,10.20.30.1/16,5
20201019103256,192.168.1.2/24,-
20201019103258,192.168.1.1/24,5
20201019103259,10.20.30.1/16,6
20201019103300,10.20.30.1/16,-
20201019103301,10.77.1.1/24,4
20201019103302,192.168.1.2/24,-
20201019103303,10.20.30.1/16,7
20201019103304,10.77.1.2/24,47
20201019103305,10.77.1.2/24,1
20201019103306,10.77.1.2/24,2
20201019103307,10.77.1.1/24,5
20201019103309,10.20.30.2/16,31
20201019103310,10.77.1.2/24,6
20201019103311,10.77.1.2/24,2
20201019103312,192.168.1.2/24,5
20201019103313,10.77.1.2/24,81
20201019103315,10.77.1.2/24,31
20201019103316,10.20.30.1/16,-
20201019103317,10.77.1.2/24,8
20201019103318,10.77.1.2/24,6
20201019103319,10.20.30.2/16,6
20201019103321,10.77.1.1/24,8
20201019103322,192.168.1.1/24,-
20201019103323,10.20.30.1/16,-
20201019103325,10.77.1.2/24,-
20201019103326,10.20.30.2/16,-
20201019103327,192.168.1.1/24,1
20201019103328,10.77.1.2/24,4
20201019103329,10.20.30.2/16,5
20201019103331,10.77.1.1/24,9
20201019103332,192.168.1.2/24,56
20201019103333,10.20.30.2/16,16
20201019103334,192.168.1.2/24,7
20201019103336,192.168.1.1/24,3
20201019103337,10.77.1.2/24,5
20201019103338,192.168.1.1/24,4
20201019103340,10.20.30.2/16,-
20201019103341,192.168.1.2/24,63
20201019103342,10.20.30.2/16,8
20201019103343,10.20.30.1/16,1
20201019103344,10.77.1.2/24,86
20201019103345,10.77.1.2/24,58
20201019103346,10.20.30.2/16,-
20201019103347,192.168.1.1/24,-
20201019103348,10.77.1.2/24,15
20201019103349,192.168.1.1/24,-
20201019103350,192.168.1.1/24,-
20201019103351,192.168.1.2/24,6
20201019103352,10.20.30.2/16,4
20201019103353,10.20.30.1/16,2
20201019103355,192.168.1.1/24,2
20201019103357,10.77.1.2/24,-
20201019103359,192.168.1.2/24,9
20201019103400,10.77.1.1/24,97
20201019103401,10.20.30.1/16,4
20201019103402,192.168.1.1/24,8
20201019103403,10.20.30.2/16,-
20201019103404,10.77.1.2/24,6
20201019103405,10.77.1.2/24,-
20201019103406,10.77.1.1/24,4
20201019103407,192.168.1.2/24,4
20201019103408,10.20.30.2/16,49
20201019103409,10.77.1.2/24,12
20201019103411,10.77.1.1/24,7
20201019103412,10.20.30.2/16,1
20201019103413,10.77.1.2/24,5
20201019103414,192.168.1.1/24,65
20201019103415,10.20.30.2/16,8
20201019103416,10.20.30.2/16,76
20201019103418,10.20.30.2/16,4
20201019103419,192.168.1.1/24,48
20201019103421,10.20.30.1/16,8
20201019103422,192.168.1.1/24,24
20201019103424,10.20.30.1/16,72
20201019103425,10.77.1.1/24,-
20201019103426,10.20.30.2/16,9
20201019103428,10.77.1.1/24,6
20201019103429,10.77.1.1/24,-
20201019103430,192.168.1.2/24,-
20201019103431,192.168.1.1/24,9
20201019103432,10.20.30.2/16,7
20201019103434,10.20.30.2/16,76
20201019103435,10.20.30.1/16,9
20201019103436,192.168.1.1/24,-
20201019103437,10.77.1.1/24,-
20201019103438,192.168.1.2/24,6
20201019103440,10.77.1.2/24,30
20201019103442,192.168.1.1/24,-
20201019103444,10.20.30.1/16,1
20201019103445,10.77.1.1/24,-
20201019103446,192.168.1.2/24,-
20201019103447,192.168.1.1/24,-
20201019103448,10.20.30.1/16,9
20201019103449,192.168.1.2/24,-
20201019103450,10.20.30.1/16,5
20201019103451,10.77.1.2/24,86
20201019103452,10.77.1.1/24,-
20201019103453,10.20.30.1/16,10
20201019103454,10.77.1.1/24,4
20201019103455,10.20.30.2/16,47
20201019103456,10.77.1.1/24,-
20201019103457,10.77.1.1/24,4
20201019103458,10.77.1.2/24,1
20201019103500,192.168.1.1/24,88
20201019103501,10.77.1.2/24,8
20201019103502,10.20.30.1/16,-
20201019103503,192.168.1.1/24,1
20201019103504,192.168.1.1/24,34
20201019103505,10.20.30.1/16,2
20201019103506,10.20.30.1/16,6
20201019103507,10.20.30.1/16,10
20201019103508,192.168.1.2/24,51
20201019103509,10.20.30.1/16,8
20201019103511,10.77.1.1/24,44
20201019103512,10.20.30.2/16,7
20201019103513,192.168.1.2/24,4
20201019103514,192.168.1.2/24,3
20201019103515,192.168.1.1/24,6
20201019103517,10.20.30.1/16,55
20201019103518,10.77.1.1/24,8
20201019103519,10.77.1.2/24,28
20201019103520,10.20.30.2/16,8
20201019103521,10.20.30.1/16,1
20201019103522,10.20.30.1/16,-
20201019103524,192.168.1.2/24,27
20201019103525,10.77.1.1/24,15
20201019103526,192.168.1.1/24,-
20201019103527,10.77.1.1/24,9
20201019103528,10.77.1.2/24,72
20201019103529,192.168.1.1/24,7
20201019103530,192.168.1.1/24,-
20201019103531,10.77.1.2/24,3
20201019103532,192.168.1.2/24,9
20201019103533,10.77.1.1/24,2
20201019103534,10.77.1.2/24,7
20201019103535,192.168.1.1/24,87
20201019103536,10.77.1.2/24,-
20201019103537,192.168.1.1/24,-
20201019103538,192.168.1.1/24,4
20201019103539,10.77.1.1/24,85
20201019103540,10.77.1.1/24,87
20201019103541,10.20.30.2/16,-
20201019103542,10.20.30.2/16,78
20201019103543,10.77.1.1/24,-
20201019103544,10.20.30.2/16,5
20201019103545,192.168.1.2/24,5
20201019103546,192.168.1.2/24,-
20201019103547,10.20.30.1/16,-
20201019103549,192.168.1.1/24,8
20201019103550,10.20.30.1/16,8
20201019103552,10.20.30.1/16,9
20201019103554,10.77.1.1/24,58
20201019103555,10.20.30.1/16,-
20201019103556,10.77.1.2/24,33
20201019103557,10.77.1.2/24,-
20201019103558,10.77.1.2/24,69
20201019103559,10.77.1.1/24,2
20201019103600,192.168.1.2/24,-
20201019103601,10.20.30.1/16,62
20201019103603,192.168.1.1/24,-
20201019103605,10.77.1.2/24,7
20201019103606,10.77.1.2/24,-
20201019103607,10.20.30.2/16,2
20201019103608,192.168.1.2/24,1
20201019103610,10.20.30.2/16,42
20201019103611,10.77.1.1/24,6
20201019103613,10.20.30.1/16,-
20201019103614,10.77.1.1/24,9
20201019103615,10.20.30.2/16,2
20201019103616,10.20.30.1/16,-
20201019103618,192.168.1.1/24,96
20201019103619,10.77.1.1/24,-
20201019103620,10.77.1.1/24,7
20201019103621,10.77.1.2/24,7
20201019103622,10.77.1.2/24,8
20201019103623,10.77.1.2/24,5
20201019103624,10.20.30.2/16,30
20201019103626,10.20.30.1/16,3
20201019103627,10.77.1.2/24,7
20201019103628,10.77.1.1/24,73
20201019103629,192.168.1.1/24,71
20201019103630,10.20.30.2/16,14
20201019103631,10.77.1.2/24,3
20201019103632,10.20.30.2/16,-
20201019103633,192.168.1.2/24,3
20201019103634,10.20.30.1/16,5
20201019103636,10.77.1.1/24,5
20201019103637,10.20.30.2/16,2
20201019103638,192.168.1.2/24,-
20201019103640,192.168.1.2/24,11
20201019103641,10.20.30.2/16,8
20201019103642,10.20.30.1/16,-
20201019103643,192.168.1.2/24,36
20201019103644,192.168.1.2/24,-
20201019103645,10.20.30.1/16,4
20201019103646,10.77.1.1/24,-
20201019103647,10.77.1.1/24,-
20201019103648,10.77.1.2/24,9
20201019103650,192.168.1.2/24,4
20201019103652,10.77.1.1/24,5
20201019103653,192.168.1.1/24,55
20201019103654,192.168.1.1/24,3
20201019103655,10.20.30.1/16,8
20201019103656,10.77.1.1/24,4
20201019103657,192.168.1.2/24,1
20201019103658,10.20.30.1/16,40
20201019103659,10.77.1.2/24,47
20201019103700,192.168.1.2/24,6
20201019103701,192.168.1.2/24,6
20201019103703,10.77.1.2/24,7
20201019103705,10.20.30.1/16,3
20201019103706,10.20.30.1/16,3
20201019103707,10.20.30.2/16,-
20201019103708,10.77.1.1/24,5
20201019103709,192.168.1.1/24,7
20201019103710,192.168.1.2/24,6
20201019103711,10.77.1.1/24,8
20201019103712,192.168.1.2/24,-
20201019103713,10.20.30.2/16,-
20201019103714,192.168.1.2/24,-
20201019103716,192.168.1.2/24,3
20201019103717,10.77.1.2/24,-
20201019103718,10.20.30.1/16,7
20201019103719,192.168.1.2/24,98
20201019103720,10.77.1.1/24,3
20201019103721,192.168.1.2/24,-
20201019103722,192.168.1.2/24,9
20201019103723,10.77.1.2/24,7
20201019103724,10.20.30.1/16,4
20201019103725,192.168.1.1/24,-
20201019103726,10.77.1.1/24,-
20201019103728,10.20.30.1/16,51
20201019103729,10.77.1.2/24,9
20201019103730,10.20.30.1/16,89
20201019103732,192.168.1.2/24,-
20201019103734,192.168.1.2/24,5
20201019103735,10.77.1.2/24,58
20201019103736,10.20.30.1/16,-
20201019103737,192.168.1.2/24,8
20201019103738,10.77.1.2/24,6
20201019103739,192.168.1.2/24,3
20201019103741,10.77.1.2/24,6
20201019103742,10.20.30.1/16,-
20201019103743,10.20.30.1/16,6
20201019103744,10.77.1.2/24,7
20201019103746,10.77.1.2/24,6
20201019103748,10.20.30.1/16,6
20201019103749,10.20.30.1/16,69
20201019103750,10.20.30.2/16,3
20201019103751,10.77.1.1/24,-
20201019103752,10.77.1.1/24,6
20201019103753,10.20.30.2/16,55
20201019103755,192.168.1.2/24,-
20201019103756,10.77.1.2/24,5
20201019103757,192.168.1.2/24,4
20201019103758,10.20.30.1/16,33
20201019103759,10.77.1.1/24,4
20201019103800,10.20.30.2/16,-
20201019103801,10.20.30.2/16,32
20201019103803,10.77.1.2/24,-
20201019103805,10.77.1.2/24,97
20201019103806,192.168.1.2/24,2
20201019103807,10.20.30.2/16,6
20201019103808,10.20.30.2/16,72
20201019103809,10.77.1.2/24,11
20201019103810,192.168.1.1/24,-
20201019103811,10.20.30.2/16,20
20201019103812,192.168.1.2/24,8
20201019103813,10.20.30.2/16,11
20201019103814,192.168.1.2/24,22
20201019103815,192.168.1.2/24,8
20201019103816,10.20.30.1/16,96
20201019103817,10.77.1.2/24,10
20201019103818,10.20.30.1/16,-
20201019103819,10.20.30.1/16,95
20201019103821,10.20.30.2/16,1
20201019103822,192.168.1.1/24,7
20201019103823,10.20.30.1/16,44
20201019103824,10.77.1.2/24,8
20201019103825,192.168.1.1/24,24
20201019103826,10.20.30.2/16,-
20201019103827,10.77.1.2/24,9
20201019103828,10.77.1.2/24,7
20201019103829,10.20.30.2/16,6
20201019103830,10.77.1.1/24,2
20201019103831,192.168.1.1/24,48
20201019103832,192.168.1.2/24,8
20201019103833,10.20.30.1/16,7
20201019103834,10.77.1.1/24,-
20201019103835,192.168.1.2/24,5
20201019103836,10.77.1.1/24,6
20201019103837,10.20.30.1/16,9
20201019103839,10.20.30.2/16,-
20201019103840,192.168.1.2/24,6
20201019103841,10.77.1.2/24,9
20201019103843,192.168.1.1/24,27
20201019103845,10.77.1.2/24,1
20201019103846,192.168.1.2/24,67
20201019103847,10.20.30.2/16,2
20201019103848,10.20.30.2/16,-
20201019103849,10.20.30.2/16,1
20201019103850,192.168.1.2/24,25
20201019103851,192.168.1.1/24,3
20201019103853,10.20.30.2/16,-
20201019103855,10.20.30.2/16,10
20201019103857,10.20.30.2/16,-
20201019103858,10.77.1.1/24,17
20201019103859,192.168.1.1/24,7
20201019103900,192.168.1.2/24,4
20201019103901,10.20.30.2/16,1
20201019103902,10.20.30.2/16,5
20201019103903,192.168.1.2/24,9
20201019103905,10.20.30.2/16,-
20201019103907,10.77.1.2/24,-
20201019103908,10.20.30.2/16,-
20201019103909,10.77.1.2/24,4
20201019103910,10.20.30.1/16,44
20201019103911,192.168.1.1/24,-
20201019103912,192.168.1.1/24,-
20201019103914,192.168.1.1/24,1
20201019103915,192.168.1.1/24,37
20201019103916,10.20.30.2/16,51
20201019103917,10.20.30.2/16,7
20201019103918,192.168.1.2/24,4
20201019103919,192.168.1.2/24,-
20201019103921,10.20.30.1/16,7
20201019103922,10.20.30.2/16,-
20201019103923,10.20.30.2/16,9
20201019103924,10.77.1.2/24,7
20201019103925,10.20.30.2/16,-
20201019103926,10.77.1.2/24,3
20201019103927,192.168.1.1/24,9
20201019103928,10.20.30.2/16,92
20201019103929,10.77.1.1/24,-
20201019103930,10.77.1.1/24,-
20201019103931,10.77.1.1/24,2
20201019103932,192.168.1.2/24,-
20201019103933,10.20.30.1/16,5
20201019103934,10.20.30.2/16,-
20201019103935,10.77.1.1/24,4
20201019103936,10.77.1.2/24,4
20201019103938,192.168.1.2/24,-
20201019103939,10.77.1.1/24,-
20201019103940,10.77.1.1/24,7
20201019103942,10.20.30.1/16,3
20201019103944,10.20.30.2/16,9
20201019103946,10.20.30.2/16,7
20201019103947,10.20.30.1/16,1
20201019103948,10.20.30.1/16,7
20201019103949,192.168.1.1/24,69
20201019103951,192.168.1.2/24,-
20201019103952,192.168.1.1/24,99
20201019103954,10.20.30.2/16,8
20201019103955,10.20.30.2/16,-
20201019103956,10.20.30.2/16,49
20201019103958,10.20.30.1/16,-
20201019104000,10.77.1.2/24,4
20201019104001,192.168.1.2/24,72
20201019104002,192.168.1.1/24,3
20201019104003,10.20.30.1/16,5
20201019104004,10.77.1.1/24,20
20201019104005,192.168.1.2/24,4
20201019104006,192.168.1.2/24,4
20201019104007,10.77.1.2/24,-
20201019104008,10.77.1.2/24,-
20201019104009,10.20.30.1/16,41
20201019104010,10.20.30.2/16,4
20201019104011,192.168.1.2/24,74
20201019104012,10.20.30.1/16,2
20201019104013,10.77.1.1/24,-
20201019104014,10.20.30.2/16,6
20201019104015,10.20.30.1/16,5
20201019104017,192.168.1.1/24,-
20201019104018,192.168.1.2/24,5
20201019104019,10.77.1.2/24,-
20201019104021,192.168.1.2/24,30
20201019104023,10.20.30.1/16,-
20201019104025,192.168.1.1/24,2
20201019104026,192.168.1.2/24,56
20201019104027,10.20.30.1/16,3
20201019104028,10.77.1.2/24,7
20201019104029,192.168.1.1/24,-
20201019104030,192.168.1.2/24,4
20201019104031,10.20.30.2/16,5
20201019104032,192.168.1.1/24,-
20201019104034,192.168.1.1/24,7
20201019104036,10.20.30.1/16,93
20201019104037,10.77.1.2/24,41
20201019104038,10.20.30.1/16,39
20201019104040,192.168.1.2/24,8
20201019104041,10.77.1.2/24,5
20201019104042,192.168.1.2/24,-
20201019104043,10.77.1.2/24,9
20201019104044,10.20.30.1/16,79
20201019104045,10.77.1.1/24,4
20201019104047,192.168.1.2/24,7
20201019104049,10.20.30.1/16,5
20201019104050,192.168.1.1/24,2
20201019104051,192.168.1.1/24,7
20201019104052,10.77.1.2/24,5
20201019104053,10.77.1.1/24,-
20201019104054,192.168.1.2/24,3
20201019104055,10.77.1.1/24,6
20201019104056,10.20.30.2/16,5
20201019104057,192.168.1.1/24,7
20201019104058,10.20.30.2/16,7
20201019104059,10.20.30.1/16,7
20201019104100,10.20.30.1/16,13
20201019104102,10.20.30.2/16,3
20201019104103,10.77.1.1/24,3
20201019104104,10.77.1.2/24,2
20201019104106,192.168.1.1/24,-
20201019104108,10.77.1.1/24,-
20201019104109,10.20.30.1/16,17
20201019104110,10.77.1.2/24,2
20201019104111,10.77.1.2/24,-
20201019104112,10.77.1.2/24,-
20201019104113,10.20.30.2/16,5
20201019104114,10.20.30.2/16,46
20201019104115,192.168.1.1/24,8
20201019104116,10.20.30.1/16,-
20201019104117,10.20.30.2/16,8
20201019104119,192.168.1.1/24,-
20201019104120,10.20.30.1/16,-
20201019104121,10.20.30.2/16,40
20201019104122,10.20.30.1/16,8
20201019104123,10.20.30.1/16,71
20201019104124,10.20.30.2/16,6
20201019104125,192.168.1.2/24,70
20201019104126,10.20.30.2/16,-
20201019104127,192.168.1.1/24,6
20201019104128,10.20.30.2/16,-
20201019104129,10.77.1.1/24,-
20201019104130,10.77.1.1/24,-
20201019104131,192.168.1.2/24,9
20201019104133,192.168.1.1/24,-
20201019104134,10.77.1.2/24,23
20201019104135,10.77.1.2/24,2
20201019104136,10.77.1.1/24,8
20201019104138,192.168.1.2/24,4
20201019104139,192.168.1.1/24,2
20201019104140,10.20.30.1/16,-
20201019104141,10.77.1.1/24,9
20201019104143,10.20.30.1/16,-
20201019104144,10.77.1.1/24,35
20201019104145,192.168.1.2/24,7
20201019104147,10.77.1.1/24,98
20201019104149,10.20.30.1/16,12
20201019104151,192.168.1.1/24,15
20201019104153,10.77.1.2/24,-
20201019104154,10.77.1.2/24,-
20201019104155,10.20.30.1/16,-
20201019104156,10.77.1.2/24,9
20201019104158,10.77.1.2/24,8
20201019104159,10.77.1.2/24,-
20201019104201,10.20.30.1/16,12
20201019104203,192.168.1.2/24,-
20201019104204,192.168.1.2/24,-
20201019104205,10.77.1.2/24,10
20201019104206,192.168.1.1/24,1
20201019104207,10.20.30.2/16,9
20201019104208,10.77.1.2/24,4
20201019104209,192.168.1.1/24,-
20201019104210,192.168.1.2/24,9
20201019104212,10.20.30.2/16,82
20201019104213,192.168.1.1/24,3
20201019104214,10.20.30.2/16,3
20201019104215,10.20.30.2/16,30
20201019104216,192.168.1.2/24,4
20201019104217,10.77.1.2/24,66
20201019104218,192.168.1.1/24,71
20201019104219,10.77.1.2/24,10
20201019104221,10.20.30.1/16,-
20201019104222,192.168.1.1/24,-
20201019104223,10.77.1.2/24,14
20201019104224,10.20.30.1/16,-
20201019104225,192.168.1.2/24,-
20201019104226,192.168.1.1/24,65
20201019104227,192.168.1.1/24,9
20201019104229,10.77.1.2/24,93
20201019104230,10.20.30.1/16,6
20201019104231,192.168.1.2/24,-
20201019104232,10.77.1.2/24,-
20201019104233,192.168.1.2/24,48
20201019104234,192.168.1.1/24,-
20201019104235,10.20.30.2/16,3
20201019104236,192.168.1.2/24,3
20201019104238,10.20.30.1/16,50
20201019104239,192.168.1.1/24,7
20201019104240,10.20.30.1/16,47
20201019104241,10.77.1.1/24,-
20201019104242,192.168.1.2/24,6
20201019104243,10.77.1.1/24,1
20201019104245,10.77.1.1/24,21
20201019104246,192.168.1.2/24,3
20201019104247,192.168.1.2/24,49
20201019104248,10.20.30.2/16,7
20201019104249,192.168.1.1/24,4
20201019104250,10.20.30.2/16,1
20201019104251,10.20.30.2/16,-
20201019104253,10.20.30.2/16,8
20201019104255,10.20.30.2/16,-
20201019104256,192.168.1.1/24,-
20201019104258,192.168.1.2/24,6
20201019104300,192.168.1.1/24,10
20201019104301,10.20.30.2/16,1
20201019104303,10.20.30.2/16,-
20201019104304,192.168.1.1/24,6
20201019104305,10.20.30.2/16,25
20201019104306,10.20.30.2/16,28
20201019104307,10.20.30.2/16,88
20201019104308,192.168.1.1/24,-
20201019104309,10.20.30.2/16,81
20201019104310,10.77.1.2/24,-
20201019104311,10.20.30.1/16,7
20201019104312,192.168.1.2/24,43
20201019104313,192.168.1.1/24,50
20201019104314,10.77.1.1/24,7
20201019104315,10.20.30.1/16,9
20201019104316,10.77.1.1/24,9
20201019104317,10.20.30.2/16,8
20201019104318,10.77.1.1/24,14
20201019104320,10.20.30.2/16,8
20201019104321,192.168.1.1/24,71
20201019104322,10.77.1.2/24,4
20201019104323,192.168.1.2/24,-
20201019104324,10.77.1.1/24,4
20201019104325,192.168.1.1/24,-
20201019104326,10.77.1.2/24,9
20201019104327,10.20.30.2/16,98
20201019104329,10.20.30.1/16,7
20201019104330,10.77.1.2/24,3
20201019104332,10.20.30.1/16,7
20201019104333,10.20.30.1/16,8
20201019104334,192.168.1.2/24,1
20201019104336,192.168.1.2/24,3
20201019104337,10.20.30.2/16,5
20201019104339,10.20.30.2/16,9
20201019104340,192.168.1.2/24,50
20201019104341,10.20.30.1/16,78
20201019104342,10.77.1.1/24,-
20201019104344,10.77.1.1/24,13
20201019104345,10.20.30.2/16,-
20201019104347,192.168.1.1/24,6
20201019104348,10.77.1.1/24,1
20201019104349,192.168.1.2/24,-
20201019104350,192.168.1.1/24,1
20201019104351,192.168.1.2/24,70
20201019104352,192.168.1.1/24,-
20201019104353,10.20.30.1/16,4
20201019104354,192.168.1.1/24,95
20201019104355,10.20.30.2/16,5
20201019104356,10.77.1.2/24,-
20201019104357,10.77.1.2/24,64
20201019104358,192.168.1.1/24,6
20201019104359,192.168.1.2/24,86
20201019104401,10.77.1.2/24,3
20201019104403,10.77.1.1/24,31
20201019104405,10.77.1.2/24,8
20201019104406,192.168.1.1/24,-
20201019104407,10.77.1.2/24,8
20201019104408,192.168.1.2/24,7
20201019104409,10.77.1.2/24,49
20201019104410,10.20.30.1/16,5
20201019104412,192.168.1.1/24,7
20201019104413,10.20.30.1/16,3
20201019104414,192.168.1.1/24,6
20201019104415,10.77.1.1/24,87
20201019104416,10.77.1.1/24,-
20201019104417,10.20.30.2/16,27
20201019104418,192.168.1.1/24,-
20201019104420,10.77.1.1/24,3
20201019104421,10.77.1.2/24,7
20201019104422,10.20.30.2/16,-
20201019104423,10.20.30.2/16,-
20201019104424,10.77.1.2/24,-
20201019104425,192.168.1.2/24,8
20201019104426,192.168.1.1/24,27
20201019104428,192.168.1.2/24,2
20201019104429,10.20.30.2/16,9
20201019104430,192.168.1.2/24,11
20201019104431,10.20.30.1/16,63
20201019104432,192.168.1.2/24,5
20201019104433,10.77.1.1/24,4
20201019104435,10.77.1.1/24,5
20201019104436,10.20.30.2/16,-
20201019104437,192.168.1.2/24,2
20201019104438,10.20.30.2/16,4
20201019104439,10.20.30.1/16,22
20201019104440,10.20.30.1/16,8
20201019104442,10.77.1.2/24,1
20201019104443,10.77.1.2/24,9
20201019104444,192.168.1.2/24,6
20201019104445,192.168.1.2/24,4
20201019104446,192.168.1.2/24,9
20201019104447,10.77.1.2/24,9
20201019104448,10.20.30.2/16,3
20201019104449,10.20.30.2/16,-
20201019104451,10.77.1.1/24,31
20201019104452,10.77.1.1/24,1
20201019104453,192.168.1.1/24,3
20201019104454,10.77.1.1/24,7
20201019104455,10.77.1.2/24,-
20201019104456,10.20.30.2/16,9
20201019104458,10.20.30.1/16,4
20201019104459,10.77.1.1/24,-
20201019104500,192.168.1.2/24,51
20201019104501,10.77.1.2/24,6
20201019104502,192.168.1.2/24,3
20201019104503,10.20.30.2/16,4
20201019104504,10.77.1.1/24,4
20201019104505,10.20.30.1/16,96
20201019104506,192.168.1.1/24,9
20201019104507,10.77.1.2/24,74
20201019104508,10.20.30.1/16,1
20201019104509,10.20.30.2/16,1
20201019104510,192.168.1.2/24,2
20201019104511,10.20.30.2/16,-
20201019104513,10.77.1.1/24,88
20201019104514,192.168.1.2/24,-
20201019104516,10.77.1.2/24,8
20201019104517,10.20.30.2/16,-
20201019104518,10.77.1.1/24,5
20201019104520,10.20.30.2/16,8
20201019104521,10.20.30.1/16,3
20201019104523,10.20.30.1/16,4
20201019104524,10.77.1.2/24,70
20201019104525,10.77.1.1/24,-
20201019104527,192.168.1.1/24,40
20201019104528,10.77.1.1/24,4
20201019104530,192.168.1.1/24,1
20201019104532,192.168.1.1/24,23
20201019104534,10.77.1.2/24,-
20201019104535,10.20.30.1/16,2
20201019104536,10.20.30.2/16,24
20201019104537,192.168.1.1/24,9
20201019104538,10.77.1.2/24,3
20201019104539,10.77.1.2/24,1
20201019104540,10.77.1.1/24,7
20201019104542,10.77.1.2/24,54
20201019104544,192.168.1.2/24,-
20201019104545,192.168.1.2/24,6
20201019104546,10.20.30.1/16,6
20201019104547,10.77.1.2/24,-
20201019104548,192.168.1.1/24,-
20201019104549,10.77.1.2/24,99
20201019104550,10.20.30.1/16,-
20201019104551,192.168.1.1/24,-
20201019104552,192.168.1.1/24,-
20201019104553,10.20.30.2/16,7
20201019104555,10.77.1.2/24,-
20201019104556,10.77.1.2/24,18
20201019104557,192.168.1.1/24,8
20201019104558,10.20.30.1/16,8
20201019104559,10.20.30.2/16,-
20201019104600,10.20.30.1/16,39
20201019104602,192.168.1.1/24,1
20201019104604,10.77.1.2/24,64
20201019104605,10.20.30.2/16,9
20201019104606,192.168.1.2/24,-
20201019104607,10.77.1.1/24,1
20201019104608,192.168.1.1/24,5
20201019104609,10.20.30.1/16,-
20201019104610,192.168.1.1/24,2
20201019104612,10.20.30.2/16,9
20201019104613,10.20.30.1/16,-
20201019104614,192.168.1.1/24,-
20201019104615,10.77.1.2/24,-
20201019104616,10.20.30.2/16,-
20201019104617,192.168.1.1/24,9
20201019104618,192.168.1.2/24,7
20201019104619,192.168.1.1/24,10
20201019104620,10.77.1.1/24,6
20201019104622,10.77.1.2/24,-
20201019104623,10.77.1.2/24,4
20201019104625,10.20.30.2/16,18
20201019104627,10.20.30.1/16,2
20201019104628,10.20.30.2/16,3
20201019104629,10.20.30.1/16,5
20201019104630,10.20.30.2/16,-
20201019104631,10.77.1.2/24,14
20201019104632,10.20.30.1/16,-
20201019104634,10.20.30.1/16,6
20201019104635,192.168.1.1/24,-
20201019104636,10.77.1.1/24,45
20201019104638,10.77.1.2/24,2
20201019104639,10.77.1.2/24,-
20201019104640,192.168.1.2/24,-
20201019104641,10.20.30.1/16,-
20201019104643,10.20.30.2/16,97
20201019104645,10.77.1.2/24,99
20201019104646,10.77.1.1/24,-
20201019104647,192.168.1.2/24,2
20201019104648,10.77.1.1/24,1
20201019104649,10.20.30.2/16,9
20201019104650,10.20.30.2/16,50
20201019104651,10.77.1.2/24,-
20201019104653,10.20.30.2/16,9
20201019104655,10.77.1.1/24,-
20201019104656,10.20.30.1/16,-
20201019104657,10.77.1.1/24,-
20201019104658,10.20.30.1/16,38
20201019104700,192.168.1.2/24,-
20201019104702,192.168.1.1/24,7
20201019104704,10.20.30.2/16,18
20201019104706,10.77.1.1/24,5
20201019104708,192.168.1.1/24,-
20201019104709,192.168.1.2/24,4
20201019104711,10.20.30.2/16,-
20201019104712,10.77.1.2/24,7
20201019104713,10.20.30.2/16,2
20201019104714,192.168.1.1/24,-
20201019104715,192.168.1.1/24,65
20201019104716,10.20.30.1/16,4
20201019104717,10.20.30.1/16,52
20201019104718,10.20.30.1/16,9
20201019104720,192.168.1.2/24,67
20201019104721,192.168.1.1/24,-
20201019104722,192.168.1.2/24,1
20201019104723,10.77.1.1/24,7
20201019104724,10.20.30.2/16,2
20201019104725,10.77.1.2/24,-
20201019104726,10.20.30.1/16,3
20201019104727,192.168.1.2/24,2
20201019104728,192.168.1.1/24,8
20201019104730,10.77.1.1/24,4
20201019104731,10.20.30.1/16,8
20201019104732,192.168.1.1/24,33
20201019104733,10.77.1.2/24,68
20201019104735,10.77.1.2/24,71
20201019104736,192.168.1.2/24,9
20201019104737,10.20.30.1/16,3
20201019104738,192.168.1.1/24,2
20201019104739,10.77.1.1/24,5
20201019104741,192.168.1.1/24,9
20201019104742,192.168.1.2/24,8
20201019104743,10.77.1.1/24,4
20201019104744,192.168.1.1/24,57
20201019104745,10.77.1.1/24,27
20201019104746,192.168.1.2/24,-
20201019104747,192.168.1.1/24,10
20201019104748,192.168.1.1/24,-
20201019104750,192.168.1.1/24,7
20201019104751,10.77.1.2/24,-
20201019104752,192.168.1.2/24,18
20201019104753,10.77.1.2/24,6
20201019104754,192.168.1.2/24,3
20201019104755,10.77.1.1/24,11
20201019104756,10.77.1.2/24,51
20201019104757,10.20.30.1/16,-
20201019104759,192.168.1.2/24,-
20201019104801,192.168.1.2/24,-
20201019104802,10.20.30.2/16,10
20201019104804,10.20.30.1/16,82
20201019104806,192.168.1.1/24,-
20201019104807,10.20.30.1/16,5
20201019104809,192.168.1.1/24,26
20201019104810,192.168.1.2/24,4
20201019104811,192.168.1.2/24,6
20201019104812,192.168.1.2/24,-
20201019104813,10.20.30.2/16,-
20201019104814,192.168.1.1/24,1
20201019104815,10.20.30.2/16,1
20201019104816,10.77.1.2/24,6
20201019104818,10.20.30.2/16,5
20201019104820,10.20.30.2/16,1
20201019104821,10.20.30.2/16,66
20201019104822,10.77.1.1/24,5
20201019104823,10.77.1.1/24,40
20201019104824,10.20.30.1/16,-
20201019104825,10.77.1.2/24,-
20201019104826,192.168.1.1/24,-
20201019104827,10.20.30.2/16,-
20201019104828,192.168.1.1/24,4
20201019104830,10.77.1.1/24,9
20201019104831,10.20.30.1/16,-
20201019104832,10.20.30.2/16,-
20201019104833,10.20.30.1/16,42
20201019104835,10.20.30.2/16,-
20201019104836,10.20.30.1/16,-
20201019104837,10.20.30.2/16,-
20201019104838,192.168.1.1/24,-
20201019104839,10.20.30.2/16,79
20201019104840,10.20.30.2/16,67
20201019104841,192.168.1.2/24,5
20201019104842,192.168.1.1/24,-
20201019104843,10.77.1.2/24,90
20201019104844,10.77.1.1/24,-
20201019104845,192.168.1.2/24,8
20201019104847,10.20.30.1/16,-
20201019104849,10.77.1.1/24,9
20201019104850,10.77.1.2/24,53
20201019104851,10.77.1.1/24,39
20201019104853,10.20.30.1/16,7
20201019104854,192.168.1.2/24,92
20201019104855,192.168.1.2/24,-
20201019104857,192.168.1.1/24,64
20201019104858,192.168.1.2/24,61
20201019104859,10.77.1.1/24,11
20201019104901,10.77.1.2/24,2
20201019104902,10.20.30.1/16,9
20201019104903,10.77.1.1/24,-
20201019104905,192.168.1.1/24,8
20201019104906,192.168.1.1/24,7
20201019104907,10.20.30.1/16,1
20201019104909,10.77.1.2/24,31
20201019104910,192.168.1.2/24,5
20201019104911,10.77.1.2/24,5
20201019104912,10.77.1.1/24,2
20201019104914,10.20.30.2/16,9
20201019104915,192.168.1.2/24,6
20201019104917,10.77.1.1/24,78
20201019104919,10.20.30.1/16,39
20201019104920,10.20.30.1/16,-
20201019104922,192.168.1.1/24,8
20201019104923,10.20.30.1/16,56
20201019104924,10.77.1.1/24,-
20201019104925,10.77.1.1/24,-
20201019104927,10.77.1.2/24,-
20201019104929,10.77.1.1/24,1
20201019104930,10.77.1.1/24,1
20201019104931,10.77.1.1/24,20
20201019104933,192.168.1.1/24,-
20201019104935,10.77.1.2/24,1
20201019104936,192.168.1.1/24,3
20201019104937,10.20.30.1/16,15
20201019104938,192.168.1.2/24,56
20201019104939,192.168.1.2/24,8
20201019104940,10.20.30.1/16,6
20201019104942,10.77.1.1/24,9
20201019104944,192.168.1.2/24,85
20201019104945,10.77.1.1/24,12
20201019104946,192.168.1.1/24,5
20201019104948,192.168.1.1/24,42
20201019104950,10.77.1.2/24,1
20201019104951,10.20.30.2/16,60
20201019104952,192.168.1.2/24,6
20201019104953,10.77.1.2/24,4
20201019104954,10.20.30.1/16,4
20201019104956,10.77.1.2/24,24
20201019104957,192.168.1.2/24,27
20201019104958,10.20.30.1/16,5
20201019104959,10.20.30.2/16,21
20201019105000,10.77.1.2/24,-
20201019105001,10.20.30.1/16,4
20201019105002,10.77.1.2/24,4
20201019105004,192.168.1.2/24,38
20201019105005,10.20.30.2/16,53
20201019105006,10.77.1.1/24,6
20201019105007,10.20.30.1/16,2
20201019105008,10.77.1.2/24,2
20201019105009,10.77.1.2/24,-
20201019105010,10.77.1.1/24,52
20201019105011,10.77.1.2/24,9
20201019105012,10.20.30.1/16,3
20201019105013,10.77.1.1/24,43
20201019105014,10.20.30.2/16,-
20201019105015,10.20.30.1/16,7
20201019105016,10.77.1.1/24,6
20201019105017,10.77.1.1/24,-
20201019105018,192.168.1.2/24,5
20201019105019,10.20.30.2/16,4
20201019105021,10.20.30.2/16,6
20201019105022,10.77.1.2/24,2
20201019105023,10.20.30.1/16,-
20201019105025,10.20.30.1/16,14
20201019105026,10.20.30.2/16,7
20201019105027,10.77.1.2/24,1
20201019105028,192.168.1.2/24,12
20201019105029,10.77.1.1/24,5
20201019105030,192.168.1.2/24,-
20201019105032,10.77.1.1/24,19
20201019105033,192.168.1.1/24,-
20201019105034,10.20.30.1/16,-
20201019105036,192.168.1.2/24,-
20201019105037,10.20.30.2/16,73
20201019105039,10.20.30.2/16,35
20201019105040,10.20.30.1/16,30
20201019105041,192.168.1.2/24,15
20201019105043,10.20.30.1/16,-
20201019105044,192.168.1.1/24,4
20201019105045,10.20.30.2/16,36
20201019105046,10.77.1.1/24,7
20201019105048,10.20.30.2/16,-
20201019105049,10.77.1.2/24,3
20201019105050,10.77.1.2/24,7
20201019105052,10.77.1.2/24,7
20201019105053,10.77.1.1/24,-
20201019105054,10.77.1.1/24,-
20201019105055,10.77.1.1/24,-
20201019105056,10.77.1.1/24,3
20201019105057,10.77.1.2/24,4
20201019105058,192.168.1.2/24,29
20201019105059,10.20.30.1/16,99
20201019105101,192.168.1.2/24,-
20201019105102,10.77.1.1/24,45
20201019105103,192.168.1.2/24,82
20201019105104,10.77.1.2/24,9
20201019105105,10.20.30.2/16,10
20201019105106,192.168.1.1/24,-
20201019105107,10.20.30.2/16,5
20201019105108,10.20.30.1/16,3
20201019105109,192.168.1.1/24,-
20201019105110,10.20.30.1/16,7
20201019105111,10.20.30.1/16,11
20201019105112,10.20.30.1/16,11
20201019105113,10.77.1.2/24,1
20201019105114,10.77.1.1/24,1
20201019105115,192.168.1.2/24,27
20201019105116,10.77.1.2/24,7
20201019105117,10.77.1.1/24,13
20201019105118,10.20.30.1/16,5
20201019105119,10.77.1.1/24,-
20201019105120,10.20.30.1/16,8
20201019105121,10.77.1.2/24,-
20201019105122,10.20.30.1/16,2
20201019105123,10.77.1.1/24,4
20201019105125,10.20.30.2/16,3
20201019105126,10.77.1.1/24,33
20201019105128,10.20.30.1/16,37
20201019105129,10.20.30.1/16,6
20201019105130,10.20.30.1/16,-
20201019105131,192.168.1.1/24,-
20201019105132,192.168.1.2/24,29
20201019105133,192.168.1.2/24,64
20201019105134,10.20.30.2/16,5
20201019105135,10.77.1.2/24,-
20201019105136,10.20.30.2/16,17
20201019105137,192.168.1.1/24,7
20201019105139,192.168.1.2/24,7
20201019105140,10.77.1.2/24,7
20201019105141,192.168.1.1/24,40
20201019105142,10.77.1.2/24,3
20201019105143,192.168.1.2/24,3
20201019105144,192.168.1.1/24,9
20201019105145,10.20.30.2/16,5
20201019105146,10.20.30.2/16,3
20201019105148,10.77.1.2/24,4
20201019105150,10.77.1.2/24,10
20201019105152,10.77.1.1/24,1
20201019105153,192.168.1.1/24,4
20201019105154,10.20.30.2/16,54
20201019105155,10.20.30.2/16,9
20201019105156,10.77.1.1/24,-
20201019105157,192.168.1.2/24,-
20201019105159,192.168.1.1/24,-
20201019105200,10.77.1.2/24,7
20201019105201,192.168.1.2/24,9
20201019105202,10.77.1.1/24,3
20201019105204,10.77.1.1/24,-
20201019105205,192.168.1.2/24,1
20201019105206,192.168.1.2/24,3
20201019105208,10.77.1.2/24,-
20201019105209,10.77.1.2/24,-
20201019105211,10.20.30.2/16,7
20201019105212,192.168.1.2/24,1
20201019105213,10.20.30.1/16,-
20201019105214,192.168.1.2/24,4
20201019105215,10.20.30.1/16,-
20201019105216,10.20.30.1/16,-
20201019105218,192.168.1.1/24,2
20201019105219,192.168.1.2/24,2
20201019105220,192.168.1.2/24,-
20201019105222,10.77.1.2/24,31
20201019105223,10.20.30.2/16,64
20201019105224,10.20.30.2/16,8
20201019105225,10.20.30.2/16,1
20201019105226,10.77.1.1/24,7
20201019105227,10.77.1.1/24,7
20201019105229,192.168.1.2/24,8
20201019105230,10.77.1.2/24,4
20201019105232,10.20.30.2/16,41
20201019105233,10.77.1.2/24,4
20201019105234,192.168.1.1/24,1
20201019105235,10.20.30.1/16,3
20201019105237,10.20.30.2/16,41
20201019105238,10.20.30.1/16,5
20201019105239,10.77.1.2/24,-
20201019105240,10.77.1.2/24,-
20201019105241,10.20.30.2/16,78
20201019105243,192.168.1.2/24,9
20201019105244,192.168.1.1/24,4
20201019105245,10.77.1.2/24,9
20201019105247,192.168.1.1/24,33
20201019105248,192.168.1.1/24,8
20201019105249,10.20.30.2/16,41
20201019105250,192.168.1.2/24,85
20201019105251,10.20.30.2/16,1
20201019105252,10.77.1.2/24,9
20201019105253,10.20.30.2/16,-
20201019105254,10.20.30.2/16,22
20201019105255,10.20.30.2/16,8
20201019105257,10.20.30.2/16,-
20201019105258,10.20.30.1/16,-
20201019105259,192.168.1.2/24,-
20201019105300,192.168.1.2/24,6
20201019105301,192.168.1.1/24,-
20201019105302,10.20.30.2/16,4
20201019105303,192.168.1.2/24,6
20201019105304,192.168.1.2/24,-
20201019105305,10.77.1.1/24,5
20201019105307,10.77.1.1/24,7
20201019105308,10.20.30.1/16,5
20201019105309,192.168.1.2/24,59
20201019105311,10.77.1.1/24,6
20201019105312,192.168.1.1/24,-
20201019105313,10.20.30.1/16,-
20201019105314,192.168.1.1/24,71
20201019105315,192.168.1.2/24,-
20201019105317,10.77.1.2/24,9
20201019105319,10.77.1.1/24,-
20201019105321,192.168.1.2/24,-
20201019105322,10.77.1.1/24,-
20201019105323,10.20.30.2/16,72
20201019105324,10.77.1.1/24,9
20201019105325,10.77.1.2/24,1
20201019105327,10.20.30.2/16,59
20201019105328,10.77.1.1/24,4
20201019105329,10.20.30.1/16,21
20201019105330,10.20.30.2/16,-
20201019105332,10.20.30.1/16,-
20201019105333,192.168.1.2/24,7
20201019105334,192.168.1.2/24,9
20201019105335,10.77.1.2/24,-
20201019105336,10.20.30.2/16,41
20201019105337,10.20.30.2/16,88
20201019105338,10.20.30.2/16,58
20201019105339,10.77.1.1/24,8
20201019105341,10.20.30.2/16,-
20201019105342,10.77.1.1/24,1
20201019105343,10.77.1.2/24,52
20201019105344,192.168.1.1/24,75
20201019105345,10.20.30.2/16,-
20201019105346,192.168.1.2/24,3
20201019105347,192.168.1.2/24,8
20201019105348,192.168.1.2/24,-
20201019105350,10.20.30.1/16,-
20201019105351,10.20.30.1/16,-
20201019105352,192.168.1.2/24,-
20201019105353,10.20.30.2/16,31
20201019105354,192.168.1.1/24,-
20201019105355,192.168.1.2/24,22
20201019105356,10.77.1.1/24,-
20201019105357,10.77.1.1/24,5
20201019105359,10.20.30.2/16,12
20201019105400,10.77.1.2/24,13
20201019105401,192.168.1.1/24,-
20201019105402,10.77.1.1/24,-
20201019105403,10.77.1.1/24,-
20201019105404,10.20.30.2/16,9
20201019105405,10.20.30.2/16,-
20201019105406,10.20.30.2/16,9
20201019105408,10.77.1.2/24,9
20201019105410,10.20.30.2/16,9
20201019105412,10.20.30.2/16,85
20201019105413,10.77.1.2/24,-
20201019105414,10.77.1.2/24,8
20201019105415,10.20.30.2/16,9
20201019105416,10.77.1.1/24,-
20201019105418,10.20.30.2/16,13
20201019105419,10.20.30.2/16,-
20201019105420,10.20.30.1/16,24
20201019105421,10.77.1.2/24,-
20201019105422,192.168.1.1/24,12
20201019105423,10.20.30.2/16,-
20201019105424,10.77.1.2/24,9
20201019105425,10.20.30.2/16,-
20201019105426,10.77.1.2/24,4
20201019105427,10.20.30.1/16,3
20201019105428,192.168.1.2/24,-
20201019105430,192.168.1.1/24,29
20201019105431,10.77.1.1/24,6
20201019105433,192.168.1.1/24,42
20201019105434,10.77.1.1/24,2
20201019105435,10.77.1.2/24,-
20201019105436,10.20.30.2/16,2
20201019105438,192.168.1.1/24,-
20201019105439,192.168.1.1/24,-
20201019105440,192.168.1.1/24,5
20201019105441,10.77.1.1/24,63
20201019105443,10.77.1.2/24,39
20201019105444,192.168.1.2/24,67
20201019105445,192.168.1.2/24,9
20201019105446,10.77.1.2/24,2
20201019105448,10.77.1.1/24,27
20201019105450,10.20.30.1/16,-
20201019105451,192.168.1.2/24,7
20201019105453,10.20.30.1/16,8
20201019105454,192.168.1.1/24,5
20201019105456,10.20.30.1/16,-
20201019105457,10.20.30.2/16,3
20201019105458,192.168.1.1/24,9
20201019105459,192.168.1.2/24,5
20201019105500,10.20.30.1/16,1
20201019105501,10.77.1.2/24,9
20201019105503,192.168.1.2/24,2
20201019105504,192.168.1.1/24,41
20201019105506,192.168.1.1/24,-
20201019105508,10.20.30.1/16,4
20201019105509,10.20.30.1/16,77
20201019105510,192.168.1.2/24,44
20201019105511,192.168.1.2/24,6
20201019105513,10.20.30.1/16,8
20201019105514,10.77.1.2/24,-
20201019105515,192.168.1.1/24,6
20201019105517,192.168.1.1/24,9
20201019105519,192.168.1.1/24,3
20201019105520,10.77.1.2/24,6
20201019105522,10.77.1.1/24,-
20201019105524,10.77.1.1/24,40
20201019105525,10.77.1.1/24,29
20201019105527,10.77.1.2/24,7
20201019105529,10.20.30.1/16,18
20201019105531,10.20.30.1/16,2
20201019105532,10.20.30.1/16,5
20201019105533,10.20.30.1/16,7
20201019105535,10.77.1.2/24,73
20201019105537,10.77.1.1/24,9
20201019105538,10.77.1.2/24,5
20201019105539,10.20.30.1/16,5
20201019105540,10.77.1.1/24,54
20201019105542,10.20.30.1/16,-
20201019105543,10.77.1.1/24,2
20201019105544,10.20.30.2/16,-
20201019105546,10.77.1.1/24,6
20201019105547,10.20.30.2/16,-
20201019105548,10.20.30.1/16,59
20201019105549,10.20.30.1/16,6
20201019105550,10.77.1.2/24,97
20201019105552,10.77.1.2/24,66
20201019105553,10.20.30.2/16,22
20201019105555,10.20.30.2/16,55
20201019105556,10.77.1.1/24,21
20201019105558,10.77.1.2/24,6
20201019105600,10.20.30.2/16,5
20201019105601,192.168.1.1/24,7
20201019105603,10.77.1.2/24,9
20201019105604,192.168.1.1/24,-
20201019105606,10.77.1.2/24,2
20201019105607,192.168.1.2/24,7
20201019105609,10.77.1.2/24,3
20201019105610,10.77.1.2/24,-
20201019105611,10.77.1.2/24,10
20201019105612,10.20.30.2/16,4
20201019105614,10.77.1.2/24,12
20201019105615,192.168.1.2/24,7
20201019105616,10.20.30.1/16,1
20201019105617,10.77.1.1/24,-
20201019105618,192.168.1.1/24,-
20201019105619,10.77.1.1/24,7
20201019105620,192.168.1.1/24,-
20201019105621,10.20.30.1/16,-
20201019105622,10.20.30.2/16,6
20201019105624,10.77.1.1/24,-
20201019105625,10.20.30.1/16,6
20201019105627,10.20.30.1/16,5
20201019105628,10.77.1.1/24,63
20201019105629,10.77.1.2/24,7
20201019105630,10.77.1.1/24,8
20201019105632,192.168.1.1/24,9
20201019105633,10.77.1.1/24,80
20201019105635,10.20.30.1/16,7
20201019105637,10.77.1.1/24,51
20201019105638,192.168.1.1/24,19
20201019105639,10.20.30.1/16,-
20201019105640,192.168.1.1/24,3
20201019105641,192.168.1.1/24,8
20201019105643,10.77.1.1/24,8
20201019105645,192.168.1.1/24,-
20201019105647,10.20.30.1/16,7
20201019105648,192.168.1.2/24,2
20201019105649,192.168.1.1/24,-
20201019105650,10.77.1.1/24,7
20201019105651,10.20.30.1/16,75
20201019105652,10.77.1.1/24,73
20201019105654,10.77.1.2/24,4
20201019105656,192.168.1.1/24,9
20201019105658,192.168.1.2/24,9
20201019105659,10.20.30.1/16,71
20201019105700,192.168.1.2/24,7
20201019105701,10.20.30.2/16,-
20201019105702,10.77.1.2/24,-
20201019105703,10.77.1.1/24,-
20201019105704,192.168.1.1/24,79
20201019105705,10.20.30.1/16,25
20201019105706,10.77.1.2/24,-
20201019105707,192.168.1.1/24,-
20201019105708,192.168.1.2/24,5
20201019105709,10.77.1.1/24,-
20201019105711,10.77.1.2/24,20
20201019105712,10.20.30.1/16,1
20201019105714,192.168.1.1/24,5
20201019105715,192.168.1.1/24,-
20201019105717,10.20.30.2/16,3
20201019105718,10.77.1.2/24,5
20201019105719,10.20.30.1/16,-
20201019105720,10.20.30.2/16,8
20201019105721,192.168.1.1/24,28
20201019105723,10.77.1.1/24,-
20201019105724,10.20.30.1/16,-
20201019105725,10.20.30.2/16,29
20201019105726,10.20.30.1/16,-
20201019105727,10.20.30.1/16,17
20201019105728,192.168.1.1/24,-
20201019105729,10.20.30.2/16,-
20201019105731,10.77.1.1/24,47
20201019105733,10.77.1.1/24,-
20201019105734,192.168.1.2/24,5
20201019105735,192.168.1.2/24,9
20201019105736,10.20.30.2/16,5
20201019105737,10.77.1.2/24,4
20201019105738,192.168.1.1/24,4
20201019105739,10.20.30.1/16,9
20201019105741,192.168.1.1/24,8
20201019105743,10.20.30.2/16,6
20201019105744,10.20.30.1/16,51
20201019105745,10.20.30.1/16,2
20201019105747,192.168.1.2/24,7
20201019105748,10.20.30.2/16,7
20201019105749,192.168.1.2/24,50
20201019105751,10.77.1.2/24,9
20201019105752,10.20.30.2/16,5
20201019105753,192.168.1.2/24,88
20201019105754,10.77.1.1/24,9
20201019105755,10.77.1.1/24,9
20201019105757,192.168.1.1/24,93
20201019105758,192.168.1.1/24,76
20201019105800,10.77.1.2/24,-
20201019105801,10.20.30.2/16,26
20201019105802,10.77.1.2/24,6
20201019105803,10.77.1.1/24,7
20201019105805,10.20.30.2/16,3
20201019105806,10.77.1.2/24,96
20201019105808,10.77.1.1/24,7
20201019105809,192.168.1.2/24,-
20201019105811,10.77.1.1/24,3
20201019105812,10.20.30.2/16,-
20201019105813,10.77.1.1/24,-
20201019105814,10.77.1.2/24,73
20201019105816,192.168.1.1/24,9
20201019105817,10.77.1.1/24,29
20201019105818,10.20.30.2/16,-
20201019105819,192.168.1.1/24,-
20201019105820,10.77.1.1/24,-
20201019105821,10.77.1.2/24,6
20201019105822,192.168.1.2/24,85
20201019105824,10.77.1.1/24,-
20201019105825,192.168.1.2/24,9
20201019105826,10.77.1.2/24,-
20201019105827,192.168.1.1/24,57
20201019105828,192.168.1.1/24,-
20201019105829,192.168.1.2/24,-
20201019105831,10.20.30.2/16,7
20201019105833,10.77.1.1/24,68
20201019105834,192.168.1.2/24,98
20201019105835,192.168.1.2/24,8
20201019105837,192.168.1.2/24,10
20201019105838,192.168.1.2/24,6
20201019105839,192.168.1.2/24,1
20201019105841,192.168.1.1/24,59
20201019105843,10.20.30.1/16,21
20201019105844,10.20.30.1/16,8
20201019105845,192.168.1.1/24,3
20201019105846,10.77.1.2/24,39
20201019105847,192.168.1.2/24,33
20201019105848,10.20.30.1/16,1
20201019105849,192.168.1.1/24,9
20201019105850,192.168.1.2/24,9
20201019105851,10.20.30.2/16,-
20201019105853,192.168.1.1/24,8
20201019105854,10.77.1.2/24,5
20201019105856,10.77.1.2/24,78
20201019105857,10.77.1.1/24,4
20201019105858,192.168.1.1/24,11
20201019105859,10.77.1.1/24,5
20201019105900,10.77.1.2/24,8
20201019105901,192.168.1.2/24,11
20201019105902,192.168.1.1/24,74
20201019105903,10.77.1.2/24,-
20201019105904,192.168.1.2/24,79
20201019105905,10.77.1.1/24,9
20201019105907,10.20.30.1/16,51
20201019105908,192.168.1.2/24,37
20201019105909,192.168.1.2/24,-
20201019105910,10.77.1.2/24,67
20201019105911,10.20.30.2/16,35
20201019105912,10.20.30.1/16,18
20201019105914,10.77.1.2/24,6
20201019105915,10.20.30.2/16,-
20201019105917,10.20.30.2/16,-
20201019105918,10.77.1.2/24,-
20201019105919,10.20.30.1/16,7
20201019105920,192.168.1.2/24,6
20201019105921,10.20.30.2/16,-
20201019105922,192.168.1.2/24,5
20201019105923,192.168.1.2/24,59
20201019105925,192.168.1.2/24,-
20201019105926,10.77.1.1/24,7
20201019105927,192.168.1.2/24,-
20201019105928,10.20.30.1/16,2
20201019105929,10.20.30.1/16,20
20201019105930,192.168.1.1/24,1
20201019105931,10.20.30.1/16,49
20201019105932,10.77.1.1/24,12
20201019105934,10.20.30.1/16,3
20201019105935,10.77.1.2/24,2
20201019105936,10.20.30.1/16,5
20201019105937,10.77.1.1/24,9
20201019105938,10.20.30.2/16,5
20201019105939,192.168.1.2/24,9
20201019105940,10.20.30.2/16,2
20201019105942,10.77.1.2/24,4
20201019105943,10.20.30.1/16,5
20201019105944,10.20.30.2/16,26
20201019105945,192.168.1.2/24,55
20201019105946,10.20.30.2/16,-
20201019105948,192.168.1.2/24,8
20201019105949,192.168.1.1/24,-
20201019105950,192.168.1.2/24,5
20201019105951,192.168.1.1/24,77
20201019105952,10.77.1.1/24,28
20201019105953,192.168.1.1/24,-
20201019105954,192.168.1.1/24,-
20201019105955,192.168.1.1/24,-
20201019105956,10.77.1.2/24,-
20201019105958,10.20.30.2/16,-
20201019105959,10.77.1.2/24,8
20201019110000,10.77.1.1/24,-
20201019110001,192.168.1.1/24,6
20201019110003,192.168.1.1/24,-
20201019110004,10.20.30.1/16,6
20201019110005,10.20.30.1/16,3
20201019110006,192.168.1.1/24,0
20201019110007,10.77.1.2/24,7
20201019110008,10.20.30.2/16,6
20201019110010,192.168.1.1/24,32
20201019110011,10.77.1.1/24,-
20201019110012,10.77.1.2/24,6
20201019110014,10.20.30.2/16,4
20201019110015,10.77.1.1/24,6
20201019110016,192.168.1.1/24,6
20201019110017,192.168.1.2/24,4
20201019110018,10.77.1.2/24,-
20201019110019,192.168.1.2/24,8
20201019110020,10.77.1.2/24,21
20201019110021,10.20.30.2/16,1
20201019110023,10.77.1.1/24,4
20201019110024,10.20.30.2/16,9
20201019110025,10.77.1.1/24,1
20201019110026,10.20.30.2/16,1
20201019110027,10.77.1.1/24,4
20201019110028,10.20.30.1/16,-
20201019110030,10.20.30.2/16,32
20201019110032,10.20.30.1/16,77
20201019110033,10.20.30.2/16,12
20201019110034,10.77.1.2/24,-
20201019110035,10.20.30.1/16,-
20201019110036,10.20.30.2/16,5
20201019110037,10.20.30.1/16,8
20201019110038,192.168.1.1/24,9
20201019110039,10.20.30.2/16,84
20201019110040,10.20.30.1/16,-
20201019110041,192.168.1.2/24,-
20201019110042,10.20.30.1/16,8
20201019110043,10.77.1.1/24,2
20201019110045,192.168.1.2/24,8
20201019110046,10.20.30.2/16,6
20201019110047,192.168.1.1/24,2
20201019110048,10.77.1.1/24,-
20201019110049,10.20.30.2/16,9
20201019110050,192.168.1.1/24,87
20201019110051,10.77.1.2/24,39
20201019110052,10.20.30.1/16,75
20201019110053,192.168.1.2/24,1
20201019110055,10.77.1.2/24,12
20201019110056,10.77.1.2/24,4
20201019110057,10.77.1.1/24,-
20201019110058,192.168.1.2/24,-
20201019110100,10.77.1.2/24,29
20201019110102,10.77.1.2/24,8
20201019110104,10.77.1.1/24,-
20201019110105,192.168.1.2/24,-
20201019110106,10.77.1.2/24,9
20201019110107,192.168.1.2/24,54
20201019110109,10.77.1.2/24,8
20201019110110,10.77.1.1/24,9
20201019110111,192.168.1.2/24,-
20201019110113,10.20.30.2/16,-
20201019110115,10.20.30.2/16,4
20201019110117,192.168.1.2/24,-
20201019110118,10.77.1.1/24,-
20201019110119,10.20.30.1/16,7
20201019110120,10.77.1.1/24,-
20201019110121,192.168.1.2/24,5
20201019110123,10.77.1.2/24,3
20201019110125,10.20.30.1/16,-
20201019110126,192.168.1.2/24,8
20201019110127,192.168.1.2/24,-
20201019110128,10.20.30.2/16,14
20201019110129,10.77.1.1/24,2
20201019110130,192.168.1.1/24,2
20201019110131,10.20.30.1/16,9
20201019110132,192.168.1.1/24,1
20201019110134,10.77.1.1/24,4
20201019110136,192.168.1.1/24,-
20201019110137,10.20.30.2/16,2
20201019110139,10.77.1.2/24,2
20201019110140,10.20.30.1/16,6
20201019110142,10.77.1.2/24,-
20201019110143,10.20.30.2/16,9
20201019110145,10.77.1.1/24,1
20201019110146,192.168.1.2/24,6
20201019110147,10.77.1.2/24,23
20201019110148,192.168.1.1/24,93
20201019110149,10.77.1.2/24,5
20201019110150,10.77.1.1/24,47
20201019110151,10.77.1.2/24,2
20201019110152,192.168.1.2/24,1
20201019110153,10.77.1.1/24,24
20201019110154,10.77.1.1/24,3
20201019110155,10.20.30.2/16,9
20201019110157,10.20.30.1/16,49
20201019110158,10.20.30.2/16,1
20201019110159,192.168.1.2/24,7
20201019110200,192.168.1.1/24,-
20201019110201,10.77.1.1/24,22
20201019110202,192.168.1.1/24,97
20201019110203,10.77.1.2/24,8
20201019110205,192.168.1.1/24,4
20201019110206,192.168.1.1/24,5
20201019110207,192.168.1.1/24,3
20201019110208,10.77.1.1/24,52
20201019110209,192.168.1.2/24,6
20201019110210,10.20.30.1/16,8
20201019110212,192.168.1.2/24,4
20201019110213,192.168.1.2/24,-
20201019110214,10.20.30.1/16,-
20201019110216,10.77.1.1/24,11
20201019110217,10.77.1.2/24,-
20201019110219,10.77.1.1/24,10
20201019110220,10.20.30.1/16,-
20201019110221,192.168.1.1/24,9
20201019110222,192.168.1.1/24,65
20201019110223,10.77.1.2/24,6
20201019110225,10.77.1.2/24,4
20201019110226,10.20.30.2/16,45
20201019110227,10.77.1.1/24,2
20201019110228,10.20.30.1/16,8
20201019110229,10.77.1.2/24,-
20201019110230,10.77.1.2/24,68
20201019110231,10.20.30.1/16,12
20201019110232,192.168.1.2/24,25
20201019110233,10.77.1.2/24,-
20201019110234,10.77.1.1/24,6
20201019110235,10.77.1.2/24,-
20201019110237,10.77.1.1/24,5
20201019110238,10.20.30.2/16,20
20201019110239,10.20.30.2/16,3
20201019110240,192.168.1.1/24,-
20201019110241,10.20.30.1/16,2
20201019110242,10.20.30.2/16,10
20201019110244,192.168.1.2/24,-
20201019110245,10.77.1.1/24,26
20201019110246,10.20.30.2/16,-
20201019110247,192.168.1.1/24,6
20201019110248,10.77.1.1/24,8
20201019110249,192.168.1.1/24,-
20201019110250,10.20.30.1/16,60
20201019110251,10.77.1.2/24,48
20201019110253,10.20.30.1/16,46
20201019110254,10.77.1.1/24,-
20201019110255,192.168.1.1/24,93
20201019110257,192.168.1.1/24,2
20201019110258,192.168.1.1/24,5
20201019110259,10.77.1.2/24,7
20201019110301,192.168.1.1/24,96
20201019110302,10.20.30.2/16,9
20201019110303,192.168.1.1/24,-
20201019110304,10.20.30.1/16,7
20201019110305,192.168.1.1/24,8
20201019110306,192.168.1.1/24,5
20201019110307,10.20.30.2/16,3
20201019110308,192.168.1.1/24,-
20201019110309,10.20.30.2/16,8
20201019110310,192.168.1.1/24,-
20201019110311,10.77.1.1/24,98
20201019110312,10.77.1.2/24,7
20201019110313,10.77.1.1/24,2
20201019110315,10.77.1.1/24,0
20201019110317,10.77.1.2/24,9
20201019110318,192.168.1.1/24,-
20201019110319,10.20.30.1/16,2
20201019110320,10.77.1.1/24,-
20201019110322,10.20.30.1/16,-
20201019110324,10.77.1.2/24,2
20201019110325,192.168.1.1/24,6
20201019110326,10.20.30.2/16,5
20201019110327,10.20.30.2/16,77
20201019110328,192.168.1.1/24,-
20201019110329,192.168.1.2/24,-
20201019110331,10.20.30.2/16,46
20201019110332,10.20.30.1/16,89
20201019110333,192.168.1.1/24,6
20201019110335,10.77.1.2/24,8
20201019110336,10.20.30.2/16,-
20201019110337,192.168.1.1/24,2
20201019110339,10.77.1.1/24,19
20201019110340,10.77.1.2/24,8
20201019110341,10.20.30.1/16,6
20201019110342,10.77.1.2/24,27
20201019110344,10.20.30.1/16,-
20201019110345,10.77.1.2/24,-
20201019110346,192.168.1.1/24,12
20201019110347,192.168.1.2/24,7
20201019110348,10.77.1.2/24,69
20201019110349,10.20.30.1/16,2
20201019110350,10.77.1.1/24,9
20201019110351,192.168.1.1/24,4
20201019110352,10.77.1.2/24,9
20201019110353,10.77.1.1/24,-
20201019110355,10.77.1.2/24,63
20201019110356,10.77.1.2/24,-
20201019110357,10.20.30.1/16,43
20201019110358,10.20.30.2/16,7
20201019110359,10.77.1.2/24,63
20201019110400,10.20.30.2/16,5
20201019110401,192.168.1.1/24,9
20201019110402,10.20.30.1/16,76
20201019110403,192.168.1.2/24,7
20201019110404,10.20.30.2/16,-
20201019110405,10.77.1.2/24,-
20201019110406,192.168.1.2/24,9
20201019110407,192.168.1.2/24,3
20201019110408,10.20.30.1/16,9
20201019110409,10.77.1.2/24,10
20201019110410,10.20.30.1/16,9
20201019110412,10.20.30.2/16,77
20201019110413,10.77.1.1/24,1
20201019110414,10.20.30.2/16,9
20201019110415,10.20.30.2/16,-
20201019110416,10.20.30.1/16,84
20201019110417,10.77.1.1/24,4
20201019110418,10.20.30.2/16,-
20201019110419,192.168.1.1/24,69
20201019110420,192.168.1.2/24,1
20201019110421,10.77.1.2/24,4
20201019110422,10.20.30.2/16,42
20201019110423,192.168.1.2/24,44
20201019110424,10.20.30.2/16,-
20201019110425,10.77.1.2/24,5
20201019110426,192.168.1.2/24,9
20201019110427,10.20.30.2/16,5
20201019110428,10.20.30.2/16,-
20201019110429,192.168.1.1/24,37
20201019110431,192.168.1.1/24,68
20201019110432,192.168.1.2/24,6
20201019110434,192.168.1.2/24,3
20201019110435,10.77.1.2/24,-
20201019110436,10.77.1.1/24,-
20201019110437,10.20.30.2/16,-
20201019110439,192.168.1.2/24,26
20201019110440,192.168.1.1/24,96
20201019110441,10.77.1.1/24,92
20201019110443,10.77.1.1/24,11
20201019110444,192.168.1.1/24,2
20201019110445,10.77.1.2/24,-
20201019110446,10.20.30.2/16,6
20201019110447,10.20.30.2/16,60
20201019110448,10.77.1.2/24,-
20201019110450,10.20.30.1/16,31
20201019110452,10.77.1.2/24,7
20201019110454,10.77.1.1/24,8
20201019110456,10.77.1.1/24,3
20201019110458,192.168.1.2/24,15
20201019110459,10.20.30.2/16,5
20201019110501,10.20.30.2/16,94
20201019110502,10.20.30.2/16,1
20201019110504,10.77.1.2/24,12
20201019110506,10.20.30.1/16,14
20201019110507,192.168.1.2/24,4
20201019110509,10.77.1.1/24,18
20201019110510,10.20.30.2/16,-
20201019110511,10.77.1.1/24,5
20201019110512,10.20.30.2/16,5
20201019110513,10.20.30.1/16,2
20201019110514,192.168.1.2/24,21
20201019110516,10.77.1.1/24,-
20201019110517,192.168.1.2/24,15
20201019110519,10.20.30.2/16,7
20201019110520,192.168.1.2/24,75
20201019110521,10.20.30.1/16,5
20201019110522,10.77.1.2/24,52
20201019110524,10.20.30.1/16,93
20201019110526,192.168.1.2/24,-
20201019110527,192.168.1.2/24,2
20201019110529,192.168.1.2/24,12
20201019110530,192.168.1.2/24,-
20201019110531,10.77.1.2/24,-
20201019110533,10.20.30.2/16,8
20201019110534,10.20.30.1/16,5
20201019110535,10.20.30.2/16,9
20201019110537,192.168.1.1/24,96
20201019110538,10.77.1.1/24,-
20201019110539,10.77.1.1/24,12
20201019110541,192.168.1.1/24,-
20201019110542,10.20.30.2/16,-
20201019110543,10.20.30.2/16,8
20201019110545,192.168.1.1/24,2
20201019110546,10.20.30.1/16,19
20201019110547,10.20.30.1/16,-
20201019110548,192.168.1.2/24,8
20201019110549,192.168.1.2/24,4
20201019110550,10.77.1.1/24,-
20201019110552,10.20.30.2/16,7
20201019110553,10.20.30.1/16,10
20201019110554,10.20.30.1/16,-
20201019110555,10.77.1.2/24,-
20201019110556,10.20.30.1/16,6
20201019110557,192.168.1.1/24,7
20201019110558,10.20.30.1/16,21
20201019110559,192.168.1.2/24,6
20201019110600,192.168.1.1/24,9
20201019110601,192.168.1.1/24,-
20201019110602,10.20.30.1/16,71
20201019110604,10.77.1.1/24,63
20201019110605,10.20.30.2/16,4
20201019110606,10.20.30.2/16,18
20201019110607,10.77.1.2/24,5
20201019110608,10.77.1.1/24,41
20201019110609,192.168.1.1/24,39
20201019110611,10.20.30.1/16,95
20201019110612,10.77.1.1/24,6
20201019110614,10.20.30.2/16,-
20201019110615,192.168.1.2/24,74
20201019110617,10.20.30.2/16,-
20201019110619,192.168.1.1/24,-
20201019110621,10.20.30.2/16,4
20201019110622,10.77.1.2/24,7
20201019110623,10.20.30.1/16,-
20201019110624,10.77.1.1/24,11
20201019110625,10.77.1.1/24,2
20201019110626,10.77.1.1/24,-
20201019110627,10.20.30.1/16,76
20201019110628,10.20.30.2/16,-
20201019110630,10.77.1.2/24,9
20201019110631,10.20.30.2/16,8
20201019110633,10.77.1.2/24,5
20201019110634,192.168.1.2/24,5
20201019110635,192.168.1.2/24,58
20201019110636,192.168.1.2/24,-
20201019110637,10.20.30.1/16,9
20201019110639,10.77.1.2/24,7
20201019110640,10.77.1.1/24,-
20201019110641,10.20.30.1/16,6
20201019110643,10.77.1.2/24,-
20201019110644,10.20.30.1/16,52
20201019110645,192.168.1.2/24,-
20201019110646,10.20.30.1/16,6
20201019110647,10.77.1.1/24,8
20201019110648,10.77.1.1/24,1
20201019110649,10.20.30.2/16,5
20201019110651,10.77.1.1/24,-
20201019110652,10.20.30.2/16,-
20201019110653,192.168.1.1/24,-
20201019110654,10.77.1.2/24,5
20201019110655,192.168.1.2/24,5
20201019110656,192.168.1.1/24,80
20201019110657,192.168.1.1/24,5
20201019110658,10.20.30.2/16,10
20201019110659,10.20.30.2/16,4
20201019110701,10.20.30.2/16,-
20201019110703,10.20.30.2/16,7
20201019110705,192.168.1.1/24,3
20201019110707,10.20.30.1/16,-
20201019110708,192.168.1.1/24,6
20201019110709,10.77.1.1/24,75
20201019110711,192.168.1.2/24,1
20201019110712,10.77.1.2/24,-
20201019110714,10.20.30.1/16,14
20201019110715,10.20.30.1/16,61
20201019110716,192.168.1.1/24,-
20201019110717,10.20.30.1/16,80
20201019110718,192.168.1.2/24,2
20201019110719,10.20.30.2/16,15
20201019110720,10.77.1.1/24,8
20201019110721,10.77.1.1/24,-
20201019110723,10.77.1.1/24,20
20201019110724,192.168.1.2/24,4
20201019110726,10.20.30.2/16,23
20201019110728,10.20.30.2/16,46
20201019110730,192.168.1.2/24,4
20201019110731,192.168.1.2/24,-
20201019110732,10.20.30.1/16,93
20201019110733,10.20.30.2/16,-
20201019110734,10.20.30.2/16,4
20201019110735,10.20.30.1/16,-
20201019110737,10.20.30.2/16,3
20201019110739,10.20.30.1/16,8
20201019110740,10.20.30.1/16,7
20201019110741,10.20.30.1/16,-
20201019110742,10.77.1.1/24,-
20201019110744,192.168.1.2/24,90
20201019110746,10.20.30.1/16,6
20201019110747,192.168.1.1/24,-
20201019110748,10.20.30.1/16,-
20201019110749,192.168.1.2/24,-
20201019110750,10.77.1.1/24,-
20201019110751,10.77.1.1/24,-
20201019110752,10.77.1.2/24,-
20201019110754,10.77.1.2/24,9
20201019110755,10.20.30.2/16,26
20201019110756,10.77.1.2/24,7
20201019110757,10.77.1.1/24,4
20201019110758,192.168.1.1/24,-
20201019110759,10.20.30.2/16,14
20201019110800,10.77.1.1/24,9
20201019110801,10.20.30.2/16,63
20201019110802,10.20.30.2/16,2
20201019110803,10.20.30.1/16,3
20201019110804,192.168.1.2/24,9
20201019110805,10.20.30.1/16,-
20201019110807,192.168.1.1/24,4
20201019110808,10.77.1.2/24,2
20201019110809,192.168.1.1/24,-
20201019110810,192.168.1.1/24,49
20201019110812,192.168.1.2/24,7
20201019110813,10.77.1.2/24,25
20201019110814,10.77.1.2/24,-
20201019110816,10.77.1.2/24,97
20201019110817,10.77.1.1/24,-
20201019110818,192.168.1.1/24,7
20201019110819,192.168.1.1/24,1
20201019110821,10.77.1.2/24,7
20201019110822,10.20.30.1/16,-
20201019110823,192.168.1.1/24,3
20201019110824,10.77.1.2/24,5
20201019110826,10.77.1.1/24,9
20201019110828,10.20.30.2/16,5
20201019110830,10.77.1.2/24,-
20201019110831,10.77.1.2/24,-
20201019110833,10.20.30.1/16,11
20201019110834,10.77.1.1/24,4
20201019110835,10.20.30.1/16,62
20201019110836,10.77.1.1/24,30
20201019110837,10.77.1.1/24,8
20201019110839,10.20.30.1/16,6
20201019110840,10.77.1.2/24,5
20201019110841,192.168.1.2/24,7
20201019110842,192.168.1.1/24,4
20201019110843,192.168.1.2/24,3
20201019110844,192.168.1.1/24,-
20201019110846,10.20.30.2/16,10
20201019110847,10.77.1.2/24,2
20201019110848,10.77.1.1/24,8
20201019110849,10.77.1.2/24,6
20201019110850,10.77.1.1/24,5
20201019110851,10.77.1.2/24,2
20201019110852,10.20.30.1/16,9
20201019110853,192.168.1.2/24,79
20201019110854,10.20.30.2/16,5
20201019110856,192.168.1.2/24,89
20201019110857,10.20.30.2/16,1
20201019110859,10.20.30.1/16,-
20201019110901,10.77.1.2/24,5
20201019110902,192.168.1.1/24,-
20201019110904,10.20.30.2/16,8
20201019110905,10.20.30.1/16,11
20201019110906,10.20.30.1/16,7
20201019110907,10.77.1.1/24,-
20201019110909,192.168.1.2/24,-
20201019110910,10.77.1.1/24,3
20201019110912,10.77.1.1/24,82
20201019110913,10.77.1.2/24,3
20201019110914,10.77.1.2/24,21
20201019110915,10.77.1.2/24,48
20201019110916,10.20.30.2/16,7
20201019110917,192.168.1.2/24,4
20201019110918,10.77.1.1/24,5
20201019110919,10.77.1.1/24,9
20201019110921,10.77.1.1/24,-
20201019110923,192.168.1.2/24,80
20201019110924,192.168.1.2/24,87
20201019110925,192.168.1.1/24,5
20201019110926,10.20.30.2/16,6
20201019110927,10.77.1.1/24,-
20201019110928,10.20.30.1/16,47
20201019110930,192.168.1.2/24,-
20201019110932,192.168.1.1/24,5
20201019110933,192.168.1.1/24,72
20201019110934,192.168.1.2/24,6
20201019110936,10.77.1.1/24,7
20201019110937,10.20.30.2/16,84
20201019110938,192.168.1.2/24,6
20201019110939,192.168.1.1/24,4
20201019110940,192.168.1.2/24,79
20201019110942,10.77.1.1/24,11
20201019110943,192.168.1.2/24,36
20201019110945,192.168.1.1/24,6
20201019110947,192.168.1.2/24,-
20201019110948,10.77.1.2/24,-
20201019110949,192.168.1.1/24,5
20201019110950,192.168.1.1/24,-
20201019110951,10.77.1.2/24,1
20201019110952,192.168.1.1/24,-
20201019110953,10.77.1.2/24,-
20201019110955,10.77.1.2/24,8
20201019110956,10.77.1.1/24,81
20201019110958,192.168.1.2/24,23
20201019111000,10.77.1.1/24,-
20201019111001,10.77.1.1/24,8
20201019111003,192.168.1.1/24,-
20201019111004,192.168.1.2/24,-
20201019111006,10.77.1.1/24,-
20201019111008,10.77.1.2/24,4
20201019111009,10.20.30.2/16,30
20201019111011,192.168.1.2/24,3
20201019111012,10.20.30.1/16,69
20201019111014,192.168.1.1/24,17
20201019111015,10.77.1.1/24,5
20201019111016,10.77.1.1/24,1
20201019111018,192.168.1.1/24,3
20201019111019,10.20.30.2/16,90
20201019111020,10.77.1.2/24,12
20201019111021,10.20.30.1/16,1
20201019111022,10.20.30.2/16,-
20201019111023,10.20.30.2/16,-
20201019111025,10.20.30.2/16,32
20201019111027,10.20.30.2/16,3
20201019111028,10.77.1.2/24,-
20201019111029,10.20.30.1/16,5
20201019111030,192.168.1.2/24,-
20201019111031,192.168.1.1/24,-
20201019111032,10.77.1.2/24,-
20201019111033,10.20.30.2/16,3
20201019111035,10.77.1.1/24,11
20201019111037,10.20.30.2/16,9
20201019111038,192.168.1.1/24,55
20201019111039,10.77.1.2/24,-
20201019111040,192.168.1.1/24,2
20201019111042,10.77.1.2/24,5
20201019111043,10.77.1.2/24,4
20201019111045,192.168.1.2/24,5
20201019111046,10.77.1.1/24,85
20201019111047,10.20.30.1/16,6
20201019111048,10.77.1.1/24,-
20201019111049,192.168.1.2/24,28
20201019111050,10.77.1.1/24,-
20201019111051,192.168.1.1/24,7
20201019111053,10.20.30.2/16,16
20201019111055,10.20.30.1/16,6
20201019111056,10.20.30.2/16,6
20201019111058,10.20.30.1/16,-
20201019111059,10.20.30.1/16,-
20201019111100,192.168.1.2/24,8
20201019111101,10.20.30.1/16,4
20201019111103,10.77.1.1/24,2
20201019111104,10.20.30.1/16,5
20201019111105,10.20.30.1/16,8
20201019111106,192.168.1.2/24,8
20201019111107,10.20.30.1/16,13
20201019111109,10.77.1.1/24,54
20201019111110,10.20.30.2/16,6
20201019111111,10.20.30.1/16,3
20201019111112,192.168.1.2/24,-
20201019111113,10.77.1.1/24,20
20201019111115,10.20.30.2/16,71
20201019111117,192.168.1.2/24,64
20201019111118,192.168.1.1/24,5
20201019111119,10.77.1.1/24,90
20201019111120,10.77.1.2/24,-
20201019111121,10.77.1.1/24,46
20201019111123,10.20.30.1/16,-
20201019111124,10.20.30.2/16,59
20201019111125,10.20.30.2/16,7
20201019111126,10.77.1.2/24,7
20201019111127,10.20.30.2/16,2
20201019111128,10.77.1.2/24,-
20201019111129,10.77.1.2/24,-
20201019111130,10.77.1.2/24,93
20201019111131,192.168.1.2/24,-
20201019111132,10.77.1.2/24,7
20201019111134,10.20.30.2/16,-
20201019111135,192.168.1.2/24,-
20201019111136,192.168.1.2/24,61
20201019111137,10.77.1.1/24,-
20201019111139,10.20.30.1/16,9
20201019111141,192.168.1.1/24,1
20201019111142,10.20.30.1/16,2
20201019111143,10.20.30.2/16,5
20201019111145,10.77.1.2/24,3
20201019111147,10.77.1.1/24,1
20201019111149,192.168.1.1/24,11
20201019111150,192.168.1.1/24,84
20201019111152,10.20.30.2/16,62
20201019111153,10.77.1.1/24,7
20201019111154,192.168.1.2/24,-
20201019111155,10.20.30.1/16,7
20201019111156,10.77.1.1/24,-
20201019111157,10.77.1.2/24,8
20201019111158,10.20.30.2/16,98
20201019111200,10.77.1.1/24,-
20201019111201,10.20.30.1/16,19
20201019111202,10.20.30.2/16,-
20201019111203,10.77.1.2/24,-
20201019111205,192.168.1.1/24,83
20201019111206,192.168.1.1/24,2
20201019111207,10.20.30.1/16,28
20201019111208,10.20.30.1/16,69
20201019111209,10.77.1.2/24,3
20201019111210,10.77.1.1/24,54
20201019111211,192.168.1.2/24,2
20201019111212,10.20.30.2/16,34
20201019111213,192.168.1.1/24,5
20201019111214,192.168.1.1/24,1
20201019111215,10.20.30.2/16,-
20201019111216,192.168.1.2/24,68
20201019111217,10.77.1.2/24,2
20201019111219,10.77.1.1/24,2
20201019111220,10.77.1.1/24,39
20201019111221,10.20.30.2/16,-
20201019111222,192.168.1.2/24,-
20201019111223,10.20.30.1/16,6
20201019111224,192.168.1.1/24,-
20201019111225,10.77.1.1/24,6
20201019111226,10.20.30.2/16,7
20201019111227,10.77.1.2/24,4
20201019111228,10.20.30.2/16,-
20201019111229,10.20.30.1/16,-
20201019111230,192.168.1.1/24,4
20201019111231,10.20.30.1/16,31
20201019111232,10.20.30.1/16,9
20201019111233,192.168.1.1/24,4
20201019111235,10.77.1.1/24,14
20201019111236,192.168.1.1/24,6
20201019111237,10.20.30.2/16,-
20201019111238,10.77.1.2/24,4
20201019111239,192.168.1.2/24,4
20201019111240,10.77.1.1/24,7
20201019111241,10.77.1.1/24,40
20201019111242,10.77.1.1/24,-
20201019111243,10.20.30.2/16,5
20201019111244,10.77.1.1/24,11
20201019111246,192.168.1.1/24,54
20201019111247,192.168.1.2/24,3
20201019111248,192.168.1.1/24,5
20201019111250,10.77.1.2/24,3
20201019111252,10.77.1.2/24,7
20201019111253,10.77.1.2/24,41
20201019111255,192.168.1.2/24,2
20201019111257,192.168.1.1/24,7
20201019111258,10.20.30.1/16,6
20201019111259,10.77.1.1/24,8
20201019111301,10.77.1.2/24,7
20201019111302,10.20.30.1/16,8
20201019111304,10.77.1.2/24,-
20201019111306,192.168.1.1/24,7
20201019111307,10.20.30.1/16,40
20201019111308,10.20.30.1/16,7
20201019111309,192.168.1.1/24,3
20201019111310,10.77.1.2/24,41
20201019111311,192.168.1.2/24,5
20201019111312,10.20.30.1/16,64
20201019111313,10.20.30.2/16,6
20201019111314,192.168.1.2/24,-
20201019111315,10.77.1.1/24,4
20201019111316,10.77.1.2/24,8
20201019111317,192.168.1.1/24,5
20201019111319,10.77.1.1/24,-
20201019111320,192.168.1.1/24,1
20201019111321,192.168.1.2/24,-
20201019111323,192.168.1.2/24,-
20201019111324,10.77.1.1/24,2
20201019111325,192.168.1.2/24,3
20201019111326,192.168.1.1/24,10
20201019111327,10.77.1.2/24,4
20201019111328,192.168.1.2/24,9
20201019111329,10.20.30.2/16,6
20201019111331,10.20.30.1/16,4
20201019111332,10.20.30.2/16,86
20201019111334,10.77.1.1/24,4
20201019111335,192.168.1.1/24,2
20201019111336,10.77.1.1/24,9
20201019111337,192.168.1.1/24,-
20201019111338,10.20.30.2/16,-
20201019111339,10.20.30.2/16,2
20201019111341,10.77.1.2/24,-
20201019111342,10.77.1.1/24,2
20201019111343,10.20.30.1/16,8
20201019111344,10.20.30.1/16,-
20201019111345,10.20.30.2/16,57
20201019111346,192.168.1.2/24,-
20201019111347,10.77.1.1/24,52
20201019111348,10.77.1.1/24,7
20201019111349,10.20.30.1/16,-
20201019111350,10.20.30.1/16,-
20201019111351,10.77.1.1/24,4
20201019111352,10.20.30.1/16,-
20201019111353,10.77.1.1/24,4
20201019111354,192.168.1.1/24,2
20201019111355,10.77.1.2/24,37
20201019111356,192.168.1.2/24,31
20201019111358,10.77.1.1/24,3
20201019111359,10.77.1.2/24,4
20201019111400,10.77.1.2/24,3
20201019111402,10.20.30.1/16,-
20201019111404,10.20.30.1/16,12
20201019111406,10.77.1.1/24,9
20201019111407,10.20.30.1/16,2
20201019111408,10.20.30.1/16,4
20201019111409,10.20.30.2/16,1
20201019111411,10.77.1.2/24,-
20201019111412,192.168.1.2/24,8
20201019111413,192.168.1.2/24,-
20201019111414,192.168.1.1/24,4
20201019111415,10.20.30.2/16,5
20201019111416,192.168.1.1/24,8
20201019111417,10.77.1.1/24,5
20201019111418,192.168.1.1/24,9
20201019111419,10.77.1.2/24,8
20201019111420,192.168.1.1/24,4
20201019111421,10.20.30.2/16,-
20201019111422,10.77.1.1/24,-
20201019111424,10.20.30.2/16,2
20201019111426,10.77.1.1/24,-
20201019111427,10.77.1.2/24,4
20201019111428,10.77.1.1/24,68
20201019111429,10.20.30.2/16,-
20201019111431,10.77.1.1/24,3
20201019111433,192.168.1.1/24,6
20201019111434,192.168.1.1/24,9
20201019111435,10.77.1.2/24,11
20201019111436,10.20.30.1/16,-
20201019111438,10.20.30.1/16,-
20201019111439,10.77.1.1/24,6
20201019111440,10.20.30.2/16,-
20201019111441,10.20.30.1/16,8
20201019111442,10.77.1.1/24,-
20201019111443,192.168.1.2/24,18
20201019111444,10.77.1.2/24,3
20201019111445,10.20.30.1/16,8
20201019111447,192.168.1.2/24,6
20201019111448,10.20.30.2/16,6
20201019111449,10.77.1.1/24,6
20201019111450,10.20.30.1/16,2
20201019111451,192.168.1.2/24,9
20201019111452,10.77.1.1/24,39
20201019111453,192.168.1.2/24,45
20201019111454,192.168.1.1/24,2
20201019111455,10.20.30.2/16,-
20201019111457,10.20.30.2/16,97
20201019111459,192.168.1.2/24,98
20201019111501,192.168.1.1/24,5
20201019111502,10.77.1.2/24,-
20201019111503,10.20.30.2/16,8
20201019111504,192.168.1.2/24,60
20201019111505,10.77.1.1/24,49
20201019111506,10.77.1.2/24,-
20201019111507,10.20.30.1/16,4
20201019111508,10.77.1.1/24,86
20201019111509,10.77.1.2/24,-
20201019111510,10.77.1.2/24,34
20201019111512,10.20.30.2/16,-
20201019111513,192.168.1.2/24,9
20201019111514,10.77.1.2/24,82
20201019111516,10.20.30.1/16,8
20201019111518,192.168.1.2/24,-
20201019111519,10.20.30.2/16,6
20201019111520,192.168.1.1/24,3
20201019111522,10.77.1.1/24,-
20201019111523,10.77.1.2/24,5
20201019111524,10.77.1.2/24,9
20201019111525,10.20.30.1/16,7
20201019111526,192.168.1.1/24,6
20201019111527,192.168.1.1/24,-
20201019111529,192.168.1.2/24,86
20201019111530,10.77.1.1/24,-
20201019111532,192.168.1.2/24,3
20201019111533,10.77.1.1/24,-
20201019111534,192.168.1.1/24,-
20201019111535,10.20.30.1/16,80
20201019111536,192.168.1.1/24,5
20201019111538,192.168.1.1/24,9
20201019111539,10.20.30.1/16,7
20201019111540,10.20.30.1/16,94
20201019111541,192.168.1.1/24,6
20201019111542,10.20.30.1/16,-
20201019111544,192.168.1.2/24,1
20201019111545,10.77.1.2/24,5
20201019111546,192.168.1.2/24,9
20201019111547,10.77.1.1/24,6
20201019111548,10.20.30.1/16,1
20201019111549,10.20.30.1/16,-
20201019111550,192.168.1.1/24,71
20201019111551,192.168.1.1/24,6
20201019111552,10.77.1.1/24,2
20201019111554,192.168.1.2/24,6
20201019111555,10.77.1.1/24,-
20201019111557,10.77.1.2/24,-
20201019111559,10.77.1.2/24,6
20201019111601,10.77.1.1/24,-
20201019111602,192.168.1.2/24,-
20201019111603,10.77.1.2/24,6
20201019111604,10.77.1.1/24,-
20201019111606,192.168.1.2/24,-
20201019111607,10.20.30.2/16,9
20201019111608,192.168.1.1/24,9
20201019111609,192.168.1.2/24,4
20201019111610,10.77.1.1/24,3
20201019111611,192.168.1.2/24,4
20201019111612,192.168.1.2/24,-
20201019111613,10.77.1.1/24,4
20201019111614,10.20.30.2/16,6
20201019111615,10.77.1.1/24,5
20201019111616,10.20.30.2/16,32
20201019111617,10.20.30.1/16,9
20201019111618,192.168.1.1/24,61
20201019111619,192.168.1.1/24,4
20201019111620,10.20.30.2/16,7
20201019111621,10.77.1.1/24,1
20201019111623,10.77.1.2/24,5
20201019111624,192.168.1.2/24,3
20201019111625,10.77.1.1/24,-
20201019111626,192.168.1.2/24,-
20201019111627,10.77.1.1/24,6
20201019111629,10.20.30.2/16,9
20201019111630,192.168.1.2/24,1
20201019111632,10.20.30.2/16,9
20201019111633,192.168.1.2/24,5
20201019111634,10.77.1.1/24,-
20201019111635,192.168.1.1/24,-
20201019111636,192.168.1.2/24,5
20201019111637,10.77.1.1/24,88
20201019111638,10.20.30.1/16,38
20201019111639,10.20.30.1/16,-
20201019111640,10.77.1.1/24,-
20201019111641,10.77.1.1/24,7
20201019111642,10.77.1.2/24,75
20201019111643,10.20.30.1/16,3
20201019111645,10.20.30.2/16,-
20201019111646,10.20.30.2/16,4
20201019111648,10.20.30.2/16,72
20201019111649,10.77.1.2/24,3
20201019111650,10.77.1.1/24,60
20201019111651,192.168.1.2/24,8
20201019111652,10.20.30.1/16,5
20201019111653,10.77.1.2/24,14
20201019111654,10.20.30.1/16,-
20201019111655,10.77.1.2/24,53
20201019111656,10.20.30.1/16,1
20201019111657,10.77.1.1/24,9
20201019111658,10.77.1.2/24,4
20201019111659,192.168.1.1/24,1
20201019111700,192.168.1.2/24,15
20201019111702,10.77.1.2/24,-
20201019111703,10.77.1.2/24,1
20201019111704,192.168.1.1/24,89
20201019111705,192.168.1.2/24,3
20201019111707,10.20.30.1/16,6
20201019111708,192.168.1.2/24,45
20201019111709,10.20.30.1/16,5
20201019111711,192.168.1.1/24,83
20201019111712,10.77.1.1/24,-
20201019111713,10.77.1.2/24,-
20201019111714,192.168.1.2/24,4
20201019111715,10.20.30.2/16,32
20201019111716,10.20.30.2/16,-
20201019111718,10.77.1.2/24,3
20201019111720,10.77.1.1/24,8
20201019111721,192.168.1.2/24,4
20201019111722,10.77.1.2/24,33
20201019111723,10.20.30.1/16,5
20201019111724,192.168.1.1/24,9
20201019111725,10.20.30.2/16,-
20201019111726,10.20.30.2/16,4
20201019111727,192.168.1.2/24,47
20201019111729,192.168.1.1/24,12
20201019111730,10.20.30.2/16,3
20201019111731,10.77.1.1/24,2
20201019111732,192.168.1.2/24,8
20201019111733,192.168.1.1/24,6
20201019111734,10.20.30.2/16,7
20201019111735,192.168.1.1/24,9
20201019111736,10.20.30.2/16,-
20201019111737,10.20.30.2/16,6
20201019111738,10.77.1.2/24,71
20201019111740,10.20.30.1/16,7
20201019111742,10.20.30.2/16,9
20201019111743,10.20.30.2/16,88
20201019111744,192.168.1.2/24,-
20201019111745,10.20.30.2/16,99
20201019111747,192.168.1.1/24,9
20201019111748,192.168.1.2/24,58
20201019111749,10.20.30.2/16,16
20201019111750,10.20.30.2/16,1
20201019111751,10.20.30.2/16,4
20201019111752,10.77.1.2/24,7
20201019111753,10.20.30.1/16,-
20201019111755,10.77.1.2/24,-
20201019111756,10.77.1.1/24,67
20201019111757,10.77.1.2/24,58
20201019111758,10.20.30.2/16,3
20201019111759,192.168.1.1/24,67
20201019111800,10.77.1.1/24,9
20201019111801,10.20.30.1/16,5
20201019111802,192.168.1.2/24,2
20201019111803,10.20.30.2/16,-
20201019111804,192.168.1.2/24,-
20201019111805,10.77.1.1/24,2
20201019111806,10.77.1.1/24,7
20201019111807,192.168.1.2/24,5
20201019111808,192.168.1.1/24,-
20201019111809,10.77.1.2/24,7
20201019111811,10.20.30.2/16,10
20201019111813,192.168.1.2/24,9
20201019111814,10.20.30.1/16,6
20201019111815,10.77.1.1/24,57
20201019111816,192.168.1.2/24,-
20201019111817,192.168.1.1/24,7
20201019111818,192.168.1.1/24,3
20201019111819,10.20.30.1/16,5
20201019111820,192.168.1.1/24,7
20201019111821,192.168.1.2/24,-
20201019111822,10.20.30.1/16,-
20201019111824,192.168.1.2/24,9
20201019111825,10.20.30.1/16,52
20201019111826,10.77.1.2/24,-
20201019111827,192.168.1.2/24,4
20201019111828,192.168.1.1/24,15
20201019111829,10.20.30.1/16,11
20201019111830,10.77.1.2/24,1
20201019111831,10.20.30.1/16,8
20201019111832,192.168.1.1/24,25
20201019111833,10.20.30.1/16,14
20201019111835,192.168.1.1/24,5
20201019111836,10.20.30.1/16,7
20201019111837,192.168.1.2/24,9
20201019111839,10.20.30.1/16,85
20201019111840,10.77.1.2/24,-
20201019111841,10.77.1.2/24,1
20201019111842,10.77.1.1/24,7
20201019111843,192.168.1.1/24,7
20201019111844,10.20.30.1/16,9
20201019111846,10.77.1.2/24,0
20201019111847,10.77.1.2/24,-
20201019111848,10.20.30.1/16,8
20201019111849,10.20.30.2/16,5
20201019111851,10.77.1.2/24,1
20201019111853,10.77.1.1/24,-
20201019111855,10.20.30.1/16,15
20201019111857,192.168.1.2/24,5
20201019111858,10.77.1.1/24,5
20201019111859,192.168.1.1/24,7
20201019111901,192.168.1.1/24,-
20201019111902,192.168.1.1/24,4
20201019111903,10.77.1.1/24,5
20201019111904,10.77.1.2/24,12
20201019111905,10.77.1.2/24,-
20201019111906,10.20.30.2/16,-
20201019111907,10.20.30.1/16,5
20201019111908,10.77.1.2/24,2
20201019111909,10.77.1.2/24,-
20201019111910,192.168.1.1/24,57
20201019111911,192.168.1.1/24,-
20201019111912,10.77.1.2/24,72
20201019111913,192.168.1.2/24,2
20201019111914,10.20.30.1/16,-
20201019111915,192.168.1.1/24,34
20201019111916,10.77.1.2/24,40
20201019111917,10.77.1.2/24,7
20201019111918,10.20.30.2/16,8
20201019111919,192.168.1.2/24,64
20201019111920,10.77.1.1/24,2
20201019111922,10.77.1.2/24,8
20201019111923,10.20.30.1/16,1
20201019111924,10.20.30.2/16,3
20201019111925,192.168.1.2/24,-
20201019111926,192.168.1.2/24,3
20201019111927,10.20.30.1/16,-
20201019111928,10.77.1.2/24,9
20201019111929,10.77.1.2/24,5
20201019111930,10.77.1.1/24,2
20201019111931,10.77.1.2/24,70
20201019111932,10.20.30.1/16,27
20201019111933,10.20.30.1/16,6
20201019111934,10.20.30.1/16,2
20201019111935,10.77.1.1/24,-
20201019111937,10.77.1.2/24,-
20201019111938,10.20.30.1/16,5
20201019111939,10.77.1.2/24,9
20201019111940,10.77.1.1/24,7
20201019111942,10.77.1.1/24,6
20201019111943,10.77.1.1/24,23
20201019111944,192.168.1.1/24,-
20201019111946,192.168.1.2/24,1
20201019111947,192.168.1.2/24,85
20201019111948,10.20.30.2/16,2
20201019111949,192.168.1.2/24,7
20201019111950,10.77.1.2/24,5
20201019111952,192.168.1.2/24,9
20201019111954,10.20.30.2/16,1
20201019111955,10.20.30.1/16,9
20201019111957,10.20.30.1/16,-
20201019111958,192.168.1.2/24,-
20201019111959,10.20.30.1/16,7
20201019112000,192.168.1.2/24,-
20201019112001,192.168.1.2/24,2
20201019112003,192.168.1.2/24,2
20201019112004,192.168.1.1/24,-
20201019112005,192.168.1.1/24,7
20201019112006,192.168.1.1/24,3
20201019112008,10.20.30.1/16,13
20201019112009,10.77.1.1/24,32
20201019112010,192.168.1.1/24,8
20201019112011,192.168.1.1/24,4
20201019112013,192.168.1.2/24,5
20201019112014,192.168.1.2/24,-
20201019112015,192.168.1.2/24,-
20201019112016,192.168.1.1/24,8
20201019112017,10.77.1.1/24,-
20201019112018,192.168.1.2/24,-
20201019112019,10.77.1.2/24,1
20201019112020,10.77.1.2/24,3
20201019112021,10.77.1.2/24,-
20201019112023,10.77.1.1/24,94
20201019112024,10.77.1.1/24,-
20201019112025,10.77.1.2/24,2
20201019112026,10.20.30.2/16,17
20201019112027,10.77.1.1/24,7
20201019112029,192.168.1.1/24,64
20201019112030,10.77.1.2/24,83
20201019112031,10.20.30.1/16,85
20201019112032,10.20.30.1/16,-
20201019112034,10.77.1.1/24,4
20201019112035,10.20.30.2/16,5
20201019112037,192.168.1.1/24,-
20201019112038,10.20.30.2/16,-
20201019112040,10.77.1.1/24,1
20201019112041,10.20.30.1/16,-
20201019112042,10.77.1.2/24,76
20201019112043,10.77.1.1/24,38
20201019112044,10.77.1.2/24,4
20201019112046,192.168.1.1/24,-
20201019112047,192.168.1.2/24,-
20201019112048,192.168.1.1/24,4
20201019112050,10.77.1.2/24,9
20201019112051,192.168.1.1/24,13
20201019112052,192.168.1.1/24,-
20201019112053,10.77.1.2/24,3
20201019112054,10.20.30.1/16,36
20201019112055,192.168.1.1/24,50
20201019112057,10.20.30.1/16,-
20201019112058,10.77.1.1/24,5
20201019112100,192.168.1.2/24,68
20201019112101,10.77.1.1/24,9
20201019112102,192.168.1.2/24,6
20201019112103,10.20.30.2/16,4
20201019112105,192.168.1.1/24,-
20201019112106,192.168.1.2/24,5
20201019112108,10.20.30.1/16,2
20201019112110,10.77.1.1/24,86
20201019112111,192.168.1.2/24,10
20201019112112,10.20.30.2/16,1
20201019112113,10.77.1.2/24,16
20201019112114,192.168.1.1/24,-
20201019112116,10.77.1.2/24,6
20201019112117,10.77.1.1/24,6
20201019112118,10.20.30.1/16,8
20201019112119,192.168.1.2/24,3
20201019112120,192.168.1.1/24,-
20201019112121,10.20.30.1/16,1
20201019112122,10.20.30.1/16,-
20201019112124,192.168.1.1/24,59
20201019112126,10.20.30.2/16,5
20201019112127,10.77.1.2/24,5
20201019112128,10.20.30.1/16,30
20201019112130,10.20.30.1/16,11
20201019112131,10.77.1.1/24,9
20201019112132,10.77.1.1/24,8
20201019112133,10.20.30.1/16,18
20201019112134,192.168.1.2/24,9
20201019112136,192.168.1.1/24,6
20201019112137,10.77.1.2/24,8
20201019112138,10.77.1.2/24,76
20201019112140,10.20.30.1/16,7
20201019112141,10.20.30.1/16,-
20201019112143,10.20.30.2/16,-
20201019112144,10.77.1.2/24,11
20201019112145,10.77.1.1/24,8
20201019112147,10.20.30.2/16,-
20201019112148,10.20.30.2/16,-
20201019112150,10.77.1.1/24,51
20201019112151,10.77.1.2/24,7
20201019112153,192.168.1.2/24,-
20201019112154,10.77.1.2/24,8
20201019112156,10.20.30.1/16,5
20201019112158,10.20.30.2/16,81
20201019112159,10.20.30.2/16,72
20201019112201,192.168.1.1/24,-
20201019112202,192.168.1.2/24,7
20201019112204,192.168.1.1/24,7
20201019112206,10.77.1.2/24,-
20201019112208,10.77.1.2/24,7
20201019112209,10.20.30.2/16,8
20201019112210,10.20.30.1/16,97
20201019112212,192.168.1.2/24,-
20201019112213,192.168.1.2/24,56
20201019112214,10.20.30.1/16,46
20201019112215,10.77.1.2/24,-
20201019112216,10.20.30.2/16,5
20201019112217,10.77.1.2/24,8
20201019112218,192.168.1.2/24,8
20201019112219,10.20.30.2/16,6
20201019112220,10.20.30.2/16,6
20201019112221,192.168.1.2/24,2
20201019112222,10.20.30.2/16,2
20201019112223,192.168.1.1/24,56
20201019112225,192.168.1.2/24,56
20201019112227,10.77.1.1/24,6
20201019112228,10.20.30.1/16,6
20201019112230,10.20.30.1/16,6
20201019112231,10.77.1.1/24,3
20201019112232,10.20.30.2/16,16
20201019112233,10.20.30.1/16,6
20201019112234,10.77.1.1/24,3
20201019112235,10.20.30.1/16,21
20201019112236,192.168.1.1/24,58
20201019112237,192.168.1.2/24,7
20201019112238,10.20.30.1/16,78
20201019112239,192.168.1.1/24,-
20201019112240,10.77.1.1/24,7
20201019112241,192.168.1.1/24,-
20201019112242,10.77.1.1/24,5
20201019112243,192.168.1.2/24,7
20201019112245,10.77.1.2/24,20
20201019112246,192.168.1.2/24,1
20201019112247,10.20.30.2/16,8
20201019112249,10.20.30.2/16,-
20201019112250,192.168.1.1/24,77
20201019112251,10.77.1.2/24,9
20201019112252,192.168.1.1/24,35
20201019112253,10.77.1.2/24,97
20201019112254,10.20.30.1/16,1
20201019112255,10.20.30.1/16,2
20201019112256,10.77.1.1/24,74
20201019112257,10.77.1.2/24,20
20201019112258,10.20.30.2/16,4
20201019112259,10.20.30.2/16,4
20201019112300,192.168.1.2/24,3
20201019112301,10.20.30.2/16,8
20201019112302,192.168.1.1/24,1
20201019112303,10.20.30.2/16,6
20201019112304,192.168.1.2/24,-
20201019112305,10.20.30.1/16,4
20201019112306,192.168.1.2/24,1
20201019112307,10.77.1.2/24,1
20201019112308,10.20.30.1/16,93
20201019112309,10.20.30.1/16,8
20201019112310,10.77.1.1/24,9
20201019112311,10.20.30.1/16,7
20201019112312,10.77.1.1/24,3
20201019112313,192.168.1.2/24,-
20201019112314,192.168.1.2/24,-
20201019112315,10.77.1.2/24,-
20201019112317,10.77.1.2/24,21
20201019112318,192.168.1.2/24,-
20201019112320,10.77.1.2/24,2
20201019112321,192.168.1.2/24,62
20201019112323,10.77.1.1/24,2
20201019112324,10.77.1.1/24,9
20201019112325,10.20.30.1/16,1
20201019112326,10.20.30.2/16,34
20201019112327,10.20.30.2/16,13
20201019112328,192.168.1.1/24,8
20201019112329,192.168.1.2/24,6
20201019112331,192.168.1.2/24,9
20201019112332,10.77.1.2/24,8
20201019112333,10.20.30.2/16,-
20201019112334,192.168.1.2/24,50
20201019112335,10.20.30.2/16,66
20201019112336,10.20.30.1/16,-
20201019112337,10.20.30.2/16,-
20201019112338,10.77.1.2/24,-
20201019112339,192.168.1.1/24,16
20201019112340,10.20.30.1/16,-
20201019112342,10.20.30.1/16,4
20201019112343,10.77.1.1/24,7
20201019112345,10.77.1.1/24,9
20201019112346,192.168.1.2/24,2
20201019112347,10.20.30.2/16,-
20201019112349,10.20.30.2/16,3
20201019112350,10.77.1.2/24,8
20201019112351,192.168.1.2/24,10
20201019112352,10.20.30.2/16,83
20201019112353,192.168.1.1/24,9
20201019112354,10.77.1.2/24,-
20201019112355,192.168.1.2/24,3
20201019112356,192.168.1.2/24,-
20201019112357,10.20.30.1/16,2
20201019112359,10.77.1.1/24,49
20201019112400,10.20.30.2/16,-
20201019112401,192.168.1.2/24,2
20201019112402,192.168.1.1/24,2
20201019112403,10.20.30.1/16,86
20201019112404,192.168.1.2/24,8
20201019112405,10.20.30.1/16,-
20201019112406,10.20.30.1/16,71
20201019112407,192.168.1.1/24,30
20201019112409,10.77.1.1/24,50
20201019112410,192.168.1.1/24,7
20201019112411,192.168.1.1/24,10
20201019112412,10.20.30.1/16,-
20201019112414,10.77.1.1/24,71
20201019112415,10.20.30.2/16,46
20201019112416,10.77.1.1/24,2
20201019112417,10.20.30.2/16,7
20201019112419,192.168.1.2/24,4
20201019112421,10.20.30.2/16,7
20201019112423,192.168.1.1/24,-
20201019112424,192.168.1.1/24,3
20201019112426,192.168.1.1/24,6
20201019112427,192.168.1.2/24,-
20201019112428,10.20.30.1/16,82
20201019112429,10.77.1.1/24,1
20201019112431,10.77.1.2/24,5
20201019112432,192.168.1.1/24,76
20201019112433,10.77.1.2/24,38
20201019112434,10.20.30.2/16,-
20201019112436,192.168.1.1/24,8
20201019112437,10.77.1.1/24,5
20201019112438,192.168.1.2/24,9
20201019112439,192.168.1.1/24,9
20201019112440,192.168.1.1/24,51
20201019112442,10.77.1.1/24,-
20201019112443,10.77.1.1/24,39
20201019112444,192.168.1.2/24,-
20201019112445,10.77.1.2/24,2
20201019112446,10.77.1.2/24,66
20201019112447,10.20.30.1/16,-
20201019112448,10.77.1.2/24,1
20201019112449,192.168.1.1/24,7
20201019112450,10.77.1.2/24,-
20201019112451,10.77.1.2/24,6
20201019112452,192.168.1.1/24,8
20201019112453,10.77.1.2/24,3
20201019112455,10.77.1.2/24,2
20201019112456,192.168.1.1/24,6
20201019112458,10.77.1.2/24,3
20201019112459,10.20.30.1/16,5
20201019112500,10.20.30.1/16,6
20201019112501,10.20.30.1/16,-
20201019112502,192.168.1.1/24,3
20201019112503,192.168.1.2/24,62
20201019112504,10.77.1.2/24,83
20201019112505,10.77.1.1/24,7
20201019112506,192.168.1.1/24,6
20201019112507,10.20.30.2/16,-
20201019112508,10.20.30.2/16,-
20201019112509,10.77.1.1/24,96
20201019112510,10.20.30.2/16,82
20201019112511,10.77.1.1/24,4
20201019112512,10.77.1.2/24,4
20201019112513,192.168.1.1/24,7
20201019112515,10.20.30.2/16,1
20201019112517,10.20.30.1/16,70
20201019112519,192.168.1.2/24,6
20201019112520,192.168.1.2/24,13
20201019112521,10.20.30.2/16,1
20201019112523,10.20.30.2/16,-
20201019112525,10.20.30.2/16,3
20201019112526,10.77.1.1/24,-
20201019112527,192.168.1.1/24,-
20201019112528,10.20.30.1/16,-
20201019112530,192.168.1.2/24,9
20201019112532,10.77.1.2/24,-
20201019112533,10.77.1.2/24,20
20201019112534,10.77.1.2/24,64
20201019112535,10.20.30.1/16,-
20201019112536,10.77.1.2/24,3
20201019112537,10.20.30.2/16,6
20201019112538,10.20.30.2/16,6
20201019112539,10.20.30.2/16,4
20201019112541,10.20.30.2/16,11
20201019112542,10.77.1.1/24,10
20201019112544,192.168.1.1/24,63
20201019112545,10.20.30.1/16,63
20201019112546,192.168.1.1/24,-
20201019112547,192.168.1.1/24,6
20201019112548,10.20.30.2/16,1
20201019112549,10.77.1.1/24,7
20201019112550,10.20.30.1/16,8
20201019112551,10.20.30.1/16,3
20201019112552,192.168.1.2/24,6
20201019112553,10.20.30.2/16,4
20201019112554,192.168.1.2/24,44
20201019112555,192.168.1.1/24,7
20201019112557,10.20.30.1/16,-
20201019112558,10.77.1.2/24,4
20201019112559,10.20.30.1/16,1
20201019112600,192.168.1.2/24,8
20201019112602,192.168.1.2/24,-
20201019112603,192.168.1.1/24,5
20201019112604,10.20.30.1/16,6
20201019112605,10.20.30.1/16,1
20201019112606,192.168.1.1/24,5
20201019112607,192.168.1.2/24,-
20201019112608,192.168.1.1/24,6
20201019112610,10.77.1.1/24,-
20201019112611,10.20.30.2/16,13
20201019112612,192.168.1.1/24,6
20201019112613,10.20.30.2/16,8
20201019112614,192.168.1.1/24,28
20201019112616,192.168.1.1/24,10
20201019112617,10.20.30.2/16,4
20201019112618,10.77.1.2/24,1
20201019112619,10.77.1.2/24,1
20201019112621,10.77.1.2/24,59
20201019112622,10.77.1.1/24,6
20201019112624,10.20.30.2/16,4
20201019112625,10.77.1.1/24,-
20201019112626,192.168.1.1/24,6
20201019112628,10.77.1.2/24,27
20201019112629,192.168.1.2/24,-
20201019112631,10.20.30.2/16,6
20201019112632,10.20.30.2/16,-
20201019112634,10.20.30.1/16,26
20201019112635,192.168.1.1/24,-
20201019112636,10.77.1.1/24,9
20201019112638,192.168.1.1/24,-
20201019112639,10.20.30.2/16,9
20201019112640,10.20.30.2/16,13
20201019112641,10.77.1.2/24,10
20201019112642,10.20.30.2/16,2
20201019112643,10.20.30.1/16,5
20201019112645,10.20.30.1/16,14
20201019112646,10.77.1.1/24,3
20201019112647,10.20.30.1/16,49
20201019112648,10.20.30.1/16,6
20201019112649,192.168.1.1/24,-
20201019112650,192.168.1.1/24,2
20201019112652,10.20.30.2/16,8
20201019112653,192.168.1.1/24,-
20201019112654,10.20.30.1/16,31
20201019112655,10.20.30.1/16,-
20201019112656,10.77.1.2/24,8
20201019112657,10.77.1.1/24,2
20201019112658,10.77.1.1/24,-
20201019112659,10.77.1.1/24,82
20201019112701,10.77.1.2/24,7
20201019112702,10.20.30.1/16,70
20201019112703,10.20.30.1/16,39
20201019112704,192.168.1.1/24,1
20201019112705,10.20.30.1/16,-
20201019112706,192.168.1.2/24,1
20201019112707,192.168.1.2/24,2
20201019112708,10.20.30.1/16,-
20201019112709,192.168.1.2/24,-
20201019112710,192.168.1.1/24,38
20201019112711,10.20.30.1/16,-
20201019112713,10.20.30.2/16,38
20201019112715,10.77.1.2/24,6
20201019112716,192.168.1.2/24,60
20201019112717,10.77.1.1/24,6
20201019112718,10.77.1.2/24,8
20201019112719,192.168.1.1/24,15
20201019112720,192.168.1.1/24,56
20201019112722,10.77.1.1/24,6
20201019112723,10.20.30.2/16,6
20201019112724,10.20.30.1/16,78
20201019112726,10.77.1.1/24,1
20201019112728,192.168.1.2/24,5
20201019112730,192.168.1.1/24,2
20201019112731,192.168.1.2/24,2
20201019112732,10.20.30.1/16,1
20201019112734,10.20.30.2/16,12
20201019112736,10.77.1.1/24,16
20201019112738,192.168.1.1/24,8
20201019112739,10.77.1.2/24,-
20201019112740,192.168.1.2/24,5
20201019112741,10.77.1.1/24,5
20201019112742,10.77.1.1/24,3
20201019112743,192.168.1.2/24,-
20201019112745,10.20.30.1/16,3
20201019112746,192.168.1.1/24,-
20201019112747,10.77.1.1/24,7
20201019112749,10.77.1.1/24,84
20201019112750,10.77.1.1/24,9
20201019112752,10.77.1.1/24,8
20201019112754,10.77.1.2/24,-
20201019112755,192.168.1.1/24,82
20201019112756,192.168.1.2/24,9
20201019112757,192.168.1.2/24,-
20201019112758,10.20.30.1/16,5
20201019112759,10.77.1.1/24,-
20201019112800,10.77.1.1/24,47
20201019112802,10.77.1.2/24,-
20201019112803,192.168.1.1/24,3
20201019112805,10.20.30.1/16,42
20201019112806,192.168.1.1/24,4
20201019112808,192.168.1.1/24,8
20201019112809,192.168.1.2/24,-
20201019112810,192.168.1.2/24,4
20201019112811,192.168.1.2/24,-
20201019112813,192.168.1.1/24,1
20201019112815,10.77.1.2/24,4
20201019112817,10.20.30.2/16,-
20201019112818,10.77.1.1/24,32
20201019112819,192.168.1.1/24,5
20201019112820,10.77.1.1/24,47
20201019112821,192.168.1.2/24,2
20201019112822,10.77.1.1/24,9
20201019112823,10.20.30.2/16,21
20201019112824,10.77.1.2/24,55
20201019112825,10.77.1.2/24,11
20201019112826,10.20.30.2/16,1
20201019112827,10.77.1.2/24,7
20201019112828,10.77.1.2/24,3
20201019112829,10.20.30.2/16,-
20201019112830,192.168.1.1/24,7
20201019112831,10.20.30.1/16,12
20201019112832,192.168.1.1/24,1
20201019112833,10.20.30.1/16,9
20201019112834,10.20.30.2/16,6
20201019112835,192.168.1.2/24,-
20201019112836,10.20.30.1/16,3
20201019112837,192.168.1.1/24,19
20201019112838,10.77.1.1/24,7
20201019112839,10.20.30.1/16,6
20201019112841,192.168.1.1/24,9
20201019112843,192.168.1.2/24,4
20201019112844,10.20.30.1/16,-
20201019112845,192.168.1.1/24,-
20201019112846,10.20.30.2/16,29
20201019112847,192.168.1.2/24,63
20201019112849,192.168.1.2/24,5
20201019112850,10.20.30.2/16,1
20201019112851,10.77.1.2/24,5
20201019112852,10.77.1.2/24,2
20201019112854,10.20.30.2/16,-
20201019112855,10.77.1.2/24,72
20201019112857,192.168.1.1/24,7
20201019112858,10.77.1.1/24,29
20201019112859,10.20.30.1/16,-
20201019112900,192.168.1.1/24,-
20201019112901,10.20.30.2/16,72
20201019112903,10.77.1.2/24,60
20201019112904,10.20.30.2/16,-
20201019112905,10.77.1.1/24,12
20201019112906,192.168.1.1/24,-
20201019112907,10.20.30.2/16,45
20201019112908,10.77.1.2/24,51
20201019112909,10.77.1.2/24,1
20201019112910,10.77.1.2/24,23
20201019112912,10.77.1.2/24,-
20201019112913,10.77.1.2/24,3
20201019112914,10.77.1.2/24,7
20201019112915,10.77.1.1/24,1
20201019112917,10.77.1.1/24,9
20201019112918,10.77.1.1/24,-
20201019112919,192.168.1.2/24,4
20201019112920,10.20.30.2/16,5
20201019112921,192.168.1.2/24,14
20201019112922,10.20.30.1/16,-
20201019112923,192.168.1.1/24,5
20201019112925,192.168.1.1/24,1
20201019112926,192.168.1.1/24,11
20201019112927,192.168.1.1/24,-
20201019112928,192.168.1.1/24,13
20201019112929,10.20.30.1/16,8
20201019112930,10.77.1.1/24,-
20201019112931,192.168.1.2/24,6
20201019112932,192.168.1.2/24,50
20201019112933,192.168.1.1/24,17
20201019112934,192.168.1.2/24,8
20201019112935,10.20.30.2/16,-
20201019112936,192.168.1.2/24,9
20201019112937,10.77.1.1/24,6
20201019112938,10.77.1.2/24,4
20201019112939,10.20.30.2/16,3
20201019112940,10.77.1.2/24,42
20201019112941,192.168.1.1/24,27
20201019112942,192.168.1.2/24,2
20201019112943,10.20.30.2/16,-
20201019112944,192.168.1.1/24,6
20201019112946,10.20.30.1/16,-
20201019112947,192.168.1.2/24,44
20201019112948,192.168.1.2/24,3
20201019112949,10.20.30.1/16,5
20201019112950,192.168.1.2/24,29
20201019112952,10.77.1.2/24,13
20201019112953,10.77.1.1/24,8
20201019112954,192.168.1.2/24,-
20201019112955,10.20.30.2/16,-
20201019112956,10.20.30.1/16,9
20201019112957,10.77.1.2/24,8
20201019112958,10.20.30.1/16,-
20201019112959,10.77.1.1/24,5
20201019113000,10.20.30.1/16,9
20201019113002,10.20.30.2/16,-
20201019113003,192.168.1.1/24,-
20201019113004,10.77.1.2/24,-
20201019113005,192.168.1.2/24,63
20201019113006,10.77.1.2/24,-
20201019113007,10.77.1.2/24,8
20201019113008,10.20.30.2/16,20
20201019113009,10.77.1.2/24,7
20201019113011,192.168.1.1/24,7
20201019113012,192.168.1.1/24,7
20201019113013,192.168.1.1/24,-
20201019113014,10.77.1.1/24,9
20201019113016,192.168.1.2/24,-
20201019113017,10.20.30.2/16,3
20201019113018,10.77.1.2/24,-
20201019113019,192.168.1.1/24,3
20201019113020,10.20.30.1/16,61
20201019113021,10.20.30.2/16,5
20201019113022,10.20.30.1/16,8
20201019113023,10.77.1.1/24,-
20201019113024,192.168.1.2/24,12
20201019113026,10.77.1.1/24,-
20201019113027,192.168.1.1/24,89
20201019113028,10.20.30.1/16,6
20201019113030,192.168.1.1/24,2
20201019113031,10.77.1.2/24,20
20201019113032,192.168.1.1/24,4
20201019113033,192.168.1.1/24,-
20201019113034,10.77.1.2/24,38
20201019113035,192.168.1.2/24,1
20201019113036,10.77.1.2/24,98
20201019113037,10.20.30.1/16,9
20201019113038,192.168.1.1/24,-
20201019113039,192.168.1.1/24,4
20201019113040,10.77.1.1/24,26
20201019113041,10.77.1.1/24,-
20201019113042,10.77.1.1/24,38
20201019113044,10.20.30.1/16,9
20201019113046,10.20.30.2/16,6
20201019113047,10.77.1.1/24,4
20201019113048,192.168.1.2/24,71
20201019113049,10.20.30.1/16,-
20201019113051,10.77.1.1/24,4
20201019113052,192.168.1.2/24,2
20201019113053,10.77.1.1/24,4
20201019113055,192.168.1.1/24,-
20201019113057,10.77.1.1/24,1
20201019113059,10.20.30.1/16,-
20201019113101,10.20.30.2/16,4
20201019113102,192.168.1.2/24,8
20201019113103,10.20.30.2/16,9
20201019113105,10.77.1.1/24,1
20201019113106,192.168.1.2/24,4
20201019113107,192.168.1.1/24,-
20201019113109,10.77.1.2/24,1
20201019113110,10.20.30.2/16,3
20201019113111,192.168.1.2/24,-
20201019113112,10.77.1.2/24,1
20201019113113,192.168.1.1/24,4
20201019113114,10.77.1.2/24,-
20201019113116,10.20.30.1/16,-
20201019113117,192.168.1.2/24,-
20201019113119,10.20.30.1/16,6
20201019113120,10.20.30.1/16,5
20201019113121,10.20.30.2/16,-
20201019113122,10.77.1.2/24,45
20201019113123,192.168.1.1/24,4
20201019113124,192.168.1.2/24,1
20201019113125,10.77.1.1/24,3
20201019113126,10.20.30.1/16,1
20201019113127,10.20.30.2/16,-
20201019113128,192.168.1.1/24,5
20201019113129,10.20.30.1/16,-
20201019113130,10.77.1.2/24,-
20201019113131,10.20.30.1/16,-
20201019113132,10.77.1.2/24,6
20201019113134,10.20.30.1/16,13
20201019113136,10.77.1.2/24,7
20201019113137,10.77.1.2/24,2
20201019113138,10.20.30.1/16,16
20201019113139,10.77.1.1/24,8
20201019113140,192.168.1.1/24,-
20201019113141,192.168.1.1/24,4
20201019113143,192.168.1.1/24,3
20201019113145,192.168.1.2/24,2
20201019113147,192.168.1.1/24,7
20201019113148,192.168.1.1/24,3
20201019113149,10.20.30.1/16,5
20201019113150,10.77.1.1/24,-
20201019113151,192.168.1.1/24,62
20201019113153,10.20.30.2/16,56
20201019113154,192.168.1.2/24,5
20201019113155,10.20.30.1/16,5
20201019113157,10.20.30.2/16,36
20201019113159,192.168.1.2/24,2
20201019113200,10.20.30.1/16,5
20201019113201,192.168.1.2/24,86
20201019113202,192.168.1.2/24,4
20201019113204,192.168.1.2/24,-
20201019113205,10.20.30.1/16,67
20201019113206,10.20.30.1/16,21
20201019113208,10.77.1.2/24,73
20201019113209,10.20.30.1/16,6
20201019113210,192.168.1.1/24,4
20201019113212,10.20.30.1/16,-
20201019113213,10.20.30.2/16,-
20201019113214,192.168.1.2/24,61
20201019113215,192.168.1.1/24,-
20201019113217,10.20.30.2/16,-
20201019113218,10.77.1.2/24,29
20201019113220,192.168.1.1/24,8
20201019113222,192.168.1.2/24,-
20201019113223,192.168.1.2/24,6
20201019113224,10.77.1.2/24,61
20201019113225,10.20.30.2/16,7
20201019113227,10.77.1.1/24,5
20201019113229,10.20.30.2/16,-
20201019113230,192.168.1.1/24,24
20201019113231,10.20.30.2/16,4
20201019113232,10.77.1.2/24,5
20201019113233,10.77.1.1/24,59
20201019113234,10.20.30.1/16,7
20201019113235,192.168.1.1/24,1
20201019113236,10.20.30.1/16,-
20201019113237,10.77.1.1/24,5
20201019113238,192.168.1.2/24,-
20201019113239,10.77.1.2/24,6
20201019113241,10.20.30.2/16,3
20201019113242,10.20.30.2/16,-
20201019113243,192.168.1.1/24,2
20201019113244,192.168.1.2/24,13
20201019113246,192.168.1.2/24,2
20201019113247,10.20.30.1/16,-
20201019113248,10.77.1.1/24,6
20201019113249,192.168.1.1/24,-
20201019113250,10.77.1.2/24,14
20201019113251,10.20.30.1/16,84
20201019113252,10.20.30.2/16,5
20201019113253,192.168.1.1/24,-
20201019113254,10.77.1.2/24,-
20201019113255,10.20.30.2/16,32
20201019113256,10.77.1.1/24,7
20201019113258,192.168.1.2/24,79
20201019113300,192.168.1.1/24,7
20201019113301,192.168.1.2/24,4
20201019113303,192.168.1.2/24,5
20201019113304,192.168.1.1/24,4
20201019113305,10.77.1.2/24,-
20201019113306,10.20.30.2/16,-
20201019113307,192.168.1.2/24,-
20201019113308,10.77.1.2/24,-
20201019113309,10.77.1.1/24,6
20201019113310,10.20.30.2/16,-
20201019113311,10.20.30.1/16,56
20201019113312,192.168.1.2/24,-
20201019113313,10.20.30.2/16,19
20201019113314,10.20.30.1/16,89
20201019113315,10.20.30.1/16,7
20201019113316,10.20.30.1/16,-
20201019113318,10.20.30.1/16,41
20201019113319,10.20.30.2/16,-
20201019113320,10.20.30.1/16,57
20201019113322,10.77.1.2/24,-
20201019113323,10.20.30.2/16,3
20201019113324,192.168.1.2/24,49
20201019113325,10.77.1.2/24,9
20201019113327,10.77.1.2/24,73
20201019113329,192.168.1.1/24,4
20201019113330,10.20.30.1/16,8
20201019113331,10.20.30.1/16,-
20201019113332,10.77.1.1/24,5
20201019113333,10.77.1.1/24,-
20201019113334,192.168.1.2/24,-
20201019113335,10.20.30.2/16,5
20201019113336,192.168.1.2/24,-
20201019113338,10.77.1.2/24,1
20201019113340,10.77.1.1/24,-
20201019113341,10.20.30.2/16,6
20201019113342,192.168.1.1/24,-
20201019113343,192.168.1.1/24,36
20201019113345,10.77.1.2/24,83
20201019113346,10.20.30.2/16,7
20201019113347,10.77.1.2/24,1
20201019113348,10.20.30.2/16,7
20201019113349,10.77.1.1/24,5
20201019113350,10.77.1.1/24,9
20201019113351,10.20.30.1/16,-
20201019113352,192.168.1.1/24,-
20201019113353,10.20.30.2/16,-
20201019113355,10.77.1.2/24,-
20201019113356,10.77.1.1/24,4
20201019113358,10.20.30.2/16,8
20201019113359,192.168.1.1/24,-
20201019113400,192.168.1.1/24,54
20201019113401,10.20.30.1/16,6
20201019113403,10.77.1.2/24,2
20201019113404,10.20.30.1/16,2
20201019113406,10.20.30.1/16,9
20201019113407,192.168.1.2/24,35
20201019113409,10.77.1.1/24,-
20201019113410,10.20.30.2/16,9
20201019113412,10.77.1.2/24,4
20201019113414,192.168.1.1/24,-
20201019113415,10.20.30.2/16,26
20201019113416,192.168.1.2/24,64
20201019113418,10.20.30.1/16,2
20201019113419,192.168.1.2/24,9
20201019113420,10.77.1.1/24,8
20201019113421,10.20.30.2/16,-
20201019113422,192.168.1.2/24,2
20201019113423,10.77.1.2/24,4
20201019113424,10.20.30.1/16,21
20201019113426,10.77.1.1/24,16
20201019113427,10.77.1.1/24,-
20201019113428,10.77.1.1/24,5
20201019113429,10.20.30.2/16,12
20201019113430,10.77.1.1/24,-
20201019113431,10.77.1.2/24,13
20201019113432,10.20.30.1/16,11
20201019113434,192.168.1.1/24,-
20201019113435,10.77.1.2/24,36
20201019113436,192.168.1.2/24,-
20201019113437,10.77.1.1/24,16
20201019113438,10.20.30.1/16,9
20201019113439,10.20.30.1/16,75
20201019113440,10.20.30.1/16,4
20201019113441,10.20.30.1/16,6
20201019113443,192.168.1.1/24,7
20201019113444,10.20.30.2/16,26
20201019113445,10.77.1.1/24,1
20201019113447,10.20.30.2/16,8
20201019113448,192.168.1.1/24,92
20201019113449,10.20.30.1/16,3
20201019113450,10.20.30.2/16,6
20201019113452,192.168.1.2/24,4
20201019113453,10.77.1.2/24,6
20201019113454,10.77.1.1/24,2
20201019113456,192.168.1.1/24,4
20201019113458,192.168.1.1/24,17
20201019113459,10.77.1.1/24,5
20201019113501,192.168.1.2/24,-
20201019113502,192.168.1.1/24,6
20201019113503,10.20.30.1/16,31
20201019113504,192.168.1.1/24,9
20201019113505,10.20.30.1/16,4
20201019113506,10.77.1.2/24,58
20201019113507,192.168.1.1/24,-
20201019113508,10.20.30.1/16,7
20201019113509,10.77.1.2/24,-
20201019113511,192.168.1.2/24,6
20201019113512,192.168.1.1/24,9
20201019113514,10.20.30.2/16,3
20201019113515,192.168.1.2/24,-
20201019113516,10.77.1.1/24,9
20201019113517,10.77.1.2/24,1
20201019113518,192.168.1.1/24,8
20201019113519,10.20.30.1/16,40
20201019113520,192.168.1.1/24,1
20201019113521,192.168.1.1/24,7
20201019113522,192.168.1.1/24,-
20201019113523,10.77.1.2/24,22
20201019113525,192.168.1.1/24,69
20201019113526,192.168.1.2/24,-
20201019113528,10.20.30.2/16,10
20201019113529,10.77.1.2/24,-
20201019113530,10.20.30.2/16,2
20201019113532,10.77.1.1/24,-
20201019113533,192.168.1.2/24,4
20201019113534,10.20.30.2/16,98
20201019113535,10.20.30.2/16,4
20201019113536,10.20.30.2/16,5
20201019113537,10.20.30.2/16,78
20201019113538,10.77.1.1/24,3
20201019113540,10.77.1.1/24,5
20201019113541,192.168.1.1/24,3
20201019113543,192.168.1.2/24,1
20201019113544,10.20.30.2/16,-
20201019113545,10.20.30.1/16,3
20201019113547,10.20.30.2/16,6
20201019113548,192.168.1.2/24,9
20201019113549,10.77.1.1/24,4
20201019113550,10.20.30.2/16,3
20201019113552,10.20.30.2/16,5
20201019113553,192.168.1.2/24,80
20201019113554,192.168.1.1/24,-
20201019113555,10.20.30.2/16,2
20201019113556,10.77.1.1/24,3
20201019113557,10.20.30.1/16,-
20201019113558,192.168.1.2/24,29
20201019113559,192.168.1.1/24,1
20201019113600,10.77.1.1/24,-
20201019113602,10.20.30.2/16,-
20201019113603,192.168.1.1/24,-
20201019113604,10.77.1.1/24,4
20201019113606,10.20.30.1/16,28
20201019113608,10.77.1.2/24,-
20201019113609,192.168.1.2/24,7
20201019113611,10.77.1.1/24,36
20201019113612,10.77.1.1/24,4
20201019113614,192.168.1.2/24,79
20201019113616,10.77.1.2/24,3
20201019113617,10.20.30.2/16,1
20201019113618,192.168.1.2/24,-
20201019113619,10.77.1.2/24,-
20201019113620,10.77.1.2/24,30
20201019113621,10.77.1.2/24,3
20201019113622,192.168.1.1/24,-
20201019113623,10.20.30.1/16,-
20201019113624,10.20.30.2/16,82
20201019113625,192.168.1.1/24,9
20201019113626,192.168.1.1/24,9
20201019113627,192.168.1.1/24,21
20201019113628,192.168.1.1/24,54
20201019113629,10.77.1.1/24,4
20201019113630,192.168.1.2/24,-
20201019113632,192.168.1.2/24,3
20201019113633,10.77.1.1/24,-
20201019113634,192.168.1.1/24,6
20201019113636,10.20.30.2/16,86
20201019113637,10.20.30.1/16,1
20201019113638,10.20.30.1/16,5
20201019113639,10.77.1.2/24,7
20201019113641,10.77.1.2/24,-
20201019113643,10.77.1.2/24,6
20201019113644,10.20.30.1/16,32
20201019113646,10.77.1.1/24,5
20201019113647,10.77.1.2/24,8
20201019113648,10.20.30.2/16,7
20201019113649,10.77.1.1/24,2
20201019113651,10.20.30.1/16,7
20201019113652,10.20.30.1/16,1
20201019113654,10.20.30.2/16,5
20201019113656,10.77.1.2/24,4
20201019113657,10.20.30.2/16,24
20201019113658,192.168.1.2/24,1
20201019113700,10.77.1.2/24,-
20201019113701,10.77.1.2/24,7
20201019113702,192.168.1.1/24,1
20201019113703,192.168.1.1/24,3
20201019113705,192.168.1.1/24,-
20201019113706,10.20.30.2/16,5
20201019113707,10.20.30.2/16,7
20201019113708,192.168.1.2/24,69
20201019113709,10.77.1.2/24,-
20201019113710,10.77.1.1/24,8
20201019113711,10.20.30.2/16,13
20201019113713,10.20.30.2/16,-
20201019113715,10.20.30.2/16,1
20201019113716,10.20.30.1/16,45
20201019113717,192.168.1.2/24,5
20201019113718,10.20.30.2/16,7
20201019113719,10.20.30.1/16,5
20201019113720,10.20.30.1/16,-
20201019113721,192.168.1.1/24,6
20201019113722,10.20.30.2/16,6
20201019113724,192.168.1.1/24,94
20201019113725,10.20.30.1/16,3
20201019113726,10.20.30.2/16,11
20201019113727,192.168.1.2/24,73
20201019113728,10.77.1.2/24,5
20201019113730,10.20.30.1/16,4
20201019113732,10.77.1.2/24,9
20201019113733,192.168.1.1/24,-
20201019113734,10.20.30.1/16,9
20201019113735,10.77.1.2/24,9
20201019113736,10.77.1.1/24,-
20201019113737,10.77.1.1/24,-
20201019113738,10.20.30.2/16,72
20201019113739,192.168.1.2/24,3
20201019113740,192.168.1.2/24,42
20201019113741,10.77.1.1/24,-
20201019113742,10.20.30.1/16,2
20201019113743,10.20.30.1/16,8
20201019113744,10.20.30.1/16,7
20201019113745,192.168.1.1/24,-
20201019113746,10.77.1.1/24,3
20201019113747,10.20.30.2/16,38
20201019113748,192.168.1.1/24,7
20201019113749,10.77.1.2/24,7
20201019113750,192.168.1.2/24,74
20201019113751,10.20.30.2/16,7
20201019113752,10.20.30.1/16,89
20201019113753,10.20.30.2/16,1
20201019113755,10.77.1.1/24,-
20201019113757,10.77.1.2/24,-
20201019113759,10.20.30.1/16,95
20201019113801,10.77.1.2/24,-
20201019113803,192.168.1.2/24,9
20201019113804,10.77.1.2/24,2
20201019113806,192.168.1.1/24,46
20201019113807,10.20.30.1/16,5
20201019113808,10.77.1.1/24,91
20201019113809,10.20.30.2/16,11
20201019113810,192.168.1.2/24,1
20201019113811,10.20.30.1/16,4
20201019113812,192.168.1.1/24,5
20201019113814,192.168.1.1/24,-
20201019113815,10.20.30.1/16,-
20201019113816,192.168.1.1/24,-
20201019113817,192.168.1.2/24,8
20201019113818,192.168.1.2/24,24
20201019113819,10.77.1.2/24,10
20201019113820,192.168.1.1/24,-
20201019113822,10.77.1.2/24,40
20201019113823,192.168.1.2/24,-
20201019113824,10.20.30.2/16,6
20201019113825,10.77.1.1/24,2
20201019113826,10.77.1.1/24,2
20201019113827,10.77.1.1/24,7
20201019113828,10.77.1.1/24,-
20201019113829,10.20.30.2/16,9
20201019113831,192.168.1.1/24,5
20201019113832,192.168.1.2/24,3
20201019113834,10.20.30.2/16,3
20201019113835,10.77.1.2/24,-
20201019113836,10.20.30.1/16,5
20201019113837,10.77.1.2/24,-
20201019113838,10.20.30.2/16,-
20201019113839,192.168.1.2/24,38
20201019113840,192.168.1.2/24,5
20201019113841,10.20.30.2/16,14
20201019113842,10.20.30.1/16,-
20201019113843,192.168.1.2/24,-
20201019113844,10.77.1.1/24,6
20201019113846,192.168.1.1/24,2
20201019113847,10.77.1.2/24,3
20201019113848,192.168.1.1/24,8
20201019113850,10.20.30.1/16,-
20201019113851,10.20.30.1/16,9
20201019113853,192.168.1.2/24,7
20201019113854,192.168.1.1/24,30
20201019113855,192.168.1.1/24,3
20201019113856,192.168.1.2/24,6
20201019113857,10.77.1.1/24,6
20201019113858,10.77.1.1/24,8
20201019113859,10.20.30.1/16,-
20201019113900,10.77.1.2/24,-
20201019113901,10.77.1.2/24,4
20201019113902,10.20.30.1/16,7
20201019113904,10.77.1.2/24,5
20201019113905,10.20.30.1/16,1
20201019113906,192.168.1.1/24,-
20201019113908,10.20.30.2/16,9
20201019113909,10.20.30.2/16,2
20201019113911,192.168.1.1/24,9
20201019113912,10.20.30.2/16,2
20201019113914,10.20.30.1/16,4
20201019113916,192.168.1.1/24,41
20201019113917,192.168.1.2/24,65
20201019113919,192.168.1.1/24,86
20201019113920,10.20.30.2/16,6
20201019113921,10.20.30.2/16,-
20201019113923,192.168.1.1/24,5
20201019113924,192.168.1.2/24,7
20201019113925,10.77.1.1/24,7
20201019113926,10.77.1.2/24,3
20201019113927,10.77.1.2/24,1
20201019113928,10.77.1.2/24,16
20201019113929,10.77.1.1/24,7
20201019113930,10.20.30.2/16,4
20201019113931,192.168.1.2/24,7
20201019113933,192.168.1.2/24,1
20201019113934,10.20.30.2/16,5
20201019113935,10.20.30.2/16,7
20201019113936,192.168.1.2/24,51
20201019113937,10.20.30.2/16,9
20201019113938,10.20.30.1/16,7
20201019113939,10.20.30.2/16,2
20201019113941,10.20.30.1/16,1
20201019113942,10.20.30.1/16,-
20201019113943,10.77.1.2/24,-
20201019113944,192.168.1.2/24,23
20201019113945,10.20.30.2/16,6
20201019113946,10.20.30.1/16,9
20201019113947,10.20.30.2/16,6
20201019113948,10.77.1.2/24,-
20201019113950,192.168.1.2/24,4
20201019113951,10.77.1.2/24,-
20201019113952,192.168.1.1/24,-
20201019113953,192.168.1.1/24,62
20201019113954,10.77.1.1/24,8
20201019113955,192.168.1.2/24,5
20201019113957,10.77.1.2/24,-
20201019113958,10.20.30.1/16,-
20201019113959,10.77.1.1/24,23
20201019114001,10.77.1.2/24,3
20201019114002,10.20.30.2/16,-
20201019114003,10.20.30.1/16,2
20201019114004,10.77.1.2/24,-
20201019114005,10.77.1.1/24,-
20201019114006,10.20.30.2/16,1
20201019114007,10.20.30.1/16,7
20201019114008,10.20.30.1/16,9
20201019114009,10.77.1.1/24,1
20201019114010,192.168.1.2/24,9
20201019114011,192.168.1.2/24,27
20201019114012,192.168.1.1/24,-
20201019114013,192.168.1.2/24,-
20201019114014,192.168.1.1/24,6
20201019114015,10.77.1.2/24,34
20201019114016,192.168.1.1/24,-
20201019114017,10.20.30.1/16,-
20201019114018,10.77.1.1/24,3
20201019114019,10.77.1.1/24,2
20201019114020,192.168.1.1/24,1
20201019114021,10.20.30.2/16,4
20201019114022,10.20.30.2/16,-
20201019114023,192.168.1.1/24,5
20201019114024,10.20.30.2/16,-
20201019114025,10.77.1.1/24,6
20201019114026,10.20.30.2/16,39
20201019114027,10.77.1.1/24,7
20201019114028,10.77.1.2/24,11
20201019114030,192.168.1.2/24,1
20201019114031,10.77.1.2/24,39
20201019114032,10.20.30.2/16,-
20201019114034,10.20.30.1/16,1
20201019114035,10.20.30.1/16,-
20201019114036,10.20.30.2/16,8
20201019114037,10.20.30.2/16,3
20201019114039,10.20.30.1/16,32
20201019114040,10.20.30.2/16,49
20201019114042,10.20.30.1/16,5
20201019114043,192.168.1.1/24,8
20201019114044,10.20.30.2/16,3
20201019114045,192.168.1.2/24,1
20201019114046,10.77.1.2/24,4
20201019114048,10.77.1.2/24,22
20201019114049,192.168.1.1/24,3
20201019114050,192.168.1.1/24,-
20201019114051,192.168.1.2/24,2
20201019114053,192.168.1.2/24,31
20201019114054,192.168.1.2/24,28
20201019114055,10.20.30.2/16,33
20201019114056,192.168.1.1/24,2
20201019114058,192.168.1.2/24,8
20201019114059,10.77.1.1/24,-
20201019114101,10.20.30.1/16,-
20201019114102,192.168.1.1/24,2
20201019114103,10.77.1.1/24,-
20201019114104,10.20.30.1/16,95
20201019114105,10.20.30.2/16,-
20201019114106,192.168.1.2/24,23
20201019114108,10.20.30.2/16,-
20201019114109,192.168.1.1/24,13
20201019114110,10.20.30.2/16,-
20201019114111,10.77.1.1/24,-
20201019114112,10.77.1.2/24,-
20201019114113,10.20.30.2/16,4
20201019114114,10.20.30.1/16,-
20201019114115,192.168.1.2/24,6
20201019114116,10.77.1.1/24,7
20201019114117,10.20.30.1/16,5
20201019114118,10.77.1.2/24,-
20201019114119,10.20.30.1/16,-
20201019114120,10.20.30.1/16,4
20201019114121,10.20.30.2/16,9
20201019114122,10.77.1.2/24,-
20201019114124,10.77.1.1/24,5
20201019114126,10.20.30.1/16,37
20201019114127,192.168.1.1/24,79
20201019114128,192.168.1.2/24,-
20201019114129,192.168.1.1/24,-
20201019114130,10.20.30.1/16,-
20201019114131,10.20.30.2/16,4
20201019114132,192.168.1.1/24,11
20201019114133,192.168.1.2/24,-
20201019114134,192.168.1.1/24,2
20201019114135,10.20.30.1/16,-
20201019114136,10.20.30.2/16,1
20201019114137,192.168.1.2/24,91
20201019114138,10.77.1.1/24,36
20201019114139,192.168.1.1/24,22
20201019114141,192.168.1.1/24,2
20201019114143,10.20.30.2/16,2
20201019114144,192.168.1.1/24,6
20201019114145,10.77.1.2/24,39
20201019114146,10.20.30.2/16,-
20201019114147,10.20.30.2/16,7
20201019114149,10.77.1.2/24,-
20201019114150,10.20.30.2/16,2
20201019114151,192.168.1.2/24,4
20201019114152,10.20.30.2/16,8
20201019114153,10.77.1.1/24,8
20201019114154,192.168.1.1/24,-
20201019114155,10.20.30.2/16,47
20201019114156,10.77.1.1/24,2
20201019114157,192.168.1.2/24,8
20201019114158,192.168.1.1/24,1
20201019114159,192.168.1.2/24,5
20201019114200,192.168.1.1/24,9
20201019114201,192.168.1.1/24,7
20201019114202,10.20.30.2/16,5
20201019114203,10.77.1.1/24,13
20201019114204,10.20.30.1/16,8
20201019114205,10.77.1.2/24,8
20201019114206,10.77.1.1/24,71
20201019114207,10.77.1.1/24,8
20201019114208,10.77.1.1/24,1
20201019114209,192.168.1.2/24,61
20201019114211,10.77.1.2/24,40
20201019114212,10.77.1.2/24,6
20201019114213,192.168.1.1/24,20
20201019114214,10.20.30.1/16,7
20201019114215,10.20.30.1/16,9
20201019114216,10.20.30.2/16,-
20201019114217,10.20.30.1/16,-
20201019114218,10.20.30.2/16,-
20201019114219,10.20.30.2/16,3
20201019114220,10.77.1.1/24,7
20201019114221,10.77.1.1/24,1
20201019114223,10.20.30.2/16,4
20201019114225,10.77.1.2/24,6
20201019114227,10.77.1.2/24,2
20201019114229,10.20.30.2/16,-
20201019114230,192.168.1.1/24,71
20201019114231,10.20.30.2/16,7
20201019114232,10.77.1.1/24,38
20201019114233,10.20.30.2/16,8
20201019114234,192.168.1.1/24,5
20201019114236,192.168.1.2/24,31
20201019114237,10.20.30.2/16,69
20201019114238,192.168.1.2/24,-
20201019114240,10.20.30.1/16,-
20201019114241,192.168.1.2/24,-
20201019114243,192.168.1.2/24,10
20201019114244,192.168.1.2/24,-
20201019114245,192.168.1.2/24,-
20201019114246,10.20.30.1/16,8
20201019114247,10.20.30.1/16,-
20201019114248,192.168.1.2/24,49
20201019114250,192.168.1.2/24,-
20201019114251,10.77.1.1/24,-
20201019114253,192.168.1.1/24,93
20201019114255,10.20.30.1/16,5
20201019114256,192.168.1.2/24,2
20201019114257,10.20.30.2/16,-
20201019114258,10.77.1.2/24,7
20201019114259,10.77.1.1/24,3
20201019114300,10.77.1.2/24,-
20201019114301,10.20.30.1/16,-
20201019114302,192.168.1.1/24,64
20201019114303,10.77.1.2/24,5
20201019114305,10.77.1.1/24,1
20201019114306,10.20.30.2/16,85
20201019114308,10.20.30.2/16,5
20201019114309,10.77.1.2/24,2
20201019114311,10.77.1.1/24,4
20201019114312,10.20.30.1/16,4
20201019114313,192.168.1.1/24,-
20201019114315,192.168.1.2/24,-
20201019114316,192.168.1.2/24,12
20201019114318,10.20.30.2/16,3
20201019114319,10.20.30.1/16,9
20201019114320,10.77.1.2/24,2
20201019114321,10.20.30.2/16,-
20201019114322,192.168.1.1/24,-
20201019114323,10.20.30.2/16,98
20201019114324,10.77.1.1/24,3
20201019114325,10.20.30.2/16,31
20201019114326,192.168.1.1/24,96
20201019114327,10.77.1.2/24,8
20201019114328,192.168.1.2/24,17
20201019114329,192.168.1.1/24,1
20201019114331,10.20.30.2/16,-
20201019114332,192.168.1.2/24,-
20201019114333,10.20.30.1/16,6
20201019114335,192.168.1.1/24,-
20201019114336,10.20.30.1/16,2
20201019114337,10.20.30.2/16,5
20201019114338,192.168.1.2/24,10
20201019114339,192.168.1.1/24,-
20201019114340,10.77.1.2/24,3
20201019114341,10.77.1.1/24,3
20201019114343,10.20.30.2/16,6
20201019114344,10.77.1.1/24,5
20201019114345,192.168.1.1/24,14
20201019114346,192.168.1.2/24,33
20201019114347,192.168.1.2/24,-
20201019114348,10.20.30.1/16,5
20201019114350,10.77.1.1/24,7
20201019114351,10.20.30.2/16,9
20201019114352,10.77.1.2/24,9
20201019114354,192.168.1.2/24,6
20201019114355,192.168.1.1/24,5
20201019114356,192.168.1.1/24,65
20201019114358,10.20.30.1/16,8
20201019114400,10.20.30.1/16,1
20201019114401,192.168.1.1/24,74
20201019114402,10.20.30.2/16,7
20201019114403,10.77.1.2/24,-
20201019114404,192.168.1.1/24,20
20201019114405,10.20.30.1/16,11
20201019114407,10.77.1.2/24,2
20201019114408,10.20.30.2/16,7
20201019114409,10.20.30.2/16,3
20201019114411,10.20.30.1/16,6
20201019114412,10.77.1.1/24,34
20201019114413,10.20.30.2/16,8
20201019114414,10.20.30.1/16,35
20201019114415,10.77.1.2/24,11
20201019114417,192.168.1.2/24,1
20201019114418,10.77.1.1/24,-
20201019114419,192.168.1.2/24,3
20201019114420,192.168.1.1/24,9
20201019114421,10.20.30.2/16,4
20201019114422,192.168.1.2/24,4
20201019114423,192.168.1.1/24,12
20201019114424,10.20.30.2/16,-
20201019114426,10.20.30.2/16,1
20201019114427,10.20.30.1/16,2
20201019114429,10.20.30.1/16,9
20201019114430,10.20.30.1/16,5
20201019114431,192.168.1.2/24,1
20201019114433,10.77.1.1/24,-
20201019114434,192.168.1.2/24,2
20201019114436,192.168.1.2/24,-
20201019114438,10.20.30.2/16,5
20201019114439,10.20.30.1/16,3
20201019114440,192.168.1.1/24,84
20201019114441,192.168.1.2/24,1
20201019114443,10.20.30.1/16,8
20201019114444,10.77.1.1/24,7
20201019114445,192.168.1.1/24,7
20201019114446,10.20.30.1/16,-
20201019114448,192.168.1.2/24,23
20201019114449,10.77.1.2/24,4
20201019114450,10.77.1.2/24,3
20201019114451,192.168.1.1/24,52
20201019114452,192.168.1.1/24,3
20201019114454,10.77.1.1/24,8
20201019114456,10.77.1.2/24,4
20201019114458,10.20.30.2/16,7
20201019114459,10.77.1.2/24,4
20201019114500,10.20.30.1/16,-
20201019114502,192.168.1.2/24,42
20201019114503,10.77.1.2/24,14
20201019114505,10.20.30.2/16,-
20201019114507,10.20.30.2/16,71
20201019114509,192.168.1.1/24,25
20201019114510,10.77.1.2/24,76
20201019114511,10.20.30.1/16,4
20201019114512,192.168.1.2/24,-
20201019114513,192.168.1.1/24,9
20201019114514,10.77.1.2/24,3
20201019114516,10.77.1.2/24,-
20201019114517,10.20.30.2/16,-
20201019114518,192.168.1.1/24,1
20201019114519,192.168.1.1/24,0
20201019114520,10.20.30.2/16,14
20201019114522,10.77.1.1/24,1
20201019114523,10.77.1.2/24,-
20201019114524,10.20.30.2/16,4
20201019114525,192.168.1.2/24,6
20201019114526,10.77.1.1/24,3
20201019114527,192.168.1.2/24,-
20201019114528,10.77.1.2/24,4
20201019114529,192.168.1.2/24,20
20201019114530,10.77.1.2/24,6
20201019114531,10.77.1.2/24,4
20201019114532,10.20.30.2/16,5
20201019114533,10.20.30.1/16,-
20201019114534,192.168.1.1/24,-
20201019114535,10.77.1.1/24,5
20201019114536,10.20.30.2/16,1
20201019114538,10.77.1.2/24,-
20201019114539,10.77.1.1/24,4
20201019114540,10.20.30.1/16,-
20201019114541,192.168.1.1/24,36
20201019114542,10.20.30.2/16,25
20201019114543,10.77.1.1/24,-
20201019114544,10.20.30.2/16,-
20201019114545,10.77.1.1/24,-
20201019114546,10.20.30.1/16,49
20201019114547,10.77.1.1/24,56
20201019114548,10.20.30.2/16,7
20201019114549,10.20.30.2/16,7
20201019114550,192.168.1.1/24,-
20201019114552,192.168.1.1/24,-
20201019114553,192.168.1.2/24,7
20201019114554,192.168.1.2/24,8
20201019114555,10.77.1.2/24,-
20201019114556,10.20.30.1/16,63
20201019114557,192.168.1.2/24,-
20201019114558,192.168.1.2/24,4
20201019114559,10.77.1.1/24,9
20201019114601,10.20.30.2/16,10
20201019114602,10.77.1.1/24,7
20201019114603,10.77.1.1/24,21
20201019114604,192.168.1.2/24,17
20201019114605,192.168.1.1/24,18
20201019114606,192.168.1.1/24,9
20201019114607,10.77.1.1/24,6
20201019114608,192.168.1.2/24,-
20201019114609,192.168.1.1/24,3
20201019114610,10.20.30.2/16,-
20201019114611,10.77.1.2/24,-
20201019114613,10.77.1.1/24,28
20201019114615,10.77.1.1/24,6
20201019114616,10.77.1.1/24,-
20201019114617,192.168.1.1/24,-
20201019114618,10.77.1.2/24,-
20201019114619,10.77.1.2/24,7
20201019114621,192.168.1.2/24,2
20201019114622,192.168.1.2/24,-
20201019114623,10.77.1.1/24,8
20201019114625,192.168.1.1/24,6
20201019114626,10.77.1.2/24,5
20201019114627,192.168.1.1/24,-
20201019114628,10.20.30.2/16,5
20201019114629,10.20.30.2/16,30
20201019114630,192.168.1.2/24,5
20201019114631,10.77.1.2/24,1
20201019114632,10.20.30.2/16,7
20201019114634,10.20.30.2/16,-
20201019114635,10.20.30.1/16,9
20201019114636,192.168.1.2/24,-
20201019114638,192.168.1.2/24,9
20201019114639,192.168.1.2/24,39
20201019114640,192.168.1.1/24,1
20201019114642,10.77.1.1/24,2
20201019114643,10.20.30.1/16,67
20201019114644,10.77.1.2/24,5
20201019114645,10.20.30.2/16,2
20201019114646,10.77.1.1/24,4
20201019114647,10.20.30.2/16,-
20201019114648,10.77.1.1/24,6
20201019114649,10.20.30.1/16,2
20201019114650,10.77.1.2/24,5
20201019114651,192.168.1.2/24,19
20201019114653,10.20.30.2/16,16
20201019114654,192.168.1.1/24,-
20201019114655,10.77.1.2/24,22
20201019114656,10.20.30.2/16,9
20201019114658,10.77.1.2/24,8
20201019114659,192.168.1.2/24,-
20201019114700,192.168.1.2/24,30
20201019114701,10.77.1.2/24,1
20201019114702,192.168.1.1/24,9
20201019114703,10.77.1.2/24,6
20201019114704,10.77.1.2/24,7
20201019114705,192.168.1.2/24,4
20201019114706,10.20.30.2/16,6
20201019114707,10.20.30.1/16,41
20201019114708,10.77.1.1/24,-
20201019114710,10.77.1.1/24,10
20201019114712,10.20.30.2/16,-
20201019114713,10.20.30.2/16,4
20201019114714,192.168.1.1/24,-
20201019114716,192.168.1.2/24,-
20201019114717,10.77.1.2/24,2
20201019114718,10.77.1.2/24,47
20201019114719,10.20.30.2/16,-
20201019114721,10.77.1.1/24,-
20201019114722,10.20.30.1/16,6
20201019114724,10.77.1.1/24,4
20201019114726,10.20.30.1/16,8
20201019114727,10.77.1.1/24,4
20201019114729,192.168.1.2/24,7
20201019114730,10.20.30.2/16,25
20201019114732,10.77.1.1/24,7
20201019114733,10.77.1.2/24,9
20201019114734,192.168.1.1/24,60
20201019114735,192.168.1.2/24,2
20201019114736,10.20.30.2/16,-
20201019114737,10.77.1.2/24,-
20201019114739,10.20.30.1/16,7
20201019114740,10.20.30.2/16,7
20201019114741,10.77.1.1/24,21
20201019114742,10.20.30.2/16,30
20201019114743,10.77.1.2/24,-
20201019114744,10.20.30.1/16,17
20201019114745,10.20.30.1/16,1
20201019114747,10.77.1.2/24,3
20201019114749,10.20.30.2/16,-
20201019114750,192.168.1.2/24,-
20201019114751,10.77.1.1/24,6
20201019114752,10.77.1.2/24,2
20201019114753,192.168.1.1/24,6
20201019114754,10.20.30.1/16,81
20201019114755,10.77.1.2/24,1
20201019114756,10.20.30.2/16,1
20201019114758,10.20.30.1/16,2
20201019114759,10.20.30.2/16,5
20201019114800,192.168.1.2/24,4
20201019114801,10.77.1.2/24,3
20201019114802,10.77.1.2/24,44
20201019114804,192.168.1.1/24,71
20201019114806,10.20.30.2/16,4
20201019114808,192.168.1.2/24,27
20201019114809,10.77.1.2/24,-
20201019114810,192.168.1.1/24,1
20201019114811,192.168.1.2/24,5
20201019114812,192.168.1.1/24,-
20201019114813,10.20.30.2/16,9
20201019114814,192.168.1.2/24,54
20201019114815,192.168.1.2/24,-
20201019114816,192.168.1.2/24,7
20201019114817,10.20.30.2/16,52
20201019114818,192.168.1.2/24,-
20201019114820,10.20.30.2/16,3
20201019114822,192.168.1.1/24,-
20201019114823,10.20.30.1/16,3
20201019114824,192.168.1.1/24,38
20201019114825,10.20.30.1/16,-
20201019114827,10.77.1.1/24,-
20201019114828,10.77.1.1/24,7
20201019114829,10.20.30.1/16,6
20201019114830,10.77.1.1/24,14
20201019114831,10.20.30.2/16,65
20201019114832,10.77.1.1/24,9
20201019114833,10.77.1.1/24,-
20201019114835,192.168.1.1/24,-
20201019114836,10.77.1.2/24,-
20201019114837,10.20.30.1/16,3
20201019114838,192.168.1.1/24,64
20201019114839,192.168.1.1/24,8
20201019114841,10.77.1.2/24,1
20201019114842,10.77.1.1/24,19
20201019114843,192.168.1.1/24,5
20201019114844,10.77.1.2/24,5
20201019114846,10.20.30.1/16,96
20201019114847,192.168.1.2/24,5
20201019114848,10.20.30.2/16,5
20201019114850,10.20.30.1/16,35
20201019114851,10.20.30.2/16,-
20201019114853,10.20.30.1/16,3
20201019114854,10.77.1.2/24,3
20201019114855,192.168.1.2/24,1
20201019114856,192.168.1.2/24,3
20201019114857,10.77.1.1/24,8
20201019114858,10.77.1.2/24,10
20201019114859,10.77.1.2/24,6
20201019114900,192.168.1.1/24,8
20201019114901,10.77.1.1/24,8
20201019114903,10.20.30.2/16,13
20201019114904,10.20.30.1/16,78
20201019114905,10.77.1.2/24,5
20201019114907,10.20.30.1/16,73
20201019114908,192.168.1.2/24,-
20201019114909,10.77.1.2/24,-
20201019114910,10.77.1.1/24,5
20201019114911,10.20.30.1/16,2
20201019114912,10.77.1.2/24,-
20201019114913,10.77.1.1/24,16
20201019114914,10.77.1.2/24,-
20201019114916,10.77.1.1/24,22
20201019114917,10.20.30.2/16,5
20201019114918,10.20.30.2/16,9
20201019114919,10.77.1.2/24,-
20201019114920,10.20.30.1/16,-
20201019114921,10.20.30.2/16,-
20201019114922,10.77.1.2/24,6
20201019114924,10.20.30.1/16,-
20201019114925,10.77.1.2/24,3
20201019114926,10.77.1.1/24,5
20201019114927,192.168.1.1/24,6
20201019114929,10.77.1.1/24,-
20201019114930,10.20.30.2/16,8
20201019114931,10.20.30.1/16,93
20201019114932,10.20.30.2/16,2
20201019114934,10.77.1.1/24,46
20201019114936,10.20.30.1/16,3
20201019114937,10.20.30.1/16,-
20201019114938,10.77.1.2/24,-
20201019114939,192.168.1.1/24,-
20201019114940,10.20.30.1/16,5
20201019114942,10.20.30.1/16,7
20201019114943,10.77.1.2/24,3
20201019114944,10.77.1.1/24,8
20201019114945,10.77.1.1/24,5
20201019114946,10.20.30.2/16,30
20201019114947,10.77.1.2/24,-
20201019114948,10.77.1.2/24,1
20201019114950,10.77.1.1/24,9
20201019114952,192.168.1.2/24,40
20201019114954,10.20.30.2/16,7
20201019114955,192.168.1.2/24,-
20201019114957,192.168.1.1/24,-
20201019114958,10.20.30.2/16,4
20201019114959,10.77.1.1/24,2
20201019115000,10.20.30.2/16,7
20201019115001,192.168.1.2/24,30
20201019115002,10.20.30.1/16,9
20201019115003,10.20.30.2/16,9
20201019115004,192.168.1.1/24,-
20201019115006,10.20.30.1/16,79
20201019115007,10.77.1.2/24,78
20201019115009,10.20.30.1/16,-
20201019115010,192.168.1.1/24,30
20201019115012,192.168.1.2/24,4
20201019115013,192.168.1.2/24,4
20201019115014,192.168.1.1/24,2
20201019115015,10.77.1.1/24,-
20201019115016,10.77.1.1/24,78
20201019115018,10.20.30.2/16,26
20201019115020,192.168.1.2/24,67
20201019115021,10.77.1.2/24,60
20201019115022,10.77.1.1/24,65
20201019115023,10.77.1.1/24,3
20201019115024,10.77.1.1/24,6
20201019115025,10.77.1.1/24,3
20201019115026,10.77.1.2/24,68
20201019115027,10.77.1.2/24,71
20201019115028,10.20.30.2/16,-
20201019115029,192.168.1.1/24,8
20201019115030,10.20.30.1/16,9
20201019115031,10.20.30.2/16,9
20201019115032,10.20.30.1/16,9
20201019115033,10.20.30.2/16,20
20201019115034,10.77.1.2/24,5
20201019115035,192.168.1.1/24,3
20201019115036,10.77.1.2/24,7
20201019115037,192.168.1.2/24,-
20201019115038,10.77.1.1/24,9
20201019115039,10.20.30.2/16,11
20201019115041,10.20.30.1/16,2
20201019115043,10.77.1.2/24,7
20201019115044,10.77.1.2/24,25
20201019115045,10.77.1.2/24,56
20201019115046,10.77.1.2/24,-
20201019115047,192.168.1.1/24,3
20201019115049,10.20.30.2/16,2
20201019115050,10.20.30.2/16,-
20201019115051,10.20.30.2/16,25
20201019115052,10.20.30.2/16,7
20201019115054,192.168.1.2/24,-
20201019115055,192.168.1.2/24,52
20201019115056,192.168.1.2/24,7
20201019115057,10.20.30.2/16,4
20201019115059,192.168.1.2/24,4
20201019115101,10.77.1.1/24,13
20201019115102,10.77.1.2/24,2
20201019115103,10.77.1.1/24,-
20201019115105,10.20.30.2/16,2
20201019115106,10.20.30.1/16,7
20201019115107,10.20.30.1/16,13
20201019115108,10.20.30.1/16,6
20201019115109,10.20.30.2/16,66
20201019115110,10.20.30.1/16,-
20201019115112,192.168.1.2/24,13
20201019115113,192.168.1.1/24,7
20201019115115,10.20.30.1/16,7
20201019115116,192.168.1.2/24,6
20201019115117,10.20.30.1/16,-
20201019115118,192.168.1.1/24,24
20201019115119,192.168.1.2/24,2
20201019115120,10.20.30.2/16,-
20201019115121,10.77.1.1/24,-
20201019115122,10.77.1.1/24,65
20201019115123,10.20.30.1/16,67
20201019115124,10.20.30.2/16,59
20201019115125,192.168.1.1/24,7
20201019115126,10.20.30.1/16,4
20201019115127,10.77.1.1/24,6
20201019115128,192.168.1.2/24,22
20201019115129,10.20.30.2/16,-
20201019115130,10.20.30.2/16,7
20201019115131,10.77.1.2/24,6
20201019115133,192.168.1.1/24,-
20201019115134,192.168.1.1/24,-
20201019115135,10.20.30.2/16,76
20201019115136,10.20.30.2/16,9
20201019115137,10.77.1.1/24,-
20201019115138,192.168.1.1/24,-
20201019115139,10.20.30.2/16,-
20201019115140,192.168.1.1/24,6
20201019115142,192.168.1.1/24,6
20201019115143,192.168.1.2/24,-
20201019115144,10.20.30.1/16,71
20201019115145,10.77.1.1/24,-
20201019115146,192.168.1.1/24,78
20201019115148,10.20.30.2/16,11
20201019115149,10.20.30.1/16,2
20201019115151,10.77.1.2/24,1
20201019115152,192.168.1.2/24,5
20201019115153,10.77.1.1/24,-
20201019115154,10.20.30.1/16,3
20201019115155,10.77.1.1/24,6
20201019115156,192.168.1.1/24,-
20201019115157,192.168.1.1/24,3
20201019115158,10.20.30.2/16,-
20201019115159,10.20.30.2/16,7
20201019115201,10.77.1.1/24,4
20201019115202,10.20.30.2/16,5
20201019115203,192.168.1.1/24,4
20201019115204,192.168.1.2/24,2
20201019115205,10.77.1.2/24,8
20201019115207,192.168.1.1/24,1
20201019115209,10.77.1.1/24,25
20201019115210,192.168.1.2/24,5
20201019115211,10.20.30.1/16,1
20201019115212,192.168.1.2/24,6
20201019115214,192.168.1.1/24,18
20201019115215,192.168.1.2/24,2
20201019115216,10.20.30.2/16,38
20201019115218,10.20.30.2/16,-
20201019115219,10.77.1.1/24,12
20201019115220,10.77.1.2/24,3
20201019115221,10.20.30.2/16,26
20201019115222,192.168.1.2/24,-
20201019115224,192.168.1.2/24,35
20201019115225,10.20.30.1/16,7
20201019115227,10.20.30.2/16,54
20201019115228,10.20.30.2/16,6
20201019115229,10.77.1.1/24,8
20201019115230,10.20.30.2/16,29
20201019115231,10.77.1.1/24,1
20201019115232,10.20.30.1/16,1
20201019115233,10.77.1.2/24,6
20201019115235,10.77.1.2/24,23
20201019115236,10.20.30.2/16,9
20201019115237,10.20.30.1/16,7
20201019115239,10.77.1.2/24,93
20201019115240,192.168.1.1/24,5
20201019115242,10.77.1.2/24,24
20201019115244,10.77.1.1/24,6
20201019115245,10.20.30.2/16,-
20201019115246,10.77.1.2/24,-
20201019115247,192.168.1.1/24,11
20201019115248,192.168.1.2/24,3
20201019115249,10.77.1.2/24,8
20201019115250,192.168.1.2/24,2
20201019115251,192.168.1.1/24,40
20201019115253,192.168.1.2/24,7
20201019115254,10.20.30.2/16,2
20201019115255,10.20.30.2/16,9
20201019115257,10.77.1.1/24,91
20201019115258,192.168.1.2/24,15
20201019115259,192.168.1.1/24,7
20201019115300,192.168.1.2/24,32
20201019115301,10.20.30.1/16,8
20201019115303,10.77.1.1/24,6
20201019115304,10.77.1.2/24,93
20201019115305,10.20.30.2/16,4
20201019115306,10.77.1.2/24,-
20201019115307,10.77.1.1/24,1
20201019115308,192.168.1.2/24,-
20201019115309,10.77.1.2/24,4
20201019115310,10.20.30.1/16,6
20201019115312,192.168.1.2/24,0
20201019115314,192.168.1.2/24,3
20201019115316,10.20.30.1/16,-
20201019115317,10.20.30.2/16,66
20201019115318,10.20.30.2/16,38
20201019115319,192.168.1.2/24,7
20201019115321,10.77.1.1/24,25
20201019115322,10.77.1.2/24,95
20201019115323,10.20.30.2/16,-
20201019115324,10.20.30.1/16,-
20201019115325,192.168.1.2/24,3
20201019115326,10.77.1.1/24,0
20201019115328,10.20.30.1/16,13
20201019115329,10.20.30.1/16,-
20201019115330,10.77.1.2/24,52
20201019115331,10.20.30.2/16,69
20201019115332,10.77.1.1/24,9
20201019115333,10.77.1.2/24,9
20201019115334,10.20.30.2/16,8
20201019115335,10.20.30.1/16,7
20201019115336,10.77.1.1/24,7
20201019115337,10.20.30.1/16,2
20201019115338,192.168.1.2/24,-
20201019115339,10.20.30.1/16,1
20201019115340,10.20.30.2/16,-
20201019115341,10.20.30.1/16,5
20201019115342,192.168.1.1/24,-
20201019115343,10.77.1.1/24,1
20201019115344,10.77.1.1/24,-
20201019115345,192.168.1.2/24,6
20201019115346,10.20.30.1/16,96
20201019115347,10.77.1.1/24,19
20201019115349,192.168.1.2/24,-
20201019115351,192.168.1.2/24,9
20201019115353,10.20.30.2/16,4
20201019115354,10.20.30.1/16,2
20201019115355,10.20.30.1/16,-
20201019115356,10.20.30.1/16,3
20201019115357,10.20.30.1/16,1
20201019115359,10.20.30.2/16,2
20201019115401,10.77.1.2/24,5
20201019115402,10.77.1.2/24,4
20201019115404,192.168.1.2/24,-
20201019115405,10.20.30.1/16,7
20201019115407,192.168.1.2/24,21
20201019115409,10.77.1.1/24,1
20201019115410,192.168.1.2/24,9
20201019115411,10.77.1.1/24,1
20201019115412,10.20.30.1/16,5
20201019115413,10.77.1.1/24,2
20201019115414,192.168.1.1/24,45
20201019115415,10.77.1.2/24,53
20201019115416,10.77.1.2/24,-
20201019115417,10.20.30.1/16,1
20201019115418,10.77.1.2/24,5
20201019115420,10.20.30.2/16,2
20201019115422,10.20.30.1/16,9
20201019115423,10.20.30.2/16,2
20201019115424,10.20.30.1/16,7
20201019115425,10.77.1.1/24,13
20201019115426,192.168.1.2/24,8
20201019115427,10.77.1.2/24,66
20201019115428,192.168.1.2/24,-
20201019115429,192.168.1.2/24,10
20201019115430,192.168.1.2/24,-
20201019115431,192.168.1.1/24,5
20201019115432,10.20.30.2/16,9
20201019115433,10.20.30.1/16,-
20201019115434,10.20.30.1/16,-
20201019115435,10.77.1.2/24,7
20201019115437,10.77.1.2/24,23
20201019115439,192.168.1.1/24,86
20201019115440,192.168.1.2/24,9
20201019115442,192.168.1.2/24,8
20201019115443,192.168.1.1/24,2
20201019115445,192.168.1.2/24,31
20201019115446,10.20.30.2/16,7
20201019115447,10.77.1.1/24,3
20201019115448,10.20.30.1/16,1
20201019115449,10.20.30.2/16,1
20201019115450,10.77.1.1/24,5
20201019115452,10.20.30.1/16,9
20201019115453,10.77.1.1/24,-
20201019115454,10.20.30.1/16,5
20201019115455,10.77.1.1/24,-
20201019115456,192.168.1.1/24,14
20201019115457,192.168.1.1/24,-
20201019115458,192.168.1.1/24,7
20201019115500,10.77.1.2/24,-
20201019115501,10.77.1.1/24,5
20201019115502,192.168.1.2/24,1
20201019115503,10.77.1.2/24,-
20201019115505,192.168.1.1/24,5
20201019115506,192.168.1.1/24,-
20201019115507,192.168.1.2/24,28
20201019115508,10.20.30.2/16,66
20201019115509,10.77.1.2/24,8
20201019115510,192.168.1.1/24,-
20201019115511,192.168.1.2/24,9
20201019115513,192.168.1.1/24,3
20201019115515,10.20.30.2/16,-
20201019115516,192.168.1.1/24,-
20201019115517,192.168.1.2/24,6
20201019115518,192.168.1.1/24,-
20201019115519,192.168.1.2/24,1
20201019115520,10.20.30.1/16,8
20201019115521,192.168.1.1/24,64
20201019115522,10.20.30.2/16,1
20201019115523,10.77.1.2/24,-
20201019115524,10.77.1.1/24,-
20201019115525,10.20.30.2/16,7
20201019115526,192.168.1.1/24,5
20201019115527,10.77.1.1/24,-
20201019115528,192.168.1.2/24,9
20201019115529,192.168.1.1/24,2
20201019115530,10.20.30.1/16,-
20201019115531,10.77.1.2/24,5
20201019115532,192.168.1.2/24,4
20201019115533,192.168.1.2/24,-
20201019115534,10.77.1.2/24,9
20201019115535,10.20.30.2/16,66
20201019115536,10.20.30.2/16,-
20201019115537,10.20.30.1/16,1
20201019115538,10.77.1.2/24,4
20201019115539,10.20.30.1/16,-
20201019115540,192.168.1.1/24,63
20201019115541,10.20.30.1/16,7
20201019115542,192.168.1.2/24,7
20201019115543,10.77.1.1/24,6
20201019115544,10.77.1.2/24,9
20201019115546,10.77.1.2/24,1
20201019115547,10.20.30.2/16,9
20201019115549,192.168.1.1/24,2
20201019115550,10.77.1.2/24,4
20201019115551,10.77.1.2/24,55
20201019115553,192.168.1.1/24,61
20201019115555,192.168.1.2/24,-
20201019115556,10.20.30.1/16,5
20201019115557,10.20.30.2/16,3
20201019115558,10.20.30.1/16,2
20201019115559,192.168.1.1/24,3
20201019115600,10.20.30.2/16,6
20201019115601,10.77.1.1/24,4
20201019115603,10.77.1.1/24,33
20201019115604,192.168.1.1/24,71
20201019115605,10.20.30.1/16,9
20201019115607,10.77.1.2/24,87
20201019115609,192.168.1.2/24,-
20201019115611,192.168.1.2/24,5
20201019115612,10.20.30.2/16,1
20201019115613,192.168.1.2/24,-
20201019115614,10.77.1.1/24,7
20201019115615,10.77.1.1/24,6
20201019115616,10.20.30.1/16,49
20201019115618,192.168.1.2/24,88
20201019115620,192.168.1.2/24,-
20201019115621,10.20.30.2/16,8
20201019115623,192.168.1.1/24,7
20201019115625,10.77.1.2/24,-
20201019115626,10.20.30.1/16,17
20201019115628,10.20.30.2/16,6
20201019115629,10.20.30.1/16,-
20201019115630,10.20.30.1/16,5
20201019115631,10.20.30.1/16,6
20201019115632,192.168.1.1/24,2
20201019115633,192.168.1.1/24,-
20201019115635,10.77.1.1/24,6
20201019115636,192.168.1.2/24,1
20201019115637,10.77.1.1/24,7
20201019115639,10.20.30.2/16,43
20201019115640,192.168.1.1/24,5
20201019115641,192.168.1.2/24,64
20201019115642,10.20.30.2/16,8
20201019115644,10.77.1.2/24,8
20201019115645,192.168.1.2/24,-
20201019115646,10.20.30.2/16,-
20201019115647,192.168.1.1/24,2
20201019115648,10.77.1.2/24,-
20201019115650,10.20.30.1/16,6
20201019115651,10.20.30.2/16,8
20201019115653,10.20.30.1/16,-
20201019115654,192.168.1.2/24,7
20201019115655,10.20.30.2/16,61
20201019115656,192.168.1.1/24,2
20201019115657,10.77.1.2/24,-
20201019115658,10.77.1.2/24,3
20201019115659,10.20.30.2/16,-
20201019115700,192.168.1.2/24,3
20201019115701,10.77.1.2/24,1
20201019115703,10.77.1.1/24,-
20201019115704,10.77.1.2/24,3
20201019115705,10.20.30.2/16,8
20201019115706,192.168.1.2/24,4
20201019115707,10.20.30.1/16,20
20201019115708,10.20.30.1/16,2
20201019115709,10.77.1.2/24,8
20201019115710,10.20.30.2/16,3
20201019115711,192.168.1.2/24,8
20201019115712,10.77.1.1/24,-
20201019115713,10.20.30.1/16,86
20201019115714,10.20.30.2/16,5
20201019115715,10.77.1.2/24,5
20201019115716,10.20.30.2/16,4
20201019115717,10.20.30.1/16,10
20201019115718,10.20.30.2/16,2
20201019115719,10.77.1.2/24,8
20201019115721,192.168.1.2/24,-
20201019115723,10.20.30.2/16,83
20201019115724,192.168.1.1/24,-
20201019115726,10.20.30.1/16,7
20201019115727,10.77.1.2/24,-
20201019115728,10.20.30.2/16,18
20201019115729,10.77.1.1/24,8
20201019115730,192.168.1.2/24,15
20201019115732,10.77.1.2/24,-
20201019115734,10.77.1.1/24,23
20201019115735,10.20.30.1/16,5
20201019115736,10.20.30.2/16,24
20201019115737,10.77.1.2/24,-
20201019115739,10.77.1.2/24,68
20201019115740,192.168.1.1/24,3
20201019115742,10.20.30.1/16,10
20201019115744,192.168.1.1/24,-
20201019115746,10.77.1.2/24,3
20201019115747,192.168.1.1/24,1
20201019115749,10.77.1.2/24,3
20201019115750,10.77.1.1/24,87
20201019115751,10.20.30.2/16,3
20201019115752,192.168.1.2/24,-
20201019115753,10.20.30.1/16,7
20201019115754,10.77.1.2/24,-
20201019115755,10.77.1.2/24,-
20201019115756,192.168.1.2/24,8
20201019115757,10.77.1.2/24,5
20201019115758,10.77.1.2/24,-
20201019115800,10.77.1.2/24,2
20201019115801,192.168.1.2/24,2
20201019115802,10.77.1.1/24,57
20201019115803,192.168.1.1/24,3
20201019115804,192.168.1.2/24,2
20201019115805,192.168.1.2/24,8
20201019115806,10.20.30.1/16,47
20201019115807,192.168.1.1/24,77
20201019115809,10.77.1.2/24,-
20201019115810,10.77.1.1/24,8
20201019115812,10.20.30.2/16,9
20201019115814,192.168.1.1/24,7
20201019115815,192.168.1.2/24,4
20201019115816,192.168.1.1/24,46
20201019115817,10.77.1.1/24,4
20201019115818,10.77.1.2/24,9
20201019115819,10.20.30.2/16,56
20201019115820,10.20.30.2/16,-
20201019115821,10.77.1.2/24,29
20201019115822,10.20.30.2/16,46
20201019115823,10.20.30.2/16,-
20201019115825,10.20.30.1/16,-
20201019115826,192.168.1.1/24,4
20201019115827,192.168.1.1/24,12
20201019115829,10.77.1.2/24,-
20201019115830,10.20.30.1/16,-
20201019115831,192.168.1.1/24,5
20201019115832,10.20.30.1/16,-
20201019115833,192.168.1.2/24,-
20201019115835,192.168.1.2/24,8
20201019115836,192.168.1.2/24,95
20201019115837,10.20.30.1/16,-
20201019115838,10.77.1.2/24,5
20201019115840,10.20.30.2/16,16
20201019115842,192.168.1.2/24,16
20201019115843,192.168.1.2/24,7
20201019115844,10.77.1.2/24,78
20201019115845,10.20.30.1/16,9
20201019115846,10.20.30.2/16,6
20201019115847,10.77.1.2/24,16
20201019115848,192.168.1.2/24,2
20201019115849,192.168.1.1/24,2
20201019115850,10.20.30.2/16,5
20201019115851,10.77.1.1/24,-
20201019115852,192.168.1.2/24,-
20201019115854,10.77.1.2/24,-
20201019115855,10.77.1.2/24,3
20201019115856,10.77.1.2/24,9
20201019115857,10.20.30.1/16,1
20201019115858,10.77.1.2/24,-
20201019115900,192.168.1.2/24,98
20201019115901,10.77.1.2/24,74
20201019115902,192.168.1.1/24,4
20201019115904,10.77.1.2/24,8
20201019115905,192.168.1.2/24,2
20201019115906,10.77.1.2/24,27
20201019115907,192.168.1.1/24,86
20201019115908,10.77.1.2/24,-
20201019115909,10.20.30.1/16,3
20201019115910,10.20.30.2/16,3
20201019115911,10.77.1.1/24,1
20201019115912,10.20.30.1/16,9
20201019115913,10.20.30.1/16,6
20201019115914,10.20.30.1/16,8
20201019115915,10.77.1.2/24,-
20201019115916,10.20.30.2/16,-
20201019115917,10.77.1.1/24,4
20201019115918,10.77.1.1/24,-
20201019115919,10.20.30.2/16,2
20201019115921,10.20.30.1/16,-
20201019115923,192.168.1.2/24,10
20201019115925,10.77.1.2/24,94
20201019115926,10.77.1.2/24,13
20201019115928,192.168.1.1/24,6
20201019115930,10.77.1.1/24,-
20201019115932,10.77.1.1/24,64
20201019115933,10.20.30.1/16,8
20201019115935,10.20.30.1/16,5
20201019115937,192.168.1.1/24,-
20201019115938,10.20.30.2/16,1
20201019115939,10.20.30.2/16,3
20201019115941,192.168.1.2/24,1
20201019115942,10.20.30.1/16,29
20201019115943,10.20.30.1/16,37
20201019115944,10.20.30.2/16,3
20201019115945,10.77.1.2/24,-
20201019115946,10.20.30.1/16,11
20201019115947,10.77.1.1/24,9
20201019115948,10.20.30.1/16,3
20201019115950,10.20.30.1/16,-
20201019115951,10.20.30.2/16,3
20201019115953,10.20.30.2/16,-
20201019115954,192.168.1.1/24,6
20201019115955,192.168.1.2/24,-
20201019115957,10.77.1.1/24,5
20201019115958,10.77.1.1/24,2
20201019120000,10.20.30.2/16,11
20201019120001,192.168.1.2/24,2
20201019120002,10.77.1.1/24,-
20201019120003,192.168.1.1/24,5
20201019120004,10.20.30.1/16,57
20201019120005,10.20.30.1/16,4
20201019120006,10.20.30.2/16,8
20201019120007,10.77.1.2/24,79
20201019120009,192.168.1.1/24,-
20201019120010,192.168.1.2/24,23
20201019120011,192.168.1.1/24,11
20201019120012,10.77.1.2/24,8
20201019120013,192.168.1.2/24,7
20201019120014,10.20.30.1/16,3
20201019120016,10.77.1.2/24,-
20201019120017,192.168.1.2/24,9
20201019120018,192.168.1.1/24,2
20201019120019,192.168.1.1/24,11
20201019120020,10.20.30.1/16,31
20201019120021,192.168.1.1/24,-
20201019120022,192.168.1.2/24,8
20201019120023,10.20.30.2/16,32
20201019120025,192.168.1.2/24,1
20201019120026,10.77.1.2/24,77
20201019120027,10.77.1.1/24,8
20201019120028,10.20.30.1/16,55
20201019120029,192.168.1.1/24,70
20201019120030,10.77.1.1/24,4
20201019120032,10.20.30.2/16,2
20201019120033,192.168.1.1/24,4
20201019120035,10.20.30.2/16,9
20201019120036,10.20.30.2/16,3
20201019120038,192.168.1.2/24,3
20201019120039,10.20.30.1/16,6
20201019120040,10.77.1.2/24,4
20201019120041,10.77.1.1/24,25
20201019120042,10.77.1.1/24,-
20201019120043,192.168.1.2/24,1
20201019120044,192.168.1.1/24,5
20201019120046,10.77.1.2/24,2
20201019120048,10.77.1.2/24,-
20201019120049,10.20.30.2/16,27
20201019120050,10.77.1.2/24,2
20201019120051,10.77.1.2/24,59
20201019120052,192.168.1.2/24,8
20201019120053,10.20.30.1/16,8
20201019120054,192.168.1.1/24,64
20201019120055,10.20.30.2/16,4
20201019120056,10.20.30.1/16,3
20201019120057,192.168.1.2/24,-
20201019120058,192.168.1.2/24,8
20201019120100,10.77.1.2/24,1
20201019120102,10.20.30.1/16,-
20201019120103,192.168.1.2/24,3
20201019120104,10.77.1.2/24,25
20201019120105,10.20.30.1/16,6
20201019120106,10.20.30.1/16,-
20201019120107,10.20.30.2/16,-
20201019120108,10.77.1.1/24,1
20201019120109,192.168.1.2/24,2
20201019120110,10.77.1.2/24,-
20201019120112,10.20.30.1/16,-
20201019120114,10.20.30.1/16,-
20201019120115,10.20.30.1/16,63
20201019120116,10.77.1.1/24,7
20201019120117,10.20.30.1/16,80
20201019120118,192.168.1.2/24,6
20201019120119,10.77.1.2/24,91
20201019120120,10.20.30.2/16,18
20201019120121,192.168.1.2/24,6
20201019120123,10.20.30.2/16,8
20201019120125,10.20.30.2/16,-
20201019120126,10.20.30.1/16,35
20201019120127,192.168.1.1/24,7
20201019120129,10.77.1.1/24,-
20201019120130,10.77.1.2/24,6
20201019120131,10.20.30.2/16,9
20201019120132,10.77.1.2/24,7
20201019120134,10.20.30.2/16,23
20201019120135,10.77.1.2/24,4
20201019120136,10.77.1.1/24,4
20201019120138,10.77.1.1/24,8
20201019120140,192.168.1.2/24,55
20201019120142,192.168.1.2/24,38
20201019120143,192.168.1.2/24,65
20201019120145,10.77.1.2/24,8
20201019120146,10.20.30.2/16,9
20201019120148,10.20.30.1/16,8
20201019120150,10.20.30.1/16,13
20201019120152,192.168.1.1/24,22
20201019120153,10.20.30.2/16,3
20201019120154,10.77.1.2/24,2
20201019120156,192.168.1.1/24,3
20201019120158,192.168.1.1/24,-
20201019120159,10.77.1.2/24,-
20201019120201,10.20.30.2/16,8
20201019120203,10.20.30.1/16,-
20201019120204,10.20.30.1/16,16
20201019120205,192.168.1.1/24,7
20201019120206,10.20.30.1/16,9
20201019120208,10.20.30.1/16,-
20201019120209,10.20.30.2/16,6
20201019120211,10.20.30.1/16,99
20201019120212,10.77.1.2/24,5
20201019120213,10.77.1.1/24,8
20201019120215,10.20.30.1/16,8
20201019120216,10.20.30.1/16,1
20201019120217,10.20.30.1/16,8
20201019120218,192.168.1.1/24,4
20201019120219,10.20.30.2/16,2
20201019120220,10.77.1.2/24,58
20201019120221,10.20.30.2/16,7
20201019120223,10.77.1.1/24,6
20201019120224,192.168.1.2/24,68
20201019120225,192.168.1.2/24,6
20201019120227,192.168.1.2/24,-
20201019120228,10.77.1.2/24,7
20201019120230,192.168.1.1/24,20
20201019120231,10.20.30.2/16,9
20201019120232,10.20.30.2/16,-
20201019120233,10.77.1.2/24,-
20201019120234,10.20.30.1/16,-
20201019120235,192.168.1.2/24,-
20201019120236,192.168.1.1/24,-
20201019120237,10.77.1.1/24,5
20201019120239,192.168.1.2/24,4
20201019120240,192.168.1.1/24,16
20201019120241,10.77.1.1/24,-
20201019120243,10.77.1.2/24,13
20201019120244,10.20.30.2/16,3
20201019120245,10.77.1.1/24,9
20201019120246,192.168.1.1/24,5
20201019120247,10.77.1.2/24,3
20201019120248,10.77.1.2/24,8
20201019120249,192.168.1.1/24,25
20201019120250,10.77.1.2/24,9
20201019120251,192.168.1.1/24,4
20201019120253,192.168.1.1/24,-
20201019120254,10.77.1.2/24,6
20201019120255,192.168.1.1/24,-
20201019120256,10.20.30.1/16,6
20201019120257,10.20.30.2/16,7
20201019120258,10.77.1.2/24,-
20201019120259,10.20.30.1/16,6
20201019120300,10.77.1.1/24,6
20201019120301,10.20.30.1/16,-
20201019120302,10.20.30.2/16,4
20201019120303,10.20.30.2/16,6
20201019120304,192.168.1.1/24,1
20201019120305,192.168.1.1/24,-
20201019120306,10.20.30.1/16,5
20201019120307,192.168.1.2/24,10
20201019120308,10.20.30.2/16,62
20201019120309,10.20.30.2/16,3
20201019120311,10.77.1.2/24,-
20201019120312,192.168.1.2/24,15
20201019120313,192.168.1.1/24,9
20201019120314,10.77.1.1/24,4
20201019120315,192.168.1.1/24,3
20201019120317,192.168.1.1/24,87
20201019120318,10.20.30.2/16,-
20201019120319,10.77.1.1/24,45
20201019120320,192.168.1.2/24,63
20201019120321,10.20.30.1/16,9
20201019120322,10.77.1.1/24,4
20201019120324,192.168.1.1/24,3
20201019120325,10.77.1.1/24,-
20201019120326,192.168.1.2/24,-
20201019120327,10.20.30.2/16,6
20201019120328,10.20.30.1/16,-
20201019120329,10.77.1.2/24,2
20201019120330,192.168.1.2/24,4
20201019120331,192.168.1.1/24,-
20201019120333,192.168.1.2/24,26
20201019120334,10.77.1.1/24,2
20201019120335,10.20.30.2/16,95
20201019120337,10.20.30.1/16,45
20201019120338,10.20.30.2/16,2
20201019120340,10.77.1.2/24,20
20201019120341,10.20.30.1/16,3
20201019120342,192.168.1.1/24,-
20201019120344,192.168.1.2/24,7
20201019120345,10.20.30.2/16,7
20201019120346,192.168.1.2/24,8
20201019120347,192.168.1.1/24,20
20201019120348,10.20.30.1/16,-
20201019120349,192.168.1.1/24,84
20201019120350,10.77.1.1/24,-
20201019120351,10.20.30.2/16,92
20201019120352,10.20.30.1/16,5
20201019120354,10.20.30.1/16,2
20201019120355,10.20.30.1/16,43
20201019120357,10.20.30.1/16,9
20201019120359,10.20.30.2/16,2
20201019120400,192.168.1.1/24,-
20201019120401,10.77.1.2/24,8
20201019120402,10.77.1.1/24,-
20201019120403,10.77.1.1/24,9
20201019120404,10.77.1.1/24,9
20201019120405,192.168.1.2/24,5
20201019120406,192.168.1.1/24,9
20201019120408,10.20.30.2/16,1
20201019120409,192.168.1.1/24,94
20201019120410,10.20.30.1/16,-
20201019120411,192.168.1.1/24,-
20201019120412,10.77.1.2/24,-
20201019120414,192.168.1.2/24,-
20201019120415,10.77.1.1/24,1
20201019120417,10.77.1.1/24,10
20201019120418,10.77.1.2/24,6
20201019120419,10.20.30.1/16,82
20201019120420,192.168.1.2/24,-
20201019120421,10.77.1.1/24,6
20201019120422,192.168.1.2/24,1
20201019120423,10.77.1.2/24,-
20201019120424,10.77.1.2/24,4
20201019120425,10.77.1.1/24,6
20201019120426,10.77.1.2/24,2
20201019120427,10.77.1.2/24,9
20201019120428,192.168.1.1/24,1
20201019120429,10.20.30.2/16,-
20201019120430,10.20.30.1/16,7
20201019120431,10.77.1.1/24,51
20201019120433,10.77.1.1/24,2
20201019120435,10.20.30.1/16,3
20201019120436,10.77.1.1/24,-
20201019120437,10.77.1.1/24,62
20201019120438,192.168.1.1/24,-
20201019120439,10.20.30.1/16,9
20201019120440,192.168.1.2/24,14
20201019120441,10.77.1.1/24,9
20201019120442,10.20.30.1/16,2
20201019120443,192.168.1.2/24,90
20201019120444,192.168.1.2/24,3
20201019120445,10.20.30.2/16,6
20201019120446,10.20.30.1/16,3
20201019120447,10.77.1.2/24,8
20201019120448,10.77.1.1/24,2
20201019120449,192.168.1.1/24,-
20201019120450,192.168.1.1/24,9
20201019120452,10.77.1.2/24,-
20201019120453,192.168.1.1/24,-
20201019120454,192.168.1.2/24,5
20201019120455,10.20.30.1/16,-
20201019120456,10.77.1.2/24,2
20201019120457,10.77.1.1/24,9
20201019120458,10.77.1.2/24,6
20201019120459,10.77.1.2/24,7
20201019120500,192.168.1.2/24,3
20201019120501,192.168.1.2/24,6
20201019120502,192.168.1.1/24,1
20201019120503,192.168.1.2/24,5
20201019120504,10.20.30.2/16,20
20201019120505,10.77.1.1/24,11
20201019120507,192.168.1.2/24,1
20201019120508,10.77.1.1/24,-
20201019120510,10.20.30.2/16,21
20201019120511,192.168.1.1/24,-
20201019120512,10.77.1.2/24,24
20201019120513,10.20.30.2/16,5
20201019120515,192.168.1.2/24,64
20201019120516,192.168.1.2/24,24
20201019120518,192.168.1.1/24,-
20201019120519,10.77.1.1/24,3
20201019120521,192.168.1.2/24,3
20201019120522,10.77.1.2/24,2
20201019120523,10.77.1.1/24,79
20201019120524,10.20.30.1/16,9
20201019120526,10.20.30.1/16,-
20201019120528,10.20.30.2/16,-
20201019120530,10.77.1.2/24,-
20201019120532,10.77.1.1/24,5
20201019120534,10.20.30.1/16,-
20201019120536,10.77.1.1/24,-
20201019120537,192.168.1.2/24,1
20201019120539,10.77.1.1/24,-
20201019120540,10.20.30.1/16,-
20201019120541,10.77.1.2/24,1
20201019120542,192.168.1.2/24,3
20201019120543,192.168.1.1/24,7
20201019120544,192.168.1.1/24,49
20201019120545,10.20.30.1/16,0
20201019120547,10.20.30.1/16,1
20201019120548,10.20.30.1/16,13
20201019120550,10.20.30.2/16,4
20201019120551,192.168.1.2/24,-
20201019120552,10.20.30.1/16,21
20201019120553,192.168.1.2/24,-
20201019120554,192.168.1.2/24,-
20201019120555,10.20.30.2/16,9
20201019120557,10.77.1.1/24,4
20201019120559,192.168.1.1/24,-
20201019120600,10.20.30.2/16,99
20201019120601,10.77.1.2/24,8
20201019120602,192.168.1.2/24,-
20201019120603,10.77.1.1/24,6
20201019120604,192.168.1.1/24,67
20201019120605,192.168.1.1/24,4
20201019120606,10.77.1.1/24,9
20201019120607,10.20.30.1/16,-
20201019120608,10.20.30.2/16,87
20201019120609,192.168.1.2/24,98
20201019120611,10.77.1.2/24,9
20201019120613,10.77.1.2/24,-
20201019120614,10.77.1.1/24,-
20201019120615,192.168.1.1/24,28
20201019120616,192.168.1.1/24,3
20201019120618,10.20.30.1/16,3
20201019120619,10.20.30.1/16,37
20201019120620,192.168.1.1/24,1
20201019120621,192.168.1.1/24,-
20201019120622,10.20.30.1/16,5
20201019120623,10.77.1.1/24,-
20201019120624,192.168.1.1/24,3
20201019120625,10.77.1.1/24,3
20201019120626,192.168.1.1/24,6
20201019120627,10.77.1.2/24,-
20201019120628,10.77.1.2/24,35
20201019120629,10.20.30.2/16,11
20201019120630,10.20.30.2/16,-
20201019120631,10.20.30.1/16,44
20201019120632,10.77.1.1/24,9
20201019120633,10.77.1.2/24,-
20201019120635,10.77.1.1/24,7
20201019120636,10.20.30.2/16,-
20201019120637,192.168.1.1/24,43
20201019120638,192.168.1.1/24,3
20201019120639,10.77.1.2/24,81
20201019120640,10.77.1.1/24,59
20201019120641,10.77.1.1/24,6
20201019120643,10.77.1.2/24,1
20201019120644,10.77.1.1/24,2
20201019120645,10.77.1.2/24,8
20201019120646,10.77.1.1/24,3
20201019120648,10.77.1.2/24,9
20201019120649,192.168.1.2/24,30
20201019120650,10.20.30.1/16,26
20201019120651,10.20.30.1/16,5
20201019120652,10.20.30.1/16,4
20201019120653,10.20.30.1/16,1
20201019120654,10.77.1.2/24,8
20201019120656,10.20.30.2/16,2
20201019120657,10.77.1.1/24,16
20201019120658,10.77.1.2/24,50
20201019120659,192.168.1.1/24,3
20201019120700,10.77.1.1/24,9
20201019120701,10.20.30.2/16,64
20201019120703,10.77.1.2/24,7
20201019120704,192.168.1.1/24,7
20201019120705,10.20.30.2/16,4
20201019120706,10.77.1.2/24,-
20201019120707,192.168.1.2/24,-
20201019120708,10.77.1.2/24,4
20201019120709,10.20.30.1/16,88
20201019120711,192.168.1.2/24,9
20201019120713,10.77.1.2/24,5
20201019120714,10.20.30.1/16,4
20201019120715,192.168.1.1/24,1
20201019120717,10.77.1.1/24,-
20201019120718,10.20.30.2/16,7
20201019120720,10.20.30.1/16,-
20201019120722,10.77.1.2/24,2
20201019120723,10.77.1.1/24,-
20201019120725,10.77.1.2/24,-
20201019120726,10.20.30.1/16,24
20201019120727,10.20.30.1/16,-
20201019120728,10.77.1.2/24,2
20201019120729,10.77.1.2/24,3
20201019120730,192.168.1.1/24,11
20201019120731,192.168.1.1/24,8
20201019120733,192.168.1.1/24,30
20201019120734,10.77.1.1/24,2
20201019120735,10.77.1.1/24,8
20201019120736,10.77.1.1/24,-
20201019120737,10.77.1.1/24,82
20201019120738,10.77.1.2/24,-
20201019120739,10.77.1.2/24,4
20201019120740,192.168.1.2/24,3
20201019120741,10.77.1.2/24,-
20201019120743,10.20.30.1/16,-
20201019120745,10.77.1.2/24,2
20201019120746,10.77.1.2/24,6
20201019120747,192.168.1.1/24,3
20201019120748,10.20.30.1/16,-
20201019120749,192.168.1.1/24,5
20201019120750,192.168.1.1/24,13
20201019120751,192.168.1.2/24,9
20201019120752,10.20.30.1/16,12
20201019120753,10.20.30.1/16,31
20201019120754,10.77.1.2/24,8
20201019120755,10.20.30.2/16,5
20201019120756,192.168.1.2/24,37
20201019120757,192.168.1.2/24,6
20201019120758,10.77.1.1/24,8
20201019120759,192.168.1.2/24,-
20201019120801,192.168.1.1/24,7
20201019120802,10.20.30.1/16,13
20201019120803,192.168.1.2/24,73
20201019120804,10.77.1.1/24,-
20201019120806,10.20.30.1/16,3
20201019120807,192.168.1.1/24,10
20201019120808,10.20.30.1/16,59
20201019120809,10.20.30.2/16,-
20201019120810,10.77.1.2/24,8
20201019120811,192.168.1.2/24,7
20201019120812,10.77.1.1/24,4
20201019120813,192.168.1.2/24,9
20201019120815,10.20.30.2/16,-
20201019120816,10.77.1.2/24,8
20201019120817,10.77.1.1/24,5
20201019120818,10.20.30.2/16,4
20201019120819,10.20.30.1/16,2
20201019120820,192.168.1.2/24,8
20201019120822,10.20.30.2/16,47
20201019120823,10.20.30.2/16,2
20201019120825,10.20.30.1/16,99
20201019120826,192.168.1.1/24,9
20201019120827,10.20.30.1/16,-
20201019120828,192.168.1.1/24,16
20201019120830,10.77.1.1/24,2
20201019120831,10.20.30.1/16,2
20201019120832,10.77.1.2/24,9
20201019120833,10.77.1.1/24,1
20201019120835,10.77.1.2/24,35
20201019120836,10.77.1.1/24,-
20201019120837,10.77.1.2/24,6
20201019120838,10.77.1.1/24,24
20201019120839,10.77.1.2/24,9
20201019120840,10.77.1.1/24,52
20201019120842,10.77.1.1/24,-
20201019120843,10.20.30.1/16,-
20201019120844,192.168.1.1/24,6
20201019120845,192.168.1.2/24,48
20201019120846,192.168.1.1/24,9
20201019120847,10.77.1.2/24,-
20201019120848,10.20.30.2/16,3
20201019120849,192.168.1.1/24,2
20201019120850,192.168.1.1/24,6
20201019120852,10.20.30.1/16,-
20201019120853,10.20.30.2/16,8
20201019120854,10.20.30.2/16,-
20201019120855,192.168.1.2/24,-
20201019120857,10.20.30.2/16,8
20201019120858,10.20.30.2/16,30
20201019120900,10.20.30.1/16,1
20201019120901,192.168.1.2/24,-
20201019120902,10.20.30.1/16,86
20201019120903,10.77.1.2/24,28
20201019120904,10.20.30.2/16,3
20201019120905,10.77.1.2/24,2
20201019120907,10.77.1.2/24,8
20201019120909,10.20.30.1/16,42
20201019120910,192.168.1.2/24,4
20201019120911,192.168.1.2/24,34
20201019120912,10.77.1.2/24,-
20201019120913,10.77.1.2/24,9
20201019120914,10.77.1.2/24,51
20201019120915,10.77.1.1/24,24
20201019120917,10.20.30.2/16,6
20201019120918,10.77.1.1/24,1
20201019120919,10.20.30.2/16,4
20201019120920,192.168.1.1/24,3
20201019120922,10.77.1.1/24,9
20201019120923,192.168.1.2/24,-
20201019120924,10.20.30.1/16,39
20201019120925,10.20.30.1/16,3
20201019120926,10.20.30.2/16,-
20201019120928,10.20.30.1/16,10
20201019120929,10.20.30.2/16,5
20201019120930,10.20.30.2/16,22
20201019120931,10.20.30.2/16,7
20201019120932,10.20.30.1/16,-
20201019120934,10.20.30.2/16,2
20201019120936,10.77.1.1/24,8
20201019120938,10.77.1.1/24,3
20201019120939,10.20.30.2/16,62
20201019120940,10.20.30.2/16,-
20201019120941,10.20.30.2/16,21
20201019120942,192.168.1.2/24,-
20201019120943,10.77.1.2/24,6
20201019120945,10.77.1.1/24,5
20201019120947,10.20.30.1/16,8
20201019120948,10.20.30.1/16,71
20201019120949,10.77.1.1/24,25
20201019120950,192.168.1.1/24,-
20201019120951,192.168.1.2/24,9
20201019120952,10.77.1.1/24,-
20201019120953,10.20.30.2/16,4
20201019120954,192.168.1.1/24,12
20201019120955,10.77.1.2/24,5
20201019120956,10.77.1.2/24,3
20201019120957,192.168.1.2/24,-
20201019120958,192.168.1.2/24,47
20201019121000,10.20.30.1/16,15
20201019121001,192.168.1.2/24,7
20201019121002,10.20.30.1/16,8
20201019121003,10.77.1.2/24,74
20201019121004,10.20.30.2/16,-
20201019121006,10.77.1.2/24,9
20201019121008,192.168.1.2/24,6
20201019121009,10.20.30.1/16,7
20201019121010,10.77.1.1/24,-
20201019121011,10.77.1.2/24,89
20201019121013,10.20.30.2/16,64
20201019121014,10.77.1.2/24,4
20201019121015,10.20.30.2/16,79
20201019121016,192.168.1.1/24,26
20201019121017,192.168.1.1/24,23
20201019121018,192.168.1.1/24,46
20201019121020,192.168.1.1/24,30
20201019121022,10.77.1.2/24,2
20201019121023,192.168.1.2/24,-
20201019121024,10.20.30.1/16,7
20201019121026,10.20.30.2/16,10
20201019121028,10.77.1.2/24,8
20201019121029,10.20.30.1/16,8
20201019121030,192.168.1.1/24,8
20201019121032,10.77.1.1/24,2
20201019121033,10.20.30.1/16,8
20201019121034,10.20.30.1/16,3
20201019121036,10.77.1.2/24,52
20201019121037,10.20.30.2/16,6
20201019121038,10.77.1.1/24,1
20201019121040,10.77.1.1/24,6
20201019121042,10.20.30.1/16,3
20201019121043,192.168.1.2/24,2
20201019121045,10.20.30.1/16,6
20201019121046,10.77.1.1/24,-
20201019121047,10.77.1.1/24,1
20201019121048,192.168.1.2/24,2
20201019121049,10.77.1.2/24,-
20201019121050,10.20.30.2/16,3
20201019121051,192.168.1.2/24,17
20201019121052,192.168.1.2/24,7
20201019121054,10.77.1.2/24,-
20201019121055,10.20.30.1/16,8
20201019121057,10.77.1.2/24,9
20201019121059,192.168.1.2/24,-
20201019121101,192.168.1.1/24,-
20201019121102,10.20.30.1/16,5
20201019121103,10.20.30.2/16,-
20201019121104,10.20.30.1/16,9
20201019121105,10.20.30.1/16,93
20201019121106,192.168.1.2/24,6
20201019121107,192.168.1.1/24,9
20201019121108,10.20.30.2/16,-
20201019121109,10.20.30.2/16,-
20201019121111,192.168.1.2/24,1
20201019121112,10.77.1.1/24,4
20201019121113,192.168.1.2/24,19
20201019121115,10.20.30.1/16,2
20201019121116,10.20.30.1/16,8
20201019121117,10.77.1.2/24,9
20201019121118,10.77.1.1/24,-
20201019121120,192.168.1.2/24,8
20201019121121,192.168.1.1/24,-
20201019121122,192.168.1.2/24,-
20201019121124,192.168.1.1/24,4
20201019121125,10.20.30.2/16,36
20201019121126,192.168.1.1/24,4
20201019121127,10.20.30.2/16,6
20201019121128,10.77.1.2/24,2
20201019121130,10.20.30.2/16,4
20201019121132,10.20.30.2/16,96
20201019121133,10.77.1.1/24,0
20201019121134,10.77.1.2/24,4
20201019121135,10.20.30.2/16,3
20201019121136,192.168.1.1/24,7
20201019121137,10.20.30.1/16,7
20201019121139,10.77.1.1/24,1
20201019121140,10.77.1.1/24,-
20201019121142,10.77.1.1/24,36
20201019121143,192.168.1.1/24,-
20201019121144,10.77.1.2/24,9
20201019121145,192.168.1.2/24,1
20201019121146,10.77.1.2/24,2
20201019121147,10.77.1.2/24,5
20201019121148,10.20.30.1/16,-
20201019121149,10.20.30.2/16,1
20201019121151,10.20.30.2/16,3
20201019121152,10.77.1.2/24,10
20201019121153,10.77.1.1/24,-
20201019121155,10.20.30.1/16,-
20201019121157,10.77.1.1/24,7
20201019121158,192.168.1.2/24,25
20201019121159,10.77.1.1/24,-
20201019121201,10.77.1.1/24,20
20201019121203,10.77.1.1/24,3
20201019121204,192.168.1.2/24,48
20201019121205,10.20.30.1/16,6
20201019121206,192.168.1.2/24,2
20201019121207,10.77.1.1/24,-
20201019121209,192.168.1.2/24,9
20201019121210,10.20.30.1/16,3
20201019121212,192.168.1.2/24,-
20201019121213,192.168.1.1/24,3
20201019121214,10.20.30.2/16,2
20201019121215,10.20.30.2/16,3
20201019121216,10.77.1.2/24,7
20201019121217,192.168.1.2/24,2
20201019121218,10.77.1.2/24,26
20201019121219,10.77.1.1/24,3
20201019121220,192.168.1.2/24,-
20201019121221,192.168.1.2/24,62
20201019121222,10.77.1.2/24,2
20201019121223,192.168.1.2/24,-
20201019121224,10.77.1.2/24,7
20201019121225,10.77.1.1/24,-
20201019121226,10.20.30.2/16,8
20201019121227,192.168.1.1/24,11
20201019121228,10.77.1.1/24,1
20201019121229,192.168.1.1/24,-
20201019121230,10.20.30.2/16,4
20201019121231,192.168.1.2/24,11
20201019121232,10.20.30.1/16,67
20201019121234,10.77.1.1/24,4
20201019121236,10.77.1.1/24,-
20201019121237,10.20.30.1/16,2
20201019121238,10.20.30.2/16,9
20201019121240,10.77.1.2/24,4
20201019121241,10.20.30.1/16,12
20201019121243,10.20.30.2/16,90
20201019121244,192.168.1.1/24,2
20201019121245,192.168.1.1/24,90
20201019121247,10.77.1.1/24,-
20201019121249,192.168.1.2/24,2
20201019121250,10.20.30.1/16,1
20201019121251,192.168.1.1/24,-
20201019121252,192.168.1.2/24,-
20201019121254,10.77.1.2/24,-
20201019121256,10.20.30.2/16,11
20201019121257,10.77.1.2/24,21
20201019121258,10.20.30.1/16,9
20201019121259,10.77.1.2/24,1
20201019121300,192.168.1.1/24,5
20201019121301,10.77.1.2/24,2
20201019121302,10.20.30.2/16,9
20201019121304,10.20.30.2/16,5
20201019121305,10.20.30.1/16,20
20201019121306,10.77.1.2/24,10
20201019121307,10.20.30.1/16,72
20201019121309,10.77.1.1/24,-
20201019121310,192.168.1.2/24,5
20201019121311,10.20.30.1/16,4
20201019121312,10.77.1.2/24,-
20201019121313,10.77.1.2/24,83
20201019121314,10.20.30.1/16,1
20201019121315,10.77.1.1/24,6
20201019121316,10.77.1.2/24,45
20201019121317,10.77.1.1/24,9
20201019121318,10.77.1.1/24,7
20201019121319,10.77.1.1/24,-
20201019121321,10.77.1.1/24,9
20201019121322,192.168.1.1/24,62
20201019121324,10.77.1.2/24,3
20201019121325,192.168.1.1/24,3
20201019121327,10.20.30.1/16,2
20201019121329,10.77.1.1/24,-
20201019121330,10.77.1.2/24,3
20201019121331,10.20.30.2/16,33
20201019121332,10.77.1.2/24,9
20201019121333,10.20.30.1/16,1
20201019121334,10.20.30.1/16,8
20201019121335,10.77.1.2/24,0
20201019121337,192.168.1.2/24,18
20201019121338,10.20.30.2/16,32
20201019121339,192.168.1.1/24,29
20201019121340,192.168.1.1/24,8
20201019121342,192.168.1.2/24,6
20201019121344,192.168.1.2/24,4
20201019121345,192.168.1.2/24,6
20201019121346,10.20.30.1/16,20
20201019121347,192.168.1.2/24,6
20201019121348,10.20.30.2/16,83
20201019121349,192.168.1.2/24,39
20201019121350,10.20.30.1/16,4
20201019121351,10.20.30.1/16,9
20201019121352,10.20.30.2/16,2
20201019121353,10.20.30.1/16,9
20201019121354,10.77.1.2/24,92
20201019121355,10.20.30.2/16,-
20201019121356,10.20.30.1/16,6
20201019121357,10.20.30.2/16,8
20201019121358,192.168.1.2/24,-
20201019121400,10.77.1.1/24,9
20201019121401,192.168.1.1/24,-
20201019121402,192.168.1.2/24,6
20201019121403,192.168.1.1/24,-
20201019121404,10.77.1.1/24,3
20201019121405,192.168.1.2/24,-
20201019121406,10.20.30.2/16,22
20201019121408,10.77.1.2/24,58
20201019121409,10.77.1.2/24,-
20201019121410,192.168.1.1/24,3
20201019121411,192.168.1.2/24,-
20201019121412,10.20.30.1/16,5
20201019121413,10.77.1.1/24,81
20201019121414,192.168.1.1/24,9
20201019121415,10.77.1.1/24,79
20201019121416,192.168.1.2/24,25
20201019121417,10.77.1.1/24,3
20201019121418,192.168.1.1/24,-
20201019121419,192.168.1.2/24,4
20201019121420,10.20.30.1/16,5
20201019121421,10.77.1.2/24,-
20201019121422,10.77.1.2/24,18
20201019121424,10.20.30.1/16,-
20201019121425,192.168.1.2/24,-
20201019121426,10.77.1.1/24,5
20201019121427,10.77.1.2/24,-
20201019121428,10.20.30.1/16,6
20201019121429,10.77.1.2/24,76
20201019121430,10.77.1.1/24,8
20201019121431,10.20.30.1/16,4
20201019121432,192.168.1.1/24,-
20201019121433,192.168.1.1/24,30
20201019121434,192.168.1.1/24,-
20201019121435,192.168.1.1/24,27
20201019121436,10.77.1.1/24,-
20201019121437,192.168.1.2/24,24
20201019121439,10.77.1.1/24,61
20201019121440,10.77.1.1/24,3
20201019121441,10.20.30.1/16,2
20201019121442,10.77.1.2/24,14
20201019121443,10.20.30.1/16,6
20201019121444,10.77.1.1/24,-
20201019121445,192.168.1.2/24,24
20201019121446,10.77.1.1/24,1
20201019121447,192.168.1.2/24,5
20201019121448,10.77.1.2/24,7
20201019121450,10.20.30.2/16,6
20201019121452,10.20.30.2/16,48
20201019121453,10.77.1.1/24,6
20201019121455,10.20.30.1/16,8
20201019121457,10.77.1.1/24,7
20201019121458,192.168.1.2/24,-
20201019121459,10.20.30.2/16,3
20201019121500,10.20.30.2/16,2
20201019121501,10.20.30.1/16,5
20201019121502,10.77.1.1/24,-
20201019121504,192.168.1.1/24,-
20201019121505,192.168.1.1/24,2
20201019121506,10.77.1.1/24,7
20201019121507,10.20.30.1/16,4
20201019121509,192.168.1.2/24,66
20201019121510,10.77.1.2/24,5
20201019121511,10.20.30.2/16,19
20201019121513,192.168.1.1/24,2
20201019121514,10.20.30.2/16,6
20201019121515,10.77.1.1/24,3
20201019121516,10.20.30.2/16,2
20201019121518,10.77.1.1/24,5
20201019121519,192.168.1.1/24,37
20201019121520,10.20.30.1/16,6
20201019121522,192.168.1.2/24,7
20201019121523,192.168.1.1/24,10
20201019121524,10.20.30.2/16,-
20201019121525,10.77.1.2/24,6
20201019121526,10.20.30.1/16,9
20201019121528,192.168.1.1/24,-
20201019121529,192.168.1.2/24,4
20201019121530,10.20.30.2/16,2
20201019121531,10.77.1.2/24,5
20201019121533,10.20.30.1/16,6
20201019121534,10.20.30.1/16,74
20201019121535,10.77.1.1/24,2
20201019121537,192.168.1.2/24,8
20201019121538,10.20.30.2/16,37
20201019121540,10.20.30.1/16,-
20201019121541,10.77.1.2/24,-
20201019121543,192.168.1.2/24,11
20201019121544,10.77.1.2/24,-
20201019121545,192.168.1.2/24,44
20201019121546,192.168.1.1/24,-
20201019121547,10.20.30.1/16,8
20201019121548,192.168.1.2/24,8
20201019121550,10.20.30.1/16,3
20201019121551,192.168.1.2/24,5
20201019121553,10.20.30.1/16,57
20201019121554,192.168.1.2/24,3
20201019121555,10.77.1.2/24,54
20201019121556,192.168.1.1/24,1
20201019121557,10.77.1.2/24,33
20201019121558,192.168.1.1/24,5
20201019121559,10.20.30.2/16,-
20201019121601,10.77.1.1/24,6
20201019121603,10.20.30.1/16,-
20201019121604,192.168.1.2/24,63
20201019121605,192.168.1.1/24,12
20201019121606,10.77.1.2/24,7
20201019121607,192.168.1.1/24,3
20201019121608,10.77.1.1/24,2
20201019121609,10.77.1.2/24,9
20201019121611,192.168.1.2/24,-
20201019121612,192.168.1.2/24,8
20201019121614,192.168.1.2/24,2
20201019121615,10.20.30.1/16,8
20201019121616,10.77.1.2/24,-
20201019121617,10.77.1.1/24,4
20201019121618,10.77.1.2/24,-
20201019121620,192.168.1.2/24,95
20201019121621,192.168.1.2/24,10
20201019121622,192.168.1.2/24,7
20201019121623,10.77.1.2/24,3
20201019121624,10.77.1.1/24,3
20201019121625,10.77.1.1/24,6
20201019121627,10.20.30.1/16,7
20201019121628,10.20.30.2/16,-
20201019121629,10.20.30.1/16,64
20201019121630,10.20.30.2/16,6
20201019121632,10.77.1.1/24,1
20201019121633,10.20.30.1/16,7
20201019121635,192.168.1.2/24,24
20201019121636,10.20.30.1/16,2
20201019121637,10.77.1.2/24,10
20201019121638,10.77.1.2/24,-
20201019121639,10.20.30.2/16,66
20201019121641,10.20.30.2/16,5
20201019121643,192.168.1.2/24,6
20201019121644,192.168.1.1/24,-
20201019121646,192.168.1.2/24,2
20201019121647,10.77.1.2/24,-
20201019121648,10.20.30.2/16,1
20201019121650,10.20.30.2/16,-
20201019121651,192.168.1.2/24,-
20201019121653,10.20.30.2/16,4
20201019121654,192.168.1.1/24,73
20201019121655,10.77.1.2/24,70
20201019121657,10.20.30.1/16,6
20201019121658,10.20.30.2/16,9
20201019121700,10.77.1.2/24,2
20201019121702,10.77.1.2/24,-
20201019121703,10.77.1.1/24,18
20201019121704,10.20.30.2/16,-
20201019121705,10.20.30.1/16,-
20201019121707,10.20.30.2/16,-
20201019121708,10.77.1.2/24,66
20201019121710,192.168.1.2/24,-
20201019121711,192.168.1.1/24,25
20201019121713,192.168.1.1/24,12
20201019121714,192.168.1.1/24,6
20201019121715,10.77.1.1/24,70
20201019121716,192.168.1.2/24,-
20201019121717,192.168.1.2/24,3
20201019121719,192.168.1.1/24,4
20201019121720,192.168.1.1/24,83
20201019121721,10.77.1.2/24,9
20201019121722,10.20.30.2/16,8
20201019121723,192.168.1.1/24,21
20201019121724,10.20.30.2/16,40
20201019121725,192.168.1.1/24,19
20201019121726,10.20.30.2/16,20
20201019121727,192.168.1.1/24,6
20201019121729,10.77.1.2/24,2
20201019121730,10.20.30.1/16,4
20201019121732,10.20.30.2/16,22
20201019121733,192.168.1.1/24,3
20201019121734,10.77.1.1/24,-
20201019121735,192.168.1.1/24,50
20201019121737,10.20.30.1/16,1
20201019121738,192.168.1.1/24,-
20201019121740,10.20.30.2/16,41
20201019121741,10.77.1.1/24,1
20201019121742,10.20.30.2/16,-
20201019121743,10.77.1.2/24,5
20201019121744,10.77.1.1/24,2
20201019121745,10.20.30.1/16,1
20201019121747,10.77.1.1/24,3
20201019121749,10.77.1.2/24,6
20201019121751,10.77.1.2/24,7
20201019121752,10.77.1.1/24,4
20201019121753,192.168.1.1/24,8
20201019121754,10.20.30.2/16,9
20201019121755,10.20.30.1/16,2
20201019121756,10.77.1.2/24,10
20201019121757,10.20.30.2/16,-
20201019121758,10.20.30.2/16,4
20201019121800,10.20.30.1/16,2
20201019121801,10.20.30.2/16,8
20201019121802,10.20.30.2/16,8
20201019121804,10.20.30.2/16,-
20201019121806,10.77.1.1/24,6
20201019121807,10.20.30.2/16,4
20201019121808,10.20.30.1/16,97
20201019121809,10.20.30.1/16,4
20201019121811,192.168.1.1/24,-
20201019121812,192.168.1.1/24,7
20201019121813,10.77.1.2/24,0
20201019121814,192.168.1.1/24,9
20201019121816,10.20.30.2/16,12
20201019121818,10.77.1.2/24,-
20201019121819,10.77.1.2/24,8
20201019121821,192.168.1.1/24,-
20201019121822,10.77.1.1/24,5
20201019121823,10.20.30.2/16,47
20201019121825,10.77.1.2/24,6
20201019121826,10.77.1.1/24,-
20201019121827,10.20.30.1/16,-
20201019121828,10.77.1.1/24,23
20201019121829,192.168.1.2/24,14
20201019121830,192.168.1.2/24,1
20201019121832,10.77.1.1/24,74
20201019121833,192.168.1.1/24,4
20201019121834,192.168.1.2/24,24
20201019121835,10.77.1.1/24,-
20201019121836,10.20.30.2/16,-
20201019121837,192.168.1.2/24,7
20201019121839,192.168.1.2/24,2
20201019121840,192.168.1.1/24,19
20201019121841,10.20.30.1/16,5
20201019121843,10.77.1.1/24,-
20201019121844,10.77.1.2/24,-
20201019121846,10.20.30.2/16,4
20201019121847,10.20.30.1/16,81
20201019121848,10.77.1.2/24,63
20201019121849,10.20.30.1/16,22
20201019121850,10.77.1.1/24,8
20201019121851,192.168.1.2/24,29
20201019121853,10.77.1.1/24,1
20201019121855,10.20.30.1/16,7
20201019121856,192.168.1.2/24,-
20201019121857,10.77.1.2/24,8
20201019121859,192.168.1.1/24,6
20201019121900,10.77.1.2/24,7
20201019121901,10.77.1.1/24,45
20201019121902,10.20.30.2/16,2
20201019121903,10.20.30.2/16,1
20201019121904,192.168.1.2/24,9
20201019121905,192.168.1.2/24,6
20201019121906,10.20.30.2/16,1
20201019121907,10.20.30.1/16,2
20201019121908,192.168.1.1/24,3
20201019121909,192.168.1.1/24,5
20201019121910,192.168.1.2/24,3
20201019121911,10.77.1.1/24,-
20201019121912,192.168.1.2/24,-
20201019121913,192.168.1.1/24,3
20201019121914,10.77.1.2/24,8
20201019121915,192.168.1.2/24,-
20201019121916,10.20.30.2/16,8
20201019121917,10.77.1.1/24,-
20201019121918,192.168.1.2/24,60
20201019121919,10.77.1.2/24,5
20201019121921,10.77.1.2/24,38
20201019121922,10.20.30.1/16,6
20201019121923,192.168.1.2/24,-
20201019121924,10.20.30.1/16,5
20201019121925,10.20.30.2/16,3
20201019121926,10.77.1.1/24,5
20201019121927,10.77.1.2/24,-
20201019121928,10.20.30.1/16,7
20201019121929,10.77.1.2/24,7
20201019121931,192.168.1.2/24,8
20201019121932,192.168.1.1/24,3
20201019121934,192.168.1.1/24,-
20201019121936,10.77.1.2/24,7
20201019121937,10.20.30.1/16,10
20201019121938,192.168.1.2/24,9
20201019121939,192.168.1.2/24,7
20201019121941,10.20.30.2/16,-
20201019121943,10.77.1.1/24,1
20201019121944,192.168.1.2/24,-
20201019121945,10.20.30.1/16,2
20201019121946,10.20.30.2/16,8
20201019121947,192.168.1.1/24,8
20201019121948,192.168.1.2/24,9
20201019121949,192.168.1.2/24,-
20201019121950,10.77.1.2/24,1
20201019121951,10.20.30.1/16,-
20201019121952,10.77.1.1/24,-
20201019121953,10.77.1.1/24,1
20201019121954,10.77.1.1/24,12
20201019121955,10.77.1.1/24,-
20201019121956,10.20.30.1/16,9
20201019121957,10.77.1.1/24,7
20201019121958,192.168.1.1/24,32
20201019121959,192.168.1.1/24,64
20201019122000,10.77.1.1/24,1
20201019122001,192.168.1.2/24,-
20201019122002,192.168.1.2/24,70
20201019122003,10.20.30.1/16,-
20201019122005,10.77.1.2/24,-
20201019122006,10.77.1.1/24,7
20201019122007,10.20.30.2/16,7
20201019122009,192.168.1.1/24,-
20201019122010,192.168.1.1/24,2
20201019122011,10.77.1.1/24,5
20201019122012,192.168.1.2/24,9
20201019122013,10.20.30.2/16,5
20201019122015,10.20.30.1/16,4
20201019122016,10.20.30.2/16,7
20201019122017,10.77.1.2/24,-
20201019122018,10.77.1.1/24,29
20201019122020,192.168.1.2/24,9
20201019122021,10.20.30.2/16,3
20201019122022,10.20.30.2/16,7
20201019122023,192.168.1.2/24,-
20201019122024,192.168.1.1/24,-
20201019122025,10.20.30.1/16,2
20201019122026,10.77.1.2/24,1
20201019122027,10.20.30.2/16,6
20201019122028,10.77.1.2/24,15
20201019122030,10.20.30.1/16,-
20201019122031,10.20.30.2/16,54
20201019122032,10.77.1.2/24,2
20201019122033,192.168.1.2/24,-
20201019122034,10.77.1.2/24,11
20201019122035,10.77.1.1/24,68
20201019122036,10.20.30.2/16,4
20201019122037,10.77.1.1/24,8
20201019122038,10.20.30.1/16,2
20201019122039,10.77.1.1/24,25
20201019122040,10.77.1.1/24,4
20201019122041,10.20.30.2/16,7
20201019122042,10.77.1.1/24,2
20201019122044,10.77.1.1/24,5
20201019122046,192.168.1.1/24,-
20201019122047,10.77.1.1/24,6
20201019122048,10.77.1.1/24,5
20201019122049,10.77.1.2/24,-
20201019122050,10.77.1.1/24,-
20201019122051,10.20.30.1/16,5
20201019122052,10.77.1.2/24,88
20201019122054,192.168.1.2/24,7
20201019122056,10.77.1.2/24,18
20201019122057,10.77.1.2/24,8
20201019122058,10.20.30.1/16,20
20201019122059,10.77.1.2/24,9
20201019122101,192.168.1.2/24,-
20201019122102,192.168.1.1/24,5
20201019122103,192.168.1.1/24,12
20201019122104,192.168.1.2/24,74
20201019122105,10.77.1.1/24,0
20201019122106,10.77.1.2/24,76
20201019122107,192.168.1.1/24,3
20201019122109,10.77.1.1/24,35
20201019122110,10.20.30.1/16,4
20201019122112,192.168.1.1/24,3
20201019122113,192.168.1.2/24,-
20201019122114,192.168.1.2/24,5
20201019122115,10.77.1.1/24,4
20201019122116,10.77.1.1/24,-
20201019122117,10.77.1.2/24,7
20201019122118,10.20.30.1/16,3
20201019122119,192.168.1.1/24,6
20201019122120,10.20.30.2/16,2
20201019122121,192.168.1.2/24,1
20201019122122,192.168.1.1/24,12
20201019122123,10.20.30.2/16,9
20201019122125,10.20.30.2/16,51
20201019122126,10.77.1.1/24,9
20201019122127,10.77.1.2/24,3
20201019122128,10.77.1.1/24,3
20201019122129,10.77.1.1/24,13
20201019122130,192.168.1.1/24,4
20201019122131,10.77.1.1/24,75
20201019122132,10.77.1.1/24,1
20201019122133,10.20.30.2/16,27
20201019122134,10.77.1.1/24,5
20201019122135,10.77.1.1/24,62
20201019122136,192.168.1.1/24,-
20201019122137,10.77.1.2/24,8
20201019122138,192.168.1.1/24,11
20201019122139,192.168.1.1/24,-
20201019122140,192.168.1.2/24,-
20201019122141,10.20.30.2/16,16
20201019122142,192.168.1.1/24,49
20201019122143,10.20.30.2/16,-
20201019122144,10.77.1.1/24,6
20201019122146,192.168.1.1/24,10
20201019122147,192.168.1.2/24,6
20201019122148,192.168.1.1/24,-
20201019122149,10.20.30.2/16,37
20201019122150,192.168.1.1/24,-
20201019122151,10.77.1.1/24,68
20201019122152,192.168.1.2/24,3
20201019122153,10.77.1.1/24,21
20201019122154,10.77.1.2/24,82
20201019122156,192.168.1.2/24,-
20201019122157,192.168.1.2/24,14
20201019122158,10.20.30.2/16,64
20201019122159,10.77.1.2/24,69
20201019122200,10.20.30.2/16,73
20201019122201,10.20.30.2/16,6
20201019122202,10.77.1.1/24,3
20201019122203,10.77.1.1/24,-
20201019122204,10.77.1.1/24,-
20201019122205,10.20.30.2/16,9
20201019122207,10.77.1.2/24,-
20201019122209,10.20.30.2/16,-
20201019122210,10.77.1.1/24,1
20201019122211,10.77.1.1/24,2
20201019122212,10.77.1.1/24,-
20201019122214,10.77.1.2/24,7
20201019122215,10.77.1.2/24,9
20201019122216,10.77.1.1/24,4
20201019122217,192.168.1.2/24,-
20201019122218,192.168.1.2/24,-
20201019122219,192.168.1.1/24,13
20201019122220,10.77.1.1/24,8
20201019122221,10.20.30.1/16,-
20201019122222,10.20.30.1/16,-
20201019122223,10.20.30.1/16,5
20201019122224,192.168.1.1/24,53
20201019122226,10.77.1.2/24,-
20201019122227,10.77.1.2/24,44
20201019122229,10.20.30.2/16,94
20201019122230,10.77.1.1/24,2
20201019122231,10.77.1.1/24,7
20201019122233,10.20.30.1/16,6
20201019122234,10.20.30.1/16,10
20201019122235,10.77.1.1/24,60
20201019122237,192.168.1.1/24,32
20201019122239,192.168.1.1/24,52
20201019122240,10.20.30.1/16,-
20201019122241,10.77.1.2/24,82
20201019122242,10.20.30.1/16,-
20201019122243,192.168.1.2/24,41
20201019122244,192.168.1.1/24,9
20201019122245,10.77.1.2/24,77
20201019122247,10.20.30.1/16,-
20201019122249,192.168.1.2/24,4
20201019122251,192.168.1.1/24,46
20201019122252,192.168.1.1/24,78
20201019122253,192.168.1.1/24,-
20201019122255,10.77.1.2/24,6
20201019122256,10.77.1.1/24,5
20201019122257,192.168.1.2/24,32
20201019122258,10.77.1.2/24,7
20201019122259,10.20.30.2/16,8
20201019122300,10.20.30.2/16,9
20201019122301,10.77.1.2/24,4
20201019122303,10.20.30.1/16,-
20201019122304,10.77.1.1/24,47
20201019122305,192.168.1.1/24,36
20201019122307,10.77.1.2/24,-
20201019122309,10.20.30.1/16,8
20201019122310,192.168.1.1/24,1
20201019122311,10.77.1.2/24,-
20201019122312,10.77.1.1/24,75
20201019122314,192.168.1.2/24,2
20201019122315,10.20.30.2/16,-
20201019122316,10.20.30.2/16,-
20201019122317,10.20.30.2/16,3
20201019122318,10.77.1.2/24,-
20201019122319,192.168.1.2/24,8
20201019122320,10.77.1.2/24,5
20201019122322,192.168.1.1/24,79
20201019122324,192.168.1.1/24,-
20201019122326,192.168.1.1/24,3
20201019122327,192.168.1.1/24,9
20201019122328,192.168.1.1/24,75
20201019122329,192.168.1.2/24,10
20201019122330,10.20.30.2/16,37
20201019122331,10.20.30.1/16,4
20201019122332,10.77.1.1/24,4
20201019122333,10.77.1.1/24,3
20201019122334,10.77.1.2/24,9
20201019122335,10.20.30.1/16,-
20201019122336,10.77.1.1/24,1
20201019122337,192.168.1.1/24,3
20201019122338,192.168.1.1/24,73
20201019122339,192.168.1.1/24,-
20201019122340,10.77.1.1/24,3
20201019122341,192.168.1.1/24,-
20201019122342,10.77.1.1/24,14
20201019122343,192.168.1.2/24,-
20201019122344,10.77.1.1/24,-
20201019122346,10.20.30.1/16,7
20201019122348,10.77.1.2/24,1
20201019122349,192.168.1.2/24,67
20201019122351,10.20.30.1/16,-
20201019122353,192.168.1.1/24,6
20201019122354,10.77.1.2/24,3
20201019122355,10.77.1.2/24,-
20201019122356,10.77.1.2/24,7
20201019122357,10.20.30.2/16,79
20201019122358,10.77.1.2/24,93
20201019122359,10.77.1.1/24,37
20201019122400,10.20.30.1/16,-
20201019122401,10.20.30.2/16,38
20201019122402,10.20.30.2/16,-
20201019122403,10.20.30.2/16,8
20201019122404,10.77.1.1/24,4
20201019122405,10.20.30.1/16,-
20201019122406,192.168.1.2/24,90
20201019122407,10.20.30.2/16,6
20201019122409,10.77.1.2/24,9
20201019122410,192.168.1.1/24,-
20201019122412,192.168.1.1/24,10
20201019122413,10.77.1.1/24,23
20201019122414,10.20.30.1/16,24
20201019122415,10.20.30.2/16,6
20201019122416,10.20.30.2/16,86
20201019122417,192.168.1.1/24,2
20201019122419,192.168.1.2/24,-
20201019122420,10.77.1.2/24,9
20201019122421,10.20.30.1/16,-
20201019122422,10.20.30.1/16,-
20201019122423,10.20.30.2/16,6
20201019122424,192.168.1.1/24,4
20201019122426,10.77.1.1/24,5
20201019122427,10.20.30.1/16,7
20201019122428,192.168.1.2/24,-
20201019122429,10.20.30.2/16,4
20201019122430,10.20.30.1/16,6
20201019122432,10.20.30.2/16,-
20201019122433,192.168.1.2/24,1
20201019122434,10.20.30.1/16,6
20201019122435,10.20.30.1/16,-
20201019122436,192.168.1.2/24,2
20201019122437,10.20.30.1/16,1
20201019122439,192.168.1.2/24,4
20201019122440,10.20.30.2/16,15
20201019122441,192.168.1.1/24,6
20201019122442,192.168.1.2/24,9
20201019122443,10.77.1.1/24,4
20201019122444,10.20.30.2/16,-
20201019122445,10.20.30.1/16,-
20201019122446,192.168.1.2/24,4
20201019122447,10.77.1.2/24,32
20201019122448,192.168.1.1/24,2
20201019122450,192.168.1.1/24,7
20201019122451,10.77.1.1/24,88
20201019122452,10.20.30.2/16,-
20201019122453,192.168.1.1/24,4
20201019122454,192.168.1.1/24,4
20201019122456,10.20.30.2/16,43
20201019122458,10.20.30.2/16,-
20201019122459,10.77.1.1/24,9
20201019122500,10.77.1.1/24,-
20201019122501,192.168.1.2/24,9
20201019122503,192.168.1.1/24,9
20201019122504,192.168.1.2/24,1
20201019122506,10.77.1.1/24,6
20201019122507,10.77.1.1/24,-
20201019122508,10.77.1.2/24,16
20201019122510,10.77.1.2/24,2
20201019122511,10.20.30.1/16,-
20201019122512,192.168.1.2/24,2
20201019122513,10.20.30.2/16,-
20201019122514,10.20.30.1/16,57
20201019122515,10.77.1.2/24,-
20201019122516,10.77.1.2/24,9
20201019122517,10.20.30.2/16,8
20201019122518,192.168.1.2/24,8
20201019122519,10.20.30.1/16,6
20201019122520,10.77.1.2/24,7
20201019122522,10.77.1.2/24,9
20201019122523,10.77.1.1/24,3
20201019122524,192.168.1.1/24,5
20201019122526,192.168.1.2/24,16
20201019122527,10.77.1.1/24,-
20201019122529,10.20.30.2/16,1
20201019122530,10.20.30.2/16,-
20201019122531,10.20.30.2/16,-
20201019122532,10.20.30.2/16,30
20201019122533,10.77.1.1/24,3
20201019122534,192.168.1.1/24,9
20201019122535,10.77.1.2/24,-
20201019122536,10.77.1.2/24,-
20201019122537,192.168.1.1/24,5
20201019122538,10.77.1.2/24,8
20201019122540,10.20.30.2/16,3
20201019122541,192.168.1.2/24,-
20201019122542,10.77.1.1/24,6
20201019122543,10.20.30.1/16,81
20201019122544,10.77.1.1/24,78
20201019122545,10.77.1.1/24,-
20201019122546,10.77.1.1/24,4
20201019122547,10.77.1.1/24,4
20201019122548,192.168.1.1/24,33
20201019122550,192.168.1.2/24,34
20201019122551,10.77.1.2/24,20
20201019122552,10.77.1.1/24,8
20201019122553,10.77.1.1/24,4
20201019122554,10.77.1.1/24,1
20201019122555,192.168.1.2/24,7
20201019122557,192.168.1.2/24,-
20201019122558,192.168.1.1/24,3
20201019122600,10.20.30.1/16,8
20201019122601,10.20.30.1/16,3
20201019122602,10.77.1.2/24,-
20201019122603,10.77.1.2/24,5
20201019122604,192.168.1.1/24,-
20201019122605,10.20.30.1/16,89
20201019122606,192.168.1.2/24,99
20201019122607,10.77.1.2/24,89
20201019122609,10.77.1.2/24,9
20201019122610,10.77.1.1/24,3
20201019122611,10.77.1.1/24,78
20201019122612,10.20.30.2/16,-
20201019122613,192.168.1.2/24,2
20201019122614,10.77.1.1/24,8
20201019122615,10.20.30.1/16,79
20201019122617,10.77.1.2/24,2
20201019122618,10.77.1.1/24,3
20201019122619,10.77.1.2/24,-
20201019122620,10.77.1.2/24,2
20201019122621,10.20.30.2/16,6
20201019122622,10.77.1.1/24,-
20201019122623,192.168.1.2/24,25
20201019122624,10.77.1.1/24,-
20201019122626,10.77.1.1/24,-
20201019122627,10.20.30.2/16,-
20201019122628,192.168.1.2/24,6
20201019122629,192.168.1.1/24,-
20201019122630,10.20.30.1/16,5
20201019122631,10.77.1.2/24,5
20201019122632,10.20.30.1/16,-
20201019122633,10.77.1.1/24,1
20201019122634,192.168.1.2/24,5
20201019122635,10.20.30.2/16,8
20201019122637,10.77.1.2/24,-
20201019122638,192.168.1.2/24,8
20201019122639,10.77.1.1/24,-
20201019122640,10.20.30.1/16,-
20201019122641,10.77.1.2/24,7
20201019122642,10.20.30.1/16,-
20201019122643,10.20.30.2/16,3
20201019122644,10.77.1.1/24,2
20201019122645,10.20.30.2/16,9
20201019122646,10.20.30.2/16,46
20201019122648,192.168.1.2/24,6
20201019122649,192.168.1.2/24,68
20201019122650,10.20.30.1/16,1
20201019122652,192.168.1.1/24,-
20201019122653,192.168.1.1/24,7
20201019122655,10.20.30.1/16,12
20201019122656,10.77.1.1/24,-
20201019122657,10.20.30.2/16,-
20201019122658,10.20.30.2/16,7
20201019122659,10.77.1.2/24,2
20201019122701,10.77.1.2/24,8
20201019122702,192.168.1.2/24,89
20201019122703,10.77.1.1/24,7
20201019122704,10.77.1.2/24,-
20201019122705,192.168.1.1/24,40
20201019122706,10.20.30.1/16,18
20201019122707,192.168.1.2/24,6
20201019122708,192.168.1.2/24,38
20201019122709,192.168.1.2/24,2
20201019122710,10.20.30.1/16,61
20201019122712,192.168.1.1/24,47
20201019122713,10.20.30.1/16,-
20201019122714,192.168.1.2/24,5
20201019122716,10.20.30.2/16,1
20201019122717,10.77.1.2/24,-
20201019122719,10.20.30.2/16,2
20201019122720,192.168.1.1/24,2
20201019122722,10.20.30.1/16,-
20201019122724,192.168.1.2/24,-
20201019122725,192.168.1.1/24,-
20201019122726,10.77.1.2/24,9
20201019122727,192.168.1.2/24,43
20201019122728,192.168.1.2/24,-
20201019122729,192.168.1.2/24,7
20201019122730,10.77.1.2/24,6
20201019122731,10.77.1.2/24,-
20201019122732,10.77.1.2/24,7
20201019122734,192.168.1.2/24,-
20201019122735,10.20.30.2/16,24
20201019122737,192.168.1.1/24,3
20201019122739,192.168.1.2/24,7
20201019122740,10.77.1.2/24,9
20201019122741,192.168.1.2/24,8
20201019122743,10.77.1.2/24,11
20201019122745,10.20.30.1/16,2
20201019122746,10.20.30.2/16,6
20201019122747,192.168.1.2/24,-
20201019122749,10.20.30.1/16,-
20201019122750,10.77.1.2/24,73
20201019122751,10.20.30.1/16,2
20201019122752,10.20.30.2/16,-
20201019122753,10.20.30.1/16,-
20201019122754,10.20.30.2/16,2
20201019122755,192.168.1.1/24,72
20201019122757,10.77.1.2/24,1
20201019122758,10.77.1.1/24,3
20201019122759,10.77.1.1/24,66
20201019122800,10.20.30.2/16,7
20201019122801,10.20.30.1/16,-
20201019122802,10.77.1.1/24,5
20201019122803,10.20.30.1/16,8
20201019122805,10.77.1.1/24,89
20201019122806,192.168.1.1/24,19
20201019122807,192.168.1.2/24,6
20201019122808,192.168.1.1/24,26
20201019122809,10.77.1.2/24,-
20201019122810,10.77.1.1/24,9
20201019122811,10.77.1.2/24,10
20201019122812,10.20.30.1/16,9
20201019122813,10.77.1.2/24,6
20201019122814,10.77.1.2/24,5
20201019122815,10.20.30.2/16,1
20201019122816,10.77.1.1/24,20
20201019122817,10.20.30.1/16,4
20201019122818,10.20.30.1/16,2
20201019122819,192.168.1.2/24,2
20201019122820,192.168.1.2/24,11
20201019122822,10.77.1.1/24,24
20201019122823,10.77.1.2/24,5
20201019122824,192.168.1.2/24,9
20201019122826,10.20.30.2/16,6
20201019122827,10.77.1.1/24,88
20201019122829,192.168.1.2/24,4
20201019122830,10.20.30.1/16,-
20201019122831,10.77.1.2/24,-
20201019122832,10.20.30.2/16,6
20201019122833,10.77.1.2/24,4
20201019122835,10.77.1.2/24,-
20201019122836,10.20.30.2/16,3
20201019122837,10.77.1.2/24,74
20201019122838,192.168.1.1/24,2
20201019122839,10.20.30.1/16,7
20201019122840,10.77.1.1/24,1
20201019122841,10.20.30.2/16,4
20201019122843,192.168.1.2/24,55
20201019122845,10.20.30.1/16,4
20201019122847,192.168.1.1/24,1
20201019122848,192.168.1.2/24,-
20201019122849,192.168.1.2/24,6
20201019122850,10.20.30.2/16,8
20201019122851,10.77.1.2/24,8
20201019122853,10.20.30.1/16,8
20201019122855,10.20.30.1/16,52
20201019122856,192.168.1.2/24,10
20201019122857,10.20.30.1/16,-
20201019122858,10.20.30.1/16,5
20201019122859,10.20.30.2/16,4
20201019122900,192.168.1.2/24,-
20201019122901,192.168.1.1/24,1
20201019122902,10.77.1.2/24,22
20201019122903,10.77.1.1/24,2
20201019122905,10.20.30.2/16,3
20201019122907,192.168.1.2/24,96
20201019122908,10.20.30.2/16,10
20201019122909,192.168.1.2/24,8
20201019122910,10.77.1.2/24,5
20201019122911,10.20.30.2/16,42
20201019122912,10.77.1.1/24,13
20201019122913,10.77.1.2/24,7
20201019122914,192.168.1.1/24,1
20201019122915,10.20.30.1/16,-
20201019122916,10.20.30.2/16,1
20201019122917,192.168.1.2/24,11
20201019122918,10.77.1.1/24,59
20201019122919,10.77.1.1/24,-
20201019122920,10.77.1.1/24,47
20201019122922,192.168.1.1/24,6
20201019122924,192.168.1.2/24,5
20201019122925,192.168.1.2/24,6
20201019122926,10.20.30.2/16,93
20201019122927,10.20.30.1/16,8
20201019122929,10.20.30.1/16,9
20201019122930,10.77.1.2/24,6
20201019122931,192.168.1.1/24,2
20201019122932,10.77.1.1/24,2
20201019122934,10.20.30.2/16,-
20201019122935,10.77.1.1/24,-
20201019122936,192.168.1.2/24,4
20201019122937,192.168.1.1/24,2
20201019122938,10.20.30.2/16,-
20201019122939,192.168.1.2/24,8
20201019122940,192.168.1.2/24,-
20201019122941,10.77.1.1/24,2
20201019122942,10.77.1.1/24,6
20201019122943,10.20.30.2/16,1
20201019122945,192.168.1.1/24,3
20201019122946,10.20.30.2/16,-
20201019122947,10.20.30.1/16,2
20201019122948,10.77.1.2/24,2
20201019122949,10.77.1.1/24,5
20201019122950,192.168.1.1/24,7
20201019122952,10.20.30.2/16,0
20201019122953,10.77.1.1/24,6
20201019122954,192.168.1.2/24,5
20201019122956,192.168.1.1/24,50
20201019122957,10.20.30.2/16,9
20201019122958,10.77.1.2/24,6
20201019122959,10.77.1.1/24,-
20201019123000,10.20.30.1/16,97
20201019123002,10.20.30.2/16,86
20201019123003,10.20.30.1/16,4
20201019123004,10.20.30.1/16,8
20201019123005,10.20.30.1/16,-
20201019123006,10.20.30.2/16,8
20201019123008,10.20.30.2/16,-
20201019123009,192.168.1.2/24,-
20201019123011,192.168.1.1/24,-
20201019123012,10.77.1.2/24,38
20201019123013,10.77.1.1/24,5
20201019123014,10.77.1.1/24,53
20201019123015,10.20.30.2/16,5
20201019123016,10.77.1.1/24,-
20201019123017,192.168.1.1/24,39
20201019123018,192.168.1.1/24,-
20201019123020,10.77.1.2/24,16
20201019123021,192.168.1.1/24,1
20201019123023,192.168.1.2/24,10
20201019123024,10.20.30.2/16,5
20201019123025,192.168.1.2/24,39
20201019123027,192.168.1.2/24,92
20201019123028,10.77.1.1/24,-
20201019123029,10.77.1.1/24,-
20201019123030,192.168.1.1/24,5
20201019123031,10.20.30.1/16,5
20201019123032,10.77.1.2/24,6
20201019123034,10.20.30.1/16,4
20201019123036,192.168.1.1/24,36
20201019123037,192.168.1.1/24,1
20201019123038,192.168.1.2/24,9
20201019123039,192.168.1.2/24,35
20201019123040,10.77.1.1/24,3
20201019123041,192.168.1.2/24,8
20201019123042,192.168.1.1/24,7
20201019123043,192.168.1.2/24,26
20201019123044,10.77.1.1/24,8
20201019123046,10.77.1.1/24,7
20201019123047,192.168.1.1/24,5
20201019123048,10.77.1.2/24,10
20201019123049,192.168.1.2/24,-
20201019123050,192.168.1.2/24,6
20201019123052,10.77.1.1/24,-
20201019123053,192.168.1.1/24,22
20201019123054,10.77.1.2/24,7
20201019123055,192.168.1.1/24,17
20201019123056,10.77.1.2/24,7
20201019123057,192.168.1.1/24,7
20201019123058,192.168.1.1/24,-
20201019123100,10.77.1.2/24,9
20201019123101,192.168.1.1/24,7
20201019123102,192.168.1.1/24,-
20201019123104,10.20.30.2/16,10
20201019123106,10.20.30.2/16,90
20201019123108,192.168.1.1/24,4
20201019123109,10.20.30.2/16,33
20201019123110,192.168.1.2/24,22
20201019123112,10.20.30.2/16,6
20201019123113,10.77.1.2/24,9
20201019123114,10.77.1.2/24,78
20201019123115,10.77.1.2/24,-
20201019123116,10.20.30.2/16,4
20201019123117,10.77.1.1/24,6
20201019123119,192.168.1.1/24,93
20201019123120,192.168.1.1/24,23
20201019123121,10.20.30.2/16,-
20201019123122,10.77.1.1/24,4
20201019123123,192.168.1.1/24,-
20201019123124,10.20.30.1/16,-
20201019123126,10.20.30.1/16,6
20201019123127,10.20.30.1/16,25
20201019123129,10.20.30.2/16,3
20201019123131,10.77.1.1/24,2
20201019123132,10.20.30.2/16,4
20201019123134,192.168.1.1/24,4
20201019123136,10.77.1.1/24,-
20201019123137,10.77.1.1/24,12
20201019123139,10.20.30.1/16,7
20201019123141,10.77.1.1/24,-
20201019123142,192.168.1.2/24,8
20201019123143,192.168.1.1/24,7
20201019123145,10.20.30.1/16,6
20201019123146,10.20.30.2/16,34
20201019123147,10.20.30.2/16,2
20201019123148,10.77.1.1/24,8
20201019123150,192.168.1.2/24,5
20201019123151,192.168.1.1/24,-
20201019123152,10.20.30.2/16,32
20201019123154,10.20.30.2/16,2
20201019123155,192.168.1.1/24,9
20201019123156,10.77.1.2/24,6
20201019123157,10.20.30.1/16,7
20201019123158,10.77.1.1/24,9
20201019123159,10.77.1.2/24,99
20201019123200,10.20.30.1/16,8
20201019123201,10.77.1.2/24,12
20201019123202,10.77.1.2/24,-
20201019123204,192.168.1.2/24,-
20201019123206,192.168.1.2/24,-
20201019123207,10.77.1.2/24,34
20201019123208,10.77.1.2/24,5
20201019123210,10.77.1.1/24,4
20201019123211,10.77.1.1/24,2
20201019123212,192.168.1.1/24,47
20201019123213,10.77.1.2/24,19
20201019123214,10.77.1.2/24,4
20201019123215,10.77.1.2/24,5
20201019123217,10.77.1.2/24,2
20201019123218,10.77.1.2/24,3
20201019123219,10.20.30.2/16,-
20201019123220,10.20.30.2/16,4
20201019123221,192.168.1.2/24,8
20201019123222,10.20.30.1/16,7
20201019123223,10.20.30.1/16,6
20201019123224,10.20.30.2/16,-
20201019123225,192.168.1.2/24,-
20201019123227,10.20.30.1/16,11
20201019123228,10.77.1.2/24,-
20201019123229,10.20.30.1/16,7
20201019123231,10.77.1.1/24,92
20201019123233,10.20.30.1/16,8
20201019123234,10.77.1.2/24,-
20201019123235,192.168.1.2/24,30
20201019123236,10.77.1.1/24,8
20201019123237,10.77.1.2/24,7
20201019123238,10.20.30.2/16,-
20201019123239,10.77.1.2/24,-
20201019123240,10.20.30.2/16,-
20201019123242,10.77.1.1/24,10
20201019123243,10.77.1.2/24,14
20201019123244,10.20.30.2/16,8
20201019123246,10.77.1.2/24,88
20201019123247,10.20.30.1/16,3
20201019123248,10.20.30.2/16,-
20201019123249,10.77.1.2/24,7
20201019123251,10.77.1.1/24,-
20201019123252,10.20.30.1/16,31
20201019123253,10.20.30.2/16,9
20201019123254,10.77.1.2/24,9
20201019123256,10.20.30.2/16,49
20201019123257,10.20.30.2/16,8
20201019123258,192.168.1.1/24,-
20201019123259,10.77.1.2/24,9
20201019123300,10.77.1.2/24,6
20201019123301,192.168.1.2/24,1
20201019123302,10.77.1.2/24,8
20201019123303,10.20.30.1/16,3
20201019123305,10.77.1.2/24,58
20201019123306,192.168.1.1/24,6
20201019123307,192.168.1.2/24,-
20201019123308,10.77.1.2/24,6
20201019123309,192.168.1.2/24,3
20201019123310,10.20.30.1/16,6
20201019123312,10.77.1.2/24,7
20201019123313,10.20.30.1/16,-
20201019123314,10.20.30.2/16,4
20201019123315,10.20.30.1/16,8
20201019123317,10.20.30.1/16,9
20201019123319,10.77.1.2/24,-
20201019123320,10.20.30.1/16,7
20201019123322,10.77.1.1/24,-
20201019123323,10.77.1.1/24,-
20201019123324,192.168.1.2/24,-
20201019123325,10.20.30.1/16,66
20201019123326,10.20.30.2/16,9
20201019123327,192.168.1.2/24,81
20201019123329,10.20.30.1/16,6
20201019123330,10.20.30.1/16,2
20201019123331,192.168.1.2/24,-
20201019123332,10.20.30.1/16,-
20201019123333,192.168.1.1/24,7
20201019123334,10.77.1.1/24,-
20201019123335,192.168.1.1/24,8
20201019123336,10.20.30.2/16,3
20201019123337,10.77.1.1/24,-
20201019123338,192.168.1.2/24,9
20201019123339,192.168.1.1/24,7
20201019123340,10.77.1.1/24,-
20201019123341,10.20.30.1/16,8
20201019123342,10.20.30.2/16,6
20201019123344,10.77.1.2/24,2
20201019123345,10.77.1.1/24,61
20201019123347,192.168.1.2/24,3
20201019123348,10.77.1.2/24,12
20201019123349,10.20.30.1/16,1
20201019123350,192.168.1.2/24,-
20201019123351,10.20.30.1/16,-
20201019123352,192.168.1.1/24,4
20201019123353,192.168.1.1/24,-
20201019123354,192.168.1.1/24,7
20201019123355,192.168.1.1/24,1
20201019123356,192.168.1.2/24,7
20201019123357,192.168.1.1/24,4
20201019123358,10.77.1.1/24,8
20201019123359,10.77.1.1/24,6
20201019123401,10.77.1.2/24,24
20201019123403,10.20.30.1/16,-
20201019123404,10.20.30.1/16,-
20201019123405,10.20.30.2/16,2
20201019123406,10.20.30.1/16,41
20201019123407,10.77.1.1/24,85
20201019123408,10.77.1.2/24,6
20201019123409,10.77.1.1/24,5
20201019123410,192.168.1.1/24,8
20201019123411,192.168.1.1/24,2
20201019123412,192.168.1.2/24,7
20201019123413,10.77.1.1/24,-
20201019123414,192.168.1.1/24,71
20201019123415,10.20.30.2/16,13
20201019123416,192.168.1.1/24,-
20201019123417,10.20.30.2/16,-
20201019123419,10.77.1.1/24,2
20201019123420,10.77.1.2/24,5
20201019123422,10.77.1.1/24,-
20201019123424,192.168.1.1/24,-
20201019123426,10.77.1.1/24,5
20201019123427,10.77.1.1/24,6
20201019123429,10.20.30.1/16,90
20201019123431,192.168.1.1/24,-
20201019123432,10.20.30.1/16,56
20201019123434,10.77.1.1/24,5
20201019123436,10.20.30.2/16,88
20201019123437,10.20.30.1/16,2
20201019123438,192.168.1.1/24,50
20201019123439,10.20.30.1/16,-
20201019123440,192.168.1.1/24,4
20201019123442,10.77.1.1/24,2
20201019123443,10.20.30.2/16,1
20201019123444,192.168.1.2/24,-
20201019123445,192.168.1.2/24,73
20201019123446,10.20.30.2/16,2
20201019123447,10.20.30.2/16,6
20201019123448,10.20.30.2/16,-
20201019123450,10.77.1.2/24,2
20201019123452,192.168.1.2/24,66
20201019123454,192.168.1.1/24,17
20201019123455,10.20.30.2/16,1
20201019123456,10.77.1.1/24,9
20201019123458,192.168.1.2/24,45
20201019123459,10.77.1.1/24,8
20201019123500,10.20.30.2/16,-
20201019123501,192.168.1.1/24,-
20201019123502,10.77.1.1/24,9
20201019123503,10.20.30.1/16,-
20201019123504,10.77.1.1/24,9
20201019123505,10.77.1.2/24,5
20201019123506,10.77.1.2/24,0
20201019123507,10.77.1.2/24,19
20201019123508,10.20.30.1/16,9
20201019123509,192.168.1.2/24,1
20201019123510,10.20.30.1/16,2
20201019123512,10.77.1.1/24,2
20201019123513,192.168.1.2/24,-
20201019123514,10.77.1.2/24,8
20201019123516,10.77.1.1/24,1
20201019123518,192.168.1.2/24,-
20201019123520,10.77.1.2/24,70
20201019123521,10.20.30.1/16,2
20201019123522,192.168.1.2/24,-
20201019123523,10.20.30.2/16,89
20201019123524,10.20.30.2/16,1
20201019123525,10.77.1.1/24,3
20201019123526,192.168.1.2/24,-
20201019123527,192.168.1.1/24,22
20201019123528,10.77.1.1/24,17
20201019123529,10.77.1.2/24,38
20201019123530,10.77.1.1/24,-
20201019123531,10.77.1.2/24,68
20201019123532,10.20.30.2/16,-
20201019123533,10.20.30.1/16,6
20201019123534,192.168.1.2/24,6
20201019123535,10.77.1.1/24,7
20201019123537,10.77.1.2/24,1
20201019123538,10.20.30.2/16,66
20201019123539,10.20.30.2/16,2
20201019123540,192.168.1.1/24,5
20201019123541,192.168.1.2/24,8
20201019123542,192.168.1.1/24,76
20201019123543,10.20.30.2/16,8
20201019123545,10.20.30.1/16,52
20201019123546,192.168.1.2/24,6
20201019123547,10.77.1.2/24,3
20201019123548,192.168.1.1/24,-
20201019123550,10.20.30.2/16,-
20201019123551,192.168.1.2/24,30
20201019123552,10.20.30.1/16,-
20201019123553,192.168.1.2/24,8
20201019123555,192.168.1.1/24,-
20201019123556,10.20.30.1/16,-
20201019123557,192.168.1.1/24,48
20201019123558,10.77.1.1/24,74
20201019123559,10.20.30.1/16,3
20201019123601,192.168.1.1/24,57
20201019123602,10.77.1.2/24,-
20201019123603,10.20.30.2/16,8
20201019123604,192.168.1.1/24,16
20201019123605,10.77.1.2/24,38
20201019123606,10.20.30.1/16,34
20201019123607,192.168.1.1/24,7
20201019123609,10.20.30.1/16,1
20201019123610,192.168.1.2/24,9
20201019123611,10.20.30.1/16,5
20201019123613,10.20.30.1/16,-
20201019123614,10.77.1.1/24,1
20201019123616,10.77.1.2/24,6
20201019123618,10.20.30.1/16,90
20201019123619,10.77.1.1/24,6
20201019123621,10.20.30.2/16,3
20201019123623,10.20.30.1/16,-
20201019123624,192.168.1.2/24,36
20201019123626,192.168.1.2/24,1
20201019123627,192.168.1.1/24,5
20201019123629,10.77.1.1/24,3
20201019123631,10.20.30.2/16,1
20201019123632,192.168.1.1/24,-
20201019123633,192.168.1.1/24,-
20201019123634,10.20.30.2/16,1
20201019123635,10.20.30.2/16,6
20201019123636,10.20.30.2/16,-
20201019123637,10.20.30.2/16,50
20201019123638,10.77.1.1/24,7
20201019123639,10.77.1.1/24,5
20201019123640,10.20.30.1/16,81
20201019123641,192.168.1.1/24,9
20201019123642,192.168.1.1/24,9
20201019123643,10.77.1.2/24,18
20201019123644,10.20.30.1/16,4
20201019123645,10.77.1.1/24,1
20201019123646,10.20.30.2/16,8
20201019123648,10.77.1.1/24,6
20201019123650,10.77.1.1/24,-
20201019123651,10.20.30.1/16,6
20201019123653,10.77.1.2/24,-
20201019123655,10.20.30.2/16,6
20201019123657,10.77.1.2/24,-
20201019123658,192.168.1.1/24,3
20201019123659,192.168.1.1/24,8
20201019123700,192.168.1.2/24,-
20201019123701,192.168.1.2/24,6
20201019123702,10.20.30.2/16,3
20201019123703,192.168.1.1/24,5
20201019123704,192.168.1.2/24,-
20201019123705,10.20.30.1/16,19
20201019123707,10.20.30.1/16,4
20201019123709,10.20.30.2/16,63
20201019123711,192.168.1.2/24,2
20201019123712,10.77.1.2/24,8
20201019123713,192.168.1.2/24,64
20201019123714,192.168.1.1/24,36
20201019123715,10.20.30.2/16,9
20201019123716,192.168.1.2/24,-
20201019123717,192.168.1.2/24,8
20201019123718,192.168.1.1/24,50
20201019123719,192.168.1.2/24,-
20201019123720,192.168.1.1/24,9
20201019123721,10.20.30.2/16,-
20201019123722,10.20.30.1/16,5
20201019123723,10.20.30.2/16,5
20201019123724,192.168.1.2/24,8
20201019123725,10.77.1.2/24,3
20201019123727,192.168.1.1/24,5
20201019123728,192.168.1.2/24,-
20201019123729,192.168.1.2/24,-
20201019123730,192.168.1.1/24,-
20201019123731,10.20.30.2/16,-
20201019123732,192.168.1.1/24,2
20201019123733,10.77.1.2/24,50
20201019123734,10.77.1.2/24,67
20201019123735,10.20.30.2/16,5
20201019123737,10.77.1.1/24,6
20201019123738,10.20.30.1/16,-
20201019123740,10.77.1.1/24,7
20201019123742,192.168.1.1/24,2
20201019123743,10.77.1.1/24,5
20201019123744,192.168.1.1/24,4
20201019123745,192.168.1.1/24,3
20201019123746,10.77.1.1/24,7
20201019123748,10.20.30.2/16,1
20201019123749,10.20.30.2/16,-
20201019123750,10.20.30.2/16,64
20201019123752,10.20.30.2/16,8
20201019123754,10.77.1.1/24,58
20201019123755,10.77.1.1/24,-
20201019123757,10.77.1.1/24,5
20201019123758,192.168.1.2/24,3
20201019123759,192.168.1.2/24,5
20201019123800,192.168.1.2/24,10
20201019123802,192.168.1.1/24,-
20201019123803,10.77.1.1/24,20
20201019123804,192.168.1.2/24,4
20201019123805,192.168.1.2/24,-
20201019123806,10.77.1.2/24,8
20201019123807,192.168.1.1/24,8
20201019123808,10.77.1.2/24,3
20201019123809,192.168.1.2/24,6
20201019123810,10.20.30.1/16,5
20201019123811,10.77.1.1/24,30
20201019123813,10.20.30.2/16,-
20201019123814,192.168.1.1/24,-
20201019123815,10.77.1.2/24,1
20201019123816,10.20.30.1/16,-
20201019123817,192.168.1.1/24,-
20201019123818,10.20.30.1/16,-
20201019123819,192.168.1.1/24,62
20201019123820,192.168.1.1/24,-
20201019123821,10.77.1.2/24,-
20201019123822,10.20.30.1/16,7
20201019123823,10.77.1.1/24,-
20201019123824,192.168.1.1/24,1
20201019123825,10.20.30.1/16,5
20201019123826,10.77.1.1/24,3
20201019123827,10.77.1.2/24,2
20201019123828,10.20.30.1/16,13
20201019123829,10.20.30.2/16,7
20201019123831,10.77.1.2/24,42
20201019123833,10.77.1.1/24,25
20201019123834,10.20.30.1/16,7
20201019123836,192.168.1.1/24,28
20201019123837,10.77.1.2/24,4
20201019123839,10.20.30.2/16,8
20201019123840,10.77.1.1/24,1
20201019123841,192.168.1.2/24,3
20201019123842,10.20.30.2/16,3
20201019123843,192.168.1.2/24,7
20201019123844,10.20.30.2/16,-
20201019123845,192.168.1.1/24,5
20201019123846,10.77.1.1/24,-
20201019123847,192.168.1.2/24,-
20201019123848,10.77.1.2/24,12
20201019123849,10.20.30.1/16,7
20201019123850,192.168.1.1/24,6
20201019123852,10.20.30.2/16,3
20201019123853,192.168.1.2/24,2
20201019123855,10.77.1.2/24,-
20201019123856,10.77.1.2/24,97
20201019123857,10.77.1.2/24,7
20201019123859,10.77.1.1/24,4
20201019123900,192.168.1.1/24,9
20201019123901,10.20.30.2/16,3
20201019123902,192.168.1.1/24,5
20201019123903,10.20.30.2/16,22
20201019123904,10.77.1.2/24,-
20201019123906,10.77.1.1/24,2
20201019123907,10.20.30.1/16,6
20201019123909,192.168.1.2/24,17
20201019123910,10.20.30.2/16,7
20201019123911,10.20.30.2/16,50
20201019123912,10.77.1.1/24,59
20201019123913,10.77.1.1/24,-
20201019123914,10.20.30.1/16,40
20201019123916,10.20.30.1/16,38
20201019123917,10.20.30.2/16,6
20201019123919,192.168.1.2/24,4
20201019123920,10.20.30.2/16,7
20201019123921,192.168.1.2/24,-
20201019123922,192.168.1.1/24,-
20201019123923,10.20.30.1/16,-
20201019123925,192.168.1.2/24,85
20201019123926,10.20.30.1/16,9
20201019123927,10.77.1.2/24,95
20201019123928,10.20.30.2/16,4
20201019123929,10.20.30.1/16,52
20201019123930,10.77.1.2/24,11
20201019123931,10.77.1.2/24,5
20201019123932,10.20.30.2/16,71
20201019123934,10.77.1.1/24,1
20201019123935,192.168.1.1/24,57
20201019123936,10.20.30.2/16,5
20201019123938,192.168.1.2/24,7
20201019123939,10.20.30.1/16,9
20201019123940,10.77.1.1/24,2
20201019123941,192.168.1.2/24,-
20201019123942,192.168.1.2/24,5
20201019123944,10.20.30.2/16,9
20201019123945,10.77.1.2/24,-
20201019123946,10.20.30.1/16,8
20201019123948,10.77.1.1/24,49
20201019123949,10.77.1.2/24,8
20201019123951,10.20.30.1/16,9
20201019123952,192.168.1.2/24,15
20201019123953,10.77.1.2/24,81
20201019123955,10.77.1.2/24,-
20201019123956,10.77.1.2/24,4
20201019123957,10.77.1.2/24,28
20201019123958,10.20.30.2/16,1
20201019123959,192.168.1.1/24,-
20201019124000,192.168.1.1/24,-
20201019124001,10.77.1.2/24,20
20201019124002,10.20.30.2/16,-
20201019124003,10.20.30.1/16,3
20201019124004,10.20.30.2/16,3
20201019124005,10.77.1.2/24,77
20201019124006,192.168.1.1/24,-
20201019124007,10.77.1.1/24,7
20201019124008,10.77.1.1/24,3
20201019124009,192.168.1.2/24,-
20201019124010,192.168.1.2/24,26
20201019124011,10.77.1.2/24,8
20201019124012,10.77.1.2/24,1
20201019124013,10.77.1.2/24,-
20201019124014,10.77.1.2/24,20
20201019124015,192.168.1.1/24,51
20201019124016,10.77.1.1/24,14
20201019124018,10.20.30.1/16,41
20201019124019,192.168.1.2/24,5
20201019124021,10.77.1.2/24,-
20201019124023,192.168.1.1/24,-
20201019124024,10.20.30.2/16,-
20201019124025,10.20.30.1/16,2
20201019124026,10.77.1.1/24,62
20201019124027,192.168.1.1/24,-
20201019124028,192.168.1.2/24,-
20201019124030,10.20.30.1/16,-
20201019124031,10.77.1.2/24,2
20201019124032,10.20.30.1/16,53
20201019124033,10.20.30.2/16,6
20201019124034,10.77.1.1/24,4
20201019124035,10.20.30.2/16,23
20201019124036,10.20.30.2/16,12
20201019124038,192.168.1.2/24,69
20201019124039,10.20.30.2/16,-
20201019124040,192.168.1.2/24,4
20201019124041,10.20.30.2/16,8
20201019124042,192.168.1.2/24,-
20201019124043,192.168.1.2/24,7
20201019124045,10.20.30.1/16,5
20201019124046,192.168.1.1/24,-
20201019124047,10.77.1.1/24,2
20201019124048,192.168.1.2/24,8
20201019124049,10.20.30.2/16,3
20201019124050,192.168.1.1/24,4
20201019124051,10.77.1.1/24,4
20201019124052,192.168.1.1/24,6
20201019124053,10.77.1.2/24,2
20201019124054,10.77.1.1/24,7
20201019124056,10.77.1.2/24,-
20201019124058,192.168.1.1/24,8
20201019124059,10.20.30.2/16,3
20201019124101,10.20.30.1/16,-
20201019124103,10.20.30.2/16,48
20201019124105,192.168.1.1/24,9
20201019124107,192.168.1.2/24,4
20201019124108,10.20.30.2/16,-
20201019124109,192.168.1.2/24,40
20201019124110,10.20.30.2/16,3
20201019124111,10.20.30.2/16,4
20201019124113,10.20.30.2/16,11
20201019124114,10.20.30.2/16,-
20201019124116,192.168.1.1/24,7
20201019124117,192.168.1.1/24,9
20201019124118,192.168.1.2/24,25
20201019124119,10.20.30.1/16,-
20201019124120,10.20.30.1/16,89
20201019124121,192.168.1.1/24,-
20201019124122,10.77.1.2/24,9
20201019124124,10.77.1.2/24,35
20201019124125,192.168.1.2/24,3
20201019124127,10.20.30.1/16,-
20201019124128,10.77.1.2/24,1
20201019124129,10.20.30.2/16,-
20201019124130,192.168.1.1/24,-
20201019124131,10.77.1.1/24,8
20201019124132,192.168.1.2/24,7
20201019124133,192.168.1.1/24,3
20201019124134,192.168.1.2/24,5
20201019124135,10.77.1.2/24,-
20201019124136,10.77.1.1/24,4
20201019124137,192.168.1.2/24,28
20201019124139,10.20.30.1/16,17
20201019124140,10.77.1.1/24,48
20201019124141,192.168.1.2/24,8
20201019124142,192.168.1.2/24,10
20201019124144,10.77.1.2/24,5
20201019124145,10.77.1.1/24,-
20201019124146,10.77.1.2/24,2
20201019124147,10.20.30.2/16,21
20201019124148,192.168.1.2/24,-
20201019124149,10.77.1.2/24,9
20201019124150,10.20.30.2/16,-
20201019124151,192.168.1.2/24,5
20201019124153,10.20.30.1/16,16
20201019124154,10.77.1.2/24,5
20201019124155,192.168.1.1/24,12
20201019124156,10.20.30.1/16,5
20201019124157,192.168.1.2/24,-
20201019124158,192.168.1.1/24,2
20201019124159,192.168.1.1/24,5
20201019124200,192.168.1.1/24,60
20201019124201,10.20.30.2/16,1
20201019124202,192.168.1.2/24,54
20201019124203,10.20.30.2/16,8
20201019124204,10.77.1.2/24,9
20201019124205,10.20.30.1/16,1
20201019124207,192.168.1.1/24,-
20201019124208,10.77.1.2/24,-
20201019124209,192.168.1.2/24,54
20201019124210,10.77.1.2/24,1
20201019124211,10.20.30.1/16,70
20201019124212,10.77.1.1/24,25
20201019124213,10.77.1.2/24,3
20201019124214,10.77.1.2/24,5
20201019124215,10.77.1.2/24,20
20201019124216,192.168.1.2/24,5
20201019124217,10.20.30.1/16,1
20201019124218,192.168.1.2/24,33
20201019124219,192.168.1.2/24,4
20201019124220,10.20.30.2/16,8
20201019124221,10.20.30.2/16,8
20201019124222,10.77.1.2/24,98
20201019124223,10.20.30.2/16,1
20201019124224,192.168.1.2/24,7
20201019124225,10.20.30.2/16,74
20201019124226,10.20.30.2/16,2
20201019124228,10.77.1.2/24,-
20201019124229,10.77.1.1/24,2
20201019124230,10.77.1.1/24,-
20201019124231,10.77.1.1/24,64
20201019124232,10.77.1.2/24,3
20201019124233,192.168.1.2/24,1
20201019124235,192.168.1.1/24,8
20201019124237,192.168.1.1/24,-
20201019124239,192.168.1.1/24,4
20201019124240,10.20.30.1/16,4
20201019124241,10.20.30.2/16,1
20201019124242,10.77.1.1/24,-
20201019124244,10.77.1.2/24,2
20201019124245,10.77.1.2/24,31
20201019124246,10.20.30.1/16,6
20201019124247,192.168.1.1/24,64
20201019124249,10.20.30.1/16,4
20201019124251,192.168.1.1/24,7
20201019124253,192.168.1.1/24,5
20201019124254,192.168.1.1/24,-
20201019124256,10.77.1.1/24,6
20201019124257,192.168.1.2/24,1
20201019124259,10.77.1.1/24,8
20201019124300,10.20.30.1/16,6
20201019124301,192.168.1.1/24,-
20201019124303,192.168.1.2/24,-
20201019124304,192.168.1.2/24,-
20201019124306,10.20.30.2/16,4
20201019124307,10.77.1.1/24,-
20201019124308,10.20.30.1/16,-
20201019124309,10.77.1.1/24,14
20201019124310,192.168.1.1/24,-
20201019124311,10.77.1.2/24,4
20201019124312,10.77.1.2/24,9
20201019124313,192.168.1.2/24,6
20201019124315,192.168.1.2/24,47
20201019124317,10.20.30.1/16,-
20201019124319,192.168.1.2/24,-
20201019124320,192.168.1.1/24,8
20201019124321,10.20.30.1/16,6
20201019124322,10.77.1.2/24,6
20201019124323,192.168.1.2/24,-
20201019124324,10.20.30.1/16,8
20201019124326,10.77.1.2/24,63
20201019124328,10.77.1.2/24,6
20201019124329,192.168.1.2/24,8
20201019124330,10.20.30.1/16,2
20201019124332,10.20.30.2/16,40
20201019124333,10.20.30.2/16,5
20201019124334,192.168.1.2/24,3
20201019124335,192.168.1.1/24,9
20201019124336,10.77.1.2/24,20
20201019124337,10.77.1.1/24,-
20201019124338,192.168.1.2/24,88
20201019124339,10.77.1.1/24,-
20201019124340,192.168.1.2/24,69
20201019124341,10.20.30.1/16,-
20201019124342,10.77.1.2/24,4
20201019124343,10.77.1.1/24,9
20201019124344,10.20.30.1/16,86
20201019124345,10.20.30.2/16,5
20201019124346,10.20.30.1/16,2
20201019124347,192.168.1.2/24,-
20201019124348,10.20.30.1/16,1
20201019124349,10.77.1.1/24,9
20201019124350,10.77.1.1/24,5
20201019124351,10.77.1.1/24,7
20201019124352,10.77.1.2/24,-
20201019124353,192.168.1.1/24,8
20201019124354,192.168.1.1/24,81
20201019124355,10.20.30.1/16,23
20201019124356,10.20.30.2/16,-
20201019124357,192.168.1.1/24,67
20201019124358,10.20.30.1/16,4
20201019124400,10.77.1.1/24,6
20201019124401,192.168.1.1/24,4
20201019124402,10.77.1.2/24,0
20201019124404,192.168.1.2/24,7
20201019124405,10.77.1.2/24,1
20201019124406,10.77.1.1/24,9
20201019124407,10.77.1.1/24,-
20201019124409,10.77.1.2/24,5
20201019124410,192.168.1.2/24,-
20201019124411,192.168.1.1/24,-
20201019124412,10.20.30.2/16,2
20201019124413,10.77.1.1/24,9
20201019124415,10.77.1.1/24,-
20201019124416,10.20.30.1/16,3
20201019124417,10.77.1.2/24,5
20201019124418,10.20.30.2/16,3
20201019124420,10.20.30.1/16,13
20201019124422,10.20.30.2/16,38
20201019124423,192.168.1.2/24,11
20201019124424,192.168.1.1/24,50
20201019124425,10.77.1.1/24,96
20201019124426,192.168.1.1/24,1
20201019124427,10.77.1.2/24,10
20201019124428,10.20.30.2/16,5
20201019124429,192.168.1.2/24,6
20201019124430,10.20.30.2/16,22
20201019124431,192.168.1.2/24,9
20201019124432,192.168.1.2/24,7
20201019124433,10.77.1.2/24,5
20201019124434,10.77.1.1/24,-
20201019124435,10.20.30.1/16,2
20201019124436,10.20.30.2/16,63
20201019124437,192.168.1.2/24,95
20201019124439,10.20.30.2/16,-
20201019124440,192.168.1.2/24,-
20201019124441,10.77.1.2/24,-
20201019124442,10.20.30.1/16,4
20201019124443,192.168.1.2/24,3
20201019124444,192.168.1.1/24,46
20201019124446,10.77.1.2/24,-
20201019124447,10.20.30.1/16,-
20201019124448,10.20.30.2/16,9
20201019124449,10.20.30.2/16,37
20201019124450,10.77.1.1/24,9
20201019124451,10.77.1.2/24,95
20201019124452,192.168.1.1/24,8
20201019124454,192.168.1.1/24,41
20201019124455,192.168.1.1/24,21
20201019124457,10.20.30.2/16,-
20201019124458,10.77.1.2/24,2
20201019124500,10.20.30.2/16,7
20201019124501,10.77.1.1/24,41
20201019124502,10.77.1.2/24,-
20201019124503,10.20.30.2/16,1
20201019124504,192.168.1.2/24,9
20201019124506,10.20.30.1/16,2
20201019124507,192.168.1.1/24,1
20201019124508,192.168.1.1/24,5
20201019124510,10.20.30.2/16,-
20201019124511,192.168.1.2/24,5
20201019124512,10.77.1.2/24,11
20201019124514,10.20.30.1/16,95
20201019124515,10.20.30.2/16,-
20201019124516,10.20.30.1/16,3
20201019124517,10.20.30.1/16,1
20201019124518,192.168.1.2/24,10
20201019124519,192.168.1.2/24,13
20201019124520,10.77.1.2/24,9
20201019124521,10.20.30.2/16,-
20201019124522,192.168.1.2/24,97
20201019124524,10.77.1.2/24,5
20201019124525,10.20.30.2/16,16
20201019124527,10.77.1.1/24,-
20201019124528,10.20.30.2/16,-
20201019124529,192.168.1.1/24,-
20201019124531,192.168.1.1/24,-
20201019124532,10.20.30.2/16,-
20201019124533,192.168.1.2/24,4
20201019124534,192.168.1.1/24,6
20201019124536,192.168.1.2/24,4
20201019124537,10.77.1.2/24,1
20201019124538,10.77.1.2/24,-
20201019124539,10.20.30.1/16,-
20201019124541,192.168.1.1/24,6
20201019124542,10.20.30.2/16,10
20201019124543,10.77.1.2/24,40
20201019124544,192.168.1.2/24,9
20201019124545,192.168.1.1/24,-
20201019124546,10.77.1.2/24,1
20201019124547,10.77.1.1/24,1
20201019124549,192.168.1.1/24,7
20201019124550,10.77.1.2/24,8
20201019124552,10.77.1.2/24,62
20201019124553,10.77.1.2/24,-
20201019124554,10.77.1.2/24,8
20201019124556,192.168.1.2/24,-
20201019124557,10.77.1.1/24,3
20201019124558,192.168.1.2/24,6
20201019124559,10.20.30.1/16,8
20201019124601,192.168.1.2/24,-
20201019124602,10.77.1.1/24,79
20201019124603,10.20.30.1/16,8
20201019124604,10.20.30.1/16,9
20201019124606,192.168.1.2/24,6
20201019124607,192.168.1.1/24,3
20201019124608,10.20.30.2/16,-
20201019124609,10.20.30.1/16,5
20201019124611,192.168.1.2/24,6
20201019124613,10.77.1.1/24,3
20201019124614,10.20.30.2/16,68
20201019124615,192.168.1.2/24,6
20201019124616,10.20.30.2/16,2
20201019124618,10.77.1.1/24,3
20201019124620,192.168.1.2/24,6
20201019124622,192.168.1.1/24,6
20201019124623,10.20.30.2/16,2
20201019124625,10.77.1.2/24,42
20201019124626,192.168.1.1/24,8
20201019124628,10.77.1.2/24,5
20201019124629,10.20.30.2/16,4
20201019124630,10.20.30.2/16,52
20201019124631,10.77.1.1/24,2
20201019124632,10.77.1.2/24,4
20201019124633,10.77.1.1/24,9
20201019124634,10.77.1.2/24,6
20201019124636,10.77.1.2/24,5
20201019124638,10.20.30.2/16,99
20201019124639,192.168.1.1/24,1
20201019124640,10.20.30.2/16,4
20201019124641,10.77.1.2/24,7
20201019124642,10.20.30.1/16,1
20201019124643,10.20.30.1/16,3
20201019124644,10.20.30.1/16,9
20201019124645,10.20.30.1/16,22
20201019124646,10.77.1.1/24,4
20201019124647,10.77.1.1/24,1
20201019124648,10.20.30.1/16,3
20201019124650,10.20.30.2/16,6
20201019124651,192.168.1.2/24,43
20201019124652,192.168.1.1/24,-
20201019124653,10.77.1.1/24,2
20201019124654,10.77.1.1/24,92
20201019124655,192.168.1.2/24,1
20201019124656,10.77.1.1/24,-
20201019124657,192.168.1.2/24,-
20201019124658,10.77.1.1/24,61
20201019124659,192.168.1.2/24,81
20201019124700,10.77.1.2/24,8
20201019124701,10.20.30.2/16,9
20201019124702,10.77.1.2/24,3
20201019124704,192.168.1.1/24,2
20201019124705,10.20.30.1/16,8
20201019124707,10.20.30.2/16,-
20201019124708,192.168.1.1/24,56
20201019124709,10.77.1.1/24,9
20201019124710,10.77.1.1/24,84
20201019124711,10.20.30.1/16,3
20201019124712,192.168.1.1/24,15
20201019124713,10.20.30.2/16,2
20201019124714,192.168.1.1/24,-
20201019124715,10.77.1.1/24,9
20201019124716,10.77.1.1/24,-
20201019124717,10.20.30.2/16,8
20201019124718,10.20.30.2/16,23
20201019124720,192.168.1.2/24,9
20201019124721,192.168.1.2/24,7
20201019124723,192.168.1.1/24,10
20201019124724,192.168.1.1/24,7
20201019124725,10.77.1.1/24,8
20201019124726,192.168.1.2/24,8
20201019124727,192.168.1.1/24,-
20201019124728,10.77.1.2/24,5
20201019124729,192.168.1.1/24,5
20201019124730,10.77.1.1/24,7
20201019124731,10.20.30.2/16,58
20201019124732,10.77.1.2/24,-
20201019124734,10.20.30.2/16,6
20201019124735,10.77.1.2/24,4
20201019124736,192.168.1.1/24,8
20201019124738,10.20.30.1/16,2
20201019124739,10.20.30.1/16,95
20201019124740,10.20.30.2/16,-
20201019124741,10.20.30.1/16,88
20201019124742,10.77.1.1/24,8
20201019124743,10.77.1.1/24,8
20201019124744,10.20.30.2/16,0
20201019124745,192.168.1.1/24,79
20201019124746,10.20.30.1/16,3
20201019124747,10.20.30.1/16,45
20201019124748,10.20.30.2/16,1
20201019124749,10.77.1.1/24,16
20201019124750,10.77.1.2/24,-
20201019124751,10.77.1.2/24,8
20201019124753,10.20.30.2/16,81
20201019124754,10.20.30.2/16,-
20201019124755,10.20.30.2/16,-
20201019124756,192.168.1.2/24,9
20201019124758,192.168.1.2/24,2
20201019124759,10.20.30.2/16,5
20201019124800,10.20.30.1/16,7
20201019124801,10.20.30.2/16,1
20201019124802,10.77.1.2/24,5
20201019124803,10.77.1.2/24,4
20201019124804,10.20.30.2/16,-
20201019124805,192.168.1.1/24,-
20201019124806,10.20.30.2/16,78
20201019124807,192.168.1.1/24,86
20201019124808,10.77.1.2/24,6
20201019124809,10.77.1.1/24,-
20201019124811,10.77.1.2/24,-
20201019124813,192.168.1.2/24,1
20201019124814,10.20.30.2/16,22
20201019124815,10.77.1.2/24,-
20201019124817,10.20.30.2/16,-
20201019124818,192.168.1.1/24,59
20201019124820,10.20.30.2/16,8
20201019124821,10.77.1.2/24,22
20201019124822,10.77.1.1/24,34
20201019124824,10.20.30.2/16,4
20201019124826,10.77.1.2/24,-
20201019124828,10.20.30.1/16,22
20201019124829,10.77.1.1/24,-
20201019124831,10.77.1.1/24,6
20201019124832,192.168.1.1/24,9
20201019124833,192.168.1.2/24,-
20201019124834,10.20.30.1/16,-
20201019124835,10.77.1.2/24,-
20201019124837,10.77.1.1/24,2
20201019124838,10.20.30.1/16,2
20201019124839,10.77.1.1/24,-
20201019124841,10.77.1.2/24,11
20201019124842,10.77.1.1/24,63
20201019124843,10.20.30.2/16,5
20201019124844,10.20.30.1/16,7
20201019124845,10.77.1.1/24,2
20201019124846,10.77.1.1/24,-
20201019124847,10.20.30.2/16,6
20201019124848,192.168.1.2/24,8
20201019124849,10.77.1.2/24,4
20201019124851,10.77.1.1/24,-
20201019124852,10.20.30.1/16,6
20201019124853,10.77.1.2/24,13
20201019124854,10.20.30.1/16,2
20201019124855,10.20.30.2/16,2
20201019124856,10.20.30.2/16,35
20201019124857,10.20.30.1/16,77
20201019124858,10.77.1.2/24,6
20201019124859,10.20.30.2/16,-
20201019124900,10.20.30.1/16,4
20201019124901,192.168.1.1/24,7
20201019124903,10.20.30.2/16,55
20201019124904,10.77.1.2/24,9
20201019124905,10.20.30.2/16,-
20201019124906,192.168.1.1/24,34
20201019124907,10.77.1.2/24,-
20201019124908,10.20.30.1/16,3
20201019124909,192.168.1.1/24,86
20201019124910,10.77.1.1/24,1
20201019124912,192.168.1.2/24,19
20201019124913,10.20.30.1/16,83
20201019124915,10.20.30.2/16,81
20201019124917,192.168.1.1/24,9
20201019124918,10.77.1.1/24,3
20201019124919,10.77.1.1/24,5
20201019124921,10.77.1.2/24,55
20201019124922,10.20.30.2/16,19
20201019124924,192.168.1.1/24,6
20201019124925,192.168.1.1/24,1
20201019124926,192.168.1.1/24,1
20201019124928,10.77.1.2/24,55
20201019124929,10.20.30.1/16,3
20201019124930,10.77.1.1/24,7
20201019124932,10.20.30.1/16,-
20201019124933,192.168.1.1/24,3
20201019124934,192.168.1.2/24,71
20201019124936,10.20.30.1/16,55
20201019124938,10.77.1.1/24,-
20201019124939,192.168.1.1/24,-
20201019124940,10.77.1.1/24,-
20201019124941,10.20.30.2/16,6
20201019124943,192.168.1.2/24,9
20201019124945,192.168.1.2/24,30
20201019124946,192.168.1.1/24,-
20201019124948,10.20.30.1/16,9
20201019124949,192.168.1.1/24,-
20201019124950,192.168.1.1/24,6
20201019124952,10.20.30.2/16,5
20201019124954,10.77.1.1/24,2
20201019124956,10.20.30.2/16,-
20201019124958,10.20.30.1/16,1
20201019124959,10.77.1.1/24,4
20201019125001,10.77.1.2/24,22
20201019125003,192.168.1.2/24,3
20201019125004,192.168.1.1/24,-
20201019125005,192.168.1.1/24,-
20201019125006,192.168.1.1/24,1
20201019125008,10.20.30.1/16,7
20201019125009,10.20.30.2/16,4
20201019125011,10.20.30.2/16,8
20201019125012,10.77.1.2/24,-
20201019125013,192.168.1.2/24,2
20201019125015,192.168.1.2/24,16
20201019125016,10.77.1.2/24,13
20201019125017,10.20.30.1/16,-
20201019125018,192.168.1.2/24,44
20201019125019,192.168.1.2/24,7
20201019125021,10.77.1.2/24,22
20201019125022,10.20.30.1/16,-
20201019125023,10.77.1.2/24,39
20201019125024,192.168.1.2/24,3
20201019125025,10.77.1.1/24,3
20201019125026,10.20.30.1/16,-
20201019125027,192.168.1.1/24,-
20201019125028,192.168.1.1/24,-
20201019125029,192.168.1.1/24,-
20201019125030,10.77.1.1/24,26
20201019125031,10.77.1.1/24,-
20201019125033,10.77.1.2/24,-
20201019125034,10.77.1.2/24,8
20201019125036,192.168.1.2/24,9
20201019125037,192.168.1.1/24,-
20201019125038,192.168.1.1/24,86
20201019125040,10.77.1.2/24,94
20201019125041,192.168.1.1/24,7
20201019125042,10.77.1.2/24,7
20201019125043,10.20.30.2/16,2
20201019125044,192.168.1.1/24,9
20201019125045,192.168.1.2/24,4
20201019125046,10.20.30.1/16,-
20201019125048,10.77.1.1/24,17
20201019125049,10.77.1.1/24,4
20201019125050,10.77.1.1/24,2
20201019125051,192.168.1.1/24,-
20201019125052,192.168.1.1/24,5
20201019125053,10.20.30.2/16,6
20201019125054,192.168.1.2/24,2
20201019125055,10.20.30.2/16,-
20201019125056,192.168.1.1/24,6
20201019125057,10.20.30.1/16,3
20201019125059,10.77.1.2/24,3
20201019125100,10.20.30.1/16,-
20201019125101,192.168.1.1/24,26
20201019125103,10.77.1.1/24,3
20201019125104,10.77.1.1/24,-
20201019125105,10.20.30.1/16,-
20201019125106,192.168.1.2/24,11
20201019125107,192.168.1.1/24,-
20201019125108,10.20.30.2/16,61
20201019125109,10.77.1.2/24,1
20201019125110,192.168.1.2/24,-
20201019125111,10.77.1.2/24,1
20201019125112,10.77.1.2/24,-
20201019125113,10.77.1.2/24,1
20201019125115,10.20.30.2/16,-
20201019125116,10.20.30.2/16,7
20201019125117,10.77.1.2/24,1
20201019125118,192.168.1.2/24,2
20201019125119,10.20.30.1/16,12
20201019125121,10.77.1.1/24,6
20201019125123,10.77.1.1/24,-
20201019125124,10.77.1.2/24,7
20201019125125,192.168.1.2/24,6
20201019125126,192.168.1.2/24,1
20201019125127,10.77.1.1/24,14
20201019125128,10.77.1.1/24,4
20201019125129,10.20.30.1/16,23
20201019125131,10.20.30.2/16,-
20201019125132,10.77.1.1/24,3
20201019125134,192.168.1.2/24,21
20201019125135,192.168.1.2/24,70
20201019125136,10.20.30.1/16,9
20201019125137,192.168.1.1/24,65
20201019125138,10.77.1.2/24,16
20201019125139,192.168.1.2/24,-
20201019125141,10.77.1.1/24,3
20201019125142,10.77.1.2/24,65
20201019125143,10.20.30.1/16,-
20201019125144,192.168.1.2/24,-
20201019125145,192.168.1.2/24,1
20201019125146,10.77.1.2/24,9
20201019125147,10.77.1.1/24,-
20201019125148,10.20.30.1/16,40
20201019125149,10.77.1.1/24,78
20201019125150,192.168.1.1/24,9
20201019125152,10.77.1.2/24,8
20201019125154,10.20.30.1/16,-
20201019125155,192.168.1.2/24,9
20201019125157,192.168.1.1/24,6
20201019125159,10.20.30.1/16,11
20201019125201,10.20.30.2/16,77
20201019125202,10.77.1.2/24,-
20201019125203,192.168.1.2/24,11
20201019125204,192.168.1.1/24,5
20201019125205,10.20.30.1/16,-
20201019125206,192.168.1.1/24,9
20201019125207,10.20.30.1/16,66
20201019125208,192.168.1.2/24,-
20201019125209,10.20.30.2/16,2
20201019125210,192.168.1.1/24,6
20201019125211,10.77.1.1/24,9
20201019125212,10.77.1.2/24,-
20201019125213,10.77.1.1/24,1
20201019125214,192.168.1.1/24,76
20201019125216,192.168.1.1/24,-
20201019125217,10.20.30.2/16,5
20201019125218,10.20.30.2/16,-
20201019125219,192.168.1.1/24,6
20201019125220,10.20.30.1/16,7
20201019125221,10.77.1.2/24,3
20201019125222,10.77.1.1/24,-
20201019125224,192.168.1.1/24,88
20201019125225,192.168.1.1/24,6
20201019125226,10.77.1.2/24,4
20201019125228,10.20.30.1/16,4
20201019125229,10.20.30.1/16,-
20201019125230,10.20.30.1/16,90
20201019125232,10.20.30.1/16,1
20201019125233,192.168.1.2/24,1
20201019125234,192.168.1.1/24,70
20201019125236,192.168.1.1/24,1
20201019125237,10.77.1.2/24,3
20201019125239,10.20.30.2/16,70
20201019125240,10.77.1.2/24,3
20201019125241,192.168.1.1/24,-
20201019125242,10.20.30.1/16,7
20201019125244,192.168.1.2/24,91
20201019125246,10.77.1.2/24,8
20201019125247,192.168.1.2/24,6
20201019125249,10.20.30.2/16,76
20201019125250,192.168.1.1/24,-
20201019125251,10.77.1.2/24,2
20201019125252,10.77.1.1/24,4
20201019125253,10.20.30.2/16,4
20201019125255,10.77.1.1/24,6
20201019125256,10.77.1.1/24,3
20201019125258,192.168.1.2/24,6
20201019125259,10.77.1.2/24,-
20201019125301,192.168.1.2/24,-
20201019125302,10.20.30.2/16,8
20201019125303,192.168.1.1/24,13
20201019125304,192.168.1.2/24,8
20201019125306,192.168.1.1/24,6
20201019125307,10.20.30.1/16,5
20201019125308,192.168.1.2/24,2
20201019125309,192.168.1.1/24,9
20201019125310,10.77.1.2/24,4
20201019125311,192.168.1.2/24,-
20201019125313,192.168.1.2/24,50
20201019125314,10.77.1.2/24,6
20201019125315,192.168.1.2/24,66
20201019125316,10.20.30.1/16,56
20201019125317,10.77.1.1/24,26
20201019125319,10.20.30.2/16,2
20201019125321,10.77.1.2/24,82
20201019125323,192.168.1.2/24,-
20201019125324,10.77.1.1/24,8
20201019125326,192.168.1.2/24,4
20201019125327,10.20.30.2/16,2
20201019125328,192.168.1.2/24,-
20201019125329,10.20.30.2/16,4
20201019125330,10.20.30.1/16,19
20201019125331,192.168.1.2/24,3
20201019125332,10.77.1.2/24,62
20201019125333,192.168.1.1/24,7
20201019125334,192.168.1.2/24,34
20201019125335,10.77.1.1/24,-
20201019125336,10.77.1.1/24,-
20201019125337,10.77.1.1/24,68
20201019125338,10.77.1.1/24,-
20201019125340,10.20.30.2/16,6
20201019125342,192.168.1.2/24,11
20201019125344,10.77.1.1/24,9
20201019125345,10.20.30.2/16,27
20201019125347,192.168.1.1/24,-
20201019125349,10.77.1.1/24,49
20201019125350,10.77.1.2/24,-
20201019125351,10.77.1.2/24,4
20201019125352,10.77.1.2/24,21
20201019125354,10.77.1.2/24,-
20201019125356,192.168.1.1/24,2
20201019125357,10.77.1.1/24,-
20201019125358,10.20.30.2/16,5
20201019125359,10.77.1.1/24,-
20201019125400,10.20.30.2/16,9
20201019125401,10.77.1.2/24,-
20201019125402,10.77.1.1/24,93
20201019125403,10.20.30.1/16,78
20201019125405,192.168.1.1/24,32
20201019125406,10.20.30.1/16,4
20201019125407,10.77.1.1/24,-
20201019125408,192.168.1.1/24,3
20201019125409,192.168.1.2/24,4
20201019125410,192.168.1.2/24,-
20201019125411,10.77.1.1/24,61
20201019125412,192.168.1.2/24,48
20201019125413,192.168.1.1/24,6
20201019125415,10.77.1.2/24,4
20201019125416,10.77.1.2/24,2
20201019125417,10.20.30.1/16,94
20201019125419,10.20.30.1/16,-
20201019125420,10.20.30.2/16,15
20201019125421,192.168.1.1/24,72
20201019125422,10.20.30.2/16,18
20201019125423,192.168.1.2/24,-
20201019125424,192.168.1.1/24,6
20201019125425,10.20.30.2/16,4
20201019125426,10.77.1.1/24,5
20201019125427,10.20.30.1/16,11
20201019125428,192.168.1.1/24,53
20201019125429,10.20.30.1/16,-
20201019125430,10.77.1.1/24,3
20201019125432,10.77.1.2/24,6
20201019125433,192.168.1.2/24,-
20201019125435,10.20.30.1/16,54
20201019125437,10.20.30.2/16,7
20201019125439,192.168.1.2/24,8
20201019125440,192.168.1.1/24,5
20201019125441,10.20.30.2/16,9
20201019125443,10.20.30.2/16,21
20201019125444,10.20.30.2/16,5
20201019125446,10.20.30.2/16,4
20201019125447,10.20.30.2/16,5
20201019125449,192.168.1.1/24,9
20201019125450,10.20.30.1/16,-
20201019125451,10.20.30.2/16,1
20201019125452,10.77.1.2/24,5
20201019125453,192.168.1.2/24,14
20201019125454,10.20.30.2/16,5
20201019125455,10.77.1.2/24,47
20201019125456,10.20.30.1/16,7
20201019125457,192.168.1.2/24,3
20201019125458,192.168.1.2/24,4
20201019125500,10.20.30.2/16,3
20201019125501,10.77.1.1/24,3
20201019125502,10.77.1.2/24,28
20201019125503,10.20.30.1/16,26
20201019125504,10.20.30.2/16,9
20201019125505,10.20.30.1/16,29
20201019125506,10.77.1.2/24,-
20201019125507,192.168.1.2/24,84
20201019125508,192.168.1.2/24,-
20201019125509,10.77.1.1/24,19
20201019125511,192.168.1.1/24,1
20201019125513,10.77.1.2/24,3
20201019125514,10.77.1.1/24,41
20201019125515,192.168.1.2/24,1
20201019125516,10.20.30.1/16,1
20201019125517,10.77.1.2/24,3
20201019125518,10.20.30.1/16,93
20201019125519,10.20.30.2/16,8
20201019125520,10.77.1.1/24,2
20201019125522,192.168.1.1/24,-
20201019125524,10.77.1.2/24,3
20201019125525,192.168.1.2/24,5
20201019125527,10.77.1.2/24,-
20201019125528,10.20.30.2/16,12
20201019125529,192.168.1.1/24,-
20201019125530,10.77.1.1/24,-
20201019125531,10.77.1.1/24,56
20201019125532,10.77.1.2/24,4
20201019125533,192.168.1.1/24,-
20201019125534,192.168.1.1/24,-
20201019125535,192.168.1.1/24,2
20201019125536,192.168.1.1/24,4
20201019125537,192.168.1.1/24,32
20201019125539,10.77.1.1/24,-
20201019125540,10.20.30.1/16,9
20201019125541,10.20.30.1/16,77
20201019125542,10.77.1.1/24,6
20201019125543,10.20.30.2/16,-
20201019125544,10.20.30.2/16,3
20201019125545,192.168.1.2/24,3
20201019125546,192.168.1.1/24,-
20201019125547,192.168.1.1/24,4
20201019125548,10.77.1.1/24,89
20201019125549,10.77.1.1/24,6
20201019125550,10.20.30.1/16,35
20201019125551,192.168.1.2/24,74
20201019125552,192.168.1.1/24,10
20201019125554,10.77.1.1/24,-
20201019125555,10.20.30.2/16,7
20201019125556,10.20.30.1/16,8
20201019125557,192.168.1.2/24,-
20201019125558,10.77.1.2/24,9
20201019125600,10.77.1.1/24,18
20201019125601,10.20.30.1/16,-
20201019125603,192.168.1.1/24,45
20201019125604,10.20.30.2/16,5
20201019125605,10.20.30.1/16,48
20201019125606,192.168.1.1/24,-
20201019125608,10.77.1.1/24,-
20201019125609,10.77.1.2/24,39
20201019125610,10.77.1.2/24,9
20201019125612,192.168.1.1/24,8
20201019125613,192.168.1.1/24,2
20201019125614,10.20.30.1/16,7
20201019125615,10.77.1.1/24,3
20201019125617,192.168.1.1/24,-
20201019125618,10.77.1.2/24,5
20201019125620,192.168.1.1/24,9
20201019125621,10.20.30.1/16,4
20201019125622,10.20.30.2/16,2
20201019125623,10.77.1.1/24,73
20201019125624,10.77.1.2/24,9
20201019125625,10.20.30.1/16,5
20201019125626,10.20.30.2/16,41
20201019125627,10.77.1.1/24,9
20201019125628,10.20.30.1/16,7
20201019125630,10.20.30.2/16,-
20201019125631,192.168.1.2/24,4
20201019125632,10.20.30.2/16,9
20201019125633,192.168.1.2/24,7
20201019125634,10.77.1.2/24,-
20201019125635,10.77.1.2/24,3
20201019125637,10.77.1.2/24,-
20201019125638,10.20.30.2/16,-
20201019125639,10.77.1.2/24,40
20201019125640,10.77.1.2/24,11
20201019125641,10.20.30.1/16,4
20201019125642,10.20.30.2/16,9
20201019125643,192.168.1.1/24,-
20201019125644,10.77.1.1/24,6
20201019125646,192.168.1.2/24,2
20201019125647,10.77.1.1/24,6
20201019125648,10.77.1.1/24,7
20201019125649,192.168.1.1/24,82
20201019125651,10.77.1.2/24,4
20201019125653,10.20.30.2/16,2
20201019125655,10.77.1.1/24,8
20201019125656,10.77.1.1/24,-
20201019125657,192.168.1.1/24,-
20201019125658,192.168.1.1/24,1
20201019125659,10.77.1.1/24,27
20201019125700,10.20.30.2/16,14
20201019125701,10.77.1.1/24,56
20201019125703,10.20.30.1/16,2
20201019125704,192.168.1.2/24,6
20201019125705,10.20.30.2/16,6
20201019125706,10.20.30.2/16,5
20201019125707,10.77.1.2/24,12
20201019125708,192.168.1.1/24,6
20201019125709,10.77.1.2/24,-
20201019125710,10.77.1.2/24,15
20201019125711,10.77.1.2/24,6
20201019125712,10.77.1.1/24,19
20201019125713,10.77.1.1/24,7
20201019125715,192.168.1.2/24,8
20201019125716,10.77.1.1/24,9
20201019125718,192.168.1.2/24,94
20201019125719,192.168.1.2/24,20
20201019125720,10.77.1.1/24,-
20201019125722,10.20.30.1/16,99
20201019125723,10.77.1.2/24,1
20201019125724,10.77.1.1/24,60
20201019125725,192.168.1.1/24,67
20201019125726,192.168.1.2/24,-
20201019125727,192.168.1.1/24,90
20201019125728,10.20.30.1/16,37
20201019125730,10.20.30.1/16,7
20201019125732,10.77.1.2/24,9
20201019125733,10.20.30.2/16,-
20201019125734,10.20.30.1/16,-
20201019125735,192.168.1.2/24,1
20201019125737,192.168.1.1/24,82
20201019125739,10.20.30.1/16,12
20201019125740,10.77.1.1/24,14
20201019125741,192.168.1.1/24,6
20201019125743,192.168.1.2/24,-
20201019125745,192.168.1.2/24,-
20201019125747,10.77.1.2/24,-
20201019125749,10.77.1.2/24,-
20201019125750,10.77.1.1/24,13
20201019125751,192.168.1.1/24,-
20201019125753,192.168.1.1/24,-
20201019125755,10.20.30.1/16,-
20201019125757,192.168.1.1/24,14
20201019125758,10.20.30.2/16,5
20201019125759,10.77.1.2/24,74
20201019125800,10.20.30.1/16,11
20201019125801,10.20.30.1/16,8
20201019125802,10.77.1.2/24,7
20201019125803,10.77.1.2/24,1
20201019125804,10.77.1.1/24,-
20201019125805,10.20.30.1/16,-
20201019125806,192.168.1.1/24,7
20201019125807,192.168.1.1/24,-
20201019125808,192.168.1.1/24,72
20201019125810,10.77.1.1/24,-
20201019125812,10.77.1.2/24,9
20201019125813,192.168.1.2/24,-
20201019125815,10.20.30.1/16,3
20201019125817,192.168.1.1/24,-
20201019125819,10.77.1.2/24,36
20201019125820,10.77.1.1/24,34
20201019125822,10.20.30.1/16,-
20201019125823,192.168.1.2/24,2
20201019125824,10.77.1.1/24,95
20201019125825,10.20.30.1/16,32
20201019125826,10.20.30.1/16,10
20201019125827,10.77.1.1/24,32
20201019125828,10.77.1.1/24,-
20201019125829,10.20.30.1/16,19
20201019125831,10.20.30.1/16,-
20201019125833,10.77.1.2/24,4
20201019125834,10.20.30.2/16,8
20201019125835,10.20.30.2/16,42
20201019125836,192.168.1.1/24,8
20201019125838,10.77.1.2/24,15
20201019125839,10.77.1.2/24,5
20201019125840,10.20.30.1/16,8
20201019125841,10.77.1.1/24,1
20201019125842,192.168.1.1/24,6
20201019125843,10.20.30.1/16,4
20201019125844,10.20.30.1/16,7
20201019125845,10.77.1.1/24,8
20201019125846,10.20.30.2/16,2
20201019125847,10.77.1.2/24,4
20201019125848,192.168.1.2/24,2
20201019125849,192.168.1.2/24,-
20201019125850,10.77.1.2/24,76
20201019125852,10.20.30.2/16,4
20201019125853,10.20.30.1/16,3
20201019125854,10.20.30.1/16,16
20201019125855,192.168.1.2/24,7
20201019125856,10.20.30.2/16,91
20201019125857,10.77.1.1/24,-
20201019125858,10.77.1.2/24,-
20201019125859,192.168.1.2/24,2
20201019125900,192.168.1.1/24,6
20201019125901,10.77.1.2/24,1
20201019125903,192.168.1.2/24,-
20201019125904,10.77.1.1/24,15
20201019125906,10.77.1.1/24,3
20201019125907,192.168.1.1/24,26
20201019125908,192.168.1.2/24,19
20201019125909,192.168.1.1/24,9
20201019125910,10.77.1.2/24,8
20201019125911,10.20.30.1/16,9
20201019125912,192.168.1.2/24,4
20201019125913,10.77.1.1/24,8
20201019125915,192.168.1.1/24,1
20201019125916,192.168.1.1/24,9
20201019125917,192.168.1.2/24,-
20201019125918,10.20.30.1/16,94
20201019125919,192.168.1.1/24,6
20201019125921,192.168.1.1/24,27
20201019125922,10.77.1.1/24,1
20201019125923,10.77.1.2/24,2
20201019125925,10.77.1.1/24,1
20201019125926,192.168.1.2/24,3
20201019125928,10.77.1.1/24,3
20201019125930,10.77.1.2/24,7
20201019125931,192.168.1.1/24,-
20201019125932,10.20.30.1/16,2
20201019125934,10.77.1.2/24,8
20201019125935,10.20.30.2/16,8
20201019125936,10.20.30.2/16,-
20201019125937,10.77.1.1/24,8
20201019125938,10.20.30.2/16,6
20201019125939,192.168.1.1/24,-
20201019125940,10.20.30.1/16,-
20201019125941,192.168.1.2/24,9
20201019125942,10.77.1.2/24,2
20201019125943,10.20.30.2/16,-
20201019125944,10.20.30.1/16,2
20201019125945,10.77.1.2/24,-
20201019125946,10.77.1.1/24,3
20201019125947,192.168.1.1/24,-
20201019125948,10.20.30.1/16,43
20201019125949,10.20.30.2/16,-
20201019125950,10.20.30.1/16,2
20201019125951,10.77.1.1/24,-
20201019125953,10.20.30.2/16,9
20201019125954,192.168.1.2/24,-
20201019125955,192.168.1.1/24,6
20201019125957,10.20.30.1/16,-
20201019125958,10.77.1.2/24,1
20201019125959,192.168.1.2/24,87
20201019130001,10.77.1.1/24,65
20201019130002,10.20.30.2/16,3
20201019130003,10.20.30.2/16,14
20201019130004,10.20.30.2/16,-
20201019130006,192.168.1.1/24,5
20201019130007,10.77.1.1/24,95
20201019130009,10.20.30.1/16,2
20201019130010,10.20.30.1/16,-
20201019130012,192.168.1.1/24,40
20201019130013,10.77.1.2/24,4
20201019130015,10.20.30.2/16,-
20201019130017,192.168.1.2/24,13
20201019130019,192.168.1.1/24,4
20201019130020,10.77.1.2/24,3
20201019130021,192.168.1.1/24,6
20201019130022,10.77.1.1/24,11
20201019130023,10.20.30.1/16,7
20201019130024,10.20.30.1/16,2
20201019130026,192.168.1.1/24,-
20201019130028,192.168.1.1/24,-
20201019130029,10.20.30.2/16,62
20201019130030,10.77.1.1/24,6
20201019130031,192.168.1.2/24,9
20201019130032,10.77.1.1/24,71
20201019130033,10.77.1.2/24,-
20201019130034,192.168.1.2/24,-
20201019130035,10.20.30.1/16,2
20201019130036,10.77.1.2/24,90
20201019130037,10.77.1.1/24,74
20201019130038,10.20.30.1/16,9
20201019130039,10.20.30.1/16,-
20201019130040,10.20.30.2/16,-
20201019130041,192.168.1.1/24,2
20201019130043,10.20.30.2/16,3
20201019130045,10.20.30.2/16,47
20201019130046,10.77.1.2/24,1
20201019130047,10.20.30.1/16,7
20201019130049,10.20.30.2/16,-
20201019130050,10.20.30.2/16,2
20201019130051,10.20.30.2/16,9
20201019130052,10.77.1.1/24,7
20201019130053,10.20.30.2/16,5
20201019130055,192.168.1.2/24,-
20201019130056,10.77.1.2/24,3
20201019130057,192.168.1.1/24,16
20201019130058,192.168.1.1/24,2
20201019130059,10.20.30.1/16,92
20201019130100,10.20.30.2/16,-
20201019130101,192.168.1.2/24,4
20201019130102,192.168.1.1/24,3
20201019130103,192.168.1.1/24,-
20201019130105,192.168.1.1/24,-
20201019130106,192.168.1.1/24,-
20201019130107,10.20.30.2/16,1
20201019130108,192.168.1.2/24,6
20201019130110,10.77.1.1/24,-
20201019130111,10.20.30.2/16,-
20201019130112,10.77.1.1/24,7
20201019130114,192.168.1.2/24,1
20201019130115,10.77.1.2/24,-
20201019130116,10.20.30.1/16,6
20201019130118,10.77.1.1/24,66
20201019130119,10.77.1.1/24,7
20201019130120,10.77.1.2/24,11
20201019130121,10.77.1.1/24,7
20201019130122,10.77.1.2/24,4
20201019130124,10.20.30.2/16,5
20201019130125,10.20.30.1/16,1
20201019130126,10.77.1.2/24,12
20201019130127,192.168.1.2/24,7
20201019130128,192.168.1.2/24,8
20201019130129,10.77.1.2/24,6
20201019130131,192.168.1.2/24,2
20201019130132,10.20.30.1/16,-
20201019130133,10.77.1.2/24,2
20201019130134,10.20.30.2/16,3
20201019130135,192.168.1.1/24,6
20201019130136,10.20.30.1/16,2
20201019130137,10.20.30.1/16,5
20201019130138,10.77.1.2/24,2
20201019130139,10.77.1.1/24,-
20201019130141,10.20.30.1/16,-
20201019130143,192.168.1.1/24,-
20201019130145,10.20.30.2/16,57
20201019130146,10.20.30.1/16,-
20201019130147,10.20.30.2/16,-
20201019130148,10.77.1.2/24,-
20201019130149,10.77.1.2/24,8
20201019130150,10.20.30.1/16,8
20201019130151,192.168.1.1/24,4
20201019130152,192.168.1.2/24,8
20201019130153,10.20.30.1/16,7
20201019130154,10.77.1.1/24,7
20201019130155,10.20.30.1/16,23
20201019130156,10.20.30.2/16,7
20201019130157,10.20.30.1/16,10
20201019130158,10.77.1.1/24,19
20201019130159,10.77.1.2/24,1
20201019130200,10.20.30.1/16,6
20201019130201,10.20.30.1/16,29
20201019130202,10.77.1.1/24,70
20201019130203,10.20.30.2/16,64
20201019130204,10.77.1.2/24,9
20201019130206,10.20.30.2/16,20
20201019130208,192.168.1.1/24,8
20201019130209,192.168.1.2/24,4
20201019130210,10.20.30.1/16,4
20201019130212,10.77.1.2/24,3
20201019130213,10.77.1.1/24,8
20201019130214,10.77.1.1/24,4
20201019130215,192.168.1.2/24,43
20201019130216,10.77.1.1/24,8
20201019130218,10.20.30.2/16,1
20201019130220,192.168.1.2/24,-
20201019130221,10.20.30.1/16,84
20201019130222,192.168.1.1/24,-
20201019130223,192.168.1.1/24,2
20201019130225,192.168.1.1/24,7
20201019130226,192.168.1.2/24,4
20201019130227,192.168.1.1/24,9
20201019130228,10.77.1.1/24,6
20201019130229,10.20.30.1/16,-
20201019130231,10.77.1.2/24,4
20201019130232,192.168.1.1/24,9
20201019130233,10.77.1.2/24,42
20201019130235,10.20.30.1/16,3
20201019130236,10.20.30.1/16,3
20201019130237,10.77.1.2/24,6
20201019130239,192.168.1.1/24,16
20201019130240,10.77.1.2/24,-
20201019130241,10.77.1.1/24,7
20201019130242,10.20.30.1/16,4
20201019130244,192.168.1.1/24,87
20201019130246,10.77.1.2/24,36
20201019130247,10.77.1.1/24,5
20201019130248,192.168.1.2/24,-
20201019130249,10.20.30.2/16,9
20201019130251,192.168.1.1/24,5
20201019130252,10.77.1.1/24,7
20201019130254,10.20.30.2/16,-
20201019130255,10.77.1.2/24,5
20201019130257,10.77.1.1/24,9
20201019130259,10.77.1.2/24,5
20201019130300,10.77.1.2/24,19
20201019130301,10.77.1.2/24,-
20201019130302,192.168.1.1/24,9
20201019130303,10.20.30.2/16,7
20201019130304,10.77.1.1/24,15
20201019130305,10.77.1.2/24,94
20201019130306,10.20.30.2/16,5
20201019130307,10.20.30.2/16,33
20201019130309,192.168.1.1/24,8
20201019130310,192.168.1.1/24,10
20201019130311,10.77.1.1/24,-
20201019130313,10.20.30.1/16,1
20201019130315,192.168.1.2/24,87
20201019130316,192.168.1.2/24,7
20201019130317,192.168.1.1/24,-
20201019130318,10.77.1.1/24,8
20201019130319,10.77.1.1/24,-
20201019130320,192.168.1.1/24,40
20201019130321,192.168.1.1/24,7
20201019130323,10.77.1.2/24,74
20201019130324,10.20.30.2/16,6
20201019130326,192.168.1.1/24,-
20201019130328,10.77.1.1/24,6
20201019130329,10.77.1.2/24,6
20201019130330,10.77.1.2/24,9
20201019130332,192.168.1.2/24,5
20201019130334,192.168.1.1/24,6
20201019130335,10.77.1.1/24,-
20201019130336,192.168.1.1/24,-
20201019130337,192.168.1.2/24,6
20201019130338,10.77.1.1/24,1
20201019130339,10.77.1.2/24,-
20201019130341,10.77.1.1/24,4
20201019130342,192.168.1.2/24,56
20201019130344,10.20.30.2/16,4
20201019130345,10.77.1.2/24,2
20201019130347,10.77.1.1/24,1
20201019130348,10.20.30.1/16,2
20201019130349,10.77.1.1/24,54
20201019130350,10.20.30.2/16,87
20201019130352,10.77.1.2/24,9
20201019130353,10.20.30.2/16,2
20201019130354,10.20.30.1/16,88
20201019130355,10.77.1.2/24,6
20201019130356,10.20.30.1/16,-
20201019130357,10.20.30.2/16,16
20201019130358,10.20.30.1/16,4
20201019130359,10.20.30.1/16,6
20201019130401,192.168.1.1/24,7
20201019130403,10.20.30.2/16,1
20201019130404,10.77.1.2/24,6
20201019130405,192.168.1.1/24,79
20201019130406,10.20.30.1/16,70
20201019130407,10.77.1.1/24,6
20201019130408,10.77.1.2/24,3
20201019130409,10.20.30.2/16,-
20201019130410,10.20.30.1/16,-
20201019130412,10.77.1.2/24,6
20201019130413,10.20.30.1/16,50
20201019130414,10.77.1.1/24,29
20201019130415,10.77.1.1/24,7
20201019130416,10.20.30.2/16,3
20201019130417,192.168.1.2/24,35
20201019130418,192.168.1.1/24,6
20201019130419,10.20.30.2/16,-
20201019130421,192.168.1.2/24,-
20201019130422,192.168.1.2/24,-
20201019130423,192.168.1.2/24,43
20201019130424,10.77.1.2/24,6
20201019130425,10.77.1.2/24,9
20201019130426,10.77.1.1/24,-
20201019130427,192.168.1.1/24,-
20201019130428,10.20.30.2/16,7
20201019130430,192.168.1.1/24,2
20201019130431,10.77.1.2/24,8
20201019130432,10.20.30.1/16,-
20201019130433,10.77.1.1/24,2
20201019130434,10.77.1.2/24,9
20201019130435,10.77.1.2/24,8
20201019130436,192.168.1.2/24,4
20201019130437,10.20.30.1/16,1
20201019130438,10.20.30.2/16,98
20201019130440,192.168.1.1/24,78
20201019130442,10.20.30.1/16,8
20201019130444,192.168.1.1/24,-
20201019130446,192.168.1.1/24,-
20201019130448,10.77.1.1/24,41
20201019130449,10.20.30.1/16,7
20201019130451,10.20.30.2/16,-
20201019130452,10.77.1.2/24,6
20201019130453,10.20.30.1/16,42
20201019130454,10.20.30.1/16,36
20201019130456,10.77.1.2/24,3
20201019130458,192.168.1.1/24,7
20201019130459,192.168.1.1/24,-
20201019130500,192.168.1.2/24,4
20201019130502,10.20.30.1/16,3
20201019130503,10.20.30.2/16,18
20201019130504,192.168.1.1/24,8
20201019130505,10.77.1.1/24,7
20201019130506,10.20.30.1/16,1
20201019130507,10.20.30.2/16,5
20201019130508,10.77.1.1/24,5
20201019130509,10.20.30.2/16,8
20201019130510,10.77.1.1/24,-
20201019130511,10.20.30.2/16,-
20201019130512,10.20.30.1/16,7
20201019130513,10.77.1.2/24,-
20201019130514,192.168.1.1/24,3
20201019130515,192.168.1.1/24,-
20201019130516,10.77.1.2/24,7
20201019130517,192.168.1.1/24,-
20201019130519,192.168.1.2/24,7
20201019130520,192.168.1.2/24,-
20201019130522,10.20.30.1/16,-
20201019130523,10.20.30.2/16,4
20201019130524,10.77.1.2/24,9
20201019130526,10.20.30.2/16,94
20201019130527,10.20.30.2/16,7
20201019130528,10.77.1.2/24,-
20201019130529,10.20.30.2/16,9
20201019130530,10.20.30.1/16,-
20201019130531,10.77.1.2/24,3
20201019130532,10.77.1.1/24,2
20201019130533,10.77.1.2/24,8
20201019130534,192.168.1.2/24,8
20201019130536,10.20.30.2/16,38
20201019130537,10.77.1.2/24,-
20201019130538,10.77.1.1/24,9
20201019130540,192.168.1.1/24,1
20201019130541,192.168.1.1/24,5
20201019130542,192.168.1.1/24,-
20201019130543,10.20.30.2/16,7
20201019130545,10.77.1.1/24,3
20201019130546,10.20.30.2/16,4
20201019130548,10.77.1.2/24,8
20201019130549,10.20.30.1/16,8
20201019130550,10.20.30.2/16,9
20201019130551,192.168.1.2/24,3
20201019130553,192.168.1.1/24,8
20201019130554,10.20.30.2/16,6
20201019130556,10.77.1.1/24,4
20201019130558,10.20.30.2/16,9
20201019130559,192.168.1.1/24,9
20201019130600,10.77.1.2/24,23
20201019130602,10.20.30.1/16,19
20201019130603,10.20.30.2/16,7
20201019130604,192.168.1.2/24,7
20201019130605,10.77.1.1/24,9
20201019130606,10.20.30.2/16,-
20201019130607,10.77.1.1/24,83
20201019130608,10.77.1.2/24,6
20201019130609,10.77.1.2/24,78
20201019130610,10.20.30.1/16,-
20201019130611,10.77.1.1/24,6
20201019130612,10.20.30.2/16,3
20201019130613,10.77.1.2/24,9
20201019130614,10.77.1.2/24,7
20201019130615,10.77.1.1/24,4
20201019130616,192.168.1.2/24,7
20201019130617,10.77.1.2/24,-
20201019130618,192.168.1.1/24,10
20201019130619,10.77.1.1/24,11
20201019130620,10.77.1.2/24,1
20201019130622,10.20.30.1/16,83
20201019130623,10.77.1.1/24,-
20201019130624,10.20.30.1/16,-
20201019130626,192.168.1.1/24,51
20201019130628,10.77.1.2/24,4
20201019130629,10.77.1.1/24,-
20201019130631,10.77.1.2/24,2
20201019130632,10.77.1.1/24,-
20201019130633,192.168.1.1/24,10
20201019130635,10.77.1.2/24,-
20201019130636,10.77.1.1/24,3
20201019130638,10.77.1.2/24,6
20201019130639,10.77.1.1/24,-
20201019130640,192.168.1.2/24,-
20201019130641,10.77.1.1/24,4
20201019130642,10.77.1.2/24,15
20201019130643,192.168.1.1/24,3
20201019130644,192.168.1.2/24,9
20201019130645,10.20.30.2/16,4
20201019130646,192.168.1.2/24,7
20201019130647,10.77.1.2/24,8
20201019130648,10.77.1.1/24,9
20201019130649,10.77.1.2/24,-
20201019130650,10.20.30.1/16,5
20201019130652,10.77.1.2/24,-
20201019130653,10.20.30.2/16,-
20201019130655,10.77.1.1/24,5
20201019130656,10.77.1.1/24,5
20201019130657,192.168.1.1/24,4
20201019130658,192.168.1.2/24,10
20201019130700,192.168.1.2/24,-
20201019130701,192.168.1.2/24,-
20201019130702,10.20.30.1/16,14
20201019130703,10.77.1.2/24,59
20201019130704,192.168.1.2/24,51
20201019130705,192.168.1.2/24,66
20201019130707,10.20.30.2/16,-
20201019130708,10.20.30.1/16,7
20201019130709,10.20.30.2/16,8
20201019130710,10.77.1.1/24,98
20201019130711,192.168.1.1/24,20
20201019130712,192.168.1.1/24,6
20201019130713,10.20.30.2/16,2
20201019130715,192.168.1.1/24,4
20201019130717,192.168.1.1/24,5
20201019130718,10.77.1.2/24,-
20201019130719,10.77.1.2/24,5
20201019130721,10.20.30.1/16,7
20201019130722,192.168.1.1/24,1
20201019130724,192.168.1.1/24,4
20201019130725,10.20.30.2/16,98
20201019130727,192.168.1.2/24,4
20201019130728,192.168.1.2/24,8
20201019130729,10.77.1.1/24,3
20201019130730,10.77.1.2/24,-
20201019130731,10.20.30.2/16,2
20201019130732,192.168.1.2/24,2
20201019130733,10.20.30.2/16,18
20201019130734,10.20.30.1/16,51
20201019130736,10.77.1.2/24,-
20201019130737,10.77.1.2/24,-
20201019130738,192.168.1.2/24,1
20201019130740,192.168.1.2/24,3
20201019130742,10.20.30.1/16,8
20201019130743,10.77.1.1/24,2
20201019130744,10.77.1.2/24,5
20201019130746,10.77.1.1/24,72
20201019130747,10.20.30.2/16,28
20201019130749,192.168.1.1/24,10
20201019130750,10.20.30.2/16,-
20201019130751,192.168.1.1/24,-
20201019130752,192.168.1.1/24,3
20201019130754,192.168.1.2/24,5
20201019130755,10.77.1.1/24,67
20201019130756,10.20.30.1/16,1
20201019130758,10.77.1.1/24,2
20201019130759,10.77.1.1/24,4
20201019130800,10.77.1.2/24,7
20201019130801,10.77.1.1/24,-
20201019130802,10.20.30.2/16,5
20201019130804,192.168.1.1/24,2
20201019130805,10.77.1.2/24,4
20201019130806,10.20.30.1/16,-
20201019130807,192.168.1.2/24,-
20201019130808,10.20.30.2/16,94
20201019130809,10.20.30.1/16,-
20201019130810,192.168.1.1/24,32
20201019130811,10.20.30.2/16,-
20201019130812,10.77.1.1/24,3
20201019130813,10.77.1.1/24,6
20201019130814,192.168.1.1/24,26
20201019130815,10.77.1.2/24,6
20201019130816,192.168.1.1/24,37
20201019130817,10.20.30.1/16,-
20201019130818,10.77.1.1/24,4
20201019130820,10.77.1.1/24,52
20201019130821,192.168.1.1/24,9
20201019130822,10.20.30.1/16,-
20201019130823,10.20.30.2/16,7
20201019130824,192.168.1.2/24,1
20201019130826,10.77.1.1/24,3
20201019130827,192.168.1.2/24,-
20201019130828,10.20.30.1/16,16
20201019130829,10.20.30.1/16,7
20201019130831,10.77.1.1/24,2
20201019130833,10.77.1.2/24,10
20201019130834,10.77.1.1/24,-
20201019130835,10.77.1.1/24,-
20201019130836,10.20.30.2/16,6
20201019130838,10.77.1.1/24,95
20201019130840,10.77.1.2/24,6
20201019130842,10.20.30.2/16,9
20201019130843,10.77.1.2/24,1
20201019130845,10.20.30.2/16,-
20201019130846,192.168.1.1/24,9
20201019130847,192.168.1.1/24,6
20201019130849,192.168.1.2/24,-
20201019130850,10.77.1.2/24,4
20201019130851,192.168.1.2/24,42
20201019130853,10.77.1.2/24,34
20201019130855,10.77.1.1/24,9
20201019130857,10.20.30.1/16,27
20201019130858,10.77.1.2/24,1
20201019130859,10.77.1.1/24,14
20201019130901,10.77.1.2/24,-
20201019130902,192.168.1.1/24,-
20201019130903,10.20.30.1/16,3
20201019130904,192.168.1.1/24,6
20201019130905,10.20.30.1/16,3
20201019130907,10.20.30.1/16,7
20201019130908,192.168.1.1/24,6
20201019130909,192.168.1.1/24,1
20201019130910,10.20.30.2/16,11
20201019130911,192.168.1.1/24,3
20201019130912,10.20.30.2/16,51
20201019130914,192.168.1.2/24,-
20201019130916,192.168.1.2/24,1
20201019130917,192.168.1.2/24,12
20201019130918,192.168.1.2/24,9
20201019130920,10.20.30.1/16,3
20201019130921,10.20.30.2/16,5
20201019130922,10.77.1.1/24,5
20201019130924,10.77.1.1/24,-
20201019130926,192.168.1.1/24,6
20201019130927,10.77.1.2/24,3
20201019130928,192.168.1.1/24,4
20201019130930,10.20.30.1/16,9
20201019130931,10.77.1.2/24,-
20201019130932,10.77.1.1/24,8
20201019130933,10.20.30.1/16,0
20201019130934,10.77.1.1/24,1
20201019130936,10.77.1.1/24,9
20201019130937,192.168.1.2/24,2
20201019130938,10.77.1.1/24,9
20201019130939,10.20.30.2/16,8
20201019130940,10.20.30.2/16,-
20201019130941,10.77.1.1/24,53
20201019130942,192.168.1.1/24,67
20201019130944,192.168.1.2/24,8
20201019130945,10.20.30.1/16,7
20201019130946,10.20.30.2/16,80
20201019130947,10.77.1.1/24,-
20201019130948,10.77.1.2/24,9
20201019130949,192.168.1.1/24,-
20201019130950,10.20.30.2/16,-
20201019130951,10.20.30.2/16,6
20201019130953,10.20.30.2/16,3
20201019130954,192.168.1.1/24,21
20201019130955,192.168.1.1/24,1
20201019130956,10.20.30.2/16,8
20201019130957,10.77.1.1/24,3
20201019130958,10.77.1.2/24,22
20201019130959,10.77.1.1/24,11
20201019131000,10.20.30.1/16,-
20201019131001,10.77.1.2/24,3
20201019131002,10.77.1.2/24,1
20201019131003,192.168.1.1/24,-
20201019131005,10.20.30.2/16,9
20201019131006,10.20.30.1/16,3
20201019131008,10.20.30.1/16,9
20201019131009,10.20.30.2/16,80
20201019131010,192.168.1.2/24,5
20201019131011,192.168.1.2/24,-
20201019131013,10.20.30.1/16,1
20201019131014,10.77.1.2/24,-
20201019131016,10.77.1.2/24,-
20201019131017,10.77.1.1/24,81
20201019131018,192.168.1.1/24,-
20201019131019,192.168.1.1/24,9
20201019131020,192.168.1.1/24,8
20201019131021,10.20.30.1/16,-
20201019131023,10.77.1.2/24,96
20201019131024,10.77.1.2/24,3
20201019131025,10.77.1.1/24,5
20201019131026,10.77.1.1/24,5
20201019131027,192.168.1.1/24,24
20201019131029,192.168.1.2/24,7
20201019131030,10.20.30.2/16,2
20201019131032,10.20.30.1/16,95
20201019131033,10.20.30.2/16,3
20201019131034,10.77.1.2/24,34
20201019131036,10.77.1.2/24,2
20201019131037,10.77.1.1/24,7
20201019131038,10.77.1.2/24,1
20201019131040,10.77.1.2/24,8
20201019131041,10.77.1.1/24,-
20201019131043,192.168.1.2/24,6
20201019131044,10.20.30.1/16,-
20201019131045,192.168.1.2/24,7
20201019131046,10.20.30.1/16,-
20201019131047,192.168.1.2/24,4
20201019131048,192.168.1.1/24,22
20201019131049,10.77.1.1/24,-
20201019131051,10.77.1.1/24,4
20201019131053,192.168.1.1/24,-
20201019131054,10.77.1.2/24,9
20201019131056,10.77.1.1/24,8
20201019131057,192.168.1.2/24,-
20201019131058,10.77.1.1/24,8
20201019131059,192.168.1.2/24,1
20201019131100,10.20.30.1/16,55
20201019131102,10.77.1.2/24,-
20201019131103,10.77.1.1/24,2
20201019131105,192.168.1.2/24,8
20201019131107,192.168.1.2/24,6
20201019131108,10.20.30.2/16,45
20201019131109,192.168.1.2/24,20
20201019131110,10.77.1.1/24,4
20201019131111,192.168.1.2/24,27
20201019131113,10.20.30.1/16,2
20201019131115,192.168.1.2/24,-
20201019131116,10.77.1.1/24,4
20201019131117,10.77.1.1/24,4
20201019131118,10.20.30.1/16,4
20201019131119,10.77.1.2/24,31
20201019131120,10.77.1.2/24,56
20201019131122,10.77.1.1/24,9
20201019131123,10.20.30.2/16,-
20201019131124,192.168.1.2/24,7
20201019131125,10.20.30.2/16,8
20201019131126,10.77.1.1/24,46
20201019131128,192.168.1.1/24,93
20201019131129,10.20.30.2/16,3
20201019131130,10.20.30.2/16,18
20201019131131,192.168.1.2/24,4
20201019131133,10.77.1.1/24,-
20201019131134,192.168.1.2/24,3
20201019131136,10.77.1.2/24,50
20201019131137,10.20.30.1/16,9
20201019131138,10.20.30.1/16,4
20201019131139,10.77.1.1/24,-
20201019131140,192.168.1.1/24,-
20201019131142,10.77.1.1/24,1
20201019131143,192.168.1.1/24,-
20201019131144,192.168.1.2/24,7
20201019131145,10.20.30.1/16,6
20201019131146,10.20.30.1/16,6
20201019131147,10.20.30.1/16,8
20201019131148,10.20.30.2/16,-
20201019131149,10.20.30.1/16,3
20201019131150,10.77.1.2/24,-
20201019131152,192.168.1.2/24,5
20201019131154,10.77.1.1/24,-
20201019131155,10.20.30.2/16,18
20201019131157,10.20.30.2/16,1
20201019131158,10.20.30.2/16,3
20201019131159,10.20.30.2/16,49
20201019131200,192.168.1.2/24,4
20201019131201,10.77.1.1/24,4
20201019131202,10.20.30.1/16,9
20201019131203,10.77.1.2/24,2
20201019131204,10.20.30.1/16,-
20201019131205,10.77.1.1/24,-
20201019131206,10.77.1.2/24,9
20201019131207,10.77.1.1/24,55
20201019131208,192.168.1.1/24,2
20201019131209,192.168.1.2/24,-
20201019131211,192.168.1.1/24,-
20201019131212,10.20.30.2/16,6
20201019131213,10.77.1.2/24,6
20201019131215,10.77.1.1/24,7
20201019131216,10.20.30.2/16,1
20201019131217,192.168.1.2/24,-
20201019131218,10.20.30.2/16,44
20201019131219,10.20.30.2/16,-
20201019131220,10.20.30.1/16,83
20201019131221,10.77.1.1/24,-
20201019131222,10.77.1.2/24,19
20201019131223,10.20.30.1/16,10
20201019131224,10.77.1.1/24,8
20201019131225,10.77.1.1/24,45
20201019131226,10.77.1.2/24,38
20201019131228,10.77.1.2/24,17
20201019131229,10.77.1.2/24,-
20201019131230,10.20.30.1/16,1
20201019131231,10.20.30.1/16,1
20201019131232,10.77.1.2/24,2
20201019131233,10.20.30.2/16,79
20201019131234,10.20.30.1/16,66
20201019131235,10.20.30.2/16,11
20201019131237,192.168.1.1/24,-
20201019131238,192.168.1.1/24,-
20201019131239,192.168.1.1/24,14
20201019131240,10.77.1.2/24,8
20201019131241,10.77.1.1/24,-
20201019131242,192.168.1.2/24,-
20201019131243,10.20.30.2/16,6
20201019131244,192.168.1.2/24,2
20201019131246,10.77.1.2/24,60
20201019131248,192.168.1.2/24,9
20201019131249,10.20.30.2/16,45
20201019131251,192.168.1.2/24,1
20201019131253,10.77.1.2/24,7
20201019131254,192.168.1.1/24,4
20201019131255,10.20.30.2/16,10
20201019131256,10.77.1.1/24,3
20201019131257,10.77.1.1/24,7
20201019131259,10.20.30.1/16,4
20201019131301,192.168.1.1/24,-
20201019131303,10.77.1.1/24,1
20201019131304,10.77.1.1/24,-
20201019131305,192.168.1.2/24,6
20201019131306,10.20.30.2/16,8
20201019131307,10.77.1.1/24,7
20201019131308,10.77.1.2/24,6
20201019131309,10.77.1.1/24,-
20201019131311,10.77.1.2/24,3
20201019131312,10.77.1.1/24,5
20201019131314,192.168.1.1/24,8
20201019131315,192.168.1.2/24,5
20201019131316,10.77.1.1/24,0
20201019131317,10.77.1.1/24,5
20201019131318,10.20.30.2/16,8
20201019131319,192.168.1.2/24,-
20201019131320,192.168.1.2/24,82
20201019131321,10.20.30.1/16,9
20201019131322,10.77.1.2/24,1
20201019131323,192.168.1.2/24,3
20201019131324,10.20.30.2/16,-
20201019131325,192.168.1.1/24,5
20201019131326,10.77.1.2/24,2
20201019131327,192.168.1.1/24,7
20201019131328,192.168.1.2/24,2
20201019131329,10.77.1.1/24,42
20201019131330,10.20.30.1/16,-
20201019131331,10.20.30.2/16,7
20201019131332,10.20.30.2/16,7
20201019131334,10.20.30.2/16,-
20201019131335,192.168.1.1/24,9
20201019131336,192.168.1.2/24,3
20201019131337,192.168.1.2/24,4
20201019131338,10.20.30.2/16,38
20201019131339,10.77.1.1/24,-
20201019131340,10.77.1.2/24,1
20201019131341,10.77.1.1/24,-
20201019131342,10.20.30.1/16,3
20201019131343,10.77.1.2/24,-
20201019131344,10.77.1.1/24,6
20201019131345,10.20.30.1/16,5
20201019131346,10.77.1.1/24,19
20201019131347,10.77.1.1/24,2
20201019131348,10.77.1.1/24,1
20201019131349,10.77.1.2/24,82
20201019131350,10.20.30.2/16,-
20201019131351,10.20.30.1/16,-
20201019131352,192.168.1.1/24,5
20201019131353,10.77.1.1/24,9
20201019131354,10.20.30.2/16,-
20201019131355,10.77.1.1/24,62
20201019131356,192.168.1.1/24,33
20201019131357,10.77.1.2/24,-
20201019131358,10.77.1.1/24,2
20201019131359,10.77.1.1/24,38
20201019131400,192.168.1.2/24,9
20201019131401,10.77.1.1/24,9
20201019131402,10.20.30.2/16,10
20201019131403,192.168.1.1/24,96
20201019131404,10.77.1.2/24,40
20201019131405,192.168.1.2/24,-
20201019131406,10.20.30.1/16,6
20201019131407,192.168.1.1/24,62
20201019131408,10.77.1.2/24,-
20201019131409,10.20.30.1/16,7
20201019131410,192.168.1.1/24,7
20201019131412,10.77.1.1/24,6
20201019131414,10.20.30.1/16,37
20201019131415,10.20.30.1/16,6
20201019131416,10.77.1.1/24,9
20201019131417,10.77.1.2/24,4
20201019131418,10.77.1.1/24,5
20201019131419,192.168.1.2/24,5
20201019131420,10.20.30.2/16,3
20201019131422,10.77.1.1/24,9
20201019131423,192.168.1.2/24,7
20201019131424,10.77.1.1/24,6
20201019131425,10.20.30.1/16,28
20201019131427,192.168.1.1/24,1
20201019131428,192.168.1.2/24,8
20201019131429,10.20.30.1/16,1
20201019131430,10.20.30.2/16,45
20201019131431,10.20.30.1/16,6
20201019131432,10.77.1.1/24,3
20201019131433,192.168.1.2/24,-
20201019131434,192.168.1.2/24,5
20201019131435,192.168.1.1/24,3
20201019131436,192.168.1.1/24,6
20201019131437,10.20.30.1/16,-
20201019131438,10.20.30.1/16,5
20201019131439,192.168.1.2/24,6
20201019131441,10.77.1.2/24,-
20201019131442,10.20.30.2/16,9
20201019131443,10.77.1.1/24,6
20201019131444,10.20.30.1/16,4
20201019131445,10.20.30.1/16,8
20201019131447,10.20.30.2/16,-
20201019131448,10.20.30.1/16,3
20201019131449,10.20.30.2/16,8
20201019131450,10.20.30.2/16,6
20201019131452,10.77.1.2/24,4
20201019131453,192.168.1.1/24,74
20201019131454,10.20.30.2/16,-
20201019131455,192.168.1.2/24,7
20201019131456,10.20.30.2/16,-
20201019131457,10.20.30.2/16,6
20201019131458,192.168.1.2/24,-
20201019131459,192.168.1.2/24,0
20201019131500,10.20.30.1/16,-
20201019131501,10.77.1.1/24,9
20201019131502,10.20.30.1/16,-
20201019131503,10.77.1.2/24,44
20201019131504,10.20.30.1/16,-
20201019131505,10.20.30.2/16,3
20201019131506,10.77.1.2/24,22
20201019131507,192.168.1.1/24,41
20201019131508,192.168.1.1/24,4
20201019131509,10.77.1.1/24,8
20201019131511,10.20.30.1/16,5
20201019131513,10.77.1.2/24,-
20201019131514,192.168.1.1/24,3
20201019131516,10.20.30.2/16,-
20201019131517,10.20.30.1/16,7
20201019131518,192.168.1.2/24,11
20201019131519,10.20.30.1/16,70
20201019131520,192.168.1.2/24,4
20201019131522,10.77.1.2/24,-
20201019131523,192.168.1.2/24,7
20201019131524,192.168.1.2/24,2
20201019131526,192.168.1.2/24,98
20201019131527,192.168.1.2/24,8
20201019131528,10.77.1.2/24,-
20201019131529,10.77.1.2/24,1
20201019131531,10.77.1.1/24,7
20201019131532,10.77.1.2/24,7
20201019131533,10.20.30.2/16,-
20201019131534,10.77.1.2/24,16
20201019131535,10.77.1.1/24,8
20201019131537,10.77.1.1/24,4
20201019131538,192.168.1.1/24,89
20201019131539,10.77.1.2/24,20
20201019131541,10.77.1.1/24,9
20201019131542,10.77.1.2/24,-
20201019131543,192.168.1.1/24,8
20201019131544,10.77.1.2/24,1
20201019131545,10.20.30.1/16,6
20201019131546,192.168.1.2/24,4
20201019131547,10.20.30.1/16,9
20201019131549,10.77.1.2/24,14
20201019131550,10.77.1.1/24,-
20201019131552,10.20.30.2/16,54
20201019131553,192.168.1.1/24,-
20201019131554,192.168.1.2/24,-
20201019131555,192.168.1.2/24,89
20201019131556,10.20.30.1/16,3
20201019131557,10.77.1.1/24,-
20201019131558,10.20.30.1/16,7
20201019131559,10.77.1.1/24,-
20201019131600,10.20.30.1/16,9
20201019131601,10.77.1.1/24,2
20201019131602,10.20.30.1/16,6
20201019131604,192.168.1.1/24,26
20201019131605,10.20.30.1/16,48
20201019131606,10.77.1.1/24,9
20201019131608,192.168.1.1/24,6
20201019131609,10.20.30.2/16,7
20201019131611,192.168.1.2/24,13
20201019131613,10.77.1.1/24,6
20201019131614,10.77.1.1/24,69
20201019131615,10.20.30.2/16,8
20201019131616,10.77.1.2/24,-
20201019131617,192.168.1.1/24,7
20201019131618,10.20.30.1/16,-
20201019131620,10.20.30.2/16,1
20201019131621,10.77.1.1/24,63
20201019131622,192.168.1.2/24,-
20201019131623,192.168.1.2/24,57
20201019131624,10.77.1.2/24,-
20201019131625,10.77.1.1/24,7
20201019131626,10.77.1.1/24,1
20201019131627,10.77.1.1/24,60
20201019131628,10.20.30.2/16,8
20201019131629,10.77.1.1/24,86
20201019131630,10.20.30.1/16,-
20201019131631,192.168.1.1/24,8
20201019131632,10.77.1.1/24,2
20201019131633,10.20.30.2/16,14
20201019131635,192.168.1.1/24,-
20201019131637,192.168.1.1/24,19
20201019131639,10.77.1.2/24,-
20201019131640,192.168.1.2/24,-
20201019131641,192.168.1.1/24,2
20201019131642,10.77.1.2/24,2
20201019131643,10.20.30.2/16,4
20201019131645,10.20.30.2/16,1
20201019131647,10.77.1.1/24,-
20201019131649,192.168.1.2/24,4
20201019131650,10.77.1.1/24,1
20201019131651,10.20.30.1/16,8
20201019131652,192.168.1.1/24,90
20201019131654,10.77.1.1/24,67
20201019131656,10.20.30.1/16,-
20201019131658,10.77.1.2/24,5
20201019131659,10.20.30.2/16,4
20201019131700,10.77.1.1/24,18
20201019131701,10.20.30.1/16,40
20201019131702,10.20.30.1/16,86
20201019131703,192.168.1.1/24,1
20201019131704,192.168.1.2/24,58
20201019131705,10.20.30.1/16,8
20201019131706,192.168.1.1/24,63
20201019131707,10.77.1.2/24,8
20201019131708,192.168.1.2/24,-
20201019131709,10.20.30.2/16,21
20201019131710,192.168.1.2/24,12
20201019131712,10.20.30.1/16,7
20201019131713,10.20.30.1/16,4
20201019131714,192.168.1.1/24,9
20201019131715,10.20.30.1/16,-
20201019131717,10.20.30.2/16,75
20201019131719,192.168.1.1/24,6
20201019131721,10.77.1.1/24,-
20201019131723,10.20.30.1/16,6
20201019131724,192.168.1.2/24,58
20201019131725,192.168.1.2/24,4
20201019131726,10.20.30.1/16,4
20201019131727,10.77.1.2/24,5
20201019131728,10.20.30.1/16,64
20201019131729,192.168.1.2/24,1
20201019131730,192.168.1.1/24,25
20201019131731,192.168.1.1/24,5
20201019131733,10.20.30.2/16,22
20201019131734,192.168.1.1/24,4
20201019131735,192.168.1.1/24,39
20201019131736,10.77.1.2/24,14
20201019131738,10.77.1.2/24,6
20201019131740,10.20.30.2/16,33
20201019131741,10.20.30.2/16,2
20201019131742,192.168.1.2/24,62
20201019131743,10.77.1.1/24,3
20201019131745,10.20.30.1/16,89
20201019131746,10.77.1.1/24,7
20201019131747,10.77.1.2/24,7
20201019131748,10.77.1.2/24,7
20201019131749,192.168.1.1/24,-
20201019131750,10.77.1.2/24,23
20201019131751,10.20.30.2/16,-
20201019131752,10.20.30.1/16,7
20201019131753,192.168.1.2/24,6
20201019131754,192.168.1.1/24,4
20201019131756,10.77.1.2/24,-
20201019131757,10.77.1.2/24,49
20201019131759,192.168.1.1/24,-
20201019131800,10.20.30.2/16,8
20201019131801,10.77.1.1/24,6
20201019131802,192.168.1.1/24,7
20201019131803,10.77.1.1/24,-
20201019131805,10.20.30.2/16,4
20201019131806,192.168.1.2/24,4
20201019131807,192.168.1.2/24,-
20201019131808,10.20.30.2/16,5
20201019131809,10.77.1.1/24,7
20201019131810,192.168.1.2/24,-
20201019131811,10.77.1.2/24,48
20201019131812,10.20.30.2/16,5
20201019131813,10.77.1.1/24,-
20201019131814,10.20.30.1/16,9
20201019131815,10.77.1.1/24,9
20201019131816,10.77.1.2/24,5
20201019131817,10.20.30.1/16,72
20201019131819,10.20.30.1/16,8
20201019131820,10.77.1.1/24,1
20201019131821,192.168.1.2/24,7
20201019131823,192.168.1.2/24,7
20201019131824,10.77.1.2/24,-
20201019131825,10.20.30.1/16,73
20201019131827,10.77.1.2/24,6
20201019131828,192.168.1.1/24,-
20201019131830,192.168.1.2/24,5
20201019131832,10.20.30.2/16,99
20201019131833,10.20.30.1/16,5
20201019131835,10.77.1.1/24,4
20201019131836,10.77.1.1/24,40
20201019131837,192.168.1.1/24,-
20201019131838,10.77.1.1/24,6
20201019131839,10.20.30.1/16,49
20201019131840,10.20.30.1/16,7
20201019131841,10.77.1.1/24,3
20201019131842,192.168.1.1/24,-
20201019131843,10.77.1.2/24,91
20201019131844,192.168.1.1/24,-
20201019131846,192.168.1.2/24,-
20201019131848,10.77.1.2/24,20
20201019131849,10.20.30.1/16,5
20201019131850,192.168.1.2/24,-
20201019131851,10.20.30.1/16,7
20201019131852,10.77.1.1/24,94
20201019131853,192.168.1.2/24,4
20201019131854,192.168.1.2/24,7
20201019131855,10.77.1.1/24,2
20201019131857,10.77.1.2/24,10
20201019131858,10.77.1.2/24,6
20201019131859,10.20.30.1/16,-
20201019131900,192.168.1.1/24,4
20201019131902,10.77.1.2/24,6
20201019131903,10.77.1.1/24,6
20201019131904,192.168.1.2/24,-
20201019131905,10.77.1.1/24,6
20201019131906,192.168.1.2/24,-
20201019131907,10.20.30.1/16,5
20201019131908,10.20.30.1/16,85
20201019131909,10.20.30.1/16,4
20201019131910,192.168.1.1/24,36
20201019131911,10.20.30.2/16,-
20201019131912,10.20.30.1/16,38
20201019131913,10.77.1.1/24,-
20201019131914,10.77.1.2/24,2
20201019131915,10.20.30.1/16,-
20201019131916,10.77.1.1/24,-
20201019131917,192.168.1.1/24,7
20201019131918,10.77.1.1/24,-
20201019131919,192.168.1.1/24,-
20201019131920,10.77.1.1/24,-
20201019131922,10.20.30.1/16,1
20201019131924,10.20.30.2/16,2
20201019131925,192.168.1.2/24,3
20201019131926,10.20.30.2/16,5
20201019131928,192.168.1.1/24,6
20201019131929,10.20.30.2/16,9
20201019131931,192.168.1.2/24,-
20201019131932,192.168.1.2/24,6
20201019131933,10.77.1.1/24,39
20201019131934,10.77.1.1/24,-
20201019131935,10.77.1.1/24,3
20201019131936,192.168.1.1/24,9
20201019131937,10.20.30.2/16,6
20201019131938,10.77.1.2/24,7
20201019131939,192.168.1.1/24,5
20201019131940,10.77.1.1/24,-
20201019131941,192.168.1.2/24,5
20201019131942,10.77.1.1/24,-
20201019131943,10.20.30.2/16,-
20201019131945,10.77.1.1/24,5
20201019131946,10.20.30.2/16,5
20201019131947,10.20.30.2/16,-
20201019131948,192.168.1.1/24,6
20201019131949,192.168.1.1/24,55
20201019131950,10.77.1.1/24,-
20201019131951,10.77.1.2/24,5
20201019131952,10.20.30.2/16,-
20201019131953,10.77.1.1/24,3
20201019131954,10.77.1.1/24,9
20201019131956,192.168.1.2/24,1
20201019131958,10.20.30.2/16,9
20201019131959,10.77.1.2/24,75
20201019132000,10.20.30.1/16,-
20201019132001,192.168.1.1/24,18
20201019132002,10.77.1.2/24,5
20201019132003,10.77.1.2/24,2
20201019132004,10.77.1.2/24,2
20201019132005,192.168.1.2/24,-
20201019132006,10.20.30.1/16,50
20201019132007,192.168.1.2/24,2
20201019132008,10.77.1.2/24,2
20201019132009,10.77.1.1/24,50
20201019132010,192.168.1.2/24,3
20201019132011,192.168.1.1/24,1
20201019132012,192.168.1.2/24,2
20201019132013,10.20.30.2/16,2
20201019132014,192.168.1.1/24,5
20201019132016,10.20.30.1/16,1
20201019132018,10.77.1.2/24,18
20201019132019,10.20.30.2/16,36
20201019132020,10.77.1.2/24,7
20201019132021,10.77.1.1/24,5
20201019132022,10.77.1.1/24,6
20201019132023,10.20.30.1/16,-
20201019132024,10.20.30.1/16,2
20201019132025,10.77.1.1/24,7
20201019132026,10.77.1.2/24,10
20201019132027,10.77.1.2/24,7
20201019132028,10.77.1.2/24,8
20201019132029,10.77.1.2/24,22
20201019132031,10.77.1.1/24,2
20201019132032,10.20.30.1/16,-
20201019132033,10.77.1.1/24,7
20201019132035,10.20.30.1/16,-
20201019132036,10.77.1.1/24,50
20201019132038,10.20.30.2/16,84
20201019132039,192.168.1.1/24,1
20201019132040,10.77.1.1/24,54
20201019132042,192.168.1.2/24,4
20201019132043,10.77.1.1/24,1
20201019132044,192.168.1.2/24,2
20201019132045,10.77.1.2/24,4
20201019132046,10.20.30.2/16,-
20201019132047,10.77.1.2/24,3
20201019132048,192.168.1.1/24,2
20201019132050,10.20.30.2/16,6
20201019132052,10.77.1.1/24,2
20201019132053,192.168.1.2/24,-
20201019132055,192.168.1.2/24,85
20201019132056,10.20.30.1/16,3
20201019132057,10.77.1.1/24,3
20201019132059,10.20.30.2/16,13
20201019132100,10.20.30.2/16,66
20201019132101,10.20.30.2/16,-
20201019132102,192.168.1.2/24,8
20201019132104,10.20.30.1/16,8
20201019132106,10.20.30.2/16,-
20201019132107,10.77.1.1/24,-
20201019132108,10.20.30.2/16,7
20201019132109,192.168.1.1/24,-
20201019132110,10.20.30.1/16,-
20201019132111,10.77.1.2/24,8
20201019132112,10.20.30.1/16,92
20201019132113,10.20.30.1/16,93
20201019132114,10.77.1.2/24,76
20201019132115,192.168.1.2/24,2
20201019132116,10.77.1.1/24,3
20201019132117,10.20.30.1/16,94
20201019132118,192.168.1.1/24,78
20201019132119,192.168.1.1/24,4
20201019132120,192.168.1.2/24,1
20201019132121,10.77.1.2/24,-
20201019132123,10.77.1.2/24,-
20201019132124,10.77.1.1/24,5
20201019132125,10.20.30.2/16,90
20201019132126,10.77.1.1/24,3
20201019132127,192.168.1.1/24,8
20201019132129,10.77.1.1/24,8
20201019132131,10.20.30.2/16,8
20201019132132,10.77.1.1/24,9
20201019132133,192.168.1.1/24,8
20201019132134,192.168.1.2/24,18
20201019132135,10.20.30.1/16,73
20201019132136,10.77.1.2/24,1
20201019132137,192.168.1.1/24,-
20201019132138,192.168.1.2/24,18
20201019132140,192.168.1.2/24,25
20201019132141,10.77.1.2/24,6
20201019132142,10.20.30.2/16,4
20201019132143,192.168.1.1/24,23
20201019132144,192.168.1.1/24,9
20201019132146,192.168.1.1/24,71
20201019132148,10.20.30.1/16,4
20201019132149,10.20.30.2/16,53
20201019132150,10.77.1.1/24,-
20201019132151,10.77.1.2/24,17
20201019132152,10.77.1.1/24,5
20201019132153,192.168.1.2/24,21
20201019132155,10.20.30.2/16,4
20201019132156,10.77.1.2/24,14
20201019132157,10.20.30.2/16,69
20201019132159,10.20.30.1/16,1
20201019132201,10.20.30.1/16,1
20201019132202,192.168.1.2/24,5
20201019132203,192.168.1.2/24,6
20201019132204,192.168.1.2/24,-
20201019132206,10.77.1.2/24,85
20201019132208,192.168.1.2/24,43
20201019132209,10.77.1.1/24,9
20201019132210,192.168.1.1/24,6
20201019132211,192.168.1.1/24,55
20201019132212,10.20.30.2/16,7
20201019132213,10.20.30.2/16,-
20201019132214,10.20.30.2/16,-
20201019132215,10.20.30.1/16,23
20201019132216,192.168.1.2/24,84
20201019132217,192.168.1.2/24,9
20201019132218,192.168.1.2/24,8
20201019132219,10.77.1.1/24,6
20201019132220,10.77.1.1/24,-
20201019132221,192.168.1.2/24,5
20201019132222,10.20.30.2/16,9
20201019132223,192.168.1.1/24,8
20201019132224,192.168.1.1/24,31
20201019132225,10.77.1.1/24,5
20201019132226,192.168.1.1/24,36
20201019132228,10.20.30.1/16,-
20201019132229,10.20.30.1/16,4
20201019132230,192.168.1.2/24,27
20201019132231,10.20.30.1/16,4
20201019132232,10.77.1.1/24,3
20201019132233,192.168.1.2/24,2
20201019132234,10.20.30.1/16,11
20201019132235,10.77.1.1/24,22
20201019132236,10.77.1.1/24,90
20201019132238,10.20.30.2/16,-
20201019132239,10.77.1.2/24,-
20201019132240,10.77.1.1/24,9
20201019132241,10.20.30.2/16,4
20201019132242,10.20.30.1/16,8
20201019132243,10.77.1.1/24,94
20201019132244,192.168.1.1/24,2
20201019132245,10.20.30.1/16,-
20201019132246,192.168.1.2/24,3
20201019132247,10.20.30.1/16,-
20201019132248,10.77.1.2/24,9
20201019132249,192.168.1.2/24,8
20201019132251,10.20.30.1/16,2
20201019132252,10.20.30.1/16,-
20201019132253,192.168.1.1/24,-
20201019132254,192.168.1.2/24,-
20201019132255,192.168.1.2/24,41
20201019132257,10.20.30.2/16,-
20201019132259,10.20.30.1/16,8
20201019132301,10.20.30.1/16,95
20201019132303,10.20.30.1/16,69
20201019132304,10.20.30.1/16,7
20201019132305,192.168.1.2/24,2
20201019132306,10.20.30.1/16,-
20201019132307,10.77.1.2/24,-
20201019132308,10.20.30.1/16,-
20201019132309,10.77.1.2/24,9
20201019132310,192.168.1.2/24,-
20201019132311,10.77.1.2/24,-
20201019132313,192.168.1.1/24,5
20201019132314,192.168.1.2/24,9
20201019132315,10.77.1.1/24,-
20201019132316,10.20.30.1/16,5
20201019132318,10.77.1.2/24,9
20201019132319,192.168.1.2/24,9
20201019132320,10.77.1.2/24,3
20201019132321,10.77.1.1/24,9
20201019132322,192.168.1.1/24,7
20201019132323,10.77.1.2/24,-
20201019132324,192.168.1.2/24,94
20201019132326,192.168.1.2/24,4
20201019132328,10.77.1.1/24,-
20201019132330,10.77.1.2/24,5
20201019132331,10.77.1.2/24,8
20201019132332,10.20.30.1/16,4
20201019132334,10.20.30.2/16,4
20201019132336,10.20.30.1/16,8
20201019132337,192.168.1.2/24,79
20201019132339,10.20.30.2/16,30
20201019132341,192.168.1.1/24,4
20201019132342,10.20.30.1/16,9
20201019132343,10.77.1.2/24,4
20201019132344,10.77.1.2/24,-
20201019132345,10.20.30.1/16,4
20201019132347,10.77.1.2/24,1
20201019132348,192.168.1.1/24,6
20201019132349,10.77.1.1/24,8
20201019132350,192.168.1.1/24,-
20201019132351,192.168.1.1/24,-
20201019132352,10.20.30.2/16,5
20201019132353,192.168.1.1/24,-
20201019132354,10.77.1.2/24,58
20201019132355,10.20.30.1/16,27
20201019132357,10.20.30.1/16,10
20201019132359,192.168.1.1/24,-
20201019132400,192.168.1.2/24,7
20201019132401,10.20.30.2/16,6
20201019132402,192.168.1.1/24,12
20201019132403,192.168.1.1/24,87
20201019132405,10.77.1.1/24,71
20201019132406,10.20.30.2/16,-
20201019132408,10.20.30.1/16,5
20201019132410,192.168.1.2/24,2
20201019132412,10.20.30.1/16,19
20201019132413,10.20.30.1/16,7
20201019132414,10.77.1.1/24,86
20201019132415,192.168.1.1/24,2
20201019132416,10.77.1.1/24,2
20201019132417,10.20.30.2/16,5
20201019132418,10.20.30.1/16,-
20201019132420,192.168.1.1/24,-
20201019132421,10.77.1.1/24,34
20201019132422,192.168.1.1/24,6
20201019132423,10.77.1.1/24,54
20201019132424,10.20.30.2/16,94
20201019132425,10.20.30.1/16,9
20201019132426,10.20.30.1/16,29
20201019132428,10.20.30.1/16,7
20201019132429,10.77.1.2/24,5
20201019132430,10.20.30.1/16,7
20201019132432,10.77.1.1/24,54
20201019132434,10.20.30.1/16,2
20201019132435,192.168.1.1/24,7
20201019132436,192.168.1.1/24,38
20201019132437,192.168.1.1/24,2
20201019132438,192.168.1.2/24,12
20201019132439,10.77.1.2/24,2
20201019132440,192.168.1.1/24,6
20201019132441,10.77.1.1/24,-
20201019132443,192.168.1.2/24,1
20201019132444,192.168.1.2/24,4
20201019132445,10.20.30.2/16,8
20201019132447,10.20.30.2/16,-
20201019132448,10.20.30.1/16,-
20201019132449,10.77.1.2/24,3
20201019132451,10.77.1.1/24,99
20201019132453,192.168.1.2/24,5
20201019132454,192.168.1.2/24,8
20201019132455,192.168.1.2/24,36
20201019132456,10.77.1.1/24,3
20201019132457,10.20.30.1/16,69
20201019132458,10.77.1.2/24,5
20201019132500,10.77.1.2/24,8
20201019132501,192.168.1.2/24,1
20201019132503,10.77.1.2/24,50
20201019132505,10.20.30.2/16,7
20201019132506,10.20.30.1/16,22
20201019132507,192.168.1.1/24,3
20201019132508,192.168.1.2/24,13
20201019132509,192.168.1.2/24,-
20201019132510,10.20.30.2/16,29
20201019132512,10.20.30.1/16,85
20201019132514,10.77.1.2/24,4
20201019132516,192.168.1.1/24,6
20201019132518,10.20.30.1/16,9
20201019132520,192.168.1.1/24,-
20201019132521,10.20.30.2/16,-
20201019132522,10.20.30.1/16,-
20201019132523,10.77.1.2/24,4
20201019132524,192.168.1.2/24,-
20201019132526,10.77.1.1/24,3
20201019132527,192.168.1.1/24,7
20201019132529,10.20.30.1/16,4
20201019132530,10.77.1.2/24,3
20201019132531,10.20.30.1/16,99
20201019132532,192.168.1.2/24,-
20201019132534,10.77.1.1/24,-
20201019132536,10.77.1.1/24,-
20201019132537,10.20.30.1/16,14
20201019132539,192.168.1.1/24,4
20201019132540,10.77.1.2/24,6
20201019132541,10.77.1.2/24,97
20201019132542,10.77.1.1/24,2
20201019132544,10.77.1.1/24,10
20201019132545,10.77.1.1/24,-
20201019132546,10.77.1.2/24,5
20201019132547,192.168.1.2/24,-
20201019132548,10.20.30.1/16,2
20201019132549,10.20.30.2/16,-
20201019132551,192.168.1.2/24,7
20201019132552,192.168.1.1/24,7
20201019132554,10.20.30.1/16,66
20201019132555,10.20.30.2/16,1
20201019132556,192.168.1.1/24,3
20201019132557,192.168.1.1/24,-
20201019132559,192.168.1.2/24,12
20201019132600,10.20.30.2/16,5
20201019132601,10.77.1.2/24,1
20201019132602,10.77.1.1/24,10
20201019132603,192.168.1.2/24,40
20201019132605,10.77.1.1/24,-
20201019132606,10.77.1.2/24,5
20201019132607,10.77.1.1/24,4
20201019132608,10.20.30.2/16,6
20201019132610,10.77.1.1/24,8
20201019132611,10.77.1.2/24,-
20201019132612,192.168.1.1/24,3
20201019132614,192.168.1.2/24,46
20201019132616,10.77.1.2/24,3
20201019132618,10.77.1.2/24,89
20201019132619,10.77.1.1/24,3
20201019132621,10.20.30.2/16,25
20201019132623,10.20.30.1/16,1
20201019132624,10.20.30.1/16,6
20201019132625,10.77.1.2/24,4
20201019132627,192.168.1.1/24,7
20201019132628,10.77.1.2/24,8
20201019132629,192.168.1.1/24,43
20201019132631,10.20.30.2/16,-
20201019132632,10.20.30.1/16,96
20201019132633,10.20.30.2/16,13
20201019132634,10.20.30.1/16,4
20201019132635,10.77.1.2/24,4
20201019132637,10.77.1.2/24,-
20201019132639,10.77.1.1/24,62
20201019132640,10.20.30.1/16,8
20201019132641,192.168.1.1/24,57
20201019132642,192.168.1.1/24,6
20201019132643,10.77.1.2/24,44
20201019132644,10.77.1.2/24,4
20201019132645,10.20.30.2/16,2
20201019132646,10.20.30.2/16,35
20201019132647,10.77.1.2/24,8
20201019132648,10.20.30.2/16,12
20201019132649,192.168.1.1/24,9
20201019132651,192.168.1.1/24,30
20201019132652,10.77.1.2/24,-
20201019132654,192.168.1.2/24,14
20201019132655,10.77.1.2/24,10
20201019132656,192.168.1.1/24,-
20201019132657,10.77.1.1/24,41
20201019132658,10.20.30.2/16,9
20201019132659,10.77.1.2/24,-
20201019132700,10.77.1.1/24,5
20201019132701,192.168.1.1/24,-
20201019132702,10.20.30.1/16,1
20201019132703,10.77.1.1/24,9
20201019132704,10.77.1.2/24,54
20201019132706,10.20.30.1/16,-
20201019132707,192.168.1.1/24,5
20201019132708,10.77.1.2/24,2
20201019132709,10.77.1.1/24,2
20201019132710,192.168.1.2/24,5
20201019132711,10.20.30.1/16,78
20201019132712,192.168.1.1/24,73
20201019132713,10.77.1.1/24,14
20201019132714,10.77.1.1/24,1
20201019132716,192.168.1.2/24,9
20201019132717,10.77.1.2/24,7
20201019132718,192.168.1.1/24,22
20201019132719,10.77.1.1/24,6
20201019132720,10.20.30.2/16,2
20201019132721,10.77.1.1/24,-
20201019132722,10.20.30.2/16,55
20201019132723,10.20.30.2/16,24
20201019132725,192.168.1.2/24,5
20201019132726,10.77.1.2/24,4
20201019132727,10.77.1.2/24,-
20201019132728,192.168.1.1/24,1
20201019132730,10.77.1.2/24,2
20201019132731,10.20.30.1/16,3
20201019132732,10.20.30.1/16,7
20201019132733,192.168.1.2/24,9
20201019132734,10.20.30.2/16,16
20201019132735,192.168.1.2/24,7
20201019132736,10.77.1.1/24,5
20201019132737,192.168.1.2/24,15
20201019132739,192.168.1.2/24,43
20201019132740,10.77.1.2/24,-
20201019132741,10.77.1.2/24,2
20201019132742,192.168.1.2/24,92
20201019132743,10.20.30.2/16,8
20201019132745,10.77.1.2/24,5
20201019132747,10.20.30.1/16,7
20201019132748,10.77.1.2/24,-
20201019132749,10.77.1.1/24,1
20201019132750,10.77.1.2/24,26
20201019132751,10.77.1.1/24,-
20201019132752,192.168.1.1/24,7
20201019132753,192.168.1.1/24,-
20201019132754,192.168.1.1/24,95
20201019132755,192.168.1.2/24,-
20201019132757,10.77.1.2/24,-
20201019132758,10.77.1.2/24,5
20201019132800,10.77.1.1/24,9
20201019132801,10.20.30.2/16,22
20201019132802,10.20.30.1/16,7
20201019132804,10.20.30.1/16,1
20201019132805,10.77.1.2/24,-
20201019132806,10.20.30.2/16,14
20201019132807,10.20.30.1/16,3
20201019132808,10.77.1.1/24,15
20201019132809,192.168.1.1/24,85
20201019132810,10.20.30.2/16,3
20201019132812,10.77.1.1/24,75
20201019132813,10.77.1.1/24,82
20201019132814,10.77.1.1/24,7
20201019132815,192.168.1.1/24,4
20201019132816,10.20.30.1/16,-
20201019132817,10.77.1.1/24,4
20201019132818,192.168.1.1/24,5
20201019132819,192.168.1.1/24,6
20201019132820,10.20.30.2/16,-
20201019132821,192.168.1.2/24,6
20201019132822,192.168.1.2/24,9
20201019132824,10.77.1.2/24,-
20201019132825,10.77.1.2/24,-
20201019132827,192.168.1.1/24,-
20201019132828,10.77.1.1/24,8
20201019132829,10.77.1.2/24,6
20201019132831,10.20.30.1/16,-
20201019132832,10.77.1.2/24,-
20201019132833,10.77.1.1/24,-
20201019132834,10.77.1.1/24,1
20201019132836,10.20.30.2/16,8
20201019132837,10.20.30.1/16,10
20201019132839,192.168.1.2/24,7
20201019132841,10.77.1.2/24,75
20201019132842,10.77.1.1/24,-
20201019132844,10.20.30.1/16,8
20201019132845,10.20.30.2/16,-
20201019132846,10.77.1.1/24,6
20201019132847,10.77.1.1/24,90
20201019132849,10.77.1.2/24,2
20201019132850,10.20.30.2/16,22
20201019132851,10.20.30.1/16,-
20201019132852,10.77.1.2/24,16
20201019132853,10.20.30.1/16,7
20201019132854,192.168.1.1/24,34
20201019132855,10.20.30.1/16,55
20201019132856,10.77.1.1/24,4
20201019132857,192.168.1.1/24,5
20201019132858,10.20.30.2/16,50
20201019132859,10.20.30.2/16,17
20201019132900,192.168.1.1/24,94
20201019132901,192.168.1.2/24,3
20201019132902,192.168.1.2/24,5
20201019132903,10.20.30.2/16,10
20201019132905,10.20.30.1/16,-
20201019132906,10.20.30.1/16,86
20201019132908,10.20.30.1/16,88
20201019132910,10.20.30.2/16,-
20201019132912,10.20.30.2/16,5
20201019132914,10.77.1.2/24,84
20201019132915,10.77.1.1/24,-
20201019132916,192.168.1.1/24,2
20201019132918,10.20.30.1/16,1
20201019132919,192.168.1.1/24,2
20201019132920,10.77.1.1/24,-
20201019132922,10.77.1.1/24,8
20201019132923,10.77.1.2/24,75
20201019132924,10.20.30.1/16,-
20201019132925,10.20.30.2/16,9
20201019132926,10.20.30.2/16,82
20201019132928,10.20.30.1/16,6
20201019132929,192.168.1.1/24,9
20201019132931,192.168.1.1/24,-
20201019132932,10.77.1.2/24,-
20201019132933,10.77.1.2/24,1
20201019132934,10.77.1.1/24,7
20201019132935,192.168.1.2/24,5
20201019132936,10.20.30.2/16,-
20201019132937,10.20.30.2/16,2
20201019132938,192.168.1.2/24,9
20201019132940,192.168.1.2/24,7
20201019132941,10.77.1.2/24,4
20201019132942,192.168.1.2/24,2
20201019132943,10.77.1.1/24,5
20201019132944,10.77.1.2/24,6
20201019132945,10.77.1.2/24,37
20201019132946,10.77.1.2/24,-
20201019132947,192.168.1.2/24,68
20201019132949,10.20.30.1/16,-
20201019132950,10.20.30.1/16,3
20201019132951,192.168.1.2/24,13
20201019132952,192.168.1.1/24,14
20201019132953,10.77.1.2/24,7
20201019132955,10.20.30.2/16,1
20201019132956,10.20.30.2/16,1
20201019132957,192.168.1.2/24,77
20201019132959,192.168.1.2/24,6
20201019133000,10.77.1.1/24,7
20201019133001,192.168.1.1/24,-
20201019133003,192.168.1.2/24,-
20201019133005,10.77.1.2/24,-
20201019133006,10.20.30.2/16,11
20201019133008,192.168.1.1/24,4
20201019133009,10.77.1.2/24,8
20201019133010,192.168.1.2/24,4
20201019133011,10.20.30.1/16,-
20201019133013,10.20.30.1/16,6
20201019133014,10.77.1.2/24,-
20201019133016,10.20.30.2/16,8
20201019133017,10.77.1.1/24,-
20201019133018,10.20.30.1/16,9
20201019133019,10.77.1.2/24,3
20201019133021,10.77.1.1/24,3
20201019133022,10.77.1.1/24,7
20201019133023,192.168.1.2/24,3
20201019133025,192.168.1.2/24,9
20201019133026,10.20.30.1/16,5
20201019133027,10.77.1.1/24,1
20201019133028,192.168.1.2/24,3
20201019133029,192.168.1.1/24,60
20201019133031,192.168.1.2/24,77
20201019133032,10.20.30.2/16,7
20201019133033,10.77.1.1/24,2
20201019133035,10.20.30.1/16,9
20201019133036,192.168.1.1/24,61
20201019133037,192.168.1.2/24,1
20201019133038,10.20.30.1/16,-
20201019133039,10.20.30.2/16,-
20201019133040,10.20.30.1/16,74
20201019133042,10.20.30.2/16,-
20201019133044,10.77.1.1/24,1
20201019133045,10.77.1.2/24,8
20201019133046,192.168.1.2/24,-
20201019133047,10.77.1.1/24,28
20201019133048,10.20.30.2/16,8
20201019133049,10.20.30.2/16,3
20201019133050,10.77.1.2/24,8
20201019133052,10.77.1.1/24,39
20201019133054,10.77.1.1/24,-
20201019133055,10.77.1.1/24,6
20201019133056,10.77.1.2/24,-
20201019133057,10.20.30.1/16,-
20201019133058,10.77.1.2/24,1
20201019133059,10.77.1.2/24,1
20201019133100,10.20.30.2/16,33
20201019133101,10.77.1.2/24,-
20201019133102,10.20.30.2/16,83
20201019133103,10.20.30.2/16,15
20201019133104,192.168.1.2/24,3
20201019133105,10.20.30.2/16,6
20201019133106,10.77.1.2/24,6
20201019133107,10.20.30.2/16,2
20201019133108,10.77.1.2/24,4
20201019133109,10.77.1.1/24,5
20201019133110,10.77.1.1/24,4
20201019133111,192.168.1.1/24,99
20201019133112,10.20.30.1/16,-
20201019133113,192.168.1.1/24,-
20201019133115,192.168.1.1/24,4
20201019133117,10.20.30.1/16,-
20201019133119,192.168.1.1/24,81
20201019133120,192.168.1.2/24,6
20201019133121,192.168.1.2/24,-
20201019133122,10.77.1.1/24,8
20201019133123,10.77.1.1/24,17
20201019133124,192.168.1.1/24,-
20201019133125,10.20.30.2/16,2
20201019133126,10.20.30.2/16,39
20201019133127,10.77.1.1/24,98
20201019133128,10.20.30.2/16,7
20201019133129,10.20.30.2/16,4
20201019133130,10.20.30.2/16,7
20201019133131,10.77.1.2/24,8
20201019133132,10.20.30.1/16,-
20201019133133,10.77.1.2/24,6
20201019133134,10.20.30.1/16,7
20201019133135,10.77.1.2/24,3
20201019133136,192.168.1.1/24,6
20201019133137,10.20.30.1/16,41
20201019133138,10.20.30.2/16,6
20201019133140,192.168.1.1/24,93
20201019133141,192.168.1.1/24,2
20201019133142,192.168.1.2/24,-
20201019133144,10.20.30.2/16,7
20201019133146,10.20.30.1/16,4
20201019133147,10.20.30.2/16,1
20201019133149,192.168.1.1/24,-
20201019133150,192.168.1.1/24,5
20201019133151,10.20.30.2/16,1
20201019133153,10.77.1.2/24,-
20201019133154,10.20.30.1/16,-
20201019133155,192.168.1.2/24,-
20201019133156,192.168.1.2/24,-
20201019133158,10.20.30.2/16,3
20201019133159,192.168.1.2/24,-
20201019133201,192.168.1.2/24,8
20201019133203,10.20.30.1/16,2
20201019133204,192.168.1.1/24,3
20201019133205,10.20.30.1/16,8
20201019133206,10.20.30.1/16,78
20201019133207,10.20.30.2/16,4
20201019133208,192.168.1.1/24,2
20201019133210,10.77.1.1/24,8
20201019133211,192.168.1.2/24,-
20201019133212,192.168.1.1/24,-
20201019133214,10.20.30.2/16,-
20201019133215,192.168.1.1/24,2
20201019133217,10.20.30.2/16,-
20201019133218,192.168.1.2/24,6
20201019133220,10.77.1.2/24,-
20201019133221,10.77.1.1/24,1
20201019133222,10.77.1.2/24,65
20201019133223,10.77.1.2/24,9
20201019133224,10.20.30.2/16,26
20201019133225,10.20.30.2/16,61
20201019133226,10.20.30.2/16,3
20201019133227,10.20.30.1/16,5
20201019133228,10.20.30.1/16,6
20201019133229,10.20.30.1/16,11
20201019133230,192.168.1.2/24,-
20201019133232,10.20.30.2/16,2
20201019133233,10.20.30.1/16,-
20201019133234,10.77.1.2/24,10
20201019133236,10.20.30.2/16,-
20201019133237,192.168.1.1/24,8
20201019133238,10.77.1.2/24,9
20201019133239,192.168.1.1/24,8
20201019133240,10.20.30.1/16,38
20201019133242,10.77.1.1/24,4
20201019133243,10.77.1.1/24,1
20201019133244,192.168.1.1/24,-
20201019133245,192.168.1.2/24,-
20201019133246,10.77.1.1/24,6
20201019133247,192.168.1.2/24,4
20201019133248,10.77.1.2/24,29
20201019133249,10.20.30.1/16,6
20201019133250,192.168.1.2/24,95
20201019133252,192.168.1.1/24,-
20201019133254,192.168.1.1/24,-
20201019133256,10.20.30.2/16,-
20201019133258,10.77.1.2/24,2
20201019133300,10.20.30.1/16,8
20201019133301,192.168.1.2/24,47
20201019133303,10.20.30.2/16,7
20201019133304,10.77.1.1/24,-
20201019133306,10.20.30.2/16,87
20201019133307,10.20.30.1/16,3
20201019133308,10.77.1.1/24,41
20201019133309,10.20.30.1/16,5
20201019133310,192.168.1.1/24,8
20201019133311,10.77.1.1/24,7
20201019133312,192.168.1.2/24,5
20201019133313,192.168.1.2/24,4
20201019133315,10.20.30.2/16,3
20201019133316,192.168.1.2/24,-
20201019133317,192.168.1.1/24,4
20201019133319,192.168.1.1/24,6
20201019133321,10.20.30.1/16,8
20201019133323,10.77.1.2/24,1
20201019133324,10.77.1.1/24,-
20201019133326,10.77.1.2/24,12
20201019133327,192.168.1.1/24,-
20201019133328,10.77.1.1/24,3
20201019133329,192.168.1.2/24,76
20201019133330,10.20.30.1/16,14
20201019133331,192.168.1.1/24,2
20201019133332,192.168.1.1/24,8
20201019133334,10.77.1.2/24,-
20201019133336,192.168.1.2/24,-
20201019133337,192.168.1.2/24,-
20201019133339,10.20.30.1/16,2
20201019133340,10.77.1.2/24,3
20201019133341,10.20.30.2/16,4
20201019133343,192.168.1.1/24,-
20201019133345,10.20.30.1/16,35
20201019133346,192.168.1.1/24,1
20201019133348,10.77.1.2/24,7
20201019133349,10.20.30.2/16,76
20201019133350,10.77.1.1/24,6
20201019133351,10.77.1.1/24,78
20201019133352,10.77.1.2/24,7
20201019133354,10.20.30.1/16,93
20201019133355,10.77.1.1/24,10
20201019133357,10.77.1.2/24,44
20201019133358,192.168.1.2/24,16
20201019133400,10.77.1.2/24,6
20201019133401,10.20.30.1/16,6
20201019133402,10.77.1.1/24,2
20201019133403,10.77.1.2/24,-
20201019133404,192.168.1.1/24,20
20201019133406,192.168.1.1/24,6
20201019133408,192.168.1.2/24,2
20201019133409,10.77.1.1/24,89
20201019133410,10.77.1.1/24,3
20201019133411,10.20.30.1/16,58
20201019133412,10.20.30.2/16,12
20201019133413,192.168.1.1/24,-
20201019133414,10.77.1.2/24,61
20201019133415,10.77.1.1/24,-
20201019133416,10.20.30.1/16,55
20201019133417,192.168.1.2/24,9
20201019133419,192.168.1.1/24,6
20201019133421,10.20.30.2/16,6
20201019133422,10.77.1.1/24,9
20201019133423,10.20.30.2/16,5
20201019133425,10.20.30.2/16,39
20201019133426,10.77.1.1/24,-
20201019133427,192.168.1.1/24,7
20201019133428,10.20.30.1/16,-
20201019133429,10.77.1.1/24,1
20201019133430,10.77.1.2/24,8
20201019133431,10.20.30.1/16,7
20201019133432,192.168.1.1/24,-
20201019133433,10.77.1.1/24,12
20201019133434,10.20.30.1/16,7
20201019133435,10.20.30.2/16,-
20201019133436,10.77.1.1/24,-
20201019133438,10.77.1.2/24,15
20201019133440,10.20.30.2/16,19
20201019133442,10.20.30.1/16,9
20201019133444,192.168.1.1/24,56
20201019133445,192.168.1.2/24,28
20201019133447,10.20.30.1/16,9
20201019133449,192.168.1.2/24,-
20201019133450,10.77.1.2/24,31
20201019133451,10.20.30.1/16,6
20201019133452,10.20.30.1/16,7
20201019133453,192.168.1.2/24,19
20201019133454,10.77.1.1/24,1
20201019133455,10.20.30.2/16,16
20201019133456,192.168.1.2/24,6
20201019133457,192.168.1.2/24,-
20201019133458,192.168.1.1/24,4
20201019133459,10.77.1.1/24,33
20201019133500,192.168.1.1/24,3
20201019133501,10.77.1.2/24,20
20201019133502,192.168.1.2/24,1
20201019133503,192.168.1.2/24,2
20201019133504,10.20.30.1/16,5
20201019133505,10.20.30.2/16,8
20201019133506,192.168.1.1/24,8
20201019133507,10.77.1.1/24,-
20201019133508,192.168.1.2/24,36
20201019133510,10.20.30.1/16,7
20201019133512,192.168.1.2/24,-
20201019133514,10.20.30.1/16,33
20201019133515,10.77.1.2/24,18
20201019133516,10.20.30.2/16,10
20201019133518,10.20.30.1/16,-
20201019133519,10.77.1.2/24,-
20201019133520,10.77.1.1/24,25
20201019133521,10.77.1.1/24,2
20201019133522,10.77.1.1/24,7
20201019133524,192.168.1.2/24,8
20201019133525,10.20.30.2/16,1
20201019133526,10.20.30.1/16,6
20201019133528,10.77.1.1/24,9
20201019133529,10.20.30.2/16,4
20201019133530,10.77.1.2/24,-
20201019133531,10.77.1.1/24,4
20201019133533,10.20.30.1/16,1
20201019133534,10.77.1.1/24,4
20201019133535,192.168.1.1/24,8
20201019133537,10.77.1.1/24,2
20201019133538,10.77.1.2/24,5
20201019133539,10.20.30.1/16,2
20201019133540,10.77.1.1/24,4
20201019133541,10.20.30.2/16,3
20201019133542,10.20.30.2/16,62
20201019133543,10.20.30.1/16,5
20201019133544,192.168.1.2/24,22
20201019133545,10.77.1.2/24,7
20201019133546,10.20.30.2/16,-
20201019133547,192.168.1.1/24,93
20201019133548,10.20.30.2/16,33
20201019133549,10.20.30.1/16,1
20201019133550,192.168.1.2/24,-
20201019133551,10.77.1.2/24,26
20201019133552,10.20.30.1/16,13
20201019133553,10.20.30.1/16,6
20201019133554,10.77.1.1/24,4
20201019133556,10.20.30.2/16,20
20201019133557,10.77.1.1/24,84
20201019133558,10.77.1.2/24,8
20201019133559,10.77.1.1/24,-
20201019133601,192.168.1.2/24,9
20201019133602,192.168.1.1/24,8
20201019133603,10.77.1.1/24,1
20201019133604,192.168.1.2/24,2
20201019133606,10.20.30.1/16,9
20201019133607,10.77.1.2/24,7
20201019133608,10.77.1.2/24,3
20201019133609,10.20.30.1/16,2
20201019133610,192.168.1.1/24,-
20201019133611,192.168.1.2/24,9
20201019133612,10.77.1.1/24,9
20201019133613,10.20.30.1/16,18
20201019133615,10.77.1.1/24,52
20201019133616,10.77.1.1/24,-
20201019133617,10.77.1.1/24,-
20201019133618,10.77.1.2/24,1
20201019133619,10.20.30.1/16,-
20201019133620,10.77.1.2/24,-
20201019133622,192.168.1.1/24,9
20201019133623,10.77.1.1/24,78
20201019133624,10.77.1.2/24,7
20201019133625,10.20.30.2/16,8
20201019133626,192.168.1.1/24,36
20201019133627,192.168.1.2/24,-
20201019133628,10.77.1.1/24,-
20201019133630,192.168.1.2/24,7
20201019133631,192.168.1.1/24,9
20201019133633,10.77.1.1/24,33
20201019133635,192.168.1.2/24,5
20201019133636,192.168.1.1/24,21
20201019133637,10.77.1.1/24,5
20201019133638,10.77.1.1/24,97
20201019133639,10.77.1.2/24,10
20201019133641,10.20.30.2/16,-
20201019133642,192.168.1.1/24,3
20201019133643,192.168.1.2/24,-
20201019133645,10.20.30.1/16,-
20201019133646,192.168.1.1/24,4
20201019133647,192.168.1.1/24,7
20201019133648,10.20.30.2/16,5
20201019133650,10.20.30.1/16,6
20201019133651,192.168.1.2/24,9
20201019133652,192.168.1.2/24,3
20201019133653,10.77.1.1/24,4
20201019133655,10.20.30.1/16,-
20201019133656,10.77.1.1/24,7
20201019133658,10.20.30.2/16,-
20201019133659,10.20.30.1/16,2
20201019133700,192.168.1.2/24,53
20201019133701,10.77.1.2/24,77
20201019133702,192.168.1.1/24,32
20201019133703,10.77.1.1/24,26
20201019133704,10.77.1.1/24,12
20201019133705,192.168.1.2/24,89
20201019133707,10.77.1.1/24,48
20201019133708,10.77.1.2/24,-
20201019133709,192.168.1.1/24,7
20201019133710,10.77.1.1/24,9
20201019133711,192.168.1.1/24,21
20201019133712,192.168.1.2/24,12
20201019133714,10.20.30.2/16,11
20201019133715,10.77.1.2/24,-
20201019133716,10.20.30.1/16,-
20201019133717,192.168.1.2/24,5
20201019133718,192.168.1.1/24,-
20201019133719,10.20.30.2/16,87
20201019133720,10.20.30.2/16,-
20201019133722,192.168.1.1/24,2
20201019133723,192.168.1.2/24,26
20201019133724,10.77.1.2/24,99
20201019133725,192.168.1.1/24,39
20201019133726,10.77.1.2/24,98
20201019133727,10.77.1.1/24,-
20201019133729,192.168.1.2/24,29
20201019133730,10.20.30.1/16,9
20201019133732,10.20.30.2/16,-
20201019133733,192.168.1.1/24,8
20201019133734,10.20.30.1/16,4
20201019133735,10.77.1.1/24,9
20201019133736,10.20.30.2/16,4
20201019133737,192.168.1.1/24,1
20201019133739,10.77.1.1/24,-
20201019133740,10.77.1.2/24,76
20201019133741,192.168.1.2/24,15
20201019133742,10.20.30.2/16,-
20201019133744,192.168.1.2/24,5
20201019133745,10.20.30.2/16,-
20201019133747,10.20.30.2/16,2
20201019133748,10.77.1.1/24,6
20201019133749,10.20.30.1/16,8
20201019133750,10.20.30.2/16,2
20201019133751,10.77.1.2/24,9
20201019133752,10.20.30.1/16,4
20201019133753,192.168.1.1/24,1
20201019133754,10.77.1.1/24,7
20201019133755,192.168.1.1/24,2
20201019133756,192.168.1.2/24,46
20201019133757,10.20.30.2/16,7
20201019133758,192.168.1.1/24,94
20201019133759,10.77.1.1/24,-
20201019133801,10.20.30.2/16,-
20201019133802,10.20.30.2/16,1
20201019133803,192.168.1.1/24,2
20201019133804,192.168.1.2/24,-
20201019133805,192.168.1.1/24,6
20201019133807,10.77.1.2/24,3
20201019133809,192.168.1.1/24,4
20201019133810,10.77.1.1/24,97
20201019133811,192.168.1.2/24,8
20201019133813,10.77.1.1/24,4
20201019133814,10.20.30.1/16,-
20201019133815,10.20.30.2/16,46
20201019133817,10.77.1.1/24,69
20201019133818,10.77.1.1/24,5
20201019133819,10.20.30.2/16,8
20201019133820,10.20.30.2/16,3
20201019133821,10.77.1.1/24,-
20201019133822,10.77.1.2/24,66
20201019133823,10.20.30.2/16,-
20201019133824,10.77.1.1/24,3
20201019133826,10.20.30.2/16,-
20201019133828,192.168.1.2/24,45
20201019133829,192.168.1.2/24,6
20201019133830,10.20.30.2/16,-
20201019133832,10.20.30.1/16,3
20201019133833,10.20.30.1/16,7
20201019133834,10.20.30.1/16,4
20201019133836,10.77.1.2/24,7
20201019133838,10.20.30.2/16,8
20201019133839,10.20.30.2/16,-
20201019133840,10.20.30.1/16,8
20201019133842,192.168.1.1/24,31
20201019133843,10.77.1.1/24,5
20201019133844,10.20.30.2/16,5
20201019133845,10.77.1.1/24,7
20201019133846,10.20.30.1/16,4
20201019133847,192.168.1.2/24,84
20201019133848,10.20.30.2/16,93
20201019133849,10.20.30.2/16,5
20201019133850,10.20.30.1/16,3
20201019133851,10.20.30.1/16,5
20201019133852,192.168.1.1/24,1
20201019133853,192.168.1.2/24,4
20201019133854,10.20.30.1/16,-
20201019133855,10.20.30.2/16,44
20201019133857,10.77.1.2/24,6
20201019133858,192.168.1.2/24,-
20201019133900,10.20.30.2/16,44
20201019133901,192.168.1.1/24,64
20201019133902,192.168.1.1/24,4
20201019133903,192.168.1.2/24,-
20201019133904,10.77.1.1/24,92
20201019133905,10.20.30.1/16,28
20201019133906,10.77.1.1/24,21
20201019133907,192.168.1.2/24,6
20201019133908,10.20.30.2/16,12
20201019133910,10.20.30.2/16,5
20201019133911,10.20.30.2/16,-
20201019133912,10.20.30.1/16,26
20201019133913,10.77.1.2/24,2
20201019133914,10.77.1.2/24,3
20201019133915,192.168.1.1/24,26
20201019133916,10.77.1.2/24,2
20201019133918,192.168.1.2/24,17
20201019133919,10.20.30.1/16,3
20201019133921,10.77.1.2/24,-
20201019133922,10.20.30.2/16,25
20201019133924,192.168.1.1/24,5
20201019133925,10.20.30.1/16,57
20201019133926,10.20.30.2/16,25
20201019133927,10.77.1.1/24,-
20201019133928,192.168.1.2/24,-
20201019133929,10.77.1.2/24,2
20201019133930,192.168.1.2/24,-
20201019133931,192.168.1.1/24,57
20201019133932,10.20.30.1/16,33
20201019133933,10.20.30.1/16,33
20201019133934,10.20.30.2/16,-
20201019133936,10.20.30.1/16,-
20201019133937,10.20.30.2/16,3
20201019133938,10.77.1.1/24,50
20201019133939,10.20.30.1/16,44
20201019133940,192.168.1.2/24,-
20201019133941,10.77.1.2/24,8
20201019133942,10.20.30.1/16,8
20201019133943,10.20.30.1/16,1
20201019133944,10.20.30.2/16,31
20201019133945,10.77.1.2/24,-
20201019133947,10.20.30.2/16,69
20201019133948,10.20.30.1/16,4
20201019133949,10.20.30.2/16,-
20201019133950,10.20.30.2/16,5
20201019133952,192.168.1.1/24,4
20201019133953,192.168.1.2/24,7
20201019133954,10.20.30.1/16,-
20201019133956,10.20.30.2/16,4
20201019133958,10.77.1.1/24,-
20201019134000,10.20.30.1/16,5
20201019134002,192.168.1.1/24,-
20201019134003,10.20.30.2/16,14
20201019134005,10.20.30.2/16,95
20201019134007,192.168.1.2/24,11
20201019134008,10.20.30.2/16,3
20201019134009,10.77.1.1/24,7
20201019134010,192.168.1.1/24,9
20201019134011,10.77.1.2/24,5
20201019134012,10.77.1.2/24,9
20201019134014,192.168.1.2/24,-
20201019134015,10.20.30.1/16,-
20201019134016,10.77.1.1/24,-
20201019134017,192.168.1.2/24,-
20201019134019,10.77.1.1/24,4
20201019134020,10.77.1.1/24,69
20201019134022,10.20.30.2/16,-
20201019134023,10.20.30.2/16,4
20201019134024,10.20.30.2/16,-
20201019134025,10.20.30.1/16,-
20201019134026,192.168.1.2/24,5
20201019134027,192.168.1.1/24,-
20201019134028,10.20.30.1/16,-
20201019134029,10.77.1.1/24,-
20201019134030,10.77.1.2/24,15
20201019134031,10.20.30.2/16,9
20201019134033,10.20.30.2/16,-
20201019134034,192.168.1.2/24,-
20201019134035,192.168.1.1/24,-
20201019134036,10.77.1.2/24,77
20201019134037,10.20.30.1/16,-
20201019134038,10.77.1.1/24,48
20201019134039,10.77.1.2/24,8
20201019134040,192.168.1.1/24,2
20201019134042,10.20.30.1/16,77
20201019134044,10.77.1.2/24,4
20201019134046,192.168.1.1/24,8
20201019134047,192.168.1.1/24,-
20201019134048,10.20.30.1/16,3
20201019134049,10.77.1.2/24,9
20201019134050,10.20.30.1/16,6
20201019134051,10.20.30.1/16,6
20201019134052,10.20.30.1/16,6
20201019134054,10.77.1.1/24,64
20201019134055,10.77.1.2/24,58
20201019134056,192.168.1.1/24,-
20201019134057,192.168.1.1/24,7
20201019134058,192.168.1.2/24,66
20201019134059,10.20.30.1/16,46
20201019134100,10.20.30.2/16,-
20201019134101,10.77.1.2/24,51
20201019134102,192.168.1.1/24,-
20201019134104,10.20.30.2/16,76
20201019134105,10.77.1.1/24,3
20201019134106,10.77.1.2/24,3
20201019134107,10.20.30.2/16,-
20201019134108,10.20.30.2/16,68
20201019134110,10.20.30.1/16,8
20201019134111,10.20.30.2/16,6
20201019134112,10.77.1.2/24,5
20201019134113,192.168.1.2/24,3
20201019134114,10.20.30.2/16,26
20201019134116,10.77.1.1/24,-
20201019134117,10.77.1.1/24,2
20201019134119,192.168.1.1/24,-
20201019134120,10.77.1.2/24,4
20201019134121,10.77.1.1/24,18
20201019134123,10.20.30.2/16,-
20201019134125,192.168.1.2/24,3
20201019134126,192.168.1.1/24,4
20201019134127,10.77.1.2/24,-
20201019134128,10.20.30.2/16,-
20201019134129,10.20.30.1/16,3
20201019134130,10.77.1.1/24,6
20201019134132,192.168.1.2/24,13
20201019134133,10.77.1.1/24,6
20201019134135,192.168.1.1/24,-
20201019134136,192.168.1.1/24,18
20201019134138,10.20.30.1/16,5
20201019134139,10.77.1.1/24,63
20201019134140,10.20.30.2/16,-
20201019134142,192.168.1.1/24,-
20201019134143,10.77.1.2/24,-
20201019134145,10.77.1.1/24,8
20201019134146,10.77.1.2/24,8
20201019134147,10.20.30.1/16,7
20201019134149,10.77.1.2/24,5
20201019134150,192.168.1.1/24,19
20201019134151,10.77.1.1/24,4
20201019134153,10.77.1.1/24,6
20201019134154,10.20.30.2/16,17
20201019134155,10.77.1.1/24,1
20201019134157,10.77.1.1/24,-
20201019134158,10.77.1.1/24,5
20201019134159,10.20.30.2/16,5
20201019134201,192.168.1.1/24,-
20201019134202,192.168.1.1/24,4
20201019134203,192.168.1.1/24,-
20201019134204,10.20.30.2/16,51
20201019134205,10.20.30.2/16,-
20201019134207,192.168.1.2/24,9
20201019134208,10.20.30.2/16,8
20201019134209,10.77.1.1/24,2
20201019134210,192.168.1.1/24,83
20201019134212,192.168.1.1/24,41
20201019134214,10.77.1.1/24,4
20201019134216,192.168.1.2/24,8
20201019134217,10.20.30.2/16,-
20201019134218,10.77.1.2/24,-
20201019134219,192.168.1.2/24,-
20201019134220,10.77.1.1/24,-
20201019134222,10.20.30.2/16,4
20201019134223,10.20.30.2/16,69
20201019134224,10.77.1.2/24,-
20201019134225,10.77.1.2/24,-
20201019134226,192.168.1.1/24,8
20201019134227,192.168.1.1/24,9
20201019134229,10.77.1.2/24,7
20201019134231,192.168.1.1/24,7
20201019134232,10.20.30.1/16,2
20201019134233,10.77.1.1/24,2
20201019134235,192.168.1.1/24,5
20201019134236,10.77.1.1/24,-
20201019134238,192.168.1.2/24,8
20201019134239,10.77.1.1/24,72
20201019134240,192.168.1.2/24,20
20201019134241,10.20.30.2/16,4
20201019134242,10.20.30.2/16,6
20201019134244,10.20.30.2/16,8
20201019134245,192.168.1.1/24,2
20201019134247,10.20.30.1/16,3
20201019134248,192.168.1.2/24,1
20201019134249,192.168.1.2/24,-
20201019134250,10.20.30.2/16,-
20201019134251,192.168.1.1/24,90
20201019134252,10.20.30.1/16,-
20201019134253,10.20.30.1/16,-
20201019134254,10.77.1.2/24,9
20201019134256,10.77.1.2/24,-
20201019134257,10.20.30.2/16,-
20201019134258,10.77.1.2/24,9
20201019134300,10.77.1.2/24,10
20201019134301,192.168.1.2/24,9
20201019134302,10.77.1.2/24,5
20201019134304,192.168.1.1/24,6
20201019134305,192.168.1.2/24,86
20201019134306,10.77.1.2/24,7
20201019134307,10.20.30.1/16,2
20201019134308,10.20.30.2/16,2
20201019134309,10.20.30.2/16,2
20201019134310,10.20.30.1/16,-
20201019134311,10.20.30.2/16,8
20201019134312,192.168.1.1/24,3
20201019134313,10.20.30.1/16,5
20201019134315,10.77.1.2/24,67
20201019134317,10.20.30.1/16,-
20201019134318,10.77.1.2/24,-
20201019134319,10.20.30.1/16,51
20201019134320,10.77.1.2/24,30
20201019134321,10.20.30.1/16,81
20201019134323,10.20.30.1/16,4
20201019134324,10.77.1.2/24,2
20201019134325,192.168.1.1/24,61
20201019134326,10.77.1.1/24,-
20201019134327,192.168.1.2/24,-
20201019134328,10.77.1.2/24,2
20201019134330,192.168.1.1/24,4
20201019134331,10.77.1.2/24,3
20201019134333,10.77.1.2/24,9
20201019134334,10.20.30.1/16,2
20201019134335,192.168.1.1/24,9
20201019134337,10.77.1.1/24,4
20201019134338,10.77.1.1/24,9
20201019134339,192.168.1.2/24,45
20201019134340,192.168.1.2/24,4
20201019134342,10.20.30.2/16,1
20201019134343,192.168.1.1/24,9
20201019134345,10.77.1.1/24,96
20201019134346,192.168.1.1/24,9
20201019134347,192.168.1.1/24,1
20201019134349,10.77.1.1/24,-
20201019134350,10.77.1.1/24,8
20201019134352,192.168.1.2/24,5
20201019134353,10.77.1.2/24,13
20201019134354,10.77.1.1/24,23
20201019134356,10.77.1.2/24,-
20201019134357,10.77.1.2/24,93
20201019134358,192.168.1.2/24,3
20201019134359,192.168.1.1/24,41
20201019134400,10.77.1.1/24,8
20201019134401,192.168.1.2/24,5
20201019134402,10.20.30.2/16,8
20201019134404,10.77.1.2/24,9
20201019134405,10.77.1.2/24,-
20201019134407,10.77.1.1/24,11
20201019134408,10.77.1.2/24,-
20201019134409,10.77.1.1/24,-
20201019134410,192.168.1.2/24,6
20201019134411,10.77.1.2/24,8
20201019134413,10.77.1.1/24,7
20201019134414,10.20.30.1/16,-
20201019134415,192.168.1.1/24,8
20201019134416,192.168.1.1/24,82
20201019134417,192.168.1.1/24,-
20201019134418,10.20.30.1/16,8
20201019134419,10.77.1.1/24,2
20201019134420,192.168.1.2/24,12
20201019134421,10.20.30.2/16,13
20201019134422,10.77.1.2/24,9
20201019134423,10.77.1.2/24,-
20201019134424,10.20.30.2/16,8
20201019134426,10.20.30.1/16,1
20201019134428,10.77.1.2/24,3
20201019134429,10.77.1.1/24,3
20201019134430,192.168.1.2/24,-
20201019134431,10.77.1.2/24,3
20201019134432,10.77.1.1/24,-
20201019134433,192.168.1.1/24,-
20201019134434,10.77.1.1/24,2
20201019134436,10.77.1.2/24,7
20201019134437,192.168.1.1/24,5
20201019134438,10.20.30.1/16,3
20201019134439,10.20.30.2/16,-
20201019134440,10.77.1.2/24,48
20201019134442,10.20.30.2/16,34
20201019134443,192.168.1.2/24,3
20201019134444,10.20.30.2/16,8
20201019134445,10.20.30.1/16,3
20201019134447,10.77.1.1/24,3
20201019134449,10.77.1.2/24,14
20201019134450,192.168.1.1/24,-
20201019134451,10.20.30.1/16,5
20201019134452,192.168.1.1/24,-
20201019134453,10.20.30.2/16,57
20201019134454,192.168.1.1/24,-
20201019134455,192.168.1.1/24,9
20201019134457,10.77.1.1/24,34
20201019134458,10.20.30.1/16,87
20201019134459,10.77.1.1/24,-
20201019134500,192.168.1.1/24,-
20201019134501,10.77.1.1/24,8
20201019134503,192.168.1.1/24,2
20201019134504,10.77.1.2/24,-
20201019134505,192.168.1.2/24,97
20201019134507,192.168.1.2/24,4
20201019134508,192.168.1.1/24,3
20201019134509,10.77.1.2/24,7
20201019134510,192.168.1.2/24,4
20201019134512,192.168.1.1/24,2
20201019134513,10.20.30.2/16,4
20201019134514,10.77.1.2/24,7
20201019134515,10.20.30.2/16,38
20201019134516,192.168.1.1/24,7
20201019134517,10.77.1.1/24,52
20201019134518,10.20.30.1/16,9
20201019134519,10.20.30.1/16,55
20201019134520,192.168.1.2/24,4
20201019134521,192.168.1.1/24,21
20201019134522,192.168.1.1/24,2
20201019134524,192.168.1.2/24,4
20201019134525,192.168.1.1/24,5
20201019134526,192.168.1.1/24,9
20201019134527,10.77.1.1/24,5
20201019134528,10.20.30.1/16,1
20201019134530,192.168.1.2/24,-
20201019134531,10.20.30.1/16,-
20201019134532,192.168.1.1/24,-
20201019134533,10.77.1.1/24,-
20201019134534,10.20.30.2/16,-
20201019134535,10.20.30.1/16,-
20201019134536,192.168.1.1/24,9
20201019134538,10.20.30.2/16,-
20201019134539,192.168.1.2/24,2
20201019134541,10.20.30.2/16,-
20201019134543,10.20.30.1/16,2
20201019134544,192.168.1.2/24,1
20201019134545,10.20.30.1/16,5
20201019134546,10.77.1.1/24,-
20201019134547,10.77.1.2/24,-
20201019134548,10.77.1.2/24,8
20201019134550,10.20.30.1/16,6
20201019134551,10.20.30.2/16,2
20201019134553,10.77.1.1/24,-
20201019134555,10.20.30.2/16,3
20201019134556,10.77.1.2/24,6
20201019134557,10.77.1.2/24,7
20201019134558,192.168.1.2/24,9
20201019134559,192.168.1.2/24,13
20201019134601,10.77.1.2/24,2
20201019134602,10.20.30.1/16,-
20201019134604,10.77.1.2/24,2
20201019134605,192.168.1.2/24,4
20201019134606,192.168.1.2/24,9
20201019134607,192.168.1.1/24,7
20201019134609,192.168.1.2/24,5
20201019134610,192.168.1.1/24,15
20201019134611,10.77.1.2/24,4
20201019134612,192.168.1.1/24,24
20201019134613,10.77.1.2/24,7
20201019134614,10.77.1.2/24,6
20201019134616,10.20.30.1/16,5
20201019134617,10.20.30.2/16,-
20201019134618,192.168.1.2/24,2
20201019134619,192.168.1.1/24,18
20201019134620,192.168.1.2/24,-
20201019134621,10.20.30.1/16,35
20201019134622,10.77.1.1/24,6
20201019134624,192.168.1.1/24,2
20201019134625,10.77.1.1/24,13
20201019134627,192.168.1.1/24,6
20201019134628,192.168.1.2/24,9
20201019134629,10.77.1.1/24,9
20201019134630,10.20.30.2/16,85
20201019134632,192.168.1.2/24,-
20201019134634,192.168.1.1/24,24
20201019134635,192.168.1.2/24,8
20201019134636,192.168.1.2/24,-
20201019134637,10.77.1.1/24,6
20201019134638,10.20.30.1/16,7
20201019134639,192.168.1.1/24,-
20201019134641,10.77.1.2/24,-
20201019134642,10.20.30.1/16,2
20201019134644,10.20.30.1/16,-
20201019134645,10.20.30.2/16,7
20201019134647,10.20.30.1/16,5
20201019134648,192.168.1.2/24,-
20201019134649,10.77.1.1/24,-
20201019134651,192.168.1.1/24,3
20201019134652,10.20.30.1/16,-
20201019134653,10.77.1.2/24,15
20201019134655,192.168.1.1/24,6
20201019134657,192.168.1.1/24,2
20201019134659,10.20.30.2/16,30
20201019134700,10.20.30.2/16,29
20201019134701,192.168.1.1/24,78
20201019134702,192.168.1.1/24,1
20201019134704,192.168.1.2/24,-
20201019134705,192.168.1.1/24,3
20201019134707,10.20.30.1/16,-
20201019134708,10.77.1.2/24,6
20201019134710,192.168.1.1/24,3
20201019134711,10.20.30.2/16,5
20201019134712,10.77.1.1/24,7
20201019134713,10.20.30.2/16,-
20201019134714,192.168.1.1/24,83
20201019134715,192.168.1.1/24,8
20201019134716,192.168.1.1/24,-
20201019134717,10.77.1.2/24,4
20201019134719,10.77.1.1/24,8
20201019134720,192.168.1.1/24,6
20201019134721,10.20.30.2/16,83
20201019134722,10.20.30.1/16,4
20201019134723,10.77.1.2/24,9
20201019134724,10.20.30.1/16,4
20201019134725,192.168.1.2/24,11
20201019134726,10.20.30.1/16,7
20201019134727,10.20.30.2/16,4
20201019134728,10.20.30.1/16,9
20201019134730,10.77.1.2/24,4
20201019134731,10.77.1.1/24,65
20201019134732,10.20.30.1/16,-
20201019134733,192.168.1.2/24,-
20201019134735,10.77.1.1/24,7
20201019134736,10.77.1.1/24,-
20201019134737,192.168.1.1/24,6
20201019134738,10.20.30.2/16,11
20201019134739,192.168.1.2/24,9
20201019134740,10.77.1.1/24,7
20201019134741,192.168.1.2/24,30
20201019134742,192.168.1.1/24,79
20201019134743,10.77.1.2/24,13
20201019134744,192.168.1.2/24,-
20201019134745,10.20.30.2/16,-
20201019134746,10.20.30.2/16,-
20201019134748,10.77.1.1/24,-
20201019134750,192.168.1.2/24,8
20201019134751,192.168.1.2/24,-
20201019134752,192.168.1.1/24,66
20201019134753,10.20.30.1/16,1
20201019134754,10.77.1.1/24,15
20201019134756,192.168.1.2/24,3
20201019134757,192.168.1.2/24,-
20201019134759,10.20.30.1/16,6
20201019134800,192.168.1.2/24,-
20201019134802,192.168.1.1/24,5
20201019134803,10.20.30.1/16,-
20201019134804,10.20.30.2/16,-
20201019134806,10.77.1.1/24,39
20201019134807,10.20.30.1/16,21
20201019134809,10.77.1.2/24,-
20201019134811,192.168.1.1/24,45
20201019134812,10.77.1.2/24,9
20201019134813,10.77.1.2/24,7
20201019134815,10.77.1.1/24,-
20201019134816,10.77.1.1/24,-
20201019134818,10.20.30.1/16,-
20201019134819,192.168.1.1/24,4
20201019134820,192.168.1.2/24,6
20201019134821,10.20.30.2/16,7
20201019134822,10.77.1.1/24,-
20201019134823,10.77.1.2/24,-
20201019134824,10.77.1.2/24,77
20201019134826,10.77.1.1/24,86
20201019134827,192.168.1.2/24,36
20201019134829,10.77.1.1/24,4
20201019134831,10.20.30.2/16,3
20201019134832,10.77.1.2/24,2
20201019134833,10.77.1.2/24,7
20201019134834,192.168.1.2/24,-
20201019134835,10.77.1.2/24,8
20201019134836,10.77.1.2/24,3
20201019134838,10.77.1.2/24,-
20201019134839,10.20.30.1/16,4
20201019134840,192.168.1.1/24,-
20201019134841,192.168.1.2/24,-
20201019134842,10.77.1.1/24,4
20201019134844,192.168.1.2/24,-
20201019134845,10.20.30.2/16,8
20201019134846,192.168.1.2/24,9
20201019134847,10.77.1.2/24,9
20201019134848,192.168.1.1/24,98
20201019134849,10.77.1.1/24,5
20201019134851,10.20.30.1/16,-
20201019134852,10.77.1.1/24,-
20201019134853,10.20.30.2/16,-
20201019134854,10.77.1.1/24,-
20201019134856,10.20.30.2/16,-
20201019134857,10.77.1.2/24,5
20201019134859,10.77.1.1/24,98
20201019134900,192.168.1.2/24,24
20201019134901,10.77.1.2/24,9
20201019134902,10.77.1.1/24,91
20201019134903,192.168.1.1/24,10
20201019134905,10.77.1.1/24,12
20201019134906,10.20.30.1/16,23
20201019134907,10.20.30.2/16,69
20201019134909,10.77.1.2/24,79
20201019134910,10.77.1.1/24,1
20201019134911,10.20.30.1/16,7
20201019134912,192.168.1.1/24,7
20201019134913,10.77.1.2/24,4
20201019134914,10.20.30.1/16,91
20201019134915,10.77.1.2/24,1
20201019134916,192.168.1.1/24,7
20201019134917,10.77.1.1/24,-
20201019134918,10.77.1.2/24,41
20201019134919,10.20.30.1/16,5
20201019134920,10.20.30.1/16,2
20201019134922,10.20.30.2/16,3
20201019134924,192.168.1.2/24,9
20201019134925,10.20.30.1/16,0
20201019134927,10.20.30.1/16,2
20201019134929,192.168.1.2/24,4
20201019134931,10.77.1.1/24,1
20201019134932,192.168.1.2/24,-
20201019134933,10.77.1.2/24,9
20201019134934,10.20.30.1/16,-
20201019134935,192.168.1.1/24,80
20201019134937,192.168.1.2/24,7
20201019134938,192.168.1.1/24,-
20201019134939,192.168.1.2/24,10
20201019134941,10.20.30.2/16,27
20201019134943,10.20.30.1/16,27
20201019134944,192.168.1.2/24,4
20201019134946,10.77.1.2/24,2
20201019134947,192.168.1.1/24,35
20201019134948,10.20.30.1/16,8
20201019134949,10.77.1.1/24,4
20201019134950,10.77.1.2/24,7
20201019134951,10.77.1.1/24,40
20201019134952,10.20.30.1/16,20
20201019134954,10.77.1.2/24,2
20201019134956,10.20.30.2/16,13
20201019134957,10.77.1.2/24,9
20201019134958,10.77.1.1/24,-
20201019134959,10.20.30.2/16,-
20201019135000,192.168.1.2/24,-
20201019135001,10.20.30.1/16,11
20201019135003,192.168.1.2/24,71
20201019135004,10.20.30.1/16,9
20201019135005,192.168.1.1/24,8
20201019135006,10.77.1.2/24,4
20201019135007,10.20.30.2/16,2
20201019135008,10.20.30.2/16,-
20201019135009,10.77.1.1/24,-
20201019135011,192.168.1.1/24,9
20201019135012,10.77.1.2/24,85
20201019135014,10.77.1.1/24,55
20201019135015,10.77.1.1/24,6
20201019135016,192.168.1.1/24,1
20201019135017,10.20.30.1/16,8
20201019135018,10.77.1.2/24,5
20201019135019,10.20.30.1/16,-
20201019135020,10.20.30.2/16,-
20201019135021,10.20.30.2/16,3
20201019135022,10.20.30.1/16,33
20201019135023,10.20.30.1/16,6
20201019135024,192.168.1.2/24,1
20201019135025,10.77.1.2/24,6
20201019135026,10.20.30.1/16,-
20201019135027,10.20.30.1/16,-
20201019135028,10.20.30.1/16,8
20201019135030,192.168.1.2/24,8
20201019135031,10.77.1.2/24,4
20201019135032,192.168.1.1/24,1
20201019135033,192.168.1.2/24,7
20201019135034,192.168.1.1/24,9
20201019135035,10.77.1.1/24,2
20201019135036,192.168.1.2/24,5
20201019135037,10.20.30.2/16,35
20201019135038,10.77.1.1/24,-
20201019135040,10.77.1.2/24,-
20201019135042,192.168.1.1/24,-
20201019135043,10.20.30.1/16,2
20201019135044,10.20.30.2/16,8
20201019135045,192.168.1.1/24,38
20201019135046,10.77.1.2/24,-
20201019135047,10.77.1.2/24,2
20201019135048,10.77.1.2/24,9
20201019135050,10.77.1.2/24,17
20201019135051,10.77.1.1/24,4
20201019135052,10.20.30.2/16,-
20201019135054,10.20.30.2/16,5
20201019135055,10.77.1.2/24,75
20201019135056,10.20.30.1/16,99
20201019135057,10.77.1.1/24,3
20201019135058,10.20.30.1/16,57
20201019135059,192.168.1.1/24,7
20201019135100,10.20.30.2/16,5
20201019135101,10.20.30.1/16,-
20201019135102,10.20.30.2/16,-
20201019135104,192.168.1.1/24,33
20201019135105,10.77.1.1/24,-
20201019135106,192.168.1.1/24,87
20201019135107,10.20.30.1/16,20
20201019135108,10.77.1.2/24,7
20201019135110,192.168.1.2/24,60
20201019135112,10.20.30.1/16,3
20201019135113,10.20.30.2/16,8
20201019135115,192.168.1.2/24,8
20201019135116,192.168.1.2/24,-
20201019135118,192.168.1.1/24,-
20201019135119,192.168.1.2/24,8
20201019135120,192.168.1.1/24,-
20201019135121,10.77.1.2/24,4
20201019135122,10.77.1.1/24,6
20201019135124,10.20.30.2/16,-
20201019135125,10.77.1.1/24,5
20201019135126,192.168.1.2/24,74
20201019135127,10.20.30.1/16,21
20201019135129,10.77.1.1/24,74
20201019135130,10.20.30.1/16,2
20201019135131,192.168.1.2/24,5
20201019135132,192.168.1.1/24,-
20201019135134,10.20.30.1/16,4
20201019135135,10.20.30.1/16,73
20201019135136,10.20.30.2/16,4
20201019135137,10.20.30.1/16,7
20201019135138,10.77.1.2/24,8
20201019135140,192.168.1.1/24,23
20201019135141,192.168.1.1/24,5
20201019135143,10.20.30.2/16,5
20201019135145,10.20.30.1/16,9
20201019135147,10.77.1.1/24,-
20201019135148,192.168.1.1/24,2
20201019135150,10.20.30.1/16,2
20201019135152,10.77.1.1/24,8
20201019135153,192.168.1.1/24,27
20201019135154,192.168.1.1/24,-
20201019135155,10.77.1.1/24,-
20201019135157,10.77.1.1/24,-
20201019135158,192.168.1.2/24,-
20201019135159,10.77.1.1/24,10
20201019135200,10.77.1.2/24,9
20201019135201,10.77.1.2/24,-
20201019135202,10.77.1.1/24,3
20201019135203,192.168.1.2/24,-
20201019135205,10.77.1.1/24,4
20201019135207,10.20.30.1/16,13
20201019135208,10.77.1.1/24,8
20201019135209,10.20.30.2/16,43
20201019135211,10.77.1.2/24,45
20201019135213,192.168.1.2/24,2
20201019135214,192.168.1.1/24,11
20201019135215,10.77.1.2/24,4
20201019135216,10.77.1.2/24,4
20201019135217,10.20.30.1/16,-
20201019135218,10.20.30.1/16,37
20201019135220,192.168.1.1/24,2
20201019135222,192.168.1.1/24,2
20201019135223,10.77.1.1/24,5
20201019135224,192.168.1.1/24,9
20201019135225,10.77.1.1/24,-
20201019135227,192.168.1.1/24,89
20201019135228,10.77.1.2/24,12
20201019135229,10.77.1.1/24,21
20201019135230,10.77.1.2/24,3
20201019135231,10.77.1.1/24,7
20201019135232,10.20.30.2/16,13
20201019135233,10.20.30.1/16,6
20201019135235,10.20.30.2/16,-
20201019135237,192.168.1.2/24,1
20201019135238,192.168.1.2/24,-
20201019135239,10.77.1.2/24,6
20201019135240,10.77.1.2/24,5
20201019135241,10.20.30.2/16,1
20201019135242,10.20.30.1/16,1
20201019135244,10.20.30.2/16,57
20201019135245,192.168.1.1/24,74
20201019135246,192.168.1.1/24,8
20201019135247,10.77.1.1/24,93
20201019135248,192.168.1.2/24,-
20201019135249,10.20.30.2/16,9
20201019135250,10.20.30.1/16,98
20201019135252,192.168.1.1/24,-
20201019135253,192.168.1.2/24,1
20201019135255,10.20.30.1/16,38
20201019135256,10.77.1.1/24,89
20201019135257,10.20.30.1/16,-
20201019135259,192.168.1.2/24,5
20201019135300,10.77.1.1/24,9
20201019135301,10.20.30.1/16,14
20201019135303,192.168.1.2/24,-
20201019135305,192.168.1.1/24,8
20201019135307,192.168.1.2/24,-
20201019135309,10.77.1.2/24,8
20201019135310,10.20.30.2/16,7
20201019135311,10.20.30.1/16,8
20201019135312,10.20.30.1/16,6
20201019135314,192.168.1.1/24,17
20201019135315,10.20.30.1/16,9
20201019135316,10.20.30.2/16,9
20201019135317,10.77.1.2/24,-
20201019135318,10.20.30.2/16,9
20201019135320,192.168.1.1/24,5
20201019135321,10.20.30.1/16,2
20201019135322,192.168.1.2/24,-
20201019135323,10.20.30.1/16,-
20201019135324,10.20.30.2/16,-
20201019135325,10.77.1.2/24,67
20201019135326,10.20.30.2/16,53
20201019135327,10.77.1.1/24,6
20201019135329,10.20.30.2/16,85
20201019135330,10.77.1.2/24,5
20201019135331,192.168.1.1/24,7
20201019135332,10.20.30.1/16,41
20201019135333,10.77.1.1/24,5
20201019135334,10.20.30.2/16,11
20201019135336,192.168.1.1/24,5
20201019135337,10.20.30.1/16,4
20201019135338,10.77.1.2/24,1
20201019135339,192.168.1.2/24,-
20201019135341,10.20.30.1/16,2
20201019135342,10.20.30.2/16,2
20201019135344,10.20.30.1/16,5
20201019135345,10.77.1.2/24,16
20201019135346,10.20.30.1/16,23
20201019135347,10.77.1.2/24,-
20201019135348,10.20.30.2/16,29
20201019135349,192.168.1.2/24,5
20201019135350,10.77.1.2/24,-
20201019135351,192.168.1.1/24,-
20201019135352,10.20.30.1/16,91
20201019135353,192.168.1.1/24,8
20201019135354,192.168.1.2/24,14
20201019135355,10.77.1.1/24,9
20201019135356,10.20.30.2/16,-
20201019135357,10.20.30.2/16,12
20201019135359,10.77.1.2/24,-
20201019135400,10.20.30.2/16,7
20201019135401,192.168.1.2/24,4
20201019135402,192.168.1.2/24,-
20201019135404,10.20.30.2/16,1
20201019135405,192.168.1.2/24,5
20201019135406,192.168.1.1/24,-
20201019135407,192.168.1.1/24,3
20201019135408,192.168.1.2/24,-
20201019135409,192.168.1.1/24,1
20201019135410,10.20.30.1/16,-
20201019135411,192.168.1.2/24,4
20201019135412,10.77.1.2/24,-
20201019135413,10.20.30.1/16,8
20201019135415,10.20.30.1/16,4
20201019135416,192.168.1.1/24,8
20201019135417,10.77.1.1/24,2
20201019135418,10.20.30.1/16,8
20201019135419,192.168.1.1/24,51
20201019135421,10.20.30.2/16,3
20201019135422,10.20.30.2/16,4
20201019135423,10.77.1.2/24,55
20201019135425,10.77.1.1/24,1
20201019135427,192.168.1.2/24,-
20201019135428,10.77.1.1/24,8
20201019135429,10.20.30.2/16,4
20201019135430,10.20.30.1/16,6
20201019135432,192.168.1.2/24,21
20201019135433,10.77.1.1/24,29
20201019135435,192.168.1.1/24,8
20201019135436,10.20.30.1/16,31
20201019135438,10.20.30.2/16,79
20201019135439,10.20.30.2/16,-
20201019135440,10.77.1.2/24,6
20201019135441,192.168.1.2/24,-
20201019135443,192.168.1.2/24,68
20201019135444,10.20.30.2/16,2
20201019135445,10.77.1.1/24,76
20201019135446,10.77.1.2/24,95
20201019135447,10.20.30.1/16,60
20201019135448,10.77.1.1/24,7
20201019135449,10.20.30.2/16,-
20201019135450,192.168.1.2/24,10
20201019135451,10.77.1.2/24,-
20201019135452,192.168.1.1/24,16
20201019135453,192.168.1.2/24,-
20201019135454,192.168.1.1/24,1
20201019135455,10.20.30.1/16,86
20201019135457,192.168.1.2/24,42
20201019135458,10.77.1.2/24,-
20201019135459,10.77.1.2/24,-
20201019135501,192.168.1.2/24,2
20201019135502,10.77.1.2/24,-
20201019135504,192.168.1.1/24,-
20201019135505,10.20.30.2/16,3
20201019135507,10.20.30.2/16,8
20201019135508,10.20.30.1/16,2
20201019135509,10.77.1.2/24,7
20201019135510,10.77.1.2/24,9
20201019135511,192.168.1.1/24,2
20201019135513,192.168.1.2/24,-
20201019135514,10.77.1.2/24,-
20201019135515,10.77.1.1/24,4
20201019135516,10.77.1.2/24,-
20201019135517,10.77.1.2/24,63
20201019135518,10.77.1.1/24,3
20201019135519,10.20.30.2/16,8
20201019135521,10.20.30.1/16,3
20201019135522,192.168.1.1/24,9
20201019135524,10.77.1.2/24,38
20201019135525,10.20.30.1/16,50
20201019135527,10.77.1.2/24,9
20201019135529,10.77.1.1/24,2
20201019135530,10.20.30.2/16,8
20201019135531,192.168.1.2/24,8
20201019135533,10.77.1.1/24,-
20201019135534,192.168.1.1/24,48
20201019135535,192.168.1.2/24,9
20201019135536,192.168.1.2/24,69
20201019135537,192.168.1.1/24,4
20201019135538,10.77.1.1/24,52
20201019135539,192.168.1.2/24,-
20201019135540,10.20.30.1/16,8
20201019135541,10.20.30.1/16,3
20201019135543,10.77.1.1/24,-
20201019135544,10.20.30.1/16,4
20201019135545,10.20.30.1/16,11
20201019135546,10.20.30.2/16,-
20201019135547,192.168.1.2/24,6
20201019135548,192.168.1.1/24,14
20201019135549,10.20.30.1/16,98
20201019135550,192.168.1.2/24,97
20201019135551,192.168.1.1/24,67
20201019135552,10.20.30.1/16,4
20201019135553,192.168.1.1/24,5
20201019135554,192.168.1.1/24,19
20201019135556,192.168.1.1/24,6
20201019135557,192.168.1.2/24,-
20201019135558,10.20.30.1/16,60
20201019135559,192.168.1.2/24,1
20201019135600,10.77.1.1/24,-
20201019135601,10.77.1.1/24,68
20201019135602,10.20.30.2/16,2
20201019135603,10.20.30.1/16,7
20201019135604,192.168.1.1/24,-
20201019135605,192.168.1.2/24,10
20201019135606,10.77.1.2/24,5
20201019135607,10.77.1.1/24,-
20201019135608,10.77.1.2/24,5
20201019135609,10.77.1.1/24,39
20201019135610,10.20.30.1/16,8
20201019135611,10.77.1.1/24,9
20201019135612,192.168.1.2/24,-
20201019135613,10.20.30.2/16,2
20201019135614,192.168.1.1/24,4
20201019135615,192.168.1.1/24,2
20201019135616,10.77.1.1/24,33
20201019135618,192.168.1.2/24,6
20201019135619,10.77.1.1/24,57
20201019135621,10.77.1.2/24,70
20201019135622,192.168.1.2/24,9
20201019135623,10.20.30.1/16,2
20201019135625,192.168.1.2/24,26
20201019135626,10.77.1.1/24,57
20201019135627,192.168.1.1/24,78
20201019135628,10.77.1.2/24,-
20201019135629,192.168.1.1/24,-
20201019135630,10.20.30.2/16,85
20201019135632,10.77.1.2/24,7
20201019135634,192.168.1.2/24,55
20201019135635,10.77.1.2/24,7
20201019135636,192.168.1.2/24,45
20201019135637,192.168.1.1/24,-
20201019135638,10.77.1.1/24,1
20201019135639,10.77.1.1/24,9
20201019135641,10.20.30.2/16,52
20201019135642,10.77.1.2/24,2
20201019135643,10.77.1.2/24,-
20201019135645,10.77.1.2/24,60
20201019135646,10.20.30.1/16,8
20201019135647,192.168.1.1/24,4
20201019135648,10.20.30.2/16,6
20201019135650,10.77.1.1/24,65
20201019135651,10.20.30.2/16,10
20201019135652,10.77.1.1/24,9
20201019135653,192.168.1.2/24,8
20201019135654,10.20.30.1/16,3
20201019135656,192.168.1.1/24,-
20201019135657,10.77.1.2/24,4
20201019135659,192.168.1.1/24,-
20201019135700,10.77.1.2/24,-
20201019135701,10.20.30.1/16,7
20201019135702,10.20.30.2/16,-
20201019135703,192.168.1.2/24,-
20201019135704,192.168.1.1/24,3
20201019135706,10.20.30.1/16,-
20201019135707,192.168.1.2/24,59
20201019135708,10.20.30.2/16,-
20201019135709,10.20.30.2/16,81
20201019135710,192.168.1.1/24,-
20201019135711,192.168.1.1/24,-
20201019135713,192.168.1.2/24,-
20201019135714,10.20.30.2/16,5
20201019135716,192.168.1.1/24,9
20201019135717,10.77.1.1/24,3
20201019135718,192.168.1.2/24,-
20201019135719,10.20.30.1/16,74
20201019135720,10.77.1.1/24,3
20201019135721,10.77.1.1/24,67
20201019135722,10.20.30.2/16,2
20201019135724,10.77.1.1/24,-
20201019135725,10.20.30.2/16,-
20201019135727,10.77.1.1/24,8
20201019135729,10.20.30.1/16,-
20201019135730,192.168.1.1/24,7
20201019135732,10.77.1.1/24,-
20201019135733,192.168.1.2/24,2
20201019135734,10.77.1.1/24,3
20201019135735,10.20.30.2/16,6
20201019135736,192.168.1.2/24,6
20201019135738,10.77.1.1/24,9
20201019135739,10.20.30.1/16,44
20201019135740,10.20.30.2/16,4
20201019135742,10.20.30.1/16,8
20201019135743,192.168.1.1/24,-
20201019135744,192.168.1.2/24,5
20201019135745,10.20.30.2/16,-
20201019135746,10.77.1.2/24,56
20201019135747,10.20.30.2/16,4
20201019135748,10.77.1.2/24,-
20201019135749,10.77.1.1/24,-
20201019135750,10.77.1.1/24,2
20201019135751,10.20.30.1/16,26
20201019135753,10.77.1.1/24,-
20201019135754,10.20.30.1/16,-
20201019135756,192.168.1.1/24,50
20201019135757,192.168.1.1/24,-
20201019135758,10.77.1.2/24,48
20201019135759,10.20.30.1/16,-
20201019135801,192.168.1.2/24,2
20201019135803,10.77.1.2/24,-
20201019135804,10.20.30.1/16,8
20201019135805,10.20.30.2/16,9
20201019135806,192.168.1.1/24,9
20201019135807,192.168.1.1/24,3
20201019135808,192.168.1.2/24,3
20201019135810,192.168.1.2/24,76
20201019135811,192.168.1.2/24,36
20201019135812,192.168.1.1/24,10
20201019135813,10.77.1.1/24,79
20201019135814,10.20.30.2/16,-
20201019135815,10.20.30.1/16,12
20201019135816,192.168.1.2/24,9
20201019135817,192.168.1.1/24,1
20201019135818,192.168.1.1/24,4
20201019135820,10.20.30.2/16,5
20201019135821,10.77.1.2/24,20
20201019135822,192.168.1.1/24,1
20201019135823,10.20.30.2/16,-
20201019135824,10.20.30.2/16,-
20201019135826,192.168.1.2/24,5
20201019135828,10.20.30.1/16,8
20201019135829,10.77.1.1/24,1
20201019135830,10.77.1.2/24,12
20201019135832,10.77.1.1/24,9
20201019135834,192.168.1.2/24,1
20201019135835,192.168.1.2/24,2
20201019135836,10.20.30.2/16,8
20201019135837,192.168.1.1/24,87
20201019135838,10.77.1.1/24,-
20201019135839,10.20.30.1/16,3
20201019135841,10.20.30.1/16,4
20201019135842,10.20.30.2/16,2
20201019135844,10.77.1.1/24,7
20201019135846,192.168.1.1/24,2
20201019135847,192.168.1.2/24,-
20201019135848,10.77.1.2/24,2
20201019135849,10.20.30.2/16,76
20201019135851,10.77.1.2/24,-
20201019135852,192.168.1.2/24,1
20201019135853,10.77.1.2/24,57
20201019135854,10.77.1.1/24,-
20201019135855,10.20.30.1/16,5
20201019135856,10.77.1.1/24,6
20201019135857,10.20.30.2/16,26
20201019135859,10.20.30.1/16,8
20201019135900,192.168.1.1/24,-
20201019135901,10.77.1.2/24,2
20201019135902,192.168.1.2/24,9
20201019135903,10.77.1.2/24,-
20201019135904,10.20.30.1/16,7
20201019135905,10.20.30.1/16,-
20201019135906,192.168.1.1/24,-
20201019135907,10.20.30.2/16,72
20201019135908,10.77.1.2/24,6
20201019135909,10.20.30.1/16,32
20201019135910,192.168.1.1/24,-
20201019135912,10.20.30.2/16,4
20201019135914,10.77.1.1/24,-
20201019135915,10.20.30.2/16,5
20201019135916,192.168.1.2/24,20
20201019135917,10.77.1.1/24,40
20201019135919,10.77.1.2/24,-
20201019135920,10.77.1.1/24,4
20201019135921,10.20.30.2/16,5
20201019135923,10.20.30.2/16,1
20201019135924,192.168.1.2/24,7
20201019135925,10.77.1.2/24,4
20201019135927,192.168.1.1/24,4
20201019135928,192.168.1.2/24,2
20201019135930,192.168.1.1/24,-
20201019135931,10.77.1.2/24,-
20201019135932,10.20.30.1/16,12
20201019135933,10.20.30.2/16,-
20201019135935,10.77.1.1/24,60
20201019135937,10.77.1.1/24,80
20201019135939,10.77.1.1/24,-
20201019135940,10.77.1.2/24,4
20201019135941,10.20.30.2/16,-
20201019135942,10.77.1.1/24,-
20201019135944,192.168.1.2/24,7
20201019135946,10.20.30.1/16,-
20201019135947,10.20.30.2/16,-
20201019135948,10.77.1.2/24,-
20201019135949,192.168.1.1/24,5
20201019135950,192.168.1.2/24,4
20201019135951,10.20.30.1/16,6
20201019135952,192.168.1.2/24,35
20201019135953,192.168.1.2/24,-
20201019135955,10.77.1.1/24,7
20201019135957,10.77.1.2/24,12
20201019135958,10.20.30.1/16,2
20201019135959,10.20.30.1/16,12
20201019140000,10.20.30.1/16,9
20201019140002,10.77.1.1/24,-
20201019140003,10.77.1.2/24,3
20201019140004,10.77.1.1/24,20
20201019140005,10.77.1.1/24,3
20201019140006,10.20.30.2/16,13
20201019140007,10.77.1.1/24,10
20201019140008,192.168.1.2/24,6
20201019140009,10.77.1.1/24,7
20201019140010,10.77.1.1/24,8
20201019140012,10.20.30.1/16,1
20201019140013,10.77.1.2/24,1
20201019140014,10.20.30.2/16,-
20201019140015,10.20.30.2/16,5
20201019140016,10.77.1.2/24,9
20201019140017,10.20.30.1/16,73
20201019140018,10.20.30.2/16,1
20201019140020,10.20.30.1/16,-
20201019140021,192.168.1.1/24,8
20201019140022,10.20.30.2/16,4
20201019140023,192.168.1.2/24,1
20201019140025,10.20.30.2/16,32
20201019140026,192.168.1.1/24,13
20201019140027,192.168.1.1/24,25
20201019140028,192.168.1.1/24,57
20201019140029,10.20.30.1/16,9
20201019140030,10.20.30.1/16,6
20201019140031,10.20.30.2/16,-
20201019140032,10.77.1.2/24,5
20201019140033,10.20.30.1/16,1
20201019140034,10.77.1.2/24,3
20201019140036,10.20.30.1/16,27
20201019140037,192.168.1.2/24,8
20201019140038,10.77.1.2/24,7
20201019140039,10.77.1.2/24,18
20201019140040,10.20.30.2/16,8
20201019140041,10.77.1.1/24,21
20201019140043,192.168.1.1/24,5
20201019140044,192.168.1.1/24,10
20201019140046,10.77.1.2/24,-
20201019140047,192.168.1.1/24,13
20201019140048,10.77.1.2/24,46
20201019140049,192.168.1.1/24,25
20201019140050,10.20.30.1/16,-
20201019140051,192.168.1.2/24,54
20201019140053,192.168.1.1/24,4
20201019140054,10.77.1.2/24,-
20201019140055,10.77.1.1/24,46
20201019140056,10.20.30.1/16,6
20201019140057,192.168.1.2/24,9
20201019140059,192.168.1.1/24,2
20201019140100,10.77.1.2/24,3
20201019140102,10.77.1.1/24,9
20201019140103,10.77.1.2/24,15
20201019140105,192.168.1.1/24,47
20201019140106,192.168.1.1/24,9
20201019140108,10.77.1.2/24,4
20201019140109,10.20.30.2/16,2
20201019140110,192.168.1.1/24,5
20201019140111,192.168.1.1/24,78
20201019140112,10.20.30.2/16,-
20201019140114,10.20.30.1/16,6
20201019140115,192.168.1.1/24,3
20201019140116,10.20.30.1/16,5
20201019140118,192.168.1.2/24,9
20201019140119,10.77.1.2/24,-
20201019140120,10.77.1.2/24,-
20201019140122,10.77.1.1/24,9
20201019140123,10.77.1.1/24,40
20201019140124,192.168.1.1/24,58
20201019140125,10.20.30.1/16,-
20201019140126,10.77.1.1/24,6
20201019140127,192.168.1.1/24,2
20201019140128,10.20.30.1/16,70
20201019140129,10.20.30.2/16,69
20201019140130,192.168.1.2/24,5
20201019140132,10.77.1.2/24,-
20201019140134,192.168.1.2/24,38
20201019140135,10.77.1.2/24,-
20201019140137,10.20.30.2/16,2
20201019140138,192.168.1.1/24,-
20201019140139,192.168.1.1/24,-
20201019140140,192.168.1.2/24,9
20201019140141,192.168.1.2/24,87
20201019140142,10.77.1.1/24,-
20201019140143,10.77.1.1/24,4
20201019140144,10.77.1.2/24,9
20201019140145,192.168.1.2/24,1
20201019140146,10.20.30.2/16,11
20201019140147,192.168.1.2/24,20
20201019140148,192.168.1.2/24,-
20201019140149,10.77.1.2/24,96
20201019140150,10.20.30.2/16,-
20201019140152,10.77.1.1/24,8
20201019140153,10.20.30.2/16,2
20201019140154,192.168.1.2/24,7
20201019140155,192.168.1.1/24,8
20201019140157,10.20.30.2/16,1
20201019140158,10.20.30.1/16,-
20201019140200,10.20.30.2/16,4
20201019140201,10.77.1.2/24,-
20201019140202,10.20.30.1/16,75
20201019140203,10.20.30.1/16,-
20201019140204,10.77.1.2/24,7
20201019140205,10.77.1.1/24,-
20201019140206,192.168.1.2/24,15
20201019140207,10.77.1.2/24,-
20201019140208,10.77.1.1/24,4
20201019140210,10.20.30.1/16,9
20201019140212,10.20.30.2/16,3
20201019140213,10.20.30.2/16,4
20201019140214,192.168.1.2/24,7
20201019140216,10.77.1.1/24,10
20201019140217,192.168.1.1/24,-
20201019140219,192.168.1.2/24,3
20201019140220,10.20.30.2/16,-
20201019140222,10.20.30.1/16,2
20201019140223,10.77.1.1/24,39
20201019140225,10.77.1.1/24,-
20201019140226,10.77.1.2/24,6
20201019140227,192.168.1.2/24,-
20201019140228,192.168.1.2/24,1
20201019140229,10.77.1.2/24,4
20201019140230,10.20.30.1/16,-
20201019140231,10.20.30.2/16,6
20201019140233,192.168.1.1/24,5
20201019140234,10.77.1.2/24,45
20201019140236,192.168.1.2/24,9
20201019140237,192.168.1.1/24,4
20201019140238,10.77.1.2/24,-
20201019140239,10.20.30.2/16,5
20201019140240,192.168.1.2/24,4
20201019140242,10.20.30.2/16,-
20201019140244,10.77.1.1/24,7
20201019140245,10.20.30.2/16,2
20201019140247,10.20.30.2/16,71
20201019140249,10.20.30.1/16,-
20201019140250,192.168.1.1/24,-
20201019140251,192.168.1.2/24,9
20201019140252,10.20.30.1/16,8
20201019140253,10.20.30.2/16,5
20201019140254,10.20.30.1/16,71
20201019140255,10.20.30.1/16,7
20201019140256,10.77.1.2/24,-
20201019140257,192.168.1.1/24,1
20201019140259,192.168.1.2/24,7
20201019140300,10.77.1.1/24,91
20201019140302,10.20.30.2/16,-
20201019140303,10.77.1.2/24,17
20201019140304,10.77.1.2/24,-
20201019140305,10.20.30.2/16,3
20201019140307,10.20.30.1/16,7
20201019140308,10.77.1.1/24,7
20201019140310,192.168.1.2/24,85
20201019140311,192.168.1.1/24,73
20201019140312,10.20.30.2/16,-
20201019140313,192.168.1.1/24,21
20201019140314,10.77.1.1/24,1
20201019140315,192.168.1.1/24,4
20201019140316,192.168.1.2/24,91
20201019140318,10.20.30.2/16,3
20201019140319,10.20.30.1/16,41
20201019140320,10.77.1.2/24,-
20201019140321,192.168.1.2/24,3
20201019140322,10.20.30.2/16,2
20201019140323,10.20.30.2/16,-
20201019140324,10.77.1.1/24,8
20201019140325,192.168.1.1/24,3
20201019140326,10.77.1.1/24,3
20201019140327,10.77.1.1/24,1
20201019140329,192.168.1.1/24,5
20201019140331,10.20.30.1/16,7
20201019140332,10.77.1.2/24,8
20201019140334,10.20.30.2/16,9
20201019140335,10.77.1.1/24,-
20201019140337,10.77.1.2/24,23
20201019140338,192.168.1.1/24,-
20201019140339,10.20.30.2/16,7
20201019140340,10.20.30.1/16,4
20201019140341,192.168.1.2/24,8
20201019140342,10.20.30.1/16,-
20201019140343,10.20.30.2/16,-
20201019140345,192.168.1.2/24,-
20201019140346,10.20.30.2/16,-
20201019140347,10.20.30.1/16,36
20201019140348,10.77.1.2/24,5
20201019140349,10.77.1.2/24,6
20201019140350,10.20.30.1/16,7
20201019140351,10.77.1.1/24,-
20201019140352,10.20.30.1/16,27
20201019140353,192.168.1.2/24,9
20201019140354,192.168.1.1/24,7
20201019140355,10.20.30.2/16,6
20201019140357,10.77.1.1/24,-
20201019140358,192.168.1.2/24,8
20201019140359,10.20.30.2/16,8
20201019140401,10.20.30.2/16,-
20201019140402,10.77.1.2/24,10
20201019140403,10.77.1.1/24,1
20201019140404,192.168.1.2/24,4
20201019140405,10.20.30.2/16,9
20201019140406,10.20.30.2/16,-
20201019140407,10.20.30.1/16,-
20201019140409,10.77.1.2/24,4
20201019140410,10.77.1.1/24,11
20201019140411,192.168.1.2/24,3
20201019140412,10.77.1.1/24,23
20201019140413,10.20.30.2/16,90
20201019140415,10.77.1.1/24,9
20201019140416,192.168.1.2/24,-
20201019140417,10.77.1.1/24,1
20201019140419,192.168.1.1/24,4
20201019140420,10.20.30.1/16,5
20201019140421,10.20.30.1/16,28
20201019140422,192.168.1.2/24,5
20201019140423,192.168.1.1/24,4
20201019140424,10.20.30.2/16,9
20201019140425,10.20.30.2/16,4
20201019140426,10.77.1.2/24,2
20201019140427,192.168.1.1/24,-
20201019140428,10.77.1.1/24,51
20201019140429,10.77.1.2/24,3
20201019140430,10.20.30.1/16,-
20201019140431,192.168.1.2/24,-
20201019140432,192.168.1.1/24,9
20201019140433,10.77.1.2/24,-
20201019140434,10.20.30.1/16,-
20201019140435,10.77.1.2/24,9
20201019140437,10.77.1.2/24,-
20201019140438,10.20.30.1/16,-
20201019140439,192.168.1.2/24,8
20201019140440,10.20.30.1/16,8
20201019140441,10.77.1.2/24,-
20201019140442,10.20.30.1/16,-
20201019140443,10.20.30.2/16,22
20201019140444,10.20.30.1/16,-
20201019140445,10.20.30.1/16,7
20201019140446,10.77.1.1/24,7
20201019140447,192.168.1.1/24,5
20201019140448,192.168.1.2/24,-
20201019140449,10.77.1.2/24,2
20201019140450,10.77.1.1/24,4
20201019140451,10.20.30.1/16,9
20201019140452,10.77.1.1/24,74
20201019140453,10.77.1.1/24,7
20201019140454,10.77.1.1/24,6
20201019140455,10.77.1.1/24,4
20201019140456,192.168.1.2/24,-
20201019140457,10.20.30.2/16,-
20201019140459,10.20.30.2/16,9
20201019140500,192.168.1.1/24,8
20201019140501,10.77.1.2/24,1
20201019140503,10.77.1.2/24,2
20201019140505,192.168.1.1/24,4
20201019140507,10.20.30.1/16,-
20201019140509,10.20.30.1/16,7
20201019140511,192.168.1.1/24,5
20201019140512,10.77.1.2/24,9
20201019140513,10.77.1.1/24,-
20201019140514,192.168.1.2/24,1
20201019140515,10.20.30.2/16,9
20201019140516,192.168.1.1/24,8
20201019140517,10.20.30.1/16,2
20201019140518,10.20.30.2/16,11
20201019140519,192.168.1.2/24,28
20201019140520,10.20.30.2/16,1
20201019140521,10.20.30.2/16,6
20201019140523,10.77.1.2/24,6
20201019140524,192.168.1.1/24,1
20201019140525,192.168.1.1/24,22
20201019140526,192.168.1.1/24,-
20201019140527,192.168.1.1/24,-
20201019140528,192.168.1.1/24,98
20201019140529,10.77.1.2/24,-
20201019140530,192.168.1.1/24,8
20201019140532,10.77.1.2/24,2
20201019140534,10.20.30.2/16,-
20201019140536,192.168.1.2/24,-
20201019140537,10.20.30.1/16,-
20201019140538,10.77.1.2/24,-
20201019140539,10.77.1.1/24,2
20201019140540,10.20.30.1/16,-
20201019140541,10.77.1.1/24,34
20201019140543,192.168.1.1/24,42
20201019140544,10.77.1.1/24,1
20201019140546,10.20.30.2/16,1
20201019140547,10.77.1.1/24,-
20201019140548,10.77.1.1/24,2
20201019140549,10.77.1.1/24,51
20201019140550,192.168.1.1/24,-
20201019140551,10.77.1.1/24,15
20201019140552,192.168.1.1/24,-
20201019140553,10.20.30.2/16,3
20201019140554,10.77.1.2/24,-
20201019140555,10.20.30.2/16,-
20201019140556,192.168.1.2/24,-
20201019140557,10.77.1.2/24,86
20201019140559,10.20.30.1/16,3
20201019140600,192.168.1.1/24,5
20201019140601,10.20.30.1/16,-
20201019140603,10.20.30.1/16,-
20201019140604,10.77.1.2/24,7
20201019140605,192.168.1.1/24,2
20201019140607,10.20.30.2/16,34
20201019140608,192.168.1.2/24,-
20201019140610,10.20.30.2/16,2
20201019140611,10.20.30.1/16,5
20201019140612,192.168.1.1/24,-
20201019140613,10.20.30.2/16,-
20201019140614,10.20.30.2/16,8
20201019140615,10.20.30.2/16,-
20201019140616,10.77.1.2/24,-
20201019140617,192.168.1.2/24,61
20201019140618,10.77.1.1/24,5
20201019140619,10.77.1.1/24,20
20201019140621,10.20.30.2/16,1
20201019140622,10.77.1.1/24,44
20201019140623,10.20.30.1/16,-
20201019140624,10.77.1.2/24,4
20201019140626,192.168.1.1/24,98
20201019140628,10.20.30.1/16,-
20201019140629,10.77.1.2/24,8
20201019140630,10.77.1.1/24,-
20201019140632,10.77.1.2/24,26
20201019140633,10.20.30.1/16,3
20201019140635,192.168.1.1/24,9
20201019140636,10.77.1.2/24,19
20201019140638,10.77.1.1/24,-
20201019140639,10.77.1.2/24,8
20201019140640,10.20.30.1/16,4
20201019140642,192.168.1.2/24,21
20201019140644,192.168.1.2/24,7
20201019140646,192.168.1.2/24,-
20201019140647,10.77.1.1/24,4
20201019140649,192.168.1.2/24,3
20201019140650,10.20.30.1/16,8
20201019140652,10.77.1.1/24,2
20201019140653,10.20.30.2/16,8
20201019140654,10.20.30.2/16,9
20201019140655,10.20.30.2/16,1
20201019140656,10.77.1.1/24,1
20201019140657,192.168.1.1/24,8
20201019140658,10.20.30.1/16,31
20201019140659,192.168.1.1/24,7
20201019140700,192.168.1.2/24,3
20201019140702,192.168.1.1/24,1
20201019140703,192.168.1.1/24,3
20201019140704,10.77.1.2/24,-
20201019140705,10.20.30.2/16,7
20201019140706,10.20.30.1/16,-
20201019140707,192.168.1.1/24,7
20201019140708,192.168.1.2/24,-
20201019140710,192.168.1.1/24,25
20201019140712,10.20.30.1/16,71
20201019140713,192.168.1.1/24,-
20201019140715,10.20.30.2/16,14
20201019140716,192.168.1.1/24,7
20201019140718,192.168.1.1/24,-
20201019140720,10.77.1.2/24,14
20201019140722,10.20.30.2/16,7
20201019140723,10.20.30.1/16,-
20201019140724,10.77.1.2/24,-
20201019140726,10.77.1.2/24,2
20201019140727,10.20.30.2/16,-
20201019140729,10.77.1.1/24,-
20201019140730,192.168.1.2/24,2
20201019140731,10.20.30.2/16,1
20201019140732,192.168.1.1/24,-
20201019140733,10.20.30.2/16,7
20201019140735,10.20.30.1/16,-
20201019140736,192.168.1.2/24,-
20201019140737,10.20.30.1/16,-
20201019140738,10.77.1.1/24,9
20201019140740,192.168.1.2/24,75
20201019140741,10.77.1.1/24,6
20201019140742,10.20.30.2/16,-
20201019140743,192.168.1.1/24,7
20201019140744,10.77.1.1/24,1
20201019140745,192.168.1.1/24,6
20201019140746,10.77.1.2/24,-
20201019140747,10.77.1.1/24,5
20201019140748,192.168.1.2/24,21
20201019140749,10.77.1.1/24,8
20201019140750,192.168.1.1/24,2
20201019140752,10.20.30.1/16,74
20201019140753,10.20.30.2/16,-
20201019140755,192.168.1.1/24,-
20201019140757,10.20.30.2/16,1
20201019140758,10.20.30.2/16,5
20201019140759,10.77.1.1/24,18
20201019140800,192.168.1.2/24,4
20201019140801,192.168.1.2/24,-
20201019140803,10.20.30.1/16,5
20201019140804,10.77.1.1/24,7
20201019140805,10.20.30.1/16,2
20201019140806,192.168.1.1/24,8
20201019140807,192.168.1.1/24,9
20201019140808,10.20.30.2/16,12
20201019140809,10.77.1.1/24,4
20201019140810,10.20.30.2/16,13
20201019140811,10.20.30.1/16,4
20201019140812,10.20.30.1/16,-
20201019140813,10.20.30.2/16,20
20201019140814,192.168.1.2/24,25
20201019140815,192.168.1.2/24,-
20201019140817,10.20.30.1/16,59
20201019140819,10.77.1.1/24,9
20201019140820,10.20.30.2/16,1
20201019140821,192.168.1.2/24,7
20201019140822,10.77.1.1/24,-
20201019140823,10.20.30.1/16,-
20201019140824,10.20.30.2/16,-
20201019140826,10.20.30.1/16,-
20201019140827,10.77.1.1/24,97
20201019140828,192.168.1.1/24,6
20201019140829,10.20.30.1/16,2
20201019140830,10.20.30.2/16,5
20201019140831,10.77.1.1/24,-
20201019140832,192.168.1.2/24,-
20201019140833,192.168.1.1/24,-
20201019140834,192.168.1.2/24,5
20201019140835,10.77.1.1/24,6
20201019140836,192.168.1.2/24,4
20201019140837,10.20.30.2/16,-
20201019140839,192.168.1.2/24,-
20201019140840,10.77.1.1/24,-
20201019140841,10.77.1.2/24,1
20201019140842,10.20.30.2/16,-
20201019140843,10.77.1.1/24,11
20201019140844,192.168.1.1/24,9
20201019140845,192.168.1.1/24,36
20201019140846,192.168.1.2/24,2
20201019140847,10.77.1.1/24,-
20201019140848,10.20.30.1/16,2
20201019140849,10.77.1.1/24,75
20201019140850,10.20.30.1/16,5
20201019140851,10.20.30.1/16,-
20201019140852,192.168.1.2/24,4
20201019140854,10.77.1.2/24,88
20201019140856,10.20.30.2/16,-
20201019140857,10.77.1.1/24,-
20201019140858,10.77.1.2/24,-
20201019140859,10.20.30.2/16,75
20201019140900,10.20.30.2/16,62
20201019140901,10.20.30.2/16,18
20201019140902,10.77.1.1/24,-
20201019140903,10.77.1.2/24,2
20201019140904,10.77.1.1/24,-
20201019140905,10.77.1.1/24,-
20201019140907,10.20.30.1/16,3
20201019140908,10.77.1.2/24,-
20201019140910,192.168.1.2/24,-
20201019140912,10.20.30.2/16,-
20201019140913,10.77.1.2/24,1
20201019140914,10.20.30.1/16,40
20201019140915,10.20.30.1/16,4
20201019140917,192.168.1.1/24,3
20201019140918,10.77.1.1/24,-
20201019140919,192.168.1.2/24,-
20201019140920,192.168.1.1/24,85
20201019140921,192.168.1.1/24,4
20201019140922,192.168.1.2/24,-
20201019140923,10.20.30.2/16,11
20201019140925,10.77.1.2/24,4
20201019140926,192.168.1.2/24,-
20201019140927,192.168.1.1/24,2
20201019140928,10.20.30.1/16,-
20201019140929,192.168.1.1/24,23
20201019140930,192.168.1.1/24,29
20201019140931,10.77.1.1/24,94
20201019140932,10.20.30.1/16,-
20201019140933,10.77.1.2/24,8
20201019140934,192.168.1.2/24,99
20201019140935,10.20.30.2/16,-
20201019140936,10.20.30.1/16,3
20201019140937,192.168.1.2/24,-
20201019140938,10.77.1.1/24,8
20201019140940,192.168.1.1/24,4
20201019140942,10.20.30.2/16,6
20201019140943,10.20.30.2/16,9
20201019140944,10.20.30.2/16,3
20201019140946,192.168.1.1/24,6
20201019140948,192.168.1.2/24,-
20201019140950,10.77.1.2/24,44
20201019140951,10.77.1.1/24,-
20201019140953,10.77.1.1/24,6
20201019140954,10.20.30.2/16,31
20201019140955,10.20.30.1/16,12
20201019140957,10.20.30.1/16,5
20201019140958,10.20.30.2/16,3
20201019141000,10.77.1.1/24,5
20201019141001,10.77.1.2/24,6
20201019141002,10.20.30.2/16,5
20201019141004,192.168.1.1/24,4
20201019141005,192.168.1.2/24,54
20201019141006,10.20.30.1/16,-
20201019141008,10.20.30.1/16,1
20201019141009,10.20.30.2/16,33
20201019141010,10.77.1.2/24,8
20201019141012,10.77.1.2/24,2
20201019141014,192.168.1.2/24,87
20201019141015,192.168.1.1/24,85
20201019141016,10.20.30.1/16,30
20201019141017,10.77.1.2/24,19
20201019141019,192.168.1.1/24,6
20201019141021,192.168.1.1/24,3
20201019141023,10.77.1.1/24,-
20201019141025,10.77.1.1/24,-
20201019141027,10.20.30.1/16,7
20201019141028,192.168.1.2/24,-
20201019141029,10.77.1.1/24,11
20201019141030,192.168.1.1/24,5
20201019141031,192.168.1.1/24,3
20201019141032,10.77.1.1/24,89
20201019141033,10.20.30.1/16,8
20201019141035,10.77.1.1/24,7
20201019141036,192.168.1.2/24,9
20201019141038,10.20.30.2/16,27
20201019141040,192.168.1.2/24,46
20201019141041,10.77.1.1/24,6
20201019141042,10.77.1.1/24,3
20201019141043,192.168.1.1/24,-
20201019141044,192.168.1.2/24,6
20201019141045,10.77.1.1/24,82
20201019141046,10.20.30.2/16,9
20201019141047,10.77.1.2/24,-
20201019141048,10.77.1.2/24,-
20201019141049,10.20.30.1/16,91
20201019141050,10.20.30.2/16,6
20201019141051,10.77.1.2/24,7
20201019141052,192.168.1.1/24,3
20201019141053,10.20.30.1/16,2
20201019141054,10.20.30.1/16,-
20201019141056,10.77.1.2/24,-
20201019141057,192.168.1.2/24,17
20201019141058,10.77.1.1/24,6
20201019141059,10.20.30.1/16,40
20201019141100,10.20.30.1/16,7
20201019141102,10.20.30.2/16,5
20201019141103,10.77.1.2/24,10
20201019141104,10.20.30.1/16,36
20201019141105,192.168.1.1/24,74
20201019141106,10.20.30.1/16,4
20201019141107,10.77.1.1/24,49
20201019141109,192.168.1.2/24,-
20201019141111,192.168.1.1/24,1
20201019141112,10.20.30.1/16,-
20201019141113,10.20.30.2/16,8
20201019141114,10.20.30.1/16,5
20201019141116,10.20.30.1/16,8
20201019141117,192.168.1.2/24,9
20201019141118,10.77.1.2/24,-
20201019141120,10.20.30.1/16,-
20201019141122,10.20.30.2/16,7
20201019141124,10.77.1.1/24,51
20201019141125,10.20.30.2/16,2
20201019141126,192.168.1.1/24,-
20201019141127,192.168.1.2/24,-
20201019141128,10.20.30.2/16,9
20201019141129,10.77.1.1/24,3
20201019141130,10.20.30.1/16,-
20201019141131,10.20.30.2/16,9
20201019141132,10.20.30.1/16,7
20201019141133,192.168.1.1/24,8
20201019141134,10.77.1.1/24,8
20201019141136,10.77.1.2/24,-
20201019141138,192.168.1.1/24,-
20201019141140,192.168.1.2/24,6
20201019141141,10.20.30.2/16,-
20201019141142,10.20.30.1/16,6
20201019141143,10.20.30.2/16,-
20201019141145,10.77.1.2/24,1
20201019141147,192.168.1.2/24,48
20201019141148,10.20.30.2/16,9
20201019141149,10.77.1.1/24,4
20201019141151,10.20.30.1/16,57
20201019141152,10.77.1.2/24,9
20201019141153,10.20.30.1/16,8
20201019141155,10.20.30.1/16,71
20201019141156,192.168.1.2/24,2
20201019141158,192.168.1.2/24,8
20201019141159,192.168.1.2/24,1
20201019141200,10.20.30.1/16,-
20201019141202,192.168.1.2/24,-
20201019141204,192.168.1.2/24,19
20201019141206,10.20.30.2/16,24
20201019141208,192.168.1.2/24,6
20201019141209,10.20.30.2/16,-
20201019141211,10.20.30.1/16,-
20201019141212,10.77.1.1/24,32
20201019141213,192.168.1.1/24,27
20201019141214,192.168.1.1/24,-
20201019141216,10.20.30.2/16,1
20201019141218,10.77.1.2/24,3
20201019141220,10.77.1.1/24,1
20201019141221,10.20.30.2/16,5
20201019141222,10.77.1.1/24,13
20201019141224,10.20.30.2/16,-
20201019141226,192.168.1.1/24,17
20201019141227,192.168.1.1/24,1
20201019141228,10.20.30.1/16,33
20201019141229,10.77.1.1/24,26
20201019141230,192.168.1.1/24,3
20201019141231,10.20.30.2/16,8
20201019141232,10.77.1.2/24,2
20201019141233,192.168.1.2/24,8
20201019141234,192.168.1.1/24,-
20201019141235,192.168.1.1/24,3
20201019141236,192.168.1.1/24,73
20201019141237,10.20.30.2/16,6
20201019141238,192.168.1.1/24,1
20201019141239,192.168.1.1/24,-
20201019141240,192.168.1.2/24,-
20201019141241,10.77.1.1/24,-
20201019141243,192.168.1.2/24,31
20201019141244,192.168.1.2/24,3
20201019141245,192.168.1.2/24,2
20201019141247,10.77.1.1/24,-
20201019141248,192.168.1.2/24,-
20201019141250,192.168.1.2/24,3
20201019141252,10.20.30.2/16,57
20201019141253,10.77.1.1/24,5
20201019141254,192.168.1.1/24,-
20201019141255,192.168.1.1/24,4
20201019141256,192.168.1.2/24,3
20201019141258,192.168.1.2/24,7
20201019141259,192.168.1.2/24,78
20201019141300,10.77.1.2/24,54
20201019141302,192.168.1.2/24,8
20201019141303,10.20.30.1/16,-
20201019141305,192.168.1.1/24,8
20201019141306,10.20.30.2/16,8
20201019141307,192.168.1.1/24,9
20201019141309,10.20.30.2/16,-
20201019141310,192.168.1.1/24,78
20201019141311,10.77.1.2/24,9
20201019141313,10.20.30.1/16,70
20201019141314,10.20.30.2/16,7
20201019141315,10.20.30.2/16,2
20201019141316,10.77.1.2/24,-
20201019141317,192.168.1.1/24,7
20201019141318,192.168.1.2/24,3
20201019141319,192.168.1.2/24,8
20201019141320,10.77.1.2/24,16
20201019141321,192.168.1.2/24,1
20201019141322,10.77.1.1/24,1
20201019141323,10.20.30.2/16,-
20201019141324,192.168.1.2/24,3
20201019141325,10.20.30.1/16,-
20201019141326,10.77.1.2/24,2
20201019141327,10.20.30.2/16,-
20201019141328,10.20.30.2/16,4
20201019141329,10.77.1.1/24,-
20201019141330,10.20.30.2/16,10
20201019141331,10.77.1.2/24,6
20201019141332,10.77.1.2/24,-
20201019141333,10.77.1.2/24,-
20201019141334,10.77.1.1/24,-
20201019141335,10.77.1.1/24,2
20201019141336,10.20.30.1/16,7
20201019141337,10.77.1.1/24,-
20201019141338,10.20.30.2/16,9
20201019141339,10.20.30.1/16,1
20201019141341,10.77.1.2/24,4
20201019141342,10.20.30.1/16,4
20201019141343,10.20.30.2/16,8
20201019141344,10.20.30.2/16,7
20201019141346,10.20.30.1/16,-
20201019141348,10.20.30.1/16,26
20201019141349,10.20.30.2/16,95
20201019141351,10.77.1.1/24,20
20201019141352,192.168.1.2/24,-
20201019141353,10.20.30.1/16,3
20201019141355,192.168.1.1/24,1
20201019141356,10.20.30.1/16,3
20201019141357,10.20.30.1/16,1
20201019141358,10.77.1.2/24,-
20201019141359,192.168.1.1/24,18
20201019141401,10.20.30.1/16,5
20201019141402,192.168.1.2/24,-
20201019141403,10.20.30.2/16,12
20201019141404,10.77.1.1/24,10
20201019141406,192.168.1.2/24,5
20201019141407,10.20.30.2/16,12
20201019141408,10.77.1.1/24,8
20201019141409,10.20.30.1/16,75
20201019141410,10.20.30.2/16,-
20201019141411,192.168.1.1/24,8
20201019141412,10.20.30.2/16,9
20201019141413,192.168.1.1/24,64
20201019141414,192.168.1.1/24,7
20201019141415,10.20.30.2/16,-
20201019141416,192.168.1.1/24,94
20201019141418,192.168.1.1/24,-
20201019141419,10.20.30.2/16,76
20201019141420,10.77.1.1/24,5
20201019141421,192.168.1.1/24,3
20201019141422,192.168.1.2/24,86
20201019141424,10.20.30.1/16,5
20201019141426,10.20.30.1/16,5
20201019141427,10.77.1.1/24,5
20201019141428,10.77.1.2/24,-
20201019141429,10.77.1.2/24,-
20201019141430,192.168.1.2/24,4
20201019141431,192.168.1.2/24,13
20201019141432,192.168.1.1/24,7
20201019141433,192.168.1.1/24,-
20201019141434,10.20.30.2/16,15
20201019141435,192.168.1.2/24,4
20201019141437,10.77.1.2/24,6
20201019141438,192.168.1.2/24,-
20201019141440,192.168.1.2/24,-
20201019141441,10.77.1.1/24,-
20201019141443,10.20.30.2/16,-
20201019141445,10.77.1.1/24,8
20201019141446,192.168.1.1/24,35
20201019141447,192.168.1.2/24,2
20201019141448,192.168.1.2/24,6
20201019141449,10.20.30.2/16,4
20201019141451,10.77.1.1/24,11
20201019141453,10.20.30.2/16,-
20201019141455,192.168.1.2/24,3
20201019141456,10.20.30.1/16,-
20201019141458,10.20.30.2/16,-
20201019141459,10.77.1.1/24,5
20201019141500,10.77.1.2/24,53
20201019141501,10.20.30.1/16,4
20201019141503,10.77.1.1/24,1
20201019141505,10.77.1.2/24,6
20201019141507,192.168.1.2/24,2
20201019141508,10.77.1.2/24,-
20201019141509,10.20.30.1/16,80
20201019141510,192.168.1.2/24,5
20201019141511,10.77.1.1/24,3
20201019141513,192.168.1.1/24,2
20201019141514,192.168.1.2/24,-
20201019141516,10.20.30.2/16,-
20201019141518,10.77.1.2/24,7
20201019141519,10.77.1.2/24,8
20201019141520,192.168.1.2/24,9
20201019141521,192.168.1.2/24,-
20201019141522,192.168.1.1/24,3
20201019141523,10.77.1.1/24,-
20201019141524,10.77.1.2/24,7
20201019141526,10.20.30.2/16,2
20201019141527,10.77.1.2/24,7
20201019141528,10.20.30.2/16,10
20201019141529,10.20.30.1/16,7
20201019141530,10.20.30.2/16,-
20201019141532,192.168.1.2/24,54
20201019141533,10.77.1.1/24,-
20201019141535,192.168.1.1/24,3
20201019141536,192.168.1.2/24,4
20201019141537,10.20.30.1/16,-
20201019141538,192.168.1.2/24,7
20201019141539,10.77.1.1/24,7
20201019141541,10.77.1.1/24,1
20201019141542,10.20.30.2/16,4
20201019141543,10.77.1.2/24,-
20201019141545,192.168.1.2/24,-
20201019141546,192.168.1.1/24,-
20201019141548,10.20.30.2/16,7
20201019141549,10.77.1.2/24,7
20201019141550,10.20.30.1/16,2
20201019141552,10.77.1.2/24,12
20201019141553,192.168.1.1/24,30
20201019141554,10.77.1.2/24,8
20201019141556,192.168.1.2/24,-
20201019141557,10.20.30.2/16,1
20201019141558,10.77.1.1/24,8
20201019141559,10.77.1.2/24,9
20201019141600,10.20.30.2/16,9
20201019141601,192.168.1.2/24,3
20201019141602,10.20.30.1/16,-
20201019141603,10.77.1.2/24,14
20201019141604,10.20.30.2/16,6
20201019141606,10.20.30.1/16,3
20201019141607,10.77.1.2/24,9
20201019141608,192.168.1.1/24,-
20201019141609,192.168.1.2/24,9
20201019141610,10.20.30.1/16,-
20201019141612,10.20.30.2/16,1
20201019141613,10.20.30.2/16,2
20201019141614,10.20.30.2/16,4
20201019141615,192.168.1.2/24,4
20201019141617,192.168.1.1/24,8
20201019141619,10.77.1.2/24,1
20201019141620,10.77.1.2/24,9
20201019141622,192.168.1.2/24,-
20201019141623,10.77.1.1/24,5
20201019141624,192.168.1.1/24,4
20201019141625,10.77.1.1/24,-
20201019141627,10.20.30.2/16,69
20201019141628,10.77.1.2/24,57
20201019141629,192.168.1.1/24,2
20201019141630,192.168.1.2/24,-
20201019141631,10.20.30.1/16,-
20201019141632,10.20.30.2/16,9
20201019141633,192.168.1.1/24,9
20201019141634,10.77.1.1/24,5
20201019141635,192.168.1.2/24,2
20201019141636,192.168.1.1/24,-
20201019141637,10.77.1.1/24,8
20201019141638,192.168.1.2/24,3
20201019141639,10.20.30.2/16,79
20201019141640,10.20.30.1/16,2
20201019141641,192.168.1.1/24,-
20201019141642,10.20.30.1/16,-
20201019141644,10.20.30.1/16,6
20201019141645,10.20.30.1/16,-
20201019141646,192.168.1.1/24,3
20201019141647,192.168.1.1/24,-
20201019141648,10.77.1.2/24,63
20201019141649,10.77.1.2/24,65
20201019141650,10.20.30.1/16,18
20201019141651,10.20.30.2/16,-
20201019141652,10.20.30.2/16,-
20201019141653,192.168.1.2/24,71
20201019141654,10.77.1.1/24,11
20201019141656,10.20.30.2/16,6
20201019141658,192.168.1.1/24,26
20201019141659,10.20.30.2/16,4
20201019141700,10.20.30.1/16,37
20201019141701,10.77.1.2/24,74
20201019141702,10.77.1.2/24,7
20201019141703,10.20.30.1/16,1
20201019141704,10.77.1.2/24,-
20201019141705,10.77.1.1/24,-
20201019141706,192.168.1.1/24,6
20201019141707,10.77.1.1/24,3
20201019141708,10.77.1.2/24,-
20201019141709,192.168.1.1/24,-
20201019141711,10.20.30.2/16,62
20201019141712,10.20.30.2/16,8
20201019141713,192.168.1.1/24,5
20201019141714,10.77.1.1/24,2
20201019141715,10.20.30.1/16,7
20201019141716,10.77.1.1/24,4
20201019141718,10.77.1.2/24,63
20201019141719,10.20.30.2/16,31
20201019141720,10.20.30.2/16,9
20201019141721,10.20.30.2/16,-
20201019141722,10.20.30.1/16,6
20201019141724,192.168.1.2/24,18
20201019141725,192.168.1.1/24,2
20201019141726,10.77.1.2/24,21
20201019141727,10.77.1.2/24,7
20201019141728,10.20.30.1/16,12
20201019141730,10.77.1.2/24,5
20201019141732,10.20.30.1/16,9
20201019141733,192.168.1.2/24,36
20201019141735,10.20.30.2/16,-
20201019141736,10.77.1.2/24,28
20201019141737,10.77.1.2/24,9
20201019141739,192.168.1.2/24,27
20201019141740,192.168.1.2/24,-
20201019141742,10.20.30.1/16,19
20201019141743,192.168.1.1/24,26
20201019141745,10.20.30.1/16,9
20201019141746,10.20.30.1/16,7
20201019141747,10.77.1.1/24,-
20201019141748,10.77.1.1/24,8
20201019141750,192.168.1.2/24,5
20201019141751,192.168.1.2/24,2
20201019141752,10.77.1.2/24,10
20201019141753,192.168.1.2/24,5
20201019141754,10.77.1.2/24,6
20201019141755,10.77.1.2/24,-
20201019141756,10.20.30.2/16,37
20201019141757,10.20.30.1/16,-
20201019141758,10.20.30.1/16,-
20201019141759,192.168.1.1/24,5
20201019141800,10.77.1.1/24,1
20201019141802,10.20.30.2/16,-
20201019141803,192.168.1.2/24,17
20201019141805,10.20.30.2/16,92
20201019141806,10.20.30.2/16,4
20201019141807,192.168.1.2/24,-
20201019141808,10.20.30.1/16,3
20201019141809,10.20.30.1/16,-
20201019141810,192.168.1.2/24,7
20201019141811,192.168.1.2/24,82
20201019141812,10.77.1.1/24,38
20201019141814,10.20.30.1/16,83
20201019141816,10.77.1.2/24,9
20201019141817,10.77.1.2/24,52
20201019141818,192.168.1.1/24,7
20201019141819,10.77.1.1/24,84
20201019141820,10.20.30.1/16,7
20201019141821,10.20.30.2/16,9
20201019141823,10.20.30.2/16,1
20201019141825,192.168.1.1/24,8
20201019141826,10.77.1.2/24,9
20201019141827,10.20.30.2/16,27
20201019141829,10.20.30.1/16,71
20201019141830,10.20.30.2/16,4
20201019141831,10.77.1.2/24,16
20201019141832,10.20.30.2/16,-
20201019141833,192.168.1.2/24,80
20201019141834,10.20.30.1/16,7
20201019141835,192.168.1.2/24,2
20201019141836,10.77.1.2/24,7
20201019141837,10.77.1.1/24,98
20201019141838,192.168.1.1/24,7
20201019141839,192.168.1.2/24,7
20201019141840,192.168.1.2/24,19
20201019141842,10.77.1.1/24,4
20201019141843,10.20.30.2/16,65
20201019141844,10.20.30.2/16,-
20201019141845,10.20.30.2/16,35
20201019141846,10.77.1.2/24,12
20201019141847,192.168.1.2/24,10
20201019141848,192.168.1.1/24,-
20201019141850,192.168.1.1/24,39
20201019141851,10.20.30.1/16,1
20201019141852,10.77.1.1/24,1
20201019141853,10.77.1.1/24,-
20201019141854,10.77.1.2/24,40
20201019141855,10.20.30.1/16,-
20201019141857,192.168.1.1/24,-
20201019141859,192.168.1.1/24,9
20201019141900,10.77.1.1/24,53
20201019141902,192.168.1.2/24,-
20201019141904,192.168.1.2/24,-
20201019141906,192.168.1.2/24,18
20201019141907,192.168.1.1/24,26
20201019141908,10.20.30.2/16,7
20201019141909,10.77.1.1/24,80
20201019141910,10.20.30.2/16,-
20201019141911,10.77.1.1/24,2
20201019141912,10.77.1.1/24,6
20201019141913,10.20.30.2/16,12
20201019141914,192.168.1.1/24,19
20201019141915,192.168.1.1/24,-
20201019141916,10.20.30.1/16,-
20201019141917,192.168.1.1/24,-
20201019141918,10.20.30.2/16,23
20201019141919,10.77.1.1/24,19
20201019141920,10.20.30.2/16,16
20201019141922,10.77.1.2/24,75
20201019141923,192.168.1.2/24,-
20201019141924,10.20.30.1/16,11
20201019141925,10.20.30.2/16,3
20201019141926,192.168.1.2/24,2
20201019141927,192.168.1.1/24,3
20201019141928,10.77.1.1/24,8
20201019141929,192.168.1.1/24,-
20201019141931,10.77.1.2/24,4
20201019141932,10.20.30.1/16,6
20201019141933,10.77.1.1/24,9
20201019141934,192.168.1.1/24,1
20201019141935,192.168.1.2/24,62
20201019141936,10.20.30.1/16,7
20201019141937,10.77.1.1/24,-
20201019141938,10.77.1.1/24,4
20201019141940,192.168.1.1/24,6
20201019141941,192.168.1.1/24,58
20201019141942,10.77.1.2/24,49
20201019141943,10.77.1.1/24,3
20201019141944,10.20.30.1/16,-
20201019141945,192.168.1.2/24,3
20201019141946,10.20.30.2/16,53
20201019141947,10.20.30.2/16,44
20201019141949,10.20.30.2/16,44
20201019141950,192.168.1.1/24,8
20201019141951,192.168.1.1/24,3
20201019141952,10.20.30.1/16,8
20201019141953,10.20.30.1/16,9
20201019141954,10.77.1.2/24,12
20201019141955,192.168.1.1/24,90
20201019141956,10.20.30.2/16,2
20201019141958,192.168.1.2/24,2
20201019141959,10.20.30.2/16,10
20201019142001,10.77.1.1/24,3
20201019142002,192.168.1.2/24,-
20201019142003,10.77.1.2/24,-
20201019142004,192.168.1.2/24,6
20201019142005,192.168.1.2/24,1
20201019142006,10.77.1.1/24,-
20201019142008,192.168.1.1/24,4
20201019142009,192.168.1.2/24,7
20201019142010,10.77.1.2/24,5
20201019142012,10.20.30.2/16,92
20201019142013,192.168.1.2/24,96
20201019142015,192.168.1.1/24,-
20201019142016,192.168.1.2/24,5
20201019142017,10.77.1.2/24,7
20201019142018,192.168.1.2/24,3
20201019142019,192.168.1.2/24,-
20201019142020,10.20.30.2/16,75
20201019142021,10.20.30.1/16,26
20201019142023,10.20.30.1/16,7
20201019142024,192.168.1.2/24,1
20201019142025,10.20.30.1/16,11
20201019142027,192.168.1.2/24,6
20201019142028,10.77.1.1/24,2
20201019142030,192.168.1.1/24,3
20201019142031,10.20.30.1/16,5
20201019142032,192.168.1.1/24,11
20201019142033,192.168.1.2/24,-
20201019142034,10.77.1.2/24,-
20201019142035,10.77.1.1/24,12
20201019142037,10.20.30.2/16,1
20201019142038,192.168.1.2/24,5
20201019142039,10.77.1.1/24,4
20201019142040,10.77.1.2/24,4
20201019142041,10.20.30.1/16,-
20201019142043,192.168.1.1/24,3
20201019142044,10.77.1.1/24,4
20201019142045,10.77.1.2/24,2
20201019142047,192.168.1.1/24,-
20201019142049,10.77.1.2/24,-
20201019142050,192.168.1.1/24,-
20201019142052,10.77.1.2/24,19
20201019142053,10.77.1.1/24,7
20201019142054,10.77.1.1/24,85
20201019142056,10.77.1.2/24,-
20201019142058,192.168.1.2/24,1
20201019142059,10.77.1.2/24,1
20201019142100,10.20.30.1/16,4
20201019142102,10.20.30.2/16,11
20201019142103,10.20.30.1/16,-
20201019142105,10.77.1.1/24,-
20201019142107,10.20.30.2/16,-
20201019142109,10.77.1.1/24,9
20201019142110,10.20.30.1/16,35
20201019142111,10.20.30.2/16,9
20201019142112,10.77.1.2/24,-
20201019142113,192.168.1.2/24,57
20201019142115,10.20.30.1/16,-
20201019142116,192.168.1.2/24,-
20201019142117,192.168.1.1/24,2
20201019142118,10.20.30.2/16,7
20201019142119,192.168.1.1/24,5
20201019142120,10.77.1.2/24,9
20201019142121,192.168.1.1/24,-
20201019142122,192.168.1.1/24,-
20201019142123,10.77.1.1/24,3
20201019142125,192.168.1.1/24,44
20201019142126,192.168.1.1/24,3
20201019142127,10.20.30.1/16,-
20201019142128,192.168.1.2/24,40
20201019142129,10.77.1.2/24,3
20201019142130,10.77.1.2/24,6
20201019142131,10.20.30.2/16,31
20201019142132,192.168.1.2/24,-
20201019142133,192.168.1.1/24,24
20201019142135,192.168.1.1/24,45
20201019142136,192.168.1.2/24,-
20201019142138,10.77.1.2/24,78
20201019142139,10.20.30.1/16,-
20201019142140,192.168.1.1/24,-
20201019142141,192.168.1.1/24,-
20201019142142,192.168.1.1/24,-
20201019142143,10.77.1.1/24,35
20201019142144,10.77.1.1/24,6
20201019142145,192.168.1.1/24,-
20201019142146,10.20.30.1/16,8
20201019142147,10.77.1.1/24,99
20201019142148,10.77.1.1/24,3
20201019142149,10.77.1.1/24,29
20201019142150,10.77.1.2/24,98
20201019142151,10.20.30.2/16,45
20201019142152,192.168.1.1/24,4
20201019142153,192.168.1.2/24,2
20201019142155,10.77.1.1/24,-
20201019142157,10.20.30.1/16,-
20201019142158,192.168.1.2/24,3
20201019142159,192.168.1.2/24,8
20201019142201,192.168.1.1/24,14
20201019142202,10.77.1.2/24,7
20201019142203,192.168.1.1/24,-
20201019142205,192.168.1.1/24,5
20201019142206,10.77.1.2/24,-
20201019142207,10.20.30.1/16,6
20201019142208,192.168.1.1/24,58
20201019142209,10.77.1.2/24,-
20201019142211,10.77.1.2/24,17
20201019142213,10.77.1.2/24,-
20201019142214,10.20.30.2/16,5
20201019142215,10.20.30.1/16,9
20201019142216,192.168.1.2/24,96
20201019142217,192.168.1.2/24,16
20201019142219,10.77.1.1/24,5
20201019142220,192.168.1.1/24,-
20201019142221,10.20.30.1/16,-
20201019142222,10.20.30.2/16,69
20201019142223,10.20.30.1/16,4
20201019142225,192.168.1.1/24,18
20201019142226,192.168.1.1/24,6
20201019142227,10.20.30.2/16,3
20201019142228,192.168.1.1/24,56
20201019142229,10.77.1.2/24,5
20201019142230,10.77.1.2/24,1
20201019142231,10.77.1.1/24,-
20201019142233,10.77.1.1/24,73
20201019142234,192.168.1.2/24,8
20201019142235,10.20.30.2/16,6
20201019142236,10.20.30.1/16,17
20201019142237,10.77.1.1/24,7
20201019142238,10.20.30.1/16,5
20201019142239,10.20.30.2/16,6
20201019142241,10.20.30.2/16,-
20201019142242,10.20.30.1/16,2
20201019142243,192.168.1.2/24,-
20201019142245,192.168.1.2/24,2
20201019142246,192.168.1.2/24,-
20201019142248,10.77.1.1/24,-
20201019142250,10.77.1.2/24,8
20201019142251,10.20.30.1/16,6
20201019142252,10.77.1.2/24,-
20201019142253,10.77.1.2/24,8
20201019142254,10.77.1.2/24,1
20201019142256,192.168.1.1/24,3
20201019142257,10.77.1.2/24,8
20201019142258,192.168.1.1/24,47
20201019142300,192.168.1.2/24,-
20201019142302,192.168.1.2/24,-
20201019142303,10.20.30.2/16,-
20201019142304,10.20.30.2/16,8
20201019142305,10.77.1.1/24,7
20201019142306,10.20.30.1/16,45
20201019142307,10.20.30.1/16,-
20201019142309,192.168.1.2/24,1
20201019142311,10.77.1.2/24,43
20201019142312,10.20.30.2/16,8
20201019142313,10.20.30.1/16,7
20201019142314,192.168.1.2/24,2
20201019142315,10.77.1.2/24,4
20201019142316,10.77.1.2/24,4
20201019142317,192.168.1.2/24,-
20201019142318,10.20.30.2/16,62
20201019142319,192.168.1.2/24,-
20201019142321,192.168.1.2/24,4
20201019142323,10.77.1.2/24,-
20201019142324,192.168.1.2/24,77
20201019142325,192.168.1.2/24,-
20201019142326,192.168.1.1/24,11
20201019142327,10.20.30.2/16,-
20201019142328,192.168.1.2/24,-
20201019142329,10.20.30.2/16,6
20201019142330,192.168.1.1/24,57
20201019142331,192.168.1.1/24,9
20201019142332,10.20.30.1/16,6
20201019142334,192.168.1.2/24,8
20201019142335,10.20.30.1/16,-
20201019142336,10.20.30.1/16,8
20201019142337,10.77.1.2/24,-
20201019142338,192.168.1.1/24,7
20201019142339,10.20.30.2/16,8
20201019142340,10.77.1.1/24,7
20201019142341,192.168.1.2/24,-
20201019142342,10.77.1.2/24,-
20201019142343,10.77.1.1/24,-
20201019142344,192.168.1.2/24,2
20201019142345,10.20.30.1/16,3
20201019142347,10.20.30.2/16,-
20201019142348,10.77.1.1/24,16
20201019142349,10.77.1.2/24,95
20201019142350,192.168.1.1/24,2
20201019142351,192.168.1.1/24,-
20201019142352,192.168.1.1/24,4
20201019142353,10.77.1.1/24,19
20201019142354,10.77.1.1/24,3
20201019142355,10.20.30.1/16,8
20201019142357,192.168.1.1/24,95
20201019142358,10.77.1.1/24,-
20201019142400,192.168.1.2/24,15
20201019142401,192.168.1.2/24,-
20201019142402,192.168.1.2/24,1
20201019142404,10.77.1.1/24,15
20201019142405,10.20.30.1/16,-
20201019142406,192.168.1.2/24,-
20201019142407,192.168.1.1/24,34
20201019142408,192.168.1.1/24,36
20201019142410,192.168.1.2/24,-
20201019142411,10.20.30.1/16,48
20201019142412,10.20.30.2/16,11
20201019142413,10.20.30.1/16,7
20201019142414,192.168.1.2/24,-
20201019142415,10.20.30.2/16,-
20201019142417,192.168.1.1/24,82
20201019142418,192.168.1.2/24,1
20201019142419,10.77.1.1/24,83
20201019142421,10.77.1.2/24,-
20201019142422,10.20.30.2/16,-
20201019142423,192.168.1.1/24,9
20201019142424,192.168.1.1/24,-
20201019142425,192.168.1.1/24,6
20201019142426,192.168.1.1/24,7
20201019142427,192.168.1.2/24,-
20201019142428,192.168.1.2/24,7
20201019142430,192.168.1.2/24,8
20201019142431,10.20.30.2/16,60
20201019142432,192.168.1.1/24,4
20201019142434,192.168.1.2/24,27
20201019142435,10.20.30.2/16,-
20201019142436,10.77.1.2/24,-
20201019142437,10.77.1.2/24,-
20201019142438,10.20.30.2/16,7
20201019142439,192.168.1.2/24,8
20201019142441,10.20.30.1/16,1
20201019142442,192.168.1.2/24,3
20201019142443,192.168.1.2/24,25
20201019142445,192.168.1.1/24,4
20201019142446,10.20.30.2/16,55
20201019142447,192.168.1.1/24,3
20201019142448,10.20.30.1/16,5
20201019142449,10.20.30.2/16,54
20201019142450,10.77.1.2/24,15
20201019142451,10.20.30.2/16,13
20201019142453,10.20.30.2/16,9
20201019142454,192.168.1.1/24,-
20201019142456,10.77.1.1/24,68
20201019142457,10.77.1.2/24,11
20201019142459,192.168.1.1/24,97
20201019142500,10.20.30.2/16,3
20201019142501,192.168.1.1/24,-
20201019142502,10.77.1.2/24,2
20201019142504,192.168.1.2/24,-
20201019142505,10.20.30.2/16,9
20201019142507,192.168.1.2/24,1
20201019142508,192.168.1.1/24,3
20201019142509,10.20.30.1/16,-
20201019142510,10.77.1.2/24,4
20201019142511,10.20.30.2/16,-
20201019142513,192.168.1.2/24,56
20201019142515,10.20.30.2/16,7
20201019142517,10.20.30.2/16,7
20201019142518,192.168.1.1/24,2
20201019142520,10.20.30.1/16,7
20201019142521,10.20.30.1/16,2
20201019142522,192.168.1.1/24,1
20201019142523,192.168.1.2/24,-
20201019142524,10.20.30.1/16,54
20201019142526,192.168.1.1/24,-
20201019142527,10.20.30.1/16,5
20201019142528,10.77.1.2/24,9
20201019142529,10.20.30.1/16,1
20201019142531,10.77.1.1/24,29
20201019142532,192.168.1.2/24,43
20201019142534,192.168.1.1/24,57
20201019142535,192.168.1.1/24,51
20201019142537,192.168.1.2/24,74
20201019142538,192.168.1.2/24,18
20201019142539,192.168.1.1/24,9
20201019142540,10.20.30.2/16,3
20201019142541,192.168.1.1/24,2
20201019142542,10.20.30.2/16,1
20201019142544,192.168.1.1/24,99
20201019142546,10.20.30.2/16,-
20201019142547,10.20.30.1/16,7
20201019142548,192.168.1.2/24,-
20201019142549,10.20.30.2/16,-
20201019142550,10.77.1.2/24,2
20201019142551,10.77.1.1/24,12
20201019142552,10.77.1.2/24,62
20201019142553,192.168.1.1/24,43
20201019142554,192.168.1.1/24,15
20201019142555,10.77.1.2/24,-
20201019142556,192.168.1.1/24,10
20201019142557,10.20.30.1/16,5
20201019142558,10.77.1.1/24,12
20201019142600,10.20.30.1/16,1
20201019142601,10.20.30.2/16,6
20201019142602,192.168.1.2/24,2
20201019142603,192.168.1.1/24,5
20201019142605,192.168.1.2/24,6
20201019142606,10.20.30.2/16,-
20201019142608,10.77.1.1/24,52
20201019142610,10.20.30.2/16,9
20201019142611,192.168.1.2/24,5
20201019142613,192.168.1.2/24,-
20201019142614,10.20.30.2/16,99
20201019142616,192.168.1.1/24,12
20201019142617,10.20.30.2/16,21
20201019142618,10.77.1.1/24,-
20201019142619,192.168.1.1/24,-
20201019142620,10.77.1.1/24,-
20201019142621,10.20.30.2/16,63
20201019142622,10.77.1.1/24,5
20201019142624,10.77.1.1/24,29
20201019142625,192.168.1.2/24,12
20201019142626,10.20.30.1/16,5
20201019142627,192.168.1.2/24,7
20201019142628,192.168.1.2/24,4
20201019142629,10.77.1.1/24,-
20201019142630,10.20.30.1/16,9
20201019142631,192.168.1.2/24,1
20201019142632,192.168.1.2/24,6
20201019142633,192.168.1.2/24,5
20201019142634,10.77.1.1/24,40
20201019142635,10.77.1.1/24,-
20201019142637,10.77.1.1/24,9
20201019142638,10.20.30.1/16,3
20201019142640,10.77.1.1/24,6
20201019142641,10.77.1.2/24,7
20201019142642,10.77.1.2/24,-
20201019142643,10.77.1.1/24,-
20201019142644,10.20.30.2/16,-
20201019142645,10.20.30.1/16,7
20201019142646,10.20.30.2/16,-
20201019142647,10.20.30.2/16,90
20201019142648,10.20.30.2/16,1
20201019142649,192.168.1.2/24,20
20201019142651,192.168.1.2/24,9
20201019142652,192.168.1.2/24,5
20201019142654,192.168.1.2/24,6
20201019142656,10.20.30.2/16,25
20201019142658,192.168.1.1/24,6
20201019142659,10.20.30.2/16,3
20201019142700,10.77.1.2/24,6
20201019142701,10.77.1.2/24,-
20201019142703,10.20.30.2/16,-
20201019142704,10.77.1.2/24,63
20201019142705,10.77.1.2/24,2
20201019142706,192.168.1.2/24,6
20201019142707,10.77.1.2/24,-
20201019142708,192.168.1.1/24,4
20201019142709,10.20.30.1/16,7
20201019142710,10.20.30.1/16,6
20201019142712,192.168.1.1/24,2
20201019142713,192.168.1.1/24,-
20201019142714,10.20.30.1/16,8
20201019142715,192.168.1.1/24,8
20201019142717,192.168.1.2/24,9
20201019142718,10.77.1.1/24,7
20201019142720,192.168.1.2/24,-
20201019142721,192.168.1.1/24,7
20201019142722,192.168.1.2/24,7
20201019142724,10.20.30.2/16,3
20201019142726,192.168.1.1/24,4
20201019142728,10.77.1.2/24,5
20201019142730,10.77.1.2/24,9
20201019142731,10.20.30.2/16,54
20201019142733,192.168.1.1/24,6
20201019142734,10.77.1.2/24,8
20201019142735,10.20.30.2/16,-
20201019142736,192.168.1.1/24,-
20201019142738,10.77.1.1/24,3
20201019142739,10.77.1.2/24,1
20201019142740,192.168.1.2/24,-
20201019142741,10.77.1.1/24,3
20201019142742,10.20.30.1/16,21
20201019142743,10.77.1.2/24,2
20201019142744,192.168.1.1/24,7
20201019142746,10.20.30.2/16,49
20201019142748,10.77.1.1/24,31
20201019142750,10.77.1.2/24,30
20201019142751,192.168.1.1/24,-
20201019142753,10.77.1.1/24,9
20201019142754,192.168.1.1/24,11
20201019142756,10.77.1.1/24,-
20201019142757,192.168.1.1/24,6
20201019142758,192.168.1.1/24,9
20201019142759,10.77.1.1/24,3
20201019142801,192.168.1.2/24,-
20201019142802,10.20.30.2/16,-
20201019142803,10.77.1.2/24,-
20201019142804,10.20.30.2/16,7
20201019142805,192.168.1.2/24,-
20201019142806,192.168.1.2/24,3
20201019142807,10.20.30.1/16,-
20201019142808,192.168.1.1/24,31
20201019142810,192.168.1.1/24,47
20201019142812,10.77.1.2/24,1
20201019142813,10.77.1.1/24,15
20201019142814,10.77.1.1/24,6
20201019142815,192.168.1.2/24,-
20201019142817,10.20.30.1/16,10
20201019142818,192.168.1.2/24,6
20201019142820,10.20.30.1/16,12
20201019142821,10.20.30.2/16,9
20201019142822,192.168.1.1/24,1
20201019142823,192.168.1.1/24,6
20201019142824,10.77.1.2/24,9
20201019142826,10.20.30.1/16,-
20201019142827,10.77.1.1/24,-
20201019142829,192.168.1.2/24,3
20201019142830,192.168.1.2/24,7
20201019142832,10.77.1.1/24,-
20201019142833,192.168.1.2/24,-
20201019142835,10.77.1.2/24,-
20201019142836,10.20.30.1/16,8
20201019142837,10.20.30.2/16,8
20201019142838,10.20.30.2/16,7
20201019142839,192.168.1.2/24,28
20201019142840,10.20.30.2/16,4
20201019142841,10.77.1.1/24,-
20201019142842,10.77.1.1/24,36
20201019142843,10.77.1.1/24,90
20201019142845,10.77.1.1/24,34
20201019142847,10.77.1.1/24,6
20201019142848,192.168.1.1/24,9
20201019142850,192.168.1.1/24,-
20201019142852,192.168.1.1/24,2
20201019142853,10.77.1.1/24,-
20201019142854,10.77.1.1/24,15
20201019142855,10.77.1.1/24,5
20201019142856,192.168.1.2/24,64
20201019142858,192.168.1.1/24,7
20201019142900,192.168.1.1/24,-
20201019142901,192.168.1.2/24,3
20201019142902,10.77.1.2/24,7
20201019142903,10.77.1.1/24,2
20201019142904,10.77.1.2/24,-
20201019142905,10.77.1.2/24,-
20201019142906,10.20.30.2/16,23
20201019142907,10.20.30.1/16,11
20201019142908,10.20.30.2/16,10
20201019142909,192.168.1.2/24,2
20201019142910,10.20.30.1/16,-
20201019142911,10.77.1.2/24,-
20201019142913,10.77.1.1/24,6
20201019142914,10.77.1.1/24,-
20201019142916,192.168.1.1/24,2
20201019142917,192.168.1.2/24,-
20201019142918,10.20.30.2/16,6
20201019142920,10.77.1.1/24,-
20201019142921,10.20.30.2/16,-
20201019142922,10.77.1.1/24,5
20201019142923,10.77.1.1/24,32
20201019142924,10.77.1.2/24,35
20201019142925,10.20.30.2/16,5
20201019142926,192.168.1.1/24,4
20201019142927,10.20.30.2/16,5
20201019142928,192.168.1.1/24,74
20201019142929,10.77.1.2/24,9
20201019142930,10.77.1.1/24,81
20201019142932,10.20.30.2/16,4
20201019142933,10.20.30.1/16,-
20201019142934,10.77.1.2/24,9
20201019142935,10.77.1.2/24,1
20201019142936,10.77.1.2/24,4
20201019142937,10.77.1.1/24,51
20201019142938,192.168.1.1/24,2
20201019142940,10.20.30.1/16,10
20201019142941,10.20.30.1/16,9
20201019142943,10.20.30.2/16,5
20201019142945,10.20.30.2/16,-
20201019142946,10.77.1.1/24,50
20201019142947,10.20.30.2/16,21
20201019142948,192.168.1.2/24,-
20201019142950,10.20.30.2/16,-
20201019142951,192.168.1.2/24,4
20201019142952,10.20.30.2/16,67
20201019142953,10.77.1.1/24,6
20201019142954,192.168.1.2/24,-
20201019142955,192.168.1.2/24,18
20201019142956,192.168.1.2/24,-
20201019142957,10.77.1.1/24,36
20201019142958,192.168.1.2/24,-
20201019142959,192.168.1.2/24,5
20201019143000,192.168.1.1/24,60
20201019143001,192.168.1.1/24,4
20201019143002,10.20.30.1/16,-
20201019143003,192.168.1.1/24,-
20201019143004,10.77.1.1/24,2
20201019143005,192.168.1.2/24,-
20201019143006,192.168.1.1/24,-
20201019143008,192.168.1.1/24,1
20201019143009,192.168.1.2/24,31
20201019143010,192.168.1.1/24,2
20201019143012,10.20.30.1/16,8
20201019143014,10.20.30.2/16,5
20201019143015,10.77.1.2/24,4
20201019143016,10.20.30.2/16,36
20201019143017,10.77.1.2/24,5
20201019143019,10.20.30.2/16,86
20201019143020,10.20.30.2/16,-
20201019143021,192.168.1.2/24,80
20201019143023,10.77.1.1/24,-
20201019143024,192.168.1.2/24,50
20201019143025,10.20.30.1/16,63
20201019143027,10.77.1.1/24,52
20201019143028,10.77.1.1/24,3
20201019143029,192.168.1.2/24,29
20201019143030,10.20.30.2/16,39
20201019143031,192.168.1.2/24,6
20201019143032,10.77.1.1/24,-
20201019143033,10.20.30.1/16,-
20201019143035,10.77.1.2/24,3
20201019143036,10.20.30.2/16,46
20201019143037,192.168.1.2/24,78
20201019143038,10.20.30.2/16,-
20201019143039,192.168.1.1/24,10
20201019143040,10.20.30.1/16,-
20201019143041,192.168.1.1/24,6
20201019143042,10.77.1.2/24,2
20201019143043,10.77.1.2/24,3
20201019143045,192.168.1.1/24,81
20201019143046,10.77.1.1/24,-
20201019143048,192.168.1.2/24,9
20201019143049,192.168.1.2/24,9
20201019143050,192.168.1.2/24,5
20201019143051,10.20.30.1/16,40
20201019143052,192.168.1.1/24,3
20201019143053,10.77.1.1/24,7
20201019143054,10.77.1.2/24,13
20201019143055,10.20.30.1/16,94
20201019143056,192.168.1.1/24,-
20201019143058,10.20.30.1/16,4
20201019143059,10.20.30.1/16,9
20201019143101,10.77.1.1/24,-
20201019143102,192.168.1.1/24,84
20201019143103,192.168.1.1/24,11
20201019143104,192.168.1.2/24,47
20201019143105,10.20.30.1/16,9
20201019143106,10.77.1.1/24,-
20201019143108,192.168.1.2/24,23
20201019143109,10.77.1.2/24,45
20201019143111,10.20.30.2/16,4
20201019143112,10.20.30.1/16,-
20201019143113,192.168.1.1/24,9
20201019143114,192.168.1.1/24,11
20201019143115,192.168.1.2/24,4
20201019143116,10.20.30.1/16,-
20201019143118,10.77.1.1/24,-
20201019143120,192.168.1.2/24,44
20201019143121,10.20.30.2/16,7
20201019143122,10.77.1.2/24,7
20201019143123,192.168.1.1/24,4
20201019143124,10.77.1.1/24,9
20201019143125,10.20.30.2/16,16
20201019143126,10.20.30.1/16,60
20201019143127,10.20.30.2/16,2
20201019143128,192.168.1.1/24,29
20201019143129,192.168.1.1/24,27
20201019143130,10.20.30.2/16,13
20201019143131,192.168.1.1/24,-
20201019143133,10.77.1.1/24,12
20201019143134,192.168.1.1/24,41
20201019143135,192.168.1.1/24,16
20201019143136,192.168.1.1/24,-
20201019143137,10.20.30.1/16,94
20201019143138,10.20.30.1/16,2
20201019143139,192.168.1.1/24,6
20201019143141,10.20.30.2/16,8
20201019143142,192.168.1.2/24,1
20201019143144,10.77.1.1/24,8
20201019143145,10.77.1.2/24,9
20201019143146,192.168.1.1/24,-
20201019143147,192.168.1.1/24,5
20201019143148,192.168.1.1/24,-
20201019143149,10.77.1.1/24,31
20201019143150,192.168.1.2/24,7
20201019143152,192.168.1.1/24,-
20201019143153,10.77.1.2/24,50
20201019143154,10.20.30.1/16,5
20201019143155,10.77.1.1/24,11
20201019143157,10.77.1.1/24,-
20201019143159,10.20.30.2/16,1
20201019143200,10.20.30.2/16,3
20201019143201,10.77.1.2/24,6
20201019143202,10.77.1.2/24,-
20201019143203,192.168.1.1/24,-
20201019143204,192.168.1.1/24,4
20201019143205,192.168.1.1/24,8
20201019143206,10.77.1.2/24,-
20201019143208,10.77.1.2/24,11
20201019143209,192.168.1.2/24,55
20201019143210,10.77.1.1/24,4
20201019143211,10.77.1.2/24,-
20201019143213,192.168.1.2/24,-
20201019143214,192.168.1.1/24,-
20201019143215,192.168.1.1/24,-
20201019143216,192.168.1.1/24,14
20201019143218,10.77.1.1/24,6
20201019143219,10.20.30.2/16,15
20201019143220,10.77.1.2/24,4
20201019143222,192.168.1.1/24,91
20201019143223,10.77.1.1/24,6
20201019143224,10.20.30.2/16,4
20201019143225,10.77.1.1/24,7
20201019143226,10.77.1.2/24,8
20201019143228,192.168.1.2/24,6
20201019143229,10.77.1.1/24,5
20201019143230,10.77.1.2/24,7
20201019143231,192.168.1.1/24,6
20201019143232,10.20.30.1/16,-
20201019143233,10.20.30.2/16,-
20201019143234,10.77.1.2/24,5
20201019143236,10.20.30.2/16,4
20201019143237,10.77.1.2/24,5
20201019143239,10.77.1.2/24,-
20201019143240,192.168.1.2/24,2
20201019143241,10.20.30.1/16,-
20201019143242,10.77.1.2/24,-
20201019143243,192.168.1.2/24,-
20201019143245,192.168.1.1/24,-
20201019143247,192.168.1.2/24,-
20201019143248,10.77.1.1/24,66
20201019143250,10.20.30.2/16,6
20201019143251,10.77.1.2/24,-
20201019143252,10.20.30.2/16,27
20201019143253,10.20.30.2/16,5
20201019143254,10.20.30.2/16,10
20201019143255,10.20.30.1/16,3
20201019143256,10.20.30.2/16,10
20201019143257,10.20.30.1/16,9
20201019143259,10.20.30.2/16,8
20201019143300,10.77.1.2/24,13
20201019143301,10.20.30.1/16,-
20201019143302,10.20.30.2/16,3
20201019143303,192.168.1.2/24,3
20201019143305,192.168.1.2/24,-
20201019143306,10.20.30.1/16,99
20201019143307,192.168.1.2/24,-
20201019143309,10.20.30.2/16,4
20201019143311,192.168.1.1/24,-
20201019143313,10.20.30.2/16,5
20201019143314,192.168.1.1/24,-
20201019143315,192.168.1.1/24,30
20201019143316,10.77.1.1/24,22
20201019143317,192.168.1.1/24,7
20201019143318,10.77.1.2/24,61
20201019143319,10.77.1.2/24,4
20201019143321,10.77.1.2/24,7
20201019143322,192.168.1.1/24,1
20201019143323,10.77.1.1/24,43
20201019143324,10.77.1.1/24,8
20201019143325,10.77.1.2/24,-
20201019143326,10.77.1.2/24,-
20201019143327,10.20.30.1/16,4
20201019143328,10.77.1.1/24,42
20201019143329,10.77.1.2/24,16
20201019143331,10.20.30.2/16,9
20201019143332,10.77.1.2/24,-
20201019143334,192.168.1.1/24,-
20201019143335,10.20.30.1/16,83
20201019143337,10.20.30.2/16,6
20201019143338,192.168.1.2/24,18
20201019143340,192.168.1.1/24,8
20201019143342,10.77.1.1/24,67
20201019143343,10.20.30.1/16,-
20201019143344,10.77.1.2/24,32
20201019143345,10.20.30.2/16,-
20201019143346,192.168.1.2/24,12
20201019143347,10.20.30.2/16,42
20201019143348,192.168.1.1/24,1
20201019143349,10.20.30.2/16,29
20201019143350,10.77.1.1/24,6
20201019143352,10.20.30.1/16,3
20201019143353,192.168.1.1/24,3
20201019143354,10.77.1.1/24,-
20201019143355,10.20.30.2/16,9
20201019143356,192.168.1.2/24,4
20201019143357,10.20.30.1/16,7
20201019143358,192.168.1.2/24,9
20201019143359,10.20.30.2/16,6
20201019143400,10.20.30.1/16,7
20201019143401,10.77.1.2/24,4
20201019143402,192.168.1.1/24,-
20201019143403,10.20.30.1/16,91
20201019143405,10.77.1.2/24,7
20201019143406,192.168.1.1/24,-
20201019143407,192.168.1.2/24,9
20201019143408,192.168.1.2/24,5
20201019143409,10.77.1.1/24,-
20201019143410,10.77.1.1/24,5
20201019143412,10.77.1.2/24,5
20201019143413,10.20.30.2/16,9
20201019143414,10.77.1.1/24,5
20201019143415,10.77.1.1/24,67
20201019143416,10.20.30.1/16,-
20201019143418,10.77.1.2/24,4
20201019143419,10.20.30.2/16,-
20201019143420,192.168.1.1/24,8
20201019143421,10.77.1.1/24,12
20201019143423,192.168.1.2/24,9
20201019143424,192.168.1.2/24,-
20201019143425,10.77.1.1/24,-
20201019143426,192.168.1.1/24,-
20201019143427,192.168.1.2/24,4
20201019143428,192.168.1.2/24,2
20201019143429,192.168.1.1/24,-
20201019143430,10.77.1.2/24,-
20201019143432,10.20.30.1/16,-
20201019143433,10.20.30.2/16,7
20201019143434,10.77.1.2/24,-
20201019143435,192.168.1.2/24,1
20201019143436,10.20.30.2/16,9
20201019143437,192.168.1.2/24,9
20201019143438,10.20.30.1/16,-
20201019143440,10.77.1.2/24,5
20201019143441,10.77.1.1/24,4
20201019143443,10.77.1.2/24,5
20201019143444,10.20.30.2/16,-
20201019143446,10.20.30.2/16,11
20201019143447,192.168.1.1/24,13
20201019143448,10.77.1.1/24,11
20201019143449,192.168.1.1/24,5
20201019143450,10.20.30.1/16,-
20201019143451,10.20.30.2/16,53
20201019143453,192.168.1.1/24,9
20201019143454,192.168.1.2/24,8
20201019143455,192.168.1.2/24,-
20201019143456,10.77.1.1/24,9
20201019143457,10.20.30.2/16,1
20201019143458,192.168.1.1/24,7
20201019143459,10.77.1.1/24,-
20201019143500,10.77.1.2/24,5
20201019143501,10.20.30.1/16,-
20201019143502,10.20.30.2/16,5
20201019143503,10.77.1.2/24,7
20201019143504,10.77.1.1/24,3
20201019143505,10.20.30.1/16,3
20201019143506,10.20.30.2/16,-
20201019143508,10.77.1.2/24,9
20201019143509,10.20.30.2/16,59
20201019143510,192.168.1.2/24,5
20201019143511,10.20.30.2/16,8
20201019143513,10.77.1.1/24,3
20201019143514,10.77.1.1/24,3
20201019143515,192.168.1.1/24,9
20201019143516,10.77.1.2/24,92
20201019143517,10.77.1.1/24,-
20201019143519,10.77.1.1/24,7
20201019143521,192.168.1.2/24,6
20201019143523,192.168.1.2/24,3
20201019143524,10.77.1.2/24,4
20201019143525,10.20.30.1/16,14
20201019143526,192.168.1.1/24,2
20201019143527,10.77.1.1/24,94
20201019143528,10.77.1.1/24,35
20201019143529,192.168.1.1/24,5
20201019143531,10.77.1.1/24,57
20201019143532,10.20.30.2/16,10
20201019143533,192.168.1.1/24,48
20201019143534,10.77.1.2/24,-
20201019143535,10.77.1.2/24,8
20201019143537,10.20.30.2/16,3
20201019143538,192.168.1.1/24,96
20201019143539,192.168.1.1/24,5
20201019143540,10.77.1.2/24,5
20201019143542,192.168.1.2/24,5
20201019143543,192.168.1.1/24,5
20201019143544,10.77.1.2/24,6
20201019143545,192.168.1.2/24,17
20201019143546,10.20.30.2/16,9
20201019143547,192.168.1.1/24,70
20201019143548,10.20.30.1/16,35
20201019143550,10.77.1.2/24,2
20201019143552,192.168.1.2/24,7
20201019143553,10.20.30.2/16,10
20201019143554,10.20.30.2/16,2
20201019143555,10.77.1.2/24,4
20201019143557,10.77.1.1/24,69
20201019143558,192.168.1.1/24,27
20201019143559,10.77.1.1/24,4
20201019143601,192.168.1.2/24,-
20201019143602,192.168.1.2/24,5
20201019143603,192.168.1.1/24,3
20201019143604,10.77.1.2/24,4
20201019143606,10.77.1.2/24,1
20201019143608,10.20.30.2/16,7
20201019143609,10.77.1.1/24,6
20201019143610,192.168.1.1/24,3
20201019143611,192.168.1.1/24,-
20201019143612,10.20.30.1/16,-
20201019143613,10.20.30.2/16,52
20201019143614,10.20.30.1/16,21
20201019143615,10.77.1.2/24,2
20201019143617,10.77.1.1/24,8
20201019143618,10.20.30.1/16,7
20201019143619,10.77.1.2/24,-
20201019143621,10.77.1.2/24,26
20201019143622,10.77.1.2/24,-
20201019143623,10.20.30.2/16,8
20201019143624,10.77.1.2/24,2
20201019143625,10.20.30.1/16,6
20201019143626,192.168.1.2/24,2
20201019143628,10.77.1.2/24,6
20201019143629,10.20.30.1/16,7
20201019143631,10.77.1.1/24,-
20201019143632,192.168.1.2/24,8
20201019143633,10.20.30.2/16,7
20201019143634,10.77.1.2/24,84
20201019143636,10.20.30.1/16,-
20201019143637,192.168.1.1/24,-
20201019143639,10.77.1.1/24,8
20201019143640,192.168.1.1/24,-
20201019143641,10.77.1.1/24,6
20201019143642,10.20.30.2/16,7
20201019143643,192.168.1.2/24,83
20201019143645,192.168.1.2/24,2
20201019143646,192.168.1.2/24,24
20201019143647,10.77.1.2/24,25
20201019143648,10.77.1.1/24,-
20201019143649,192.168.1.1/24,30
20201019143650,10.77.1.1/24,71
20201019143651,10.77.1.1/24,35
20201019143652,10.77.1.1/24,2
20201019143654,192.168.1.2/24,7
20201019143655,10.20.30.1/16,-
20201019143656,10.77.1.1/24,5
20201019143657,192.168.1.2/24,75
20201019143658,10.20.30.2/16,-
20201019143700,10.77.1.1/24,8
20201019143702,192.168.1.2/24,-
20201019143703,192.168.1.1/24,3
20201019143705,10.77.1.2/24,4
20201019143706,10.20.30.2/16,1
20201019143707,192.168.1.1/24,7
20201019143708,10.20.30.1/16,10
20201019143709,192.168.1.1/24,66
20201019143710,10.20.30.1/16,7
20201019143712,10.77.1.1/24,8
20201019143713,10.77.1.2/24,-
20201019143714,10.77.1.2/24,-
20201019143716,192.168.1.2/24,1
20201019143717,10.77.1.1/24,-
20201019143719,192.168.1.2/24,4
20201019143720,10.20.30.1/16,58
20201019143721,10.20.30.1/16,5
20201019143723,10.20.30.2/16,9
20201019143724,10.77.1.2/24,35
20201019143725,10.20.30.2/16,5
20201019143726,192.168.1.2/24,-
20201019143727,10.77.1.1/24,9
20201019143729,10.77.1.1/24,7
20201019143730,10.77.1.2/24,5
20201019143731,10.77.1.1/24,1
20201019143732,10.77.1.1/24,53
20201019143733,10.20.30.1/16,11
20201019143735,10.20.30.1/16,7
20201019143736,10.20.30.2/16,5
20201019143737,10.20.30.1/16,9
20201019143739,192.168.1.2/24,7
20201019143740,10.77.1.2/24,25
20201019143741,10.20.30.1/16,8
20201019143742,10.77.1.2/24,9
20201019143743,192.168.1.2/24,60
20201019143745,10.77.1.1/24,4
20201019143746,192.168.1.1/24,-
20201019143747,192.168.1.1/24,9
20201019143748,192.168.1.1/24,26
20201019143749,10.77.1.1/24,3
20201019143750,192.168.1.2/24,22
20201019143751,192.168.1.1/24,7
20201019143752,10.20.30.1/16,3
20201019143754,10.20.30.1/16,-
20201019143755,192.168.1.1/24,2
20201019143756,192.168.1.2/24,5
20201019143758,10.77.1.2/24,-
20201019143759,10.20.30.2/16,7
20201019143800,10.20.30.2/16,-
20201019143801,10.20.30.1/16,7
20201019143802,192.168.1.2/24,-
20201019143803,10.20.30.1/16,-
20201019143805,10.20.30.1/16,-
20201019143806,10.77.1.1/24,76
20201019143807,192.168.1.2/24,-
20201019143808,10.77.1.2/24,-
20201019143809,10.77.1.2/24,1
20201019143810,192.168.1.1/24,4
20201019143811,10.77.1.1/24,4
20201019143813,192.168.1.2/24,-
20201019143814,192.168.1.1/24,-
20201019143815,192.168.1.1/24,-
20201019143816,192.168.1.1/24,31
20201019143817,10.77.1.1/24,15
20201019143818,10.20.30.1/16,91
20201019143820,192.168.1.1/24,86
20201019143821,10.77.1.1/24,9
20201019143822,192.168.1.2/24,-
20201019143823,10.77.1.1/24,98
20201019143824,10.77.1.2/24,27
20201019143825,10.20.30.1/16,5
20201019143827,10.20.30.2/16,-
20201019143828,192.168.1.2/24,59
20201019143829,10.20.30.1/16,8
20201019143831,192.168.1.1/24,2
20201019143833,192.168.1.2/24,28
20201019143834,10.77.1.1/24,-
20201019143835,10.20.30.2/16,8
20201019143836,10.77.1.1/24,3
20201019143837,10.77.1.1/24,4
20201019143838,192.168.1.1/24,66
20201019143839,10.20.30.1/16,-
20201019143840,10.77.1.2/24,8
20201019143841,10.20.30.2/16,3
20201019143843,10.77.1.1/24,5
20201019143845,10.20.30.1/16,5
20201019143847,10.20.30.1/16,1
20201019143848,192.168.1.1/24,8
20201019143849,10.20.30.1/16,-
20201019143850,10.77.1.1/24,-
20201019143851,10.77.1.2/24,-
20201019143853,192.168.1.2/24,5
20201019143855,10.77.1.2/24,88
20201019143857,192.168.1.2/24,84
20201019143858,10.77.1.2/24,1
20201019143859,192.168.1.2/24,-
20201019143900,10.77.1.2/24,18
20201019143902,10.77.1.2/24,6
20201019143903,10.20.30.1/16,3
20201019143904,10.77.1.1/24,15
20201019143905,192.168.1.1/24,7
20201019143906,10.20.30.1/16,1
20201019143907,192.168.1.1/24,6
20201019143908,10.77.1.2/24,-
20201019143909,192.168.1.1/24,6
20201019143910,192.168.1.2/24,-
20201019143911,10.77.1.2/24,6
20201019143912,192.168.1.1/24,7
20201019143913,10.77.1.2/24,33
20201019143915,10.77.1.1/24,55
20201019143917,192.168.1.1/24,7
20201019143919,10.20.30.1/16,-
20201019143920,10.77.1.1/24,-
20201019143921,10.20.30.2/16,43
20201019143922,10.20.30.1/16,1
20201019143923,10.20.30.2/16,-
20201019143924,192.168.1.1/24,70
20201019143925,192.168.1.2/24,9
20201019143926,10.77.1.1/24,-
20201019143927,10.20.30.2/16,-
20201019143928,10.20.30.2/16,7
20201019143930,10.77.1.2/24,1
20201019143931,10.77.1.1/24,59
20201019143932,10.20.30.2/16,7
20201019143934,10.77.1.2/24,8
20201019143935,192.168.1.2/24,52
20201019143937,192.168.1.2/24,99
20201019143938,10.20.30.2/16,5
20201019143939,10.77.1.1/24,5
20201019143940,10.77.1.2/24,-
20201019143942,192.168.1.1/24,3
20201019143943,10.77.1.1/24,1
20201019143944,10.77.1.1/24,9
20201019143945,10.77.1.2/24,1
20201019143946,10.77.1.2/24,-
20201019143947,10.77.1.1/24,20
20201019143948,10.77.1.2/24,2
20201019143949,10.77.1.1/24,16
20201019143950,192.168.1.2/24,-
20201019143951,10.20.30.1/16,-
20201019143952,10.77.1.2/24,3
20201019143953,10.77.1.1/24,-
20201019143954,10.77.1.2/24,12
20201019143955,192.168.1.1/24,7
20201019143956,192.168.1.1/24,7
20201019143957,10.77.1.2/24,2
20201019143958,10.20.30.1/16,-
20201019143959,192.168.1.2/24,62
20201019144000,10.20.30.2/16,4
20201019144001,192.168.1.2/24,6
20201019144002,192.168.1.1/24,42
20201019144003,192.168.1.1/24,8
20201019144004,192.168.1.2/24,14
20201019144005,10.20.30.1/16,8
20201019144006,10.20.30.2/16,26
20201019144008,192.168.1.2/24,-
20201019144009,10.20.30.2/16,3
20201019144010,10.77.1.1/24,-
20201019144011,192.168.1.2/24,-
20201019144012,192.168.1.1/24,3
20201019144013,192.168.1.1/24,5
20201019144014,192.168.1.2/24,3
20201019144016,10.20.30.1/16,19
20201019144018,192.168.1.2/24,7
20201019144019,10.20.30.1/16,8
20201019144020,10.77.1.2/24,8
20201019144022,10.20.30.1/16,3
20201019144023,192.168.1.1/24,6
20201019144024,192.168.1.1/24,6
20201019144025,10.20.30.1/16,9
20201019144026,10.77.1.1/24,34
20201019144027,10.20.30.2/16,-
20201019144028,10.77.1.2/24,7
20201019144029,10.77.1.1/24,21
20201019144030,10.20.30.2/16,63
20201019144032,192.168.1.1/24,86
20201019144034,10.20.30.1/16,-
20201019144035,10.20.30.1/16,6
20201019144036,10.20.30.1/16,-
20201019144037,192.168.1.1/24,6
20201019144038,192.168.1.2/24,3
20201019144040,10.77.1.2/24,-
20201019144041,10.20.30.1/16,67
20201019144042,10.77.1.2/24,-
20201019144043,192.168.1.1/24,7
20201019144044,10.20.30.1/16,1
20201019144045,192.168.1.2/24,9
20201019144046,192.168.1.1/24,7
20201019144047,192.168.1.2/24,5
20201019144048,10.77.1.1/24,4
20201019144049,10.77.1.2/24,-
20201019144050,192.168.1.1/24,97
20201019144051,10.20.30.1/16,8
20201019144052,10.77.1.2/24,2
20201019144053,10.77.1.2/24,-
20201019144055,192.168.1.2/24,7
20201019144056,192.168.1.1/24,4
20201019144058,10.77.1.1/24,2
20201019144100,10.77.1.2/24,27
20201019144101,10.77.1.2/24,4
20201019144103,10.77.1.1/24,-
20201019144105,10.77.1.1/24,7
20201019144106,192.168.1.1/24,-
20201019144107,192.168.1.2/24,5
20201019144108,192.168.1.1/24,5
20201019144110,10.20.30.1/16,-
20201019144111,10.77.1.2/24,54
20201019144112,10.77.1.2/24,33
20201019144113,10.20.30.1/16,6
20201019144114,10.77.1.1/24,90
20201019144115,192.168.1.1/24,75
20201019144116,10.20.30.2/16,2
20201019144117,10.77.1.2/24,97
20201019144118,192.168.1.2/24,8
20201019144120,10.20.30.1/16,18
20201019144122,10.20.30.2/16,3
20201019144124,10.20.30.2/16,3
20201019144125,10.77.1.2/24,5
20201019144126,10.77.1.2/24,10
20201019144127,10.20.30.2/16,4
20201019144128,192.168.1.1/24,5
20201019144129,192.168.1.1/24,-
20201019144130,192.168.1.1/24,-
20201019144131,10.20.30.2/16,7
20201019144132,192.168.1.2/24,-
20201019144133,192.168.1.1/24,33
20201019144134,10.20.30.2/16,9
20201019144135,10.20.30.2/16,44
20201019144136,192.168.1.2/24,8
20201019144138,10.20.30.1/16,6
20201019144140,10.20.30.1/16,6
20201019144142,192.168.1.1/24,4
20201019144143,10.20.30.1/16,13
20201019144144,10.77.1.1/24,2
20201019144145,192.168.1.2/24,1
20201019144146,10.77.1.1/24,3
20201019144147,10.77.1.1/24,92
20201019144148,192.168.1.1/24,1
20201019144149,192.168.1.2/24,-
20201019144150,192.168.1.2/24,90
20201019144152,10.77.1.2/24,76
20201019144153,192.168.1.2/24,7
20201019144155,10.20.30.2/16,10
20201019144157,10.77.1.2/24,3
20201019144159,192.168.1.2/24,-
20201019144200,192.168.1.2/24,6
20201019144201,10.77.1.2/24,9
20201019144202,10.77.1.1/24,6
20201019144203,192.168.1.1/24,9
20201019144204,10.77.1.2/24,3
20201019144205,10.77.1.2/24,6
20201019144207,10.20.30.2/16,-
20201019144208,192.168.1.2/24,9
20201019144209,192.168.1.2/24,7
20201019144211,10.20.30.2/16,79
20201019144212,10.20.30.1/16,7
20201019144213,192.168.1.2/24,1
20201019144215,192.168.1.1/24,4
20201019144216,192.168.1.2/24,7
20201019144217,192.168.1.2/24,4
20201019144219,192.168.1.2/24,-
20201019144220,192.168.1.2/24,3
20201019144221,10.20.30.2/16,-
20201019144222,10.20.30.2/16,41
20201019144224,192.168.1.1/24,3
20201019144225,10.77.1.2/24,1
20201019144226,10.77.1.2/24,-
20201019144227,192.168.1.1/24,17
20201019144229,10.20.30.2/16,-
20201019144230,10.20.30.1/16,-
20201019144231,192.168.1.2/24,5
20201019144232,10.77.1.2/24,-
20201019144233,10.77.1.2/24,4
20201019144235,10.77.1.1/24,92
20201019144236,10.20.30.2/16,5
20201019144238,192.168.1.2/24,9
20201019144240,192.168.1.2/24,10
20201019144241,192.168.1.1/24,94
20201019144243,192.168.1.1/24,-
20201019144245,10.20.30.2/16,6
20201019144247,10.20.30.1/16,-
20201019144248,10.20.30.2/16,6
20201019144249,10.77.1.1/24,-
20201019144250,192.168.1.2/24,45
20201019144252,192.168.1.1/24,9
20201019144253,192.168.1.1/24,1
20201019144255,10.77.1.1/24,30
20201019144257,10.77.1.1/24,-
20201019144259,10.77.1.1/24,-
20201019144301,192.168.1.1/24,8
20201019144302,10.77.1.2/24,34
20201019144303,192.168.1.2/24,17
20201019144304,10.20.30.1/16,4
20201019144305,10.20.30.1/16,-
20201019144306,10.20.30.1/16,6
20201019144307,10.77.1.1/24,-
20201019144308,10.20.30.1/16,72
20201019144310,192.168.1.2/24,68
20201019144311,10.77.1.1/24,-
20201019144313,10.20.30.2/16,5
20201019144314,192.168.1.1/24,22
20201019144315,192.168.1.2/24,23
20201019144316,10.20.30.1/16,33
20201019144318,10.20.30.2/16,-
20201019144319,10.77.1.2/24,11
20201019144321,192.168.1.1/24,8
20201019144322,10.77.1.2/24,1
20201019144323,10.77.1.1/24,17
20201019144324,10.20.30.2/16,2
20201019144326,10.77.1.2/24,3
20201019144327,192.168.1.2/24,3
20201019144329,10.20.30.2/16,-
20201019144330,192.168.1.2/24,70
20201019144331,10.20.30.2/16,8
20201019144332,192.168.1.2/24,2
20201019144333,10.20.30.1/16,23
20201019144334,10.20.30.2/16,12
20201019144335,10.20.30.1/16,-
20201019144336,10.20.30.2/16,63
20201019144337,10.77.1.1/24,-
20201019144338,10.77.1.1/24,13
20201019144339,10.20.30.2/16,68
20201019144341,192.168.1.1/24,1
20201019144342,10.77.1.1/24,5
20201019144343,192.168.1.1/24,5
20201019144345,10.20.30.2/16,23
20201019144346,192.168.1.1/24,86
20201019144347,192.168.1.2/24,7
20201019144349,192.168.1.2/24,-
20201019144350,10.77.1.2/24,5
20201019144351,192.168.1.1/24,6
20201019144352,192.168.1.2/24,3
20201019144353,192.168.1.2/24,5
20201019144354,192.168.1.1/24,4
20201019144355,10.20.30.2/16,-
20201019144356,10.20.30.2/16,3
20201019144358,10.77.1.1/24,-
20201019144359,10.77.1.1/24,95
20201019144401,192.168.1.1/24,92
20201019144402,10.77.1.1/24,-
20201019144403,10.20.30.1/16,4
20201019144405,10.77.1.2/24,2
20201019144407,10.20.30.1/16,42
20201019144409,10.20.30.2/16,1
20201019144410,192.168.1.1/24,14
20201019144412,10.20.30.1/16,4
20201019144413,10.77.1.2/24,4
20201019144414,10.20.30.2/16,27
20201019144415,10.20.30.2/16,7
20201019144416,10.20.30.2/16,3
20201019144417,192.168.1.2/24,7
20201019144418,10.77.1.2/24,5
20201019144419,10.77.1.2/24,-
20201019144420,10.20.30.2/16,3
20201019144422,192.168.1.1/24,27
20201019144423,10.20.30.1/16,-
20201019144424,10.77.1.2/24,54
20201019144426,10.20.30.2/16,6
20201019144428,192.168.1.1/24,-
20201019144429,192.168.1.1/24,90
20201019144430,192.168.1.2/24,61
20201019144431,10.20.30.1/16,-
20201019144432,192.168.1.2/24,5
20201019144433,10.20.30.1/16,94
20201019144434,192.168.1.1/24,-
20201019144435,192.168.1.1/24,83
20201019144436,10.20.30.2/16,5
20201019144437,10.20.30.1/16,8
20201019144438,10.20.30.1/16,4
20201019144439,192.168.1.1/24,9
20201019144441,192.168.1.1/24,-
20201019144442,192.168.1.1/24,2
20201019144443,10.77.1.2/24,2
20201019144444,10.77.1.2/24,8
20201019144445,10.20.30.1/16,2
20201019144446,10.20.30.1/16,-
20201019144447,10.77.1.2/24,1
20201019144448,10.77.1.2/24,7
20201019144449,10.20.30.2/16,9
20201019144450,10.20.30.1/16,-
20201019144451,192.168.1.1/24,12
20201019144452,192.168.1.2/24,97
20201019144453,192.168.1.2/24,8
20201019144454,192.168.1.2/24,61
20201019144455,10.77.1.1/24,-
20201019144456,10.20.30.1/16,-
20201019144457,192.168.1.2/24,23
20201019144458,192.168.1.1/24,5
20201019144459,10.20.30.1/16,-
20201019144500,10.77.1.1/24,11
20201019144502,10.20.30.2/16,54
20201019144503,10.20.30.1/16,-
20201019144505,10.77.1.2/24,-
20201019144507,192.168.1.2/24,2
20201019144508,10.77.1.1/24,5
20201019144509,192.168.1.1/24,87
20201019144510,10.77.1.1/24,7
20201019144511,10.77.1.1/24,9
20201019144512,10.77.1.1/24,2
20201019144514,192.168.1.1/24,12
20201019144515,192.168.1.2/24,-
20201019144517,192.168.1.2/24,1
20201019144518,192.168.1.1/24,-
20201019144519,10.77.1.2/24,-
20201019144520,10.77.1.1/24,63
20201019144521,192.168.1.2/24,4
20201019144522,10.20.30.2/16,14
20201019144523,10.20.30.1/16,33
20201019144524,192.168.1.1/24,6
20201019144525,10.77.1.1/24,-
20201019144526,10.77.1.2/24,48
20201019144527,10.77.1.2/24,-
20201019144529,10.20.30.2/16,2
20201019144530,10.77.1.2/24,-
20201019144531,192.168.1.1/24,8
20201019144532,10.20.30.2/16,2
20201019144533,10.77.1.2/24,2
20201019144535,10.20.30.1/16,3
20201019144536,10.20.30.2/16,17
20201019144537,10.20.30.1/16,4
20201019144538,192.168.1.1/24,7
20201019144539,10.77.1.1/24,-
20201019144540,10.20.30.1/16,-
20201019144541,10.20.30.1/16,10
20201019144542,10.20.30.1/16,97
20201019144543,10.77.1.2/24,1
20201019144545,192.168.1.2/24,19
20201019144546,10.20.30.2/16,9
20201019144548,10.20.30.2/16,12
20201019144549,10.20.30.2/16,17
20201019144550,10.20.30.2/16,76
20201019144551,192.168.1.1/24,25
20201019144552,10.77.1.1/24,2
20201019144553,192.168.1.2/24,1
20201019144554,10.20.30.2/16,20
20201019144555,10.77.1.2/24,2
20201019144556,10.20.30.1/16,-
20201019144557,10.77.1.2/24,5
20201019144558,10.20.30.1/16,-
20201019144559,10.77.1.1/24,1
20201019144600,192.168.1.2/24,-
20201019144601,10.20.30.1/16,91
20201019144603,192.168.1.2/24,2
20201019144604,10.20.30.1/16,32
20201019144605,10.77.1.1/24,-
20201019144606,10.20.30.1/16,6
20201019144607,192.168.1.2/24,7
20201019144608,10.77.1.2/24,8
20201019144609,10.77.1.1/24,-
20201019144610,10.20.30.2/16,-
20201019144611,10.77.1.1/24,93
20201019144612,10.20.30.2/16,-
20201019144613,10.77.1.1/24,5
20201019144614,192.168.1.1/24,13
20201019144616,192.168.1.1/24,2
20201019144617,10.20.30.1/16,20
20201019144619,192.168.1.2/24,6
20201019144620,192.168.1.1/24,3
20201019144621,10.77.1.1/24,4
20201019144622,10.20.30.2/16,-
20201019144623,10.77.1.1/24,6
20201019144624,192.168.1.2/24,5
20201019144625,10.20.30.1/16,9
20201019144627,10.20.30.2/16,16
20201019144628,10.20.30.1/16,4
20201019144629,10.20.30.2/16,33
20201019144630,192.168.1.2/24,5
20201019144631,10.20.30.1/16,9
20201019144633,192.168.1.1/24,8
20201019144634,192.168.1.1/24,7
20201019144635,10.77.1.2/24,7
20201019144636,192.168.1.1/24,-
20201019144637,10.20.30.1/16,2
20201019144639,10.77.1.2/24,2
20201019144640,10.77.1.1/24,-
20201019144641,10.20.30.1/16,7
20201019144643,10.77.1.2/24,4
20201019144645,10.77.1.1/24,7
20201019144647,10.20.30.2/16,-
20201019144649,192.168.1.1/24,7
20201019144650,10.20.30.2/16,4
20201019144652,10.20.30.1/16,6
20201019144653,10.77.1.2/24,-
20201019144654,192.168.1.1/24,3
20201019144655,10.77.1.1/24,8
20201019144656,192.168.1.1/24,4
20201019144657,10.77.1.2/24,-
20201019144658,10.20.30.2/16,2
20201019144659,10.77.1.2/24,8
20201019144700,192.168.1.2/24,91
20201019144701,10.20.30.2/16,78
20201019144703,10.20.30.2/16,36
20201019144704,192.168.1.2/24,-
20201019144705,10.77.1.2/24,9
20201019144706,10.77.1.2/24,77
20201019144707,10.20.30.1/16,5
20201019144708,10.77.1.2/24,3
20201019144710,192.168.1.1/24,41
20201019144711,192.168.1.1/24,6
20201019144713,192.168.1.2/24,4
20201019144714,192.168.1.2/24,65
20201019144715,192.168.1.1/24,-
20201019144716,10.20.30.1/16,-
20201019144717,10.77.1.2/24,-
20201019144718,192.168.1.1/24,-
20201019144719,192.168.1.1/24,9
20201019144720,10.20.30.2/16,-
20201019144721,10.77.1.2/24,35
20201019144722,10.20.30.2/16,7
20201019144723,10.20.30.2/16,22
20201019144724,10.20.30.1/16,1
20201019144726,192.168.1.1/24,23
20201019144727,192.168.1.1/24,90
20201019144728,10.20.30.2/16,-
20201019144729,10.77.1.2/24,5
20201019144730,192.168.1.2/24,6
20201019144731,10.20.30.1/16,8
20201019144733,192.168.1.1/24,-
20201019144734,192.168.1.2/24,5
20201019144735,10.20.30.2/16,13
20201019144736,192.168.1.2/24,1
20201019144738,192.168.1.1/24,12
20201019144739,10.20.30.2/16,-
20201019144740,10.20.30.2/16,7
20201019144741,10.20.30.1/16,19
20201019144742,10.20.30.2/16,-
20201019144744,192.168.1.1/24,9
20201019144745,10.77.1.2/24,-
20201019144746,10.77.1.1/24,4
20201019144747,192.168.1.2/24,5
20201019144748,192.168.1.2/24,7
20201019144749,10.77.1.2/24,6
20201019144750,10.77.1.1/24,51
20201019144751,10.20.30.1/16,6
20201019144752,10.77.1.1/24,-
20201019144754,10.20.30.1/16,3
20201019144756,10.20.30.1/16,65
20201019144757,10.77.1.2/24,-
20201019144758,10.77.1.1/24,7
20201019144759,10.20.30.1/16,2
20201019144800,10.77.1.1/24,55
20201019144801,192.168.1.1/24,1
20201019144803,192.168.1.2/24,6
20201019144805,10.77.1.2/24,88
20201019144807,10.20.30.1/16,2
20201019144808,10.77.1.1/24,25
20201019144810,10.77.1.1/24,6
20201019144811,192.168.1.1/24,4
20201019144813,10.20.30.1/16,5
20201019144814,10.77.1.2/24,21
20201019144815,192.168.1.2/24,8
20201019144816,192.168.1.2/24,2
20201019144817,10.77.1.2/24,2
20201019144818,192.168.1.2/24,83
20201019144819,192.168.1.2/24,3
20201019144821,192.168.1.1/24,2
20201019144822,192.168.1.1/24,-
20201019144823,192.168.1.1/24,-
20201019144825,192.168.1.1/24,35
20201019144826,10.20.30.2/16,7
20201019144827,192.168.1.1/24,7
20201019144828,192.168.1.2/24,25
20201019144829,10.20.30.1/16,4
20201019144830,10.20.30.2/16,7
20201019144831,192.168.1.2/24,93
20201019144832,10.77.1.1/24,83
20201019144833,10.77.1.2/24,2
20201019144834,10.77.1.2/24,80
20201019144835,10.77.1.1/24,47
20201019144837,10.77.1.1/24,-
20201019144838,10.77.1.1/24,6
20201019144840,10.20.30.1/16,11
20201019144841,192.168.1.2/24,30
20201019144842,10.20.30.2/16,4
20201019144843,10.77.1.1/24,8
20201019144844,10.20.30.1/16,4
20201019144845,10.77.1.1/24,35
20201019144846,10.77.1.1/24,6
20201019144847,192.168.1.2/24,3
20201019144848,10.77.1.1/24,25
20201019144849,10.20.30.1/16,36
20201019144851,10.77.1.2/24,-
20201019144852,10.77.1.1/24,8
20201019144853,192.168.1.1/24,6
20201019144854,10.20.30.1/16,52
20201019144855,10.77.1.1/24,1
20201019144857,10.77.1.2/24,-
20201019144858,10.77.1.1/24,31
20201019144900,10.77.1.1/24,3
20201019144901,192.168.1.1/24,-
20201019144903,192.168.1.1/24,5
20201019144904,10.77.1.2/24,37
20201019144905,192.168.1.2/24,-
20201019144906,10.77.1.1/24,95
20201019144907,10.77.1.2/24,-
20201019144908,192.168.1.2/24,5
20201019144909,192.168.1.1/24,7
20201019144910,10.20.30.2/16,91
20201019144912,10.77.1.1/24,7
20201019144913,10.77.1.2/24,-
20201019144915,10.20.30.1/16,-
20201019144917,192.168.1.1/24,65
20201019144918,10.77.1.1/24,37
20201019144919,192.168.1.2/24,9
20201019144920,10.20.30.1/16,-
20201019144922,10.77.1.2/24,-
20201019144923,10.77.1.2/24,2
20201019144924,10.20.30.1/16,4
20201019144925,192.168.1.1/24,2
20201019144926,10.20.30.1/16,24
20201019144927,10.77.1.2/24,9
20201019144929,192.168.1.2/24,8
20201019144931,10.77.1.2/24,97
20201019144932,192.168.1.1/24,-
20201019144933,10.20.30.1/16,3
20201019144935,192.168.1.1/24,73
20201019144936,10.77.1.1/24,51
20201019144938,10.20.30.2/16,4
20201019144939,192.168.1.2/24,-
20201019144940,10.77.1.1/24,1
20201019144941,10.77.1.2/24,-
20201019144942,10.20.30.2/16,7
20201019144943,10.77.1.1/24,9
20201019144945,192.168.1.1/24,45
20201019144946,192.168.1.2/24,5
20201019144947,10.77.1.2/24,3
20201019144949,10.77.1.1/24,3
20201019144951,10.77.1.1/24,2
20201019144953,10.77.1.2/24,-
20201019144954,10.20.30.2/16,-
20201019144955,10.20.30.2/16,96
20201019144957,10.77.1.1/24,9
20201019144959,10.20.30.1/16,7
20201019145000,192.168.1.2/24,4
20201019145001,10.20.30.1/16,-
20201019145002,192.168.1.1/24,55
20201019145003,192.168.1.1/24,20
20201019145004,10.77.1.2/24,1
20201019145005,192.168.1.2/24,-
20201019145006,10.20.30.1/16,6
20201019145007,10.20.30.2/16,4
20201019145008,10.77.1.1/24,6
20201019145009,192.168.1.1/24,26
20201019145010,10.77.1.1/24,99
20201019145011,10.20.30.1/16,4
20201019145012,192.168.1.1/24,3
20201019145014,10.77.1.2/24,6
20201019145015,192.168.1.2/24,9
20201019145016,192.168.1.1/24,-
20201019145017,10.77.1.1/24,5
20201019145018,192.168.1.1/24,-
20201019145019,10.77.1.1/24,9
20201019145020,10.77.1.1/24,-
20201019145022,192.168.1.1/24,2
20201019145023,10.77.1.2/24,-
20201019145025,192.168.1.1/24,-
20201019145026,192.168.1.2/24,6
20201019145028,192.168.1.2/24,7
20201019145029,10.20.30.1/16,6
20201019145030,192.168.1.1/24,-
20201019145031,192.168.1.2/24,9
20201019145032,10.77.1.2/24,7
20201019145033,192.168.1.2/24,11
20201019145034,10.77.1.1/24,-
20201019145035,10.77.1.2/24,-
20201019145037,10.77.1.2/24,11
20201019145039,10.77.1.1/24,84
20201019145040,10.77.1.2/24,9
20201019145041,10.77.1.1/24,7
20201019145042,10.20.30.2/16,37
20201019145044,10.77.1.1/24,7
20201019145046,192.168.1.1/24,3
20201019145047,10.20.30.2/16,15
20201019145048,192.168.1.2/24,1
20201019145049,10.77.1.2/24,99
20201019145050,10.20.30.1/16,5
20201019145051,10.20.30.2/16,12
20201019145052,192.168.1.2/24,6
20201019145053,10.77.1.1/24,67
20201019145054,10.20.30.2/16,1
20201019145055,10.77.1.2/24,1
20201019145057,10.77.1.2/24,10
20201019145059,10.20.30.1/16,7
20201019145100,10.77.1.1/24,8
20201019145101,10.20.30.1/16,-
20201019145102,10.20.30.1/16,1
20201019145103,10.20.30.1/16,8
20201019145105,10.20.30.2/16,1
20201019145106,10.77.1.1/24,10
20201019145107,192.168.1.2/24,-
20201019145109,192.168.1.1/24,5
20201019145110,192.168.1.1/24,-
20201019145111,10.20.30.2/16,-
20201019145112,10.77.1.1/24,6
20201019145113,10.20.30.1/16,12
20201019145114,192.168.1.1/24,-
20201019145115,10.77.1.1/24,7
20201019145116,192.168.1.1/24,50
20201019145117,10.20.30.2/16,9
20201019145118,10.77.1.1/24,-
20201019145119,10.77.1.2/24,-
20201019145120,10.20.30.1/16,7
20201019145121,10.20.30.1/16,1
20201019145122,10.77.1.1/24,6
20201019145123,10.77.1.1/24,13
20201019145124,192.168.1.2/24,1
20201019145125,192.168.1.2/24,1
20201019145127,10.20.30.2/16,3
20201019145128,10.20.30.2/16,-
20201019145129,10.20.30.1/16,-
20201019145130,10.77.1.2/24,-
20201019145132,10.77.1.1/24,3
20201019145133,10.77.1.2/24,9
20201019145134,192.168.1.2/24,2
20201019145135,10.20.30.1/16,8
20201019145136,10.77.1.2/24,19
20201019145137,192.168.1.1/24,-
20201019145138,10.77.1.1/24,-
20201019145139,10.20.30.2/16,9
20201019145140,192.168.1.1/24,20
20201019145141,10.20.30.1/16,38
20201019145142,10.20.30.1/16,11
20201019145144,10.20.30.2/16,3
20201019145145,10.77.1.2/24,2
20201019145147,10.20.30.2/16,7
20201019145148,10.20.30.1/16,2
20201019145150,10.77.1.1/24,7
20201019145151,10.20.30.2/16,-
20201019145153,192.168.1.1/24,59
20201019145154,10.77.1.2/24,46
20201019145155,10.77.1.2/24,3
20201019145156,10.20.30.2/16,28
20201019145158,10.20.30.2/16,6
20201019145159,10.20.30.1/16,-
20201019145200,10.77.1.1/24,9
20201019145201,10.77.1.2/24,7
20201019145203,10.20.30.1/16,-
20201019145204,10.20.30.1/16,-
20201019145205,10.20.30.2/16,4
20201019145206,10.77.1.2/24,54
20201019145207,10.77.1.2/24,45
20201019145208,192.168.1.2/24,16
20201019145210,10.77.1.2/24,-
20201019145211,192.168.1.2/24,8
20201019145212,10.20.30.1/16,17
20201019145213,10.20.30.1/16,54
20201019145214,10.77.1.2/24,5
20201019145215,10.20.30.2/16,15
20201019145216,10.77.1.1/24,3
20201019145217,10.77.1.1/24,-
20201019145218,10.77.1.2/24,3
20201019145219,10.20.30.2/16,9
20201019145220,192.168.1.1/24,9
20201019145222,10.20.30.2/16,4
20201019145223,10.20.30.1/16,6
20201019145224,192.168.1.1/24,7
20201019145225,192.168.1.2/24,-
20201019145227,192.168.1.2/24,8
20201019145228,10.20.30.1/16,3
20201019145229,10.20.30.1/16,56
20201019145231,10.77.1.2/24,8
20201019145232,10.77.1.2/24,1
20201019145233,10.77.1.1/24,17
20201019145235,10.77.1.1/24,7
20201019145236,10.20.30.1/16,7
20201019145237,192.168.1.1/24,5
20201019145239,10.20.30.2/16,7
20201019145240,10.77.1.1/24,24
20201019145241,10.20.30.1/16,60
20201019145242,10.20.30.1/16,9
20201019145243,10.20.30.1/16,9
20201019145244,192.168.1.1/24,27
20201019145246,10.20.30.2/16,-
20201019145247,10.77.1.1/24,5
20201019145248,10.20.30.2/16,7
20201019145249,10.20.30.2/16,-
20201019145250,192.168.1.1/24,10
20201019145251,10.20.30.2/16,8
20201019145253,10.77.1.1/24,50
20201019145254,192.168.1.2/24,5
20201019145255,10.77.1.2/24,2
20201019145256,10.77.1.1/24,9
20201019145257,192.168.1.2/24,46
20201019145258,10.20.30.2/16,12
20201019145259,10.77.1.2/24,-
20201019145300,192.168.1.2/24,85
20201019145301,10.77.1.1/24,-
20201019145302,192.168.1.1/24,6
20201019145303,192.168.1.1/24,-
20201019145305,10.20.30.2/16,-
20201019145307,10.20.30.2/16,-
20201019145308,192.168.1.1/24,5
20201019145310,10.77.1.1/24,7
20201019145312,192.168.1.2/24,-
20201019145313,10.77.1.1/24,-
20201019145314,10.77.1.1/24,4
20201019145315,10.20.30.2/16,2
20201019145316,10.20.30.1/16,77
20201019145317,10.77.1.1/24,4
20201019145318,192.168.1.2/24,2
20201019145320,10.77.1.2/24,-
20201019145321,10.20.30.1/16,-
20201019145323,10.20.30.2/16,3
20201019145324,10.20.30.1/16,7
20201019145325,10.77.1.1/24,6
20201019145326,192.168.1.2/24,2
20201019145327,10.20.30.1/16,75
20201019145329,10.77.1.1/24,6
20201019145331,10.20.30.1/16,7
20201019145332,10.20.30.2/16,2
20201019145333,192.168.1.2/24,1
20201019145334,10.77.1.2/24,-
20201019145335,10.20.30.2/16,5
20201019145336,10.20.30.1/16,9
20201019145337,10.77.1.1/24,-
20201019145338,192.168.1.1/24,8
20201019145339,10.77.1.1/24,1
20201019145340,10.77.1.2/24,27
20201019145341,192.168.1.2/24,18
20201019145342,10.77.1.1/24,9
20201019145343,10.77.1.1/24,-
20201019145344,192.168.1.1/24,56
20201019145345,192.168.1.1/24,-
20201019145347,10.20.30.2/16,31
20201019145348,10.20.30.2/16,-
20201019145349,10.77.1.1/24,-
20201019145350,10.77.1.2/24,7
20201019145351,10.77.1.2/24,9
20201019145353,192.168.1.1/24,21
20201019145354,10.20.30.2/16,1
20201019145355,192.168.1.1/24,-
20201019145356,10.77.1.2/24,4
20201019145357,10.77.1.1/24,7
20201019145358,192.168.1.1/24,7
20201019145359,192.168.1.2/24,3
20201019145400,192.168.1.2/24,6
20201019145401,192.168.1.2/24,2
20201019145402,10.20.30.1/16,88
20201019145403,10.77.1.2/24,18
20201019145404,192.168.1.2/24,2
20201019145405,192.168.1.2/24,-
20201019145406,10.20.30.1/16,4
20201019145407,192.168.1.2/24,7
20201019145408,10.20.30.1/16,5
20201019145409,10.20.30.2/16,98
20201019145410,10.20.30.2/16,8
20201019145412,10.20.30.1/16,6
20201019145414,10.20.30.2/16,60
20201019145415,10.77.1.1/24,5
20201019145416,192.168.1.1/24,3
20201019145417,10.77.1.2/24,-
20201019145418,10.77.1.2/24,18
20201019145420,10.77.1.1/24,3
20201019145421,10.20.30.2/16,47
20201019145422,10.77.1.2/24,-
20201019145423,10.20.30.1/16,7
20201019145424,192.168.1.2/24,-
20201019145426,10.77.1.1/24,6
20201019145427,192.168.1.2/24,8
20201019145428,192.168.1.1/24,9
20201019145429,192.168.1.1/24,5
20201019145430,10.77.1.2/24,10
20201019145431,192.168.1.2/24,8
20201019145432,10.20.30.1/16,8
20201019145433,10.20.30.1/16,8
20201019145434,10.77.1.2/24,-
20201019145435,10.20.30.2/16,8
20201019145436,10.20.30.1/16,7
20201019145438,192.168.1.1/24,47
20201019145439,10.20.30.2/16,8
20201019145440,192.168.1.1/24,2
20201019145441,192.168.1.2/24,5
20201019145442,10.20.30.1/16,25
20201019145443,10.20.30.2/16,9
20201019145444,10.77.1.2/24,-
20201019145445,192.168.1.2/24,-
20201019145446,10.77.1.2/24,6
20201019145447,10.77.1.1/24,16
20201019145448,10.77.1.1/24,7
20201019145450,10.20.30.1/16,8
20201019145451,10.77.1.1/24,9
20201019145453,10.77.1.1/24,13
20201019145454,10.77.1.2/24,2
20201019145455,10.20.30.2/16,5
20201019145456,10.20.30.2/16,5
20201019145457,192.168.1.2/24,-
20201019145458,10.20.30.1/16,-
20201019145459,10.20.30.1/16,34
20201019145500,10.77.1.2/24,7
20201019145501,192.168.1.2/24,-
20201019145503,192.168.1.1/24,7
20201019145504,10.20.30.2/16,78
20201019145505,10.20.30.2/16,2
20201019145506,192.168.1.2/24,1
20201019145507,192.168.1.1/24,68
20201019145508,10.77.1.2/24,-
20201019145509,192.168.1.1/24,-
20201019145511,10.20.30.2/16,-
20201019145512,192.168.1.1/24,59
20201019145513,192.168.1.1/24,-
20201019145514,10.20.30.2/16,-
20201019145515,10.20.30.1/16,5
20201019145516,10.77.1.1/24,7
20201019145517,192.168.1.2/24,-
20201019145518,192.168.1.2/24,-
20201019145520,10.77.1.2/24,6
20201019145521,10.20.30.1/16,9
20201019145522,10.77.1.2/24,6
20201019145523,192.168.1.1/24,-
20201019145524,10.20.30.2/16,43
20201019145525,10.77.1.1/24,-
20201019145526,10.20.30.1/16,3
20201019145527,10.77.1.2/24,6
20201019145528,10.77.1.2/24,8
20201019145529,10.20.30.1/16,7
20201019145530,192.168.1.2/24,2
20201019145531,192.168.1.1/24,60
20201019145532,10.20.30.1/16,3
20201019145533,10.77.1.1/24,7
20201019145534,10.77.1.2/24,5
20201019145535,10.77.1.2/24,9
20201019145536,10.20.30.2/16,17
20201019145537,192.168.1.1/24,-
20201019145538,10.20.30.1/16,49
20201019145539,10.77.1.1/24,6
20201019145540,192.168.1.2/24,1
20201019145541,10.20.30.1/16,-
20201019145543,10.77.1.2/24,7
20201019145544,10.77.1.2/24,10
20201019145545,192.168.1.2/24,80
20201019145546,10.20.30.1/16,49
20201019145547,10.20.30.1/16,-
20201019145548,192.168.1.2/24,3
20201019145549,192.168.1.2/24,10
20201019145550,10.77.1.1/24,4
20201019145551,192.168.1.1/24,-
20201019145552,10.20.30.1/16,4
20201019145554,10.20.30.2/16,2
20201019145556,192.168.1.1/24,-
20201019145558,192.168.1.1/24,8
20201019145559,10.20.30.2/16,9
20201019145600,10.20.30.2/16,29
20201019145601,192.168.1.1/24,-
20201019145602,10.77.1.2/24,9
20201019145603,10.77.1.2/24,7
20201019145604,10.20.30.1/16,53
20201019145605,192.168.1.2/24,7
20201019145606,192.168.1.1/24,8
20201019145607,10.77.1.2/24,12
20201019145608,192.168.1.2/24,6
20201019145609,10.77.1.2/24,-
20201019145611,10.77.1.2/24,1
20201019145612,10.77.1.1/24,-
20201019145613,10.77.1.1/24,6
20201019145614,10.77.1.1/24,47
20201019145615,192.168.1.2/24,7
20201019145616,10.77.1.2/24,3
20201019145617,10.77.1.1/24,8
20201019145618,10.20.30.2/16,-
20201019145619,192.168.1.2/24,-
20201019145621,10.20.30.1/16,70
20201019145622,10.77.1.2/24,6
20201019145623,192.168.1.1/24,16
20201019145625,10.77.1.1/24,5
20201019145626,10.77.1.1/24,7
20201019145627,10.77.1.1/24,9
20201019145628,10.20.30.1/16,-
20201019145629,10.20.30.1/16,6
20201019145630,10.77.1.1/24,5
20201019145631,10.77.1.1/24,5
20201019145632,10.20.30.2/16,-
20201019145633,10.20.30.1/16,7
20201019145634,192.168.1.1/24,25
20201019145635,10.20.30.1/16,9
20201019145636,192.168.1.1/24,13
20201019145637,192.168.1.2/24,3
20201019145639,10.20.30.2/16,7
20201019145640,10.77.1.1/24,38
20201019145641,10.20.30.1/16,-
20201019145642,192.168.1.2/24,21
20201019145644,10.77.1.1/24,7
20201019145645,192.168.1.2/24,80
20201019145646,10.77.1.1/24,-
20201019145647,10.20.30.2/16,6
20201019145648,192.168.1.1/24,7
20201019145649,10.20.30.1/16,3
20201019145650,10.20.30.1/16,3
20201019145651,192.168.1.1/24,6
20201019145652,10.77.1.2/24,65
20201019145653,10.77.1.2/24,4
20201019145655,10.77.1.2/24,1
20201019145657,10.20.30.2/16,6
20201019145658,10.20.30.1/16,4
20201019145659,10.77.1.1/24,6
20201019145701,10.20.30.1/16,85
20201019145703,10.20.30.1/16,1
20201019145704,10.20.30.2/16,67
20201019145705,10.20.30.2/16,-
20201019145706,10.20.30.1/16,1
20201019145707,10.77.1.2/24,15
20201019145709,192.168.1.1/24,5
20201019145711,10.20.30.2/16,1
20201019145712,192.168.1.1/24,-
20201019145713,10.77.1.2/24,3
20201019145714,10.20.30.1/16,2
20201019145715,192.168.1.1/24,93
20201019145717,10.77.1.2/24,-
20201019145718,10.77.1.2/24,2
20201019145720,10.77.1.1/24,26
20201019145721,10.77.1.2/24,3
20201019145722,10.77.1.2/24,9
20201019145723,10.77.1.2/24,7
20201019145724,192.168.1.2/24,-
20201019145725,192.168.1.2/24,6
20201019145726,192.168.1.2/24,4
20201019145727,10.20.30.2/16,8
20201019145728,10.20.30.1/16,8
20201019145730,10.77.1.1/24,6
20201019145731,10.77.1.2/24,15
20201019145732,10.20.30.1/16,56
20201019145733,10.77.1.1/24,-
20201019145735,10.77.1.1/24,8
20201019145736,10.20.30.1/16,-
20201019145737,10.77.1.1/24,5
20201019145739,10.77.1.2/24,2
20201019145741,10.20.30.2/16,9
20201019145742,192.168.1.1/24,85
20201019145743,192.168.1.2/24,1
20201019145744,192.168.1.2/24,-
20201019145745,10.77.1.2/24,19
20201019145746,192.168.1.1/24,5
20201019145747,10.77.1.1/24,7
20201019145748,10.20.30.1/16,3
20201019145749,10.20.30.1/16,-
20201019145750,10.77.1.1/24,6
20201019145751,192.168.1.1/24,-
20201019145753,192.168.1.2/24,4
20201019145755,10.20.30.1/16,-
20201019145756,192.168.1.1/24,4
20201019145757,10.77.1.1/24,2
20201019145758,10.20.30.1/16,-
20201019145759,10.20.30.1/16,62
20201019145800,192.168.1.2/24,4
20201019145801,10.77.1.2/24,3
20201019145802,10.20.30.2/16,4
20201019145803,10.20.30.2/16,8
20201019145804,10.20.30.1/16,1
20201019145805,10.20.30.2/16,11
20201019145806,10.20.30.1/16,5
20201019145807,10.20.30.2/16,73
20201019145808,10.20.30.2/16,15
20201019145809,192.168.1.1/24,8
20201019145811,10.77.1.2/24,-
20201019145812,10.20.30.1/16,6
20201019145814,10.77.1.2/24,10
20201019145815,10.20.30.2/16,1
20201019145816,192.168.1.2/24,-
20201019145818,10.20.30.1/16,3
20201019145820,10.20.30.1/16,-
20201019145821,192.168.1.1/24,10
20201019145822,10.20.30.1/16,3
20201019145823,10.77.1.2/24,10
20201019145824,10.20.30.2/16,7
20201019145826,10.20.30.1/16,9
20201019145827,10.77.1.2/24,1
20201019145828,10.77.1.1/24,3
20201019145829,192.168.1.2/24,4
20201019145830,10.77.1.1/24,3
20201019145832,192.168.1.1/24,45
20201019145834,192.168.1.1/24,9
20201019145836,192.168.1.2/24,-
20201019145837,10.77.1.1/24,5
20201019145838,10.20.30.1/16,-
20201019145839,10.77.1.2/24,38
20201019145840,10.77.1.1/24,-
20201019145841,10.77.1.2/24,8
20201019145842,10.77.1.1/24,-
20201019145843,10.20.30.2/16,5
20201019145844,10.77.1.1/24,4
20201019145845,192.168.1.1/24,4
20201019145847,10.77.1.1/24,40
20201019145848,192.168.1.2/24,7
20201019145849,192.168.1.1/24,4
20201019145850,10.77.1.2/24,-
20201019145851,10.20.30.1/16,1
20201019145852,192.168.1.2/24,2
20201019145853,192.168.1.2/24,14
20201019145854,10.20.30.2/16,51
20201019145855,192.168.1.1/24,44
20201019145856,10.20.30.2/16,24
20201019145858,10.20.30.2/16,4
20201019145859,192.168.1.2/24,-
20201019145900,10.77.1.1/24,-
20201019145901,10.77.1.2/24,8
20201019145902,10.20.30.2/16,7
20201019145903,10.20.30.1/16,8
20201019145905,10.77.1.2/24,-
20201019145906,192.168.1.2/24,85
20201019145907,10.20.30.1/16,1
20201019145908,10.77.1.2/24,1
20201019145909,192.168.1.2/24,5
20201019145910,192.168.1.2/24,6
20201019145911,192.168.1.2/24,3
20201019145912,10.77.1.1/24,4
20201019145913,192.168.1.2/24,8
20201019145914,192.168.1.1/24,3
20201019145915,10.20.30.1/16,11
20201019145916,192.168.1.1/24,39
20201019145917,10.77.1.1/24,8
20201019145918,10.77.1.1/24,2
20201019145919,192.168.1.2/24,39
20201019145920,10.77.1.2/24,6
20201019145921,192.168.1.1/24,84
20201019145922,10.77.1.1/24,71
20201019145923,10.77.1.2/24,-
20201019145924,10.20.30.1/16,46
20201019145925,10.20.30.1/16,83
20201019145926,192.168.1.1/24,1
20201019145927,10.77.1.1/24,70
20201019145928,10.77.1.1/24,-
20201019145929,10.77.1.2/24,6
20201019145930,10.77.1.1/24,7
20201019145932,10.77.1.2/24,3
20201019145933,10.77.1.2/24,6
20201019145935,10.20.30.1/16,8
20201019145936,10.77.1.2/24,-
20201019145937,10.77.1.1/24,8
20201019145938,10.20.30.1/16,-
20201019145939,10.77.1.1/24,7
20201019145940,10.20.30.1/16,7
20201019145941,10.77.1.1/24,49
20201019145942,10.77.1.2/24,9
20201019145943,192.168.1.2/24,-
20201019145944,10.20.30.1/16,27
20201019145945,192.168.1.1/24,3
20201019145946,10.77.1.1/24,-
20201019145947,192.168.1.1/24,28
20201019145948,10.20.30.1/16,-
20201019145949,10.20.30.1/16,55
20201019145951,192.168.1.2/24,5
20201019145953,192.168.1.1/24,3
20201019145954,10.77.1.1/24,12
20201019145955,10.77.1.1/24,26
20201019145956,192.168.1.1/24,-
20201019145957,10.20.30.2/16,7
20201019145958,10.77.1.1/24,4
20201019145959,192.168.1.2/24,1
20201019150000,10.20.30.2/16,33
20201019150001,10.77.1.2/24,-
20201019150002,10.77.1.1/24,37
20201019150003,10.77.1.2/24,4
20201019150004,192.168.1.1/24,46
20201019150005,192.168.1.1/24,8
20201019150007,10.77.1.2/24,7
20201019150008,10.20.30.2/16,1
20201019150010,10.20.30.2/16,2
20201019150012,10.20.30.1/16,9
20201019150013,10.77.1.1/24,8
20201019150014,192.168.1.2/24,4
20201019150015,10.77.1.1/24,-
20201019150016,10.20.30.2/16,7
20201019150017,10.77.1.2/24,1
20201019150019,10.20.30.1/16,-
20201019150020,192.168.1.1/24,5
20201019150022,192.168.1.1/24,1
20201019150023,10.20.30.1/16,4
20201019150024,10.20.30.2/16,85
20201019150025,10.77.1.2/24,9
20201019150026,192.168.1.1/24,5
20201019150027,192.168.1.2/24,9
20201019150029,10.20.30.2/16,9
20201019150030,192.168.1.2/24,7
20201019150031,192.168.1.1/24,-
20201019150032,10.77.1.1/24,-
20201019150033,10.20.30.1/16,38
20201019150034,10.20.30.2/16,43
20201019150035,10.77.1.1/24,3
20201019150036,10.20.30.2/16,-
20201019150037,10.77.1.2/24,2
20201019150039,10.20.30.2/16,80
20201019150040,10.20.30.2/16,6
20201019150042,10.77.1.1/24,-
20201019150043,10.20.30.2/16,85
20201019150044,10.77.1.2/24,9
20201019150046,192.168.1.2/24,-
20201019150047,10.77.1.1/24,15
20201019150048,10.20.30.1/16,-
20201019150049,192.168.1.2/24,6
20201019150051,10.20.30.2/16,12
20201019150053,192.168.1.1/24,-
20201019150054,10.77.1.2/24,51
20201019150055,10.77.1.1/24,9
20201019150057,192.168.1.2/24,81
20201019150058,10.20.30.1/16,2
20201019150100,10.20.30.1/16,-
20201019150101,10.20.30.2/16,2
20201019150102,10.77.1.1/24,4
20201019150104,192.168.1.2/24,-
20201019150105,10.20.30.1/16,44
20201019150106,192.168.1.2/24,-
20201019150107,10.20.30.2/16,-
20201019150109,10.77.1.1/24,-
20201019150110,192.168.1.1/24,-
20201019150112,10.77.1.1/24,-
20201019150113,10.20.30.1/16,18
20201019150114,192.168.1.2/24,-
20201019150116,192.168.1.1/24,40
20201019150117,10.77.1.1/24,0
20201019150118,10.20.30.1/16,-
20201019150119,192.168.1.1/24,8
20201019150120,10.77.1.1/24,-
20201019150121,10.77.1.1/24,1
20201019150122,192.168.1.2/24,8
20201019150123,10.20.30.1/16,11
20201019150124,10.20.30.2/16,37
20201019150125,192.168.1.1/24,1
20201019150127,10.77.1.1/24,8
20201019150128,192.168.1.1/24,-
20201019150129,192.168.1.1/24,29
20201019150130,10.20.30.2/16,6
20201019150132,10.77.1.2/24,35
20201019150133,192.168.1.2/24,1
20201019150135,10.20.30.1/16,7
20201019150136,10.20.30.2/16,85
20201019150138,10.20.30.2/16,-
20201019150139,10.77.1.1/24,4
20201019150140,10.77.1.2/24,-
20201019150142,10.20.30.1/16,4
20201019150143,10.20.30.1/16,10
20201019150144,10.77.1.2/24,-
20201019150145,192.168.1.2/24,5
20201019150146,10.77.1.2/24,6
20201019150148,192.168.1.1/24,6
20201019150149,192.168.1.2/24,-
20201019150150,10.77.1.2/24,16
20201019150151,192.168.1.2/24,9
20201019150153,10.20.30.2/16,-
20201019150155,10.20.30.1/16,38
20201019150157,10.77.1.1/24,71
20201019150158,192.168.1.2/24,7
20201019150159,10.20.30.2/16,7
20201019150200,192.168.1.1/24,5
20201019150202,10.20.30.1/16,8
20201019150203,10.77.1.1/24,-
20201019150204,10.77.1.1/24,8
20201019150205,10.77.1.1/24,-
20201019150206,10.20.30.1/16,10
20201019150207,10.20.30.1/16,4
20201019150209,192.168.1.1/24,6
20201019150210,192.168.1.2/24,8
20201019150211,192.168.1.2/24,8
20201019150212,10.20.30.1/16,78
20201019150213,10.77.1.1/24,27
20201019150214,10.77.1.2/24,10
20201019150215,192.168.1.2/24,3
20201019150216,192.168.1.1/24,7
20201019150217,10.20.30.2/16,1
20201019150218,10.77.1.1/24,-
20201019150219,10.77.1.1/24,42
20201019150220,10.20.30.2/16,9
20201019150222,192.168.1.1/24,85
20201019150224,10.20.30.2/16,4
20201019150225,10.77.1.1/24,6
20201019150226,192.168.1.1/24,87
20201019150228,192.168.1.2/24,-
20201019150230,10.77.1.1/24,-
20201019150231,10.77.1.2/24,8
20201019150232,10.77.1.1/24,-
20201019150233,10.77.1.1/24,-
20201019150234,10.77.1.2/24,13
20201019150236,10.20.30.1/16,-
20201019150237,192.168.1.2/24,28
20201019150238,192.168.1.1/24,17
20201019150239,10.77.1.2/24,2
20201019150241,10.77.1.1/24,-
20201019150243,10.77.1.2/24,-
20201019150244,10.77.1.1/24,16
20201019150245,10.20.30.1/16,38
20201019150247,192.168.1.1/24,38
20201019150249,10.77.1.2/24,63
20201019150250,10.20.30.1/16,5
20201019150251,10.77.1.1/24,7
20201019150253,10.20.30.2/16,-
20201019150254,10.20.30.1/16,9
20201019150255,10.77.1.2/24,6
20201019150256,192.168.1.1/24,2
20201019150257,192.168.1.1/24,5
20201019150258,192.168.1.1/24,8
20201019150259,10.77.1.1/24,5
20201019150300,10.77.1.1/24,3
20201019150301,10.20.30.1/16,2
20201019150302,192.168.1.1/24,7
20201019150304,10.20.30.1/16,3
20201019150305,10.77.1.1/24,-
20201019150306,192.168.1.1/24,-
20201019150307,192.168.1.1/24,2
20201019150309,192.168.1.2/24,4
20201019150310,192.168.1.2/24,2
20201019150311,10.77.1.1/24,48
20201019150312,192.168.1.1/24,6
20201019150314,10.77.1.2/24,-
20201019150315,10.77.1.2/24,-
20201019150316,10.77.1.2/24,5
20201019150317,10.77.1.2/24,15
20201019150319,192.168.1.1/24,-
20201019150320,10.77.1.1/24,-
20201019150321,10.20.30.1/16,5
20201019150323,10.20.30.1/16,7
20201019150324,192.168.1.2/24,6
20201019150326,10.20.30.2/16,97
20201019150327,10.77.1.1/24,-
20201019150329,192.168.1.1/24,28
20201019150330,10.20.30.2/16,9
20201019150331,10.20.30.1/16,-
20201019150332,10.20.30.2/16,-
20201019150333,192.168.1.1/24,6
20201019150334,192.168.1.1/24,-
20201019150335,10.77.1.1/24,6
20201019150336,10.20.30.1/16,30
20201019150337,10.77.1.1/24,1
20201019150339,10.77.1.2/24,4
20201019150340,10.20.30.2/16,4
20201019150342,10.77.1.1/24,5
20201019150343,10.77.1.1/24,76
20201019150344,10.77.1.1/24,4
20201019150345,192.168.1.2/24,6
20201019150347,10.20.30.1/16,7
20201019150348,192.168.1.1/24,3
20201019150349,10.20.30.1/16,2
20201019150350,10.20.30.1/16,54
20201019150351,10.77.1.1/24,-
20201019150353,10.77.1.2/24,4
20201019150355,10.77.1.1/24,-
20201019150356,10.20.30.2/16,3
20201019150357,192.168.1.2/24,2
20201019150359,10.20.30.2/16,12
20201019150400,192.168.1.1/24,-
20201019150402,192.168.1.1/24,9
20201019150403,192.168.1.2/24,1
20201019150404,10.77.1.2/24,9
20201019150406,10.20.30.2/16,99
20201019150407,10.20.30.2/16,54
20201019150409,10.77.1.1/24,29
20201019150410,10.20.30.2/16,-
20201019150412,192.168.1.2/24,7
20201019150413,10.20.30.1/16,5
20201019150414,10.20.30.2/16,-
20201019150415,10.20.30.1/16,90
20201019150416,10.20.30.1/16,88
20201019150417,192.168.1.1/24,9
20201019150418,192.168.1.1/24,-
20201019150420,192.168.1.1/24,2
20201019150421,192.168.1.2/24,1
20201019150422,192.168.1.2/24,6
20201019150423,10.77.1.1/24,-
20201019150424,10.20.30.2/16,1
20201019150425,10.20.30.1/16,8
20201019150426,10.77.1.2/24,8
20201019150427,10.20.30.2/16,-
20201019150428,192.168.1.1/24,-
20201019150429,192.168.1.1/24,52
20201019150430,192.168.1.1/24,83
20201019150431,10.77.1.2/24,2
20201019150432,10.20.30.1/16,16
20201019150433,192.168.1.2/24,4
20201019150434,10.20.30.2/16,2
20201019150436,10.20.30.2/16,6
20201019150437,10.20.30.2/16,5
20201019150439,10.20.30.2/16,1
20201019150440,10.77.1.2/24,6
20201019150441,192.168.1.1/24,8
20201019150443,10.20.30.1/16,7
20201019150444,10.77.1.2/24,-
20201019150445,192.168.1.2/24,7
20201019150447,10.77.1.2/24,7
20201019150449,10.20.30.1/16,3
20201019150451,192.168.1.1/24,30
20201019150452,192.168.1.1/24,5
20201019150453,10.77.1.2/24,9
20201019150454,192.168.1.2/24,-
20201019150455,10.20.30.1/16,4
20201019150456,10.20.30.1/16,-
20201019150457,10.20.30.1/16,-
20201019150458,192.168.1.1/24,2
20201019150500,10.77.1.2/24,5
20201019150501,10.77.1.2/24,4
20201019150502,192.168.1.2/24,5
20201019150504,10.20.30.2/16,1
20201019150505,10.20.30.1/16,43
20201019150506,10.77.1.2/24,29
20201019150508,10.77.1.1/24,5
20201019150510,10.77.1.2/24,6
20201019150512,10.20.30.1/16,-
20201019150513,10.77.1.2/24,1
20201019150514,10.20.30.1/16,0
20201019150516,10.77.1.1/24,8
20201019150517,10.20.30.1/16,9
20201019150519,192.168.1.2/24,6
20201019150520,10.77.1.2/24,-
20201019150521,10.20.30.1/16,-
20201019150522,10.20.30.2/16,4
20201019150524,192.168.1.2/24,3
20201019150525,10.77.1.2/24,2
20201019150526,10.20.30.2/16,1
20201019150527,10.20.30.1/16,-
20201019150529,10.77.1.2/24,9
20201019150531,10.20.30.2/16,-
20201019150532,10.20.30.1/16,7
20201019150533,192.168.1.1/24,11
20201019150534,10.77.1.1/24,5
20201019150535,192.168.1.2/24,5
20201019150537,192.168.1.2/24,4
20201019150538,192.168.1.2/24,77
20201019150539,10.20.30.2/16,-
20201019150540,10.77.1.1/24,2
20201019150541,192.168.1.2/24,1
20201019150542,10.20.30.2/16,-
20201019150543,192.168.1.2/24,7
20201019150545,10.77.1.1/24,1
20201019150546,10.20.30.1/16,4
20201019150547,10.20.30.1/16,2
20201019150548,192.168.1.2/24,-
20201019150550,10.20.30.2/16,44
20201019150551,10.20.30.1/16,8
20201019150553,192.168.1.1/24,15
20201019150554,10.77.1.2/24,-
20201019150556,10.20.30.2/16,56
20201019150557,10.77.1.2/24,-
20201019150558,10.20.30.2/16,-
20201019150559,10.20.30.1/16,-
20201019150600,10.20.30.1/16,-
20201019150601,192.168.1.2/24,-
20201019150603,10.77.1.2/24,5
20201019150604,10.77.1.1/24,6
20201019150605,192.168.1.2/24,-
20201019150607,192.168.1.2/24,7
20201019150609,10.77.1.1/24,2
20201019150610,10.77.1.1/24,1
20201019150611,10.77.1.1/24,4
20201019150613,10.77.1.1/24,99
20201019150614,10.77.1.2/24,1
20201019150615,10.77.1.1/24,26
20201019150617,10.77.1.2/24,-
20201019150618,10.77.1.1/24,-
20201019150619,10.20.30.1/16,14
20201019150620,10.20.30.1/16,-
20201019150621,192.168.1.1/24,5
20201019150622,10.77.1.2/24,6
20201019150623,10.20.30.1/16,4
20201019150624,10.77.1.2/24,1
20201019150625,10.77.1.2/24,2
20201019150626,192.168.1.2/24,34
20201019150628,192.168.1.1/24,-
20201019150630,192.168.1.1/24,1
20201019150631,10.77.1.2/24,98
20201019150632,10.20.30.2/16,3
20201019150634,10.20.30.1/16,1
20201019150636,192.168.1.2/24,37
20201019150637,192.168.1.2/24,2
20201019150638,10.20.30.1/16,1
20201019150639,10.77.1.2/24,1
20201019150640,192.168.1.1/24,-
20201019150641,192.168.1.2/24,1
20201019150642,10.77.1.2/24,2
20201019150643,192.168.1.1/24,-
20201019150645,192.168.1.2/24,7
20201019150646,10.77.1.1/24,38
20201019150647,10.77.1.1/24,3
20201019150648,192.168.1.1/24,3
20201019150649,10.77.1.1/24,5
20201019150650,192.168.1.2/24,98
20201019150652,10.77.1.1/24,16
20201019150653,10.20.30.2/16,7
20201019150655,10.20.30.1/16,1
20201019150656,192.168.1.2/24,-
20201019150657,10.77.1.2/24,8
20201019150659,10.77.1.2/24,60
20201019150700,192.168.1.2/24,6
20201019150702,10.20.30.1/16,6
20201019150704,10.20.30.2/16,-
20201019150705,10.77.1.2/24,9
20201019150707,10.77.1.1/24,4
20201019150709,10.20.30.1/16,2
20201019150710,10.20.30.1/16,3
20201019150711,10.77.1.2/24,-
20201019150713,10.77.1.1/24,1
20201019150714,10.20.30.2/16,64
20201019150715,10.20.30.1/16,9
20201019150716,10.77.1.2/24,1
20201019150717,10.20.30.1/16,88
20201019150718,192.168.1.2/24,-
20201019150719,10.20.30.1/16,9
20201019150720,192.168.1.2/24,3
20201019150721,10.77.1.2/24,-
20201019150722,10.77.1.2/24,17
20201019150723,10.77.1.1/24,-
20201019150725,10.20.30.2/16,3
20201019150726,10.77.1.2/24,5
20201019150728,10.20.30.2/16,8
20201019150729,10.20.30.2/16,34
20201019150730,10.20.30.2/16,8
20201019150731,192.168.1.1/24,2
20201019150732,10.77.1.1/24,7
20201019150733,10.77.1.1/24,-
20201019150734,192.168.1.1/24,-
20201019150735,10.77.1.1/24,3
20201019150736,10.20.30.2/16,6
20201019150738,10.77.1.1/24,8
20201019150739,10.77.1.2/24,7
20201019150741,10.77.1.1/24,1
20201019150742,192.168.1.2/24,82
20201019150743,10.20.30.2/16,60
20201019150744,192.168.1.2/24,81
20201019150745,10.77.1.1/24,46
20201019150746,10.77.1.2/24,4
20201019150748,10.20.30.1/16,4
20201019150749,10.20.30.1/16,5
20201019150750,192.168.1.1/24,4
20201019150752,10.77.1.1/24,45
20201019150753,10.20.30.2/16,-
20201019150755,10.20.30.1/16,4
20201019150757,10.20.30.2/16,5
20201019150758,10.77.1.1/24,2
20201019150759,10.20.30.2/16,6
20201019150801,192.168.1.1/24,18
20201019150802,192.168.1.1/24,-
20201019150803,10.20.30.1/16,1
20201019150804,192.168.1.2/24,73
20201019150805,10.20.30.2/16,-
20201019150807,10.20.30.1/16,58
20201019150808,10.20.30.2/16,1
20201019150809,10.20.30.2/16,12
20201019150810,10.20.30.1/16,14
20201019150811,192.168.1.2/24,8
20201019150812,192.168.1.2/24,10
20201019150813,10.20.30.2/16,10
20201019150814,10.20.30.1/16,19
20201019150815,10.20.30.2/16,26
20201019150816,10.77.1.2/24,4
20201019150817,10.20.30.1/16,-
20201019150818,10.77.1.2/24,-
20201019150819,10.20.30.2/16,2
20201019150820,10.20.30.1/16,4
20201019150821,10.20.30.1/16,-
20201019150822,192.168.1.1/24,2
20201019150823,10.20.30.2/16,8
20201019150824,192.168.1.2/24,5
20201019150825,10.77.1.1/24,-
20201019150827,10.77.1.2/24,6
20201019150828,10.20.30.2/16,66
20201019150829,10.77.1.2/24,70
20201019150831,192.168.1.1/24,58
20201019150833,10.77.1.2/24,2
20201019150834,192.168.1.2/24,-
20201019150835,10.20.30.1/16,24
20201019150836,192.168.1.2/24,9
20201019150837,10.77.1.2/24,30
20201019150838,192.168.1.1/24,-
20201019150839,10.20.30.2/16,4
20201019150840,10.20.30.1/16,16
20201019150841,10.77.1.1/24,6
20201019150842,10.20.30.1/16,-
20201019150844,192.168.1.2/24,-
20201019150845,192.168.1.2/24,7
20201019150847,10.20.30.2/16,12
20201019150848,192.168.1.1/24,2
20201019150850,10.20.30.2/16,33
20201019150851,192.168.1.2/24,-
20201019150852,10.20.30.2/16,6
20201019150853,10.77.1.1/24,7
20201019150854,10.77.1.1/24,9
20201019150855,10.20.30.1/16,6
20201019150856,10.77.1.2/24,-
20201019150858,10.77.1.2/24,7
20201019150900,10.20.30.2/16,1
20201019150901,10.20.30.2/16,-
20201019150902,192.168.1.2/24,7
20201019150904,192.168.1.1/24,37
20201019150905,10.20.30.2/16,7
20201019150906,10.20.30.2/16,3
20201019150907,10.20.30.2/16,4
20201019150908,10.20.30.2/16,-
20201019150910,10.20.30.1/16,23
20201019150912,192.168.1.2/24,-
20201019150914,192.168.1.2/24,6
20201019150915,192.168.1.2/24,6
20201019150916,10.77.1.2/24,-
20201019150917,10.77.1.1/24,65
20201019150918,10.20.30.2/16,-
20201019150919,192.168.1.2/24,2
20201019150920,10.20.30.2/16,-
20201019150921,192.168.1.1/24,-
20201019150922,192.168.1.1/24,-
20201019150923,10.20.30.2/16,-
20201019150925,192.168.1.1/24,7
20201019150926,10.20.30.1/16,6
20201019150927,10.20.30.1/16,5
20201019150928,10.77.1.2/24,-
20201019150929,192.168.1.1/24,4
20201019150930,10.77.1.2/24,3
20201019150931,10.77.1.1/24,10
20201019150932,10.77.1.1/24,-
20201019150934,192.168.1.1/24,6
20201019150935,192.168.1.1/24,3
20201019150936,10.77.1.1/24,9
20201019150938,10.20.30.2/16,6
20201019150939,10.77.1.1/24,-
20201019150941,192.168.1.1/24,-
20201019150942,192.168.1.1/24,7
20201019150943,10.20.30.2/16,4
20201019150944,10.77.1.2/24,6
20201019150945,10.77.1.1/24,8
20201019150946,10.77.1.1/24,-
20201019150947,192.168.1.1/24,-
20201019150948,10.77.1.1/24,11
20201019150950,10.77.1.2/24,70
20201019150952,192.168.1.2/24,6
20201019150954,10.77.1.2/24,47
20201019150955,10.20.30.2/16,5
20201019150956,10.77.1.1/24,-
20201019150957,10.77.1.1/24,8
20201019150958,10.77.1.2/24,6
20201019150959,192.168.1.2/24,-
20201019151000,10.77.1.2/24,6
20201019151001,10.77.1.2/24,-
20201019151002,192.168.1.1/24,37
20201019151004,10.20.30.2/16,9
20201019151006,192.168.1.2/24,-
20201019151008,192.168.1.1/24,57
20201019151009,10.77.1.1/24,5
20201019151010,10.20.30.2/16,52
20201019151011,10.20.30.2/16,3
20201019151013,10.77.1.1/24,3
20201019151015,10.20.30.1/16,8
20201019151016,10.77.1.2/24,2
20201019151018,10.77.1.1/24,4
20201019151020,10.20.30.2/16,72
20201019151021,192.168.1.1/24,27
20201019151022,10.20.30.2/16,7
20201019151023,10.20.30.1/16,5
20201019151024,192.168.1.2/24,48
20201019151025,10.20.30.2/16,38
20201019151027,10.20.30.2/16,-
20201019151028,192.168.1.2/24,48
20201019151030,10.77.1.2/24,3
20201019151032,192.168.1.1/24,63
20201019151034,10.20.30.1/16,36
20201019151036,10.20.30.2/16,14
20201019151037,10.20.30.2/16,5
20201019151038,10.77.1.1/24,7
20201019151039,10.77.1.1/24,4
20201019151040,10.20.30.1/16,-
20201019151041,10.77.1.1/24,39
20201019151042,192.168.1.2/24,2
20201019151043,192.168.1.1/24,-
20201019151045,10.20.30.1/16,-
20201019151046,10.77.1.1/24,6
20201019151047,192.168.1.1/24,3
20201019151048,10.77.1.1/24,6
20201019151049,192.168.1.2/24,11
20201019151050,10.77.1.1/24,-
20201019151051,192.168.1.2/24,24
20201019151052,10.20.30.1/16,3
20201019151053,192.168.1.2/24,9
20201019151054,192.168.1.2/24,7
20201019151055,10.77.1.1/24,22
20201019151056,10.77.1.1/24,-
20201019151058,192.168.1.2/24,2
20201019151059,192.168.1.1/24,9
20201019151100,192.168.1.2/24,29
20201019151102,10.20.30.1/16,4
20201019151103,10.77.1.2/24,79
20201019151104,192.168.1.1/24,-
20201019151105,10.77.1.1/24,-
20201019151106,10.77.1.1/24,6
20201019151107,10.77.1.2/24,-
20201019151108,10.20.30.1/16,4
20201019151109,10.20.30.2/16,68
20201019151110,192.168.1.1/24,63
20201019151112,10.20.30.2/16,6
20201019151114,10.20.30.2/16,23
20201019151116,10.77.1.2/24,5
20201019151118,192.168.1.2/24,14
20201019151120,10.20.30.2/16,2
20201019151121,10.20.30.1/16,2
20201019151122,10.20.30.1/16,3
20201019151123,192.168.1.1/24,8
20201019151124,10.20.30.1/16,1
20201019151125,10.77.1.1/24,2
20201019151126,192.168.1.1/24,5
20201019151127,10.77.1.1/24,-
20201019151128,10.77.1.2/24,8
20201019151129,192.168.1.2/24,7
20201019151130,10.20.30.2/16,-
20201019151131,10.77.1.2/24,8
20201019151132,192.168.1.2/24,4
20201019151133,192.168.1.1/24,-
20201019151134,192.168.1.2/24,7
20201019151135,10.20.30.2/16,2
20201019151137,10.77.1.2/24,5
20201019151138,10.20.30.2/16,58
20201019151139,192.168.1.1/24,-
20201019151140,10.20.30.1/16,12
20201019151141,10.20.30.1/16,-
20201019151142,10.77.1.2/24,7
20201019151143,10.20.30.1/16,4
20201019151145,10.77.1.1/24,6
20201019151146,192.168.1.2/24,-
20201019151147,10.77.1.2/24,-
20201019151148,10.77.1.2/24,4
20201019151149,10.20.30.1/16,-
20201019151151,10.20.30.1/16,3
20201019151152,10.77.1.2/24,7
20201019151153,192.168.1.1/24,6
20201019151154,10.77.1.2/24,9
20201019151155,10.20.30.1/16,-
20201019151157,10.77.1.1/24,-
20201019151158,10.77.1.1/24,-
20201019151159,192.168.1.1/24,1
20201019151200,10.77.1.2/24,7
20201019151202,10.77.1.2/24,5
20201019151203,192.168.1.2/24,6
20201019151204,10.20.30.1/16,6
20201019151205,10.77.1.2/24,38
20201019151206,10.77.1.1/24,2
20201019151207,10.20.30.2/16,-
20201019151208,10.20.30.2/16,-
20201019151209,10.20.30.1/16,5
20201019151211,10.77.1.1/24,-
20201019151212,10.77.1.1/24,-
20201019151213,10.20.30.1/16,17
20201019151214,192.168.1.2/24,-
20201019151215,192.168.1.1/24,-
20201019151216,10.20.30.1/16,4
20201019151217,10.20.30.2/16,9
20201019151218,192.168.1.1/24,84
20201019151219,192.168.1.1/24,2
20201019151220,10.77.1.2/24,10
20201019151221,10.77.1.2/24,2
20201019151222,192.168.1.2/24,1
20201019151223,192.168.1.1/24,-
20201019151224,192.168.1.2/24,9
20201019151225,10.20.30.2/16,76
20201019151227,192.168.1.2/24,1
20201019151228,10.77.1.2/24,-
20201019151229,10.77.1.2/24,85
20201019151231,192.168.1.1/24,5
20201019151233,10.20.30.1/16,5
20201019151234,10.20.30.1/16,6
20201019151235,192.168.1.1/24,-
20201019151237,10.77.1.2/24,1
20201019151238,192.168.1.1/24,8
20201019151239,10.20.30.2/16,7
20201019151240,10.20.30.2/16,83
20201019151241,10.20.30.1/16,-
20201019151243,192.168.1.2/24,-
20201019151245,10.77.1.1/24,7
20201019151247,10.77.1.2/24,-
20201019151248,10.77.1.2/24,5
20201019151249,10.20.30.2/16,41
20201019151250,10.77.1.2/24,9
20201019151251,10.20.30.1/16,8
20201019151252,192.168.1.2/24,7
20201019151253,10.77.1.2/24,13
20201019151254,192.168.1.2/24,9
20201019151255,192.168.1.1/24,7
20201019151257,10.20.30.1/16,75
20201019151258,192.168.1.2/24,62
20201019151259,10.20.30.1/16,16
20201019151301,10.77.1.2/24,3
20201019151302,10.77.1.1/24,29
20201019151303,10.77.1.2/24,5
20201019151305,10.20.30.2/16,6
20201019151307,10.20.30.2/16,5
20201019151308,192.168.1.1/24,3
20201019151309,192.168.1.1/24,7
20201019151311,10.77.1.1/24,27
20201019151312,10.77.1.2/24,-
20201019151313,192.168.1.1/24,9
20201019151314,10.20.30.1/16,99
20201019151315,10.77.1.1/24,8
20201019151316,10.20.30.2/16,42
20201019151317,10.20.30.2/16,26
20201019151318,10.20.30.1/16,9
20201019151319,192.168.1.1/24,2
20201019151320,10.77.1.2/24,6
20201019151321,10.20.30.2/16,6
20201019151322,192.168.1.2/24,7
20201019151323,192.168.1.2/24,-
20201019151324,192.168.1.2/24,-
20201019151325,10.77.1.2/24,10
20201019151326,10.20.30.2/16,6
20201019151327,192.168.1.2/24,3
20201019151328,10.20.30.1/16,8
20201019151329,192.168.1.2/24,8
20201019151331,10.20.30.1/16,4
20201019151332,10.20.30.1/16,5
20201019151333,10.20.30.1/16,7
20201019151334,10.20.30.1/16,2
20201019151336,10.20.30.2/16,8
20201019151338,10.77.1.1/24,85
20201019151339,192.168.1.1/24,11
20201019151341,192.168.1.1/24,-
20201019151342,10.20.30.1/16,10
20201019151343,10.20.30.1/16,-
20201019151344,192.168.1.2/24,56
20201019151345,10.77.1.2/24,8
20201019151346,10.77.1.1/24,4
20201019151347,10.20.30.1/16,14
20201019151349,10.20.30.2/16,34
20201019151351,10.20.30.1/16,2
20201019151352,192.168.1.1/24,28
20201019151353,192.168.1.2/24,16
20201019151354,192.168.1.1/24,16
20201019151355,10.20.30.1/16,50
20201019151356,192.168.1.1/24,6
20201019151357,10.20.30.1/16,14
20201019151358,192.168.1.1/24,34
20201019151359,10.77.1.2/24,4
20201019151400,192.168.1.2/24,-
20201019151401,192.168.1.2/24,7
20201019151402,192.168.1.2/24,70
20201019151404,10.77.1.2/24,12
20201019151405,10.77.1.2/24,6
20201019151406,192.168.1.1/24,7
20201019151407,10.20.30.1/16,-
20201019151409,192.168.1.1/24,4
20201019151410,192.168.1.1/24,-
20201019151411,10.20.30.2/16,3
20201019151412,10.77.1.2/24,-
20201019151413,192.168.1.2/24,9
20201019151415,10.77.1.1/24,-
20201019151416,10.20.30.1/16,9
20201019151417,10.77.1.1/24,-
20201019151418,192.168.1.2/24,6
20201019151419,10.77.1.2/24,76
20201019151421,192.168.1.1/24,-
20201019151422,192.168.1.1/24,7
20201019151423,192.168.1.1/24,1
20201019151425,10.20.30.1/16,47
20201019151427,10.77.1.1/24,-
20201019151429,10.20.30.1/16,8
20201019151430,10.20.30.1/16,-
20201019151431,192.168.1.1/24,4
20201019151432,10.77.1.2/24,-
20201019151433,10.20.30.1/16,7
20201019151435,10.77.1.1/24,9
20201019151436,10.20.30.2/16,37
20201019151437,10.77.1.1/24,8
20201019151438,10.77.1.2/24,15
20201019151439,10.77.1.1/24,-
20201019151440,10.77.1.2/24,80
20201019151441,192.168.1.1/24,9
20201019151442,10.20.30.1/16,3
20201019151443,10.20.30.2/16,-
20201019151444,192.168.1.1/24,3
20201019151445,10.20.30.1/16,2
20201019151446,10.77.1.1/24,7
20201019151447,10.77.1.1/24,-
20201019151448,10.20.30.1/16,2
20201019151449,10.20.30.2/16,1
20201019151451,192.168.1.2/24,7
20201019151453,10.77.1.1/24,23
20201019151454,10.20.30.2/16,39
20201019151455,10.20.30.1/16,73
20201019151456,10.77.1.2/24,64
20201019151457,192.168.1.1/24,-
20201019151458,10.20.30.2/16,83
20201019151459,10.20.30.1/16,1
20201019151500,10.77.1.2/24,7
20201019151502,192.168.1.1/24,-
20201019151503,10.20.30.2/16,-
20201019151504,10.20.30.2/16,-
20201019151505,10.20.30.1/16,8
20201019151506,10.77.1.2/24,9
20201019151507,10.20.30.2/16,-
20201019151508,192.168.1.2/24,69
20201019151509,10.20.30.1/16,3
20201019151510,10.77.1.1/24,6
20201019151511,10.77.1.1/24,9
20201019151512,10.77.1.1/24,10
20201019151513,10.77.1.2/24,3
20201019151514,10.77.1.1/24,8
20201019151515,10.20.30.2/16,33
20201019151517,10.77.1.1/24,5
20201019151518,10.20.30.1/16,-
20201019151520,10.77.1.2/24,72
20201019151521,192.168.1.1/24,6
20201019151523,192.168.1.1/24,3
20201019151524,10.77.1.1/24,-
20201019151525,10.77.1.1/24,4
20201019151527,192.168.1.1/24,4
20201019151528,10.20.30.1/16,7
20201019151530,10.20.30.2/16,8
20201019151531,10.77.1.1/24,6
20201019151532,192.168.1.2/24,6
20201019151533,10.77.1.2/24,5
20201019151534,10.77.1.1/24,2
20201019151536,192.168.1.1/24,-
20201019151537,10.77.1.2/24,3
20201019151539,10.77.1.1/24,4
20201019151540,10.20.30.1/16,2
20201019151542,192.168.1.2/24,2
20201019151543,10.77.1.1/24,9
20201019151544,10.77.1.2/24,-
20201019151545,192.168.1.2/24,14
20201019151546,10.77.1.2/24,1
20201019151547,10.20.30.1/16,-
20201019151549,10.77.1.2/24,97
20201019151550,10.20.30.2/16,2
20201019151551,10.20.30.2/16,3
20201019151553,10.77.1.1/24,2
20201019151554,10.20.30.2/16,4
20201019151556,10.77.1.1/24,6
20201019151557,10.20.30.1/16,-
20201019151559,10.77.1.1/24,-
20201019151600,10.77.1.2/24,4
20201019151601,192.168.1.1/24,9
20201019151602,192.168.1.2/24,8
20201019151603,10.20.30.2/16,7
20201019151604,192.168.1.2/24,1
20201019151606,10.20.30.2/16,9
20201019151608,10.20.30.2/16,9
20201019151609,10.77.1.1/24,-
20201019151610,192.168.1.1/24,9
20201019151611,10.20.30.2/16,-
20201019151612,192.168.1.2/24,3
20201019151613,10.77.1.1/24,4
20201019151614,10.77.1.2/24,-
20201019151615,192.168.1.2/24,89
20201019151616,10.20.30.1/16,-
20201019151617,192.168.1.2/24,4
20201019151618,10.77.1.1/24,-
20201019151619,192.168.1.1/24,9
20201019151620,10.77.1.2/24,56
20201019151621,10.77.1.2/24,1
20201019151622,10.77.1.2/24,9
20201019151623,192.168.1.1/24,49
20201019151624,10.77.1.1/24,-
20201019151625,10.20.30.1/16,5
20201019151627,10.20.30.2/16,6
20201019151628,10.20.30.2/16,7
20201019151630,10.20.30.1/16,5
20201019151631,10.20.30.2/16,7
20201019151632,10.20.30.1/16,3
20201019151633,10.77.1.1/24,60
20201019151635,10.20.30.1/16,90
20201019151636,192.168.1.1/24,6
20201019151637,10.77.1.2/24,4
20201019151639,192.168.1.1/24,8
20201019151640,192.168.1.2/24,35
20201019151641,192.168.1.1/24,56
20201019151642,192.168.1.1/24,8
20201019151644,10.20.30.1/16,6
20201019151645,10.77.1.2/24,6
20201019151646,10.77.1.1/24,6
20201019151647,10.20.30.1/16,-
20201019151648,192.168.1.2/24,-
20201019151649,192.168.1.1/24,1
20201019151650,192.168.1.1/24,-
20201019151651,10.77.1.2/24,1
20201019151653,10.20.30.2/16,1
20201019151654,10.77.1.2/24,3
20201019151655,10.77.1.1/24,7
20201019151656,10.77.1.2/24,28
20201019151657,192.168.1.2/24,-
20201019151658,10.20.30.2/16,9
20201019151659,192.168.1.1/24,5
20201019151701,10.77.1.2/24,-
20201019151702,192.168.1.1/24,1
20201019151704,10.20.30.1/16,2
20201019151705,192.168.1.1/24,7
20201019151707,10.20.30.1/16,5
20201019151709,10.77.1.1/24,7
20201019151710,10.20.30.1/16,2
20201019151711,10.77.1.1/24,78
20201019151712,10.20.30.1/16,-
20201019151714,10.77.1.2/24,99
20201019151715,10.77.1.2/24,-
20201019151716,10.77.1.1/24,54
20201019151717,10.77.1.2/24,9
20201019151718,192.168.1.1/24,2
20201019151719,10.20.30.2/16,7
20201019151720,192.168.1.2/24,3
20201019151721,192.168.1.1/24,68
20201019151723,192.168.1.1/24,-
20201019151725,192.168.1.2/24,50
20201019151726,192.168.1.2/24,83
20201019151728,10.20.30.2/16,-
20201019151730,10.77.1.2/24,8
20201019151731,10.77.1.2/24,3
20201019151732,10.77.1.2/24,-
20201019151733,10.20.30.1/16,-
20201019151734,192.168.1.1/24,-
20201019151735,192.168.1.1/24,24
20201019151736,10.20.30.2/16,-
20201019151737,192.168.1.2/24,9
20201019151738,192.168.1.2/24,5
20201019151739,10.20.30.1/16,-
20201019151740,10.77.1.1/24,9
20201019151741,10.77.1.1/24,24
20201019151742,10.20.30.2/16,-
20201019151744,192.168.1.2/24,-
20201019151745,10.77.1.2/24,4
20201019151746,10.77.1.1/24,61
20201019151747,192.168.1.1/24,8
20201019151748,10.77.1.1/24,-
20201019151750,10.20.30.1/16,5
20201019151752,10.20.30.1/16,11
20201019151754,10.20.30.2/16,-
20201019151756,10.77.1.1/24,8
20201019151758,10.20.30.2/16,-
20201019151759,192.168.1.1/24,48
20201019151800,10.77.1.1/24,43
20201019151801,192.168.1.1/24,6
20201019151803,10.77.1.2/24,6
20201019151804,10.77.1.2/24,8
20201019151805,10.77.1.1/24,-
20201019151806,10.20.30.2/16,2
20201019151807,10.77.1.1/24,-
20201019151809,10.20.30.2/16,1
20201019151810,10.20.30.1/16,7
20201019151811,192.168.1.1/24,92
20201019151812,10.20.30.1/16,5
20201019151814,192.168.1.2/24,6
20201019151815,10.20.30.2/16,-
20201019151817,192.168.1.2/24,-
20201019151818,10.20.30.2/16,-
20201019151819,192.168.1.1/24,4
20201019151820,192.168.1.1/24,-
20201019151821,192.168.1.2/24,-
20201019151822,10.20.30.2/16,11
20201019151823,10.77.1.1/24,-
20201019151824,10.20.30.2/16,1
20201019151825,10.20.30.2/16,16
20201019151826,192.168.1.1/24,2
20201019151827,10.20.30.1/16,5
20201019151828,192.168.1.1/24,9
20201019151829,192.168.1.1/24,-
20201019151831,10.77.1.1/24,-
20201019151832,10.77.1.2/24,19
20201019151833,192.168.1.2/24,-
20201019151834,192.168.1.2/24,9
20201019151835,10.20.30.1/16,-
20201019151836,10.77.1.1/24,75
20201019151837,10.20.30.2/16,4
20201019151838,10.20.30.1/16,1
20201019151839,10.77.1.2/24,-
20201019151840,10.20.30.1/16,26
20201019151841,192.168.1.2/24,11
20201019151842,10.77.1.1/24,5
20201019151843,10.77.1.1/24,85
20201019151844,10.77.1.1/24,20
20201019151846,10.77.1.2/24,8
20201019151847,10.20.30.2/16,47
20201019151848,192.168.1.2/24,5
20201019151849,10.77.1.2/24,7
20201019151850,192.168.1.1/24,17
20201019151851,10.20.30.2/16,3
20201019151853,10.77.1.2/24,-
20201019151855,10.20.30.1/16,8
20201019151856,10.20.30.1/16,33
20201019151857,10.77.1.1/24,4
20201019151858,192.168.1.1/24,-
20201019151859,10.20.30.2/16,6
20201019151901,192.168.1.2/24,4
20201019151902,192.168.1.1/24,86
20201019151903,192.168.1.2/24,7
20201019151904,10.77.1.2/24,19
20201019151905,192.168.1.1/24,5
20201019151906,10.20.30.1/16,9
20201019151907,192.168.1.2/24,-
20201019151909,10.77.1.1/24,92
20201019151910,10.20.30.2/16,-
20201019151911,10.77.1.1/24,74
20201019151912,10.20.30.2/16,6
20201019151914,10.20.30.1/16,1
20201019151916,192.168.1.2/24,7
20201019151917,10.20.30.2/16,33
20201019151918,10.77.1.2/24,1
20201019151920,192.168.1.1/24,85
20201019151922,10.20.30.1/16,9
20201019151923,192.168.1.1/24,-
20201019151924,192.168.1.1/24,82
20201019151926,10.77.1.2/24,6
20201019151928,10.77.1.1/24,2
20201019151929,10.77.1.1/24,9
20201019151931,10.77.1.1/24,1
20201019151932,192.168.1.2/24,6
20201019151933,10.77.1.1/24,32
20201019151934,10.77.1.2/24,2
20201019151935,10.77.1.2/24,-
20201019151936,10.77.1.2/24,5
20201019151937,10.77.1.1/24,-
20201019151938,192.168.1.2/24,-
20201019151939,192.168.1.1/24,25
20201019151940,10.77.1.1/24,2
20201019151941,10.20.30.1/16,4
20201019151942,10.77.1.1/24,16
20201019151943,192.168.1.2/24,3
20201019151944,10.20.30.1/16,9
20201019151945,10.20.30.2/16,5
20201019151946,10.77.1.2/24,4
20201019151948,192.168.1.2/24,2
20201019151950,10.20.30.2/16,9
20201019151951,192.168.1.1/24,4
20201019151952,192.168.1.2/24,7
20201019151954,10.20.30.1/16,-
20201019151955,10.77.1.2/24,5
20201019151956,10.77.1.1/24,73
20201019151957,192.168.1.2/24,9
20201019151958,10.77.1.1/24,8
20201019151959,192.168.1.1/24,1
20201019152000,10.77.1.1/24,-
20201019152001,192.168.1.2/24,26
20201019152002,10.77.1.1/24,27
20201019152003,192.168.1.2/24,-
20201019152004,10.20.30.2/16,7
20201019152006,192.168.1.2/24,3
20201019152007,10.20.30.1/16,-
20201019152008,10.77.1.2/24,6
20201019152010,10.77.1.1/24,9
20201019152011,10.20.30.1/16,5
20201019152012,192.168.1.1/24,1
20201019152013,192.168.1.2/24,93
20201019152014,10.77.1.2/24,-
20201019152015,192.168.1.2/24,10
20201019152016,10.77.1.2/24,7
20201019152017,10.77.1.1/24,13
20201019152018,10.77.1.2/24,-
20201019152020,10.77.1.2/24,48
20201019152021,10.77.1.2/24,7
20201019152022,10.20.30.1/16,-
20201019152023,10.20.30.2/16,-
20201019152024,192.168.1.2/24,27
20201019152025,192.168.1.1/24,6
20201019152026,10.77.1.1/24,0
20201019152027,10.20.30.1/16,24
20201019152028,192.168.1.1/24,6
20201019152029,10.20.30.1/16,-
20201019152030,10.77.1.1/24,6
20201019152032,10.20.30.2/16,-
20201019152033,192.168.1.1/24,-
20201019152034,192.168.1.1/24,9
20201019152035,192.168.1.1/24,-
20201019152036,10.20.30.1/16,6
20201019152038,10.77.1.1/24,-
20201019152039,10.77.1.2/24,5
20201019152040,192.168.1.2/24,-
20201019152041,10.20.30.1/16,-
20201019152043,10.20.30.1/16,8
20201019152044,192.168.1.2/24,2
20201019152045,10.77.1.1/24,7
20201019152046,192.168.1.2/24,-
20201019152047,10.20.30.1/16,8
20201019152048,10.20.30.1/16,-
20201019152049,10.20.30.1/16,3
20201019152051,10.77.1.2/24,6
20201019152052,10.77.1.1/24,6
20201019152053,192.168.1.2/24,7
20201019152055,10.20.30.2/16,6
20201019152056,10.77.1.1/24,85
20201019152057,10.77.1.1/24,1
20201019152058,10.20.30.1/16,-
20201019152059,192.168.1.2/24,5
20201019152100,10.77.1.1/24,4
20201019152101,10.77.1.2/24,6
20201019152103,10.77.1.2/24,56
20201019152105,10.77.1.2/24,8
20201019152106,10.20.30.2/16,-
20201019152107,192.168.1.1/24,4
20201019152108,192.168.1.2/24,3
20201019152110,10.20.30.1/16,6
20201019152111,192.168.1.1/24,7
20201019152112,10.77.1.2/24,1
20201019152114,10.77.1.2/24,3
20201019152116,10.20.30.1/16,-
20201019152117,10.20.30.2/16,85
20201019152118,10.77.1.1/24,9
20201019152119,10.20.30.1/16,-
20201019152120,192.168.1.2/24,-
20201019152121,10.77.1.1/24,-
20201019152123,10.77.1.1/24,-
20201019152124,10.20.30.1/16,1
20201019152125,10.77.1.2/24,6
20201019152126,10.77.1.2/24,2
20201019152128,192.168.1.1/24,8
20201019152129,10.77.1.2/24,5
20201019152131,10.77.1.2/24,-
20201019152133,192.168.1.2/24,8
20201019152134,192.168.1.2/24,5
20201019152135,10.20.30.1/16,2
20201019152136,10.77.1.1/24,-
20201019152137,10.20.30.1/16,76
20201019152138,10.20.30.2/16,3
20201019152139,10.77.1.1/24,3
20201019152140,10.20.30.1/16,-
20201019152141,10.20.30.2/16,19
20201019152142,10.20.30.1/16,7
20201019152143,10.77.1.1/24,73
20201019152145,10.20.30.2/16,-
20201019152147,192.168.1.2/24,-
20201019152148,10.20.30.1/16,-
20201019152149,10.20.30.1/16,3
20201019152150,192.168.1.1/24,57
20201019152152,192.168.1.2/24,-
20201019152153,10.20.30.1/16,2
20201019152154,192.168.1.2/24,5
20201019152155,10.77.1.2/24,80
20201019152156,192.168.1.1/24,-
20201019152157,10.77.1.2/24,2
20201019152158,10.77.1.1/24,-
20201019152200,10.77.1.1/24,48
20201019152201,10.20.30.1/16,60
20201019152202,192.168.1.2/24,5
20201019152203,10.77.1.2/24,6
20201019152204,10.77.1.2/24,39
20201019152205,10.20.30.1/16,8
20201019152207,10.77.1.2/24,3
20201019152208,192.168.1.2/24,6
20201019152209,10.77.1.2/24,5
20201019152211,192.168.1.2/24,2
20201019152212,10.77.1.2/24,-
20201019152213,192.168.1.1/24,-
20201019152215,10.20.30.1/16,-
20201019152216,10.77.1.1/24,49
20201019152217,192.168.1.1/24,0
20201019152218,192.168.1.2/24,2
20201019152219,10.77.1.2/24,1
20201019152220,10.20.30.1/16,70
20201019152221,192.168.1.1/24,9
20201019152222,192.168.1.1/24,1
20201019152223,10.77.1.2/24,6
20201019152224,192.168.1.2/24,99
20201019152226,10.77.1.2/24,-
20201019152227,10.20.30.1/16,3
20201019152229,10.20.30.1/16,58
20201019152230,10.20.30.2/16,15
20201019152231,192.168.1.2/24,-
20201019152232,192.168.1.1/24,-
20201019152234,192.168.1.2/24,-
20201019152235,10.77.1.1/24,54
20201019152236,10.20.30.1/16,48
20201019152237,10.20.30.2/16,8
20201019152238,10.77.1.2/24,8
20201019152239,10.20.30.1/16,13
20201019152241,192.168.1.1/24,7
20201019152243,10.77.1.2/24,9
20201019152244,10.77.1.1/24,47
20201019152245,10.77.1.1/24,20
20201019152247,10.20.30.1/16,6
20201019152248,192.168.1.2/24,-
20201019152249,192.168.1.2/24,7
20201019152250,192.168.1.2/24,9
20201019152252,10.20.30.2/16,-
20201019152254,10.77.1.2/24,-
20201019152255,192.168.1.1/24,-
20201019152256,10.20.30.1/16,3
20201019152257,192.168.1.1/24,9
20201019152258,192.168.1.2/24,2
20201019152259,10.77.1.2/24,2
20201019152300,192.168.1.1/24,9
20201019152301,192.168.1.2/24,61
20201019152302,10.20.30.2/16,1
20201019152303,10.77.1.1/24,-
20201019152304,10.20.30.2/16,-
20201019152305,10.20.30.2/16,66
20201019152307,10.77.1.1/24,5
20201019152308,10.20.30.2/16,-
20201019152309,192.168.1.2/24,-
20201019152310,10.77.1.1/24,2
20201019152311,10.77.1.2/24,9
20201019152312,192.168.1.2/24,-
20201019152313,10.77.1.2/24,29
20201019152315,10.77.1.1/24,88
20201019152316,10.20.30.2/16,86
20201019152317,10.77.1.2/24,9
20201019152318,10.77.1.2/24,8
20201019152320,10.20.30.1/16,-
20201019152322,10.20.30.2/16,5
20201019152324,10.20.30.2/16,1
20201019152325,10.20.30.2/16,-
20201019152326,192.168.1.1/24,5
20201019152328,192.168.1.1/24,1
20201019152329,192.168.1.2/24,3
20201019152331,10.20.30.1/16,1
20201019152332,10.20.30.1/16,1
20201019152333,10.77.1.1/24,10
20201019152334,192.168.1.1/24,91
20201019152335,10.77.1.1/24,-
20201019152336,10.20.30.2/16,-
20201019152338,192.168.1.2/24,1
20201019152340,10.20.30.1/16,-
20201019152341,10.20.30.2/16,-
20201019152342,10.77.1.2/24,7
20201019152343,10.20.30.1/16,7
20201019152344,10.20.30.2/16,4
20201019152346,10.20.30.2/16,-
20201019152348,10.20.30.1/16,8
20201019152350,10.20.30.1/16,2
20201019152351,10.20.30.1/16,42
20201019152352,192.168.1.1/24,2
20201019152354,10.77.1.1/24,98
20201019152355,10.77.1.2/24,9
20201019152356,10.20.30.2/16,5
20201019152358,192.168.1.1/24,5
20201019152400,192.168.1.2/24,6
20201019152401,10.20.30.2/16,1
20201019152402,192.168.1.2/24,4
20201019152403,192.168.1.1/24,-
20201019152404,192.168.1.2/24,-
20201019152405,10.20.30.1/16,4
20201019152406,10.77.1.2/24,5
20201019152407,10.77.1.2/24,8
20201019152409,10.20.30.1/16,4
20201019152411,10.77.1.2/24,6
20201019152412,192.168.1.2/24,7
20201019152413,10.20.30.2/16,5
20201019152415,10.77.1.1/24,5
20201019152416,10.77.1.1/24,9
20201019152417,192.168.1.1/24,-
20201019152418,10.20.30.1/16,-
20201019152419,192.168.1.2/24,74
20201019152420,10.77.1.2/24,9
20201019152421,192.168.1.1/24,-
20201019152422,10.77.1.1/24,6
20201019152423,10.20.30.2/16,6
20201019152424,10.77.1.1/24,8
20201019152425,10.77.1.2/24,-
20201019152426,10.20.30.1/16,3
20201019152428,192.168.1.1/24,2
20201019152429,192.168.1.2/24,9
20201019152430,192.168.1.1/24,1
20201019152431,10.20.30.2/16,5
20201019152433,10.77.1.1/24,7
20201019152435,10.77.1.2/24,4
20201019152437,10.77.1.2/24,27
20201019152439,10.20.30.1/16,3
20201019152440,10.20.30.2/16,-
20201019152441,10.20.30.1/16,6
20201019152442,10.20.30.1/16,16
20201019152444,10.77.1.2/24,2
20201019152445,10.20.30.1/16,90
20201019152446,192.168.1.1/24,9
20201019152448,10.20.30.2/16,89
20201019152449,10.77.1.2/24,94
20201019152450,10.20.30.1/16,47
20201019152451,192.168.1.2/24,2
20201019152452,10.20.30.2/16,8
20201019152453,10.20.30.1/16,34
20201019152454,10.20.30.2/16,11
20201019152456,10.77.1.2/24,8
20201019152457,10.77.1.1/24,8
20201019152458,10.77.1.1/24,-
20201019152500,10.77.1.2/24,6
20201019152501,192.168.1.1/24,7
20201019152502,192.168.1.2/24,19
20201019152503,10.77.1.2/24,7
20201019152505,192.168.1.2/24,2
20201019152506,10.20.30.2/16,30
20201019152508,10.20.30.1/16,5
20201019152509,192.168.1.1/24,5
20201019152510,192.168.1.2/24,-
20201019152511,10.20.30.2/16,20
20201019152512,10.77.1.2/24,5
20201019152513,192.168.1.1/24,-
20201019152514,10.20.30.1/16,5
20201019152515,10.77.1.2/24,4
20201019152516,10.77.1.2/24,2
20201019152517,10.77.1.1/24,99
20201019152518,10.77.1.2/24,9
20201019152519,192.168.1.2/24,-
20201019152521,10.20.30.1/16,3
20201019152522,10.20.30.2/16,2
20201019152524,10.20.30.2/16,80
20201019152525,10.20.30.1/16,5
20201019152526,10.77.1.1/24,8
20201019152528,10.77.1.1/24,-
20201019152529,10.77.1.2/24,26
20201019152530,10.20.30.2/16,2
20201019152531,10.77.1.1/24,4
20201019152532,192.168.1.2/24,6
20201019152533,10.20.30.2/16,23
20201019152535,192.168.1.1/24,6
20201019152536,10.20.30.2/16,3
20201019152538,192.168.1.1/24,53
20201019152539,10.77.1.1/24,12
20201019152540,10.77.1.2/24,50
20201019152541,10.77.1.1/24,-
20201019152542,10.20.30.2/16,-
20201019152543,192.168.1.1/24,9
20201019152544,10.20.30.2/16,14
20201019152545,10.20.30.1/16,12
20201019152546,192.168.1.2/24,4
20201019152548,10.77.1.1/24,2
20201019152549,10.77.1.1/24,83
20201019152550,10.20.30.1/16,4
20201019152551,10.77.1.2/24,5
20201019152552,10.77.1.2/24,5
20201019152554,10.77.1.1/24,6
20201019152555,10.20.30.1/16,5
20201019152556,192.168.1.2/24,9
20201019152557,10.77.1.1/24,8
20201019152558,10.77.1.2/24,-
20201019152559,10.77.1.2/24,28
20201019152600,192.168.1.2/24,-
20201019152601,10.20.30.1/16,-
20201019152602,192.168.1.1/24,3
20201019152603,192.168.1.2/24,-
20201019152604,10.77.1.2/24,16
20201019152605,10.77.1.2/24,7
20201019152606,10.77.1.2/24,-
20201019152607,10.20.30.2/16,6
20201019152609,10.77.1.2/24,2
20201019152610,10.20.30.1/16,7
20201019152611,192.168.1.1/24,2
20201019152612,10.77.1.1/24,4
20201019152614,10.77.1.2/24,9
20201019152615,10.20.30.1/16,-
20201019152616,10.20.30.1/16,-
20201019152617,192.168.1.2/24,99
20201019152618,192.168.1.2/24,4
20201019152619,10.77.1.2/24,-
20201019152620,10.20.30.1/16,1
20201019152621,10.20.30.2/16,-
20201019152623,192.168.1.2/24,3
20201019152625,10.20.30.1/16,8
20201019152626,192.168.1.2/24,7
20201019152628,10.20.30.1/16,-
20201019152630,10.77.1.1/24,9
20201019152631,10.20.30.2/16,14
20201019152633,192.168.1.1/24,52
20201019152634,10.20.30.2/16,17
20201019152635,10.77.1.2/24,-
20201019152636,192.168.1.2/24,17
20201019152637,10.20.30.2/16,3
20201019152639,10.77.1.2/24,2
20201019152641,192.168.1.2/24,3
20201019152642,10.20.30.2/16,4
20201019152644,10.77.1.1/24,5
20201019152645,10.20.30.1/16,82
20201019152646,10.20.30.1/16,5
20201019152647,10.20.30.1/16,30
20201019152648,192.168.1.1/24,5
20201019152649,10.20.30.2/16,-
20201019152650,192.168.1.2/24,5
20201019152652,192.168.1.2/24,6
20201019152653,192.168.1.1/24,2
20201019152654,192.168.1.1/24,3
20201019152656,10.77.1.1/24,4
20201019152658,10.20.30.1/16,-
20201019152659,10.77.1.1/24,94
20201019152700,10.20.30.2/16,73
20201019152701,10.77.1.1/24,9
20201019152702,192.168.1.2/24,9
20201019152703,10.77.1.1/24,9
20201019152704,192.168.1.2/24,-
20201019152705,192.168.1.1/24,5
20201019152706,192.168.1.1/24,7
20201019152707,10.77.1.1/24,9
20201019152708,10.20.30.2/16,7
20201019152709,10.20.30.2/16,-
20201019152711,192.168.1.2/24,82
20201019152712,10.20.30.2/16,-
20201019152713,10.77.1.2/24,-
20201019152715,10.20.30.1/16,71
20201019152716,192.168.1.1/24,79
20201019152717,192.168.1.2/24,-
20201019152718,192.168.1.1/24,1
20201019152719,192.168.1.2/24,9
20201019152721,10.20.30.1/16,68
20201019152722,10.77.1.1/24,-
20201019152723,10.20.30.1/16,4
20201019152725,10.77.1.2/24,11
20201019152726,10.20.30.2/16,63
20201019152727,192.168.1.2/24,7
20201019152728,10.77.1.1/24,11
20201019152729,10.20.30.1/16,7
20201019152731,10.77.1.2/24,1
20201019152732,10.77.1.1/24,7
20201019152733,10.77.1.1/24,9
20201019152734,10.20.30.2/16,33
20201019152735,192.168.1.2/24,7
20201019152736,10.20.30.1/16,75
20201019152737,10.20.30.1/16,5
20201019152738,10.77.1.2/24,8
20201019152739,10.20.30.2/16,8
20201019152741,10.20.30.1/16,21
20201019152742,10.20.30.2/16,-
20201019152744,10.20.30.2/16,85
20201019152745,10.77.1.2/24,5
20201019152746,10.77.1.2/24,3
20201019152747,192.168.1.2/24,-
20201019152748,192.168.1.2/24,6
20201019152750,192.168.1.1/24,26
20201019152751,10.77.1.1/24,9
20201019152752,10.77.1.2/24,5
20201019152753,10.77.1.1/24,41
20201019152755,192.168.1.1/24,4
20201019152756,10.20.30.2/16,86
20201019152757,10.20.30.2/16,27
20201019152758,10.77.1.2/24,2
20201019152800,192.168.1.1/24,4
20201019152801,10.77.1.2/24,1
20201019152802,10.77.1.2/24,4
20201019152803,10.20.30.2/16,1
20201019152805,192.168.1.1/24,41
20201019152807,10.20.30.2/16,9
20201019152809,10.20.30.2/16,81
20201019152810,10.20.30.1/16,-
20201019152811,192.168.1.2/24,4
20201019152812,10.77.1.2/24,9
20201019152813,10.77.1.2/24,30
20201019152814,10.20.30.2/16,8
20201019152815,192.168.1.1/24,5
20201019152816,10.77.1.1/24,92
20201019152817,192.168.1.2/24,9
20201019152819,10.20.30.1/16,4
20201019152820,10.77.1.2/24,7
20201019152821,10.20.30.1/16,88
20201019152823,192.168.1.1/24,3
20201019152825,10.77.1.1/24,55
20201019152826,192.168.1.1/24,9
20201019152827,10.20.30.2/16,-
20201019152828,192.168.1.1/24,2
20201019152829,10.77.1.2/24,3
20201019152830,192.168.1.2/24,6
20201019152831,192.168.1.1/24,9
20201019152832,192.168.1.1/24,16
20201019152833,10.20.30.2/16,6
20201019152834,10.77.1.2/24,8
20201019152835,192.168.1.1/24,34
20201019152836,10.20.30.1/16,6
20201019152837,10.20.30.2/16,2
20201019152838,10.20.30.1/16,53
20201019152839,192.168.1.2/24,3
20201019152840,192.168.1.1/24,8
20201019152841,10.20.30.2/16,8
20201019152842,10.20.30.1/16,2
20201019152844,10.20.30.1/16,-
20201019152846,192.168.1.1/24,-
20201019152847,10.20.30.2/16,6
20201019152849,10.77.1.1/24,6
20201019152850,192.168.1.2/24,3
20201019152852,192.168.1.2/24,29
20201019152853,10.20.30.1/16,6
20201019152854,10.77.1.2/24,6
20201019152855,10.77.1.2/24,2
20201019152856,192.168.1.1/24,4
20201019152857,10.77.1.2/24,8
20201019152858,192.168.1.2/24,9
20201019152859,10.77.1.2/24,48
20201019152901,10.77.1.1/24,56
20201019152902,10.20.30.2/16,2
20201019152904,10.77.1.2/24,12
20201019152905,10.20.30.2/16,-
20201019152906,192.168.1.2/24,-
20201019152907,192.168.1.2/24,-
20201019152908,10.77.1.1/24,4
20201019152910,10.77.1.1/24,-
20201019152911,10.77.1.1/24,3
20201019152912,10.20.30.1/16,-
20201019152914,10.77.1.1/24,21
20201019152915,10.20.30.1/16,9
20201019152916,10.77.1.1/24,57
20201019152918,10.20.30.1/16,-
20201019152919,10.77.1.1/24,-
20201019152920,192.168.1.2/24,29
20201019152921,10.77.1.2/24,4
20201019152923,10.77.1.2/24,3
20201019152924,10.77.1.2/24,6
20201019152925,10.77.1.2/24,6
20201019152926,192.168.1.2/24,6
20201019152927,192.168.1.1/24,-
20201019152928,192.168.1.2/24,6
20201019152929,10.77.1.2/24,6
20201019152930,10.77.1.2/24,-
20201019152931,10.20.30.1/16,7
20201019152932,10.77.1.2/24,2
20201019152933,10.20.30.2/16,1
20201019152935,10.77.1.2/24,6
20201019152936,10.77.1.2/24,6
20201019152937,10.77.1.1/24,11
20201019152939,192.168.1.1/24,40
20201019152940,10.77.1.1/24,-
20201019152942,192.168.1.2/24,-
20201019152944,10.20.30.2/16,7
20201019152945,10.20.30.2/16,91
20201019152946,192.168.1.1/24,-
20201019152948,192.168.1.2/24,68
20201019152949,10.77.1.1/24,5
20201019152951,192.168.1.1/24,-
20201019152953,192.168.1.2/24,3
20201019152954,10.20.30.1/16,12
20201019152955,10.77.1.2/24,9
20201019152956,10.77.1.2/24,-
20201019152957,10.77.1.2/24,46
20201019152958,192.168.1.1/24,8
20201019153000,192.168.1.1/24,9
20201019153001,10.20.30.2/16,-
20201019153002,10.20.30.2/16,2
20201019153003,192.168.1.2/24,-
20201019153004,10.77.1.2/24,2
20201019153005,192.168.1.1/24,-
20201019153007,192.168.1.1/24,-
20201019153008,10.20.30.1/16,26
20201019153010,10.77.1.1/24,55
20201019153011,10.20.30.2/16,6
20201019153013,10.77.1.1/24,1
20201019153015,10.77.1.1/24,-
20201019153016,192.168.1.1/24,1
20201019153017,10.77.1.1/24,4
20201019153018,10.77.1.1/24,9
20201019153019,10.20.30.1/16,-
20201019153020,10.77.1.2/24,-
20201019153021,10.77.1.2/24,-
20201019153023,192.168.1.2/24,-
20201019153024,192.168.1.1/24,8
20201019153026,192.168.1.1/24,-
20201019153028,10.20.30.2/16,15
20201019153029,10.77.1.2/24,5
20201019153030,192.168.1.2/24,2
20201019153031,10.20.30.1/16,6
20201019153032,10.20.30.1/16,8
20201019153034,10.20.30.1/16,-
20201019153035,192.168.1.1/24,4
20201019153037,10.20.30.1/16,-
20201019153039,192.168.1.1/24,4
20201019153040,192.168.1.2/24,6
20201019153041,192.168.1.2/24,2
20201019153042,192.168.1.1/24,1
20201019153044,10.77.1.2/24,5
20201019153045,10.20.30.2/16,-
20201019153046,10.77.1.2/24,7
20201019153047,192.168.1.1/24,5
20201019153048,192.168.1.1/24,4
20201019153049,10.20.30.1/16,16
20201019153050,10.77.1.2/24,12
20201019153052,192.168.1.1/24,7
20201019153053,10.77.1.2/24,-
20201019153054,10.77.1.1/24,2
20201019153055,192.168.1.1/24,7
20201019153056,10.20.30.1/16,10
20201019153057,192.168.1.2/24,3
20201019153058,10.77.1.1/24,-
20201019153059,10.77.1.1/24,34
20201019153100,10.20.30.2/16,2
20201019153101,10.20.30.1/16,2
20201019153102,10.77.1.2/24,8
20201019153103,10.20.30.2/16,54
20201019153104,10.77.1.2/24,-
20201019153105,10.20.30.1/16,7
20201019153106,10.77.1.1/24,17
20201019153107,192.168.1.1/24,2
20201019153109,10.20.30.1/16,-
20201019153111,192.168.1.1/24,-
20201019153112,192.168.1.1/24,11
20201019153113,10.77.1.1/24,62
20201019153114,192.168.1.2/24,-
20201019153115,10.20.30.2/16,12
20201019153116,192.168.1.1/24,-
20201019153117,192.168.1.1/24,1
20201019153118,10.77.1.1/24,5
20201019153119,10.77.1.2/24,9
20201019153121,10.77.1.2/24,8
20201019153122,10.77.1.1/24,8
20201019153124,10.77.1.1/24,-
20201019153125,10.20.30.2/16,9
20201019153126,192.168.1.2/24,8
20201019153127,10.77.1.2/24,7
20201019153128,192.168.1.1/24,9
20201019153129,192.168.1.2/24,3
20201019153130,10.20.30.1/16,3
20201019153131,192.168.1.1/24,-
20201019153132,192.168.1.1/24,2
20201019153133,192.168.1.1/24,9
20201019153135,10.77.1.1/24,73
20201019153136,10.77.1.2/24,-
20201019153137,10.77.1.2/24,30
20201019153139,10.77.1.2/24,6
20201019153140,10.20.30.1/16,5
20201019153141,192.168.1.1/24,-
20201019153142,10.20.30.2/16,8
20201019153143,10.77.1.2/24,37
20201019153144,10.77.1.1/24,3
20201019153145,10.20.30.2/16,-
20201019153146,10.20.30.1/16,-
20201019153147,10.20.30.1/16,2
20201019153148,192.168.1.2/24,3
20201019153149,192.168.1.1/24,7
20201019153150,10.77.1.2/24,-
20201019153151,192.168.1.1/24,9
20201019153152,192.168.1.2/24,2
20201019153154,10.20.30.1/16,3
20201019153155,10.20.30.1/16,10
20201019153157,10.20.30.2/16,53
20201019153158,192.168.1.1/24,-
20201019153200,10.20.30.2/16,9
20201019153202,10.20.30.2/16,11
20201019153204,10.77.1.2/24,-
20201019153205,10.77.1.1/24,51
20201019153207,10.20.30.1/16,34
20201019153208,192.168.1.1/24,6
20201019153209,192.168.1.1/24,9
20201019153211,10.20.30.1/16,1
20201019153212,10.77.1.1/24,-
20201019153213,10.77.1.2/24,87
20201019153215,10.20.30.2/16,8
20201019153217,10.20.30.2/16,6
20201019153218,192.168.1.2/24,-
20201019153219,10.20.30.1/16,1
20201019153220,10.77.1.1/24,8
20201019153222,10.77.1.1/24,-
20201019153223,10.20.30.1/16,97
20201019153224,10.77.1.1/24,8
20201019153225,10.77.1.1/24,21
20201019153227,192.168.1.1/24,6
20201019153228,10.77.1.1/24,20
20201019153229,10.20.30.1/16,33
20201019153231,10.20.30.2/16,9
20201019153232,192.168.1.1/24,96
20201019153233,10.77.1.1/24,3
20201019153234,10.20.30.1/16,3
20201019153235,192.168.1.1/24,5
20201019153236,10.20.30.1/16,78
20201019153238,192.168.1.2/24,5
20201019153239,10.20.30.2/16,1
20201019153240,192.168.1.2/24,9
20201019153242,10.77.1.1/24,53
20201019153244,10.20.30.1/16,7
20201019153245,10.77.1.2/24,40
20201019153247,10.20.30.1/16,7
20201019153248,192.168.1.1/24,4
20201019153249,10.20.30.2/16,77
20201019153250,192.168.1.1/24,9
20201019153251,10.20.30.1/16,6
20201019153252,10.20.30.1/16,6
20201019153253,10.20.30.1/16,13
20201019153254,10.20.30.1/16,3
20201019153256,10.20.30.2/16,11
20201019153257,10.77.1.2/24,-
20201019153258,10.77.1.2/24,85
20201019153259,192.168.1.1/24,5
20201019153301,10.20.30.1/16,8
20201019153302,10.20.30.1/16,7
20201019153303,10.20.30.1/16,6
20201019153304,10.20.30.1/16,7
20201019153305,192.168.1.1/24,-
20201019153306,192.168.1.1/24,6
20201019153308,192.168.1.1/24,7
20201019153309,10.77.1.2/24,1
20201019153310,10.20.30.2/16,8
20201019153311,10.20.30.1/16,5
20201019153312,10.77.1.2/24,-
20201019153313,192.168.1.1/24,-
20201019153314,10.20.30.2/16,3
20201019153315,10.77.1.1/24,3
20201019153316,192.168.1.1/24,4
20201019153318,192.168.1.2/24,-
20201019153319,192.168.1.1/24,9
20201019153320,192.168.1.1/24,-
20201019153322,10.77.1.2/24,-
20201019153323,10.77.1.2/24,32
20201019153324,10.77.1.2/24,-
20201019153325,192.168.1.2/24,9
20201019153326,10.20.30.1/16,84
20201019153327,10.20.30.1/16,-
20201019153328,10.77.1.2/24,69
20201019153329,10.20.30.1/16,7
20201019153330,192.168.1.2/24,38
20201019153332,192.168.1.2/24,-
20201019153333,10.77.1.1/24,-
20201019153334,192.168.1.1/24,-
20201019153335,10.77.1.2/24,-
20201019153336,10.77.1.2/24,54
20201019153338,192.168.1.1/24,-
20201019153339,192.168.1.2/24,-
20201019153341,10.77.1.1/24,8
20201019153343,192.168.1.1/24,-
20201019153345,10.77.1.1/24,-
20201019153346,10.20.30.1/16,7
20201019153347,192.168.1.2/24,3
20201019153348,10.20.30.1/16,-
20201019153349,192.168.1.1/24,9
20201019153350,10.20.30.2/16,-
20201019153352,10.77.1.1/24,7
20201019153353,192.168.1.1/24,-
20201019153355,192.168.1.1/24,8
20201019153356,10.77.1.2/24,54
20201019153357,10.77.1.2/24,-
20201019153358,10.77.1.1/24,6
20201019153359,10.20.30.2/16,-
20201019153400,10.20.30.2/16,1
20201019153401,10.77.1.1/24,8
20201019153402,192.168.1.1/24,2
20201019153404,192.168.1.2/24,8
20201019153405,10.77.1.2/24,1
20201019153407,10.77.1.2/24,6
20201019153408,192.168.1.2/24,9
20201019153409,10.20.30.1/16,65
20201019153410,10.77.1.2/24,53
20201019153412,10.20.30.2/16,3
20201019153413,192.168.1.1/24,-
20201019153414,10.20.30.2/16,6
20201019153415,192.168.1.2/24,6
20201019153416,10.20.30.1/16,-
20201019153417,192.168.1.2/24,1
20201019153419,10.77.1.1/24,-
20201019153421,192.168.1.2/24,1
20201019153422,10.77.1.1/24,2
20201019153423,10.77.1.2/24,25
20201019153424,192.168.1.2/24,4
20201019153425,10.20.30.2/16,4
20201019153427,10.20.30.1/16,4
20201019153428,10.77.1.1/24,-
20201019153429,192.168.1.1/24,4
20201019153431,192.168.1.2/24,2
20201019153433,10.77.1.2/24,82
20201019153434,10.77.1.2/24,14
20201019153435,10.20.30.1/16,-
20201019153436,10.77.1.1/24,2
20201019153437,10.20.30.1/16,-
20201019153438,10.20.30.2/16,-
20201019153439,10.77.1.1/24,-
20201019153440,192.168.1.1/24,3
20201019153441,10.77.1.2/24,5
20201019153442,10.77.1.1/24,8
20201019153443,10.20.30.1/16,-
20201019153444,192.168.1.1/24,77
20201019153445,10.20.30.1/16,-
20201019153447,10.77.1.1/24,6
20201019153448,10.20.30.1/16,56
20201019153449,10.77.1.2/24,11
20201019153450,10.77.1.1/24,6
20201019153451,10.77.1.2/24,5
20201019153452,10.20.30.1/16,12
20201019153453,10.77.1.2/24,-
20201019153454,10.20.30.2/16,-
20201019153455,10.20.30.2/16,-
20201019153456,192.168.1.2/24,6
20201019153457,10.77.1.1/24,10
20201019153458,192.168.1.2/24,5
20201019153500,10.77.1.2/24,7
20201019153501,10.77.1.1/24,3
20201019153503,10.20.30.2/16,5
20201019153505,10.77.1.2/24,7
20201019153506,192.168.1.2/24,-
20201019153508,192.168.1.2/24,-
20201019153509,10.20.30.1/16,1
20201019153510,192.168.1.1/24,99
20201019153511,10.77.1.2/24,6
20201019153512,10.20.30.1/16,9
20201019153513,192.168.1.2/24,9
20201019153515,10.20.30.2/16,-
20201019153516,10.20.30.1/16,58
20201019153517,10.77.1.1/24,5
20201019153518,10.20.30.2/16,7
20201019153519,192.168.1.2/24,5
20201019153520,10.20.30.1/16,6
20201019153521,10.77.1.1/24,-
20201019153522,10.77.1.1/24,-
20201019153523,192.168.1.1/24,7
20201019153524,192.168.1.1/24,-
20201019153525,10.77.1.2/24,2
20201019153526,192.168.1.1/24,6
20201019153527,10.20.30.2/16,2
20201019153528,10.77.1.1/24,-
20201019153529,10.77.1.1/24,12
20201019153530,192.168.1.2/24,50
20201019153532,10.20.30.2/16,28
20201019153533,10.20.30.1/16,-
20201019153534,10.20.30.1/16,5
20201019153535,10.77.1.1/24,58
20201019153536,192.168.1.1/24,2
20201019153537,192.168.1.2/24,42
20201019153539,10.20.30.1/16,3
20201019153540,10.77.1.2/24,91
20201019153541,10.20.30.1/16,67
20201019153542,10.20.30.1/16,7
20201019153544,10.20.30.1/16,3
20201019153546,10.20.30.2/16,17
20201019153547,192.168.1.2/24,9
20201019153548,10.77.1.1/24,27
20201019153549,192.168.1.1/24,2
20201019153551,10.77.1.2/24,4
20201019153553,192.168.1.2/24,4
20201019153554,10.20.30.1/16,15
20201019153555,192.168.1.1/24,-
20201019153556,10.77.1.2/24,5
20201019153557,192.168.1.1/24,3
20201019153558,10.20.30.1/16,2
20201019153559,192.168.1.1/24,22
20201019153600,10.77.1.1/24,9
20201019153601,10.20.30.1/16,6
20201019153602,192.168.1.1/24,30
20201019153603,10.77.1.1/24,82
20201019153605,10.20.30.2/16,9
20201019153607,192.168.1.1/24,74
20201019153608,10.20.30.2/16,58
20201019153609,10.77.1.1/24,-
20201019153610,192.168.1.2/24,58
20201019153612,10.20.30.2/16,14
20201019153613,10.77.1.1/24,6
20201019153615,10.20.30.1/16,-
20201019153616,10.20.30.2/16,7
20201019153618,10.20.30.1/16,5
20201019153619,10.20.30.2/16,7
20201019153620,192.168.1.2/24,68
20201019153622,192.168.1.1/24,3
20201019153623,10.20.30.1/16,9
20201019153624,10.77.1.1/24,7
20201019153625,192.168.1.1/24,28
20201019153626,10.20.30.2/16,5
20201019153627,10.77.1.1/24,9
20201019153628,10.77.1.2/24,5
20201019153629,192.168.1.1/24,77
20201019153630,10.20.30.1/16,68
20201019153631,10.20.30.2/16,1
20201019153632,10.77.1.2/24,9
20201019153633,10.20.30.1/16,9
20201019153634,10.77.1.1/24,-
20201019153636,192.168.1.1/24,-
20201019153637,10.20.30.2/16,75
20201019153638,10.77.1.2/24,88
20201019153639,10.20.30.1/16,1
20201019153640,10.77.1.1/24,3
20201019153641,192.168.1.1/24,6
20201019153642,10.77.1.2/24,9
20201019153643,10.20.30.2/16,-
20201019153644,192.168.1.2/24,5
20201019153645,10.77.1.1/24,-
20201019153646,10.20.30.1/16,-
20201019153647,10.77.1.1/24,6
20201019153649,192.168.1.1/24,-
20201019153650,10.20.30.2/16,2
20201019153651,192.168.1.2/24,-
20201019153652,192.168.1.2/24,-
20201019153653,10.20.30.2/16,4
20201019153654,10.77.1.2/24,8
20201019153656,192.168.1.1/24,26
20201019153657,192.168.1.1/24,6
20201019153658,192.168.1.2/24,39
20201019153659,192.168.1.1/24,1
20201019153700,192.168.1.2/24,98
20201019153702,10.20.30.2/16,8
20201019153704,10.77.1.1/24,-
20201019153706,192.168.1.1/24,-
20201019153707,10.77.1.2/24,94
20201019153708,10.77.1.1/24,1
20201019153709,10.77.1.1/24,77
20201019153710,10.20.30.1/16,10
20201019153711,10.77.1.2/24,73
20201019153713,10.77.1.1/24,75
20201019153714,192.168.1.1/24,96
20201019153716,10.77.1.1/24,-
20201019153717,192.168.1.1/24,-
20201019153718,10.77.1.1/24,-
20201019153719,192.168.1.1/24,8
20201019153720,192.168.1.2/24,5
20201019153721,192.168.1.2/24,11
20201019153722,10.20.30.1/16,1
20201019153724,10.20.30.2/16,26
20201019153725,10.77.1.2/24,7
20201019153726,10.20.30.1/16,5
20201019153728,10.77.1.2/24,12
20201019153730,192.168.1.1/24,6
20201019153732,10.20.30.1/16,30
20201019153734,192.168.1.1/24,-
20201019153735,192.168.1.1/24,-
20201019153737,10.20.30.1/16,2
20201019153738,10.77.1.2/24,9
20201019153740,10.77.1.1/24,7
20201019153742,192.168.1.1/24,22
20201019153743,10.77.1.2/24,29
20201019153744,10.20.30.2/16,-
20201019153745,10.77.1.1/24,1
20201019153746,10.77.1.2/24,4
20201019153747,10.20.30.2/16,4
20201019153748,10.20.30.1/16,2
20201019153749,192.168.1.2/24,2
20201019153750,192.168.1.1/24,6
20201019153751,10.20.30.2/16,45
20201019153752,192.168.1.1/24,9
20201019153753,10.20.30.2/16,-
20201019153755,10.20.30.2/16,5
20201019153756,192.168.1.2/24,9
20201019153757,10.20.30.1/16,-
20201019153758,10.20.30.2/16,1
20201019153759,192.168.1.2/24,-
20201019153800,192.168.1.1/24,13
20201019153802,10.20.30.2/16,7
20201019153804,10.20.30.1/16,2
20201019153805,10.77.1.1/24,13
20201019153806,10.77.1.1/24,9
20201019153807,10.20.30.1/16,63
20201019153808,10.77.1.2/24,3
20201019153809,10.77.1.2/24,1
20201019153810,10.20.30.1/16,5
20201019153811,10.20.30.1/16,-
20201019153812,10.20.30.1/16,-
20201019153813,10.77.1.1/24,3
20201019153814,10.20.30.2/16,-
20201019153815,192.168.1.1/24,1
20201019153816,10.77.1.1/24,-
20201019153817,192.168.1.2/24,1
20201019153819,192.168.1.1/24,-
20201019153820,192.168.1.2/24,15
20201019153821,10.20.30.2/16,8
20201019153822,10.20.30.1/16,5
20201019153824,10.20.30.1/16,2
20201019153825,192.168.1.2/24,40
20201019153826,192.168.1.1/24,5
20201019153827,10.20.30.1/16,-
20201019153829,10.77.1.2/24,-
20201019153830,10.20.30.1/16,-
20201019153831,10.77.1.1/24,5
20201019153832,192.168.1.2/24,-
20201019153833,10.77.1.1/24,5
20201019153834,10.20.30.2/16,-
20201019153835,192.168.1.1/24,1
20201019153837,10.20.30.1/16,1
20201019153838,10.77.1.1/24,13
20201019153839,192.168.1.1/24,5
20201019153841,192.168.1.1/24,3
20201019153843,192.168.1.1/24,7
20201019153844,192.168.1.2/24,31
20201019153846,192.168.1.2/24,13
20201019153847,10.20.30.1/16,4
20201019153848,10.77.1.1/24,6
20201019153849,192.168.1.2/24,5
20201019153850,192.168.1.1/24,5
20201019153851,192.168.1.2/24,9
20201019153853,10.20.30.2/16,4
20201019153855,10.20.30.2/16,3
20201019153856,192.168.1.1/24,6
20201019153858,10.20.30.2/16,80
20201019153900,192.168.1.2/24,-
20201019153902,10.77.1.1/24,4
20201019153903,192.168.1.2/24,-
20201019153904,10.77.1.1/24,9
20201019153905,10.20.30.2/16,-
20201019153906,10.77.1.2/24,-
20201019153907,192.168.1.2/24,9
20201019153908,10.20.30.2/16,-
20201019153909,10.77.1.1/24,1
20201019153910,10.20.30.2/16,97
20201019153911,10.20.30.1/16,-
20201019153912,10.20.30.1/16,7
20201019153913,10.20.30.2/16,-
20201019153914,192.168.1.2/24,3
20201019153915,192.168.1.1/24,5
20201019153916,192.168.1.2/24,-
20201019153917,10.20.30.1/16,2
20201019153918,10.77.1.2/24,38
20201019153920,192.168.1.1/24,9
20201019153921,10.77.1.2/24,56
20201019153922,10.20.30.2/16,-
20201019153923,192.168.1.2/24,-
20201019153925,10.77.1.2/24,9
20201019153927,192.168.1.2/24,-
20201019153928,10.20.30.2/16,44
20201019153930,192.168.1.1/24,89
20201019153931,10.77.1.2/24,2
20201019153932,192.168.1.2/24,3
20201019153933,10.77.1.1/24,-
20201019153934,192.168.1.1/24,-
20201019153935,192.168.1.1/24,32
20201019153936,10.20.30.1/16,17
20201019153937,10.77.1.2/24,-
20201019153938,192.168.1.2/24,6
20201019153939,10.20.30.1/16,46
20201019153940,10.20.30.2/16,6
20201019153942,192.168.1.2/24,8
20201019153944,192.168.1.1/24,11
20201019153945,10.77.1.2/24,3
20201019153947,10.20.30.2/16,-
20201019153948,10.77.1.1/24,16
20201019153949,192.168.1.1/24,3
20201019153950,192.168.1.1/24,5
20201019153951,10.20.30.1/16,-
20201019153952,192.168.1.2/24,8
20201019153953,10.20.30.2/16,26
20201019153954,10.20.30.1/16,1
20201019153955,10.20.30.2/16,4
20201019153957,10.77.1.2/24,-
20201019153958,10.77.1.2/24,-
20201019154000,10.77.1.2/24,4
20201019154001,10.77.1.1/24,9
20201019154003,192.168.1.1/24,-
20201019154005,10.20.30.1/16,-
20201019154006,192.168.1.1/24,4
20201019154007,10.77.1.1/24,5
20201019154008,10.77.1.1/24,9
20201019154009,192.168.1.2/24,9
20201019154010,10.20.30.1/16,7
20201019154011,10.20.30.2/16,11
20201019154012,192.168.1.1/24,4
20201019154013,192.168.1.2/24,6
20201019154014,10.20.30.1/16,9
20201019154015,10.77.1.2/24,7
20201019154017,10.77.1.1/24,4
20201019154018,10.77.1.1/24,50
20201019154019,10.77.1.2/24,-
20201019154021,192.168.1.1/24,8
20201019154022,10.77.1.1/24,3
20201019154024,10.20.30.1/16,-
20201019154025,10.20.30.1/16,-
20201019154026,10.20.30.1/16,1
20201019154027,192.168.1.1/24,-
20201019154028,10.77.1.1/24,5
20201019154029,10.20.30.1/16,23
20201019154030,10.20.30.2/16,-
20201019154031,10.77.1.1/24,3
20201019154032,192.168.1.2/24,85
20201019154034,10.77.1.2/24,11
20201019154035,10.20.30.1/16,3
20201019154036,10.20.30.1/16,17
20201019154038,10.20.30.2/16,8
20201019154040,10.20.30.2/16,-
20201019154041,10.20.30.2/16,4
20201019154042,10.20.30.1/16,27
20201019154043,10.20.30.1/16,-
20201019154044,10.77.1.1/24,-
20201019154045,10.77.1.2/24,16
20201019154046,10.77.1.2/24,-
20201019154047,192.168.1.1/24,10
20201019154048,10.77.1.2/24,-
20201019154050,10.77.1.1/24,63
20201019154052,192.168.1.2/24,1
20201019154053,10.77.1.1/24,72
20201019154054,192.168.1.2/24,-
20201019154055,10.77.1.1/24,8
20201019154056,192.168.1.2/24,9
20201019154057,10.20.30.1/16,-
20201019154058,10.77.1.1/24,84
20201019154059,10.20.30.1/16,9
20201019154100,192.168.1.1/24,6
20201019154101,10.77.1.2/24,8
20201019154102,192.168.1.1/24,4
20201019154103,10.20.30.2/16,5
20201019154104,10.20.30.2/16,8
20201019154105,10.77.1.2/24,6
20201019154107,10.77.1.1/24,27
20201019154108,10.77.1.1/24,7
20201019154109,10.77.1.1/24,7
20201019154110,10.77.1.1/24,4
20201019154111,10.77.1.2/24,9
20201019154112,10.20.30.1/16,-
20201019154113,192.168.1.1/24,96
20201019154114,10.77.1.1/24,1
20201019154116,10.20.30.1/16,3
20201019154118,10.20.30.2/16,1
20201019154119,10.77.1.1/24,38
20201019154120,192.168.1.1/24,-
20201019154121,10.20.30.2/16,2
20201019154122,192.168.1.2/24,64
20201019154123,10.77.1.1/24,2
20201019154124,192.168.1.2/24,12
20201019154125,10.20.30.1/16,2
20201019154126,10.20.30.2/16,32
20201019154127,10.77.1.1/24,8
20201019154128,192.168.1.2/24,-
20201019154130,192.168.1.2/24,-
20201019154131,10.77.1.1/24,52
20201019154132,10.77.1.1/24,-
20201019154133,10.77.1.1/24,-
20201019154134,192.168.1.1/24,4
20201019154135,192.168.1.1/24,7
20201019154136,192.168.1.1/24,9
20201019154138,10.77.1.2/24,26
20201019154139,10.20.30.2/16,2
20201019154141,10.20.30.1/16,-
20201019154142,192.168.1.2/24,-
20201019154143,192.168.1.2/24,9
20201019154144,10.20.30.2/16,-
20201019154145,192.168.1.2/24,6
20201019154147,10.77.1.2/24,4
20201019154148,10.77.1.2/24,5
20201019154149,192.168.1.2/24,8
20201019154150,10.20.30.1/16,7
20201019154151,10.20.30.1/16,60
20201019154153,192.168.1.1/24,26
20201019154154,10.20.30.2/16,9
20201019154155,192.168.1.1/24,-
20201019154157,10.77.1.1/24,-
20201019154158,10.77.1.1/24,26
20201019154159,10.20.30.2/16,6
20201019154200,10.77.1.2/24,-
20201019154201,192.168.1.2/24,22
20201019154203,10.77.1.1/24,-
20201019154204,10.20.30.1/16,10
20201019154205,192.168.1.2/24,5
20201019154206,10.20.30.1/16,11
20201019154207,192.168.1.2/24,3
20201019154208,10.20.30.1/16,-
20201019154209,10.77.1.2/24,4
20201019154210,10.20.30.2/16,2
20201019154212,10.20.30.1/16,28
20201019154214,192.168.1.2/24,-
20201019154215,10.77.1.1/24,5
20201019154216,10.77.1.2/24,11
20201019154218,192.168.1.1/24,-
20201019154220,10.20.30.2/16,25
20201019154221,10.20.30.1/16,-
20201019154222,10.20.30.2/16,19
20201019154223,10.20.30.2/16,30
20201019154224,192.168.1.2/24,-
20201019154225,10.20.30.2/16,9
20201019154226,10.20.30.2/16,-
20201019154228,10.77.1.2/24,5
20201019154229,192.168.1.1/24,45
20201019154231,10.77.1.1/24,91
20201019154232,10.20.30.1/16,4
20201019154233,10.20.30.2/16,3
20201019154234,10.77.1.1/24,14
20201019154235,10.77.1.2/24,8
20201019154236,192.168.1.2/24,4
20201019154237,10.77.1.1/24,3
20201019154238,10.20.30.1/16,7
20201019154239,10.20.30.1/16,8
20201019154240,10.77.1.1/24,-
20201019154241,10.20.30.2/16,7
20201019154243,10.77.1.2/24,32
20201019154244,10.77.1.2/24,-
20201019154245,192.168.1.2/24,7
20201019154246,192.168.1.2/24,58
20201019154247,10.20.30.2/16,7
20201019154248,10.77.1.1/24,3
20201019154249,192.168.1.2/24,92
20201019154250,192.168.1.1/24,-
20201019154251,10.20.30.1/16,2
20201019154252,192.168.1.2/24,4
20201019154253,192.168.1.1/24,-
20201019154254,192.168.1.2/24,10
20201019154255,192.168.1.2/24,-
20201019154257,10.77.1.1/24,5
20201019154258,10.77.1.2/24,18
20201019154259,10.77.1.2/24,2
20201019154300,10.77.1.1/24,84
20201019154301,10.77.1.1/24,-
20201019154302,10.77.1.2/24,94
20201019154303,10.20.30.1/16,-
20201019154304,192.168.1.2/24,27
20201019154305,10.77.1.2/24,17
20201019154306,192.168.1.2/24,2
20201019154307,192.168.1.1/24,-
20201019154308,10.20.30.1/16,-
20201019154309,192.168.1.2/24,7
20201019154310,192.168.1.2/24,51
20201019154311,10.20.30.2/16,86
20201019154312,10.20.30.2/16,48
20201019154313,10.77.1.2/24,11
20201019154315,10.20.30.2/16,78
20201019154316,192.168.1.2/24,3
20201019154318,10.77.1.1/24,8
20201019154319,192.168.1.2/24,2
20201019154320,10.77.1.1/24,91
20201019154321,10.20.30.1/16,7
20201019154322,192.168.1.2/24,2
20201019154323,10.77.1.2/24,8
20201019154324,10.77.1.2/24,4
20201019154325,10.20.30.2/16,79
20201019154327,10.20.30.1/16,63
20201019154328,10.20.30.1/16,-
20201019154329,192.168.1.2/24,-
20201019154330,192.168.1.2/24,-
20201019154332,192.168.1.2/24,21
20201019154333,10.20.30.2/16,-
20201019154334,10.77.1.2/24,-
20201019154335,192.168.1.1/24,34
20201019154336,10.77.1.1/24,3
20201019154338,10.20.30.2/16,3
20201019154339,10.77.1.1/24,17
20201019154340,10.20.30.1/16,-
20201019154341,192.168.1.2/24,7
20201019154342,10.77.1.1/24,30
20201019154343,10.20.30.1/16,1
20201019154344,192.168.1.1/24,-
20201019154345,10.77.1.1/24,4
20201019154346,10.77.1.1/24,69
20201019154347,192.168.1.2/24,1
20201019154348,192.168.1.2/24,14
20201019154349,10.20.30.1/16,5
20201019154350,10.77.1.2/24,3
20201019154352,10.77.1.1/24,9
20201019154353,10.77.1.1/24,7
20201019154354,10.20.30.2/16,5
20201019154356,10.20.30.2/16,-
20201019154357,10.77.1.1/24,45
20201019154359,10.77.1.1/24,3
20201019154400,10.77.1.2/24,6
20201019154401,10.20.30.1/16,7
20201019154402,10.20.30.1/16,8
20201019154403,192.168.1.1/24,78
20201019154405,192.168.1.1/24,4
20201019154406,192.168.1.1/24,0
20201019154407,192.168.1.2/24,6
20201019154408,10.20.30.2/16,9
20201019154409,192.168.1.2/24,-
20201019154410,10.77.1.2/24,3
20201019154411,192.168.1.1/24,-
20201019154412,10.77.1.2/24,-
20201019154413,10.77.1.2/24,-
20201019154415,192.168.1.2/24,8
20201019154416,10.20.30.2/16,75
20201019154418,10.20.30.2/16,37
20201019154419,192.168.1.2/24,4
20201019154420,10.20.30.2/16,7
20201019154421,10.20.30.1/16,6
20201019154422,10.77.1.2/24,-
20201019154423,10.20.30.1/16,8
20201019154425,10.77.1.1/24,3
20201019154427,10.20.30.1/16,1
20201019154428,10.77.1.2/24,-
20201019154429,10.20.30.2/16,9
20201019154430,10.77.1.1/24,-
20201019154432,10.77.1.2/24,71
20201019154433,10.20.30.1/16,5
20201019154435,192.168.1.1/24,2
20201019154436,10.20.30.2/16,5
20201019154437,10.20.30.2/16,-
20201019154439,10.20.30.2/16,9
20201019154440,10.77.1.2/24,5
20201019154441,10.77.1.1/24,9
20201019154443,192.168.1.1/24,4
20201019154445,192.168.1.2/24,29
20201019154446,192.168.1.1/24,7
20201019154447,10.77.1.1/24,-
20201019154448,10.20.30.1/16,-
20201019154449,10.20.30.2/16,1
20201019154450,10.20.30.1/16,16
20201019154451,10.77.1.2/24,82
20201019154452,192.168.1.1/24,9
20201019154453,10.20.30.1/16,-
20201019154454,10.20.30.2/16,6
20201019154456,192.168.1.1/24,8
20201019154457,192.168.1.2/24,-
20201019154458,10.20.30.1/16,2
20201019154459,10.20.30.1/16,4
20201019154500,192.168.1.1/24,99
20201019154501,192.168.1.2/24,-
20201019154502,10.77.1.1/24,-
20201019154503,10.77.1.1/24,10
20201019154504,10.77.1.2/24,7
20201019154506,192.168.1.1/24,-
20201019154507,10.20.30.1/16,13
20201019154509,10.77.1.1/24,-
20201019154510,10.77.1.2/24,-
20201019154511,10.77.1.1/24,2
20201019154513,10.77.1.2/24,-
20201019154514,10.77.1.2/24,9
20201019154515,192.168.1.1/24,12
20201019154516,10.20.30.1/16,14
20201019154517,10.77.1.1/24,-
20201019154518,192.168.1.1/24,9
20201019154519,10.77.1.2/24,1
20201019154520,192.168.1.1/24,3
20201019154521,10.77.1.2/24,7
20201019154522,10.20.30.2/16,35
20201019154523,10.77.1.2/24,7
20201019154524,10.77.1.1/24,7
20201019154525,192.168.1.2/24,-
20201019154527,10.77.1.1/24,57
20201019154528,10.20.30.1/16,8
20201019154530,10.20.30.1/16,-
20201019154531,10.20.30.1/16,-
20201019154532,192.168.1.2/24,2
20201019154533,10.20.30.2/16,-
20201019154534,10.77.1.1/24,2
20201019154535,192.168.1.1/24,-
20201019154537,192.168.1.1/24,5
20201019154538,192.168.1.1/24,-
20201019154539,10.77.1.1/24,4
20201019154540,10.20.30.1/16,9
20201019154541,10.20.30.2/16,-
20201019154542,10.20.30.2/16,2
20201019154543,10.77.1.2/24,3
20201019154544,192.168.1.1/24,3
20201019154545,10.20.30.2/16,6
20201019154546,192.168.1.1/24,16
20201019154547,10.20.30.2/16,35
20201019154548,10.77.1.2/24,7
20201019154549,10.77.1.2/24,23
20201019154551,10.20.30.1/16,7
20201019154552,192.168.1.1/24,32
20201019154553,192.168.1.2/24,8
20201019154554,192.168.1.1/24,21
20201019154555,10.77.1.2/24,3
20201019154556,192.168.1.2/24,3
20201019154558,10.77.1.1/24,-
20201019154559,10.77.1.1/24,6
20201019154600,192.168.1.2/24,92
20201019154601,10.20.30.2/16,3
20201019154603,10.77.1.2/24,1
20201019154604,10.77.1.1/24,79
20201019154605,10.20.30.2/16,1
20201019154606,10.20.30.2/16,-
20201019154608,10.20.30.2/16,-
20201019154609,10.77.1.1/24,28
20201019154610,10.20.30.2/16,1
20201019154611,10.77.1.2/24,16
20201019154612,192.168.1.1/24,-
20201019154613,192.168.1.1/24,2
20201019154614,10.77.1.2/24,45
20201019154615,192.168.1.1/24,6
20201019154617,192.168.1.2/24,93
20201019154618,192.168.1.1/24,8
20201019154619,192.168.1.2/24,97
20201019154621,192.168.1.1/24,8
20201019154623,192.168.1.1/24,35
20201019154624,10.20.30.2/16,2
20201019154625,192.168.1.1/24,18
20201019154626,10.77.1.2/24,7
20201019154627,10.20.30.1/16,-
20201019154628,10.77.1.1/24,9
20201019154629,10.20.30.1/16,-
20201019154630,192.168.1.2/24,18
20201019154632,10.20.30.2/16,5
20201019154634,192.168.1.1/24,30
20201019154636,10.77.1.2/24,7
20201019154638,192.168.1.1/24,6
20201019154639,192.168.1.2/24,-
20201019154640,10.20.30.2/16,2
20201019154641,192.168.1.1/24,2
20201019154643,10.20.30.1/16,-
20201019154644,10.77.1.2/24,8
20201019154646,10.77.1.1/24,4
20201019154647,10.20.30.2/16,-
20201019154648,10.20.30.2/16,30
20201019154649,192.168.1.1/24,-
20201019154650,10.20.30.2/16,6
20201019154651,10.20.30.1/16,-
20201019154652,192.168.1.1/24,3
20201019154653,10.77.1.1/24,9
20201019154654,10.20.30.1/16,3
20201019154655,10.20.30.2/16,6
20201019154656,10.77.1.1/24,-
20201019154657,192.168.1.1/24,5
20201019154658,10.20.30.2/16,1
20201019154700,10.77.1.2/24,2
20201019154701,10.20.30.1/16,18
20201019154702,10.20.30.1/16,32
20201019154704,10.77.1.2/24,4
20201019154705,10.77.1.2/24,15
20201019154706,10.20.30.2/16,6
20201019154707,10.20.30.1/16,2
20201019154708,192.168.1.1/24,17
20201019154709,192.168.1.1/24,56
20201019154710,192.168.1.1/24,5
20201019154711,10.77.1.2/24,4
20201019154713,10.77.1.2/24,9
20201019154714,10.77.1.1/24,9
20201019154715,10.77.1.2/24,38
20201019154716,10.20.30.2/16,9
20201019154717,10.20.30.1/16,-
20201019154718,192.168.1.1/24,8
20201019154720,10.77.1.2/24,-
20201019154721,192.168.1.2/24,-
20201019154722,192.168.1.2/24,4
20201019154724,10.77.1.1/24,-
20201019154725,10.20.30.2/16,6
20201019154726,10.20.30.1/16,35
20201019154727,192.168.1.1/24,1
20201019154728,192.168.1.1/24,-
20201019154730,192.168.1.2/24,-
20201019154731,192.168.1.1/24,7
20201019154733,10.20.30.2/16,2
20201019154734,10.77.1.2/24,-
20201019154735,10.77.1.2/24,2
20201019154736,10.77.1.1/24,4
20201019154737,10.77.1.2/24,44
20201019154739,10.20.30.1/16,8
20201019154740,192.168.1.2/24,-
20201019154741,192.168.1.2/24,-
20201019154742,10.20.30.2/16,6
20201019154743,10.20.30.1/16,7
20201019154744,10.20.30.1/16,3
20201019154745,192.168.1.2/24,7
20201019154746,192.168.1.2/24,8
20201019154747,192.168.1.1/24,72
20201019154748,10.77.1.2/24,8
20201019154749,10.77.1.1/24,58
20201019154751,10.77.1.1/24,3
20201019154752,10.77.1.1/24,5
20201019154753,192.168.1.1/24,3
20201019154755,192.168.1.1/24,2
20201019154756,10.20.30.1/16,1
20201019154758,10.20.30.2/16,9
20201019154759,192.168.1.2/24,6
20201019154800,192.168.1.1/24,8
20201019154802,10.20.30.1/16,4
20201019154803,10.20.30.1/16,37
20201019154804,10.77.1.1/24,-
20201019154805,192.168.1.1/24,-
20201019154806,10.20.30.1/16,90
20201019154807,10.20.30.2/16,7
20201019154809,10.77.1.1/24,14
20201019154810,10.20.30.2/16,9
20201019154811,10.77.1.1/24,6
20201019154812,10.77.1.2/24,1
20201019154813,10.20.30.1/16,6
20201019154814,10.77.1.2/24,2
20201019154815,10.77.1.1/24,1
20201019154817,192.168.1.1/24,6
20201019154818,10.77.1.1/24,-
20201019154819,192.168.1.2/24,-
20201019154820,192.168.1.2/24,-
20201019154822,10.20.30.1/16,37
20201019154823,10.20.30.1/16,3
20201019154824,192.168.1.2/24,1
20201019154826,10.77.1.2/24,5
20201019154827,10.77.1.2/24,21
20201019154828,192.168.1.2/24,4
20201019154829,10.20.30.2/16,-
20201019154830,192.168.1.2/24,7
20201019154831,10.77.1.1/24,7
20201019154833,10.77.1.1/24,3
20201019154834,10.77.1.1/24,52
20201019154835,10.20.30.2/16,9
20201019154836,10.77.1.2/24,41
20201019154837,10.20.30.1/16,-
20201019154838,192.168.1.1/24,5
20201019154840,192.168.1.1/24,8
20201019154841,192.168.1.2/24,83
20201019154842,10.77.1.1/24,-
20201019154844,10.77.1.2/24,51
20201019154845,10.77.1.2/24,-
20201019154846,10.20.30.2/16,-
20201019154847,192.168.1.1/24,-
20201019154848,192.168.1.1/24,-
20201019154849,10.77.1.1/24,2
20201019154850,192.168.1.1/24,7
20201019154851,10.77.1.1/24,5
20201019154852,192.168.1.1/24,-
20201019154853,10.20.30.1/16,51
20201019154855,192.168.1.1/24,5
20201019154856,10.20.30.2/16,13
20201019154857,10.20.30.2/16,10
20201019154858,192.168.1.2/24,8
20201019154900,10.77.1.1/24,-
20201019154901,192.168.1.1/24,2
20201019154902,192.168.1.2/24,2
20201019154903,10.20.30.1/16,3
20201019154905,192.168.1.1/24,2
20201019154906,10.77.1.1/24,1
20201019154908,192.168.1.2/24,7
20201019154909,10.20.30.2/16,-
20201019154910,10.77.1.2/24,8
20201019154911,10.77.1.1/24,4
20201019154912,192.168.1.2/24,6
20201019154913,192.168.1.1/24,14
20201019154914,192.168.1.2/24,1
20201019154915,192.168.1.1/24,1
20201019154916,10.77.1.2/24,-
20201019154917,10.77.1.2/24,4
20201019154919,192.168.1.2/24,-
20201019154921,10.20.30.1/16,9
20201019154922,10.20.30.1/16,-
20201019154924,10.77.1.1/24,4
20201019154925,10.20.30.1/16,42
20201019154926,192.168.1.1/24,27
20201019154928,10.77.1.1/24,1
20201019154929,10.77.1.1/24,8
20201019154930,10.77.1.2/24,73
20201019154931,192.168.1.1/24,9
20201019154932,10.77.1.2/24,1
20201019154933,192.168.1.2/24,11
20201019154934,192.168.1.1/24,-
20201019154935,192.168.1.1/24,2
20201019154937,10.20.30.2/16,-
20201019154938,10.77.1.1/24,6
20201019154939,192.168.1.2/24,5
20201019154940,10.77.1.1/24,2
20201019154941,10.20.30.1/16,5
20201019154942,10.20.30.2/16,6
20201019154943,10.77.1.1/24,98
20201019154945,192.168.1.1/24,-
20201019154947,10.20.30.1/16,-
20201019154948,10.20.30.2/16,68
20201019154950,10.20.30.2/16,-
20201019154951,192.168.1.1/24,85
20201019154953,192.168.1.2/24,-
20201019154954,10.20.30.2/16,8
20201019154955,10.20.30.1/16,7
20201019154956,10.20.30.1/16,8
20201019154958,10.20.30.2/16,7
20201019154959,10.20.30.2/16,9
20201019155001,10.77.1.1/24,-
20201019155002,10.20.30.1/16,1
20201019155004,192.168.1.2/24,8
20201019155005,10.77.1.1/24,41
20201019155006,10.77.1.1/24,41
20201019155008,10.77.1.2/24,1
20201019155009,10.77.1.2/24,5
20201019155011,10.77.1.2/24,9
20201019155013,10.20.30.2/16,1
20201019155014,10.77.1.1/24,9
20201019155015,10.20.30.2/16,15
20201019155016,192.168.1.2/24,1
20201019155017,10.77.1.1/24,2
20201019155019,10.20.30.1/16,7
20201019155020,10.77.1.2/24,84
20201019155021,10.77.1.2/24,9
20201019155022,10.77.1.2/24,30
20201019155023,10.77.1.2/24,-
20201019155024,10.77.1.2/24,7
20201019155026,10.20.30.1/16,2
20201019155027,192.168.1.2/24,3
20201019155028,10.20.30.2/16,2
20201019155030,192.168.1.2/24,4
20201019155032,10.20.30.1/16,5
20201019155033,192.168.1.2/24,25
20201019155035,10.20.30.2/16,79
20201019155036,10.77.1.2/24,-
20201019155037,10.20.30.2/16,4
20201019155039,192.168.1.1/24,-
20201019155040,10.77.1.1/24,5
20201019155041,10.77.1.1/24,9
20201019155042,192.168.1.1/24,-
20201019155044,10.20.30.1/16,4
20201019155045,192.168.1.2/24,-
20201019155046,10.77.1.2/24,1
20201019155047,10.77.1.2/24,-
20201019155049,192.168.1.2/24,5
20201019155050,192.168.1.2/24,38
20201019155051,10.20.30.2/16,89
20201019155053,10.77.1.2/24,-
20201019155054,192.168.1.1/24,56
20201019155055,10.20.30.2/16,9
20201019155056,10.20.30.1/16,-
20201019155057,10.77.1.2/24,7
20201019155058,192.168.1.1/24,5
20201019155059,10.20.30.2/16,62
20201019155101,10.20.30.2/16,-
20201019155102,10.20.30.2/16,-
20201019155103,192.168.1.1/24,-
20201019155104,10.77.1.2/24,10
20201019155105,10.20.30.1/16,5
20201019155106,10.20.30.1/16,-
20201019155107,10.77.1.1/24,5
20201019155108,192.168.1.1/24,10
20201019155109,10.77.1.2/24,-
20201019155110,10.20.30.1/16,-
20201019155111,192.168.1.2/24,1
20201019155112,192.168.1.1/24,5
20201019155113,192.168.1.2/24,-
20201019155114,10.20.30.1/16,2
20201019155115,192.168.1.2/24,6
20201019155116,10.77.1.1/24,-
20201019155118,192.168.1.1/24,95
20201019155119,10.20.30.1/16,-
20201019155120,10.77.1.2/24,5
20201019155121,10.77.1.2/24,11
20201019155122,192.168.1.2/24,69
20201019155123,10.20.30.1/16,6
20201019155124,192.168.1.2/24,38
20201019155125,192.168.1.2/24,5
20201019155126,10.20.30.2/16,6
20201019155128,192.168.1.1/24,-
20201019155129,10.77.1.2/24,-
20201019155131,10.20.30.2/16,7
20201019155132,192.168.1.1/24,11
20201019155133,192.168.1.2/24,7
20201019155134,10.77.1.2/24,-
20201019155136,10.20.30.1/16,1
20201019155137,192.168.1.2/24,16
20201019155139,10.77.1.2/24,-
20201019155140,10.77.1.1/24,-
20201019155141,10.20.30.1/16,2
20201019155142,10.77.1.2/24,6
20201019155143,192.168.1.1/24,26
20201019155144,10.20.30.1/16,10
20201019155146,10.20.30.1/16,-
20201019155148,192.168.1.2/24,-
20201019155150,10.20.30.2/16,-
20201019155151,192.168.1.1/24,9
20201019155152,10.20.30.2/16,6
20201019155154,10.77.1.2/24,2
20201019155155,10.20.30.1/16,3
20201019155156,10.20.30.2/16,5
20201019155157,10.20.30.2/16,6
20201019155158,192.168.1.2/24,-
20201019155159,10.20.30.2/16,9
20201019155200,10.77.1.2/24,35
20201019155201,192.168.1.2/24,6
20201019155202,10.77.1.2/24,4
20201019155204,192.168.1.1/24,1
20201019155205,192.168.1.1/24,3
20201019155206,192.168.1.1/24,64
20201019155207,10.77.1.2/24,86
20201019155208,192.168.1.1/24,7
20201019155210,10.20.30.2/16,67
20201019155211,10.77.1.2/24,7
20201019155212,10.77.1.2/24,-
20201019155214,192.168.1.2/24,14
20201019155215,192.168.1.2/24,4
20201019155216,10.77.1.2/24,5
20201019155217,10.77.1.1/24,92
20201019155218,192.168.1.1/24,-
20201019155219,10.77.1.1/24,9
20201019155221,10.20.30.2/16,44
20201019155222,10.20.30.2/16,-
20201019155223,10.77.1.2/24,20
20201019155224,10.20.30.2/16,-
20201019155225,10.20.30.1/16,8
20201019155226,10.20.30.1/16,1
20201019155227,10.77.1.1/24,5
20201019155228,10.20.30.2/16,-
20201019155229,192.168.1.2/24,9
20201019155230,10.20.30.2/16,59
20201019155232,10.20.30.2/16,75
20201019155233,10.20.30.2/16,-
20201019155235,10.20.30.1/16,-
20201019155236,10.77.1.1/24,10
20201019155237,10.77.1.1/24,-
20201019155238,10.20.30.2/16,7
20201019155239,10.20.30.1/16,38
20201019155240,10.20.30.1/16,-
20201019155241,10.20.30.1/16,9
20201019155243,10.20.30.2/16,-
20201019155244,10.20.30.1/16,2
20201019155245,10.77.1.1/24,8
20201019155247,10.77.1.2/24,79
20201019155249,10.20.30.2/16,4
20201019155250,10.77.1.1/24,-
20201019155251,10.77.1.2/24,78
20201019155252,10.77.1.2/24,28
20201019155253,192.168.1.2/24,3
20201019155254,10.77.1.2/24,1
20201019155255,10.20.30.1/16,6
20201019155256,10.20.30.1/16,4
20201019155257,192.168.1.1/24,8
20201019155258,10.77.1.2/24,5
20201019155300,10.77.1.2/24,8
20201019155301,10.77.1.1/24,-
20201019155302,10.20.30.2/16,5
20201019155304,10.20.30.1/16,2
20201019155306,10.77.1.1/24,-
20201019155307,192.168.1.1/24,14
20201019155308,10.77.1.2/24,9
20201019155309,10.77.1.1/24,1
20201019155311,10.20.30.1/16,35
20201019155313,192.168.1.2/24,-
20201019155314,10.20.30.1/16,6
20201019155316,192.168.1.1/24,-
20201019155317,192.168.1.2/24,-
20201019155319,10.77.1.2/24,-
20201019155320,192.168.1.1/24,-
20201019155321,10.20.30.1/16,9
20201019155322,10.77.1.1/24,6
20201019155323,10.20.30.1/16,2
20201019155324,10.20.30.1/16,-
20201019155325,192.168.1.2/24,-
20201019155327,10.77.1.1/24,-
20201019155328,10.20.30.2/16,7
20201019155329,10.77.1.1/24,1
20201019155330,192.168.1.2/24,3
20201019155331,192.168.1.2/24,35
20201019155332,10.77.1.1/24,-
20201019155333,10.77.1.2/24,-
20201019155335,192.168.1.2/24,-
20201019155336,10.77.1.2/24,25
20201019155337,192.168.1.1/24,5
20201019155339,192.168.1.2/24,15
20201019155340,10.77.1.1/24,44
20201019155341,10.20.30.1/16,-
20201019155342,10.77.1.1/24,-
20201019155344,10.77.1.1/24,1
20201019155345,10.20.30.1/16,-
20201019155346,10.20.30.2/16,1
20201019155347,10.77.1.2/24,1
20201019155348,192.168.1.1/24,-
20201019155349,10.20.30.2/16,9
20201019155351,10.77.1.2/24,1
20201019155353,192.168.1.2/24,17
20201019155355,192.168.1.1/24,2
20201019155356,10.77.1.2/24,-
20201019155358,192.168.1.2/24,-
20201019155359,10.20.30.1/16,-
20201019155400,10.20.30.1/16,72
20201019155401,10.20.30.2/16,5
20201019155402,10.77.1.1/24,3
20201019155403,10.20.30.2/16,4
20201019155405,10.77.1.1/24,86
20201019155406,10.20.30.2/16,5
20201019155407,192.168.1.1/24,48
20201019155408,10.77.1.2/24,-
20201019155409,10.20.30.2/16,-
20201019155410,192.168.1.1/24,87
20201019155411,10.20.30.1/16,27
20201019155412,10.20.30.2/16,9
20201019155413,192.168.1.2/24,2
20201019155414,192.168.1.2/24,8
20201019155415,192.168.1.2/24,97
20201019155416,10.20.30.1/16,8
20201019155417,192.168.1.1/24,6
20201019155418,10.77.1.1/24,9
20201019155419,192.168.1.2/24,-
20201019155420,192.168.1.2/24,9
20201019155421,10.20.30.1/16,9
20201019155422,192.168.1.1/24,26
20201019155423,192.168.1.1/24,-
20201019155424,10.20.30.1/16,3
20201019155426,192.168.1.1/24,-
20201019155427,10.20.30.2/16,-
20201019155428,192.168.1.2/24,2
20201019155429,192.168.1.2/24,1
20201019155431,10.77.1.1/24,57
20201019155433,10.77.1.2/24,68
20201019155434,10.77.1.2/24,6
20201019155435,10.77.1.2/24,6
20201019155436,10.77.1.1/24,4
20201019155437,192.168.1.1/24,7
20201019155439,192.168.1.1/24,-
20201019155441,192.168.1.2/24,-
20201019155442,10.77.1.2/24,9
20201019155443,192.168.1.1/24,2
20201019155444,10.20.30.1/16,15
20201019155445,10.20.30.2/16,6
20201019155446,192.168.1.2/24,-
20201019155447,10.77.1.1/24,2
20201019155449,10.77.1.1/24,5
20201019155451,10.77.1.1/24,-
20201019155452,10.77.1.1/24,22
20201019155453,10.77.1.2/24,94
20201019155454,10.20.30.1/16,7
20201019155455,192.168.1.1/24,4
20201019155457,10.20.30.1/16,-
20201019155458,192.168.1.1/24,6
20201019155459,10.77.1.1/24,8
20201019155500,10.20.30.2/16,5
20201019155502,10.20.30.2/16,43
20201019155503,10.77.1.1/24,12
20201019155504,192.168.1.2/24,27
20201019155505,192.168.1.2/24,2
20201019155507,10.77.1.1/24,-
20201019155508,10.77.1.1/24,-
20201019155509,192.168.1.1/24,3
20201019155511,192.168.1.1/24,-
20201019155513,10.77.1.1/24,-
20201019155514,192.168.1.2/24,8
20201019155515,192.168.1.1/24,4
20201019155516,192.168.1.2/24,-
20201019155517,10.77.1.2/24,13
20201019155518,192.168.1.1/24,1
20201019155520,192.168.1.1/24,3
20201019155521,192.168.1.2/24,86
20201019155523,10.20.30.1/16,34
20201019155524,10.77.1.2/24,3
20201019155526,10.77.1.1/24,-
20201019155527,10.77.1.2/24,6
20201019155528,192.168.1.1/24,6
20201019155529,10.20.30.1/16,3
20201019155530,10.77.1.1/24,-
20201019155531,192.168.1.1/24,1
20201019155532,10.20.30.1/16,1
20201019155533,192.168.1.2/24,25
20201019155534,10.20.30.1/16,-
20201019155535,10.20.30.1/16,9
20201019155537,192.168.1.2/24,9
20201019155539,192.168.1.2/24,6
20201019155540,10.20.30.2/16,-
20201019155541,10.20.30.1/16,3
20201019155542,192.168.1.2/24,8
20201019155543,10.20.30.1/16,12
20201019155545,10.20.30.2/16,4
20201019155546,10.77.1.2/24,10
20201019155547,10.20.30.1/16,8
20201019155548,10.20.30.1/16,6
20201019155549,192.168.1.2/24,20
20201019155550,192.168.1.1/24,6
20201019155551,10.20.30.2/16,6
20201019155553,10.20.30.1/16,2
20201019155555,10.77.1.1/24,-
20201019155557,10.20.30.1/16,5
20201019155558,10.20.30.1/16,5
20201019155559,192.168.1.1/24,1
20201019155600,192.168.1.1/24,1
20201019155601,10.77.1.1/24,5
20201019155602,10.77.1.1/24,8
20201019155603,10.77.1.1/24,-
20201019155604,10.20.30.2/16,3
20201019155605,10.20.30.1/16,5
20201019155606,10.77.1.2/24,32
20201019155607,10.77.1.2/24,9
20201019155608,192.168.1.2/24,6
20201019155609,192.168.1.2/24,6
20201019155610,192.168.1.2/24,5
20201019155611,10.77.1.1/24,9
20201019155612,192.168.1.1/24,2
20201019155614,10.77.1.1/24,6
20201019155615,10.77.1.1/24,-
20201019155617,10.20.30.1/16,10
20201019155618,10.77.1.2/24,30
20201019155620,10.20.30.1/16,2
20201019155621,10.20.30.2/16,9
20201019155622,10.77.1.1/24,-
20201019155623,192.168.1.1/24,11
20201019155624,192.168.1.2/24,2
20201019155625,10.20.30.2/16,-
20201019155626,10.77.1.2/24,4
20201019155627,10.20.30.1/16,-
20201019155628,10.20.30.2/16,-
20201019155630,192.168.1.2/24,18
20201019155632,10.77.1.2/24,1
20201019155633,192.168.1.1/24,9
20201019155634,10.20.30.2/16,1
20201019155635,10.77.1.1/24,9
20201019155636,10.77.1.1/24,8
20201019155637,10.77.1.2/24,6
20201019155638,192.168.1.2/24,1
20201019155639,10.20.30.1/16,41
20201019155641,10.77.1.2/24,-
20201019155642,192.168.1.2/24,89
20201019155643,10.77.1.1/24,9
20201019155645,10.77.1.1/24,13
20201019155646,10.77.1.1/24,28
20201019155647,192.168.1.1/24,8
20201019155648,10.77.1.1/24,2
20201019155650,192.168.1.2/24,9
20201019155651,192.168.1.1/24,5
20201019155652,10.77.1.2/24,9
20201019155653,10.77.1.2/24,-
20201019155654,192.168.1.1/24,3
20201019155655,192.168.1.2/24,71
20201019155656,192.168.1.2/24,16
20201019155657,10.20.30.2/16,18
20201019155658,10.20.30.1/16,-
20201019155659,192.168.1.1/24,4
20201019155700,10.77.1.2/24,-
20201019155701,10.20.30.2/16,9
20201019155702,192.168.1.1/24,8
20201019155703,10.20.30.2/16,6
20201019155704,10.77.1.1/24,3
20201019155705,10.77.1.1/24,21
20201019155706,192.168.1.1/24,2
20201019155707,192.168.1.2/24,-
20201019155708,10.20.30.1/16,-
20201019155709,192.168.1.2/24,-
20201019155710,192.168.1.1/24,4
20201019155711,192.168.1.1/24,19
20201019155712,10.20.30.1/16,9
20201019155713,192.168.1.1/24,-
20201019155715,10.20.30.1/16,48
20201019155717,10.20.30.1/16,-
20201019155718,10.77.1.2/24,80
20201019155720,10.20.30.2/16,3
20201019155721,10.20.30.1/16,-
20201019155722,10.20.30.1/16,-
20201019155723,192.168.1.2/24,3
20201019155724,192.168.1.2/24,-
20201019155726,10.77.1.1/24,2
20201019155727,10.77.1.2/24,-
20201019155728,10.77.1.1/24,44
20201019155729,10.20.30.2/16,-
20201019155730,192.168.1.1/24,4
20201019155731,10.20.30.1/16,52
20201019155732,10.77.1.2/24,2
20201019155733,192.168.1.1/24,24
20201019155734,10.77.1.1/24,9
20201019155735,192.168.1.2/24,8
20201019155736,192.168.1.2/24,-
20201019155737,10.77.1.1/24,3
20201019155739,10.20.30.2/16,2
20201019155740,192.168.1.1/24,-
20201019155742,192.168.1.2/24,1
20201019155743,192.168.1.1/24,7
20201019155744,192.168.1.2/24,7
20201019155745,10.20.30.1/16,36
20201019155747,10.77.1.1/24,91
20201019155749,10.77.1.2/24,4
20201019155750,10.20.30.1/16,7
20201019155751,192.168.1.2/24,6
20201019155752,10.77.1.2/24,3
20201019155753,192.168.1.2/24,8
20201019155754,192.168.1.2/24,-
20201019155755,10.77.1.1/24,4
20201019155757,10.77.1.1/24,4
20201019155758,10.20.30.2/16,10
20201019155759,10.20.30.1/16,2
20201019155800,192.168.1.2/24,-
20201019155801,10.77.1.1/24,8
20201019155803,192.168.1.1/24,42
20201019155805,10.20.30.1/16,13
20201019155806,10.20.30.1/16,-
20201019155807,10.77.1.2/24,4
20201019155808,10.77.1.2/24,5
20201019155810,192.168.1.1/24,32
20201019155811,10.77.1.1/24,6
20201019155813,10.77.1.1/24,5
20201019155814,10.77.1.2/24,5
20201019155816,10.20.30.1/16,-
20201019155817,10.77.1.1/24,74
20201019155819,10.77.1.2/24,1
20201019155821,10.20.30.1/16,-
20201019155823,10.20.30.1/16,-
20201019155825,10.20.30.1/16,8
20201019155827,10.20.30.1/16,47
20201019155829,192.168.1.2/24,8
20201019155830,192.168.1.2/24,6
20201019155831,10.77.1.2/24,-
20201019155833,10.20.30.2/16,3
20201019155834,10.20.30.1/16,1
20201019155836,10.20.30.1/16,1
20201019155837,192.168.1.2/24,41
20201019155838,10.20.30.2/16,83
20201019155839,192.168.1.2/24,60
20201019155840,192.168.1.1/24,-
20201019155841,192.168.1.1/24,42
20201019155842,10.20.30.2/16,7
20201019155843,10.20.30.2/16,72
20201019155845,192.168.1.1/24,8
20201019155846,192.168.1.1/24,7
20201019155847,10.20.30.2/16,44
20201019155848,192.168.1.2/24,1
20201019155850,10.77.1.2/24,-
20201019155851,10.20.30.1/16,-
20201019155852,10.77.1.1/24,7
20201019155854,10.20.30.2/16,-
20201019155855,192.168.1.2/24,47
20201019155856,192.168.1.2/24,56
20201019155858,10.77.1.1/24,2
20201019155859,10.20.30.1/16,16
20201019155900,10.20.30.1/16,-
20201019155901,192.168.1.2/24,1
20201019155902,192.168.1.1/24,-
20201019155904,10.20.30.1/16,9
20201019155905,10.77.1.2/24,5
20201019155906,10.20.30.2/16,9
20201019155907,10.77.1.1/24,1
20201019155908,192.168.1.1/24,9
20201019155909,10.77.1.1/24,9
20201019155910,10.77.1.2/24,-
20201019155911,10.20.30.1/16,-
20201019155913,10.20.30.2/16,6
20201019155914,10.77.1.2/24,6
20201019155916,10.20.30.1/16,-
20201019155917,192.168.1.2/24,-
20201019155918,10.77.1.2/24,-
20201019155920,10.20.30.2/16,1
20201019155921,10.20.30.2/16,8
20201019155922,10.20.30.1/16,83
20201019155923,10.77.1.2/24,9
20201019155924,10.77.1.1/24,-
20201019155926,10.20.30.2/16,2
20201019155927,10.77.1.1/24,8
20201019155928,10.20.30.1/16,5
20201019155930,192.168.1.1/24,20
20201019155932,10.77.1.2/24,-
20201019155933,10.77.1.2/24,-
20201019155934,10.77.1.1/24,9
20201019155935,192.168.1.2/24,7
20201019155936,10.77.1.1/24,3
20201019155938,10.20.30.1/16,8
20201019155940,10.77.1.2/24,8
20201019155941,192.168.1.1/24,-
20201019155942,192.168.1.1/24,5
20201019155944,10.77.1.1/24,3
20201019155945,10.20.30.1/16,4
20201019155946,192.168.1.1/24,-
20201019155947,192.168.1.2/24,-
20201019155949,10.20.30.2/16,4
20201019155950,10.20.30.1/16,2
20201019155951,192.168.1.2/24,2
20201019155952,192.168.1.1/24,-
20201019155954,10.77.1.2/24,20
20201019155955,10.20.30.2/16,9
20201019155956,10.20.30.2/16,9
20201019155957,192.168.1.2/24,1
20201019155959,10.77.1.1/24,2
20201019160000,192.168.1.2/24,9
20201019160001,10.20.30.1/16,5
20201019160003,10.77.1.1/24,-
20201019160005,10.20.30.2/16,1
20201019160006,192.168.1.2/24,28
20201019160007,192.168.1.2/24,6
20201019160009,10.77.1.1/24,12
20201019160011,192.168.1.2/24,61
20201019160012,10.20.30.1/16,2
20201019160013,192.168.1.2/24,6
20201019160014,10.20.30.1/16,-
20201019160015,10.20.30.1/16,-
20201019160016,192.168.1.2/24,-
20201019160018,192.168.1.1/24,1
20201019160019,10.77.1.2/24,9
20201019160020,10.77.1.1/24,9
20201019160021,192.168.1.2/24,-
20201019160022,10.20.30.1/16,96
20201019160023,10.20.30.1/16,4
20201019160024,10.77.1.2/24,4
20201019160025,10.77.1.2/24,-
20201019160026,10.20.30.1/16,-
20201019160027,10.20.30.1/16,5
20201019160028,10.20.30.1/16,7
20201019160030,10.77.1.1/24,-
20201019160031,10.77.1.2/24,22
20201019160032,10.20.30.2/16,76
20201019160034,192.168.1.2/24,14
20201019160035,10.20.30.1/16,6
20201019160036,192.168.1.1/24,8
20201019160037,10.77.1.1/24,5
20201019160038,10.77.1.2/24,27
20201019160039,192.168.1.2/24,1
20201019160040,192.168.1.1/24,11
20201019160041,10.20.30.2/16,-
20201019160042,10.77.1.1/24,49
20201019160043,10.20.30.2/16,-
20201019160044,192.168.1.1/24,-
20201019160045,192.168.1.2/24,5
20201019160046,192.168.1.1/24,-
20201019160047,10.20.30.2/16,2
20201019160048,10.20.30.1/16,2
20201019160049,192.168.1.1/24,-
20201019160050,192.168.1.1/24,1
20201019160051,10.20.30.1/16,-
20201019160052,192.168.1.2/24,9
20201019160054,192.168.1.2/24,9
20201019160055,10.20.30.1/16,33
20201019160056,10.77.1.2/24,-
20201019160057,10.20.30.2/16,2
20201019160058,10.20.30.1/16,-
20201019160059,10.77.1.2/24,4
20201019160100,10.20.30.1/16,8
20201019160101,10.20.30.1/16,6
20201019160103,192.168.1.1/24,-
20201019160104,10.20.30.2/16,2
20201019160105,10.77.1.1/24,8
20201019160106,10.20.30.2/16,8
20201019160107,192.168.1.2/24,7
20201019160108,10.20.30.2/16,70
20201019160109,192.168.1.1/24,9
20201019160111,10.20.30.2/16,48
20201019160112,10.77.1.2/24,5
20201019160114,10.20.30.1/16,65
20201019160115,192.168.1.2/24,-
20201019160117,10.20.30.1/16,67
20201019160118,10.20.30.2/16,50
20201019160119,192.168.1.1/24,15
20201019160121,192.168.1.1/24,6
20201019160122,10.20.30.1/16,8
20201019160124,10.20.30.1/16,3
20201019160125,192.168.1.1/24,2
20201019160127,10.77.1.1/24,-
20201019160128,192.168.1.2/24,75
20201019160129,192.168.1.1/24,-
20201019160130,10.20.30.1/16,11
20201019160132,10.77.1.1/24,3
20201019160133,192.168.1.1/24,9
20201019160134,10.77.1.1/24,4
20201019160135,10.20.30.1/16,2
20201019160136,192.168.1.2/24,8
20201019160137,10.20.30.2/16,8
20201019160139,10.20.30.2/16,2
20201019160140,10.77.1.1/24,17
20201019160141,192.168.1.2/24,7
20201019160143,192.168.1.2/24,9
20201019160144,10.77.1.1/24,45
20201019160146,10.77.1.1/24,2
20201019160148,10.77.1.1/24,7
20201019160149,192.168.1.2/24,8
20201019160150,10.77.1.1/24,-
20201019160151,10.20.30.1/16,16
20201019160152,10.20.30.1/16,26
20201019160154,10.20.30.2/16,86
20201019160155,10.77.1.2/24,5
20201019160156,10.77.1.1/24,53
20201019160158,192.168.1.2/24,8
20201019160159,10.20.30.1/16,-
20201019160200,192.168.1.1/24,6
20201019160201,10.20.30.1/16,6
20201019160202,192.168.1.1/24,-
20201019160203,192.168.1.1/24,24
20201019160204,10.77.1.1/24,-
20201019160205,10.77.1.1/24,80
20201019160206,10.20.30.1/16,68
20201019160207,192.168.1.1/24,46
20201019160209,10.77.1.1/24,4
20201019160211,192.168.1.2/24,87
20201019160212,10.77.1.2/24,6
20201019160213,192.168.1.2/24,-
20201019160214,192.168.1.1/24,-
20201019160215,10.77.1.1/24,9
20201019160216,192.168.1.2/24,5
20201019160218,10.20.30.2/16,5
20201019160220,192.168.1.2/24,4
20201019160221,10.20.30.1/16,9
20201019160222,10.20.30.1/16,9
20201019160223,192.168.1.1/24,8
20201019160224,10.77.1.1/24,8
20201019160225,10.20.30.1/16,6
20201019160226,192.168.1.2/24,11
20201019160227,10.20.30.2/16,10
20201019160228,10.77.1.2/24,7
20201019160230,10.20.30.1/16,1
20201019160231,192.168.1.2/24,89
20201019160232,192.168.1.2/24,2
20201019160233,10.20.30.1/16,-
20201019160234,10.77.1.1/24,-
20201019160235,10.77.1.2/24,-
20201019160236,10.77.1.1/24,70
20201019160238,10.20.30.1/16,-
20201019160239,192.168.1.1/24,8
20201019160241,192.168.1.1/24,8
20201019160242,192.168.1.1/24,69
20201019160244,10.77.1.1/24,2
20201019160246,10.20.30.1/16,26
20201019160247,192.168.1.1/24,1
20201019160248,10.77.1.2/24,-
20201019160249,192.168.1.2/24,9
20201019160250,10.77.1.1/24,8
20201019160251,10.77.1.2/24,3
20201019160252,10.20.30.1/16,7
20201019160253,192.168.1.1/24,9
20201019160254,10.20.30.2/16,8
20201019160255,10.20.30.2/16,5
20201019160256,10.20.30.2/16,11
20201019160258,10.77.1.1/24,-
20201019160259,10.20.30.1/16,8
20201019160301,10.77.1.1/24,7
20201019160302,10.20.30.2/16,6
20201019160303,10.20.30.1/16,6
20201019160304,10.20.30.1/16,-
20201019160305,192.168.1.1/24,5
20201019160306,10.20.30.2/16,-
20201019160307,192.168.1.1/24,2
20201019160308,10.20.30.2/16,-
20201019160309,10.20.30.2/16,1
20201019160310,10.20.30.2/16,15
20201019160311,10.20.30.2/16,5
20201019160312,10.20.30.1/16,9
20201019160313,192.168.1.2/24,20
20201019160314,10.77.1.1/24,-
20201019160315,10.20.30.2/16,4
20201019160317,10.20.30.1/16,11
20201019160319,10.77.1.2/24,4
20201019160320,10.77.1.1/24,-
20201019160321,10.77.1.1/24,67
20201019160322,10.77.1.1/24,-
20201019160323,10.77.1.1/24,2
20201019160324,10.20.30.1/16,-
20201019160325,10.77.1.1/24,4
20201019160326,192.168.1.1/24,89
20201019160328,10.20.30.2/16,6
20201019160329,10.20.30.1/16,-
20201019160330,192.168.1.2/24,-
20201019160331,10.20.30.1/16,-
20201019160332,192.168.1.2/24,7
20201019160333,10.20.30.1/16,26
20201019160334,10.20.30.1/16,9
20201019160335,10.77.1.2/24,9
20201019160336,192.168.1.1/24,5
20201019160337,10.20.30.1/16,2
20201019160338,10.20.30.1/16,-
20201019160339,10.20.30.1/16,-
20201019160340,192.168.1.2/24,-
20201019160342,10.77.1.2/24,8
20201019160344,10.77.1.1/24,1
20201019160346,10.77.1.1/24,6
20201019160347,192.168.1.2/24,5
20201019160349,10.77.1.1/24,3
20201019160350,10.20.30.2/16,1
20201019160351,10.77.1.2/24,-
20201019160352,10.20.30.2/16,-
20201019160353,10.77.1.2/24,4
20201019160354,192.168.1.2/24,2
20201019160356,192.168.1.2/24,6
20201019160357,10.20.30.1/16,3
20201019160358,10.77.1.1/24,-
20201019160359,10.20.30.1/16,-
20201019160400,10.77.1.2/24,59
20201019160401,10.77.1.2/24,75
20201019160403,192.168.1.1/24,-
20201019160404,10.77.1.1/24,3
20201019160405,10.20.30.2/16,80
20201019160406,192.168.1.2/24,51
20201019160407,10.20.30.1/16,-
20201019160408,10.20.30.1/16,8
20201019160409,192.168.1.2/24,6
20201019160410,192.168.1.1/24,11
20201019160411,192.168.1.2/24,-
20201019160412,10.77.1.2/24,3
20201019160414,10.20.30.2/16,1
20201019160415,10.20.30.2/16,10
20201019160416,192.168.1.1/24,8
20201019160417,10.77.1.2/24,90
20201019160418,10.20.30.2/16,1
20201019160419,192.168.1.1/24,18
20201019160420,192.168.1.2/24,4
20201019160422,10.20.30.2/16,41
20201019160423,10.20.30.2/16,5
20201019160424,10.20.30.1/16,73
20201019160425,10.20.30.2/16,-
20201019160426,10.77.1.1/24,-
20201019160427,10.77.1.2/24,9
20201019160428,10.20.30.1/16,8
20201019160429,10.20.30.1/16,7
20201019160430,192.168.1.2/24,9
20201019160431,10.20.30.2/16,3
20201019160432,10.77.1.1/24,5
20201019160433,10.77.1.2/24,10
20201019160434,10.77.1.2/24,8
20201019160435,10.77.1.1/24,6
20201019160436,192.168.1.1/24,35
20201019160438,192.168.1.1/24,16
20201019160439,10.77.1.1/24,67
20201019160441,10.20.30.1/16,-
20201019160442,10.20.30.2/16,17
20201019160443,192.168.1.1/24,8
20201019160444,192.168.1.2/24,3
20201019160445,10.77.1.1/24,1
20201019160446,10.20.30.1/16,6
20201019160447,10.20.30.1/16,4
20201019160448,10.77.1.1/24,6
20201019160450,10.20.30.2/16,10
20201019160452,10.20.30.2/16,2
20201019160453,10.20.30.1/16,7
20201019160455,10.77.1.1/24,-
20201019160456,10.20.30.1/16,-
20201019160457,10.20.30.2/16,78
20201019160458,10.20.30.2/16,2
20201019160459,192.168.1.2/24,-
20201019160500,192.168.1.1/24,-
20201019160501,10.77.1.1/24,3
20201019160502,192.168.1.1/24,6
20201019160503,10.77.1.2/24,4
20201019160504,192.168.1.2/24,3
20201019160505,192.168.1.1/24,1
20201019160506,192.168.1.2/24,3
20201019160508,10.77.1.1/24,-
20201019160509,10.20.30.2/16,1
20201019160510,192.168.1.1/24,41
20201019160512,10.20.30.2/16,-
20201019160513,10.77.1.2/24,7
20201019160514,192.168.1.1/24,63
20201019160516,192.168.1.1/24,7
20201019160517,10.77.1.2/24,66
20201019160518,10.20.30.2/16,2
20201019160519,10.20.30.2/16,27
20201019160521,10.20.30.2/16,8
20201019160523,10.77.1.2/24,6
20201019160524,10.20.30.1/16,8
20201019160525,192.168.1.2/24,19
20201019160526,10.77.1.1/24,3
20201019160527,10.77.1.1/24,90
20201019160529,10.77.1.2/24,-
20201019160531,10.77.1.2/24,10
20201019160532,10.77.1.1/24,6
20201019160533,10.20.30.2/16,3
20201019160534,10.20.30.2/16,7
20201019160536,10.77.1.2/24,40
20201019160537,10.77.1.1/24,99
20201019160538,10.20.30.1/16,-
20201019160540,192.168.1.1/24,9
20201019160542,10.77.1.2/24,-
20201019160543,192.168.1.2/24,4
20201019160544,10.20.30.1/16,8
20201019160546,10.77.1.1/24,6
20201019160547,10.20.30.1/16,43
20201019160548,192.168.1.1/24,6
20201019160550,192.168.1.2/24,-
20201019160552,10.20.30.2/16,57
20201019160553,10.77.1.1/24,8
20201019160554,192.168.1.1/24,-
20201019160556,10.20.30.2/16,8
20201019160557,10.77.1.2/24,1
20201019160559,192.168.1.1/24,-
20201019160601,10.77.1.2/24,9
20201019160602,10.77.1.1/24,-
20201019160603,192.168.1.2/24,-
20201019160604,10.20.30.1/16,50
20201019160605,10.77.1.2/24,4
20201019160607,10.20.30.1/16,2
20201019160609,192.168.1.2/24,8
20201019160610,10.20.30.2/16,6
20201019160611,10.77.1.1/24,1
20201019160612,192.168.1.2/24,10
20201019160614,10.77.1.1/24,6
20201019160615,10.20.30.1/16,89
20201019160616,192.168.1.2/24,7
20201019160618,10.20.30.2/16,5
20201019160619,192.168.1.2/24,40
20201019160621,10.20.30.1/16,-
20201019160622,10.77.1.2/24,9
20201019160623,192.168.1.2/24,6
20201019160625,10.77.1.1/24,12
20201019160626,10.77.1.1/24,6
20201019160627,10.77.1.2/24,7
20201019160628,192.168.1.1/24,8
20201019160629,10.20.30.2/16,10
20201019160630,192.168.1.2/24,8
20201019160631,10.77.1.1/24,50
20201019160632,192.168.1.1/24,7
20201019160633,10.77.1.2/24,-
20201019160634,192.168.1.1/24,8
20201019160635,192.168.1.2/24,-
20201019160636,10.20.30.1/16,-
20201019160638,192.168.1.2/24,7
20201019160639,10.77.1.2/24,90
20201019160640,10.77.1.1/24,5
20201019160641,10.77.1.1/24,14
20201019160642,192.168.1.1/24,6
20201019160644,192.168.1.1/24,3
20201019160645,192.168.1.2/24,0
20201019160647,10.20.30.2/16,60
20201019160648,192.168.1.2/24,62
20201019160649,192.168.1.2/24,6
20201019160650,192.168.1.1/24,41
20201019160652,192.168.1.1/24,19
20201019160653,192.168.1.2/24,7
20201019160655,192.168.1.1/24,85
20201019160657,192.168.1.1/24,2
20201019160658,10.77.1.1/24,-
20201019160659,192.168.1.2/24,19
20201019160701,10.20.30.2/16,80
20201019160703,192.168.1.2/24,12
20201019160704,192.168.1.1/24,8
20201019160705,10.20.30.2/16,12
20201019160706,192.168.1.2/24,7
20201019160707,10.20.30.2/16,9
20201019160709,10.20.30.2/16,3
20201019160711,192.168.1.1/24,1
20201019160712,10.20.30.1/16,3
20201019160713,10.77.1.2/24,7
20201019160714,10.20.30.1/16,6
20201019160715,10.77.1.1/24,39
20201019160716,192.168.1.2/24,38
20201019160717,10.77.1.1/24,7
20201019160718,192.168.1.1/24,3
20201019160719,10.20.30.1/16,6
20201019160720,10.20.30.1/16,69
20201019160722,10.20.30.1/16,-
20201019160723,10.77.1.1/24,8
20201019160724,10.77.1.2/24,3
20201019160726,192.168.1.2/24,32
20201019160728,192.168.1.2/24,8
20201019160730,192.168.1.1/24,92
20201019160731,10.77.1.1/24,4
20201019160732,10.20.30.2/16,-
20201019160733,192.168.1.2/24,4
20201019160734,192.168.1.1/24,-
20201019160735,10.77.1.1/24,9
20201019160737,192.168.1.2/24,8
20201019160739,192.168.1.1/24,6
20201019160740,10.77.1.2/24,8
20201019160741,10.77.1.1/24,-
20201019160742,10.77.1.1/24,60
20201019160743,10.20.30.2/16,-
20201019160744,10.77.1.1/24,3
20201019160745,10.20.30.2/16,17
20201019160746,192.168.1.1/24,20
20201019160748,10.77.1.1/24,3
20201019160750,10.20.30.2/16,15
20201019160751,10.77.1.1/24,8
20201019160752,10.20.30.1/16,-
20201019160753,192.168.1.1/24,-
20201019160754,10.77.1.1/24,-
20201019160755,10.77.1.1/24,33
20201019160757,10.20.30.1/16,71
20201019160758,192.168.1.2/24,1
20201019160759,10.77.1.1/24,3
20201019160801,10.20.30.1/16,-
20201019160802,192.168.1.2/24,97
20201019160803,10.77.1.2/24,1
20201019160804,10.77.1.1/24,93
20201019160805,10.20.30.1/16,8
20201019160807,192.168.1.1/24,3
20201019160809,192.168.1.1/24,-
20201019160810,10.20.30.1/16,3
20201019160811,192.168.1.1/24,-
20201019160812,192.168.1.2/24,4
20201019160813,10.20.30.1/16,2
20201019160814,10.20.30.1/16,4
20201019160815,192.168.1.1/24,9
20201019160816,10.20.30.1/16,4
20201019160817,10.20.30.1/16,91
20201019160818,10.20.30.2/16,4
20201019160819,10.77.1.2/24,19
20201019160820,10.77.1.1/24,4
20201019160821,10.77.1.2/24,-
20201019160822,10.20.30.1/16,1
20201019160823,10.20.30.1/16,-
20201019160824,10.77.1.1/24,2
20201019160825,192.168.1.1/24,4
20201019160827,10.20.30.2/16,-
20201019160828,10.20.30.1/16,4
20201019160829,10.77.1.2/24,-
20201019160831,192.168.1.2/24,1
20201019160832,10.77.1.2/24,1
20201019160834,10.20.30.2/16,8
20201019160835,10.20.30.2/16,7
20201019160836,10.20.30.2/16,-
20201019160837,10.77.1.1/24,62
20201019160838,10.77.1.2/24,-
20201019160839,192.168.1.1/24,32
20201019160840,10.77.1.1/24,32
20201019160841,10.20.30.2/16,73
20201019160842,192.168.1.1/24,3
20201019160843,10.20.30.1/16,-
20201019160844,10.20.30.2/16,2
20201019160845,192.168.1.1/24,9
20201019160847,10.77.1.2/24,9
20201019160848,10.77.1.1/24,11
20201019160849,10.20.30.2/16,5
20201019160850,192.168.1.2/24,9
20201019160851,10.20.30.2/16,9
20201019160852,10.77.1.2/24,9
20201019160853,10.77.1.1/24,6
20201019160855,10.20.30.1/16,3
20201019160856,10.20.30.1/16,51
20201019160858,192.168.1.2/24,1
20201019160859,192.168.1.2/24,44
20201019160900,10.20.30.2/16,1
20201019160901,192.168.1.2/24,7
20201019160902,10.77.1.2/24,3
20201019160904,10.20.30.2/16,1
20201019160906,192.168.1.2/24,7
20201019160907,192.168.1.2/24,4
20201019160909,10.20.30.2/16,-
20201019160910,192.168.1.1/24,30
20201019160911,10.20.30.1/16,13
20201019160912,192.168.1.2/24,8
20201019160913,192.168.1.2/24,-
20201019160915,192.168.1.1/24,9
20201019160916,192.168.1.1/24,3
20201019160917,10.77.1.1/24,9
20201019160918,192.168.1.2/24,9
20201019160920,10.77.1.1/24,6
20201019160921,10.77.1.1/24,3
20201019160923,192.168.1.2/24,9
20201019160924,192.168.1.2/24,3
20201019160925,192.168.1.1/24,8
20201019160926,10.20.30.1/16,9
20201019160928,192.168.1.2/24,-
20201019160929,10.20.30.2/16,5
20201019160930,10.20.30.2/16,4
20201019160931,10.77.1.2/24,-
20201019160932,10.20.30.2/16,2
20201019160933,192.168.1.2/24,8
20201019160934,10.20.30.2/16,88
20201019160936,10.20.30.2/16,2
20201019160937,10.77.1.1/24,7
20201019160938,192.168.1.1/24,7
20201019160939,192.168.1.1/24,3
20201019160940,10.20.30.2/16,20
20201019160941,10.20.30.2/16,2
20201019160942,10.20.30.1/16,-
20201019160943,192.168.1.2/24,6
20201019160944,10.77.1.2/24,-
20201019160945,10.77.1.2/24,9
20201019160947,192.168.1.1/24,61
20201019160949,10.20.30.1/16,1
20201019160950,10.20.30.1/16,1
20201019160951,10.20.30.2/16,7
20201019160952,10.77.1.1/24,4
20201019160953,10.20.30.1/16,-
20201019160954,10.20.30.2/16,-
20201019160955,192.168.1.1/24,8
20201019160956,10.20.30.2/16,50
20201019160957,10.20.30.2/16,-
20201019160958,10.20.30.1/16,-
20201019160959,192.168.1.1/24,91
20201019161000,192.168.1.1/24,3
20201019161001,10.20.30.1/16,99
20201019161003,10.77.1.1/24,-
20201019161005,192.168.1.2/24,3
20201019161006,10.20.30.2/16,4
20201019161007,10.77.1.2/24,-
20201019161008,10.77.1.1/24,3
20201019161009,192.168.1.1/24,4
20201019161010,192.168.1.1/24,-
20201019161011,192.168.1.1/24,6
20201019161012,10.77.1.1/24,-
20201019161013,10.77.1.1/24,13
20201019161015,10.20.30.2/16,53
20201019161016,10.77.1.2/24,9
20201019161017,10.20.30.1/16,37
20201019161018,192.168.1.1/24,10
20201019161019,192.168.1.1/24,-
20201019161020,10.77.1.1/24,7
20201019161022,10.77.1.2/24,-
20201019161023,10.77.1.1/24,8
20201019161024,192.168.1.1/24,7
20201019161025,192.168.1.2/24,-
20201019161026,192.168.1.1/24,1
20201019161027,10.20.30.1/16,2
20201019161029,192.168.1.2/24,7
20201019161030,192.168.1.2/24,85
20201019161031,192.168.1.1/24,3
20201019161033,10.77.1.2/24,3
20201019161034,10.20.30.1/16,1
20201019161036,10.20.30.1/16,8
20201019161037,10.20.30.1/16,7
20201019161038,192.168.1.2/24,28
20201019161039,10.77.1.1/24,1
20201019161040,192.168.1.2/24,5
20201019161041,192.168.1.2/24,52
20201019161042,10.77.1.2/24,6
20201019161043,192.168.1.2/24,-
20201019161044,192.168.1.2/24,1
20201019161045,10.77.1.2/24,6
20201019161046,192.168.1.1/24,-
20201019161047,192.168.1.1/24,30
20201019161048,10.77.1.1/24,9
20201019161049,192.168.1.1/24,2
20201019161050,10.77.1.1/24,1
20201019161051,10.20.30.2/16,7
20201019161052,192.168.1.1/24,9
20201019161054,192.168.1.1/24,3
20201019161056,10.77.1.2/24,7
20201019161057,10.20.30.2/16,4
20201019161058,192.168.1.2/24,6
20201019161059,192.168.1.1/24,1
20201019161100,192.168.1.2/24,73
20201019161101,10.20.30.1/16,4
20201019161103,10.77.1.1/24,-
20201019161104,10.20.30.1/16,-
20201019161105,192.168.1.1/24,-
20201019161106,192.168.1.2/24,-
20201019161107,10.20.30.1/16,6
20201019161108,192.168.1.2/24,3
20201019161109,10.20.30.2/16,6
20201019161111,10.20.30.1/16,3
20201019161112,10.77.1.1/24,5
20201019161113,10.77.1.1/24,-
20201019161114,10.77.1.1/24,-
20201019161115,10.20.30.1/16,8
20201019161117,10.20.30.1/16,7
20201019161119,10.20.30.2/16,2
20201019161121,192.168.1.1/24,2
20201019161122,10.20.30.2/16,-
20201019161123,10.77.1.1/24,-
20201019161124,10.77.1.2/24,9
20201019161125,10.77.1.1/24,-
20201019161126,10.77.1.1/24,8
20201019161127,10.20.30.1/16,56
20201019161128,192.168.1.1/24,84
20201019161129,10.20.30.2/16,5
20201019161130,10.20.30.2/16,-
20201019161132,192.168.1.1/24,-
20201019161133,192.168.1.1/24,6
20201019161134,192.168.1.2/24,-
20201019161135,192.168.1.1/24,93
20201019161136,10.77.1.1/24,9
20201019161137,10.77.1.1/24,7
20201019161138,10.20.30.1/16,55
20201019161139,10.77.1.2/24,6
20201019161140,10.77.1.2/24,32
20201019161141,10.20.30.2/16,1
20201019161142,10.20.30.2/16,8
20201019161144,10.77.1.1/24,3
20201019161145,10.77.1.2/24,3
20201019161147,192.168.1.2/24,19
20201019161148,10.20.30.1/16,38
20201019161149,10.77.1.1/24,4
20201019161151,10.77.1.2/24,-
20201019161152,192.168.1.1/24,43
20201019161153,10.77.1.1/24,9
20201019161155,192.168.1.1/24,6
20201019161156,10.77.1.2/24,9
20201019161157,192.168.1.2/24,9
20201019161158,192.168.1.2/24,3
20201019161159,10.20.30.2/16,-
20201019161201,192.168.1.2/24,5
20201019161202,192.168.1.2/24,85
20201019161203,10.77.1.1/24,-
20201019161204,10.77.1.2/24,-
20201019161205,10.77.1.1/24,20
20201019161207,192.168.1.2/24,33
20201019161209,192.168.1.1/24,-
20201019161210,10.20.30.1/16,3
20201019161211,10.20.30.1/16,3
20201019161213,192.168.1.2/24,9
20201019161214,10.77.1.2/24,5
20201019161215,10.20.30.2/16,-
20201019161216,10.20.30.2/16,4
20201019161218,192.168.1.1/24,64
20201019161219,10.77.1.2/24,3
20201019161221,192.168.1.2/24,-
20201019161222,192.168.1.1/24,-
20201019161224,192.168.1.1/24,9
20201019161226,10.20.30.1/16,1
20201019161228,10.77.1.2/24,6
20201019161230,10.77.1.1/24,9
20201019161231,10.77.1.2/24,-
20201019161233,10.20.30.2/16,4
20201019161235,192.168.1.1/24,-
20201019161236,10.77.1.1/24,-
20201019161237,192.168.1.1/24,8
20201019161238,192.168.1.1/24,25
20201019161239,192.168.1.2/24,33
20201019161240,192.168.1.1/24,-
20201019161241,10.77.1.2/24,7
20201019161242,10.77.1.1/24,9
20201019161243,10.20.30.2/16,6
20201019161244,10.20.30.2/16,6
20201019161245,192.168.1.2/24,3
20201019161246,192.168.1.2/24,7
20201019161248,10.77.1.1/24,7
20201019161249,10.77.1.1/24,6
20201019161250,192.168.1.1/24,-
20201019161252,192.168.1.2/24,9
20201019161253,192.168.1.1/24,9
20201019161254,10.20.30.2/16,6
20201019161256,192.168.1.1/24,9
20201019161257,192.168.1.2/24,60
20201019161258,10.77.1.1/24,56
20201019161259,192.168.1.2/24,3
20201019161300,10.20.30.2/16,8
20201019161301,10.20.30.2/16,-
20201019161303,192.168.1.2/24,3
20201019161305,192.168.1.2/24,9
20201019161306,10.77.1.1/24,6
20201019161307,192.168.1.2/24,-
20201019161308,192.168.1.1/24,35
20201019161309,192.168.1.2/24,5
20201019161310,10.20.30.1/16,5
20201019161311,192.168.1.2/24,46
20201019161313,10.20.30.1/16,-
20201019161314,10.20.30.2/16,5
20201019161315,10.20.30.2/16,-
20201019161316,192.168.1.2/24,3
20201019161317,10.77.1.1/24,38
20201019161318,192.168.1.1/24,0
20201019161319,10.77.1.2/24,5
20201019161320,10.77.1.1/24,4
20201019161321,10.77.1.2/24,3
20201019161322,10.20.30.2/16,9
20201019161323,10.20.30.1/16,96
20201019161325,10.20.30.2/16,-
20201019161327,192.168.1.2/24,8
20201019161328,192.168.1.1/24,-
20201019161329,10.77.1.2/24,7
20201019161331,10.77.1.1/24,6
20201019161332,10.77.1.1/24,5
20201019161334,10.77.1.1/24,20
20201019161335,192.168.1.1/24,8
20201019161337,192.168.1.2/24,5
20201019161338,192.168.1.1/24,2
20201019161339,10.77.1.2/24,4
20201019161341,10.20.30.2/16,-
20201019161343,192.168.1.2/24,-
20201019161344,192.168.1.2/24,-
20201019161346,192.168.1.1/24,-
20201019161348,10.77.1.1/24,-
20201019161349,10.20.30.2/16,2
20201019161351,10.77.1.1/24,8
20201019161352,10.20.30.1/16,4
20201019161353,10.20.30.1/16,-
20201019161354,10.77.1.2/24,3
20201019161355,192.168.1.1/24,71
20201019161356,10.77.1.1/24,4
20201019161357,192.168.1.2/24,20
20201019161358,10.20.30.1/16,-
20201019161359,192.168.1.2/24,8
20201019161401,10.77.1.2/24,-
20201019161402,10.77.1.2/24,8
20201019161404,10.20.30.2/16,9
20201019161405,10.77.1.1/24,-
20201019161406,10.77.1.1/24,9
20201019161407,192.168.1.2/24,17
20201019161408,192.168.1.2/24,53
20201019161409,10.77.1.2/24,53
20201019161410,192.168.1.1/24,41
20201019161411,192.168.1.2/24,9
20201019161412,10.77.1.1/24,99
20201019161413,10.77.1.1/24,1
20201019161414,192.168.1.2/24,-
20201019161415,10.20.30.2/16,6
20201019161416,10.20.30.2/16,2
20201019161417,192.168.1.2/24,4
20201019161418,192.168.1.1/24,6
20201019161419,10.20.30.2/16,8
20201019161420,10.20.30.1/16,6
20201019161422,192.168.1.2/24,24
20201019161423,192.168.1.1/24,1
20201019161424,10.77.1.2/24,4
20201019161426,10.77.1.2/24,30
20201019161427,10.77.1.1/24,4
20201019161429,10.77.1.2/24,6
20201019161430,10.20.30.2/16,8
20201019161431,192.168.1.1/24,9
20201019161432,10.20.30.1/16,-
20201019161433,10.20.30.1/16,33
20201019161434,192.168.1.1/24,9
20201019161435,10.77.1.1/24,-
20201019161436,10.20.30.2/16,6
20201019161438,10.20.30.2/16,7
20201019161439,192.168.1.1/24,85
20201019161440,10.20.30.2/16,-
20201019161442,10.20.30.1/16,1
20201019161443,10.20.30.1/16,2
20201019161444,10.20.30.2/16,6
20201019161445,10.77.1.1/24,-
20201019161447,10.77.1.2/24,5
20201019161448,10.77.1.2/24,-
20201019161450,192.168.1.2/24,7
20201019161451,192.168.1.1/24,7
20201019161453,10.77.1.2/24,7
20201019161454,192.168.1.1/24,6
20201019161455,192.168.1.2/24,9
20201019161456,192.168.1.2/24,5
20201019161457,10.20.30.2/16,-
20201019161458,10.20.30.1/16,3
20201019161459,10.20.30.2/16,-
20201019161500,10.20.30.2/16,8
20201019161501,192.168.1.2/24,9
20201019161502,10.77.1.2/24,-
20201019161503,10.77.1.2/24,-
20201019161504,10.20.30.1/16,4
20201019161506,192.168.1.1/24,4
20201019161507,10.20.30.2/16,-
20201019161508,192.168.1.2/24,6
20201019161509,10.77.1.2/24,-
20201019161511,10.20.30.1/16,-
20201019161512,10.77.1.1/24,9
20201019161513,10.20.30.1/16,9
20201019161514,10.77.1.2/24,23
20201019161515,10.20.30.2/16,47
20201019161516,192.168.1.1/24,6
20201019161518,10.20.30.1/16,-
20201019161519,192.168.1.1/24,-
20201019161521,192.168.1.2/24,-
20201019161522,10.20.30.2/16,1
20201019161523,10.20.30.1/16,11
20201019161524,192.168.1.1/24,8
20201019161525,10.20.30.2/16,47
20201019161526,192.168.1.1/24,-
20201019161527,10.77.1.2/24,1
20201019161528,192.168.1.1/24,-
20201019161530,192.168.1.2/24,2
20201019161531,10.77.1.2/24,2
20201019161532,10.20.30.2/16,2
20201019161534,10.77.1.1/24,5
20201019161535,10.77.1.2/24,9
20201019161536,192.168.1.1/24,-
20201019161538,192.168.1.1/24,77
20201019161539,10.20.30.1/16,8
20201019161540,10.20.30.1/16,7
20201019161541,192.168.1.2/24,3
20201019161542,10.20.30.1/16,-
20201019161543,10.20.30.1/16,7
20201019161544,10.20.30.2/16,6
20201019161545,192.168.1.1/24,3
20201019161546,10.77.1.1/24,78
20201019161548,192.168.1.2/24,8
20201019161549,10.20.30.2/16,7
20201019161550,192.168.1.1/24,-
20201019161552,10.77.1.2/24,5
20201019161553,192.168.1.1/24,49
20201019161554,10.77.1.2/24,9
20201019161555,10.77.1.2/24,5
20201019161556,10.20.30.1/16,5
20201019161557,192.168.1.2/24,2
20201019161558,10.20.30.1/16,11
20201019161559,10.77.1.1/24,6
20201019161600,192.168.1.2/24,10
20201019161601,10.77.1.2/24,-
20201019161602,10.77.1.1/24,1
20201019161604,10.77.1.2/24,-
20201019161605,10.20.30.1/16,5
20201019161607,10.20.30.2/16,91
20201019161608,192.168.1.2/24,-
20201019161609,192.168.1.1/24,11
20201019161610,10.77.1.2/24,68
20201019161612,192.168.1.1/24,69
20201019161613,10.20.30.2/16,36
20201019161614,192.168.1.2/24,24
20201019161615,10.77.1.2/24,34
20201019161616,192.168.1.2/24,8
20201019161617,10.77.1.1/24,6
20201019161618,192.168.1.1/24,46
20201019161620,10.77.1.1/24,18
20201019161621,10.77.1.2/24,63
20201019161623,10.20.30.1/16,8
20201019161624,10.77.1.1/24,8
20201019161626,10.20.30.1/16,2
20201019161627,10.77.1.1/24,-
20201019161628,10.77.1.1/24,4
20201019161629,10.77.1.1/24,-
20201019161630,10.77.1.2/24,46
20201019161631,192.168.1.2/24,9
20201019161632,10.77.1.2/24,-
20201019161633,192.168.1.2/24,47
20201019161634,10.77.1.1/24,-
20201019161635,192.168.1.1/24,5
20201019161637,10.20.30.2/16,21
20201019161639,10.77.1.1/24,5
20201019161640,10.77.1.1/24,5
20201019161641,10.77.1.1/24,4
20201019161642,10.20.30.2/16,48
20201019161643,10.77.1.1/24,-
20201019161644,10.77.1.2/24,5
20201019161645,192.168.1.1/24,-
20201019161647,192.168.1.2/24,5
20201019161648,10.77.1.1/24,5
20201019161649,10.77.1.1/24,4
20201019161650,10.77.1.2/24,-
20201019161651,10.20.30.1/16,7
20201019161653,10.20.30.1/16,91
20201019161654,10.77.1.1/24,-
20201019161655,10.20.30.1/16,-
20201019161656,192.168.1.2/24,-
20201019161657,10.20.30.1/16,6
20201019161659,10.77.1.2/24,-
20201019161701,10.77.1.1/24,-
20201019161702,10.20.30.2/16,81
20201019161703,10.77.1.1/24,4
20201019161704,192.168.1.1/24,-
20201019161705,192.168.1.2/24,-
20201019161706,10.20.30.1/16,4
20201019161707,192.168.1.2/24,14
20201019161708,10.20.30.2/16,3
20201019161710,10.20.30.2/16,9
20201019161711,10.77.1.2/24,9
20201019161712,192.168.1.1/24,-
20201019161714,192.168.1.1/24,-
20201019161715,10.77.1.2/24,6
20201019161716,10.77.1.1/24,9
20201019161717,192.168.1.2/24,4
20201019161718,10.20.30.1/16,3
20201019161719,10.77.1.2/24,5
20201019161721,10.77.1.1/24,3
20201019161722,192.168.1.1/24,11
20201019161723,10.77.1.1/24,55
20201019161725,10.20.30.2/16,7
20201019161726,10.20.30.2/16,-
20201019161727,10.77.1.2/24,2
20201019161728,10.20.30.2/16,1
20201019161729,10.77.1.2/24,6
20201019161730,10.77.1.1/24,-
20201019161731,192.168.1.2/24,2
20201019161733,10.20.30.2/16,6
20201019161735,10.77.1.1/24,4
20201019161736,10.77.1.1/24,7
20201019161738,10.20.30.2/16,7
20201019161739,10.20.30.1/16,-
20201019161740,192.168.1.1/24,9
20201019161741,10.77.1.2/24,1
20201019161743,10.20.30.1/16,1
20201019161744,10.77.1.1/24,6
20201019161745,192.168.1.2/24,1
20201019161747,192.168.1.1/24,5
20201019161748,192.168.1.1/24,39
20201019161749,10.77.1.1/24,7
20201019161750,192.168.1.2/24,8
20201019161751,10.20.30.1/16,9
20201019161752,10.77.1.1/24,7
20201019161754,192.168.1.2/24,-
20201019161755,192.168.1.2/24,51
20201019161756,192.168.1.2/24,-
20201019161757,10.77.1.1/24,3
20201019161758,10.20.30.2/16,3
20201019161759,10.77.1.1/24,6
20201019161800,10.20.30.2/16,4
20201019161801,10.77.1.1/24,-
20201019161803,10.20.30.2/16,-
20201019161804,192.168.1.2/24,9
20201019161805,192.168.1.2/24,-
20201019161807,10.77.1.1/24,2
20201019161808,192.168.1.2/24,3
20201019161809,192.168.1.1/24,-
20201019161811,10.20.30.1/16,4
20201019161813,10.77.1.2/24,73
20201019161814,192.168.1.1/24,1
20201019161815,10.77.1.1/24,64
20201019161817,10.20.30.2/16,21
20201019161818,10.20.30.1/16,-
20201019161819,10.20.30.1/16,18
20201019161820,10.20.30.2/16,9
20201019161821,192.168.1.1/24,-
20201019161822,192.168.1.2/24,3
20201019161823,10.20.30.2/16,97
20201019161824,10.20.30.1/16,-
20201019161825,10.20.30.2/16,-
20201019161826,10.77.1.2/24,-
20201019161827,192.168.1.1/24,-
20201019161829,10.20.30.2/16,5
20201019161831,10.77.1.1/24,35
20201019161832,10.20.30.2/16,-
20201019161833,10.20.30.2/16,-
20201019161835,10.77.1.1/24,2
20201019161836,192.168.1.2/24,64
20201019161837,10.77.1.2/24,-
20201019161838,192.168.1.2/24,73
20201019161839,192.168.1.1/24,8
20201019161840,192.168.1.2/24,6
20201019161841,192.168.1.2/24,-
20201019161842,10.77.1.2/24,-
20201019161843,192.168.1.2/24,87
20201019161844,10.20.30.1/16,4
20201019161845,10.20.30.1/16,-
20201019161847,10.77.1.2/24,2
20201019161849,10.77.1.2/24,16
20201019161850,192.168.1.2/24,-
20201019161851,10.77.1.1/24,60
20201019161852,192.168.1.2/24,4
20201019161854,10.77.1.2/24,20
20201019161855,10.77.1.1/24,-
20201019161857,192.168.1.1/24,4
20201019161858,10.77.1.2/24,-
20201019161900,10.20.30.2/16,36
20201019161901,10.77.1.2/24,-
20201019161902,10.20.30.1/16,2
20201019161903,192.168.1.2/24,-
20201019161904,10.20.30.1/16,9
20201019161905,10.77.1.1/24,2
20201019161907,192.168.1.1/24,7
20201019161908,10.20.30.2/16,69
20201019161909,10.77.1.1/24,-
20201019161910,10.20.30.2/16,-
20201019161911,10.20.30.2/16,3
20201019161912,192.168.1.1/24,8
20201019161913,192.168.1.1/24,-
20201019161915,192.168.1.2/24,58
20201019161916,192.168.1.2/24,-
20201019161917,192.168.1.2/24,1
20201019161918,10.20.30.2/16,3
20201019161919,192.168.1.2/24,-
20201019161921,10.77.1.2/24,2
20201019161922,10.20.30.1/16,34
20201019161923,192.168.1.2/24,3
20201019161924,10.77.1.1/24,-
20201019161926,10.77.1.1/24,6
20201019161927,10.77.1.2/24,31
20201019161928,192.168.1.1/24,37
20201019161929,10.77.1.2/24,1
20201019161930,10.77.1.1/24,4
20201019161932,10.20.30.1/16,17
20201019161934,10.20.30.1/16,21
20201019161935,192.168.1.1/24,8
20201019161936,10.20.30.2/16,1
20201019161937,10.20.30.2/16,4
20201019161938,192.168.1.1/24,64
20201019161940,10.20.30.1/16,3
20201019161941,192.168.1.1/24,6
20201019161942,192.168.1.2/24,10
20201019161943,10.77.1.2/24,6
20201019161944,10.77.1.1/24,3
20201019161946,192.168.1.1/24,-
20201019161947,192.168.1.2/24,57
20201019161948,192.168.1.1/24,2
20201019161949,10.20.30.1/16,3
20201019161950,10.20.30.2/16,2
20201019161952,10.77.1.2/24,10
20201019161953,10.77.1.1/24,51
20201019161954,10.20.30.2/16,10
20201019161955,192.168.1.1/24,41
20201019161956,10.20.30.1/16,8
20201019161958,192.168.1.2/24,-
20201019161959,10.20.30.2/16,9
20201019162000,10.77.1.1/24,2
20201019162002,192.168.1.2/24,96
20201019162004,10.20.30.2/16,2
20201019162006,192.168.1.2/24,-
20201019162007,192.168.1.1/24,4
20201019162008,192.168.1.2/24,-
20201019162010,192.168.1.1/24,49
20201019162011,10.77.1.2/24,-
20201019162012,10.20.30.1/16,38
20201019162013,10.20.30.1/16,2
20201019162014,10.20.30.2/16,5
20201019162016,10.20.30.2/16,8
20201019162017,10.20.30.1/16,2
20201019162018,10.20.30.2/16,3
20201019162019,10.20.30.1/16,-
20201019162020,10.20.30.1/16,-
20201019162021,10.77.1.1/24,3
20201019162022,192.168.1.2/24,5
20201019162024,10.20.30.1/16,4
20201019162026,10.20.30.1/16,6
20201019162027,10.77.1.2/24,12
20201019162028,192.168.1.2/24,-
20201019162029,10.20.30.1/16,-
20201019162031,192.168.1.2/24,86
20201019162032,192.168.1.1/24,-
20201019162033,192.168.1.2/24,3
20201019162034,192.168.1.1/24,1
20201019162036,192.168.1.2/24,1
20201019162037,10.20.30.2/16,7
20201019162038,10.20.30.1/16,5
20201019162039,10.77.1.1/24,4
20201019162040,10.77.1.2/24,6
20201019162041,10.20.30.2/16,-
20201019162042,192.168.1.1/24,5
20201019162043,192.168.1.2/24,7
20201019162044,192.168.1.1/24,1
20201019162045,10.20.30.1/16,20
20201019162046,192.168.1.2/24,-
20201019162047,192.168.1.2/24,96
20201019162048,192.168.1.2/24,4
20201019162049,10.77.1.1/24,1
20201019162050,192.168.1.1/24,2
20201019162052,10.20.30.1/16,6
20201019162053,192.168.1.1/24,2
20201019162054,10.77.1.1/24,10
20201019162055,192.168.1.1/24,6
20201019162056,192.168.1.1/24,8
20201019162057,192.168.1.2/24,1
20201019162058,192.168.1.2/24,10
20201019162100,10.77.1.2/24,7
20201019162101,10.77.1.2/24,2
20201019162103,10.77.1.2/24,1
20201019162104,192.168.1.1/24,36
20201019162105,192.168.1.1/24,-
20201019162106,192.168.1.1/24,56
20201019162108,10.77.1.2/24,11
20201019162109,192.168.1.1/24,2
20201019162111,192.168.1.1/24,56
20201019162112,10.20.30.1/16,15
20201019162114,192.168.1.2/24,2
20201019162116,10.20.30.2/16,12
20201019162117,10.20.30.1/16,60
20201019162118,192.168.1.1/24,78
20201019162119,10.20.30.1/16,-
20201019162120,10.77.1.1/24,5
20201019162121,10.77.1.2/24,13
20201019162122,10.77.1.1/24,23
20201019162123,10.20.30.1/16,9
20201019162124,10.77.1.1/24,7
20201019162125,10.20.30.2/16,6
20201019162127,192.168.1.2/24,12
20201019162128,10.77.1.1/24,24
20201019162129,10.20.30.1/16,44
20201019162130,10.20.30.1/16,74
20201019162132,10.77.1.2/24,3
20201019162133,192.168.1.1/24,4
20201019162134,10.20.30.2/16,4
20201019162135,10.77.1.2/24,4
20201019162137,192.168.1.2/24,10
20201019162138,10.20.30.2/16,1
20201019162139,10.20.30.2/16,29
20201019162140,10.20.30.2/16,-
20201019162142,192.168.1.1/24,7
20201019162143,10.20.30.2/16,7
20201019162144,10.20.30.2/16,8
20201019162145,10.77.1.1/24,8
20201019162146,10.20.30.1/16,3
20201019162147,10.77.1.2/24,-
20201019162148,10.77.1.1/24,82
20201019162149,192.168.1.2/24,-
20201019162150,10.20.30.2/16,-
20201019162151,10.20.30.2/16,99
20201019162153,192.168.1.2/24,-
20201019162154,10.20.30.2/16,-
20201019162156,192.168.1.1/24,3
20201019162157,10.20.30.1/16,29
20201019162158,192.168.1.1/24,3
20201019162200,10.20.30.1/16,78
20201019162202,10.20.30.1/16,26
20201019162203,192.168.1.1/24,-
20201019162204,192.168.1.1/24,6
20201019162205,10.77.1.2/24,4
20201019162206,10.77.1.2/24,3
20201019162207,192.168.1.1/24,-
20201019162208,10.20.30.1/16,7
20201019162209,192.168.1.2/24,3
20201019162210,10.20.30.1/16,3
20201019162211,192.168.1.1/24,-
20201019162213,192.168.1.1/24,11
20201019162214,192.168.1.1/24,48
20201019162215,192.168.1.2/24,31
20201019162216,10.77.1.2/24,1
20201019162217,10.77.1.2/24,7
20201019162218,192.168.1.2/24,37
20201019162219,10.77.1.1/24,-
20201019162220,192.168.1.1/24,9
20201019162222,192.168.1.1/24,99
20201019162223,10.20.30.2/16,7
20201019162225,10.77.1.1/24,4
20201019162226,192.168.1.1/24,-
20201019162227,10.20.30.1/16,3
20201019162228,10.77.1.1/24,2
20201019162229,192.168.1.1/24,9
20201019162230,10.77.1.1/24,-
20201019162231,10.20.30.2/16,8
20201019162232,10.20.30.2/16,81
20201019162233,10.77.1.1/24,-
20201019162234,192.168.1.2/24,5
20201019162235,10.20.30.1/16,2
20201019162236,10.20.30.2/16,-
20201019162237,10.20.30.2/16,6
20201019162238,10.77.1.2/24,7
20201019162239,10.20.30.2/16,87
20201019162240,192.168.1.1/24,8
20201019162241,10.20.30.2/16,8
20201019162242,10.77.1.2/24,71
20201019162243,10.77.1.1/24,31
20201019162244,10.20.30.2/16,-
20201019162245,10.77.1.1/24,-
20201019162246,192.168.1.2/24,39
20201019162247,192.168.1.1/24,9
20201019162248,10.77.1.1/24,9
20201019162249,192.168.1.1/24,3
20201019162250,192.168.1.1/24,-
20201019162251,10.77.1.2/24,5
20201019162253,10.20.30.1/16,-
20201019162254,10.77.1.2/24,32
20201019162255,10.20.30.2/16,60
20201019162256,192.168.1.2/24,-
20201019162257,10.77.1.1/24,22
20201019162259,192.168.1.1/24,5
20201019162301,10.77.1.1/24,9
20201019162303,192.168.1.2/24,3
20201019162305,10.77.1.2/24,5
20201019162306,10.77.1.2/24,5
20201019162307,192.168.1.2/24,-
20201019162308,192.168.1.1/24,1
20201019162309,192.168.1.2/24,-
20201019162311,192.168.1.1/24,22
20201019162312,10.20.30.1/16,-
20201019162313,10.20.30.1/16,6
20201019162314,10.20.30.2/16,4
20201019162315,192.168.1.1/24,9
20201019162316,10.77.1.2/24,-
20201019162317,10.77.1.1/24,-
20201019162318,10.77.1.2/24,3
20201019162320,192.168.1.1/24,2
20201019162321,10.77.1.2/24,51
20201019162322,10.20.30.1/16,7
20201019162323,192.168.1.1/24,67
20201019162324,10.77.1.2/24,10
20201019162325,10.20.30.1/16,20
20201019162326,10.77.1.1/24,69
20201019162328,10.20.30.2/16,4
20201019162329,10.20.30.2/16,2
20201019162330,192.168.1.1/24,2
20201019162331,10.77.1.1/24,-
20201019162332,192.168.1.1/24,-
20201019162333,10.77.1.1/24,12
20201019162334,10.77.1.2/24,5
20201019162335,10.20.30.1/16,9
20201019162337,10.77.1.1/24,5
20201019162338,192.168.1.1/24,5
20201019162339,10.20.30.2/16,6
20201019162340,10.20.30.2/16,-
20201019162341,10.20.30.1/16,13
20201019162342,10.20.30.2/16,-
20201019162343,192.168.1.1/24,-
20201019162344,192.168.1.2/24,-
20201019162345,10.20.30.1/16,9
20201019162346,192.168.1.1/24,3
20201019162347,10.77.1.2/24,4
20201019162348,10.20.30.2/16,-
20201019162349,10.77.1.1/24,-
20201019162350,192.168.1.1/24,7
20201019162352,10.20.30.2/16,7
20201019162354,10.20.30.1/16,14
20201019162356,192.168.1.2/24,-
20201019162358,10.77.1.2/24,6
20201019162359,192.168.1.2/24,-
20201019162400,192.168.1.1/24,6
20201019162401,192.168.1.2/24,7
20201019162402,192.168.1.2/24,7
20201019162404,192.168.1.2/24,4
20201019162405,10.77.1.2/24,72
20201019162407,10.20.30.1/16,53
20201019162408,10.20.30.2/16,-
20201019162409,10.77.1.1/24,12
20201019162410,10.20.30.1/16,1
20201019162411,10.20.30.2/16,33
20201019162412,10.77.1.2/24,60
20201019162414,192.168.1.1/24,-
20201019162416,10.77.1.2/24,9
20201019162418,10.77.1.1/24,1
20201019162420,192.168.1.2/24,5
20201019162421,10.77.1.2/24,80
20201019162422,192.168.1.2/24,-
20201019162424,10.20.30.1/16,69
20201019162425,10.20.30.2/16,1
20201019162426,192.168.1.2/24,5
20201019162427,10.20.30.2/16,66
20201019162428,10.20.30.2/16,7
20201019162429,192.168.1.1/24,-
20201019162430,192.168.1.2/24,50
20201019162432,192.168.1.1/24,8
20201019162433,10.20.30.1/16,83
20201019162434,192.168.1.2/24,65
20201019162435,10.20.30.1/16,9
20201019162436,192.168.1.1/24,-
20201019162437,10.77.1.2/24,4
20201019162438,192.168.1.2/24,-
20201019162439,192.168.1.1/24,9
20201019162440,10.77.1.2/24,4
20201019162441,192.168.1.2/24,-
20201019162442,10.77.1.2/24,2
20201019162444,192.168.1.1/24,29
20201019162445,10.77.1.2/24,-
20201019162446,10.77.1.2/24,-
20201019162447,10.77.1.1/24,6
20201019162448,10.20.30.1/16,55
20201019162449,192.168.1.2/24,4
20201019162451,192.168.1.1/24,-
20201019162453,10.77.1.2/24,4
20201019162454,10.77.1.1/24,-
20201019162455,192.168.1.2/24,-
20201019162456,10.20.30.1/16,15
20201019162457,192.168.1.2/24,5
20201019162458,10.77.1.2/24,5
20201019162459,10.77.1.2/24,19
20201019162501,10.77.1.2/24,1
20201019162502,10.77.1.1/24,1
20201019162504,192.168.1.2/24,7
20201019162505,10.20.30.1/16,2
20201019162506,10.77.1.1/24,7
20201019162507,10.20.30.1/16,-
20201019162509,192.168.1.1/24,4
20201019162510,192.168.1.1/24,19
20201019162511,10.77.1.1/24,1
20201019162512,192.168.1.1/24,9
20201019162514,10.20.30.2/16,79
20201019162516,192.168.1.2/24,-
20201019162517,10.20.30.1/16,17
20201019162518,10.20.30.1/16,6
20201019162520,10.20.30.2/16,-
20201019162521,10.20.30.2/16,-
20201019162522,10.20.30.2/16,73
20201019162523,10.20.30.1/16,7
20201019162524,10.20.30.1/16,4
20201019162525,10.20.30.1/16,8
20201019162526,10.20.30.2/16,-
20201019162527,192.168.1.1/24,-
20201019162529,10.20.30.1/16,-
20201019162530,10.20.30.1/16,9
20201019162532,10.77.1.1/24,2
20201019162533,10.20.30.2/16,6
20201019162534,192.168.1.2/24,2
20201019162535,192.168.1.2/24,-
20201019162536,10.20.30.2/16,8
20201019162537,10.20.30.2/16,1
20201019162539,10.77.1.2/24,17
20201019162540,192.168.1.2/24,2
20201019162541,192.168.1.1/24,4
20201019162542,10.20.30.2/16,-
20201019162543,10.20.30.2/16,-
20201019162544,10.20.30.1/16,-
20201019162545,10.20.30.2/16,-
20201019162546,192.168.1.2/24,-
20201019162547,10.77.1.1/24,9
20201019162548,10.20.30.1/16,7
20201019162549,10.20.30.1/16,2
20201019162551,192.168.1.1/24,9
20201019162553,192.168.1.1/24,-
20201019162554,10.77.1.2/24,-
20201019162555,10.20.30.1/16,62
20201019162556,192.168.1.2/24,-
20201019162558,192.168.1.1/24,1
20201019162559,10.77.1.2/24,55
20201019162600,10.20.30.1/16,69
20201019162601,10.77.1.2/24,99
20201019162602,10.77.1.1/24,3
20201019162603,10.77.1.2/24,-
20201019162605,10.20.30.2/16,8
20201019162606,10.20.30.1/16,7
20201019162607,192.168.1.2/24,51
20201019162608,10.77.1.2/24,4
20201019162609,192.168.1.1/24,98
20201019162610,10.77.1.1/24,9
20201019162612,192.168.1.2/24,9
20201019162613,192.168.1.2/24,2
20201019162614,10.77.1.2/24,7
20201019162616,10.77.1.2/24,8
20201019162617,10.77.1.1/24,53
20201019162618,10.20.30.2/16,8
20201019162620,10.77.1.2/24,47
20201019162621,10.77.1.1/24,3
20201019162622,192.168.1.1/24,58
20201019162623,10.77.1.1/24,1
20201019162625,192.168.1.2/24,67
20201019162626,10.20.30.1/16,-
20201019162627,192.168.1.2/24,12
20201019162629,192.168.1.2/24,-
20201019162631,10.20.30.2/16,5
20201019162632,192.168.1.1/24,5
20201019162633,10.77.1.2/24,9
20201019162635,10.77.1.2/24,2
20201019162637,10.20.30.1/16,30
20201019162638,192.168.1.2/24,-
20201019162639,10.20.30.2/16,30
20201019162640,10.77.1.2/24,8
20201019162641,192.168.1.2/24,67
20201019162642,10.20.30.2/16,37
20201019162644,10.77.1.1/24,-
20201019162645,192.168.1.1/24,2
20201019162646,10.20.30.1/16,6
20201019162647,10.77.1.2/24,8
20201019162648,10.77.1.2/24,9
20201019162649,10.20.30.1/16,1
20201019162650,192.168.1.1/24,-
20201019162651,10.77.1.1/24,69
20201019162652,192.168.1.2/24,11
20201019162653,192.168.1.2/24,-
20201019162654,10.20.30.2/16,-
20201019162656,10.20.30.1/16,6
20201019162658,10.20.30.2/16,72
20201019162700,10.77.1.1/24,-
20201019162702,192.168.1.2/24,-
20201019162703,10.20.30.2/16,7
20201019162704,10.77.1.1/24,4
20201019162705,192.168.1.2/24,1
20201019162706,10.77.1.1/24,9
20201019162707,192.168.1.2/24,5
20201019162708,192.168.1.2/24,1
20201019162710,10.20.30.1/16,-
20201019162712,10.77.1.2/24,7
20201019162714,10.77.1.1/24,4
20201019162715,192.168.1.1/24,9
20201019162716,10.20.30.2/16,2
20201019162717,192.168.1.2/24,-
20201019162718,10.77.1.1/24,8
20201019162720,10.20.30.2/16,67
20201019162721,10.20.30.1/16,-
20201019162722,10.77.1.2/24,6
20201019162723,10.20.30.2/16,9
20201019162724,10.77.1.1/24,75
20201019162726,10.20.30.1/16,-
20201019162727,10.20.30.2/16,55
20201019162728,10.77.1.2/24,-
20201019162729,192.168.1.1/24,-
20201019162730,192.168.1.2/24,19
20201019162732,192.168.1.2/24,9
20201019162733,10.20.30.2/16,4
20201019162734,10.77.1.2/24,-
20201019162735,10.77.1.2/24,7
20201019162736,10.77.1.1/24,-
20201019162738,192.168.1.2/24,8
20201019162739,10.20.30.2/16,3
20201019162741,10.77.1.2/24,-
20201019162742,10.77.1.2/24,3
20201019162743,192.168.1.1/24,1
20201019162745,192.168.1.2/24,5
20201019162747,192.168.1.2/24,11
20201019162749,192.168.1.2/24,43
20201019162750,10.20.30.2/16,-
20201019162751,10.77.1.1/24,3
20201019162752,10.77.1.1/24,-
20201019162753,192.168.1.2/24,6
20201019162754,10.77.1.1/24,-
20201019162756,10.20.30.2/16,7
20201019162758,10.77.1.1/24,7
20201019162759,10.77.1.2/24,2
20201019162801,10.20.30.1/16,-
20201019162802,10.77.1.2/24,8
20201019162804,10.20.30.1/16,4
20201019162805,192.168.1.2/24,8
20201019162807,10.20.30.1/16,6
20201019162809,10.77.1.1/24,-
20201019162810,10.20.30.1/16,4
20201019162811,192.168.1.1/24,-
20201019162812,10.77.1.2/24,3
20201019162814,10.77.1.1/24,7
20201019162815,10.77.1.2/24,-
20201019162816,192.168.1.1/24,-
20201019162817,10.77.1.2/24,-
20201019162819,10.20.30.2/16,-
20201019162820,10.20.30.1/16,84
20201019162821,192.168.1.2/24,-
20201019162822,10.20.30.1/16,-
20201019162823,10.77.1.2/24,-
20201019162824,10.77.1.2/24,-
20201019162826,10.77.1.1/24,81
20201019162827,10.20.30.1/16,7
20201019162829,192.168.1.2/24,65
20201019162831,10.20.30.2/16,38
20201019162832,192.168.1.2/24,-
20201019162834,10.20.30.1/16,29
20201019162835,192.168.1.1/24,7
20201019162836,10.77.1.2/24,-
20201019162837,192.168.1.1/24,9
20201019162838,192.168.1.2/24,-
20201019162840,10.77.1.2/24,-
20201019162842,192.168.1.1/24,9
20201019162843,10.77.1.1/24,7
20201019162844,192.168.1.1/24,-
20201019162845,192.168.1.1/24,53
20201019162846,10.77.1.2/24,9
20201019162848,192.168.1.1/24,5
20201019162849,10.20.30.1/16,-
20201019162850,192.168.1.1/24,21
20201019162851,10.77.1.1/24,26
20201019162852,192.168.1.1/24,36
20201019162854,10.77.1.2/24,-
20201019162855,192.168.1.1/24,6
20201019162856,10.77.1.2/24,8
20201019162858,192.168.1.2/24,7
20201019162859,192.168.1.2/24,2
20201019162900,10.77.1.2/24,-
20201019162902,192.168.1.1/24,2
20201019162903,10.20.30.2/16,3
20201019162905,10.77.1.2/24,53
20201019162907,192.168.1.2/24,9
20201019162908,10.20.30.1/16,72
20201019162909,10.20.30.2/16,3
20201019162910,192.168.1.2/24,1
20201019162911,10.20.30.1/16,19
20201019162912,10.20.30.2/16,6
20201019162914,192.168.1.1/24,5
20201019162915,10.77.1.2/24,85
20201019162917,192.168.1.1/24,3
20201019162918,10.20.30.2/16,-
20201019162919,10.77.1.2/24,1
20201019162921,192.168.1.1/24,1
20201019162922,192.168.1.1/24,-
20201019162923,10.20.30.2/16,8
20201019162924,10.20.30.2/16,6
20201019162925,10.77.1.1/24,73
20201019162926,10.77.1.2/24,10
20201019162927,10.20.30.2/16,18
20201019162929,10.20.30.2/16,13
20201019162930,192.168.1.1/24,6
20201019162931,10.77.1.2/24,32
20201019162932,192.168.1.2/24,1
20201019162933,192.168.1.1/24,-
20201019162934,10.20.30.1/16,4
20201019162935,10.20.30.2/16,28
20201019162936,10.20.30.2/16,4
20201019162938,10.77.1.1/24,-
20201019162939,10.77.1.1/24,5
20201019162940,192.168.1.2/24,7
20201019162942,10.20.30.1/16,9
20201019162943,10.77.1.1/24,9
20201019162945,10.20.30.1/16,3
20201019162946,192.168.1.1/24,10
20201019162947,10.20.30.1/16,6
20201019162948,10.20.30.1/16,1
20201019162950,10.77.1.1/24,7
20201019162952,10.20.30.2/16,-
20201019162953,10.20.30.1/16,-
20201019162954,192.168.1.1/24,3
20201019162955,10.20.30.2/16,43
20201019162956,192.168.1.2/24,83
20201019162957,192.168.1.2/24,6
20201019162959,10.20.30.2/16,5
20201019163000,10.77.1.2/24,86
20201019163001,10.20.30.2/16,4
20201019163002,192.168.1.1/24,33
20201019163003,192.168.1.1/24,8
20201019163004,10.77.1.1/24,1
20201019163006,10.77.1.1/24,78
20201019163007,10.20.30.2/16,6
20201019163008,10.20.30.1/16,-
20201019163010,10.77.1.1/24,8
20201019163011,192.168.1.2/24,34
20201019163012,192.168.1.2/24,-
20201019163013,192.168.1.2/24,8
20201019163014,192.168.1.1/24,5
20201019163016,192.168.1.1/24,4
20201019163017,192.168.1.1/24,8
20201019163018,10.20.30.2/16,-
20201019163020,10.77.1.1/24,-
20201019163022,10.77.1.1/24,-
20201019163023,10.20.30.1/16,65
20201019163024,192.168.1.2/24,6
20201019163026,192.168.1.2/24,24
20201019163028,10.77.1.2/24,-
20201019163030,192.168.1.2/24,9
20201019163031,192.168.1.2/24,-
20201019163032,10.77.1.1/24,3
20201019163034,192.168.1.2/24,11
20201019163036,10.20.30.2/16,6
20201019163037,10.20.30.1/16,11
20201019163038,192.168.1.1/24,4
20201019163039,192.168.1.1/24,2
20201019163040,10.20.30.2/16,3
20201019163042,10.20.30.1/16,9
20201019163044,192.168.1.2/24,8
20201019163045,10.77.1.2/24,8
20201019163046,10.77.1.1/24,4
20201019163047,192.168.1.2/24,7
20201019163048,10.20.30.2/16,58
20201019163049,10.20.30.2/16,3
20201019163050,192.168.1.1/24,6
20201019163051,192.168.1.2/24,2
20201019163052,192.168.1.2/24,5
20201019163053,10.20.30.1/16,2
20201019163054,10.77.1.1/24,58
20201019163055,192.168.1.1/24,4
20201019163057,10.77.1.1/24,-
20201019163059,192.168.1.1/24,17
20201019163100,10.20.30.1/16,-
20201019163102,192.168.1.1/24,2
20201019163103,10.77.1.2/24,83
20201019163104,192.168.1.2/24,-
20201019163105,192.168.1.2/24,8
20201019163107,192.168.1.1/24,1
20201019163108,10.20.30.2/16,8
20201019163109,192.168.1.2/24,8
20201019163110,10.20.30.2/16,48
20201019163111,192.168.1.1/24,6
20201019163112,10.77.1.2/24,-
20201019163113,192.168.1.2/24,2
20201019163114,10.20.30.2/16,1
20201019163115,10.20.30.1/16,72
20201019163116,10.77.1.2/24,-
20201019163117,10.77.1.2/24,2
20201019163118,10.77.1.1/24,-
20201019163119,10.77.1.2/24,4
20201019163121,10.20.30.2/16,2
20201019163122,10.20.30.2/16,79
20201019163123,10.77.1.1/24,14
20201019163124,192.168.1.2/24,-
20201019163125,10.20.30.1/16,24
20201019163126,10.20.30.2/16,-
20201019163127,10.77.1.1/24,4
20201019163128,10.77.1.1/24,-
20201019163130,10.20.30.2/16,92
20201019163131,10.77.1.2/24,32
20201019163133,10.77.1.1/24,5
20201019163134,192.168.1.2/24,11
20201019163135,10.77.1.1/24,-
20201019163136,10.20.30.1/16,9
20201019163137,10.20.30.1/16,8
20201019163139,10.77.1.1/24,6
20201019163140,192.168.1.1/24,8
20201019163141,10.77.1.2/24,-
20201019163142,10.77.1.1/24,6
20201019163143,10.20.30.2/16,-
20201019163144,10.77.1.2/24,13
20201019163145,192.168.1.1/24,-
20201019163146,192.168.1.1/24,-
20201019163147,192.168.1.1/24,1
20201019163149,10.77.1.1/24,-
20201019163151,192.168.1.2/24,14
20201019163152,10.20.30.2/16,32
20201019163153,10.20.30.1/16,1
20201019163155,10.20.30.1/16,8
20201019163156,10.77.1.2/24,-
20201019163157,10.20.30.1/16,5
20201019163158,10.20.30.1/16,4
20201019163159,10.20.30.1/16,24
20201019163200,192.168.1.2/24,73
20201019163201,10.20.30.1/16,58
20201019163202,192.168.1.2/24,-
20201019163203,10.77.1.1/24,-
20201019163204,192.168.1.1/24,4
20201019163205,10.20.30.1/16,2
20201019163206,10.77.1.2/24,-
20201019163207,10.77.1.1/24,6
20201019163208,192.168.1.2/24,64
20201019163209,192.168.1.2/24,5
20201019163210,10.20.30.2/16,4
20201019163211,10.77.1.2/24,20
20201019163212,10.20.30.2/16,6
20201019163213,10.20.30.2/16,2
20201019163215,192.168.1.2/24,5
20201019163216,10.20.30.2/16,2
20201019163217,10.20.30.2/16,1
20201019163218,10.77.1.1/24,29
20201019163219,192.168.1.1/24,8
20201019163220,10.77.1.1/24,6
20201019163221,10.77.1.1/24,84
20201019163222,10.20.30.2/16,9
20201019163223,192.168.1.1/24,6
20201019163224,10.20.30.2/16,9
20201019163226,192.168.1.1/24,-
20201019163228,10.20.30.1/16,-
20201019163229,192.168.1.1/24,5
20201019163230,192.168.1.2/24,46
20201019163231,10.77.1.1/24,-
20201019163232,10.20.30.2/16,-
20201019163233,192.168.1.1/24,6
20201019163234,10.77.1.2/24,12
20201019163236,10.77.1.2/24,9
20201019163238,10.77.1.1/24,2
20201019163239,192.168.1.2/24,7
20201019163241,10.77.1.2/24,8
20201019163242,10.20.30.2/16,71
20201019163243,10.77.1.2/24,5
20201019163245,10.77.1.2/24,-
20201019163247,192.168.1.1/24,8
20201019163248,10.20.30.1/16,4
20201019163249,10.20.30.2/16,1
20201019163250,192.168.1.1/24,-
20201019163251,10.77.1.1/24,-
20201019163252,10.77.1.1/24,5
20201019163253,10.20.30.1/16,17
20201019163254,10.77.1.2/24,-
20201019163255,10.20.30.2/16,3
20201019163256,10.20.30.2/16,6
20201019163257,192.168.1.1/24,7
20201019163258,10.20.30.1/16,-
20201019163300,10.20.30.1/16,8
20201019163301,192.168.1.2/24,67
20201019163302,192.168.1.1/24,2
20201019163303,10.77.1.2/24,5
20201019163304,10.77.1.1/24,47
20201019163305,10.77.1.1/24,19
20201019163306,10.77.1.1/24,2
20201019163307,192.168.1.2/24,6
20201019163308,192.168.1.1/24,18
20201019163309,10.20.30.2/16,9
20201019163311,10.20.30.2/16,79
20201019163312,10.77.1.1/24,6
20201019163313,192.168.1.1/24,45
20201019163315,10.77.1.1/24,-
20201019163316,10.20.30.2/16,88
20201019163317,10.77.1.1/24,3
20201019163319,192.168.1.2/24,7
20201019163320,10.20.30.2/16,2
20201019163322,10.77.1.2/24,58
20201019163323,192.168.1.1/24,38
20201019163324,10.20.30.1/16,80
20201019163326,10.20.30.1/16,7
20201019163328,10.77.1.2/24,0
20201019163329,192.168.1.1/24,8
20201019163330,10.77.1.1/24,-
20201019163331,10.77.1.2/24,-
20201019163333,192.168.1.2/24,67
20201019163334,10.77.1.2/24,5
20201019163336,10.77.1.2/24,-
20201019163337,192.168.1.1/24,46
20201019163339,192.168.1.2/24,-
20201019163340,10.77.1.1/24,79
20201019163342,10.77.1.1/24,8
20201019163343,192.168.1.1/24,31
20201019163344,192.168.1.1/24,8
20201019163346,10.20.30.1/16,-
20201019163347,192.168.1.2/24,-
20201019163348,10.77.1.1/24,67
20201019163349,10.77.1.2/24,1
20201019163350,10.77.1.2/24,1
20201019163351,192.168.1.2/24,2
20201019163352,192.168.1.2/24,62
20201019163353,10.77.1.2/24,3
20201019163355,10.77.1.2/24,7
20201019163357,10.20.30.2/16,-
20201019163358,192.168.1.2/24,31
20201019163359,10.77.1.1/24,-
20201019163401,10.20.30.2/16,5
20201019163402,10.77.1.1/24,4
20201019163403,10.77.1.1/24,6
20201019163404,10.20.30.2/16,4
20201019163405,192.168.1.2/24,9
20201019163406,192.168.1.1/24,-
20201019163407,10.77.1.2/24,-
20201019163408,10.20.30.2/16,58
20201019163409,10.20.30.1/16,49
20201019163410,10.77.1.1/24,-
20201019163411,10.77.1.2/24,-
20201019163412,10.77.1.2/24,65
20201019163413,192.168.1.1/24,1
20201019163414,10.77.1.2/24,7
20201019163415,10.77.1.1/24,-
20201019163417,192.168.1.1/24,-
20201019163418,10.20.30.2/16,3
20201019163420,10.77.1.2/24,37
20201019163421,192.168.1.1/24,-
20201019163422,10.77.1.1/24,3
20201019163423,10.20.30.2/16,-
20201019163424,10.20.30.1/16,-
20201019163425,10.77.1.1/24,3
20201019163426,10.77.1.1/24,7
20201019163427,192.168.1.1/24,3
20201019163428,192.168.1.2/24,6
20201019163430,10.77.1.2/24,9
20201019163431,192.168.1.1/24,7
20201019163432,192.168.1.1/24,10
20201019163433,10.20.30.1/16,6
20201019163435,192.168.1.1/24,84
20201019163437,10.77.1.2/24,-
20201019163439,10.20.30.1/16,66
20201019163440,192.168.1.2/24,-
20201019163442,10.77.1.2/24,64
20201019163444,10.77.1.2/24,94
20201019163445,10.77.1.2/24,6
20201019163446,10.20.30.2/16,4
20201019163448,10.20.30.1/16,8
20201019163449,192.168.1.2/24,5
20201019163451,10.20.30.1/16,-
20201019163452,10.20.30.2/16,-
20201019163453,10.77.1.2/24,7
20201019163454,10.20.30.2/16,7
20201019163456,10.77.1.1/24,14
20201019163457,10.77.1.1/24,81
20201019163458,10.20.30.1/16,66
20201019163459,10.20.30.2/16,6
20201019163500,192.168.1.2/24,6
20201019163501,192.168.1.2/24,1
20201019163502,10.20.30.1/16,6
20201019163503,192.168.1.2/24,-
20201019163505,10.20.30.1/16,5
20201019163506,10.77.1.2/24,2
20201019163507,10.77.1.2/24,2
20201019163508,192.168.1.2/24,8
20201019163509,192.168.1.2/24,8
20201019163510,10.77.1.2/24,9
20201019163511,10.77.1.2/24,35
20201019163512,10.77.1.1/24,7
20201019163513,10.77.1.1/24,89
20201019163514,10.77.1.1/24,22
20201019163516,10.20.30.2/16,-
20201019163517,192.168.1.2/24,7
20201019163519,192.168.1.1/24,-
20201019163521,10.77.1.1/24,2
20201019163522,192.168.1.2/24,2
20201019163523,10.77.1.1/24,48
20201019163524,192.168.1.2/24,3
20201019163526,192.168.1.1/24,10
20201019163527,192.168.1.1/24,-
20201019163528,192.168.1.1/24,7
20201019163529,192.168.1.1/24,-
20201019163530,10.77.1.2/24,7
20201019163531,192.168.1.1/24,8
20201019163533,10.77.1.1/24,5
20201019163534,10.77.1.1/24,86
20201019163536,10.77.1.1/24,8
20201019163537,10.77.1.2/24,-
20201019163538,192.168.1.1/24,8
20201019163539,10.77.1.2/24,5
20201019163540,10.77.1.1/24,-
20201019163541,192.168.1.1/24,-
20201019163542,10.20.30.1/16,4
20201019163543,10.77.1.1/24,8
20201019163544,192.168.1.2/24,33
20201019163545,10.20.30.1/16,7
20201019163546,10.20.30.2/16,-
20201019163548,192.168.1.1/24,8
20201019163549,192.168.1.1/24,11
20201019163550,10.77.1.1/24,-
20201019163552,10.77.1.1/24,53
20201019163553,10.20.30.2/16,8
20201019163554,10.77.1.2/24,8
20201019163555,10.77.1.2/24,-
20201019163557,10.77.1.1/24,1
20201019163558,10.20.30.1/16,43
20201019163600,10.20.30.2/16,-
20201019163601,192.168.1.2/24,2
20201019163603,10.77.1.1/24,9
20201019163604,10.77.1.1/24,11
20201019163605,10.77.1.1/24,9
20201019163606,10.20.30.1/16,31
20201019163607,10.20.30.2/16,2
20201019163608,192.168.1.1/24,4
20201019163609,10.20.30.2/16,-
20201019163610,10.20.30.2/16,34
20201019163611,10.20.30.1/16,-
20201019163613,10.20.30.2/16,49
20201019163614,192.168.1.2/24,10
20201019163615,10.20.30.1/16,93
20201019163617,10.77.1.2/24,2
20201019163618,192.168.1.1/24,-
20201019163619,10.77.1.2/24,6
20201019163620,10.20.30.1/16,47
20201019163621,10.20.30.1/16,9
20201019163622,10.77.1.2/24,2
20201019163623,192.168.1.2/24,92
20201019163625,10.77.1.1/24,-
20201019163626,10.20.30.1/16,45
20201019163628,10.77.1.2/24,7
20201019163629,192.168.1.1/24,84
20201019163630,192.168.1.1/24,41
20201019163631,10.20.30.2/16,-
20201019163632,192.168.1.2/24,2
20201019163633,10.77.1.2/24,5
20201019163634,192.168.1.2/24,4
20201019163635,10.20.30.1/16,12
20201019163636,192.168.1.1/24,47
20201019163637,10.20.30.1/16,-
20201019163638,10.20.30.2/16,-
20201019163640,10.77.1.2/24,9
20201019163641,10.20.30.1/16,-
20201019163643,10.77.1.2/24,7
20201019163644,10.20.30.1/16,74
20201019163645,10.77.1.2/24,5
20201019163646,192.168.1.1/24,15
20201019163647,192.168.1.1/24,12
20201019163648,192.168.1.2/24,-
20201019163649,192.168.1.2/24,5
20201019163650,192.168.1.1/24,3
20201019163651,10.77.1.1/24,46
20201019163652,10.77.1.1/24,57
20201019163653,10.20.30.1/16,-
20201019163654,10.20.30.2/16,4
20201019163656,10.77.1.2/24,-
20201019163657,10.20.30.2/16,11
20201019163658,10.20.30.2/16,-
20201019163659,192.168.1.2/24,-
20201019163701,10.20.30.1/16,4
20201019163702,10.20.30.2/16,1
20201019163703,10.20.30.1/16,8
20201019163705,192.168.1.1/24,3
20201019163707,10.20.30.1/16,-
20201019163709,10.20.30.2/16,76
20201019163710,192.168.1.2/24,19
20201019163712,192.168.1.1/24,-
20201019163713,10.20.30.1/16,-
20201019163715,10.20.30.2/16,3
20201019163717,10.20.30.2/16,-
20201019163718,192.168.1.2/24,8
20201019163720,10.77.1.2/24,6
20201019163722,10.77.1.1/24,9
20201019163724,192.168.1.1/24,7
20201019163725,10.77.1.2/24,-
20201019163726,192.168.1.2/24,3
20201019163727,10.77.1.2/24,-
20201019163728,10.20.30.2/16,5
20201019163729,10.20.30.2/16,2
20201019163730,10.20.30.1/16,-
20201019163731,10.77.1.1/24,-
20201019163732,10.77.1.2/24,1
20201019163733,10.20.30.2/16,-
20201019163734,10.77.1.1/24,2
20201019163735,192.168.1.2/24,56
20201019163736,192.168.1.1/24,1
20201019163737,192.168.1.1/24,2
20201019163738,192.168.1.2/24,-
20201019163739,192.168.1.1/24,4
20201019163740,192.168.1.2/24,-
20201019163741,10.77.1.2/24,6
20201019163742,10.77.1.1/24,5
20201019163744,10.77.1.2/24,1
20201019163745,10.20.30.1/16,-
20201019163747,10.20.30.1/16,75
20201019163748,10.77.1.1/24,-
20201019163749,192.168.1.1/24,4
20201019163751,10.20.30.2/16,-
20201019163753,10.20.30.2/16,1
20201019163754,10.20.30.2/16,29
20201019163755,192.168.1.1/24,70
20201019163757,10.20.30.2/16,47
20201019163759,192.168.1.2/24,5
20201019163801,10.20.30.2/16,-
20201019163802,192.168.1.2/24,-
20201019163803,10.77.1.1/24,9
20201019163804,192.168.1.1/24,-
20201019163805,10.20.30.1/16,9
20201019163806,192.168.1.2/24,51
20201019163807,10.77.1.1/24,68
20201019163808,10.20.30.1/16,7
20201019163809,10.77.1.2/24,37
20201019163810,10.77.1.2/24,9
20201019163812,10.20.30.1/16,9
20201019163813,10.77.1.1/24,-
20201019163814,10.20.30.1/16,8
20201019163815,192.168.1.1/24,-
20201019163816,192.168.1.1/24,4
20201019163817,192.168.1.1/24,1
20201019163818,10.77.1.2/24,8
20201019163819,192.168.1.2/24,6
20201019163820,192.168.1.2/24,7
20201019163821,10.20.30.1/16,-
20201019163822,10.20.30.1/16,8
20201019163823,10.20.30.2/16,20
20201019163825,192.168.1.2/24,1
20201019163827,10.20.30.1/16,7
20201019163828,10.20.30.1/16,6
20201019163830,10.77.1.1/24,6
20201019163831,10.20.30.1/16,3
20201019163833,192.168.1.1/24,-
20201019163834,192.168.1.1/24,-
20201019163835,192.168.1.1/24,14
20201019163836,10.20.30.2/16,1
20201019163837,192.168.1.2/24,2
20201019163839,10.77.1.1/24,-
20201019163840,10.20.30.2/16,-
20201019163841,10.20.30.2/16,9
20201019163842,192.168.1.1/24,38
20201019163844,10.20.30.2/16,9
20201019163845,192.168.1.2/24,2
20201019163847,192.168.1.2/24,-
20201019163849,10.77.1.1/24,-
20201019163850,192.168.1.2/24,1
20201019163851,192.168.1.2/24,-
20201019163852,10.20.30.1/16,7
20201019163854,10.20.30.1/16,8
20201019163855,192.168.1.1/24,9
20201019163856,10.20.30.2/16,-
20201019163857,10.20.30.1/16,71
20201019163858,10.20.30.2/16,9
20201019163859,10.20.30.2/16,45
20201019163900,10.77.1.2/24,99
20201019163901,10.20.30.1/16,3
20201019163902,192.168.1.1/24,76
20201019163903,10.77.1.1/24,73
20201019163905,192.168.1.2/24,-
20201019163906,10.77.1.1/24,42
20201019163908,192.168.1.2/24,-
20201019163909,10.20.30.2/16,6
20201019163910,10.77.1.1/24,-
20201019163911,10.20.30.1/16,8
20201019163912,192.168.1.2/24,-
20201019163913,10.20.30.2/16,23
20201019163914,192.168.1.1/24,1
20201019163915,192.168.1.2/24,-
20201019163916,10.77.1.1/24,-
20201019163917,192.168.1.1/24,9
20201019163918,10.77.1.1/24,4
20201019163919,10.20.30.1/16,3
20201019163920,10.20.30.1/16,20
20201019163921,10.77.1.1/24,13
20201019163922,10.20.30.2/16,2
20201019163924,10.77.1.2/24,-
20201019163926,10.77.1.1/24,80
20201019163928,10.77.1.2/24,3
20201019163929,10.20.30.1/16,8
20201019163930,10.77.1.1/24,41
20201019163931,192.168.1.1/24,9
20201019163933,192.168.1.2/24,6
20201019163934,10.20.30.1/16,11
20201019163935,10.77.1.1/24,1
20201019163937,10.77.1.2/24,87
20201019163938,10.77.1.2/24,6
20201019163939,192.168.1.1/24,1
20201019163940,10.77.1.1/24,-
20201019163941,192.168.1.1/24,-
20201019163943,192.168.1.2/24,1
20201019163944,10.77.1.2/24,6
20201019163945,10.77.1.2/24,8
20201019163946,192.168.1.1/24,14
20201019163947,10.77.1.2/24,9
20201019163948,10.77.1.1/24,14
20201019163949,192.168.1.2/24,9
20201019163951,192.168.1.2/24,-
20201019163952,10.77.1.2/24,2
20201019163954,192.168.1.2/24,8
20201019163955,10.77.1.1/24,3
20201019163957,192.168.1.2/24,7
20201019163958,192.168.1.1/24,4
20201019163959,10.77.1.2/24,14
20201019164001,192.168.1.2/24,-
20201019164002,10.77.1.2/24,71
20201019164004,10.20.30.2/16,36
20201019164005,10.20.30.1/16,-
20201019164006,192.168.1.1/24,69
20201019164007,10.77.1.1/24,50
20201019164008,10.20.30.1/16,3
20201019164009,192.168.1.1/24,6
20201019164010,10.77.1.1/24,67
20201019164011,10.20.30.2/16,4
20201019164012,192.168.1.1/24,8
20201019164013,10.20.30.1/16,-
20201019164015,10.20.30.2/16,62
20201019164016,10.77.1.2/24,4
20201019164017,10.20.30.2/16,-
20201019164018,10.20.30.2/16,3
20201019164019,192.168.1.1/24,15
20201019164021,10.77.1.1/24,9
20201019164022,192.168.1.2/24,9
20201019164023,10.77.1.2/24,62
20201019164024,10.77.1.1/24,4
20201019164025,192.168.1.1/24,7
20201019164026,192.168.1.2/24,15
20201019164027,192.168.1.2/24,3
20201019164029,192.168.1.1/24,1
20201019164030,10.20.30.1/16,7
20201019164031,192.168.1.1/24,9
20201019164032,10.20.30.1/16,1
20201019164033,10.20.30.1/16,-
20201019164034,10.77.1.1/24,7
20201019164035,192.168.1.2/24,70
20201019164036,10.20.30.2/16,1
20201019164038,10.20.30.2/16,1
20201019164039,10.77.1.1/24,-
20201019164040,10.77.1.1/24,-
20201019164041,10.77.1.2/24,8
20201019164042,10.20.30.2/16,12
20201019164043,10.20.30.2/16,7
20201019164044,10.77.1.1/24,-
20201019164045,10.20.30.1/16,4
20201019164047,10.77.1.1/24,1
20201019164048,10.77.1.2/24,2
20201019164049,10.20.30.1/16,6
20201019164050,192.168.1.1/24,7
20201019164051,10.20.30.2/16,-
20201019164052,192.168.1.1/24,-
20201019164053,192.168.1.2/24,8
20201019164054,10.20.30.2/16,8
20201019164056,192.168.1.2/24,4
20201019164057,192.168.1.2/24,-
20201019164059,192.168.1.2/24,4
20201019164100,10.20.30.2/16,62
20201019164101,10.77.1.1/24,3
20201019164103,10.77.1.1/24,6
20201019164104,10.77.1.1/24,32
20201019164105,192.168.1.1/24,6
20201019164107,10.20.30.1/16,-
20201019164108,10.77.1.1/24,2
20201019164109,10.20.30.2/16,8
20201019164111,10.20.30.1/16,6
20201019164112,10.77.1.2/24,11
20201019164113,192.168.1.1/24,-
20201019164114,10.77.1.1/24,68
20201019164116,192.168.1.1/24,83
20201019164117,10.20.30.2/16,-
20201019164118,10.20.30.2/16,43
20201019164119,10.77.1.1/24,34
20201019164121,192.168.1.1/24,8
20201019164123,192.168.1.2/24,2
20201019164124,10.77.1.1/24,2
20201019164125,10.77.1.2/24,1
20201019164127,10.20.30.2/16,3
20201019164129,192.168.1.1/24,8
20201019164130,192.168.1.2/24,7
20201019164131,10.77.1.2/24,8
20201019164133,10.77.1.2/24,-
20201019164134,192.168.1.2/24,94
20201019164135,10.77.1.1/24,40
20201019164136,192.168.1.1/24,8
20201019164137,10.77.1.1/24,25
20201019164138,10.20.30.2/16,6
20201019164139,10.77.1.1/24,4
20201019164140,10.20.30.2/16,7
20201019164141,192.168.1.2/24,-
20201019164142,10.77.1.1/24,78
20201019164143,192.168.1.2/24,31
20201019164144,10.20.30.2/16,3
20201019164145,10.77.1.2/24,8
20201019164147,192.168.1.2/24,6
20201019164148,10.77.1.1/24,-
20201019164149,10.20.30.2/16,16
20201019164150,192.168.1.1/24,4
20201019164152,192.168.1.2/24,8
20201019164153,192.168.1.1/24,9
20201019164154,192.168.1.2/24,-
20201019164156,192.168.1.1/24,1
20201019164157,10.77.1.2/24,9
20201019164158,10.20.30.1/16,2
20201019164200,10.20.30.1/16,-
20201019164201,10.77.1.1/24,41
20201019164202,10.77.1.2/24,1
20201019164203,10.77.1.2/24,-
20201019164205,10.20.30.1/16,-
20201019164206,10.77.1.1/24,6
20201019164207,10.20.30.1/16,8
20201019164208,10.77.1.1/24,86
20201019164209,10.77.1.2/24,1
20201019164210,10.20.30.2/16,1
20201019164211,10.77.1.1/24,3
20201019164212,10.20.30.2/16,1
20201019164213,10.20.30.1/16,5
20201019164214,10.77.1.1/24,3
20201019164216,10.20.30.2/16,17
20201019164218,10.77.1.2/24,-
20201019164219,192.168.1.2/24,10
20201019164220,10.20.30.1/16,3
20201019164221,10.77.1.2/24,1
20201019164222,10.77.1.2/24,7
20201019164224,10.20.30.2/16,-
20201019164225,10.77.1.2/24,8
20201019164226,192.168.1.2/24,4
20201019164227,10.20.30.1/16,2
20201019164229,192.168.1.1/24,1
20201019164230,10.20.30.2/16,10
20201019164231,10.77.1.1/24,-
20201019164232,192.168.1.1/24,14
20201019164234,192.168.1.2/24,1
20201019164235,10.20.30.2/16,23
20201019164236,10.20.30.2/16,-
20201019164238,10.20.30.2/16,-
20201019164239,10.77.1.1/24,-
20201019164240,10.20.30.2/16,-
20201019164241,10.20.30.1/16,6
20201019164242,192.168.1.2/24,-
20201019164243,10.20.30.1/16,5
20201019164245,10.20.30.2/16,9
20201019164247,192.168.1.2/24,41
20201019164249,10.77.1.2/24,13
20201019164250,10.20.30.1/16,4
20201019164251,192.168.1.1/24,1
20201019164252,10.20.30.1/16,-
20201019164254,10.20.30.1/16,82
20201019164255,10.20.30.1/16,9
20201019164256,10.77.1.2/24,90
20201019164257,192.168.1.1/24,9
20201019164258,10.20.30.2/16,3
20201019164259,10.20.30.1/16,-
20201019164300,10.20.30.1/16,58
20201019164301,10.20.30.2/16,3
20201019164302,192.168.1.2/24,5
20201019164304,192.168.1.2/24,76
20201019164306,192.168.1.1/24,21
20201019164307,10.77.1.2/24,7
20201019164308,10.77.1.2/24,6
20201019164309,10.77.1.2/24,7
20201019164311,192.168.1.1/24,-
20201019164312,10.20.30.2/16,11
20201019164313,192.168.1.2/24,22
20201019164314,192.168.1.2/24,4
20201019164316,192.168.1.1/24,99
20201019164317,10.20.30.2/16,-
20201019164318,10.20.30.1/16,4
20201019164319,10.20.30.2/16,7
20201019164320,10.77.1.1/24,9
20201019164321,10.77.1.2/24,3
20201019164322,10.20.30.2/16,7
20201019164323,10.20.30.1/16,76
20201019164325,10.77.1.1/24,9
20201019164326,10.20.30.2/16,-
20201019164328,192.168.1.1/24,-
20201019164329,192.168.1.2/24,69
20201019164331,10.77.1.2/24,58
20201019164333,10.20.30.2/16,5
20201019164334,192.168.1.2/24,4
20201019164336,10.77.1.2/24,6
20201019164337,10.77.1.2/24,-
20201019164338,10.77.1.1/24,11
20201019164339,10.20.30.1/16,58
20201019164340,10.20.30.2/16,-
20201019164341,192.168.1.1/24,8
20201019164343,10.20.30.2/16,37
20201019164344,192.168.1.2/24,-
20201019164346,192.168.1.1/24,1
20201019164347,192.168.1.1/24,6
20201019164348,192.168.1.2/24,39
20201019164349,10.20.30.1/16,4
20201019164350,10.77.1.2/24,4
20201019164351,192.168.1.1/24,4
20201019164352,10.77.1.2/24,8
20201019164353,10.77.1.2/24,90
20201019164354,10.20.30.1/16,7
20201019164355,10.77.1.2/24,6
20201019164357,10.77.1.1/24,8
20201019164358,10.20.30.2/16,6
20201019164359,10.20.30.2/16,6
20201019164400,10.20.30.2/16,-
20201019164402,192.168.1.1/24,-
20201019164403,10.20.30.2/16,5
20201019164404,10.77.1.2/24,6
20201019164405,192.168.1.2/24,2
20201019164406,192.168.1.2/24,8
20201019164408,10.20.30.1/16,1
20201019164409,10.77.1.2/24,7
20201019164411,10.77.1.1/24,6
20201019164413,10.20.30.1/16,-
20201019164414,10.77.1.2/24,2
20201019164415,10.20.30.2/16,2
20201019164416,192.168.1.1/24,1
20201019164417,192.168.1.2/24,-
20201019164418,10.77.1.1/24,5
20201019164420,10.77.1.1/24,8
20201019164421,10.20.30.1/16,20
20201019164422,10.20.30.2/16,5
20201019164423,10.20.30.1/16,-
20201019164424,10.77.1.1/24,27
20201019164426,192.168.1.1/24,9
20201019164427,10.20.30.1/16,-
20201019164428,192.168.1.2/24,1
20201019164430,10.77.1.2/24,2
20201019164431,10.77.1.2/24,-
20201019164432,10.20.30.1/16,5
20201019164433,10.77.1.1/24,66
20201019164435,192.168.1.1/24,-
20201019164436,192.168.1.1/24,1
20201019164437,192.168.1.2/24,2
20201019164438,10.20.30.2/16,-
20201019164439,10.77.1.2/24,9
20201019164440,10.77.1.1/24,98
20201019164441,10.77.1.1/24,7
20201019164442,10.77.1.2/24,8
20201019164443,10.20.30.1/16,4
20201019164445,10.20.30.1/16,-
20201019164446,192.168.1.2/24,55
20201019164447,10.77.1.2/24,-
20201019164448,10.77.1.1/24,5
20201019164449,192.168.1.1/24,7
20201019164451,10.77.1.2/24,8
20201019164452,10.77.1.1/24,1
20201019164453,192.168.1.2/24,3
20201019164454,10.77.1.1/24,52
20201019164455,192.168.1.1/24,9
20201019164457,10.20.30.1/16,8
20201019164458,192.168.1.2/24,6
20201019164459,192.168.1.2/24,-
20201019164500,10.20.30.1/16,3
20201019164501,10.77.1.1/24,7
20201019164503,10.77.1.1/24,9
20201019164505,10.20.30.2/16,8
20201019164507,10.77.1.2/24,57
20201019164508,192.168.1.2/24,8
20201019164510,10.20.30.1/16,-
20201019164512,10.77.1.1/24,26
20201019164514,192.168.1.1/24,-
20201019164515,192.168.1.1/24,1
20201019164517,192.168.1.1/24,9
20201019164518,10.20.30.2/16,84
20201019164519,10.20.30.1/16,-
20201019164521,10.20.30.2/16,5
20201019164522,10.20.30.2/16,38
20201019164523,10.77.1.1/24,-
20201019164524,10.77.1.2/24,-
20201019164525,192.168.1.1/24,-
20201019164526,192.168.1.1/24,6
20201019164527,192.168.1.2/24,4
20201019164528,10.20.30.2/16,-
20201019164529,10.77.1.2/24,6
20201019164531,10.20.30.1/16,9
20201019164532,10.77.1.1/24,3
20201019164533,10.77.1.2/24,2
20201019164534,10.20.30.1/16,14
20201019164535,10.77.1.2/24,8
20201019164536,10.77.1.2/24,1
20201019164538,10.77.1.2/24,4
20201019164539,192.168.1.1/24,5
20201019164540,192.168.1.1/24,10
20201019164541,10.77.1.2/24,5
20201019164542,10.77.1.2/24,66
20201019164543,10.20.30.2/16,8
20201019164544,192.168.1.1/24,9
20201019164545,192.168.1.1/24,28
20201019164546,192.168.1.2/24,6
20201019164547,192.168.1.1/24,4
20201019164548,10.77.1.1/24,-
20201019164550,10.20.30.2/16,3
20201019164551,192.168.1.1/24,-
20201019164553,192.168.1.2/24,4
20201019164555,192.168.1.2/24,9
20201019164556,192.168.1.1/24,9
20201019164558,10.77.1.1/24,-
20201019164559,10.20.30.2/16,3
20201019164600,10.77.1.2/24,3
20201019164601,192.168.1.2/24,4
20201019164602,10.77.1.2/24,2
20201019164603,10.20.30.1/16,8
20201019164604,10.20.30.2/16,36
20201019164605,192.168.1.2/24,14
20201019164606,192.168.1.1/24,63
20201019164607,10.20.30.2/16,44
20201019164608,10.20.30.2/16,-
20201019164609,10.20.30.2/16,38
20201019164611,10.20.30.1/16,3
20201019164612,192.168.1.2/24,9
20201019164613,10.20.30.2/16,2
20201019164614,192.168.1.1/24,-
20201019164615,10.77.1.1/24,65
20201019164616,10.20.30.1/16,2
20201019164617,10.77.1.1/24,-
20201019164618,192.168.1.2/24,3
20201019164619,10.77.1.2/24,6
20201019164620,192.168.1.2/24,4
20201019164621,10.20.30.1/16,1
20201019164623,10.20.30.1/16,-
20201019164624,10.77.1.2/24,-
20201019164625,192.168.1.1/24,94
20201019164626,10.20.30.1/16,6
20201019164628,10.77.1.2/24,16
20201019164630,10.20.30.2/16,5
20201019164631,10.77.1.1/24,6
20201019164632,10.77.1.2/24,1
20201019164633,10.77.1.1/24,1
20201019164634,10.20.30.2/16,7
20201019164635,10.77.1.2/24,14
20201019164637,10.77.1.2/24,5
20201019164638,10.77.1.2/24,-
20201019164639,192.168.1.1/24,33
20201019164640,10.77.1.2/24,-
20201019164641,192.168.1.1/24,-
20201019164642,192.168.1.1/24,-
20201019164644,10.77.1.1/24,-
20201019164645,10.77.1.2/24,-
20201019164647,192.168.1.1/24,7
20201019164648,192.168.1.1/24,-
20201019164649,10.20.30.1/16,55
20201019164650,10.77.1.1/24,12
20201019164651,192.168.1.2/24,-
20201019164653,10.20.30.2/16,7
20201019164654,10.20.30.1/16,-
20201019164655,10.77.1.2/24,1
20201019164656,192.168.1.1/24,25
20201019164657,10.77.1.1/24,-
20201019164658,10.77.1.2/24,6
20201019164659,10.77.1.2/24,-
20201019164700,192.168.1.1/24,3
20201019164701,10.20.30.2/16,1
20201019164702,10.77.1.1/24,8
20201019164703,10.20.30.2/16,-
20201019164704,192.168.1.1/24,5
20201019164705,10.77.1.2/24,-
20201019164706,10.20.30.2/16,1
20201019164708,10.20.30.2/16,4
20201019164709,10.20.30.1/16,8
20201019164710,192.168.1.2/24,5
20201019164711,192.168.1.1/24,11
20201019164712,10.77.1.2/24,-
20201019164714,192.168.1.2/24,-
20201019164715,192.168.1.1/24,-
20201019164716,10.20.30.2/16,-
20201019164717,192.168.1.2/24,-
20201019164718,192.168.1.1/24,1
20201019164719,10.77.1.2/24,7
20201019164720,192.168.1.1/24,1
20201019164721,10.20.30.1/16,-
20201019164722,10.20.30.1/16,15
20201019164723,10.20.30.2/16,-
20201019164724,10.77.1.1/24,4
20201019164725,192.168.1.2/24,22
20201019164726,192.168.1.1/24,-
20201019164727,10.20.30.1/16,-
20201019164728,192.168.1.2/24,-
20201019164729,10.77.1.2/24,-
20201019164730,10.20.30.2/16,-
20201019164731,192.168.1.2/24,14
20201019164732,10.20.30.2/16,5
20201019164733,192.168.1.2/24,3
20201019164734,192.168.1.1/24,1
20201019164735,192.168.1.2/24,-
20201019164737,10.20.30.1/16,4
20201019164738,192.168.1.2/24,4
20201019164739,10.77.1.1/24,6
20201019164740,10.77.1.2/24,8
20201019164741,192.168.1.2/24,3
20201019164742,10.20.30.1/16,10
20201019164743,10.20.30.2/16,8
20201019164744,10.20.30.2/16,2
20201019164746,10.77.1.1/24,12
20201019164747,10.77.1.1/24,26
20201019164748,192.168.1.2/24,93
20201019164749,10.20.30.2/16,72
20201019164751,10.20.30.2/16,27
20201019164752,10.77.1.1/24,89
20201019164753,10.20.30.1/16,-
20201019164755,10.20.30.1/16,7
20201019164756,192.168.1.1/24,5
20201019164757,10.20.30.2/16,3
20201019164758,10.77.1.2/24,3
20201019164759,10.77.1.2/24,3
20201019164800,10.20.30.1/16,-
20201019164802,10.20.30.1/16,97
20201019164804,192.168.1.1/24,2
20201019164805,10.20.30.2/16,23
20201019164806,10.20.30.1/16,5
20201019164807,10.20.30.1/16,-
20201019164808,10.77.1.2/24,1
20201019164810,10.20.30.1/16,2
20201019164811,10.20.30.2/16,-
20201019164812,10.77.1.1/24,-
20201019164813,10.77.1.2/24,-
20201019164815,192.168.1.1/24,4
20201019164816,192.168.1.1/24,6
20201019164817,10.77.1.2/24,92
20201019164818,10.77.1.1/24,5
20201019164820,192.168.1.2/24,7
20201019164821,10.77.1.2/24,-
20201019164822,192.168.1.2/24,4
20201019164823,10.77.1.1/24,6
20201019164824,10.77.1.2/24,19
20201019164825,10.77.1.2/24,-
20201019164826,192.168.1.2/24,-
20201019164827,10.77.1.1/24,1
20201019164828,10.20.30.2/16,-
20201019164829,10.20.30.1/16,71
20201019164831,10.77.1.1/24,25
20201019164832,10.77.1.2/24,2
20201019164833,10.20.30.2/16,1
20201019164835,192.168.1.1/24,9
20201019164837,10.20.30.1/16,2
20201019164838,10.77.1.1/24,7
20201019164839,10.20.30.2/16,2
20201019164840,192.168.1.1/24,36
20201019164842,192.168.1.2/24,5
20201019164843,10.20.30.2/16,13
20201019164844,10.20.30.2/16,-
20201019164845,10.20.30.2/16,4
20201019164846,192.168.1.1/24,42
20201019164847,192.168.1.1/24,7
20201019164848,192.168.1.1/24,2
20201019164849,192.168.1.2/24,8
20201019164850,10.77.1.2/24,-
20201019164851,192.168.1.1/24,3
20201019164852,10.20.30.1/16,-
20201019164854,192.168.1.1/24,32
20201019164856,192.168.1.1/24,1
20201019164857,192.168.1.2/24,-
20201019164859,10.77.1.2/24,7
20201019164900,10.20.30.1/16,4
20201019164901,192.168.1.2/24,-
20201019164903,10.77.1.2/24,7
20201019164904,10.20.30.1/16,3
20201019164905,10.77.1.2/24,8
20201019164907,10.77.1.1/24,6
20201019164908,192.168.1.2/24,-
20201019164909,10.77.1.2/24,48
20201019164910,192.168.1.2/24,91
20201019164911,10.20.30.1/16,7
20201019164912,10.20.30.2/16,-
20201019164913,10.20.30.1/16,1
20201019164915,10.77.1.1/24,7
20201019164916,10.77.1.2/24,4
20201019164917,10.77.1.1/24,2
20201019164919,192.168.1.1/24,4
20201019164920,10.77.1.2/24,1
20201019164921,10.20.30.1/16,2
20201019164922,10.20.30.1/16,-
20201019164923,10.77.1.2/24,30
20201019164924,10.77.1.1/24,5
20201019164925,10.77.1.1/24,2
20201019164926,10.77.1.2/24,6
20201019164927,10.20.30.2/16,-
20201019164929,10.77.1.1/24,7
20201019164930,192.168.1.2/24,6
20201019164931,10.20.30.1/16,-
20201019164932,10.20.30.2/16,-
20201019164934,10.20.30.1/16,9
20201019164935,192.168.1.2/24,1
20201019164936,10.20.30.1/16,30
20201019164937,192.168.1.2/24,33
20201019164938,192.168.1.2/24,10
20201019164939,10.77.1.2/24,5
20201019164940,192.168.1.2/24,1
20201019164941,10.77.1.2/24,-
20201019164942,192.168.1.1/24,-
20201019164943,10.77.1.2/24,7
20201019164944,192.168.1.1/24,-
20201019164946,10.20.30.2/16,7
20201019164947,10.20.30.1/16,5
20201019164948,192.168.1.2/24,8
20201019164949,10.77.1.1/24,52
20201019164950,192.168.1.1/24,-
20201019164952,192.168.1.2/24,2
20201019164953,192.168.1.2/24,4
20201019164954,10.20.30.2/16,1
20201019164956,10.20.30.1/16,5
20201019164957,10.20.30.1/16,8
20201019164959,10.20.30.1/16,1
20201019165000,192.168.1.2/24,3
20201019165002,192.168.1.2/24,4
20201019165003,192.168.1.2/24,-
20201019165004,192.168.1.1/24,-
20201019165005,10.77.1.2/24,2
20201019165006,192.168.1.1/24,-
20201019165007,10.77.1.2/24,25
20201019165008,192.168.1.2/24,4
20201019165009,10.77.1.1/24,6
20201019165010,10.20.30.1/16,1
20201019165011,10.77.1.1/24,-
20201019165012,192.168.1.2/24,6
20201019165014,10.77.1.2/24,39
20201019165016,10.20.30.2/16,-
20201019165018,10.20.30.1/16,13
20201019165019,10.77.1.2/24,11
20201019165020,10.77.1.1/24,73
20201019165021,10.20.30.1/16,6
20201019165022,10.77.1.1/24,1
20201019165023,10.77.1.2/24,13
20201019165024,10.20.30.2/16,-
20201019165025,10.20.30.1/16,5
20201019165026,10.20.30.2/16,-
20201019165027,10.20.30.2/16,93
20201019165029,192.168.1.2/24,11
20201019165031,192.168.1.1/24,17
20201019165032,10.20.30.2/16,-
20201019165033,10.77.1.1/24,8
20201019165034,10.77.1.2/24,3
20201019165035,10.20.30.2/16,25
20201019165036,10.77.1.2/24,44
20201019165037,10.77.1.2/24,56
20201019165038,10.77.1.2/24,5
20201019165039,10.77.1.1/24,1
20201019165040,10.77.1.2/24,3
20201019165041,10.77.1.1/24,7
20201019165042,10.20.30.2/16,9
20201019165043,192.168.1.2/24,28
20201019165044,10.20.30.2/16,6
20201019165045,192.168.1.1/24,-
20201019165046,10.20.30.2/16,-
20201019165047,10.77.1.1/24,50
20201019165048,10.20.30.1/16,-
20201019165049,10.77.1.1/24,-
20201019165050,192.168.1.1/24,-
20201019165052,10.20.30.1/16,7
20201019165053,10.20.30.1/16,9
20201019165054,192.168.1.2/24,4
20201019165056,10.20.30.1/16,9
20201019165057,192.168.1.2/24,-
20201019165058,10.20.30.2/16,28
20201019165059,192.168.1.2/24,-
20201019165101,10.77.1.1/24,6
20201019165102,10.20.30.2/16,1
20201019165103,10.77.1.2/24,7
20201019165104,10.77.1.1/24,8
20201019165106,10.20.30.1/16,9
20201019165107,192.168.1.1/24,8
20201019165108,192.168.1.1/24,68
20201019165109,10.77.1.2/24,-
20201019165110,10.77.1.1/24,16
20201019165111,10.77.1.1/24,5
20201019165112,192.168.1.1/24,21
20201019165113,10.20.30.1/16,4
20201019165114,10.20.30.1/16,-
20201019165115,192.168.1.2/24,8
20201019165116,10.77.1.2/24,-
20201019165117,10.77.1.2/24,-
20201019165119,192.168.1.2/24,65
20201019165120,192.168.1.1/24,-
20201019165122,10.20.30.2/16,8
20201019165123,10.20.30.2/16,8
20201019165124,10.77.1.1/24,4
20201019165126,10.77.1.1/24,8
20201019165127,10.20.30.1/16,4
20201019165128,10.77.1.1/24,-
20201019165129,10.77.1.1/24,5
20201019165130,10.20.30.1/16,-
20201019165131,10.77.1.2/24,1
20201019165132,10.20.30.1/16,-
20201019165134,10.20.30.2/16,-
20201019165135,10.77.1.2/24,-
20201019165136,192.168.1.1/24,78
20201019165137,192.168.1.2/24,-
20201019165138,10.20.30.2/16,10
20201019165139,192.168.1.2/24,7
20201019165141,10.20.30.2/16,6
20201019165142,10.20.30.1/16,4
20201019165143,10.77.1.1/24,-
20201019165145,10.77.1.1/24,1
20201019165147,192.168.1.1/24,10
20201019165148,10.20.30.1/16,5
20201019165149,10.77.1.1/24,-
20201019165150,10.77.1.2/24,7
20201019165151,192.168.1.2/24,-
20201019165152,192.168.1.2/24,64
20201019165154,10.77.1.1/24,5
20201019165156,10.20.30.2/16,-
20201019165157,10.20.30.1/16,9
20201019165158,10.77.1.2/24,2
20201019165159,192.168.1.1/24,-
20201019165200,10.20.30.1/16,-
20201019165201,10.77.1.1/24,9
20201019165202,10.20.30.1/16,-
20201019165203,10.77.1.1/24,-
20201019165204,10.20.30.1/16,45
20201019165205,10.20.30.2/16,3
20201019165206,192.168.1.2/24,17
20201019165207,10.77.1.1/24,4
20201019165208,10.77.1.1/24,9
20201019165209,10.20.30.2/16,4
20201019165211,10.20.30.1/16,4
20201019165212,10.20.30.1/16,8
20201019165213,10.77.1.1/24,-
20201019165214,10.20.30.2/16,-
20201019165215,10.20.30.1/16,-
20201019165216,10.20.30.1/16,2
20201019165218,192.168.1.2/24,10
20201019165219,10.77.1.1/24,34
20201019165220,10.77.1.2/24,8
20201019165222,10.77.1.2/24,5
20201019165223,10.20.30.2/16,7
20201019165224,192.168.1.2/24,9
20201019165225,10.20.30.2/16,7
20201019165227,10.20.30.2/16,24
20201019165229,10.20.30.1/16,3
20201019165230,10.20.30.1/16,5
20201019165231,10.20.30.1/16,11
20201019165232,10.20.30.2/16,5
20201019165233,10.20.30.1/16,8
20201019165234,10.20.30.1/16,81
20201019165235,10.20.30.1/16,7
20201019165236,10.77.1.1/24,-
20201019165237,10.20.30.1/16,47
20201019165238,10.20.30.1/16,-
20201019165239,10.20.30.1/16,49
20201019165240,10.20.30.1/16,-
20201019165241,10.77.1.1/24,6
20201019165242,192.168.1.1/24,9
20201019165243,10.20.30.1/16,2
20201019165244,10.77.1.1/24,6
20201019165245,10.77.1.2/24,-
20201019165247,10.77.1.1/24,1
20201019165248,10.77.1.1/24,8
20201019165249,10.77.1.1/24,4
20201019165250,10.77.1.1/24,9
20201019165251,10.20.30.2/16,5
20201019165252,10.77.1.2/24,9
20201019165254,192.168.1.1/24,3
20201019165255,10.77.1.1/24,-
20201019165257,10.20.30.1/16,6
20201019165258,192.168.1.1/24,7
20201019165300,10.20.30.2/16,7
20201019165301,192.168.1.2/24,-
20201019165302,10.20.30.1/16,16
20201019165303,10.20.30.2/16,4
20201019165304,192.168.1.1/24,8
20201019165305,10.77.1.2/24,32
20201019165306,10.20.30.1/16,3
20201019165307,10.77.1.1/24,4
20201019165308,10.77.1.2/24,30
20201019165310,10.77.1.1/24,11
20201019165312,192.168.1.2/24,23
20201019165313,192.168.1.1/24,9
20201019165315,192.168.1.2/24,2
20201019165316,192.168.1.2/24,19
20201019165318,10.77.1.2/24,5
20201019165320,10.20.30.2/16,9
20201019165321,192.168.1.2/24,77
20201019165322,192.168.1.2/24,5
20201019165323,192.168.1.1/24,7
20201019165325,10.77.1.2/24,2
20201019165326,10.77.1.1/24,18
20201019165328,10.77.1.1/24,2
20201019165329,192.168.1.2/24,37
20201019165330,10.20.30.2/16,-
20201019165331,10.20.30.1/16,82
20201019165332,10.20.30.1/16,77
20201019165333,192.168.1.2/24,-
20201019165334,10.77.1.1/24,-
20201019165335,10.77.1.1/24,-
20201019165337,10.77.1.1/24,7
20201019165338,10.20.30.2/16,42
20201019165340,10.77.1.2/24,4
20201019165341,10.20.30.2/16,-
20201019165343,192.168.1.1/24,-
20201019165344,10.77.1.1/24,5
20201019165345,10.20.30.1/16,91
20201019165346,192.168.1.2/24,8
20201019165347,10.77.1.2/24,46
20201019165348,10.77.1.1/24,54
20201019165349,192.168.1.2/24,4
20201019165350,192.168.1.1/24,2
20201019165351,10.20.30.1/16,1
20201019165352,192.168.1.1/24,2
20201019165353,10.20.30.2/16,2
20201019165354,10.77.1.1/24,13
20201019165356,10.20.30.1/16,-
20201019165358,10.20.30.1/16,3
20201019165400,10.77.1.1/24,-
20201019165401,192.168.1.1/24,10
20201019165402,10.20.30.1/16,-
20201019165404,10.20.30.1/16,6
20201019165405,10.77.1.2/24,-
20201019165407,10.20.30.1/16,4
20201019165408,10.20.30.2/16,-
20201019165409,192.168.1.1/24,40
20201019165410,10.77.1.2/24,-
20201019165411,192.168.1.1/24,6
20201019165412,10.20.30.1/16,61
20201019165413,192.168.1.2/24,42
20201019165414,10.77.1.2/24,-
20201019165415,192.168.1.1/24,94
20201019165416,192.168.1.1/24,54
20201019165417,192.168.1.1/24,38
20201019165418,10.20.30.2/16,13
20201019165419,192.168.1.1/24,4
20201019165420,10.77.1.2/24,22
20201019165422,192.168.1.1/24,-
20201019165423,10.20.30.1/16,2
20201019165424,10.20.30.1/16,1
20201019165426,10.20.30.1/16,1
20201019165427,10.20.30.2/16,2
20201019165428,192.168.1.2/24,2
20201019165430,192.168.1.2/24,8
20201019165432,10.77.1.1/24,-
20201019165433,192.168.1.1/24,6
20201019165434,192.168.1.1/24,2
20201019165435,192.168.1.2/24,93
20201019165436,10.20.30.2/16,1
20201019165437,10.20.30.1/16,36
20201019165438,192.168.1.2/24,7
20201019165439,10.77.1.2/24,59
20201019165440,10.20.30.1/16,1
20201019165441,10.77.1.2/24,8
20201019165442,192.168.1.1/24,7
20201019165443,192.168.1.1/24,3
20201019165444,10.77.1.2/24,40
20201019165446,192.168.1.2/24,9
20201019165447,192.168.1.1/24,4
20201019165448,10.20.30.1/16,7
20201019165449,192.168.1.1/24,-
20201019165450,10.77.1.1/24,40
20201019165451,10.20.30.2/16,-
20201019165452,10.77.1.1/24,-
20201019165453,10.77.1.1/24,7
20201019165454,10.77.1.2/24,56
20201019165456,192.168.1.2/24,8
20201019165457,192.168.1.2/24,4
20201019165459,10.77.1.1/24,5
20201019165500,10.20.30.2/16,-
20201019165502,192.168.1.1/24,83
20201019165504,10.20.30.1/16,5
20201019165505,192.168.1.2/24,7
20201019165506,10.77.1.1/24,32
20201019165507,10.77.1.2/24,8
20201019165509,10.20.30.2/16,1
20201019165510,10.77.1.2/24,-
20201019165511,10.77.1.1/24,5
20201019165513,10.77.1.2/24,-
20201019165515,10.20.30.1/16,2
20201019165516,10.77.1.1/24,6
20201019165517,10.20.30.2/16,-
20201019165518,10.20.30.1/16,7
20201019165519,192.168.1.2/24,-
20201019165520,192.168.1.1/24,9
20201019165521,192.168.1.2/24,-
20201019165522,192.168.1.2/24,4
20201019165523,10.77.1.2/24,46
20201019165524,10.77.1.2/24,8
20201019165526,192.168.1.1/24,-
20201019165527,10.20.30.2/16,4
20201019165528,192.168.1.1/24,1
20201019165529,10.77.1.2/24,1
20201019165531,192.168.1.1/24,7
20201019165532,10.77.1.1/24,2
20201019165533,192.168.1.2/24,2
20201019165534,10.20.30.2/16,24
20201019165535,10.20.30.1/16,3
20201019165537,192.168.1.1/24,7
20201019165538,10.20.30.1/16,3
20201019165539,10.77.1.2/24,-
20201019165541,192.168.1.2/24,15
20201019165543,192.168.1.2/24,2
20201019165545,10.77.1.1/24,5
20201019165546,10.77.1.2/24,6
20201019165547,10.20.30.2/16,1
20201019165548,10.77.1.1/24,8
20201019165550,10.20.30.1/16,2
20201019165551,192.168.1.1/24,-
20201019165552,10.20.30.2/16,2
20201019165553,10.20.30.1/16,23
20201019165554,192.168.1.2/24,4
20201019165556,10.20.30.1/16,-
20201019165557,192.168.1.2/24,39
20201019165558,10.20.30.1/16,3
20201019165600,10.20.30.2/16,-
20201019165601,10.20.30.1/16,91
20201019165602,10.77.1.2/24,49
20201019165604,192.168.1.1/24,93
20201019165605,192.168.1.1/24,5
20201019165606,10.20.30.1/16,7
20201019165607,192.168.1.2/24,12
20201019165608,10.77.1.1/24,-
20201019165609,10.20.30.2/16,-
20201019165610,192.168.1.2/24,4
20201019165611,192.168.1.1/24,-
20201019165612,192.168.1.2/24,82
20201019165613,192.168.1.2/24,7
20201019165614,192.168.1.1/24,-
20201019165615,10.20.30.2/16,-
20201019165616,192.168.1.2/24,53
20201019165618,192.168.1.2/24,-
20201019165619,10.20.30.1/16,-
20201019165620,10.77.1.1/24,14
20201019165621,10.20.30.2/16,-
20201019165622,10.20.30.2/16,-
20201019165623,192.168.1.1/24,4
20201019165624,10.77.1.2/24,2
20201019165625,10.20.30.2/16,3
20201019165627,10.77.1.1/24,9
20201019165628,10.77.1.1/24,9
20201019165629,10.77.1.1/24,2
20201019165630,192.168.1.1/24,-
20201019165631,10.20.30.1/16,71
20201019165632,10.77.1.2/24,4
20201019165633,10.77.1.1/24,-
20201019165634,192.168.1.1/24,17
20201019165635,10.20.30.2/16,13
20201019165636,192.168.1.2/24,8
20201019165637,10.77.1.2/24,-
20201019165639,10.77.1.2/24,9
20201019165640,192.168.1.1/24,-
20201019165641,10.77.1.2/24,-
20201019165643,10.20.30.2/16,36
20201019165644,10.20.30.1/16,1
20201019165646,192.168.1.1/24,35
20201019165647,192.168.1.2/24,4
20201019165649,10.77.1.2/24,9
20201019165650,10.77.1.1/24,9
20201019165652,10.20.30.2/16,3
20201019165653,10.77.1.2/24,9
20201019165655,10.77.1.2/24,3
20201019165657,192.168.1.1/24,35
20201019165658,10.77.1.2/24,7
20201019165659,10.77.1.1/24,-
20201019165700,10.20.30.1/16,10
20201019165701,10.20.30.1/16,62
20201019165702,10.77.1.2/24,4
20201019165704,10.20.30.1/16,52
20201019165705,10.20.30.1/16,25
20201019165706,10.77.1.2/24,6
20201019165707,192.168.1.2/24,6
20201019165708,192.168.1.2/24,-
20201019165709,192.168.1.2/24,5
20201019165710,10.20.30.2/16,6
20201019165711,10.20.30.2/16,32
20201019165712,192.168.1.2/24,77
20201019165713,10.77.1.1/24,41
20201019165714,10.77.1.1/24,6
20201019165715,10.77.1.1/24,6
20201019165716,192.168.1.1/24,58
20201019165718,10.77.1.1/24,4
20201019165720,10.20.30.1/16,5
20201019165721,10.77.1.2/24,-
20201019165722,10.20.30.2/16,2
20201019165723,192.168.1.2/24,7
20201019165724,10.77.1.1/24,-
20201019165725,10.20.30.2/16,7
20201019165726,10.77.1.1/24,2
20201019165727,192.168.1.1/24,4
20201019165728,192.168.1.2/24,-
20201019165729,10.20.30.2/16,3
20201019165730,10.77.1.1/24,21
20201019165731,10.20.30.1/16,-
20201019165732,192.168.1.2/24,-
20201019165733,10.20.30.2/16,3
20201019165734,192.168.1.2/24,-
20201019165735,10.20.30.1/16,5
20201019165736,192.168.1.1/24,20
20201019165737,10.20.30.2/16,1
20201019165738,10.20.30.2/16,33
20201019165740,192.168.1.1/24,4
20201019165741,10.20.30.1/16,-
20201019165742,192.168.1.2/24,30
20201019165743,10.77.1.1/24,6
20201019165744,10.77.1.1/24,3
20201019165745,10.20.30.1/16,10
20201019165746,10.20.30.2/16,9
20201019165747,192.168.1.1/24,8
20201019165748,10.20.30.2/16,27
20201019165749,10.77.1.1/24,2
20201019165750,10.20.30.2/16,-
20201019165752,192.168.1.2/24,4
20201019165754,192.168.1.2/24,-
20201019165756,10.77.1.2/24,4
20201019165757,10.77.1.2/24,6
20201019165758,10.20.30.1/16,64
20201019165759,192.168.1.1/24,9
20201019165801,10.77.1.2/24,3
20201019165803,192.168.1.1/24,8
20201019165805,192.168.1.1/24,1
20201019165806,192.168.1.2/24,4
20201019165807,192.168.1.2/24,7
20201019165808,192.168.1.1/24,-
20201019165809,10.77.1.2/24,-
20201019165810,10.20.30.2/16,-
20201019165812,10.77.1.1/24,3
20201019165814,10.20.30.2/16,7
20201019165815,10.20.30.1/16,74
20201019165816,10.77.1.1/24,7
20201019165817,10.20.30.1/16,1
20201019165818,10.77.1.2/24,-
20201019165819,10.20.30.2/16,-
20201019165821,192.168.1.2/24,-
20201019165822,192.168.1.1/24,95
20201019165823,10.77.1.2/24,-
20201019165824,192.168.1.1/24,8
20201019165825,10.20.30.2/16,3
20201019165826,10.20.30.2/16,94
20201019165827,192.168.1.2/24,1
20201019165828,10.20.30.2/16,6
20201019165829,10.77.1.2/24,5
20201019165830,192.168.1.2/24,8
20201019165831,10.20.30.2/16,96
20201019165833,10.20.30.1/16,-
20201019165834,10.20.30.1/16,5
20201019165835,10.77.1.2/24,67
20201019165836,192.168.1.1/24,1
20201019165837,10.77.1.2/24,57
20201019165839,192.168.1.1/24,7
20201019165840,10.20.30.1/16,-
20201019165841,10.77.1.2/24,99
20201019165842,10.77.1.2/24,-
20201019165843,192.168.1.1/24,-
20201019165844,10.20.30.1/16,7
20201019165845,192.168.1.1/24,21
20201019165846,10.77.1.1/24,6
20201019165847,192.168.1.2/24,62
20201019165848,10.20.30.1/16,-
20201019165849,10.20.30.2/16,4
20201019165850,192.168.1.2/24,3
20201019165851,192.168.1.2/24,5
20201019165852,192.168.1.2/24,60
20201019165854,10.20.30.1/16,7
20201019165855,10.20.30.1/16,18
20201019165856,10.77.1.2/24,91
20201019165857,10.77.1.2/24,-
20201019165858,10.77.1.1/24,3
20201019165859,192.168.1.1/24,8
20201019165900,192.168.1.2/24,-
20201019165902,192.168.1.2/24,-
20201019165903,192.168.1.2/24,-
20201019165904,10.20.30.2/16,2
20201019165905,10.20.30.1/16,1
20201019165906,192.168.1.2/24,9
20201019165908,192.168.1.1/24,3
20201019165909,192.168.1.2/24,19
20201019165910,10.20.30.1/16,2
20201019165911,10.20.30.2/16,27
20201019165912,192.168.1.1/24,-
20201019165913,192.168.1.2/24,40
20201019165914,10.77.1.2/24,3
20201019165916,10.77.1.2/24,-
20201019165918,10.77.1.1/24,-
20201019165920,10.77.1.2/24,18
20201019165921,10.20.30.2/16,1
20201019165922,192.168.1.1/24,2
20201019165923,10.77.1.1/24,-
20201019165924,10.20.30.1/16,-
20201019165925,10.20.30.1/16,-
20201019165926,10.77.1.1/24,2
20201019165928,10.20.30.1/16,3
20201019165929,192.168.1.1/24,4
20201019165931,10.77.1.2/24,5
20201019165932,192.168.1.1/24,4
20201019165933,192.168.1.2/24,8
20201019165934,10.77.1.2/24,-
20201019165936,192.168.1.1/24,2
20201019165937,10.20.30.2/16,8
20201019165938,192.168.1.1/24,-
20201019165939,10.77.1.1/24,-
20201019165940,10.77.1.2/24,9
20201019165941,192.168.1.1/24,2
20201019165942,10.77.1.2/24,3
20201019165943,10.20.30.1/16,-
20201019165945,192.168.1.2/24,5
20201019165946,192.168.1.2/24,6
20201019165947,192.168.1.1/24,71
20201019165948,192.168.1.1/24,53
20201019165949,10.20.30.1/16,9
20201019165950,10.77.1.1/24,26
20201019165951,10.77.1.1/24,-
20201019165953,10.20.30.2/16,4
20201019165954,10.20.30.1/16,3
20201019165955,10.77.1.2/24,42
20201019165956,192.168.1.1/24,-
20201019165958,10.20.30.2/16,8
20201019165959,10.20.30.2/16,6
20201019170001,10.20.30.2/16,2
20201019170002,10.77.1.1/24,13
20201019170004,10.77.1.2/24,40
20201019170005,192.168.1.1/24,0
20201019170006,10.20.30.2/16,-
20201019170007,10.77.1.2/24,1
20201019170008,192.168.1.2/24,-
20201019170009,192.168.1.2/24,-
20201019170010,10.77.1.1/24,2
20201019170011,10.77.1.2/24,2
20201019170013,10.77.1.2/24,77
20201019170014,10.20.30.1/16,-
20201019170015,192.168.1.1/24,8
20201019170016,192.168.1.2/24,-
20201019170017,192.168.1.1/24,35
20201019170018,192.168.1.2/24,-
20201019170019,192.168.1.2/24,2
20201019170020,192.168.1.2/24,-
20201019170021,192.168.1.2/24,6
20201019170022,192.168.1.1/24,78
20201019170023,10.20.30.1/16,26
20201019170025,10.20.30.1/16,-
20201019170026,10.20.30.1/16,16
20201019170027,10.77.1.2/24,5
20201019170029,10.77.1.2/24,97
20201019170030,10.20.30.2/16,-
20201019170032,192.168.1.1/24,27
20201019170033,10.77.1.1/24,6
20201019170034,10.20.30.1/16,8
20201019170036,10.20.30.2/16,-
20201019170037,192.168.1.1/24,-
20201019170039,192.168.1.1/24,87
20201019170040,192.168.1.2/24,9
20201019170041,192.168.1.1/24,5
20201019170042,10.77.1.1/24,42
20201019170043,10.20.30.2/16,3
20201019170044,192.168.1.1/24,55
20201019170045,10.20.30.1/16,2
20201019170046,192.168.1.2/24,-
20201019170047,10.77.1.1/24,18
20201019170049,10.20.30.1/16,9
20201019170050,10.77.1.2/24,7
20201019170051,192.168.1.2/24,-
20201019170052,10.20.30.1/16,-
20201019170053,192.168.1.2/24,9
20201019170055,192.168.1.1/24,4
20201019170056,192.168.1.1/24,19
20201019170057,10.20.30.1/16,10
20201019170059,10.77.1.2/24,-
20201019170100,10.20.30.1/16,6
20201019170102,10.20.30.1/16,-
20201019170104,192.168.1.1/24,-
20201019170105,192.168.1.1/24,-
20201019170106,192.168.1.2/24,-
20201019170107,10.20.30.1/16,1
20201019170108,192.168.1.1/24,-
20201019170110,10.20.30.1/16,4
20201019170111,10.77.1.1/24,8
20201019170112,10.20.30.2/16,-
20201019170113,10.20.30.1/16,3
20201019170114,10.77.1.2/24,8
20201019170115,10.77.1.1/24,0
20201019170116,192.168.1.2/24,8
20201019170118,192.168.1.2/24,7
20201019170119,10.20.30.2/16,-
20201019170121,10.20.30.1/16,96
20201019170122,192.168.1.1/24,5
20201019170123,10.77.1.2/24,1
20201019170124,192.168.1.1/24,4
20201019170125,10.77.1.1/24,4
20201019170126,192.168.1.1/24,-
20201019170128,192.168.1.2/24,92
20201019170129,10.20.30.1/16,5
20201019170130,10.77.1.1/24,5
20201019170131,10.77.1.1/24,-
20201019170132,192.168.1.1/24,4
20201019170133,10.20.30.2/16,11
20201019170134,10.77.1.1/24,-
20201019170135,10.20.30.2/16,33
20201019170136,192.168.1.1/24,-
20201019170138,10.77.1.2/24,22
20201019170139,10.20.30.2/16,9
20201019170140,10.20.30.1/16,6
20201019170141,10.20.30.1/16,1
20201019170142,10.77.1.2/24,-
20201019170143,192.168.1.2/24,15
20201019170144,192.168.1.2/24,51
20201019170145,192.168.1.2/24,17
20201019170146,10.20.30.1/16,29
20201019170148,192.168.1.1/24,56
20201019170149,192.168.1.2/24,6
20201019170150,10.20.30.1/16,-
20201019170152,10.77.1.2/24,5
20201019170153,192.168.1.1/24,3
20201019170155,10.77.1.1/24,16
20201019170157,192.168.1.2/24,4
20201019170158,10.20.30.2/16,-
20201019170159,10.20.30.1/16,1
20201019170200,10.20.30.2/16,9
20201019170201,192.168.1.2/24,2
20201019170202,192.168.1.2/24,1
20201019170203,10.20.30.1/16,4
20201019170204,192.168.1.1/24,9
20201019170205,192.168.1.2/24,6
20201019170206,10.77.1.2/24,1
20201019170208,192.168.1.2/24,8
20201019170209,192.168.1.2/24,38
20201019170210,10.20.30.1/16,8
20201019170211,10.77.1.1/24,6
20201019170212,10.77.1.2/24,70
20201019170213,10.77.1.1/24,8
20201019170214,10.77.1.2/24,5
20201019170215,10.20.30.1/16,-
20201019170217,192.168.1.1/24,19
20201019170218,10.77.1.1/24,-
20201019170219,192.168.1.2/24,4
20201019170220,192.168.1.1/24,9
20201019170221,10.77.1.2/24,66
20201019170222,10.77.1.2/24,6
20201019170224,10.20.30.1/16,4
20201019170226,10.20.30.1/16,2
20201019170227,192.168.1.2/24,3
20201019170228,192.168.1.1/24,9
20201019170230,10.20.30.1/16,98
20201019170231,10.77.1.2/24,-
20201019170233,192.168.1.1/24,7
20201019170234,192.168.1.1/24,3
20201019170236,10.20.30.2/16,9
20201019170237,10.20.30.2/16,-
20201019170238,10.77.1.2/24,5
20201019170239,10.77.1.1/24,80
20201019170240,192.168.1.2/24,39
20201019170241,10.77.1.1/24,8
20201019170243,10.77.1.2/24,7
20201019170244,192.168.1.1/24,-
20201019170245,10.77.1.1/24,-
20201019170246,10.77.1.2/24,7
20201019170248,10.20.30.2/16,54
20201019170250,10.77.1.1/24,11
20201019170251,10.77.1.2/24,81
20201019170252,10.20.30.1/16,1
20201019170253,192.168.1.1/24,-
20201019170254,192.168.1.1/24,5
20201019170255,192.168.1.1/24,4
20201019170256,10.20.30.1/16,8
20201019170257,10.77.1.2/24,-
20201019170258,192.168.1.1/24,-
20201019170259,10.20.30.1/16,26
20201019170300,192.168.1.2/24,-
20201019170301,192.168.1.1/24,-
20201019170302,192.168.1.2/24,7
20201019170303,192.168.1.1/24,72
20201019170304,192.168.1.1/24,2
20201019170305,10.20.30.2/16,4
20201019170307,192.168.1.2/24,-
20201019170309,192.168.1.1/24,8
20201019170310,192.168.1.2/24,5
20201019170311,192.168.1.1/24,8
20201019170312,10.77.1.1/24,8
20201019170313,10.77.1.2/24,3
20201019170314,192.168.1.2/24,1
20201019170315,10.20.30.2/16,9
20201019170316,10.20.30.1/16,9
20201019170317,192.168.1.2/24,87
20201019170319,10.77.1.2/24,71
20201019170320,10.20.30.1/16,17
20201019170321,192.168.1.2/24,-
20201019170323,192.168.1.1/24,7
20201019170324,192.168.1.1/24,-
20201019170325,10.20.30.1/16,43
20201019170326,192.168.1.2/24,98
20201019170327,192.168.1.1/24,2
20201019170328,192.168.1.1/24,2
20201019170329,192.168.1.2/24,-
20201019170330,10.77.1.1/24,22
20201019170331,10.77.1.2/24,1
20201019170333,10.77.1.1/24,-
20201019170335,10.20.30.2/16,11
20201019170336,10.77.1.1/24,5
20201019170338,10.20.30.1/16,5
20201019170339,10.20.30.1/16,5
20201019170340,192.168.1.2/24,49
20201019170341,10.77.1.2/24,22
20201019170342,10.20.30.1/16,70
20201019170343,10.20.30.1/16,19
20201019170344,10.77.1.2/24,1
20201019170345,10.20.30.2/16,49
20201019170346,10.77.1.2/24,6
20201019170347,10.77.1.2/24,-
20201019170349,192.168.1.1/24,24
20201019170350,10.20.30.2/16,7
20201019170351,10.77.1.1/24,56
20201019170352,10.77.1.1/24,-
20201019170353,192.168.1.2/24,5
20201019170354,10.77.1.1/24,20
20201019170355,10.20.30.2/16,-
20201019170357,10.20.30.2/16,5
20201019170358,10.20.30.1/16,1
20201019170359,192.168.1.2/24,4
20201019170400,192.168.1.1/24,32
20201019170401,10.20.30.1/16,6
20201019170403,10.20.30.1/16,51
20201019170404,10.20.30.1/16,5
20201019170405,10.20.30.2/16,-
20201019170406,192.168.1.1/24,-
20201019170407,192.168.1.1/24,-
20201019170409,192.168.1.2/24,2
20201019170411,10.20.30.1/16,6
20201019170413,192.168.1.1/24,7
20201019170414,192.168.1.2/24,-
20201019170415,192.168.1.1/24,4
20201019170416,10.20.30.2/16,3
20201019170417,10.77.1.2/24,6
20201019170419,10.77.1.1/24,-
20201019170420,10.20.30.1/16,34
20201019170421,10.20.30.1/16,-
20201019170422,10.77.1.2/24,1
20201019170423,192.168.1.1/24,-
20201019170424,192.168.1.1/24,-
20201019170426,10.20.30.1/16,-
20201019170427,192.168.1.2/24,-
20201019170428,192.168.1.1/24,6
20201019170430,192.168.1.1/24,3
20201019170431,10.20.30.1/16,17
20201019170432,10.77.1.1/24,-
20201019170433,10.20.30.2/16,-
20201019170434,10.77.1.1/24,7
20201019170435,10.77.1.1/24,-
20201019170436,192.168.1.1/24,7
20201019170437,10.77.1.2/24,7
20201019170438,10.20.30.2/16,9
20201019170440,10.20.30.2/16,1
20201019170441,10.20.30.1/16,7
20201019170442,192.168.1.2/24,8
20201019170443,10.77.1.2/24,-
20201019170444,192.168.1.1/24,-
20201019170445,192.168.1.2/24,6
20201019170447,10.77.1.1/24,77
20201019170449,10.20.30.1/16,3
20201019170450,192.168.1.1/24,10
20201019170451,10.20.30.1/16,7
20201019170452,10.77.1.2/24,2
20201019170454,10.20.30.2/16,1
20201019170456,10.77.1.1/24,61
20201019170457,10.77.1.2/24,4
20201019170458,192.168.1.2/24,4
20201019170459,10.20.30.2/16,-
20201019170500,10.77.1.1/24,82
20201019170501,192.168.1.2/24,-
20201019170503,10.77.1.2/24,2
20201019170504,192.168.1.2/24,5
20201019170505,10.20.30.2/16,2
20201019170506,10.20.30.2/16,-
20201019170507,10.77.1.1/24,4
20201019170508,10.77.1.2/24,3
20201019170509,192.168.1.2/24,7
20201019170510,10.20.30.2/16,5
20201019170511,192.168.1.1/24,3
20201019170512,192.168.1.2/24,5
20201019170514,10.20.30.2/16,4
20201019170515,192.168.1.1/24,9
20201019170517,192.168.1.1/24,7
20201019170518,10.20.30.2/16,-
20201019170519,10.77.1.2/24,12
20201019170520,10.77.1.1/24,66
20201019170522,192.168.1.1/24,7
20201019170524,10.20.30.2/16,10
20201019170526,10.77.1.1/24,3
20201019170527,10.20.30.1/16,8
20201019170529,10.77.1.1/24,6
20201019170531,10.77.1.1/24,5
20201019170533,192.168.1.1/24,4
20201019170534,192.168.1.2/24,4
20201019170535,10.20.30.2/16,26
20201019170536,192.168.1.2/24,53
20201019170537,10.77.1.2/24,7
20201019170538,10.20.30.2/16,71
20201019170539,192.168.1.1/24,46
20201019170541,192.168.1.2/24,-
20201019170542,192.168.1.2/24,-
20201019170544,192.168.1.1/24,-
20201019170545,192.168.1.2/24,3
20201019170546,192.168.1.2/24,-
20201019170547,10.77.1.1/24,5
20201019170548,10.77.1.2/24,1
20201019170549,192.168.1.1/24,-
20201019170550,10.77.1.2/24,6
20201019170552,192.168.1.1/24,3
20201019170553,10.77.1.2/24,-
20201019170554,10.20.30.1/16,-
20201019170556,10.77.1.2/24,61
20201019170557,10.20.30.1/16,9
20201019170558,192.168.1.2/24,7
20201019170559,192.168.1.2/24,5
20201019170600,10.20.30.2/16,4
20201019170601,192.168.1.1/24,23
20201019170602,192.168.1.1/24,-
20201019170603,192.168.1.1/24,7
20201019170604,10.77.1.1/24,9
20201019170605,192.168.1.1/24,92
20201019170607,10.20.30.2/16,-
20201019170608,10.20.30.1/16,-
20201019170609,10.20.30.1/16,75
20201019170610,10.77.1.1/24,23
20201019170611,192.168.1.1/24,45
20201019170612,10.20.30.1/16,13
20201019170613,192.168.1.2/24,77
20201019170615,10.77.1.2/24,7
20201019170616,10.20.30.2/16,10
20201019170617,10.77.1.1/24,-
20201019170619,10.20.30.2/16,-
20201019170620,10.77.1.2/24,80
20201019170621,10.77.1.1/24,66
20201019170622,10.20.30.1/16,80
20201019170624,192.168.1.2/24,8
20201019170626,10.20.30.2/16,-
20201019170627,10.20.30.1/16,-
20201019170628,10.77.1.1/24,-
20201019170630,192.168.1.2/24,-
20201019170631,192.168.1.1/24,6
20201019170633,10.77.1.2/24,3
20201019170635,10.77.1.2/24,6
20201019170636,10.20.30.2/16,8
20201019170637,192.168.1.1/24,8
20201019170638,10.20.30.1/16,-
20201019170639,192.168.1.1/24,97
20201019170640,10.77.1.2/24,6
20201019170641,192.168.1.2/24,6
20201019170642,10.20.30.2/16,-
20201019170643,10.20.30.1/16,34
20201019170644,10.77.1.1/24,9
20201019170645,10.77.1.1/24,5
20201019170647,10.20.30.2/16,7
20201019170648,192.168.1.1/24,6
20201019170649,10.77.1.1/24,-
20201019170650,10.20.30.2/16,9
20201019170651,10.77.1.2/24,6
20201019170652,10.77.1.1/24,7
20201019170653,10.77.1.1/24,-
20201019170655,192.168.1.2/24,52
20201019170656,10.20.30.2/16,8
20201019170657,10.20.30.2/16,4
20201019170659,10.77.1.1/24,7
20201019170700,10.20.30.2/16,19
20201019170701,192.168.1.2/24,-
20201019170702,10.77.1.1/24,9
20201019170703,10.77.1.2/24,2
20201019170704,10.77.1.2/24,18
20201019170706,192.168.1.1/24,9
20201019170708,10.77.1.1/24,1
20201019170710,10.20.30.1/16,7
20201019170711,192.168.1.1/24,2
20201019170712,192.168.1.2/24,-
20201019170713,10.20.30.1/16,8
20201019170714,192.168.1.1/24,4
20201019170715,10.20.30.1/16,1
20201019170717,192.168.1.1/24,8
20201019170719,10.77.1.2/24,8
20201019170720,192.168.1.2/24,1
20201019170721,10.20.30.2/16,1
20201019170722,10.20.30.2/16,-
20201019170724,10.20.30.1/16,2
20201019170725,10.20.30.1/16,1
20201019170726,10.20.30.1/16,2
20201019170727,192.168.1.1/24,6
20201019170728,192.168.1.1/24,-
20201019170730,10.20.30.2/16,7
20201019170731,10.77.1.1/24,1
20201019170732,192.168.1.1/24,7
20201019170733,10.77.1.2/24,46
20201019170734,10.77.1.2/24,-
20201019170735,10.20.30.1/16,4
20201019170736,10.77.1.1/24,-
20201019170737,10.20.30.1/16,5
20201019170739,10.20.30.1/16,1
20201019170740,10.77.1.2/24,-
20201019170741,192.168.1.1/24,5
20201019170742,10.20.30.1/16,1
20201019170743,192.168.1.2/24,8
20201019170744,10.77.1.1/24,53
20201019170745,10.77.1.2/24,97
20201019170746,10.77.1.2/24,-
20201019170747,10.20.30.1/16,52
20201019170748,10.20.30.2/16,47
20201019170749,10.20.30.2/16,64
20201019170750,10.20.30.1/16,56
20201019170752,10.77.1.2/24,4
20201019170753,10.20.30.1/16,8
20201019170754,10.77.1.1/24,-
20201019170756,192.168.1.2/24,-
20201019170757,10.20.30.1/16,2
20201019170758,10.20.30.2/16,7
20201019170800,10.20.30.1/16,-
20201019170802,10.20.30.1/16,58
20201019170803,192.168.1.1/24,-
20201019170804,10.20.30.1/16,-
20201019170805,10.20.30.1/16,8
20201019170806,10.20.30.2/16,1
20201019170807,10.20.30.1/16,5
20201019170808,10.77.1.2/24,-
20201019170810,192.168.1.1/24,23
20201019170812,10.77.1.1/24,2
20201019170813,10.77.1.2/24,7
20201019170814,192.168.1.2/24,-
20201019170816,192.168.1.1/24,65
20201019170817,10.20.30.1/16,34
20201019170818,10.77.1.2/24,56
20201019170819,10.77.1.2/24,8
20201019170821,10.77.1.1/24,-
20201019170822,10.77.1.2/24,-
20201019170823,192.168.1.2/24,3
20201019170824,10.77.1.2/24,17
20201019170826,192.168.1.1/24,3
20201019170827,10.20.30.2/16,-
20201019170828,10.77.1.2/24,76
20201019170829,10.77.1.2/24,8
20201019170830,10.20.30.2/16,7
20201019170831,192.168.1.2/24,3
20201019170832,192.168.1.1/24,73
20201019170833,192.168.1.2/24,7
20201019170834,10.20.30.2/16,-
20201019170835,192.168.1.1/24,9
20201019170836,10.77.1.1/24,4
20201019170838,10.20.30.1/16,6
20201019170840,192.168.1.2/24,5
20201019170841,192.168.1.1/24,4
20201019170842,10.20.30.1/16,4
20201019170843,10.77.1.1/24,9
20201019170844,10.77.1.1/24,6
20201019170845,10.20.30.1/16,10
20201019170847,192.168.1.2/24,4
20201019170848,10.20.30.1/16,6
20201019170849,10.20.30.2/16,-
20201019170851,10.20.30.2/16,7
20201019170853,10.20.30.1/16,28
20201019170854,192.168.1.2/24,89
20201019170855,192.168.1.1/24,-
20201019170856,10.20.30.1/16,3
20201019170858,10.20.30.2/16,-
20201019170859,10.77.1.1/24,27
20201019170900,10.20.30.1/16,11
20201019170901,192.168.1.2/24,-
20201019170903,192.168.1.1/24,54
20201019170904,10.20.30.2/16,-
20201019170906,10.77.1.1/24,1
20201019170907,10.77.1.2/24,-
20201019170908,10.77.1.2/24,6
20201019170910,10.20.30.1/16,3
20201019170912,192.168.1.2/24,-
20201019170913,10.77.1.2/24,13
20201019170914,10.77.1.1/24,-
20201019170915,192.168.1.1/24,66
20201019170916,10.77.1.1/24,-
20201019170917,192.168.1.1/24,8
20201019170918,10.77.1.1/24,65
20201019170919,10.77.1.2/24,3
20201019170920,192.168.1.2/24,48
20201019170921,192.168.1.1/24,-
20201019170922,10.77.1.2/24,94
20201019170923,10.20.30.1/16,62
20201019170924,10.77.1.1/24,1
20201019170925,10.20.30.1/16,1
20201019170927,10.77.1.2/24,0
20201019170928,10.20.30.2/16,-
20201019170929,10.20.30.2/16,76
20201019170931,192.168.1.1/24,7
20201019170933,192.168.1.2/24,94
20201019170935,192.168.1.2/24,84
20201019170936,10.20.30.2/16,8
20201019170937,192.168.1.1/24,4
20201019170938,192.168.1.1/24,-
20201019170940,192.168.1.1/24,90
20201019170941,10.20.30.1/16,33
20201019170943,10.77.1.1/24,2
20201019170944,192.168.1.1/24,2
20201019170945,10.20.30.1/16,-
20201019170946,192.168.1.1/24,-
20201019170948,10.77.1.2/24,4
20201019170949,10.20.30.2/16,-
20201019170950,192.168.1.2/24,5
20201019170952,10.77.1.1/24,51
20201019170953,10.20.30.1/16,7
20201019170955,10.20.30.1/16,-
20201019170956,192.168.1.2/24,95
20201019170957,10.77.1.1/24,7
20201019170958,10.77.1.2/24,2
20201019170959,10.77.1.2/24,4
20201019171000,10.20.30.1/16,82
20201019171001,192.168.1.2/24,7
20201019171003,10.20.30.2/16,35
20201019171005,10.20.30.1/16,7
20201019171006,10.77.1.2/24,3
20201019171007,192.168.1.2/24,-
20201019171008,10.20.30.2/16,-
20201019171009,10.20.30.1/16,-
20201019171010,192.168.1.1/24,4
20201019171012,192.168.1.2/24,38
20201019171014,10.77.1.1/24,81
20201019171015,10.20.30.2/16,5
20201019171017,10.77.1.1/24,12
20201019171018,10.20.30.1/16,8
20201019171019,192.168.1.1/24,-
20201019171020,192.168.1.1/24,2
20201019171021,10.20.30.2/16,6
20201019171022,10.20.30.1/16,3
20201019171024,10.77.1.1/24,2
20201019171025,192.168.1.2/24,3
20201019171026,10.77.1.2/24,88
20201019171027,192.168.1.1/24,2
20201019171028,192.168.1.2/24,7
20201019171030,10.77.1.1/24,6
20201019171031,192.168.1.1/24,-
20201019171032,10.77.1.1/24,4
20201019171034,10.77.1.1/24,9
20201019171035,10.77.1.1/24,-
20201019171036,10.20.30.1/16,-
20201019171037,10.20.30.2/16,-
20201019171038,10.20.30.2/16,9
20201019171039,10.20.30.2/16,-
20201019171040,192.168.1.1/24,7
20201019171041,10.77.1.1/24,8
20201019171042,10.77.1.1/24,8
20201019171043,10.20.30.2/16,5
20201019171044,10.77.1.1/24,2
20201019171045,10.20.30.1/16,49
20201019171046,10.20.30.1/16,4
20201019171047,10.77.1.1/24,1
20201019171048,10.20.30.2/16,-
20201019171050,10.20.30.1/16,7
20201019171051,10.77.1.2/24,8
20201019171053,10.77.1.2/24,4
20201019171054,10.20.30.2/16,33
20201019171055,10.77.1.1/24,6
20201019171056,10.77.1.2/24,51
20201019171058,10.20.30.2/16,42
20201019171059,192.168.1.1/24,6
20201019171100,10.20.30.1/16,87
20201019171101,192.168.1.2/24,-
20201019171102,10.20.30.1/16,5
20201019171103,192.168.1.1/24,4
20201019171104,10.20.30.2/16,10
20201019171105,10.77.1.2/24,35
20201019171107,10.77.1.1/24,8
20201019171108,10.20.30.1/16,-
20201019171109,10.20.30.2/16,7
20201019171111,10.77.1.2/24,8
20201019171112,10.77.1.1/24,-
20201019171113,10.77.1.1/24,12
20201019171114,192.168.1.2/24,-
20201019171115,10.77.1.2/24,77
20201019171116,10.77.1.1/24,4
20201019171117,192.168.1.1/24,7
20201019171118,10.20.30.2/16,7
20201019171119,192.168.1.2/24,9
20201019171120,10.20.30.2/16,8
20201019171121,10.20.30.1/16,4
20201019171123,192.168.1.2/24,-
20201019171124,192.168.1.1/24,1
20201019171125,10.20.30.1/16,1
20201019171126,10.77.1.1/24,1
20201019171128,192.168.1.2/24,2
20201019171129,10.77.1.1/24,6
20201019171130,192.168.1.2/24,-
20201019171131,10.77.1.2/24,14
20201019171132,192.168.1.1/24,4
20201019171134,192.168.1.1/24,5
20201019171135,10.77.1.2/24,5
20201019171136,192.168.1.2/24,5
20201019171138,192.168.1.2/24,7
20201019171139,10.77.1.1/24,8
20201019171140,10.20.30.2/16,-
20201019171141,10.77.1.1/24,64
20201019171142,192.168.1.1/24,7
20201019171143,10.77.1.2/24,5
20201019171144,10.77.1.1/24,6
20201019171146,10.20.30.1/16,2
20201019171147,10.77.1.2/24,3
20201019171149,10.77.1.2/24,6
20201019171150,10.77.1.1/24,69
20201019171151,10.20.30.1/16,1
20201019171152,10.77.1.1/24,7
20201019171153,10.20.30.1/16,8
20201019171154,10.20.30.1/16,-
20201019171155,192.168.1.1/24,7
20201019171156,10.20.30.2/16,8
20201019171157,10.77.1.1/24,33
20201019171158,10.77.1.1/24,-
20201019171159,10.77.1.2/24,4
20201019171200,10.20.30.1/16,6
20201019171202,10.20.30.1/16,-
20201019171203,10.20.30.2/16,9
20201019171205,10.77.1.2/24,9
20201019171206,10.20.30.1/16,2
20201019171208,192.168.1.1/24,51
20201019171210,10.77.1.1/24,7
20201019171211,10.77.1.2/24,9
20201019171212,10.20.30.2/16,7
20201019171214,10.77.1.1/24,3
20201019171215,192.168.1.2/24,5
20201019171216,192.168.1.1/24,5
20201019171217,192.168.1.1/24,1
20201019171218,192.168.1.2/24,-
20201019171219,192.168.1.1/24,7
20201019171220,192.168.1.1/24,4
20201019171221,10.20.30.2/16,61
20201019171222,10.77.1.1/24,7
20201019171224,10.20.30.2/16,5
20201019171225,10.77.1.2/24,3
20201019171226,10.20.30.2/16,2
20201019171227,10.20.30.2/16,9
20201019171228,192.168.1.1/24,20
20201019171229,10.77.1.1/24,19
20201019171230,10.20.30.1/16,-
20201019171231,10.20.30.2/16,15
20201019171232,10.77.1.1/24,8
20201019171234,10.77.1.1/24,6
20201019171235,10.77.1.1/24,-
20201019171236,192.168.1.1/24,2
20201019171237,10.77.1.2/24,86
20201019171238,192.168.1.1/24,2
20201019171239,10.20.30.2/16,3
20201019171240,192.168.1.1/24,1
20201019171241,192.168.1.1/24,27
20201019171242,10.77.1.1/24,5
20201019171243,192.168.1.1/24,-
20201019171244,10.20.30.2/16,9
20201019171246,192.168.1.2/24,1
20201019171247,192.168.1.2/24,7
20201019171248,10.77.1.2/24,5
20201019171249,192.168.1.2/24,97
20201019171250,10.20.30.2/16,88
20201019171252,10.77.1.1/24,4
20201019171253,10.20.30.2/16,-
20201019171254,192.168.1.1/24,-
20201019171255,10.20.30.2/16,91
20201019171256,10.77.1.2/24,73
20201019171257,10.77.1.2/24,9
20201019171258,192.168.1.1/24,1
20201019171259,192.168.1.1/24,8
20201019171300,192.168.1.1/24,9
20201019171301,10.77.1.1/24,4
20201019171302,10.20.30.1/16,4
20201019171303,10.20.30.2/16,6
20201019171304,192.168.1.2/24,4
20201019171305,10.77.1.2/24,-
20201019171307,10.77.1.2/24,-
20201019171309,10.20.30.2/16,3
20201019171310,192.168.1.1/24,73
20201019171311,10.77.1.1/24,-
20201019171312,10.20.30.1/16,9
20201019171313,10.20.30.2/16,8
20201019171314,10.20.30.1/16,-
20201019171315,10.77.1.1/24,40
20201019171317,10.20.30.1/16,-
20201019171319,10.77.1.2/24,3
20201019171321,10.77.1.2/24,-
20201019171322,10.77.1.1/24,6
20201019171323,10.20.30.1/16,3
20201019171324,10.20.30.2/16,12
20201019171326,10.20.30.2/16,1
20201019171328,10.77.1.1/24,9
20201019171329,10.77.1.1/24,7
20201019171330,10.77.1.1/24,2
20201019171331,10.77.1.2/24,3
20201019171332,10.20.30.2/16,4
20201019171333,10.20.30.2/16,6
20201019171334,192.168.1.1/24,42
20201019171336,10.20.30.1/16,4
20201019171338,10.20.30.2/16,-
20201019171340,192.168.1.2/24,-
20201019171341,10.20.30.2/16,2
20201019171343,10.77.1.2/24,7
20201019171344,192.168.1.2/24,-
20201019171346,10.77.1.1/24,6
20201019171347,192.168.1.2/24,2
20201019171348,10.77.1.1/24,7
20201019171349,10.77.1.1/24,2
20201019171350,10.20.30.2/16,2
20201019171352,10.77.1.1/24,11
20201019171353,192.168.1.1/24,74
20201019171355,10.20.30.2/16,-
20201019171356,10.20.30.2/16,3
20201019171357,10.77.1.1/24,-
20201019171358,10.77.1.1/24,15
20201019171359,10.77.1.2/24,22
20201019171400,10.77.1.1/24,-
20201019171402,10.77.1.1/24,3
20201019171403,192.168.1.2/24,-
20201019171404,192.168.1.2/24,3
20201019171405,192.168.1.1/24,47
20201019171406,192.168.1.2/24,8
20201019171408,192.168.1.1/24,6
20201019171409,192.168.1.1/24,2
20201019171410,10.20.30.2/16,7
20201019171411,192.168.1.1/24,7
20201019171412,10.77.1.2/24,-
20201019171413,192.168.1.2/24,-
20201019171414,10.20.30.2/16,2
20201019171415,10.77.1.2/24,7
20201019171416,10.77.1.2/24,6
20201019171417,192.168.1.2/24,9
20201019171419,10.20.30.2/16,2
20201019171420,10.77.1.1/24,3
20201019171421,192.168.1.2/24,47
20201019171422,192.168.1.1/24,3
20201019171423,10.20.30.1/16,60
20201019171424,10.20.30.2/16,6
20201019171425,10.77.1.2/24,4
20201019171426,192.168.1.1/24,4
20201019171428,192.168.1.1/24,2
20201019171429,10.77.1.1/24,5
20201019171431,192.168.1.2/24,2
20201019171433,192.168.1.2/24,3
20201019171434,10.20.30.2/16,2
20201019171435,10.20.30.1/16,3
20201019171436,10.20.30.2/16,79
20201019171437,192.168.1.2/24,4
20201019171439,10.77.1.2/24,17
20201019171440,10.77.1.2/24,-
20201019171441,10.77.1.2/24,-
20201019171442,10.77.1.1/24,-
20201019171443,10.77.1.2/24,5
20201019171445,192.168.1.1/24,2
20201019171446,10.77.1.1/24,-
20201019171447,10.20.30.2/16,6
20201019171449,10.20.30.1/16,6
20201019171450,192.168.1.1/24,5
20201019171451,10.20.30.2/16,9
20201019171453,10.77.1.1/24,7
20201019171454,10.77.1.1/24,95
20201019171455,10.20.30.1/16,7
20201019171456,10.77.1.2/24,7
20201019171457,192.168.1.2/24,-
20201019171458,10.20.30.1/16,10
20201019171459,192.168.1.1/24,9
20201019171500,10.77.1.2/24,1
20201019171501,192.168.1.1/24,3
20201019171503,10.77.1.2/24,6
20201019171504,192.168.1.2/24,9
20201019171506,192.168.1.2/24,-
20201019171507,192.168.1.1/24,4
20201019171508,192.168.1.2/24,-
20201019171509,192.168.1.2/24,-
20201019171510,192.168.1.1/24,-
20201019171511,10.77.1.2/24,7
20201019171512,10.77.1.1/24,1
20201019171513,10.77.1.2/24,8
20201019171514,10.77.1.2/24,8
20201019171515,10.77.1.1/24,9
20201019171516,10.77.1.1/24,3
20201019171517,10.77.1.2/24,2
20201019171518,10.20.30.2/16,7
20201019171520,192.168.1.1/24,75
20201019171521,192.168.1.1/24,9
20201019171522,10.20.30.1/16,9
20201019171523,10.77.1.1/24,2
20201019171524,192.168.1.1/24,2
20201019171525,10.77.1.2/24,6
20201019171526,192.168.1.2/24,8
20201019171527,10.20.30.2/16,-
20201019171528,192.168.1.2/24,7
20201019171529,10.20.30.1/16,-
20201019171530,10.77.1.1/24,1
20201019171531,10.20.30.2/16,58
20201019171532,192.168.1.2/24,47
20201019171534,10.20.30.2/16,45
20201019171536,10.77.1.1/24,3
20201019171537,10.20.30.2/16,17
20201019171538,192.168.1.2/24,-
20201019171540,10.77.1.1/24,-
20201019171541,192.168.1.2/24,-
20201019171542,10.20.30.2/16,5
20201019171543,10.20.30.1/16,8
20201019171544,192.168.1.1/24,10
20201019171545,192.168.1.1/24,1
20201019171546,192.168.1.2/24,1
20201019171547,10.77.1.1/24,5
20201019171548,10.20.30.2/16,6
20201019171549,10.77.1.2/24,-
20201019171550,192.168.1.1/24,2
20201019171551,192.168.1.2/24,-
20201019171552,10.20.30.1/16,4
20201019171553,192.168.1.1/24,3
20201019171554,10.20.30.1/16,9
20201019171555,10.20.30.2/16,6
20201019171556,10.77.1.2/24,-
20201019171557,192.168.1.2/24,1
20201019171558,192.168.1.2/24,-
20201019171559,10.20.30.1/16,17
20201019171600,10.20.30.2/16,4
20201019171601,10.77.1.1/24,-
20201019171602,10.20.30.1/16,-
20201019171604,10.77.1.2/24,-
20201019171605,192.168.1.1/24,3
20201019171606,192.168.1.1/24,89
20201019171607,192.168.1.1/24,-
20201019171608,192.168.1.1/24,4
20201019171609,10.77.1.2/24,24
20201019171610,10.20.30.1/16,-
20201019171611,10.20.30.2/16,5
20201019171612,10.77.1.2/24,23
20201019171613,192.168.1.2/24,72
20201019171614,10.77.1.1/24,7
20201019171615,192.168.1.1/24,82
20201019171616,10.20.30.1/16,5
20201019171618,10.20.30.1/16,-
20201019171619,192.168.1.1/24,1
20201019171621,10.77.1.1/24,2
20201019171622,10.77.1.2/24,61
20201019171623,10.77.1.1/24,68
20201019171624,192.168.1.2/24,-
20201019171625,10.20.30.2/16,3
20201019171626,192.168.1.1/24,29
20201019171627,10.77.1.1/24,1
20201019171628,10.20.30.2/16,8
20201019171629,10.20.30.1/16,6
20201019171630,10.77.1.1/24,35
20201019171632,192.168.1.2/24,22
20201019171633,10.20.30.2/16,84
20201019171634,10.20.30.2/16,2
20201019171635,10.20.30.2/16,-
20201019171636,10.77.1.1/24,6
20201019171637,192.168.1.2/24,-
20201019171638,192.168.1.1/24,34
20201019171639,10.20.30.2/16,96
20201019171641,10.20.30.2/16,7
20201019171642,192.168.1.2/24,5
20201019171644,10.77.1.2/24,-
20201019171645,10.77.1.2/24,8
20201019171647,10.77.1.2/24,5
20201019171648,10.20.30.1/16,83
20201019171649,10.77.1.2/24,10
20201019171650,192.168.1.1/24,65
20201019171651,192.168.1.1/24,25
20201019171652,192.168.1.1/24,14
20201019171653,10.20.30.2/16,2
20201019171654,192.168.1.1/24,-
20201019171656,10.77.1.2/24,77
20201019171657,192.168.1.1/24,44
20201019171658,10.20.30.2/16,6
20201019171659,10.20.30.2/16,-
20201019171700,10.77.1.1/24,-
20201019171701,10.20.30.1/16,-
20201019171702,192.168.1.2/24,1
20201019171704,10.20.30.2/16,1
20201019171705,192.168.1.1/24,3
20201019171706,192.168.1.2/24,1
20201019171708,10.77.1.1/24,3
20201019171709,10.20.30.2/16,-
20201019171710,10.77.1.1/24,4
20201019171711,10.77.1.2/24,-
20201019171712,10.20.30.1/16,6
20201019171713,192.168.1.2/24,3
20201019171714,10.77.1.1/24,7
20201019171716,192.168.1.2/24,55
20201019171717,10.20.30.1/16,4
20201019171718,10.77.1.2/24,9
20201019171719,10.20.30.2/16,6
20201019171720,10.77.1.1/24,-
20201019171722,192.168.1.2/24,39
20201019171723,10.20.30.2/16,7
20201019171724,192.168.1.1/24,-
20201019171725,192.168.1.2/24,-
20201019171726,192.168.1.2/24,14
20201019171727,192.168.1.2/24,5
20201019171728,10.77.1.1/24,6
20201019171730,10.77.1.1/24,-
20201019171731,10.20.30.1/16,5
20201019171732,10.77.1.1/24,-
20201019171733,10.77.1.1/24,17
20201019171734,192.168.1.1/24,1
20201019171735,192.168.1.1/24,4
20201019171737,192.168.1.2/24,12
20201019171738,192.168.1.1/24,2
20201019171739,192.168.1.1/24,99
20201019171740,10.77.1.2/24,-
20201019171742,192.168.1.1/24,67
20201019171744,10.77.1.2/24,1
20201019171745,192.168.1.1/24,9
20201019171746,192.168.1.1/24,-
20201019171747,10.20.30.2/16,1
20201019171748,10.20.30.2/16,7
20201019171749,10.20.30.2/16,4
20201019171750,192.168.1.1/24,54
20201019171752,10.77.1.2/24,92
20201019171754,10.20.30.2/16,19
20201019171755,10.77.1.2/24,5
20201019171756,192.168.1.2/24,-
20201019171757,10.20.30.2/16,-
20201019171759,192.168.1.2/24,4
20201019171801,192.168.1.2/24,8
20201019171802,10.20.30.2/16,48
20201019171803,10.20.30.1/16,18
20201019171804,192.168.1.2/24,-
20201019171805,10.77.1.2/24,-
20201019171806,192.168.1.2/24,6
20201019171807,10.77.1.2/24,41
20201019171808,192.168.1.1/24,88
20201019171809,10.20.30.1/16,3
20201019171810,10.20.30.1/16,56
20201019171811,10.77.1.1/24,64
20201019171812,192.168.1.2/24,-
20201019171814,10.20.30.1/16,39
20201019171816,10.20.30.2/16,2
20201019171817,192.168.1.1/24,9
20201019171819,10.77.1.2/24,-
20201019171820,10.20.30.1/16,2
20201019171822,192.168.1.2/24,-
20201019171823,10.77.1.2/24,-
20201019171825,10.77.1.2/24,-
20201019171827,192.168.1.1/24,6
20201019171829,10.20.30.2/16,26
20201019171830,10.20.30.2/16,10
20201019171831,192.168.1.1/24,5
20201019171832,192.168.1.1/24,36
20201019171833,192.168.1.1/24,9
20201019171834,10.20.30.2/16,-
20201019171835,10.20.30.1/16,7
20201019171836,192.168.1.1/24,1
20201019171838,10.77.1.1/24,6
20201019171839,10.77.1.1/24,8
20201019171840,10.77.1.2/24,5
20201019171842,10.20.30.1/16,3
20201019171843,10.77.1.1/24,22
20201019171844,10.20.30.1/16,39
20201019171845,10.77.1.1/24,8
20201019171846,10.20.30.2/16,-
20201019171847,10.20.30.1/16,-
20201019171849,10.77.1.2/24,4
20201019171850,10.20.30.1/16,22
20201019171852,192.168.1.2/24,3
20201019171853,192.168.1.1/24,5
20201019171855,192.168.1.1/24,-
20201019171856,192.168.1.2/24,-
20201019171857,10.77.1.2/24,4
20201019171858,192.168.1.1/24,-
20201019171859,192.168.1.1/24,47
20201019171900,192.168.1.1/24,28
20201019171901,10.77.1.1/24,12
20201019171902,192.168.1.2/24,79
20201019171903,192.168.1.1/24,13
20201019171904,10.20.30.1/16,6
20201019171905,10.20.30.1/16,4
20201019171906,10.20.30.2/16,16
20201019171908,10.77.1.2/24,-
20201019171910,10.77.1.2/24,7
20201019171911,10.20.30.2/16,8
20201019171912,10.20.30.1/16,11
20201019171914,10.20.30.1/16,1
20201019171915,10.77.1.1/24,5
20201019171916,10.77.1.1/24,2
20201019171918,192.168.1.1/24,9
20201019171920,192.168.1.1/24,81
20201019171921,192.168.1.1/24,4
20201019171923,10.77.1.1/24,96
20201019171924,192.168.1.1/24,2
20201019171926,10.20.30.1/16,3
20201019171927,10.77.1.2/24,8
20201019171928,192.168.1.2/24,60
20201019171929,192.168.1.1/24,28
20201019171931,192.168.1.2/24,3
20201019171933,10.20.30.2/16,2
20201019171934,192.168.1.2/24,7
20201019171935,192.168.1.2/24,-
20201019171936,192.168.1.2/24,-
20201019171937,10.20.30.1/16,14
20201019171939,10.20.30.2/16,2
20201019171941,10.77.1.1/24,24
20201019171942,10.77.1.2/24,-
20201019171943,10.20.30.2/16,65
20201019171944,192.168.1.1/24,7
20201019171945,10.20.30.2/16,7
20201019171946,10.77.1.2/24,12
20201019171947,10.20.30.1/16,5
20201019171948,192.168.1.1/24,2
20201019171949,10.77.1.1/24,5
20201019171950,192.168.1.1/24,-
20201019171951,10.77.1.2/24,-
20201019171952,192.168.1.1/24,2
20201019171953,10.20.30.2/16,4
20201019171954,10.20.30.2/16,80
20201019171955,10.20.30.2/16,4
20201019171957,10.77.1.1/24,10
20201019171958,192.168.1.1/24,8
20201019171959,10.77.1.1/24,5
20201019172000,10.20.30.1/16,5
20201019172001,192.168.1.1/24,9
20201019172002,192.168.1.2/24,56
20201019172003,10.20.30.2/16,55
20201019172005,192.168.1.2/24,-
20201019172006,10.20.30.1/16,16
20201019172007,10.77.1.2/24,6
20201019172008,192.168.1.2/24,8
20201019172009,192.168.1.1/24,3
20201019172010,10.77.1.2/24,49
20201019172011,192.168.1.1/24,3
20201019172012,10.77.1.1/24,5
20201019172013,192.168.1.1/24,6
20201019172015,10.20.30.2/16,-
20201019172017,10.20.30.2/16,20
20201019172019,10.20.30.1/16,3
20201019172020,192.168.1.2/24,7
20201019172022,10.20.30.1/16,35
20201019172023,192.168.1.1/24,-
20201019172024,10.77.1.1/24,9
20201019172026,10.77.1.1/24,2
20201019172027,10.20.30.2/16,6
20201019172028,10.77.1.2/24,71
20201019172029,192.168.1.1/24,2
20201019172030,10.20.30.2/16,1
20201019172032,10.77.1.2/24,-
20201019172033,10.77.1.1/24,-
20201019172034,10.20.30.1/16,22
20201019172036,10.77.1.2/24,27
20201019172037,192.168.1.2/24,11
20201019172038,192.168.1.2/24,3
20201019172039,10.77.1.2/24,5
20201019172040,192.168.1.2/24,6
20201019172041,10.77.1.2/24,-
20201019172042,10.20.30.2/16,48
20201019172043,192.168.1.2/24,-
20201019172044,10.77.1.2/24,1
20201019172045,10.20.30.1/16,3
20201019172046,10.77.1.1/24,22
20201019172047,10.20.30.2/16,3
20201019172049,10.20.30.2/16,-
20201019172050,192.168.1.1/24,6
20201019172051,192.168.1.2/24,2
20201019172052,192.168.1.2/24,6
20201019172053,192.168.1.2/24,33
20201019172054,192.168.1.1/24,64
20201019172055,10.77.1.1/24,7
20201019172057,192.168.1.2/24,-
20201019172059,10.20.30.1/16,7
20201019172100,10.77.1.1/24,9
20201019172101,10.77.1.1/24,84
20201019172102,192.168.1.1/24,2
20201019172103,192.168.1.1/24,-
20201019172104,10.77.1.1/24,-
20201019172105,192.168.1.2/24,8
20201019172107,192.168.1.1/24,49
20201019172108,10.77.1.1/24,-
20201019172109,10.20.30.1/16,7
20201019172110,10.77.1.2/24,7
20201019172112,10.20.30.2/16,-
20201019172113,10.20.30.2/16,2
20201019172114,192.168.1.1/24,2
20201019172116,10.77.1.1/24,6
20201019172117,10.77.1.2/24,10
20201019172118,10.77.1.2/24,6
20201019172119,10.77.1.1/24,6
20201019172120,192.168.1.2/24,-
20201019172122,10.20.30.1/16,4
20201019172124,192.168.1.2/24,25
20201019172126,10.20.30.1/16,85
20201019172127,192.168.1.1/24,-
20201019172128,192.168.1.2/24,2
20201019172129,10.20.30.1/16,42
20201019172131,192.168.1.2/24,9
20201019172132,192.168.1.2/24,52
20201019172133,10.20.30.2/16,5
20201019172135,10.20.30.1/16,2
20201019172136,10.77.1.2/24,7
20201019172137,10.20.30.1/16,9
20201019172138,192.168.1.2/24,4
20201019172139,192.168.1.1/24,4
20201019172141,192.168.1.1/24,-
20201019172142,10.77.1.1/24,2
20201019172143,10.20.30.1/16,59
20201019172144,192.168.1.1/24,3
20201019172145,192.168.1.2/24,9
20201019172146,10.20.30.2/16,7
20201019172147,10.20.30.2/16,-
20201019172148,10.77.1.2/24,6
20201019172149,10.20.30.1/16,-
20201019172150,10.20.30.1/16,3
20201019172151,10.20.30.2/16,-
20201019172152,10.77.1.2/24,48
20201019172153,192.168.1.1/24,-
20201019172154,192.168.1.1/24,4
20201019172155,192.168.1.2/24,6
20201019172157,10.20.30.1/16,-
20201019172158,10.77.1.1/24,8
20201019172159,192.168.1.2/24,22
20201019172201,10.20.30.1/16,-
20201019172202,10.77.1.2/24,-
20201019172203,192.168.1.2/24,4
20201019172204,10.20.30.1/16,-
20201019172205,10.20.30.2/16,49
20201019172206,10.20.30.2/16,9
20201019172208,192.168.1.1/24,-
20201019172209,10.77.1.2/24,-
20201019172210,192.168.1.1/24,5
20201019172211,10.20.30.1/16,8
20201019172212,10.20.30.1/16,-
20201019172213,192.168.1.2/24,-
20201019172214,192.168.1.1/24,61
20201019172215,10.77.1.1/24,3
20201019172217,10.20.30.2/16,94
20201019172218,192.168.1.1/24,7
20201019172219,10.77.1.1/24,6
20201019172220,10.77.1.2/24,7
20201019172221,10.77.1.1/24,3
20201019172222,10.20.30.2/16,11
20201019172223,10.20.30.1/16,3
20201019172224,10.20.30.2/16,8
20201019172225,192.168.1.1/24,13
20201019172226,10.20.30.2/16,3
20201019172227,10.77.1.1/24,5
20201019172228,10.20.30.1/16,7
20201019172229,10.77.1.2/24,-
20201019172231,10.20.30.1/16,5
20201019172232,192.168.1.2/24,-
20201019172233,192.168.1.2/24,-
20201019172234,10.77.1.2/24,4
20201019172235,10.20.30.1/16,88
20201019172236,192.168.1.2/24,4
20201019172237,10.77.1.2/24,7
20201019172238,192.168.1.2/24,-
20201019172239,10.77.1.2/24,45
20201019172240,10.77.1.1/24,7
20201019172242,10.20.30.1/16,-
20201019172243,192.168.1.1/24,-
20201019172244,192.168.1.2/24,10
20201019172245,10.20.30.1/16,10
20201019172246,192.168.1.1/24,9
20201019172247,192.168.1.1/24,8
20201019172248,192.168.1.2/24,5
20201019172250,10.20.30.2/16,16
20201019172252,192.168.1.2/24,3
20201019172253,10.20.30.1/16,4
20201019172254,192.168.1.2/24,40
20201019172256,192.168.1.1/24,2
20201019172258,10.77.1.2/24,-
20201019172259,10.20.30.1/16,92
20201019172300,10.77.1.2/24,7
20201019172301,192.168.1.1/24,83
20201019172303,10.77.1.1/24,8
20201019172305,10.20.30.1/16,-
20201019172306,192.168.1.2/24,3
20201019172307,10.77.1.1/24,3
20201019172308,10.20.30.1/16,7
20201019172309,10.20.30.2/16,-
20201019172310,10.77.1.1/24,7
20201019172312,192.168.1.2/24,3
20201019172313,10.77.1.2/24,1
20201019172315,10.20.30.1/16,3
20201019172317,10.20.30.2/16,-
20201019172318,192.168.1.2/24,11
20201019172320,192.168.1.2/24,7
20201019172322,10.77.1.2/24,2
20201019172323,192.168.1.1/24,-
20201019172325,192.168.1.1/24,2
20201019172326,192.168.1.1/24,-
20201019172327,10.20.30.1/16,6
20201019172328,10.20.30.1/16,-
20201019172330,192.168.1.1/24,-
20201019172331,10.77.1.1/24,92
20201019172332,192.168.1.2/24,71
20201019172333,10.77.1.1/24,-
20201019172334,10.77.1.2/24,-
20201019172336,10.77.1.1/24,42
20201019172337,10.20.30.1/16,93
20201019172338,10.77.1.1/24,5
20201019172340,192.168.1.1/24,7
20201019172341,10.20.30.1/16,1
20201019172342,10.20.30.2/16,11
20201019172343,10.20.30.1/16,7
20201019172345,10.77.1.1/24,-
20201019172346,10.77.1.2/24,5
20201019172347,10.77.1.2/24,2
20201019172348,10.77.1.2/24,9
20201019172349,10.20.30.1/16,7
20201019172350,192.168.1.1/24,4
20201019172351,192.168.1.1/24,4
20201019172352,10.77.1.1/24,-
20201019172353,10.77.1.1/24,13
20201019172354,10.20.30.1/16,9
20201019172355,10.20.30.1/16,3
20201019172357,192.168.1.1/24,-
20201019172358,10.77.1.2/24,5
20201019172400,10.77.1.1/24,2
20201019172402,192.168.1.1/24,8
20201019172403,192.168.1.1/24,9
20201019172404,192.168.1.1/24,62
20201019172405,10.20.30.1/16,56
20201019172407,192.168.1.1/24,69
20201019172408,10.20.30.2/16,3
20201019172409,10.77.1.2/24,-
20201019172410,10.20.30.2/16,-
20201019172411,192.168.1.1/24,8
20201019172412,10.20.30.1/16,6
20201019172413,10.77.1.2/24,5
20201019172414,10.77.1.1/24,6
20201019172415,192.168.1.2/24,-
20201019172416,10.20.30.2/16,55
20201019172417,192.168.1.2/24,8
20201019172418,192.168.1.2/24,-
20201019172419,10.20.30.2/16,-
20201019172420,10.20.30.1/16,34
20201019172421,10.77.1.1/24,8
20201019172422,192.168.1.1/24,89
20201019172423,192.168.1.2/24,2
20201019172424,10.20.30.1/16,14
20201019172425,10.20.30.2/16,-
20201019172427,10.20.30.1/16,5
20201019172429,10.77.1.1/24,18
20201019172431,10.77.1.2/24,-
20201019172432,192.168.1.1/24,-
20201019172433,10.77.1.1/24,2
20201019172434,192.168.1.2/24,5
20201019172435,10.77.1.1/24,-
20201019172436,10.77.1.2/24,-
20201019172438,192.168.1.1/24,2
20201019172439,10.20.30.2/16,89
20201019172440,192.168.1.2/24,3
20201019172441,10.20.30.1/16,-
20201019172442,10.20.30.1/16,61
20201019172443,10.20.30.1/16,14
20201019172444,10.20.30.2/16,8
20201019172445,10.77.1.1/24,-
20201019172446,10.20.30.1/16,10
20201019172448,10.20.30.1/16,53
20201019172449,10.20.30.2/16,-
20201019172450,10.77.1.1/24,7
20201019172451,10.20.30.2/16,1
20201019172453,10.77.1.1/24,2
20201019172454,192.168.1.1/24,-
20201019172456,10.20.30.1/16,19
20201019172457,192.168.1.2/24,2
20201019172458,10.20.30.1/16,3
20201019172459,192.168.1.1/24,40
20201019172500,10.77.1.1/24,-
20201019172501,192.168.1.1/24,6
20201019172502,10.77.1.2/24,-
20201019172503,192.168.1.1/24,-
20201019172504,10.20.30.1/16,48
20201019172505,192.168.1.2/24,-
20201019172506,10.77.1.2/24,-
20201019172507,10.20.30.1/16,10
20201019172509,10.77.1.1/24,8
20201019172511,192.168.1.2/24,11
20201019172513,10.77.1.2/24,6
20201019172514,10.77.1.1/24,1
20201019172515,192.168.1.1/24,8
20201019172517,192.168.1.1/24,12
20201019172519,10.20.30.2/16,97
20201019172521,192.168.1.1/24,55
20201019172523,192.168.1.1/24,5
20201019172524,192.168.1.1/24,6
20201019172526,10.77.1.1/24,5
20201019172527,10.77.1.1/24,5
20201019172528,10.20.30.2/16,12
20201019172529,10.20.30.1/16,69
20201019172530,10.20.30.2/16,5
20201019172531,10.20.30.2/16,48
20201019172532,10.20.30.2/16,1
20201019172533,10.20.30.2/16,4
20201019172534,192.168.1.2/24,10
20201019172535,192.168.1.1/24,9
20201019172536,10.20.30.1/16,4
20201019172537,10.77.1.2/24,69
20201019172538,10.20.30.2/16,3
20201019172539,10.20.30.1/16,-
20201019172540,10.77.1.2/24,-
20201019172541,10.20.30.1/16,1
20201019172542,10.77.1.1/24,-
20201019172543,10.20.30.1/16,3
20201019172544,10.20.30.1/16,4
20201019172545,10.77.1.1/24,5
20201019172546,192.168.1.1/24,39
20201019172547,192.168.1.2/24,-
20201019172548,10.77.1.2/24,3
20201019172549,192.168.1.1/24,7
20201019172550,10.20.30.1/16,4
20201019172552,10.20.30.1/16,2
20201019172553,192.168.1.2/24,9
20201019172554,10.20.30.1/16,-
20201019172556,192.168.1.2/24,3
20201019172557,192.168.1.2/24,76
20201019172559,10.20.30.2/16,-
20201019172600,10.20.30.2/16,6
20201019172601,10.77.1.1/24,31
20201019172603,10.77.1.2/24,2
20201019172605,192.168.1.1/24,-
20201019172606,10.77.1.1/24,-
20201019172607,10.77.1.2/24,6
20201019172608,10.77.1.2/24,1
20201019172609,10.77.1.2/24,-
20201019172610,10.20.30.2/16,9
20201019172611,10.77.1.1/24,81
20201019172612,192.168.1.1/24,49
20201019172614,10.20.30.1/16,9
20201019172616,10.20.30.1/16,9
20201019172617,192.168.1.2/24,-
20201019172618,10.20.30.2/16,6
20201019172619,192.168.1.1/24,-
20201019172620,10.20.30.1/16,-
20201019172622,192.168.1.2/24,31
20201019172623,10.77.1.1/24,-
20201019172625,10.20.30.1/16,8
20201019172626,192.168.1.1/24,32
20201019172627,10.20.30.1/16,6
20201019172628,10.20.30.2/16,-
20201019172629,10.77.1.1/24,8
20201019172631,10.77.1.1/24,1
20201019172632,10.20.30.2/16,5
20201019172633,10.20.30.1/16,-
20201019172634,10.77.1.2/24,7
20201019172635,10.77.1.2/24,8
20201019172636,192.168.1.2/24,-
20201019172638,192.168.1.1/24,25
20201019172639,10.20.30.2/16,1
20201019172640,192.168.1.1/24,2
20201019172641,10.77.1.1/24,28
20201019172642,10.20.30.2/16,-
20201019172644,10.20.30.1/16,-
20201019172645,10.77.1.1/24,8
20201019172646,192.168.1.2/24,4
20201019172647,10.20.30.2/16,9
20201019172649,10.77.1.2/24,5
20201019172651,192.168.1.1/24,5
20201019172652,10.77.1.2/24,2
20201019172653,10.20.30.2/16,-
20201019172654,10.20.30.2/16,9
20201019172656,192.168.1.1/24,15
20201019172657,10.20.30.2/16,-
20201019172658,10.77.1.1/24,-
20201019172659,192.168.1.2/24,49
20201019172700,10.20.30.1/16,14
20201019172701,10.20.30.2/16,45
20201019172702,10.77.1.2/24,8
20201019172703,10.77.1.2/24,-
20201019172704,192.168.1.2/24,-
20201019172706,10.77.1.2/24,-
20201019172707,10.20.30.1/16,16
20201019172708,10.77.1.1/24,5
20201019172709,192.168.1.1/24,2
20201019172710,192.168.1.1/24,65
20201019172711,192.168.1.2/24,82
20201019172713,10.77.1.2/24,23
20201019172714,10.20.30.1/16,7
20201019172715,10.20.30.1/16,7
20201019172716,192.168.1.1/24,-
20201019172717,10.20.30.1/16,41
20201019172718,10.77.1.2/24,-
20201019172719,192.168.1.2/24,-
20201019172720,10.77.1.1/24,42
20201019172721,10.77.1.1/24,-
20201019172722,192.168.1.2/24,-
20201019172723,192.168.1.2/24,17
20201019172725,192.168.1.2/24,54
20201019172727,10.20.30.1/16,3
20201019172728,10.20.30.1/16,-
20201019172729,10.20.30.2/16,-
20201019172730,192.168.1.2/24,4
20201019172731,192.168.1.2/24,6
20201019172732,192.168.1.1/24,8
20201019172733,192.168.1.2/24,33
20201019172734,10.77.1.2/24,-
20201019172736,192.168.1.1/24,4
20201019172737,10.77.1.1/24,-
20201019172738,192.168.1.1/24,8
20201019172740,192.168.1.2/24,7
20201019172742,192.168.1.2/24,-
20201019172743,192.168.1.1/24,1
20201019172744,10.20.30.2/16,18
20201019172745,10.20.30.1/16,7
20201019172746,10.20.30.2/16,69
20201019172747,10.20.30.1/16,2
20201019172748,10.20.30.2/16,8
20201019172750,10.20.30.2/16,7
20201019172752,10.77.1.2/24,-
20201019172754,192.168.1.1/24,6
20201019172755,192.168.1.1/24,2
20201019172756,10.77.1.1/24,5
20201019172757,10.20.30.1/16,6
20201019172758,192.168.1.2/24,99
20201019172759,10.20.30.1/16,5
20201019172800,10.77.1.1/24,7
20201019172801,10.77.1.1/24,14
20201019172802,192.168.1.1/24,-
20201019172803,192.168.1.2/24,3
20201019172804,10.20.30.2/16,5
20201019172806,192.168.1.2/24,-
20201019172807,10.77.1.2/24,4
20201019172808,192.168.1.2/24,-
20201019172810,10.77.1.1/24,7
20201019172812,10.77.1.2/24,-
20201019172813,10.77.1.1/24,89
20201019172814,10.77.1.2/24,6
20201019172815,10.20.30.1/16,-
20201019172816,10.20.30.1/16,-
20201019172818,10.77.1.2/24,6
20201019172820,10.77.1.1/24,13
20201019172821,192.168.1.1/24,1
20201019172823,10.77.1.1/24,6
20201019172824,192.168.1.1/24,1
20201019172825,10.77.1.1/24,1
20201019172827,10.77.1.2/24,4
20201019172828,10.77.1.2/24,4
20201019172829,10.20.30.1/16,88
20201019172831,10.77.1.2/24,-
20201019172833,10.77.1.2/24,3
20201019172834,192.168.1.2/24,57
20201019172835,192.168.1.1/24,4
20201019172836,192.168.1.2/24,27
20201019172837,10.77.1.2/24,9
20201019172838,10.20.30.2/16,24
20201019172839,10.77.1.2/24,3
20201019172840,192.168.1.1/24,-
20201019172841,10.77.1.2/24,-
20201019172842,10.77.1.1/24,8
20201019172844,10.77.1.2/24,6
20201019172845,10.77.1.2/24,1
20201019172846,10.77.1.2/24,11
20201019172847,10.20.30.2/16,50
20201019172848,10.77.1.1/24,4
20201019172849,192.168.1.1/24,41
20201019172850,10.77.1.1/24,1
20201019172851,192.168.1.1/24,53
20201019172852,10.77.1.1/24,31
20201019172854,10.77.1.2/24,90
20201019172855,10.20.30.2/16,-
20201019172856,192.168.1.2/24,-
20201019172857,10.20.30.1/16,90
20201019172858,10.20.30.1/16,-
20201019172859,192.168.1.2/24,6
20201019172900,10.77.1.1/24,6
20201019172901,10.20.30.1/16,-
20201019172902,192.168.1.2/24,26
20201019172903,10.20.30.2/16,72
20201019172904,10.77.1.1/24,2
20201019172905,10.77.1.2/24,7
20201019172906,10.20.30.1/16,1
20201019172907,192.168.1.1/24,1
20201019172908,192.168.1.2/24,43
20201019172910,192.168.1.2/24,45
20201019172912,192.168.1.2/24,3
20201019172913,10.77.1.1/24,-
20201019172914,10.77.1.1/24,10
20201019172915,192.168.1.1/24,9
20201019172916,192.168.1.2/24,3
20201019172917,10.20.30.2/16,32
20201019172918,192.168.1.2/24,5
20201019172919,192.168.1.2/24,36
20201019172920,192.168.1.1/24,17
20201019172922,10.20.30.2/16,67
20201019172923,10.77.1.1/24,6
20201019172925,10.20.30.1/16,22
20201019172926,192.168.1.2/24,34
20201019172927,10.20.30.2/16,10
20201019172929,192.168.1.1/24,-
20201019172930,192.168.1.2/24,4
20201019172932,192.168.1.1/24,-
20201019172933,192.168.1.1/24,2
20201019172934,10.20.30.1/16,-
20201019172935,10.77.1.1/24,19
20201019172936,10.77.1.1/24,-
20201019172938,10.20.30.1/16,56
20201019172940,10.77.1.2/24,-
20201019172941,192.168.1.2/24,7
20201019172942,192.168.1.2/24,5
20201019172943,192.168.1.1/24,-
20201019172944,10.20.30.1/16,-
20201019172946,10.77.1.1/24,10
20201019172947,192.168.1.1/24,4
20201019172948,10.20.30.2/16,7
20201019172949,10.20.30.2/16,5
20201019172950,192.168.1.1/24,6
20201019172951,10.20.30.1/16,-
20201019172952,10.20.30.1/16,-
20201019172953,10.20.30.2/16,27
20201019172954,10.77.1.2/24,58
20201019172955,192.168.1.1/24,-
20201019172956,10.77.1.1/24,5
20201019172957,10.20.30.2/16,6
20201019172958,10.20.30.1/16,-
20201019172959,192.168.1.1/24,9
20201019173000,10.77.1.2/24,25
20201019173001,10.20.30.1/16,51
20201019173002,192.168.1.1/24,2
20201019173003,192.168.1.1/24,-
20201019173004,192.168.1.2/24,-
20201019173005,10.77.1.1/24,88
20201019173006,10.20.30.1/16,5
20201019173007,192.168.1.2/24,2
20201019173008,192.168.1.1/24,5
20201019173009,10.77.1.1/24,81
20201019173010,192.168.1.1/24,9
20201019173012,10.77.1.2/24,-
20201019173013,10.77.1.1/24,8
20201019173014,10.20.30.1/16,7
20201019173016,10.20.30.2/16,3
20201019173017,192.168.1.2/24,46
20201019173018,10.77.1.2/24,49
20201019173020,10.20.30.2/16,9
20201019173021,192.168.1.2/24,48
20201019173022,10.20.30.2/16,23
20201019173023,10.77.1.2/24,1
20201019173024,10.20.30.1/16,-
20201019173025,10.20.30.1/16,37
20201019173026,10.77.1.1/24,-
20201019173027,10.77.1.2/24,1
20201019173028,192.168.1.1/24,5
20201019173029,192.168.1.2/24,-
20201019173030,10.77.1.1/24,9
20201019173031,10.20.30.2/16,3
20201019173032,192.168.1.1/24,3
20201019173033,10.20.30.2/16,9
20201019173035,10.20.30.1/16,23
20201019173036,10.20.30.2/16,6
20201019173037,192.168.1.2/24,-
20201019173039,10.20.30.2/16,-
20201019173041,10.77.1.1/24,-
20201019173042,10.77.1.2/24,6
20201019173043,10.77.1.2/24,1
20201019173044,192.168.1.1/24,4
20201019173045,192.168.1.1/24,5
20201019173046,192.168.1.1/24,38
20201019173047,10.77.1.2/24,55
20201019173048,10.20.30.2/16,8
20201019173049,10.77.1.2/24,3
20201019173050,192.168.1.2/24,7
20201019173051,10.77.1.2/24,9
20201019173052,192.168.1.1/24,-
20201019173053,10.77.1.2/24,8
20201019173054,192.168.1.1/24,96
20201019173055,10.20.30.1/16,-
20201019173056,10.77.1.2/24,2
20201019173057,10.20.30.1/16,29
20201019173059,192.168.1.1/24,-
20201019173100,10.20.30.2/16,93
20201019173101,10.77.1.2/24,24
20201019173102,10.77.1.2/24,53
20201019173103,10.20.30.1/16,-
20201019173105,192.168.1.2/24,2
20201019173107,10.20.30.2/16,2
20201019173108,10.20.30.2/16,7
20201019173109,10.77.1.1/24,-
20201019173110,10.20.30.2/16,8
20201019173112,10.77.1.1/24,-
20201019173113,192.168.1.1/24,-
20201019173114,10.77.1.1/24,30
20201019173115,10.20.30.2/16,23
20201019173116,10.77.1.2/24,2
20201019173117,192.168.1.1/24,-
20201019173118,192.168.1.1/24,7
20201019173119,10.20.30.1/16,5
20201019173120,192.168.1.1/24,-
20201019173121,10.20.30.2/16,18
20201019173122,10.77.1.1/24,6
20201019173123,10.20.30.2/16,6
20201019173124,10.77.1.1/24,10
20201019173126,192.168.1.1/24,-
20201019173128,10.77.1.2/24,4
20201019173129,10.77.1.1/24,7
20201019173130,10.20.30.1/16,8
20201019173131,10.77.1.1/24,6
20201019173132,10.20.30.2/16,-
20201019173134,192.168.1.2/24,7
20201019173135,192.168.1.2/24,4
20201019173136,192.168.1.1/24,-
20201019173138,10.77.1.1/24,2
20201019173140,10.20.30.2/16,32
20201019173141,10.77.1.1/24,1
20201019173143,10.77.1.2/24,56
20201019173144,10.77.1.2/24,20
20201019173145,10.77.1.2/24,67
20201019173146,10.20.30.2/16,63
20201019173147,10.77.1.2/24,1
20201019173148,192.168.1.2/24,9
20201019173149,10.77.1.2/24,13
20201019173150,192.168.1.1/24,62
20201019173151,10.77.1.1/24,33
20201019173152,192.168.1.1/24,4
20201019173154,192.168.1.1/24,9
20201019173155,10.77.1.2/24,1
20201019173156,10.20.30.1/16,-
20201019173157,192.168.1.2/24,-
20201019173158,10.20.30.1/16,5
20201019173159,10.77.1.2/24,-
20201019173200,10.20.30.1/16,2
20201019173201,192.168.1.1/24,-
20201019173202,192.168.1.1/24,8
20201019173203,192.168.1.2/24,1
20201019173204,192.168.1.1/24,47
20201019173205,192.168.1.2/24,-
20201019173206,192.168.1.2/24,44
20201019173207,10.77.1.1/24,2
20201019173208,10.20.30.1/16,39
20201019173209,10.77.1.1/24,-
20201019173210,192.168.1.1/24,-
20201019173212,192.168.1.1/24,-
20201019173213,192.168.1.1/24,49
20201019173214,10.20.30.2/16,1
20201019173215,192.168.1.1/24,5
20201019173216,10.77.1.1/24,46
20201019173217,10.77.1.2/24,3
20201019173218,192.168.1.1/24,11
20201019173219,10.20.30.2/16,7
20201019173220,192.168.1.2/24,36
20201019173221,10.20.30.2/16,7
20201019173223,192.168.1.2/24,6
20201019173225,10.77.1.1/24,3
20201019173226,10.20.30.2/16,19
20201019173228,192.168.1.2/24,-
20201019173229,192.168.1.2/24,10
20201019173231,192.168.1.1/24,3
20201019173232,10.77.1.1/24,47
20201019173233,10.77.1.1/24,-
20201019173234,10.77.1.1/24,6
20201019173235,10.20.30.1/16,16
20201019173236,10.20.30.1/16,6
20201019173237,10.20.30.2/16,-
20201019173238,10.20.30.1/16,2
20201019173239,10.20.30.1/16,1
20201019173240,10.20.30.1/16,8
20201019173241,10.20.30.1/16,6
20201019173242,10.77.1.1/24,-
20201019173243,10.77.1.2/24,-
20201019173245,10.77.1.2/24,-
20201019173246,10.20.30.2/16,-
20201019173248,10.20.30.1/16,9
20201019173249,10.77.1.1/24,5
20201019173250,10.77.1.1/24,4
20201019173251,10.20.30.1/16,-
20201019173253,10.77.1.2/24,-
20201019173255,10.77.1.2/24,-
20201019173256,10.20.30.2/16,-
20201019173258,10.20.30.1/16,8
20201019173259,10.20.30.1/16,-
20201019173300,10.20.30.1/16,-
20201019173302,10.77.1.1/24,-
20201019173303,10.77.1.2/24,8
20201019173305,10.20.30.1/16,91
20201019173307,10.20.30.1/16,1
20201019173309,192.168.1.2/24,9
20201019173310,10.20.30.2/16,3
20201019173311,10.20.30.1/16,9
20201019173312,10.77.1.1/24,4
20201019173314,192.168.1.1/24,6
20201019173315,10.77.1.2/24,-
20201019173316,10.20.30.2/16,66
20201019173317,192.168.1.2/24,1
20201019173318,10.20.30.1/16,-
20201019173319,192.168.1.1/24,9
20201019173320,10.20.30.2/16,6
20201019173322,192.168.1.2/24,6
20201019173323,10.20.30.1/16,-
20201019173324,10.20.30.1/16,-
20201019173325,192.168.1.2/24,8
20201019173326,10.20.30.2/16,3
20201019173327,10.20.30.2/16,4
20201019173329,10.77.1.1/24,52
20201019173330,10.20.30.2/16,8
20201019173331,192.168.1.2/24,1
20201019173333,10.20.30.1/16,10
20201019173335,192.168.1.1/24,8
20201019173336,10.77.1.1/24,5
20201019173337,10.20.30.1/16,7
20201019173339,192.168.1.2/24,-
20201019173340,10.77.1.1/24,36
20201019173341,192.168.1.2/24,8
20201019173342,10.77.1.2/24,-
20201019173343,192.168.1.1/24,-
20201019173344,10.77.1.1/24,-
20201019173345,10.77.1.1/24,84
20201019173346,192.168.1.2/24,4
20201019173347,192.168.1.2/24,16
20201019173349,10.77.1.1/24,10
20201019173350,192.168.1.1/24,7
20201019173351,192.168.1.1/24,43
20201019173352,10.20.30.2/16,5
20201019173353,10.77.1.1/24,22
20201019173354,192.168.1.2/24,-
20201019173356,192.168.1.2/24,89
20201019173357,10.20.30.2/16,5
20201019173358,192.168.1.1/24,2
20201019173359,10.77.1.2/24,-
20201019173400,10.20.30.2/16,9
20201019173401,10.20.30.1/16,-
20201019173403,10.77.1.2/24,8
20201019173405,10.20.30.2/16,88
20201019173406,10.77.1.1/24,-
20201019173407,192.168.1.1/24,52
20201019173408,10.20.30.2/16,-
20201019173409,10.77.1.1/24,10
20201019173410,192.168.1.2/24,-
20201019173412,10.20.30.2/16,-
20201019173413,10.77.1.2/24,2
20201019173415,192.168.1.1/24,8
20201019173416,10.20.30.2/16,5
20201019173417,192.168.1.2/24,-
20201019173418,10.20.30.1/16,6
20201019173419,10.20.30.2/16,4
20201019173421,10.77.1.1/24,9
20201019173422,10.20.30.1/16,5
20201019173424,10.77.1.2/24,82
20201019173425,10.77.1.2/24,-
20201019173427,10.77.1.2/24,17
20201019173428,10.77.1.2/24,-
20201019173429,10.77.1.1/24,11
20201019173430,10.77.1.2/24,52
20201019173431,10.77.1.1/24,90
20201019173432,10.20.30.2/16,-
20201019173433,10.20.30.2/16,-
20201019173434,10.20.30.2/16,57
20201019173435,10.20.30.1/16,2
20201019173436,10.77.1.2/24,1
20201019173437,10.77.1.2/24,97
20201019173438,192.168.1.2/24,51
20201019173439,10.20.30.1/16,60
20201019173440,10.77.1.1/24,75
20201019173442,10.77.1.1/24,15
20201019173443,10.20.30.1/16,-
20201019173444,192.168.1.1/24,9
20201019173445,10.77.1.2/24,-
20201019173447,10.20.30.1/16,28
20201019173448,10.20.30.1/16,16
20201019173449,10.20.30.1/16,5
20201019173450,10.77.1.1/24,-
20201019173451,10.20.30.1/16,10
20201019173452,10.20.30.1/16,42
20201019173453,10.77.1.1/24,-
20201019173454,10.20.30.2/16,4
20201019173455,192.168.1.2/24,9
20201019173457,192.168.1.2/24,9
20201019173458,10.20.30.1/16,-
20201019173459,10.20.30.2/16,1
20201019173500,10.20.30.2/16,-
20201019173501,192.168.1.2/24,3
20201019173502,192.168.1.1/24,4
20201019173503,10.20.30.2/16,11
20201019173504,10.20.30.2/16,7
20201019173505,10.20.30.1/16,-
20201019173507,10.77.1.1/24,5
20201019173508,10.77.1.1/24,6
20201019173509,10.77.1.2/24,2
20201019173510,192.168.1.2/24,1
20201019173511,192.168.1.2/24,59
20201019173512,10.20.30.2/16,35
20201019173513,192.168.1.1/24,-
20201019173515,10.20.30.1/16,-
20201019173516,10.20.30.2/16,-
20201019173518,192.168.1.2/24,88
20201019173519,10.77.1.1/24,-
20201019173521,10.77.1.1/24,7
20201019173522,192.168.1.2/24,5
20201019173523,192.168.1.2/24,6
20201019173524,10.20.30.2/16,6
20201019173525,10.77.1.1/24,4
20201019173527,192.168.1.2/24,-
20201019173529,10.77.1.2/24,9
20201019173530,10.20.30.2/16,92
20201019173531,10.77.1.1/24,24
20201019173532,192.168.1.1/24,7
20201019173534,10.20.30.1/16,38
20201019173536,10.77.1.2/24,2
20201019173537,10.20.30.1/16,27
20201019173538,10.20.30.1/16,62
20201019173539,10.20.30.2/16,5
20201019173540,10.20.30.1/16,-
20201019173541,10.77.1.1/24,58
20201019173542,10.77.1.1/24,94
20201019173543,10.77.1.2/24,17
20201019173544,10.77.1.1/24,4
20201019173546,192.168.1.1/24,-
20201019173547,10.77.1.1/24,91
20201019173548,10.77.1.2/24,1
20201019173549,10.20.30.2/16,4
20201019173550,10.77.1.2/24,0
20201019173552,10.77.1.2/24,9
20201019173553,192.168.1.2/24,-
20201019173554,10.20.30.1/16,75
20201019173556,10.20.30.1/16,2
20201019173557,10.20.30.2/16,9
20201019173558,10.77.1.1/24,71
20201019173559,10.77.1.2/24,64
20201019173600,192.168.1.2/24,-
20201019173601,10.20.30.2/16,9
20201019173603,10.20.30.2/16,3
20201019173604,10.20.30.1/16,-
20201019173605,10.20.30.2/16,1
20201019173606,10.77.1.1/24,90
20201019173607,192.168.1.1/24,1
20201019173608,192.168.1.1/24,2
20201019173609,10.77.1.1/24,2
20201019173611,10.20.30.2/16,6
20201019173613,192.168.1.1/24,9
20201019173614,192.168.1.2/24,-
20201019173615,10.77.1.2/24,2
20201019173616,192.168.1.2/24,7
20201019173617,10.20.30.1/16,-
20201019173618,10.20.30.2/16,9
20201019173619,10.20.30.1/16,2
20201019173620,10.20.30.2/16,1
20201019173621,10.77.1.1/24,8
20201019173622,192.168.1.2/24,1
20201019173623,10.20.30.1/16,9
20201019173625,192.168.1.1/24,9
20201019173626,10.77.1.1/24,39
20201019173627,192.168.1.1/24,-
20201019173629,10.77.1.1/24,-
20201019173630,10.77.1.2/24,34
20201019173631,10.20.30.1/16,4
20201019173632,10.77.1.2/24,12
20201019173634,192.168.1.1/24,48
20201019173635,192.168.1.1/24,93
20201019173636,10.77.1.2/24,64
20201019173637,10.77.1.2/24,8
20201019173638,10.20.30.2/16,3
20201019173639,10.20.30.1/16,2
20201019173640,192.168.1.2/24,-
20201019173641,10.77.1.1/24,-
20201019173642,10.20.30.2/16,-
20201019173643,10.20.30.1/16,4
20201019173645,10.77.1.2/24,-
20201019173647,10.77.1.2/24,-
20201019173649,192.168.1.2/24,2
20201019173650,10.20.30.2/16,2
20201019173652,192.168.1.1/24,17
20201019173653,192.168.1.1/24,7
20201019173654,192.168.1.2/24,84
20201019173656,10.20.30.2/16,-
20201019173657,192.168.1.2/24,-
20201019173658,192.168.1.2/24,84
20201019173700,192.168.1.2/24,6
20201019173701,10.20.30.2/16,5
20201019173702,10.77.1.2/24,6
20201019173703,10.20.30.1/16,2
20201019173705,10.77.1.1/24,6
20201019173706,192.168.1.2/24,-
20201019173707,192.168.1.1/24,7
20201019173708,192.168.1.2/24,-
20201019173709,10.20.30.1/16,-
20201019173711,192.168.1.2/24,5
20201019173712,192.168.1.1/24,-
20201019173713,10.20.30.2/16,6
20201019173714,192.168.1.1/24,9
20201019173715,192.168.1.2/24,8
20201019173717,10.77.1.2/24,3
20201019173718,10.77.1.2/24,2
20201019173719,10.77.1.1/24,5
20201019173720,10.77.1.1/24,5
20201019173721,10.20.30.2/16,8
20201019173722,10.20.30.2/16,5
20201019173723,192.168.1.1/24,-
20201019173724,10.77.1.2/24,9
20201019173725,192.168.1.1/24,3
20201019173727,10.77.1.1/24,2
20201019173728,10.77.1.2/24,33
20201019173729,10.77.1.1/24,5
20201019173730,192.168.1.2/24,2
20201019173731,192.168.1.1/24,7
20201019173732,10.77.1.1/24,1
20201019173733,10.77.1.2/24,4
20201019173734,10.20.30.2/16,-
20201019173735,192.168.1.2/24,54
20201019173737,192.168.1.1/24,9
20201019173739,10.20.30.2/16,-
20201019173740,10.77.1.2/24,51
20201019173741,10.20.30.2/16,-
20201019173742,10.20.30.1/16,-
20201019173744,192.168.1.2/24,6
20201019173745,10.77.1.2/24,5
20201019173746,192.168.1.2/24,1
20201019173748,10.20.30.1/16,1
20201019173749,10.77.1.2/24,5
20201019173751,10.20.30.1/16,4
20201019173753,10.77.1.1/24,9
20201019173754,10.77.1.1/24,1
20201019173755,192.168.1.1/24,1
20201019173756,10.77.1.2/24,7
20201019173758,10.20.30.1/16,-
20201019173800,192.168.1.2/24,-
20201019173802,10.20.30.1/16,1
20201019173803,192.168.1.2/24,1
20201019173804,10.77.1.2/24,25
20201019173805,10.77.1.2/24,7
20201019173807,10.77.1.1/24,9
20201019173809,10.77.1.2/24,6
20201019173810,10.20.30.1/16,5
20201019173811,10.20.30.1/16,1
20201019173812,10.77.1.2/24,-
20201019173813,10.77.1.2/24,-
20201019173814,192.168.1.1/24,-
20201019173815,192.168.1.1/24,53
20201019173816,10.77.1.2/24,-
20201019173818,10.20.30.2/16,46
20201019173819,192.168.1.1/24,-
20201019173820,192.168.1.2/24,18
20201019173822,10.77.1.2/24,28
20201019173823,192.168.1.2/24,2
20201019173825,10.20.30.2/16,17
20201019173826,192.168.1.2/24,-
20201019173827,10.20.30.2/16,-
20201019173828,10.20.30.1/16,3
20201019173829,10.20.30.2/16,43
20201019173830,192.168.1.1/24,-
20201019173831,192.168.1.1/24,12
20201019173833,10.20.30.2/16,2
20201019173834,10.20.30.2/16,12
20201019173835,10.77.1.2/24,31
20201019173836,10.20.30.1/16,6
20201019173838,192.168.1.2/24,4
20201019173839,10.77.1.1/24,5
20201019173840,10.20.30.2/16,36
20201019173841,10.77.1.2/24,19
20201019173842,10.20.30.1/16,28
20201019173843,10.20.30.1/16,7
20201019173844,10.77.1.2/24,3
20201019173845,10.20.30.2/16,5
20201019173846,192.168.1.1/24,1
20201019173848,10.20.30.2/16,-
20201019173849,192.168.1.2/24,3
20201019173850,10.77.1.2/24,8
20201019173852,192.168.1.1/24,6
20201019173853,192.168.1.1/24,-
20201019173854,192.168.1.1/24,53
20201019173855,192.168.1.1/24,9
20201019173857,10.77.1.2/24,9
20201019173858,192.168.1.1/24,9
20201019173859,10.77.1.2/24,-
20201019173900,192.168.1.2/24,2
20201019173901,10.77.1.1/24,-
20201019173902,10.77.1.1/24,8
20201019173903,192.168.1.1/24,-
20201019173904,192.168.1.2/24,-
20201019173905,192.168.1.1/24,2
20201019173906,10.20.30.2/16,4
20201019173907,10.20.30.2/16,4
20201019173908,10.77.1.1/24,63
20201019173909,10.77.1.1/24,18
20201019173910,10.77.1.2/24,4
20201019173911,192.168.1.2/24,2
20201019173913,192.168.1.2/24,-
20201019173914,10.20.30.2/16,4
20201019173915,10.20.30.1/16,20
20201019173916,10.77.1.2/24,-
20201019173917,10.77.1.2/24,4
20201019173918,192.168.1.2/24,-
20201019173919,10.77.1.2/24,3
20201019173920,10.20.30.1/16,-
20201019173921,10.20.30.2/16,8
20201019173922,10.20.30.2/16,14
20201019173923,192.168.1.2/24,3
20201019173924,10.20.30.1/16,3
20201019173925,192.168.1.1/24,3
20201019173926,10.20.30.1/16,48
20201019173927,192.168.1.1/24,9
20201019173928,192.168.1.1/24,56
20201019173929,192.168.1.1/24,50
20201019173930,192.168.1.1/24,1
20201019173931,10.20.30.1/16,-
20201019173932,10.77.1.1/24,61
20201019173934,10.20.30.2/16,-
20201019173935,192.168.1.2/24,6
20201019173936,192.168.1.1/24,1
20201019173937,10.77.1.2/24,28
20201019173938,10.77.1.2/24,7
20201019173940,10.20.30.2/16,5
20201019173942,10.20.30.1/16,7
20201019173943,10.77.1.1/24,-
20201019173944,10.20.30.2/16,4
20201019173945,10.20.30.2/16,9
20201019173946,192.168.1.1/24,8
20201019173947,10.20.30.1/16,87
20201019173948,10.20.30.1/16,2
20201019173950,10.77.1.2/24,6
20201019173951,192.168.1.1/24,66
20201019173952,10.20.30.1/16,-
20201019173954,10.20.30.2/16,5
20201019173955,10.20.30.1/16,1
20201019173957,192.168.1.2/24,-
20201019173959,10.20.30.2/16,4
20201019174000,10.20.30.2/16,-
20201019174001,10.20.30.2/16,-
20201019174002,10.77.1.1/24,64
20201019174003,10.77.1.1/24,9
20201019174004,10.20.30.1/16,6
20201019174005,192.168.1.1/24,9
20201019174006,10.20.30.2/16,-
20201019174008,192.168.1.1/24,8
20201019174009,10.20.30.1/16,-
20201019174010,10.77.1.2/24,-
20201019174012,192.168.1.1/24,-
20201019174013,192.168.1.2/24,97
20201019174014,10.77.1.2/24,7
20201019174015,192.168.1.2/24,77
20201019174016,192.168.1.2/24,28
20201019174017,10.20.30.1/16,4
20201019174018,10.77.1.2/24,7
20201019174019,10.20.30.1/16,3
20201019174020,10.77.1.1/24,-
20201019174021,10.77.1.2/24,32
20201019174023,10.20.30.2/16,-
20201019174024,192.168.1.1/24,16
20201019174025,10.20.30.1/16,3
20201019174026,10.77.1.2/24,9
20201019174027,10.77.1.2/24,15
20201019174028,192.168.1.2/24,10
20201019174029,10.20.30.1/16,23
20201019174030,192.168.1.2/24,-
20201019174031,192.168.1.2/24,4
20201019174032,192.168.1.2/24,63
20201019174033,192.168.1.2/24,23
20201019174035,192.168.1.1/24,3
20201019174036,10.20.30.2/16,-
20201019174037,10.20.30.2/16,42
20201019174038,10.77.1.1/24,52
20201019174039,192.168.1.1/24,-
20201019174040,10.20.30.2/16,3
20201019174041,192.168.1.2/24,5
20201019174042,10.77.1.2/24,11
20201019174044,192.168.1.2/24,7
20201019174046,10.20.30.2/16,5
20201019174047,10.77.1.1/24,18
20201019174048,192.168.1.2/24,2
20201019174049,10.20.30.1/16,4
20201019174050,10.20.30.1/16,8
20201019174051,10.77.1.2/24,4
20201019174052,10.77.1.1/24,-
20201019174053,10.77.1.1/24,9
20201019174054,192.168.1.1/24,75
20201019174055,192.168.1.1/24,6
20201019174057,10.77.1.2/24,21
20201019174058,10.77.1.1/24,10
20201019174059,10.20.30.2/16,-
20201019174100,192.168.1.2/24,23
20201019174101,10.77.1.1/24,60
20201019174102,10.77.1.1/24,7
20201019174103,10.20.30.2/16,7
20201019174104,192.168.1.2/24,3
20201019174106,10.77.1.1/24,9
20201019174107,10.77.1.2/24,4
20201019174109,10.77.1.2/24,36
20201019174110,192.168.1.1/24,4
20201019174112,192.168.1.1/24,72
20201019174113,192.168.1.2/24,96
20201019174114,10.77.1.2/24,-
20201019174115,10.20.30.1/16,9
20201019174116,192.168.1.2/24,-
20201019174117,10.20.30.1/16,6
20201019174118,10.20.30.2/16,7
20201019174119,10.77.1.1/24,4
20201019174120,192.168.1.2/24,9
20201019174121,10.77.1.2/24,16
20201019174122,10.20.30.1/16,-
20201019174123,10.77.1.1/24,4
20201019174125,192.168.1.2/24,60
20201019174127,10.20.30.1/16,5
20201019174128,10.20.30.1/16,15
20201019174130,10.20.30.1/16,2
20201019174131,192.168.1.2/24,34
20201019174132,10.77.1.1/24,1
20201019174133,10.20.30.1/16,2
20201019174134,10.20.30.1/16,9
20201019174136,192.168.1.2/24,33
20201019174137,10.77.1.2/24,-
20201019174139,10.20.30.1/16,99
20201019174140,192.168.1.2/24,29
20201019174141,10.77.1.1/24,-
20201019174142,10.77.1.1/24,-
20201019174143,10.77.1.1/24,3
20201019174144,192.168.1.1/24,3
20201019174146,10.77.1.2/24,-
20201019174147,10.77.1.2/24,8
20201019174148,10.20.30.1/16,8
20201019174150,10.77.1.1/24,1
20201019174151,10.77.1.2/24,7
20201019174152,10.20.30.2/16,8
20201019174153,10.77.1.1/24,2
20201019174155,192.168.1.2/24,7
20201019174156,192.168.1.1/24,9
20201019174157,10.77.1.1/24,-
20201019174158,10.20.30.1/16,3
20201019174159,10.77.1.1/24,-
20201019174200,10.77.1.2/24,1
20201019174202,10.77.1.2/24,5
20201019174203,10.20.30.1/16,-
20201019174205,192.168.1.2/24,-
20201019174206,192.168.1.1/24,1
20201019174207,192.168.1.1/24,3
20201019174208,192.168.1.2/24,9
20201019174209,192.168.1.2/24,-
20201019174211,10.77.1.2/24,-
20201019174212,10.20.30.2/16,1
20201019174213,10.20.30.2/16,8
20201019174214,10.20.30.1/16,5
20201019174216,10.77.1.1/24,-
20201019174218,192.168.1.2/24,4
20201019174220,10.20.30.1/16,-
20201019174222,10.20.30.1/16,-
20201019174224,10.20.30.2/16,51
20201019174225,10.77.1.1/24,4
20201019174226,192.168.1.2/24,-
20201019174227,10.77.1.1/24,5
20201019174228,192.168.1.1/24,-
20201019174229,10.20.30.2/16,-
20201019174230,192.168.1.2/24,-
20201019174231,10.20.30.1/16,4
20201019174233,10.77.1.1/24,25
20201019174235,10.77.1.1/24,5
20201019174236,10.20.30.2/16,2
20201019174237,10.77.1.2/24,-
20201019174239,10.77.1.2/24,4
20201019174240,192.168.1.2/24,15
20201019174241,10.77.1.1/24,5
20201019174242,10.20.30.1/16,96
20201019174244,10.20.30.1/16,7
20201019174245,10.20.30.2/16,-
20201019174246,192.168.1.2/24,-
20201019174247,192.168.1.1/24,3
20201019174248,192.168.1.1/24,-
20201019174249,10.77.1.1/24,4
20201019174251,10.77.1.1/24,67
20201019174252,10.20.30.1/16,-
20201019174253,10.20.30.2/16,74
20201019174254,10.20.30.2/16,6
20201019174255,192.168.1.1/24,-
20201019174256,10.77.1.1/24,4
20201019174258,10.77.1.2/24,8
20201019174259,10.20.30.1/16,-
20201019174300,10.20.30.2/16,2
20201019174301,10.77.1.2/24,7
20201019174302,10.20.30.2/16,-
20201019174303,10.77.1.2/24,7
20201019174304,10.77.1.1/24,23
20201019174305,10.77.1.1/24,-
20201019174307,10.77.1.2/24,25
20201019174308,10.20.30.2/16,3
20201019174309,192.168.1.1/24,47
20201019174310,192.168.1.1/24,9
20201019174312,10.77.1.2/24,-
20201019174313,10.20.30.2/16,39
20201019174314,10.77.1.1/24,4
20201019174315,10.20.30.1/16,5
20201019174316,10.20.30.2/16,-
20201019174317,10.20.30.2/16,-
20201019174318,192.168.1.2/24,-
20201019174319,10.20.30.1/16,28
20201019174320,192.168.1.1/24,2
20201019174321,10.77.1.2/24,7
20201019174323,192.168.1.1/24,8
20201019174324,192.168.1.2/24,6
20201019174325,10.77.1.2/24,3
20201019174326,192.168.1.2/24,4
20201019174327,10.77.1.2/24,3
20201019174328,10.20.30.1/16,5
20201019174329,192.168.1.1/24,3
20201019174330,192.168.1.1/24,3
20201019174332,10.77.1.1/24,82
20201019174333,10.77.1.2/24,19
20201019174334,10.77.1.1/24,64
20201019174336,192.168.1.1/24,4
20201019174337,192.168.1.2/24,4
20201019174338,10.77.1.1/24,59
20201019174339,10.77.1.2/24,9
20201019174340,192.168.1.1/24,-
20201019174341,10.77.1.2/24,9
20201019174342,192.168.1.2/24,-
20201019174343,10.77.1.1/24,2
20201019174344,192.168.1.1/24,3
20201019174346,192.168.1.2/24,67
20201019174347,10.20.30.1/16,4
20201019174348,10.20.30.1/16,1
20201019174349,10.77.1.2/24,-
20201019174350,10.20.30.1/16,5
20201019174351,192.168.1.2/24,81
20201019174352,10.20.30.2/16,9
20201019174354,10.77.1.2/24,4
20201019174355,10.77.1.2/24,7
20201019174356,192.168.1.1/24,-
20201019174358,192.168.1.1/24,4
20201019174400,10.77.1.1/24,14
20201019174401,192.168.1.2/24,-
20201019174403,10.77.1.1/24,8
20201019174405,10.77.1.1/24,1
20201019174406,192.168.1.1/24,1
20201019174407,10.77.1.1/24,99
20201019174408,10.20.30.2/16,33
20201019174409,10.77.1.2/24,3
20201019174410,192.168.1.1/24,5
20201019174411,192.168.1.2/24,80
20201019174412,192.168.1.1/24,45
20201019174413,10.20.30.2/16,3
20201019174414,10.77.1.2/24,9
20201019174415,10.77.1.1/24,67
20201019174416,10.77.1.1/24,-
20201019174417,192.168.1.1/24,3
20201019174418,10.77.1.2/24,5
20201019174419,10.20.30.1/16,7
20201019174420,192.168.1.2/24,25
20201019174421,10.20.30.1/16,79
20201019174422,10.20.30.1/16,2
20201019174423,192.168.1.2/24,5
20201019174424,10.20.30.2/16,-
20201019174426,10.77.1.1/24,-
20201019174427,10.77.1.1/24,14
20201019174428,192.168.1.1/24,7
20201019174429,10.20.30.1/16,4
20201019174430,10.20.30.1/16,16
20201019174432,10.77.1.2/24,7
20201019174433,192.168.1.1/24,-
20201019174435,192.168.1.2/24,6
20201019174436,10.77.1.1/24,-
20201019174438,192.168.1.2/24,61
20201019174439,192.168.1.2/24,40
20201019174440,192.168.1.1/24,-
20201019174441,10.20.30.1/16,70
20201019174443,10.20.30.1/16,33
20201019174444,10.20.30.2/16,5
20201019174445,192.168.1.1/24,6
20201019174447,192.168.1.2/24,5
20201019174448,10.20.30.1/16,-
20201019174449,10.77.1.1/24,-
20201019174450,10.77.1.2/24,-
20201019174451,192.168.1.2/24,-
20201019174452,10.20.30.2/16,-
20201019174453,192.168.1.2/24,6
20201019174454,10.77.1.1/24,7
20201019174455,192.168.1.1/24,7
20201019174456,192.168.1.1/24,5
20201019174457,192.168.1.2/24,25
20201019174458,192.168.1.2/24,-
20201019174500,10.77.1.1/24,4
20201019174501,10.20.30.2/16,94
20201019174503,10.77.1.1/24,57
20201019174504,10.77.1.2/24,5
20201019174505,192.168.1.1/24,-
20201019174506,10.20.30.2/16,8
20201019174508,10.77.1.1/24,-
20201019174510,10.77.1.1/24,13
20201019174512,10.20.30.2/16,-
20201019174513,10.77.1.1/24,9
20201019174514,10.20.30.1/16,3
20201019174515,10.20.30.1/16,7
20201019174516,192.168.1.2/24,34
20201019174517,10.20.30.2/16,-
20201019174518,192.168.1.2/24,17
20201019174519,10.20.30.1/16,4
20201019174520,10.77.1.1/24,-
20201019174522,10.77.1.2/24,60
20201019174523,10.20.30.1/16,7
20201019174524,192.168.1.1/24,9
20201019174526,192.168.1.2/24,93
20201019174527,10.77.1.2/24,5
20201019174529,10.77.1.2/24,-
20201019174531,192.168.1.1/24,-
20201019174532,192.168.1.1/24,7
20201019174533,192.168.1.2/24,3
20201019174534,10.77.1.1/24,2
20201019174535,10.77.1.1/24,3
20201019174536,10.77.1.2/24,7
20201019174538,10.20.30.1/16,76
20201019174540,10.20.30.1/16,7
20201019174541,192.168.1.1/24,51
20201019174542,10.77.1.2/24,7
20201019174544,192.168.1.1/24,-
20201019174546,10.20.30.1/16,6
20201019174547,192.168.1.2/24,8
20201019174549,10.20.30.1/16,3
20201019174551,192.168.1.1/24,-
20201019174552,10.77.1.1/24,6
20201019174553,192.168.1.2/24,86
20201019174554,192.168.1.1/24,77
20201019174555,10.20.30.1/16,1
20201019174556,192.168.1.2/24,-
20201019174558,10.77.1.2/24,9
20201019174559,10.20.30.1/16,-
20201019174600,10.77.1.2/24,1
20201019174601,10.20.30.2/16,4
20201019174602,192.168.1.2/24,3
20201019174603,192.168.1.2/24,70
20201019174604,192.168.1.2/24,-
20201019174605,192.168.1.2/24,12
20201019174606,192.168.1.2/24,9
20201019174607,192.168.1.2/24,5
20201019174608,10.77.1.2/24,17
20201019174609,10.20.30.2/16,9
20201019174610,10.77.1.1/24,-
20201019174611,10.20.30.2/16,6
20201019174613,10.20.30.2/16,15
20201019174614,10.20.30.2/16,61
20201019174615,10.77.1.1/24,7
20201019174616,192.168.1.1/24,-
20201019174618,192.168.1.1/24,13
20201019174619,192.168.1.1/24,12
20201019174620,10.77.1.2/24,26
20201019174621,10.77.1.2/24,5
20201019174622,10.20.30.1/16,3
20201019174623,10.20.30.1/16,49
20201019174624,192.168.1.2/24,1
20201019174625,10.20.30.1/16,9
20201019174626,10.77.1.1/24,7
20201019174627,10.77.1.2/24,4
20201019174628,192.168.1.2/24,45
20201019174629,192.168.1.1/24,7
20201019174630,192.168.1.2/24,2
20201019174631,192.168.1.1/24,6
20201019174632,192.168.1.2/24,88
20201019174633,10.20.30.1/16,-
20201019174634,192.168.1.2/24,9
20201019174635,192.168.1.2/24,4
20201019174637,10.77.1.1/24,20
20201019174638,192.168.1.1/24,16
20201019174639,10.77.1.2/24,7
20201019174640,10.77.1.2/24,37
20201019174641,192.168.1.1/24,3
20201019174642,10.20.30.1/16,5
20201019174644,10.77.1.2/24,67
20201019174646,10.20.30.1/16,7
20201019174647,192.168.1.1/24,20
20201019174648,10.77.1.2/24,5
20201019174650,10.20.30.2/16,9
20201019174651,192.168.1.2/24,2
20201019174652,10.20.30.2/16,-
20201019174653,10.77.1.2/24,8
20201019174654,192.168.1.2/24,-
20201019174655,10.20.30.1/16,1
20201019174656,192.168.1.1/24,-
20201019174657,192.168.1.2/24,8
20201019174658,10.20.30.1/16,10
20201019174700,10.20.30.2/16,10
20201019174702,10.20.30.1/16,3
20201019174703,10.77.1.1/24,-
20201019174704,10.77.1.1/24,-
20201019174705,192.168.1.1/24,3
20201019174706,10.20.30.2/16,4
20201019174708,10.20.30.1/16,8
20201019174709,10.20.30.1/16,2
20201019174710,10.20.30.1/16,87
20201019174711,10.77.1.2/24,5
20201019174712,192.168.1.1/24,-
20201019174713,10.20.30.1/16,65
20201019174714,10.77.1.1/24,10
20201019174716,192.168.1.1/24,8
20201019174717,10.20.30.1/16,-
20201019174718,10.20.30.1/16,11
20201019174719,10.77.1.2/24,46
20201019174720,192.168.1.1/24,7
20201019174721,192.168.1.1/24,6
20201019174722,10.77.1.2/24,7
20201019174724,10.77.1.1/24,3
20201019174725,10.77.1.1/24,10
20201019174726,10.20.30.1/16,-
20201019174727,192.168.1.2/24,-
20201019174728,10.20.30.2/16,17
20201019174729,10.20.30.1/16,16
20201019174730,10.20.30.1/16,5
20201019174731,10.20.30.1/16,10
20201019174732,192.168.1.1/24,5
20201019174733,10.77.1.2/24,-
20201019174734,192.168.1.2/24,9
20201019174735,10.20.30.1/16,-
20201019174736,10.77.1.1/24,9
20201019174737,10.20.30.2/16,5
20201019174738,10.77.1.2/24,5
20201019174739,192.168.1.1/24,5
20201019174741,10.77.1.1/24,-
20201019174743,192.168.1.2/24,59
20201019174745,10.77.1.2/24,7
20201019174746,10.20.30.2/16,9
20201019174747,192.168.1.2/24,-
20201019174749,10.77.1.1/24,5
20201019174750,10.20.30.2/16,9
20201019174751,192.168.1.1/24,8
20201019174753,10.77.1.1/24,17
20201019174754,10.20.30.1/16,-
20201019174756,192.168.1.2/24,12
20201019174758,192.168.1.1/24,6
20201019174800,10.77.1.2/24,3
20201019174801,192.168.1.2/24,7
20201019174802,192.168.1.1/24,-
20201019174803,192.168.1.1/24,2
20201019174804,10.20.30.2/16,2
20201019174805,192.168.1.1/24,6
20201019174806,10.20.30.2/16,88
20201019174807,192.168.1.1/24,-
20201019174808,192.168.1.1/24,-
20201019174809,10.77.1.2/24,2
20201019174810,10.77.1.2/24,9
20201019174811,192.168.1.1/24,89
20201019174812,10.77.1.1/24,7
20201019174813,10.20.30.2/16,-
20201019174814,10.77.1.1/24,87
20201019174815,192.168.1.1/24,3
20201019174816,192.168.1.1/24,4
20201019174817,10.20.30.1/16,6
20201019174818,192.168.1.1/24,6
20201019174819,192.168.1.1/24,6
20201019174820,10.77.1.2/24,14
20201019174822,10.77.1.1/24,1
20201019174824,10.77.1.1/24,1
20201019174825,192.168.1.2/24,9
20201019174827,10.20.30.1/16,2
20201019174828,10.77.1.1/24,28
20201019174829,10.77.1.1/24,6
20201019174830,10.20.30.1/16,4
20201019174831,10.20.30.1/16,4
20201019174832,192.168.1.1/24,-
20201019174833,10.77.1.2/24,9
20201019174834,192.168.1.2/24,5
20201019174836,192.168.1.2/24,-
20201019174837,192.168.1.2/24,9
20201019174838,10.20.30.2/16,9
20201019174839,192.168.1.1/24,19
20201019174840,10.20.30.2/16,25
20201019174842,192.168.1.2/24,8
20201019174844,10.77.1.1/24,76
20201019174845,10.77.1.1/24,-
20201019174846,10.20.30.1/16,-
20201019174847,10.77.1.2/24,22
20201019174848,10.20.30.1/16,3
20201019174850,10.20.30.1/16,9
20201019174851,192.168.1.2/24,9
20201019174852,10.20.30.1/16,10
20201019174853,192.168.1.2/24,4
20201019174854,10.20.30.2/16,9
20201019174856,10.77.1.1/24,9
20201019174858,10.77.1.2/24,3
20201019174900,10.77.1.1/24,-
20201019174901,10.77.1.1/24,-
20201019174903,192.168.1.2/24,1
20201019174904,10.77.1.1/24,2
20201019174905,10.20.30.1/16,5
20201019174907,10.77.1.2/24,6
20201019174909,10.77.1.1/24,-
20201019174910,10.77.1.1/24,3
20201019174911,10.20.30.1/16,3
20201019174912,10.20.30.1/16,-
20201019174913,10.20.30.2/16,2
20201019174914,10.20.30.2/16,-
20201019174915,10.77.1.1/24,6
20201019174916,192.168.1.1/24,10
20201019174917,192.168.1.2/24,9
20201019174918,10.20.30.2/16,-
20201019174920,192.168.1.1/24,3
20201019174922,192.168.1.1/24,-
20201019174923,10.20.30.1/16,39
20201019174925,192.168.1.1/24,2
20201019174927,192.168.1.2/24,61
20201019174928,192.168.1.2/24,1
20201019174929,192.168.1.2/24,1
20201019174931,10.20.30.2/16,-
20201019174932,10.77.1.1/24,-
20201019174934,10.77.1.2/24,15
20201019174935,10.77.1.1/24,13
20201019174936,10.20.30.2/16,3
20201019174937,192.168.1.1/24,-
20201019174939,10.77.1.2/24,6
20201019174940,10.20.30.2/16,2
20201019174942,192.168.1.1/24,3
20201019174943,10.77.1.1/24,8
20201019174944,10.77.1.1/24,3
20201019174945,192.168.1.1/24,53
20201019174947,10.77.1.1/24,29
20201019174948,192.168.1.1/24,1
20201019174949,192.168.1.2/24,9
20201019174950,192.168.1.2/24,13
20201019174951,10.77.1.2/24,7
20201019174952,10.77.1.2/24,-
20201019174953,10.20.30.1/16,1
20201019174954,10.20.30.1/16,4
20201019174955,10.20.30.1/16,37
20201019174956,10.77.1.2/24,-
20201019174957,10.20.30.1/16,2
20201019174958,10.77.1.2/24,11
20201019175000,10.77.1.1/24,3
20201019175001,10.77.1.2/24,3
20201019175003,10.20.30.2/16,9
20201019175004,192.168.1.1/24,5
20201019175006,192.168.1.1/24,45
20201019175007,192.168.1.1/24,3
20201019175008,10.20.30.2/16,2
20201019175010,10.20.30.2/16,6
20201019175012,10.77.1.2/24,8
20201019175013,10.77.1.1/24,-
20201019175014,192.168.1.2/24,5
20201019175015,10.77.1.2/24,5
20201019175016,10.77.1.2/24,11
20201019175018,192.168.1.1/24,2
20201019175019,192.168.1.2/24,-
20201019175020,10.77.1.1/24,-
20201019175021,192.168.1.1/24,1
20201019175022,10.77.1.2/24,36
20201019175023,10.20.30.2/16,4
20201019175024,10.77.1.1/24,9
20201019175026,10.20.30.2/16,7
20201019175027,192.168.1.1/24,-
20201019175028,192.168.1.2/24,6
20201019175030,10.77.1.2/24,6
20201019175031,192.168.1.1/24,9
20201019175032,10.20.30.1/16,36
20201019175033,10.77.1.2/24,-
20201019175034,192.168.1.1/24,7
20201019175035,10.77.1.2/24,6
20201019175036,192.168.1.2/24,6
20201019175037,192.168.1.1/24,3
20201019175039,10.77.1.1/24,26
20201019175040,10.20.30.2/16,4
20201019175041,192.168.1.1/24,1
20201019175042,10.77.1.2/24,9
20201019175043,10.77.1.2/24,25
20201019175045,192.168.1.1/24,31
20201019175047,10.20.30.2/16,18
20201019175048,192.168.1.2/24,-
20201019175049,10.77.1.2/24,5
20201019175050,10.20.30.1/16,-
20201019175051,10.77.1.1/24,-
20201019175052,10.20.30.2/16,42
20201019175053,10.20.30.1/16,-
20201019175054,192.168.1.2/24,67
20201019175056,192.168.1.2/24,5
20201019175057,10.77.1.1/24,7
20201019175058,192.168.1.1/24,-
20201019175059,10.77.1.2/24,7
20201019175100,10.77.1.2/24,-
20201019175101,10.77.1.2/24,7
20201019175102,10.77.1.1/24,1
20201019175103,192.168.1.2/24,7
20201019175104,10.77.1.1/24,5
20201019175105,10.77.1.1/24,23
20201019175107,10.20.30.2/16,30
20201019175108,10.20.30.2/16,9
20201019175109,10.77.1.1/24,-
20201019175110,192.168.1.1/24,5
20201019175111,192.168.1.1/24,-
20201019175112,10.77.1.2/24,8
20201019175113,10.20.30.2/16,3
20201019175115,192.168.1.1/24,60
20201019175117,10.77.1.1/24,5
20201019175118,10.77.1.1/24,-
20201019175119,10.77.1.1/24,17
20201019175121,10.77.1.2/24,8
20201019175122,10.77.1.1/24,4
20201019175124,10.20.30.2/16,7
20201019175125,192.168.1.2/24,3
20201019175126,10.20.30.2/16,-
20201019175127,192.168.1.1/24,-
20201019175128,10.77.1.2/24,-
20201019175129,10.20.30.1/16,8
20201019175130,192.168.1.2/24,21
20201019175132,10.20.30.2/16,7
20201019175133,192.168.1.1/24,77
20201019175134,10.20.30.2/16,62
20201019175135,192.168.1.1/24,1
20201019175136,10.77.1.1/24,54
20201019175137,10.20.30.2/16,2
20201019175138,192.168.1.1/24,55
20201019175139,192.168.1.1/24,-
20201019175140,10.77.1.2/24,-
20201019175142,10.77.1.2/24,-
20201019175144,192.168.1.1/24,7
20201019175145,10.77.1.1/24,88
20201019175146,10.77.1.1/24,3
20201019175147,10.20.30.2/16,16
20201019175148,192.168.1.1/24,-
20201019175149,192.168.1.2/24,9
20201019175150,192.168.1.1/24,-
20201019175152,10.20.30.2/16,8
20201019175153,10.20.30.1/16,-
20201019175155,192.168.1.2/24,2
20201019175156,192.168.1.2/24,5
20201019175157,10.20.30.1/16,4
20201019175159,10.77.1.2/24,2
20201019175200,10.20.30.2/16,31
20201019175201,10.20.30.1/16,13
20201019175202,10.77.1.2/24,33
20201019175203,192.168.1.2/24,-
20201019175204,10.77.1.1/24,11
20201019175206,10.77.1.1/24,-
20201019175207,192.168.1.1/24,-
20201019175208,10.77.1.1/24,-
20201019175209,10.20.30.2/16,7
20201019175210,192.168.1.1/24,8
20201019175211,10.77.1.1/24,45
20201019175212,10.20.30.1/16,-
20201019175213,10.77.1.2/24,7
20201019175214,192.168.1.1/24,-
20201019175215,10.20.30.1/16,-
20201019175217,10.77.1.2/24,53
20201019175218,10.20.30.2/16,-
20201019175219,10.20.30.1/16,1
20201019175220,10.20.30.2/16,21
20201019175222,10.20.30.1/16,8
20201019175223,10.20.30.1/16,-
20201019175225,10.20.30.1/16,99
20201019175226,10.20.30.1/16,9
20201019175227,10.77.1.2/24,9
20201019175229,10.20.30.1/16,31
20201019175230,10.20.30.1/16,8
20201019175231,10.77.1.1/24,-
20201019175233,192.168.1.2/24,1
20201019175234,10.20.30.1/16,-
20201019175235,10.77.1.2/24,-
20201019175236,10.77.1.2/24,5
20201019175237,10.77.1.1/24,-
20201019175238,10.20.30.1/16,-
20201019175239,192.168.1.1/24,3
20201019175241,10.20.30.1/16,9
20201019175242,10.20.30.2/16,3
20201019175243,10.77.1.2/24,-
20201019175244,10.20.30.1/16,14
20201019175245,192.168.1.2/24,-
20201019175246,10.20.30.1/16,-
20201019175247,10.20.30.2/16,-
20201019175249,10.20.30.1/16,4
20201019175250,192.168.1.2/24,2
20201019175251,192.168.1.2/24,3
20201019175252,192.168.1.1/24,40
20201019175254,10.20.30.2/16,-
20201019175255,10.77.1.2/24,4
20201019175256,192.168.1.2/24,47
20201019175258,10.20.30.1/16,34
20201019175259,192.168.1.2/24,-
20201019175300,10.20.30.2/16,-
20201019175301,192.168.1.2/24,-
20201019175302,10.77.1.2/24,73
20201019175303,10.20.30.2/16,7
20201019175304,10.20.30.2/16,8
20201019175305,10.77.1.2/24,10
20201019175306,10.20.30.2/16,1
20201019175307,10.20.30.1/16,35
20201019175309,192.168.1.1/24,-
20201019175310,10.77.1.2/24,9
20201019175311,192.168.1.2/24,17
20201019175312,10.20.30.1/16,20
20201019175313,192.168.1.2/24,-
20201019175315,10.77.1.2/24,35
20201019175317,10.77.1.1/24,40
20201019175319,10.20.30.2/16,20
20201019175320,192.168.1.1/24,2
20201019175321,10.20.30.2/16,-
20201019175322,10.77.1.2/24,-
20201019175324,10.77.1.2/24,7
20201019175326,10.20.30.1/16,4
20201019175327,10.77.1.2/24,3
20201019175329,10.77.1.2/24,8
20201019175330,10.20.30.1/16,-
20201019175331,10.77.1.2/24,1
20201019175332,192.168.1.2/24,6
20201019175333,10.20.30.2/16,9
20201019175334,10.77.1.1/24,-
20201019175335,10.77.1.2/24,9
20201019175336,192.168.1.1/24,3
20201019175337,10.77.1.2/24,-
20201019175338,10.20.30.2/16,18
20201019175340,10.20.30.1/16,8
20201019175341,10.77.1.1/24,20
20201019175343,10.20.30.2/16,2
20201019175344,192.168.1.1/24,8
20201019175346,192.168.1.1/24,8
20201019175348,10.20.30.1/16,82
20201019175350,10.20.30.1/16,3
20201019175351,10.77.1.1/24,3
20201019175352,10.77.1.1/24,17
20201019175353,10.20.30.2/16,6
20201019175354,10.77.1.2/24,69
20201019175355,192.168.1.1/24,9
20201019175356,10.77.1.1/24,27
20201019175358,10.20.30.2/16,93
20201019175359,192.168.1.1/24,4
20201019175400,10.20.30.1/16,-
20201019175401,192.168.1.2/24,34
20201019175402,10.20.30.2/16,26
20201019175403,10.77.1.2/24,50
20201019175404,192.168.1.1/24,-
20201019175406,10.20.30.1/16,7
20201019175407,10.77.1.1/24,-
20201019175408,10.77.1.1/24,16
20201019175409,10.20.30.1/16,-
20201019175410,10.20.30.2/16,6
20201019175411,192.168.1.2/24,-
20201019175412,10.77.1.1/24,3
20201019175413,192.168.1.2/24,2
20201019175414,10.20.30.2/16,-
20201019175416,192.168.1.1/24,2
20201019175417,10.20.30.2/16,1
20201019175418,10.20.30.2/16,5
20201019175419,192.168.1.1/24,5
20201019175421,10.20.30.1/16,4
20201019175422,10.20.30.1/16,1
20201019175423,192.168.1.1/24,8
20201019175425,10.77.1.2/24,78
20201019175426,10.20.30.1/16,12
20201019175427,192.168.1.2/24,3
20201019175429,10.77.1.1/24,2
20201019175430,192.168.1.2/24,8
20201019175431,10.77.1.1/24,21
20201019175432,10.77.1.2/24,-
20201019175433,192.168.1.1/24,13
20201019175434,192.168.1.1/24,43
20201019175435,10.20.30.2/16,-
20201019175436,10.20.30.1/16,47
20201019175438,192.168.1.2/24,5
20201019175440,192.168.1.2/24,67
20201019175442,192.168.1.1/24,1
20201019175444,192.168.1.1/24,-
20201019175445,10.77.1.2/24,-
20201019175446,10.20.30.2/16,12
20201019175447,192.168.1.2/24,7
20201019175449,10.20.30.1/16,7
20201019175451,10.20.30.1/16,8
20201019175453,10.20.30.2/16,9
20201019175454,10.20.30.2/16,-
20201019175456,10.20.30.1/16,26
20201019175457,10.77.1.2/24,-
20201019175458,192.168.1.2/24,5
20201019175500,192.168.1.1/24,7
20201019175502,10.77.1.1/24,4
20201019175503,192.168.1.1/24,9
20201019175504,10.77.1.2/24,-
20201019175505,192.168.1.1/24,2
20201019175507,192.168.1.1/24,13
20201019175509,192.168.1.2/24,56
20201019175510,192.168.1.1/24,8
20201019175511,10.20.30.2/16,5
20201019175512,10.20.30.2/16,38
20201019175513,10.77.1.1/24,3
20201019175514,10.20.30.2/16,2
20201019175515,10.77.1.2/24,34
20201019175516,10.20.30.2/16,2
20201019175518,192.168.1.1/24,24
20201019175519,10.77.1.1/24,2
20201019175520,10.20.30.2/16,6
20201019175522,10.77.1.1/24,4
20201019175523,10.20.30.1/16,-
20201019175524,192.168.1.1/24,3
20201019175525,192.168.1.2/24,77
20201019175526,192.168.1.2/24,-
20201019175527,10.20.30.1/16,9
20201019175528,10.77.1.2/24,-
20201019175529,10.20.30.2/16,5
20201019175531,10.77.1.2/24,2
20201019175532,10.77.1.2/24,-
20201019175533,10.77.1.2/24,7
20201019175534,10.20.30.1/16,2
20201019175536,10.20.30.2/16,5
20201019175537,10.20.30.1/16,9
20201019175538,192.168.1.2/24,5
20201019175539,10.77.1.1/24,18
20201019175541,10.20.30.1/16,1
20201019175542,10.20.30.2/16,87
20201019175543,10.20.30.1/16,5
20201019175544,10.77.1.1/24,36
20201019175545,192.168.1.1/24,-
20201019175546,10.77.1.2/24,6
20201019175547,192.168.1.1/24,16
20201019175548,10.77.1.1/24,69
20201019175549,192.168.1.1/24,6
20201019175550,192.168.1.2/24,3
20201019175551,10.77.1.2/24,-
20201019175552,10.77.1.1/24,5
20201019175553,10.77.1.2/24,-
20201019175554,10.77.1.1/24,1
20201019175555,192.168.1.2/24,3
20201019175556,10.77.1.2/24,9
20201019175557,10.20.30.2/16,-
20201019175558,192.168.1.1/24,58
20201019175559,10.77.1.1/24,4
20201019175600,192.168.1.1/24,4
20201019175601,10.77.1.2/24,-
20201019175602,192.168.1.2/24,-
20201019175603,10.20.30.1/16,-
20201019175605,10.20.30.2/16,50
20201019175607,192.168.1.1/24,33
20201019175608,10.20.30.1/16,9
20201019175610,10.77.1.2/24,5
20201019175611,10.20.30.2/16,1
20201019175613,192.168.1.1/24,71
20201019175614,192.168.1.1/24,19
20201019175615,10.20.30.2/16,9
20201019175616,10.20.30.1/16,-
20201019175617,10.20.30.2/16,-
20201019175618,10.77.1.1/24,2
20201019175619,10.77.1.2/24,6
20201019175620,192.168.1.2/24,6
20201019175621,192.168.1.1/24,0
20201019175622,10.20.30.1/16,4
20201019175623,10.20.30.1/16,62
20201019175625,10.20.30.2/16,2
20201019175626,192.168.1.1/24,77
20201019175627,192.168.1.2/24,6
20201019175628,10.20.30.2/16,3
20201019175630,10.77.1.2/24,-
20201019175631,192.168.1.1/24,53
20201019175633,192.168.1.2/24,16
20201019175634,10.20.30.1/16,-
20201019175635,192.168.1.1/24,78
20201019175636,192.168.1.2/24,63
20201019175637,10.20.30.1/16,3
20201019175638,10.77.1.2/24,11
20201019175639,10.20.30.1/16,4
20201019175640,10.20.30.1/16,7
20201019175641,10.77.1.2/24,4
20201019175642,10.77.1.2/24,3
20201019175643,192.168.1.1/24,-
20201019175644,10.77.1.1/24,5
20201019175646,10.20.30.1/16,7
20201019175647,10.20.30.2/16,7
20201019175649,10.77.1.2/24,22
20201019175651,10.20.30.2/16,76
20201019175652,10.77.1.1/24,9
20201019175653,10.77.1.2/24,2
20201019175654,10.77.1.2/24,-
20201019175656,10.77.1.1/24,2
20201019175657,192.168.1.1/24,-
20201019175658,192.168.1.2/24,-
20201019175659,10.20.30.1/16,2
20201019175700,10.20.30.1/16,1
20201019175701,10.77.1.2/24,4
20201019175702,10.20.30.1/16,84
20201019175703,10.77.1.2/24,-
20201019175705,10.20.30.2/16,5
20201019175706,10.77.1.2/24,2
20201019175707,10.77.1.2/24,2
20201019175708,192.168.1.1/24,-
20201019175709,192.168.1.1/24,13
20201019175710,192.168.1.2/24,86
20201019175711,192.168.1.1/24,-
20201019175713,192.168.1.1/24,6
20201019175714,10.20.30.1/16,-
20201019175715,192.168.1.2/24,67
20201019175716,192.168.1.1/24,-
20201019175717,192.168.1.2/24,-
20201019175718,192.168.1.1/24,7
20201019175719,10.77.1.2/24,3
20201019175721,10.20.30.1/16,5
20201019175722,10.20.30.2/16,4
20201019175723,10.20.30.2/16,9
20201019175724,10.20.30.1/16,-
20201019175725,10.20.30.2/16,-
20201019175726,10.20.30.1/16,8
20201019175727,10.77.1.2/24,88
20201019175728,10.77.1.1/24,5
20201019175730,192.168.1.1/24,64
20201019175731,10.77.1.1/24,87
20201019175732,10.20.30.2/16,18
20201019175733,10.77.1.2/24,12
20201019175734,10.20.30.1/16,9
20201019175735,192.168.1.2/24,34
20201019175736,192.168.1.1/24,1
20201019175737,10.20.30.1/16,36
20201019175738,192.168.1.1/24,1
20201019175739,10.20.30.2/16,6
20201019175740,192.168.1.1/24,8
20201019175741,192.168.1.2/24,26
20201019175742,192.168.1.1/24,62
20201019175743,10.77.1.1/24,-
20201019175744,10.77.1.1/24,-
20201019175745,192.168.1.2/24,29
20201019175746,192.168.1.2/24,5
20201019175747,10.77.1.2/24,7
20201019175748,10.77.1.1/24,4
20201019175749,192.168.1.2/24,7
20201019175750,10.20.30.2/16,8
20201019175751,10.77.1.2/24,6
20201019175752,10.20.30.1/16,-
20201019175754,10.77.1.1/24,-
20201019175755,10.20.30.2/16,6
20201019175756,10.20.30.2/16,2
20201019175757,10.20.30.1/16,8
20201019175758,192.168.1.2/24,-
20201019175759,10.20.30.1/16,8
20201019175801,192.168.1.1/24,-
20201019175802,10.20.30.1/16,6
20201019175803,192.168.1.2/24,-
20201019175805,192.168.1.2/24,7
20201019175806,192.168.1.2/24,7
20201019175807,10.20.30.1/16,45
20201019175808,10.20.30.2/16,-
20201019175809,10.20.30.2/16,3
20201019175810,10.77.1.2/24,15
20201019175811,192.168.1.1/24,6
20201019175812,192.168.1.1/24,-
20201019175813,192.168.1.2/24,-
20201019175814,10.77.1.2/24,6
20201019175815,10.20.30.1/16,69
20201019175816,192.168.1.1/24,5
20201019175817,192.168.1.1/24,8
20201019175818,192.168.1.2/24,-
20201019175820,10.20.30.1/16,-
20201019175821,10.20.30.1/16,1
20201019175822,10.77.1.2/24,32
20201019175823,10.77.1.1/24,3
20201019175824,10.20.30.2/16,23
20201019175825,192.168.1.1/24,-
20201019175826,10.20.30.1/16,8
20201019175827,10.20.30.1/16,10
20201019175829,10.20.30.2/16,-
20201019175830,10.77.1.2/24,61
20201019175832,10.77.1.1/24,6
20201019175833,10.20.30.2/16,11
20201019175835,10.77.1.1/24,7
20201019175836,10.77.1.2/24,36
20201019175838,10.77.1.1/24,29
20201019175839,10.77.1.2/24,38
20201019175840,10.77.1.2/24,9
20201019175841,192.168.1.1/24,7
20201019175843,192.168.1.2/24,-
20201019175844,10.20.30.1/16,45
20201019175845,10.77.1.2/24,-
20201019175846,10.77.1.1/24,39
20201019175847,10.20.30.2/16,16
20201019175849,192.168.1.2/24,3
20201019175851,10.20.30.1/16,4
20201019175852,192.168.1.2/24,4
20201019175853,192.168.1.2/24,9
20201019175854,10.20.30.2/16,-
20201019175856,10.20.30.2/16,-
20201019175857,10.20.30.1/16,96
20201019175858,192.168.1.2/24,1
20201019175859,10.77.1.1/24,-
20201019175901,192.168.1.1/24,4
20201019175902,10.20.30.2/16,9
20201019175903,10.77.1.2/24,-
20201019175904,10.77.1.2/24,62
20201019175905,10.77.1.2/24,6
20201019175906,10.77.1.1/24,5
20201019175907,10.77.1.1/24,6
20201019175908,10.20.30.2/16,4
20201019175910,10.20.30.2/16,59
20201019175911,192.168.1.1/24,3
20201019175912,192.168.1.1/24,-
20201019175914,10.20.30.2/16,7
20201019175915,10.20.30.2/16,73
20201019175917,10.20.30.1/16,-
20201019175919,192.168.1.2/24,6
20201019175920,192.168.1.2/24,8
20201019175921,192.168.1.2/24,8
20201019175922,10.20.30.2/16,-
20201019175924,10.20.30.1/16,9
20201019175926,10.77.1.1/24,9
20201019175927,192.168.1.1/24,-
20201019175928,10.77.1.2/24,9
20201019175929,10.77.1.1/24,1
20201019175930,192.168.1.2/24,5
20201019175932,10.77.1.1/24,-
20201019175933,10.20.30.1/16,5
20201019175935,192.168.1.2/24,2
20201019175936,192.168.1.1/24,26
20201019175938,10.20.30.2/16,-
20201019175939,10.20.30.2/16,4
20201019175941,192.168.1.1/24,97
20201019175942,192.168.1.2/24,1
20201019175944,10.77.1.1/24,1
20201019175945,192.168.1.1/24,5
20201019175946,10.77.1.1/24,-
20201019175947,192.168.1.2/24,8
20201019175949,10.77.1.1/24,-
20201019175950,10.20.30.2/16,-
20201019175951,192.168.1.1/24,5
20201019175952,192.168.1.2/24,-
20201019175953,10.20.30.1/16,1
20201019175954,10.77.1.2/24,8
20201019175955,10.77.1.2/24,12
20201019175956,10.77.1.2/24,64
20201019175958,10.77.1.2/24,2
20201019175959,192.168.1.2/24,-
20201019180000,10.20.30.1/16,7
20201019180001,192.168.1.1/24,3
20201019180002,10.20.30.2/16,-
20201019180003,192.168.1.1/24,9
20201019180005,10.20.30.1/16,1
20201019180006,10.77.1.1/24,-
20201019180008,10.77.1.1/24,-
20201019180009,10.20.30.1/16,-
20201019180010,192.168.1.2/24,-
20201019180011,10.20.30.2/16,6
20201019180013,192.168.1.2/24,2
20201019180014,10.77.1.1/24,-
20201019180016,10.20.30.1/16,6
20201019180017,10.77.1.2/24,2
20201019180019,192.168.1.2/24,12
20201019180020,192.168.1.1/24,4
20201019180022,10.77.1.1/24,-
20201019180023,10.77.1.1/24,7
20201019180024,192.168.1.2/24,2
20201019180025,10.20.30.2/16,-
20201019180026,10.77.1.2/24,-
20201019180027,192.168.1.2/24,12
20201019180029,10.77.1.1/24,13
20201019180030,192.168.1.1/24,8
20201019180031,10.20.30.2/16,96
20201019180032,10.20.30.1/16,-
20201019180033,10.77.1.1/24,18
20201019180034,192.168.1.1/24,6
20201019180035,10.77.1.2/24,-
20201019180036,10.77.1.1/24,5
20201019180037,10.77.1.2/24,89
20201019180038,10.77.1.1/24,39
20201019180040,192.168.1.1/24,1
20201019180042,192.168.1.2/24,9
20201019180043,10.77.1.1/24,7
20201019180044,10.20.30.1/16,5
20201019180045,10.77.1.2/24,97
20201019180046,10.77.1.2/24,6
20201019180047,10.77.1.1/24,8
20201019180048,192.168.1.1/24,7
20201019180049,10.77.1.2/24,-
20201019180050,10.77.1.2/24,5
20201019180051,10.20.30.1/16,-
20201019180052,192.168.1.2/24,1
20201019180053,192.168.1.2/24,5
20201019180054,192.168.1.2/24,7
20201019180056,10.20.30.2/16,54
20201019180057,10.77.1.2/24,5
20201019180059,192.168.1.1/24,-
20201019180100,10.77.1.1/24,34
20201019180101,10.77.1.1/24,1
20201019180102,10.77.1.1/24,9
20201019180103,10.20.30.2/16,-
20201019180105,192.168.1.2/24,-
20201019180106,10.77.1.2/24,6
20201019180107,10.77.1.2/24,5
20201019180108,10.77.1.2/24,8
20201019180110,10.77.1.2/24,6
20201019180111,10.77.1.2/24,-
20201019180112,10.20.30.1/16,5
20201019180113,10.20.30.1/16,-
20201019180114,192.168.1.1/24,7
20201019180115,10.20.30.2/16,6
20201019180117,10.20.30.2/16,-
20201019180118,192.168.1.1/24,-
20201019180119,10.77.1.1/24,3
20201019180120,192.168.1.1/24,-
20201019180121,10.20.30.2/16,1
20201019180122,192.168.1.2/24,6
20201019180124,10.77.1.1/24,68
20201019180125,192.168.1.1/24,34
20201019180126,10.77.1.1/24,11
20201019180127,192.168.1.2/24,9
20201019180128,192.168.1.1/24,59
20201019180130,10.77.1.1/24,3
20201019180131,192.168.1.2/24,5
20201019180133,10.20.30.1/16,9
20201019180134,192.168.1.1/24,6
20201019180136,10.20.30.2/16,6
20201019180137,10.20.30.1/16,-
20201019180138,10.77.1.1/24,-
20201019180139,192.168.1.2/24,4
20201019180140,10.20.30.1/16,5
20201019180141,192.168.1.1/24,4
20201019180142,10.77.1.1/24,29
20201019180143,10.77.1.1/24,-
20201019180144,10.77.1.2/24,9
20201019180145,10.77.1.1/24,8
20201019180146,192.168.1.1/24,4
20201019180147,10.20.30.1/16,3
20201019180148,10.77.1.2/24,3
20201019180149,10.20.30.2/16,4
20201019180150,192.168.1.1/24,-
20201019180151,10.20.30.2/16,-
20201019180152,10.20.30.2/16,3
20201019180153,10.20.30.1/16,77
20201019180154,10.77.1.2/24,9
20201019180155,10.77.1.2/24,13
20201019180156,10.20.30.1/16,85
20201019180157,192.168.1.1/24,-
20201019180158,10.77.1.1/24,-
20201019180159,192.168.1.1/24,5
20201019180200,10.20.30.1/16,4
20201019180201,10.20.30.1/16,8
20201019180202,10.77.1.2/24,-
20201019180203,192.168.1.2/24,4
20201019180204,192.168.1.2/24,1
20201019180205,10.77.1.1/24,-
20201019180206,10.20.30.1/16,7
20201019180207,192.168.1.2/24,5
20201019180208,192.168.1.1/24,-
20201019180209,192.168.1.2/24,94
20201019180210,192.168.1.2/24,-
20201019180212,10.77.1.2/24,-
20201019180213,10.20.30.1/16,22
20201019180214,10.77.1.2/24,73
20201019180216,10.20.30.2/16,3
20201019180217,192.168.1.2/24,4
20201019180218,10.20.30.1/16,2
20201019180219,10.20.30.1/16,66
20201019180220,10.77.1.2/24,-
20201019180221,192.168.1.1/24,-
20201019180222,10.77.1.2/24,-
20201019180223,10.77.1.2/24,5
20201019180224,10.77.1.1/24,-
20201019180225,192.168.1.2/24,-
20201019180226,10.77.1.2/24,8
20201019180227,10.77.1.1/24,8
20201019180228,10.20.30.1/16,18
20201019180230,192.168.1.1/24,2
20201019180231,10.77.1.2/24,5
20201019180232,192.168.1.2/24,5
20201019180234,10.77.1.2/24,-
20201019180235,10.20.30.1/16,-
20201019180236,10.77.1.2/24,2
20201019180238,192.168.1.2/24,-
20201019180239,10.77.1.2/24,26
20201019180240,10.20.30.1/16,5
20201019180241,192.168.1.2/24,-
20201019180242,192.168.1.1/24,12
20201019180244,192.168.1.1/24,-
20201019180246,192.168.1.2/24,50
20201019180248,10.20.30.2/16,22
20201019180249,10.20.30.2/16,-
20201019180250,192.168.1.2/24,-
20201019180251,10.77.1.1/24,5
20201019180252,10.20.30.1/16,4
20201019180253,10.77.1.2/24,11
20201019180255,10.20.30.2/16,23
20201019180256,10.77.1.2/24,16
20201019180258,192.168.1.2/24,-
20201019180300,10.20.30.2/16,37
20201019180301,192.168.1.2/24,8
20201019180302,10.20.30.2/16,2
20201019180303,10.20.30.2/16,8
20201019180305,10.77.1.2/24,1
20201019180306,10.20.30.2/16,40
20201019180308,192.168.1.1/24,3
20201019180309,10.20.30.1/16,-
20201019180310,192.168.1.2/24,-
20201019180311,192.168.1.2/24,7
20201019180312,192.168.1.2/24,31
20201019180313,10.77.1.2/24,7
20201019180315,10.77.1.1/24,64
20201019180316,10.77.1.2/24,23
20201019180317,192.168.1.2/24,1
20201019180318,10.20.30.2/16,3
20201019180319,10.77.1.1/24,2
20201019180320,192.168.1.2/24,6
20201019180321,192.168.1.2/24,9
20201019180322,10.20.30.1/16,1
20201019180323,10.20.30.2/16,1
20201019180324,10.20.30.1/16,9
20201019180325,10.20.30.2/16,3
20201019180326,192.168.1.2/24,7
20201019180327,10.77.1.1/24,93
20201019180328,10.20.30.2/16,33
20201019180329,10.77.1.1/24,8
20201019180330,10.20.30.2/16,4
20201019180331,10.20.30.2/16,38
20201019180332,10.77.1.1/24,18
20201019180333,10.77.1.2/24,8
20201019180334,10.20.30.2/16,2
20201019180336,10.20.30.1/16,-
20201019180337,10.20.30.1/16,-
20201019180338,10.77.1.1/24,-
20201019180340,10.77.1.1/24,2
20201019180342,10.20.30.2/16,9
20201019180343,10.77.1.1/24,5
20201019180344,192.168.1.1/24,8
20201019180345,10.77.1.2/24,4
20201019180346,10.20.30.2/16,8
20201019180347,10.77.1.1/24,-
20201019180348,192.168.1.1/24,1
20201019180349,10.77.1.1/24,33
20201019180350,10.77.1.2/24,7
20201019180351,10.20.30.1/16,5
20201019180353,192.168.1.1/24,8
20201019180354,192.168.1.1/24,9
20201019180355,10.77.1.2/24,-
20201019180357,10.77.1.1/24,8
20201019180359,10.20.30.2/16,51
20201019180401,10.77.1.2/24,3
20201019180402,10.77.1.2/24,-
20201019180403,192.168.1.2/24,-
20201019180404,192.168.1.1/24,5
20201019180405,10.20.30.2/16,-
20201019180406,10.20.30.1/16,7
20201019180407,10.20.30.1/16,-
20201019180408,10.20.30.2/16,90
20201019180410,192.168.1.1/24,4
20201019180411,10.77.1.1/24,60
20201019180412,192.168.1.1/24,64
20201019180413,10.20.30.2/16,-
20201019180415,192.168.1.1/24,1
20201019180416,192.168.1.2/24,-
20201019180417,192.168.1.2/24,4
20201019180419,192.168.1.2/24,6
20201019180420,192.168.1.1/24,-
20201019180421,10.20.30.1/16,-
20201019180423,192.168.1.1/24,94
20201019180424,10.20.30.2/16,20
20201019180425,10.20.30.1/16,3
20201019180426,10.20.30.2/16,2
20201019180427,10.20.30.2/16,9
20201019180428,192.168.1.1/24,9
20201019180429,192.168.1.1/24,7
20201019180430,10.20.30.1/16,-
20201019180431,10.20.30.2/16,9
20201019180432,192.168.1.1/24,30
20201019180433,10.77.1.2/24,6
20201019180435,10.20.30.1/16,40
20201019180436,10.77.1.2/24,-
20201019180437,192.168.1.1/24,3
20201019180438,192.168.1.2/24,5
20201019180439,10.20.30.1/16,-
20201019180440,192.168.1.2/24,9
20201019180442,10.20.30.1/16,-
20201019180443,10.20.30.2/16,17
20201019180444,192.168.1.2/24,-
20201019180446,10.20.30.2/16,1
20201019180447,10.77.1.2/24,48
20201019180448,10.77.1.2/24,4
20201019180449,10.77.1.1/24,3
20201019180451,192.168.1.1/24,6
20201019180452,10.77.1.2/24,9
20201019180453,192.168.1.2/24,1
20201019180455,192.168.1.1/24,-
20201019180457,192.168.1.2/24,63
20201019180458,192.168.1.2/24,-
20201019180459,10.20.30.2/16,-
20201019180500,10.20.30.1/16,-
20201019180501,10.20.30.2/16,5
20201019180503,10.20.30.1/16,75
20201019180504,10.77.1.2/24,2
20201019180505,10.20.30.1/16,8
20201019180507,10.20.30.1/16,-
20201019180509,10.77.1.1/24,5
20201019180510,192.168.1.2/24,84
20201019180511,10.20.30.2/16,8
20201019180512,10.20.30.2/16,7
20201019180513,10.77.1.2/24,4
20201019180514,10.20.30.1/16,2
20201019180515,192.168.1.1/24,9
20201019180517,192.168.1.1/24,2
20201019180518,192.168.1.1/24,1
20201019180519,192.168.1.2/24,3
20201019180520,10.20.30.2/16,83
20201019180521,10.77.1.1/24,5
20201019180522,10.77.1.2/24,13
20201019180523,192.168.1.2/24,60
20201019180524,192.168.1.1/24,9
20201019180525,10.77.1.1/24,4
20201019180526,10.77.1.1/24,1
20201019180527,192.168.1.1/24,67
20201019180528,10.20.30.2/16,3
20201019180529,10.77.1.2/24,-
20201019180530,10.77.1.1/24,-
20201019180531,10.20.30.1/16,9
20201019180532,10.77.1.2/24,61
20201019180533,10.77.1.1/24,64
20201019180534,10.20.30.1/16,4
20201019180535,192.168.1.2/24,-
20201019180536,10.77.1.2/24,6
20201019180537,10.20.30.2/16,-
20201019180538,10.77.1.2/24,5
20201019180539,10.77.1.2/24,-
20201019180540,10.20.30.2/16,8
20201019180541,10.77.1.2/24,7
20201019180542,10.77.1.1/24,-
20201019180544,10.77.1.1/24,77
20201019180545,192.168.1.2/24,54
20201019180546,10.77.1.1/24,6
20201019180547,10.77.1.1/24,8
20201019180549,192.168.1.1/24,8
20201019180550,10.20.30.1/16,9
20201019180551,10.20.30.1/16,8
20201019180552,192.168.1.1/24,-
20201019180553,192.168.1.2/24,6
20201019180554,10.20.30.2/16,9
20201019180555,10.77.1.2/24,8
20201019180556,192.168.1.1/24,-
20201019180557,10.77.1.1/24,10
20201019180558,10.77.1.1/24,6
20201019180559,192.168.1.1/24,4
20201019180601,192.168.1.1/24,5
20201019180602,10.20.30.2/16,9
20201019180603,192.168.1.2/24,-
20201019180605,10.77.1.1/24,3
20201019180606,10.77.1.2/24,-
20201019180607,10.20.30.2/16,-
20201019180608,10.77.1.1/24,-
20201019180609,10.20.30.2/16,-
20201019180610,10.77.1.2/24,10
20201019180612,192.168.1.2/24,9
20201019180613,192.168.1.2/24,22
20201019180615,10.20.30.2/16,3
20201019180616,192.168.1.1/24,4
20201019180617,10.20.30.2/16,8
20201019180618,10.20.30.1/16,-
20201019180619,10.77.1.2/24,85
20201019180620,192.168.1.1/24,5
20201019180621,192.168.1.1/24,9
20201019180623,10.20.30.1/16,3
20201019180624,192.168.1.2/24,4
20201019180625,192.168.1.2/24,-
20201019180626,10.77.1.1/24,61
20201019180627,10.77.1.2/24,15
20201019180628,192.168.1.1/24,2
20201019180629,10.77.1.2/24,-
20201019180630,10.20.30.1/16,2
20201019180631,10.20.30.2/16,5
20201019180632,192.168.1.2/24,4
20201019180634,192.168.1.2/24,7
20201019180635,192.168.1.2/24,5
20201019180636,192.168.1.1/24,-
20201019180638,10.77.1.2/24,1
20201019180639,10.77.1.2/24,96
20201019180640,10.20.30.2/16,49
20201019180642,10.20.30.2/16,-
20201019180643,10.20.30.1/16,19
20201019180645,10.20.30.1/16,-
20201019180646,192.168.1.2/24,1
20201019180647,10.77.1.2/24,3
20201019180648,10.20.30.1/16,-
20201019180649,192.168.1.2/24,22
20201019180650,192.168.1.2/24,15
20201019180651,192.168.1.1/24,-
20201019180652,10.77.1.2/24,7
20201019180654,10.20.30.1/16,19
20201019180655,10.20.30.1/16,10
20201019180656,10.20.30.2/16,-
20201019180657,10.20.30.1/16,8
20201019180658,192.168.1.2/24,62
20201019180659,10.77.1.1/24,6
20201019180700,192.168.1.1/24,7
20201019180701,192.168.1.2/24,3
20201019180702,10.20.30.2/16,5
20201019180704,10.20.30.1/16,2
20201019180705,10.20.30.1/16,6
20201019180706,10.20.30.1/16,54
20201019180707,10.20.30.2/16,6
20201019180709,10.20.30.2/16,8
20201019180710,10.77.1.1/24,1
20201019180711,192.168.1.1/24,6
20201019180712,192.168.1.1/24,5
20201019180713,10.77.1.2/24,1
20201019180714,10.77.1.2/24,-
20201019180716,10.77.1.2/24,45
20201019180717,10.20.30.2/16,8
20201019180718,10.77.1.1/24,9
20201019180719,10.20.30.2/16,2
20201019180721,10.20.30.2/16,4
20201019180723,10.77.1.2/24,13
20201019180724,10.77.1.1/24,1
20201019180725,10.20.30.1/16,8
20201019180726,10.20.30.2/16,8
20201019180727,192.168.1.2/24,9
20201019180729,10.77.1.1/24,26
20201019180731,192.168.1.1/24,-
20201019180733,10.20.30.2/16,6
20201019180734,10.77.1.2/24,53
20201019180735,192.168.1.1/24,-
20201019180736,192.168.1.1/24,2
20201019180738,10.77.1.2/24,52
20201019180739,10.77.1.1/24,-
20201019180740,192.168.1.1/24,7
20201019180741,10.77.1.1/24,-
20201019180742,10.20.30.2/16,5
20201019180743,10.77.1.2/24,3
20201019180744,10.20.30.2/16,31
20201019180745,192.168.1.2/24,-
20201019180746,10.20.30.2/16,-
20201019180748,10.77.1.1/24,5
20201019180749,10.20.30.2/16,5
20201019180751,192.168.1.1/24,52
20201019180752,192.168.1.1/24,-
20201019180753,192.168.1.1/24,-
20201019180754,192.168.1.2/24,7
20201019180755,192.168.1.2/24,6
20201019180756,10.20.30.1/16,42
20201019180758,10.77.1.1/24,-
20201019180800,10.20.30.2/16,31
20201019180802,10.77.1.2/24,2
20201019180804,10.77.1.1/24,4
20201019180805,10.77.1.1/24,40
20201019180806,10.77.1.2/24,-
20201019180807,10.20.30.2/16,6
20201019180809,192.168.1.2/24,-
20201019180810,10.77.1.1/24,54
20201019180811,192.168.1.2/24,15
20201019180813,10.77.1.2/24,7
20201019180815,192.168.1.1/24,7
20201019180816,192.168.1.2/24,9
20201019180817,192.168.1.1/24,8
20201019180818,10.20.30.2/16,8
20201019180819,10.20.30.2/16,5
20201019180821,192.168.1.1/24,-
20201019180822,192.168.1.1/24,3
20201019180823,192.168.1.1/24,61
20201019180824,10.20.30.1/16,7
20201019180825,192.168.1.1/24,1
20201019180826,192.168.1.2/24,8
20201019180827,10.77.1.2/24,4
20201019180828,10.77.1.2/24,8
20201019180830,192.168.1.1/24,4
20201019180831,192.168.1.2/24,1
20201019180832,10.77.1.1/24,3
20201019180833,10.20.30.2/16,9
20201019180834,10.20.30.2/16,-
20201019180835,192.168.1.1/24,12
20201019180836,192.168.1.2/24,20
20201019180837,10.20.30.1/16,-
20201019180839,192.168.1.1/24,-
20201019180840,192.168.1.2/24,4
20201019180841,192.168.1.1/24,8
20201019180843,10.20.30.2/16,-
20201019180844,192.168.1.2/24,2
20201019180845,10.77.1.2/24,2
20201019180847,10.20.30.2/16,19
20201019180848,192.168.1.2/24,-
20201019180849,10.77.1.2/24,10
20201019180850,10.77.1.2/24,16
20201019180851,192.168.1.2/24,7
20201019180852,10.20.30.1/16,2
20201019180853,10.77.1.2/24,5
20201019180854,10.77.1.2/24,3
20201019180856,10.77.1.2/24,3
20201019180858,10.20.30.2/16,7
20201019180859,192.168.1.1/24,4
20201019180901,10.77.1.1/24,7
20201019180902,10.77.1.2/24,92
20201019180903,10.20.30.1/16,1
20201019180904,10.20.30.2/16,16
20201019180905,192.168.1.2/24,4
20201019180907,10.20.30.1/16,8
20201019180908,192.168.1.1/24,-
20201019180909,10.77.1.2/24,50
20201019180911,192.168.1.1/24,-
20201019180913,192.168.1.2/24,17
20201019180914,192.168.1.1/24,7
20201019180915,10.20.30.2/16,8
20201019180917,10.77.1.1/24,-
20201019180918,10.77.1.2/24,5
20201019180919,192.168.1.1/24,-
20201019180920,10.77.1.1/24,-
20201019180921,192.168.1.1/24,8
20201019180922,192.168.1.2/24,5
20201019180924,192.168.1.2/24,3
20201019180925,10.77.1.1/24,10
20201019180926,192.168.1.2/24,7
20201019180927,10.77.1.2/24,6
20201019180928,10.77.1.1/24,37
20201019180929,192.168.1.1/24,7
20201019180930,10.77.1.1/24,11
20201019180931,10.77.1.1/24,4
20201019180932,192.168.1.1/24,-
20201019180933,10.20.30.1/16,6
20201019180934,192.168.1.1/24,3
20201019180935,10.77.1.1/24,14
20201019180936,10.77.1.1/24,41
20201019180937,10.20.30.1/16,97
20201019180939,10.20.30.1/16,63
20201019180940,192.168.1.1/24,16
20201019180941,10.77.1.2/24,-
20201019180943,10.20.30.1/16,99
20201019180944,192.168.1.2/24,2
20201019180945,192.168.1.2/24,3
20201019180946,10.77.1.2/24,7
20201019180947,10.77.1.1/24,4
20201019180948,10.20.30.1/16,1
20201019180949,10.77.1.1/24,-
20201019180951,10.20.30.1/16,-
20201019180952,10.77.1.2/24,9
20201019180953,10.77.1.1/24,3
20201019180954,10.77.1.1/24,9
20201019180955,192.168.1.2/24,43
20201019180957,10.20.30.1/16,6
20201019180959,10.77.1.1/24,31
20201019181000,10.77.1.1/24,-
20201019181002,10.77.1.2/24,-
20201019181003,10.77.1.2/24,2
20201019181004,10.77.1.2/24,22
20201019181005,10.77.1.1/24,5
20201019181006,10.77.1.1/24,6
20201019181007,10.20.30.2/16,8
20201019181009,192.168.1.1/24,-
20201019181011,10.77.1.2/24,30
20201019181012,10.77.1.1/24,60
20201019181013,10.77.1.2/24,8
20201019181014,10.77.1.1/24,6
20201019181015,10.20.30.1/16,4
20201019181016,192.168.1.2/24,54
20201019181017,192.168.1.2/24,5
20201019181019,10.20.30.2/16,9
20201019181020,10.77.1.2/24,2
20201019181021,10.20.30.2/16,6
20201019181022,10.20.30.2/16,2
20201019181023,10.20.30.2/16,-
20201019181025,10.77.1.2/24,-
20201019181026,192.168.1.2/24,78
20201019181027,10.20.30.1/16,12
20201019181028,10.77.1.2/24,-
20201019181029,10.77.1.2/24,54
20201019181030,192.168.1.1/24,7
20201019181031,10.20.30.1/16,12
20201019181032,192.168.1.1/24,4
20201019181033,10.20.30.1/16,1
20201019181034,192.168.1.2/24,8
20201019181036,10.20.30.2/16,83
20201019181038,10.77.1.1/24,-
20201019181039,192.168.1.2/24,-
20201019181040,192.168.1.1/24,60
20201019181042,192.168.1.2/24,-
20201019181043,10.77.1.1/24,-
20201019181044,192.168.1.2/24,9
20201019181045,192.168.1.1/24,9
20201019181046,10.77.1.1/24,7
20201019181048,10.20.30.1/16,5
20201019181049,192.168.1.2/24,80
20201019181051,192.168.1.2/24,-
20201019181052,192.168.1.2/24,72
20201019181053,192.168.1.2/24,6
20201019181054,10.77.1.2/24,75
20201019181056,192.168.1.2/24,-
20201019181057,192.168.1.2/24,-
20201019181058,192.168.1.1/24,16
20201019181059,10.77.1.2/24,8
20201019181100,192.168.1.1/24,2
20201019181101,10.77.1.1/24,2
20201019181103,10.20.30.2/16,9
20201019181104,10.77.1.1/24,4
20201019181105,192.168.1.2/24,13
20201019181106,10.77.1.2/24,-
20201019181108,10.77.1.1/24,-
20201019181110,10.77.1.1/24,4
20201019181111,192.168.1.1/24,9
20201019181112,10.20.30.1/16,6
20201019181113,10.20.30.2/16,-
20201019181114,10.77.1.2/24,-
20201019181115,10.77.1.2/24,17
20201019181116,192.168.1.1/24,-
20201019181118,192.168.1.1/24,40
20201019181119,192.168.1.2/24,2
20201019181120,192.168.1.2/24,-
20201019181122,10.77.1.1/24,6
20201019181124,10.77.1.1/24,1
20201019181125,192.168.1.2/24,28
20201019181126,10.20.30.1/16,-
20201019181127,10.77.1.2/24,-
20201019181128,10.77.1.2/24,8
20201019181129,10.20.30.1/16,3
20201019181130,10.77.1.2/24,3
20201019181131,10.77.1.1/24,6
20201019181132,192.168.1.2/24,1
20201019181133,10.77.1.1/24,36
20201019181135,10.20.30.2/16,3
20201019181136,192.168.1.1/24,14
20201019181137,192.168.1.1/24,8
20201019181138,10.20.30.2/16,48
20201019181139,192.168.1.1/24,9
20201019181140,10.77.1.1/24,7
20201019181141,10.20.30.2/16,3
20201019181142,10.77.1.1/24,-
20201019181143,192.168.1.2/24,10
20201019181144,192.168.1.2/24,2
20201019181145,192.168.1.2/24,-
20201019181147,10.20.30.2/16,8
20201019181148,10.77.1.2/24,38
20201019181149,10.20.30.2/16,43
20201019181150,192.168.1.1/24,2
20201019181151,10.77.1.2/24,46
20201019181152,10.77.1.2/24,17
20201019181153,10.20.30.1/16,27
20201019181154,10.20.30.1/16,-
20201019181155,10.20.30.1/16,4
20201019181156,10.77.1.2/24,9
20201019181157,192.168.1.1/24,-
20201019181158,10.20.30.2/16,-
20201019181159,10.20.30.2/16,-
20201019181201,10.77.1.1/24,1
20201019181202,10.77.1.2/24,5
20201019181203,10.20.30.1/16,3
20201019181205,10.20.30.2/16,-
20201019181206,192.168.1.1/24,-
20201019181207,10.77.1.2/24,91
20201019181208,192.168.1.1/24,2
20201019181210,10.77.1.2/24,3
20201019181211,10.20.30.2/16,8
20201019181212,10.20.30.1/16,6
20201019181213,10.77.1.2/24,44
20201019181214,192.168.1.2/24,6
20201019181215,10.77.1.2/24,84
20201019181216,192.168.1.1/24,8
20201019181218,10.77.1.1/24,2
20201019181219,10.77.1.2/24,3
20201019181220,192.168.1.2/24,25
20201019181221,192.168.1.2/24,-
20201019181222,10.20.30.2/16,8
20201019181223,10.20.30.2/16,25
20201019181224,192.168.1.1/24,-
20201019181225,10.20.30.2/16,9
20201019181226,192.168.1.1/24,7
20201019181228,10.77.1.2/24,9
20201019181229,10.77.1.1/24,84
20201019181231,10.77.1.2/24,76
20201019181232,10.77.1.2/24,4
20201019181233,10.20.30.1/16,3
20201019181234,10.20.30.2/16,3
20201019181235,10.77.1.2/24,93
20201019181237,192.168.1.2/24,2
20201019181239,10.77.1.1/24,6
20201019181240,10.20.30.1/16,8
20201019181241,192.168.1.1/24,3
20201019181243,192.168.1.1/24,2
20201019181244,10.20.30.2/16,3
20201019181245,10.20.30.1/16,-
20201019181246,10.20.30.2/16,-
20201019181247,10.77.1.2/24,3
20201019181248,10.77.1.1/24,8
20201019181249,192.168.1.2/24,5
20201019181251,10.77.1.2/24,7
20201019181252,10.77.1.1/24,42
20201019181254,10.20.30.1/16,1
20201019181255,10.20.30.2/16,-
20201019181256,192.168.1.2/24,53
20201019181257,10.77.1.2/24,2
20201019181259,10.77.1.2/24,6
20201019181301,10.20.30.2/16,4
20201019181302,192.168.1.2/24,8
20201019181304,10.20.30.2/16,10
20201019181305,192.168.1.2/24,2
20201019181306,10.20.30.2/16,44
20201019181307,192.168.1.2/24,8
20201019181308,192.168.1.1/24,-
20201019181309,192.168.1.1/24,2
20201019181310,10.20.30.1/16,6
20201019181312,10.20.30.1/16,11
20201019181313,10.77.1.2/24,-
20201019181314,192.168.1.2/24,4
20201019181315,10.20.30.2/16,7
20201019181317,10.77.1.2/24,7
20201019181319,10.20.30.1/16,6
20201019181320,192.168.1.1/24,3
20201019181322,192.168.1.2/24,11
20201019181323,10.20.30.2/16,25
20201019181324,10.77.1.2/24,-
20201019181325,10.77.1.1/24,6
20201019181327,10.77.1.1/24,7
20201019181328,192.168.1.1/24,-
20201019181329,10.20.30.1/16,-
20201019181330,10.77.1.2/24,29
20201019181331,10.20.30.1/16,54
20201019181332,10.77.1.2/24,-
20201019181333,10.20.30.2/16,-
20201019181334,10.20.30.1/16,2
20201019181335,10.20.30.2/16,-
20201019181337,192.168.1.2/24,-
20201019181338,10.77.1.2/24,8
20201019181340,192.168.1.2/24,3
20201019181342,10.20.30.2/16,9
20201019181343,10.20.30.2/16,5
20201019181344,192.168.1.1/24,-
20201019181345,192.168.1.1/24,5
20201019181346,10.77.1.1/24,-
20201019181347,10.77.1.2/24,-
20201019181349,10.77.1.1/24,-
20201019181350,192.168.1.2/24,19
20201019181351,10.20.30.1/16,-
20201019181352,10.20.30.2/16,3
20201019181353,192.168.1.1/24,-
20201019181354,10.20.30.1/16,-
20201019181355,10.77.1.1/24,-
20201019181357,192.168.1.1/24,14
20201019181358,10.77.1.1/24,7
20201019181359,10.20.30.1/16,-
20201019181400,192.168.1.2/24,5
20201019181401,10.77.1.2/24,66
20201019181403,10.20.30.1/16,11
20201019181404,192.168.1.1/24,4
20201019181406,192.168.1.1/24,-
20201019181407,10.20.30.1/16,13
20201019181409,192.168.1.1/24,-
20201019181411,10.77.1.1/24,35
20201019181412,10.77.1.1/24,60
20201019181413,10.77.1.1/24,9
20201019181414,10.20.30.2/16,-
20201019181415,10.77.1.2/24,90
20201019181416,10.20.30.2/16,-
20201019181417,10.20.30.1/16,5
20201019181418,10.77.1.1/24,-
20201019181420,10.20.30.1/16,-
20201019181421,10.77.1.1/24,-
20201019181422,192.168.1.1/24,-
20201019181423,10.77.1.1/24,9
20201019181424,10.20.30.1/16,-
20201019181425,10.20.30.1/16,6
20201019181427,10.20.30.2/16,30
20201019181428,192.168.1.2/24,6
20201019181429,10.77.1.2/24,-
20201019181430,192.168.1.2/24,-
20201019181431,10.77.1.2/24,-
20201019181433,10.20.30.1/16,1
20201019181434,10.77.1.2/24,2
20201019181436,10.20.30.1/16,1
20201019181437,10.77.1.1/24,21
20201019181439,10.77.1.2/24,9
20201019181440,192.168.1.2/24,58
20201019181441,10.20.30.2/16,6
20201019181442,10.77.1.1/24,-
20201019181444,10.20.30.1/16,-
20201019181445,192.168.1.2/24,9
20201019181446,192.168.1.1/24,-
20201019181447,10.20.30.1/16,-
20201019181449,192.168.1.2/24,4
20201019181450,10.20.30.2/16,3
20201019181451,192.168.1.1/24,9
20201019181452,192.168.1.1/24,3
20201019181453,10.77.1.2/24,5
20201019181454,10.20.30.2/16,7
20201019181455,10.20.30.2/16,85
20201019181456,10.20.30.2/16,20
20201019181457,192.168.1.2/24,50
20201019181459,192.168.1.1/24,4
20201019181501,192.168.1.1/24,17
20201019181503,10.20.30.2/16,3
20201019181504,10.20.30.1/16,-
20201019181505,10.20.30.2/16,-
20201019181506,10.77.1.1/24,2
20201019181507,192.168.1.2/24,-
20201019181508,10.77.1.2/24,-
20201019181510,10.77.1.1/24,-
20201019181511,10.20.30.2/16,-
20201019181512,10.77.1.2/24,4
20201019181513,10.20.30.2/16,-
20201019181514,10.20.30.2/16,82
20201019181515,10.77.1.2/24,17
20201019181516,10.20.30.2/16,6
20201019181517,192.168.1.1/24,-
20201019181519,10.77.1.2/24,8
20201019181521,10.77.1.2/24,9
20201019181522,192.168.1.2/24,2
20201019181524,10.77.1.1/24,24
20201019181525,10.20.30.1/16,-
20201019181526,10.20.30.1/16,49
20201019181527,10.20.30.1/16,3
20201019181528,10.20.30.2/16,-
20201019181529,10.77.1.1/24,3
20201019181530,10.20.30.1/16,-
20201019181531,10.77.1.2/24,78
20201019181533,10.20.30.2/16,-
20201019181534,10.20.30.2/16,6
20201019181535,10.20.30.2/16,4
20201019181536,10.20.30.2/16,-
20201019181537,10.20.30.2/16,5
20201019181538,192.168.1.2/24,4
20201019181539,10.77.1.2/24,4
20201019181540,192.168.1.2/24,2
20201019181541,10.20.30.2/16,60
20201019181542,10.77.1.1/24,7
20201019181543,10.20.30.1/16,6
20201019181544,10.77.1.2/24,-
20201019181545,192.168.1.2/24,8
20201019181546,10.77.1.1/24,2
20201019181547,192.168.1.1/24,7
20201019181549,192.168.1.1/24,4
20201019181551,10.77.1.1/24,5
20201019181552,192.168.1.1/24,22
20201019181553,192.168.1.2/24,52
20201019181555,10.20.30.2/16,37
20201019181557,10.77.1.2/24,8
20201019181558,10.20.30.2/16,-
20201019181559,10.20.30.1/16,-
20201019181600,10.77.1.1/24,3
20201019181601,10.77.1.2/24,80
20201019181602,10.77.1.1/24,88
20201019181603,192.168.1.1/24,3
20201019181604,192.168.1.2/24,-
20201019181605,10.77.1.2/24,-
20201019181606,192.168.1.1/24,-
20201019181607,10.20.30.1/16,2
20201019181608,10.77.1.2/24,9
20201019181609,10.20.30.1/16,27
20201019181610,10.77.1.2/24,87
20201019181611,192.168.1.2/24,83
20201019181613,10.77.1.1/24,1
20201019181614,192.168.1.1/24,3
20201019181615,10.20.30.2/16,93
20201019181617,10.77.1.1/24,3
20201019181618,10.77.1.1/24,8
20201019181620,10.77.1.1/24,5
20201019181621,10.20.30.1/16,9
20201019181622,10.20.30.2/16,92
20201019181624,192.168.1.2/24,2
20201019181626,192.168.1.1/24,5
20201019181627,192.168.1.1/24,1
20201019181628,10.77.1.2/24,6
20201019181630,10.20.30.2/16,9
20201019181632,192.168.1.1/24,-
20201019181633,10.20.30.1/16,3
20201019181634,10.20.30.2/16,9
20201019181635,10.20.30.2/16,1
20201019181636,10.77.1.2/24,-
20201019181637,10.20.30.1/16,1
20201019181638,192.168.1.1/24,9
20201019181640,10.20.30.1/16,4
20201019181641,10.20.30.2/16,-
20201019181642,10.77.1.2/24,-
20201019181643,10.20.30.2/16,2
20201019181644,10.20.30.1/16,-
20201019181645,10.20.30.2/16,-
20201019181647,10.77.1.2/24,6
20201019181648,10.20.30.2/16,8
20201019181649,10.77.1.2/24,-
20201019181650,10.77.1.1/24,9
20201019181651,10.77.1.2/24,8
20201019181652,10.77.1.2/24,37
20201019181653,192.168.1.1/24,1
20201019181654,192.168.1.2/24,8
20201019181655,10.20.30.2/16,3
20201019181656,10.77.1.2/24,3
20201019181657,10.77.1.2/24,66
20201019181658,10.77.1.1/24,81
20201019181659,10.77.1.2/24,76
20201019181700,10.77.1.2/24,1
20201019181701,10.20.30.2/16,86
20201019181702,10.20.30.1/16,36
20201019181703,10.20.30.1/16,4
20201019181704,10.77.1.1/24,7
20201019181705,192.168.1.2/24,4
20201019181706,10.20.30.2/16,6
20201019181707,10.77.1.2/24,6
20201019181708,192.168.1.2/24,76
20201019181710,192.168.1.2/24,57
20201019181711,10.20.30.1/16,1
20201019181712,192.168.1.1/24,9
20201019181714,10.20.30.2/16,12
20201019181715,10.77.1.2/24,8
20201019181716,192.168.1.2/24,5
20201019181717,10.20.30.1/16,12
20201019181718,192.168.1.2/24,40
20201019181719,10.20.30.2/16,8
20201019181720,192.168.1.2/24,32
20201019181721,192.168.1.1/24,5
20201019181722,192.168.1.1/24,1
20201019181723,192.168.1.1/24,47
20201019181724,192.168.1.2/24,19
20201019181725,192.168.1.1/24,3
20201019181726,10.77.1.2/24,7
20201019181727,10.77.1.2/24,-
20201019181728,10.77.1.2/24,-
20201019181729,10.77.1.1/24,-
20201019181731,10.77.1.2/24,3
20201019181732,192.168.1.1/24,5
20201019181733,10.20.30.2/16,5
20201019181734,10.77.1.2/24,3
20201019181735,10.77.1.2/24,9
20201019181736,10.20.30.1/16,-
20201019181737,10.20.30.2/16,7
20201019181739,10.20.30.1/16,49
20201019181741,10.20.30.2/16,7
20201019181742,10.20.30.1/16,-
20201019181743,10.77.1.2/24,3
20201019181744,10.77.1.2/24,17
20201019181746,10.20.30.2/16,79
20201019181748,10.77.1.1/24,6
20201019181749,10.20.30.2/16,3
20201019181750,10.77.1.2/24,5
20201019181751,10.20.30.2/16,36
20201019181752,10.77.1.2/24,-
20201019181753,192.168.1.1/24,7
20201019181754,10.77.1.2/24,25
20201019181755,10.77.1.2/24,1
20201019181756,10.77.1.2/24,4
20201019181757,192.168.1.2/24,-
20201019181758,10.20.30.2/16,8
20201019181759,10.77.1.2/24,4
20201019181800,10.77.1.2/24,-
20201019181802,10.20.30.2/16,39
20201019181803,10.77.1.2/24,6
20201019181804,192.168.1.2/24,4
20201019181805,10.77.1.1/24,11
20201019181806,192.168.1.1/24,8
20201019181807,10.77.1.1/24,4
20201019181808,10.20.30.2/16,9
20201019181809,192.168.1.1/24,4
20201019181810,192.168.1.2/24,71
20201019181811,10.20.30.2/16,6
20201019181813,10.77.1.1/24,7
20201019181814,192.168.1.2/24,-
20201019181815,10.77.1.2/24,-
20201019181817,192.168.1.1/24,-
20201019181818,10.77.1.1/24,-
20201019181819,192.168.1.2/24,1
20201019181820,10.77.1.2/24,9
20201019181821,10.77.1.2/24,77
20201019181822,10.20.30.1/16,5
20201019181823,10.77.1.2/24,8
20201019181824,192.168.1.2/24,7
20201019181826,10.20.30.2/16,4
20201019181827,10.20.30.1/16,45
20201019181828,10.77.1.2/24,9
20201019181829,10.20.30.2/16,51
20201019181830,10.77.1.1/24,19
20201019181831,192.168.1.1/24,12
20201019181832,192.168.1.1/24,5
20201019181833,192.168.1.2/24,2
20201019181834,10.20.30.1/16,16
20201019181835,192.168.1.2/24,8
20201019181836,10.77.1.2/24,6
20201019181837,10.77.1.2/24,7
20201019181838,10.77.1.2/24,60
20201019181840,10.77.1.2/24,10
20201019181841,192.168.1.2/24,7
20201019181842,192.168.1.1/24,-
20201019181843,10.20.30.2/16,2
20201019181845,192.168.1.1/24,60
20201019181847,10.20.30.2/16,-
20201019181848,10.77.1.1/24,4
20201019181850,10.20.30.2/16,5
20201019181851,10.77.1.2/24,17
20201019181852,10.77.1.2/24,4
20201019181853,10.77.1.2/24,-
20201019181854,192.168.1.2/24,5
20201019181855,10.77.1.2/24,1
20201019181856,10.77.1.2/24,57
20201019181857,10.20.30.1/16,-
20201019181858,192.168.1.2/24,2
20201019181900,192.168.1.1/24,-
20201019181901,10.77.1.2/24,3
20201019181902,192.168.1.2/24,-
20201019181903,192.168.1.2/24,15
20201019181905,192.168.1.1/24,10
20201019181906,10.20.30.2/16,2
20201019181908,192.168.1.2/24,3
20201019181910,10.77.1.1/24,24
20201019181912,192.168.1.2/24,7
20201019181914,10.20.30.1/16,3
20201019181915,192.168.1.1/24,9
20201019181917,10.20.30.2/16,-
20201019181918,10.77.1.2/24,-
20201019181919,10.77.1.1/24,3
20201019181920,192.168.1.1/24,6
20201019181921,10.77.1.1/24,1
20201019181922,10.77.1.1/24,44
20201019181923,192.168.1.1/24,9
20201019181924,192.168.1.2/24,6
20201019181925,10.20.30.1/16,2
20201019181926,10.77.1.1/24,-
20201019181927,10.20.30.2/16,4
20201019181929,10.77.1.1/24,3
20201019181931,10.20.30.1/16,7
20201019181933,10.77.1.1/24,6
20201019181935,192.168.1.1/24,5
20201019181936,192.168.1.2/24,6
20201019181937,10.20.30.1/16,53
20201019181938,192.168.1.2/24,3
20201019181940,10.20.30.2/16,9
20201019181941,10.20.30.2/16,-
20201019181942,10.20.30.1/16,-
20201019181943,192.168.1.2/24,39
20201019181944,10.20.30.2/16,9
20201019181945,10.77.1.1/24,4
20201019181947,192.168.1.2/24,98
20201019181948,10.20.30.1/16,-
20201019181950,192.168.1.1/24,5
20201019181952,10.20.30.1/16,80
20201019181953,10.77.1.1/24,2
20201019181954,10.20.30.1/16,13
20201019181956,10.77.1.1/24,6
20201019181957,10.77.1.1/24,-
20201019181958,192.168.1.2/24,-
20201019181959,10.77.1.2/24,6
20201019182000,10.77.1.1/24,4
20201019182001,192.168.1.2/24,4
20201019182003,192.168.1.2/24,10
20201019182004,192.168.1.1/24,-
20201019182005,10.77.1.2/24,1
20201019182006,10.77.1.2/24,3
20201019182007,192.168.1.1/24,24
20201019182009,10.77.1.2/24,9
20201019182010,192.168.1.1/24,3
20201019182011,10.20.30.2/16,3
20201019182012,192.168.1.1/24,4
20201019182013,10.20.30.2/16,4
20201019182014,10.77.1.1/24,-
20201019182015,192.168.1.2/24,2
20201019182016,10.20.30.2/16,2
20201019182017,10.77.1.1/24,9
20201019182018,10.77.1.2/24,-
20201019182019,10.77.1.2/24,5
20201019182020,10.20.30.2/16,2
20201019182021,10.77.1.2/24,40
20201019182022,192.168.1.1/24,9
20201019182023,10.20.30.2/16,4
20201019182024,192.168.1.2/24,66
20201019182025,10.20.30.1/16,9
20201019182026,10.77.1.1/24,6
20201019182027,10.20.30.1/16,4
20201019182028,192.168.1.1/24,6
20201019182029,10.20.30.2/16,19
20201019182031,10.77.1.2/24,9
20201019182032,192.168.1.1/24,5
20201019182033,10.20.30.2/16,79
20201019182034,10.20.30.1/16,5
20201019182035,192.168.1.1/24,2
20201019182037,10.77.1.1/24,-
20201019182038,10.77.1.2/24,6
20201019182039,10.20.30.2/16,6
20201019182040,10.77.1.2/24,24
20201019182041,10.20.30.1/16,2
20201019182043,10.20.30.1/16,-
20201019182044,10.20.30.1/16,62
20201019182045,192.168.1.2/24,-
20201019182047,10.77.1.2/24,-
20201019182048,10.20.30.1/16,66
20201019182050,10.20.30.1/16,7
20201019182051,192.168.1.1/24,16
20201019182053,10.20.30.1/16,-
20201019182054,10.20.30.1/16,19
20201019182056,10.77.1.2/24,17
20201019182057,10.20.30.1/16,10
20201019182058,10.20.30.1/16,6
20201019182100,10.77.1.2/24,6
20201019182101,10.77.1.1/24,4
20201019182102,10.77.1.1/24,-
20201019182103,192.168.1.1/24,38
20201019182104,10.77.1.2/24,5
20201019182105,192.168.1.1/24,1
20201019182106,10.77.1.2/24,3
20201019182107,10.77.1.1/24,11
20201019182108,192.168.1.2/24,-
20201019182109,10.20.30.2/16,9
20201019182110,192.168.1.1/24,-
20201019182111,10.20.30.2/16,47
20201019182112,10.20.30.2/16,7
20201019182113,10.77.1.1/24,4
20201019182114,192.168.1.1/24,7
20201019182115,10.77.1.2/24,86
20201019182116,10.20.30.2/16,29
20201019182117,192.168.1.1/24,34
20201019182118,10.20.30.2/16,-
20201019182119,10.77.1.2/24,6
20201019182120,10.77.1.2/24,7
20201019182121,10.20.30.1/16,-
20201019182123,10.77.1.2/24,4
20201019182124,192.168.1.1/24,76
20201019182125,192.168.1.1/24,1
20201019182126,10.20.30.2/16,1
20201019182127,10.77.1.2/24,50
20201019182128,10.20.30.2/16,49
20201019182130,10.77.1.2/24,90
20201019182131,10.20.30.1/16,32
20201019182132,10.77.1.2/24,5
20201019182133,10.20.30.1/16,-
20201019182135,10.20.30.2/16,6
20201019182136,10.77.1.1/24,3
20201019182137,10.77.1.2/24,8
20201019182138,192.168.1.1/24,87
20201019182139,10.77.1.1/24,4
20201019182140,10.20.30.1/16,6
20201019182141,10.77.1.2/24,-
20201019182142,10.20.30.2/16,22
20201019182143,10.20.30.2/16,9
20201019182144,10.20.30.2/16,11
20201019182146,192.168.1.1/24,-
20201019182147,192.168.1.2/24,7
20201019182148,192.168.1.2/24,-
20201019182149,10.20.30.1/16,91
20201019182150,192.168.1.2/24,-
20201019182152,10.20.30.2/16,1
20201019182154,192.168.1.2/24,3
20201019182155,10.20.30.1/16,74
20201019182156,10.77.1.1/24,5
20201019182157,10.77.1.2/24,5
20201019182159,10.77.1.2/24,5
20201019182200,10.20.30.2/16,7
20201019182201,10.77.1.1/24,10
20201019182203,192.168.1.1/24,5
20201019182204,10.77.1.2/24,7
20201019182206,10.77.1.1/24,9
20201019182208,192.168.1.2/24,2
20201019182210,10.77.1.1/24,5
20201019182212,192.168.1.2/24,8
20201019182214,192.168.1.2/24,4
20201019182215,10.77.1.2/24,-
20201019182216,192.168.1.1/24,-
20201019182217,10.77.1.1/24,8
20201019182219,192.168.1.2/24,35
20201019182220,10.20.30.1/16,51
20201019182222,192.168.1.2/24,6
20201019182223,192.168.1.2/24,-
20201019182224,192.168.1.2/24,-
20201019182225,10.77.1.2/24,33
20201019182226,192.168.1.1/24,7
20201019182227,10.77.1.2/24,2
20201019182228,10.77.1.2/24,-
20201019182229,10.20.30.1/16,9
20201019182231,10.77.1.1/24,-
20201019182232,192.168.1.1/24,85
20201019182233,10.20.30.1/16,6
20201019182235,192.168.1.1/24,4
20201019182236,10.77.1.2/24,17
20201019182237,10.77.1.2/24,3
20201019182238,192.168.1.1/24,69
20201019182239,10.77.1.1/24,5
20201019182240,10.20.30.2/16,69
20201019182241,192.168.1.2/24,63
20201019182242,10.77.1.1/24,8
20201019182243,192.168.1.1/24,4
20201019182244,10.20.30.1/16,3
20201019182246,10.77.1.1/24,-
20201019182247,10.77.1.2/24,11
20201019182248,10.20.30.2/16,26
20201019182249,192.168.1.1/24,3
20201019182250,10.77.1.2/24,7
20201019182251,10.20.30.1/16,3
20201019182252,192.168.1.1/24,5
20201019182253,10.20.30.1/16,-
20201019182254,192.168.1.2/24,78
20201019182255,10.77.1.1/24,-
20201019182256,192.168.1.2/24,4
20201019182257,10.77.1.1/24,8
20201019182258,10.20.30.1/16,9
20201019182259,192.168.1.1/24,3
20201019182300,192.168.1.1/24,-
20201019182301,10.77.1.2/24,1
20201019182302,10.20.30.1/16,-
20201019182304,10.20.30.2/16,4
20201019182305,10.77.1.1/24,4
20201019182306,10.77.1.1/24,59
20201019182307,10.77.1.1/24,-
20201019182309,10.77.1.1/24,3
20201019182310,10.20.30.1/16,-
20201019182311,10.77.1.2/24,-
20201019182312,10.77.1.1/24,9
20201019182313,192.168.1.2/24,55
20201019182314,192.168.1.2/24,-
20201019182315,192.168.1.2/24,5
20201019182316,10.20.30.1/16,58
20201019182317,10.20.30.1/16,3
20201019182319,10.20.30.1/16,4
20201019182320,10.77.1.1/24,1
20201019182322,192.168.1.1/24,19
20201019182323,10.77.1.1/24,9
20201019182324,10.20.30.1/16,6
20201019182325,10.77.1.2/24,2
20201019182327,192.168.1.2/24,7
20201019182328,10.20.30.2/16,9
20201019182329,10.20.30.2/16,9
20201019182330,10.77.1.1/24,7
20201019182331,10.77.1.2/24,8
20201019182332,192.168.1.1/24,-
20201019182333,192.168.1.1/24,3
20201019182334,192.168.1.1/24,18
20201019182336,192.168.1.2/24,8
20201019182337,10.20.30.2/16,8
20201019182339,192.168.1.1/24,78
20201019182340,192.168.1.2/24,2
20201019182341,10.20.30.1/16,-
20201019182342,192.168.1.1/24,-
20201019182343,10.20.30.1/16,-
20201019182344,10.77.1.1/24,-
20201019182345,10.20.30.2/16,6
20201019182346,192.168.1.1/24,6
20201019182347,192.168.1.1/24,2
20201019182348,192.168.1.1/24,19
20201019182349,192.168.1.2/24,3
20201019182350,10.20.30.2/16,-
20201019182351,10.77.1.1/24,-
20201019182352,10.77.1.1/24,-
20201019182354,10.77.1.1/24,1
20201019182356,10.20.30.1/16,-
20201019182358,192.168.1.2/24,6
20201019182359,192.168.1.2/24,19
20201019182400,192.168.1.1/24,6
20201019182402,10.20.30.2/16,6
20201019182403,10.77.1.1/24,65
20201019182404,10.20.30.1/16,6
20201019182406,10.77.1.1/24,9
20201019182407,10.20.30.1/16,8
20201019182408,10.77.1.1/24,1
20201019182409,192.168.1.1/24,4
20201019182410,192.168.1.1/24,6
20201019182412,10.20.30.1/16,44
20201019182413,10.77.1.2/24,37
20201019182415,192.168.1.1/24,2
20201019182416,192.168.1.2/24,54
20201019182417,10.77.1.2/24,-
20201019182418,192.168.1.1/24,4
20201019182420,10.20.30.1/16,-
20201019182421,10.77.1.1/24,-
20201019182422,192.168.1.2/24,4
20201019182424,10.77.1.1/24,5
20201019182425,10.20.30.2/16,-
20201019182426,192.168.1.1/24,2
20201019182427,192.168.1.2/24,9
20201019182428,192.168.1.1/24,4
20201019182429,10.77.1.2/24,7
20201019182430,10.20.30.2/16,63
20201019182431,10.20.30.1/16,-
20201019182432,10.20.30.1/16,5
20201019182433,10.20.30.1/16,-
20201019182435,192.168.1.2/24,4
20201019182436,10.77.1.2/24,-
20201019182437,192.168.1.1/24,3
20201019182438,192.168.1.2/24,4
20201019182439,10.77.1.2/24,-
20201019182440,10.20.30.1/16,24
20201019182441,192.168.1.1/24,1
20201019182442,10.20.30.1/16,70
20201019182444,10.77.1.1/24,64
20201019182445,10.20.30.1/16,13
20201019182447,10.77.1.1/24,7
20201019182449,192.168.1.1/24,3
20201019182450,10.77.1.1/24,-
20201019182451,10.20.30.1/16,-
20201019182452,10.20.30.1/16,50
20201019182453,192.168.1.1/24,5
20201019182454,10.20.30.1/16,7
20201019182456,192.168.1.1/24,1
20201019182458,192.168.1.2/24,9
20201019182459,10.20.30.1/16,8
20201019182500,192.168.1.2/24,42
20201019182501,192.168.1.2/24,6
20201019182502,10.77.1.2/24,-
20201019182503,10.20.30.2/16,-
20201019182504,10.20.30.2/16,5
20201019182505,10.20.30.1/16,-
20201019182506,10.77.1.2/24,9
20201019182507,10.77.1.2/24,2
20201019182508,10.20.30.1/16,3
20201019182509,10.20.30.1/16,7
20201019182510,192.168.1.1/24,44
20201019182511,10.77.1.1/24,7
20201019182513,192.168.1.1/24,16
20201019182514,192.168.1.1/24,4
20201019182515,10.77.1.1/24,16
20201019182516,10.77.1.1/24,4
20201019182517,192.168.1.2/24,2
20201019182518,10.20.30.1/16,3
20201019182519,192.168.1.2/24,5
20201019182521,10.20.30.2/16,75
20201019182522,10.20.30.2/16,4
20201019182523,10.20.30.2/16,7
20201019182525,10.20.30.1/16,-
20201019182526,10.77.1.1/24,-
20201019182527,10.20.30.2/16,2
20201019182528,192.168.1.1/24,-
20201019182529,10.77.1.1/24,86
20201019182530,192.168.1.1/24,7
20201019182531,10.77.1.2/24,-
20201019182532,10.20.30.2/16,-
20201019182533,10.20.30.1/16,7
20201019182535,10.20.30.2/16,-
20201019182536,10.77.1.2/24,50
20201019182537,10.20.30.1/16,8
20201019182539,192.168.1.1/24,-
20201019182540,10.20.30.2/16,21
20201019182541,10.20.30.2/16,4
20201019182542,10.77.1.2/24,3
20201019182544,10.20.30.1/16,-
20201019182545,192.168.1.2/24,6
20201019182546,10.77.1.2/24,-
20201019182547,10.20.30.1/16,6
20201019182549,10.77.1.2/24,19
20201019182550,10.20.30.1/16,1
20201019182551,10.20.30.1/16,70
20201019182552,192.168.1.2/24,98
20201019182554,10.77.1.2/24,5
20201019182555,10.77.1.1/24,3
20201019182556,10.77.1.2/24,-
20201019182558,10.20.30.1/16,4
20201019182600,192.168.1.2/24,35
20201019182601,10.77.1.1/24,-
20201019182603,10.20.30.2/16,53
20201019182605,192.168.1.1/24,9
20201019182606,192.168.1.2/24,8
20201019182607,192.168.1.2/24,7
20201019182609,10.77.1.2/24,57
20201019182610,10.77.1.2/24,35
20201019182612,192.168.1.2/24,-
20201019182613,10.77.1.1/24,99
20201019182614,10.77.1.1/24,8
20201019182615,10.20.30.1/16,4
20201019182617,10.20.30.1/16,-
20201019182618,10.20.30.1/16,8
20201019182619,192.168.1.1/24,8
20201019182620,192.168.1.1/24,2
20201019182621,10.20.30.1/16,27
20201019182623,10.20.30.2/16,1
20201019182624,10.20.30.1/16,-
20201019182625,10.77.1.2/24,8
20201019182627,192.168.1.2/24,3
20201019182629,192.168.1.1/24,5
20201019182630,10.77.1.1/24,8
20201019182631,192.168.1.2/24,-
20201019182632,192.168.1.2/24,-
20201019182633,10.77.1.1/24,27
20201019182635,192.168.1.2/24,-
20201019182636,10.20.30.1/16,5
20201019182637,192.168.1.1/24,67
20201019182638,10.20.30.1/16,-
20201019182640,192.168.1.1/24,-
20201019182641,10.20.30.2/16,3
20201019182643,10.77.1.1/24,-
20201019182645,10.20.30.1/16,8
20201019182646,10.77.1.1/24,1
20201019182647,10.77.1.2/24,-
20201019182648,192.168.1.1/24,-
20201019182649,192.168.1.1/24,2
20201019182650,192.168.1.2/24,52
20201019182652,10.20.30.2/16,41
20201019182653,10.77.1.1/24,-
20201019182654,10.77.1.2/24,9
20201019182655,10.77.1.2/24,-
20201019182657,10.77.1.1/24,2
20201019182658,10.77.1.1/24,3
20201019182659,10.20.30.1/16,12
20201019182700,192.168.1.1/24,1
20201019182701,10.20.30.2/16,-
20201019182702,10.20.30.2/16,33
20201019182703,192.168.1.1/24,10
20201019182704,192.168.1.1/24,6
20201019182705,10.20.30.1/16,7
20201019182707,10.20.30.1/16,-
20201019182708,192.168.1.2/24,71
20201019182710,10.20.30.2/16,56
20201019182712,10.20.30.1/16,6
20201019182713,10.20.30.2/16,8
20201019182714,10.20.30.1/16,4
20201019182716,192.168.1.2/24,6
20201019182718,192.168.1.2/24,-
20201019182719,192.168.1.1/24,9
20201019182720,192.168.1.1/24,9
20201019182721,10.77.1.2/24,66
20201019182722,192.168.1.1/24,39
20201019182723,10.77.1.1/24,-
20201019182724,10.20.30.1/16,-
20201019182725,192.168.1.2/24,5
20201019182727,10.77.1.1/24,7
20201019182728,192.168.1.2/24,-
20201019182729,10.77.1.2/24,-
20201019182730,192.168.1.2/24,-
20201019182731,10.77.1.1/24,3
20201019182732,10.20.30.1/16,2
20201019182734,10.77.1.1/24,-
20201019182735,10.77.1.2/24,8
20201019182736,10.77.1.2/24,-
20201019182737,192.168.1.2/24,7
20201019182738,10.77.1.1/24,10
20201019182739,10.20.30.2/16,5
20201019182740,192.168.1.1/24,7
20201019182741,10.77.1.2/24,12
20201019182742,192.168.1.1/24,1
20201019182743,192.168.1.2/24,9
20201019182744,10.77.1.1/24,25
20201019182745,10.20.30.2/16,7
20201019182747,10.20.30.1/16,-
20201019182748,10.77.1.1/24,4
20201019182749,10.20.30.2/16,30
20201019182750,10.77.1.1/24,-
20201019182751,10.77.1.1/24,-
20201019182752,10.20.30.1/16,6
20201019182753,10.20.30.1/16,7
20201019182754,10.20.30.2/16,9
20201019182755,192.168.1.2/24,9
20201019182756,10.20.30.1/16,1
20201019182758,192.168.1.1/24,9
20201019182759,10.20.30.1/16,1
20201019182801,10.77.1.1/24,56
20201019182802,10.77.1.2/24,-
20201019182804,192.168.1.1/24,4
20201019182805,192.168.1.2/24,4
20201019182806,10.77.1.2/24,6
20201019182808,192.168.1.1/24,7
20201019182809,10.77.1.1/24,8
20201019182810,192.168.1.1/24,9
20201019182811,192.168.1.1/24,4
20201019182812,192.168.1.1/24,9
20201019182813,10.20.30.1/16,15
20201019182814,10.77.1.1/24,5
20201019182815,10.20.30.2/16,7
20201019182816,10.77.1.2/24,4
20201019182817,10.77.1.2/24,9
20201019182818,192.168.1.2/24,38
20201019182819,192.168.1.2/24,7
20201019182821,10.77.1.2/24,12
20201019182822,10.20.30.2/16,-
20201019182823,10.77.1.2/24,8
20201019182824,10.77.1.1/24,-
20201019182825,10.20.30.2/16,-
20201019182826,192.168.1.2/24,-
20201019182827,192.168.1.2/24,5
20201019182828,10.20.30.2/16,6
20201019182829,192.168.1.1/24,5
20201019182830,192.168.1.1/24,0
20201019182831,192.168.1.1/24,8
20201019182832,10.20.30.1/16,1
20201019182833,10.20.30.2/16,2
20201019182834,192.168.1.2/24,-
20201019182836,192.168.1.2/24,5
20201019182837,10.77.1.2/24,48
20201019182838,10.77.1.1/24,5
20201019182839,192.168.1.2/24,-
20201019182840,192.168.1.2/24,9
20201019182841,10.77.1.2/24,14
20201019182842,10.77.1.2/24,-
20201019182843,192.168.1.1/24,5
20201019182844,192.168.1.2/24,5
20201019182845,10.20.30.1/16,9
20201019182846,10.20.30.1/16,12
20201019182847,10.20.30.1/16,9
20201019182848,10.77.1.2/24,-
20201019182850,10.20.30.2/16,4
20201019182851,192.168.1.1/24,-
20201019182852,10.20.30.2/16,5
20201019182853,10.20.30.1/16,9
20201019182854,10.20.30.2/16,3
20201019182855,10.20.30.1/16,8
20201019182857,192.168.1.2/24,-
20201019182858,10.77.1.1/24,2
20201019182859,10.20.30.1/16,9
20201019182900,192.168.1.2/24,46
20201019182901,10.20.30.1/16,9
20201019182903,192.168.1.2/24,6
20201019182904,10.77.1.2/24,-
20201019182905,10.20.30.1/16,17
20201019182906,10.77.1.1/24,4
20201019182907,10.20.30.2/16,-
20201019182908,192.168.1.2/24,-
20201019182909,10.77.1.2/24,11
20201019182910,10.20.30.1/16,4
20201019182912,10.77.1.1/24,10
20201019182913,10.20.30.2/16,2
20201019182914,10.77.1.1/24,6
20201019182915,192.168.1.2/24,7
20201019182916,10.20.30.1/16,94
20201019182917,192.168.1.2/24,7
20201019182918,10.77.1.1/24,7
20201019182919,10.77.1.1/24,25
20201019182920,10.20.30.2/16,-
20201019182921,10.77.1.1/24,25
20201019182922,10.20.30.2/16,8
20201019182923,192.168.1.2/24,4
20201019182924,192.168.1.2/24,4
20201019182925,192.168.1.2/24,48
20201019182926,192.168.1.2/24,24
20201019182927,192.168.1.1/24,7
20201019182928,192.168.1.1/24,7
20201019182930,10.20.30.2/16,79
20201019182931,10.77.1.2/24,16
20201019182932,10.20.30.2/16,-
20201019182933,10.77.1.1/24,1
20201019182934,10.77.1.2/24,-
20201019182936,10.77.1.2/24,97
20201019182938,10.20.30.2/16,-
20201019182939,192.168.1.2/24,9
20201019182940,10.77.1.1/24,7
20201019182941,10.77.1.2/24,91
20201019182942,10.77.1.2/24,5
20201019182944,192.168.1.1/24,-
20201019182945,192.168.1.1/24,4
20201019182946,10.20.30.1/16,6
20201019182947,10.20.30.2/16,61
20201019182948,10.20.30.1/16,7
20201019182949,10.77.1.1/24,-
20201019182951,10.77.1.1/24,7
20201019182952,192.168.1.1/24,79
20201019182953,10.77.1.1/24,9
20201019182954,10.20.30.2/16,6
20201019182956,10.20.30.2/16,-
20201019182958,192.168.1.2/24,7
20201019182959,192.168.1.1/24,4
20201019183000,10.77.1.1/24,10
20201019183002,192.168.1.2/24,9
20201019183003,10.20.30.2/16,21
20201019183004,10.77.1.2/24,6
20201019183005,10.20.30.1/16,62
20201019183006,192.168.1.2/24,8
20201019183007,10.20.30.2/16,3
20201019183008,10.20.30.2/16,29
20201019183009,192.168.1.2/24,2
20201019183010,192.168.1.1/24,-
20201019183012,10.20.30.1/16,5
20201019183013,10.77.1.1/24,59
20201019183014,10.77.1.1/24,7
20201019183016,10.20.30.2/16,5
20201019183017,10.20.30.2/16,8
20201019183018,192.168.1.2/24,-
20201019183019,192.168.1.1/24,7
20201019183021,192.168.1.1/24,58
20201019183022,10.20.30.1/16,2
20201019183024,10.20.30.1/16,3
20201019183025,192.168.1.2/24,3
20201019183026,192.168.1.2/24,7
20201019183027,10.77.1.2/24,9
20201019183028,192.168.1.2/24,6
20201019183029,192.168.1.2/24,-
20201019183030,10.20.30.2/16,-
20201019183031,10.20.30.1/16,3
20201019183032,192.168.1.1/24,46
20201019183033,10.20.30.2/16,4
20201019183034,10.77.1.2/24,9
20201019183035,10.77.1.2/24,85
20201019183036,192.168.1.2/24,-
20201019183037,192.168.1.1/24,-
20201019183038,10.20.30.2/16,-
20201019183039,10.77.1.2/24,9
20201019183040,10.77.1.1/24,-
20201019183041,192.168.1.1/24,-
20201019183042,10.20.30.1/16,9
20201019183044,10.20.30.2/16,1
20201019183045,10.77.1.1/24,2
20201019183046,10.77.1.2/24,2
20201019183048,10.77.1.1/24,-
20201019183050,192.168.1.2/24,7
20201019183051,192.168.1.1/24,35
20201019183052,192.168.1.2/24,47
20201019183054,192.168.1.2/24,4
20201019183055,10.77.1.1/24,-
20201019183056,192.168.1.2/24,9
20201019183057,192.168.1.2/24,2
20201019183058,10.20.30.2/16,9
20201019183059,10.20.30.1/16,1
20201019183101,192.168.1.2/24,33
20201019183102,10.20.30.2/16,14
20201019183103,192.168.1.1/24,6
20201019183104,10.77.1.1/24,1
20201019183105,10.77.1.1/24,18
20201019183106,192.168.1.2/24,6
20201019183108,192.168.1.2/24,-
20201019183109,10.77.1.2/24,91
20201019183111,192.168.1.2/24,7
20201019183113,10.77.1.1/24,-
20201019183114,10.77.1.1/24,-
20201019183116,192.168.1.2/24,-
20201019183118,10.20.30.1/16,83
20201019183119,10.20.30.2/16,51
20201019183120,10.20.30.2/16,-
20201019183122,192.168.1.1/24,9
20201019183123,192.168.1.1/24,2
20201019183124,10.77.1.1/24,-
20201019183125,10.20.30.2/16,4
20201019183127,10.20.30.1/16,6
20201019183128,10.77.1.2/24,4
20201019183129,10.77.1.2/24,1
20201019183130,192.168.1.2/24,15
20201019183131,10.20.30.2/16,5
20201019183132,192.168.1.1/24,-
20201019183134,10.77.1.2/24,-
20201019183135,192.168.1.2/24,2
20201019183137,10.20.30.2/16,8
20201019183138,192.168.1.2/24,-
20201019183139,10.20.30.2/16,4
20201019183141,10.20.30.1/16,-
20201019183142,10.20.30.2/16,4
20201019183143,10.77.1.2/24,-
20201019183145,192.168.1.1/24,5
20201019183146,192.168.1.1/24,3
20201019183147,10.20.30.1/16,6
20201019183148,192.168.1.1/24,11
20201019183150,192.168.1.2/24,41
20201019183151,10.77.1.1/24,32
20201019183152,10.20.30.2/16,7
20201019183153,192.168.1.2/24,62
20201019183154,192.168.1.2/24,3
20201019183155,10.77.1.1/24,3
20201019183157,10.77.1.2/24,6
20201019183159,10.20.30.2/16,9
20201019183200,192.168.1.1/24,6
20201019183201,10.20.30.1/16,6
20201019183202,10.20.30.1/16,5
20201019183204,10.20.30.2/16,9
20201019183205,192.168.1.2/24,-
20201019183207,192.168.1.2/24,9
20201019183209,192.168.1.1/24,3
20201019183210,192.168.1.1/24,68
20201019183211,192.168.1.2/24,7
20201019183212,10.77.1.2/24,16
20201019183213,192.168.1.2/24,86
20201019183214,10.20.30.1/16,-
20201019183216,10.77.1.2/24,-
20201019183217,192.168.1.1/24,2
20201019183218,10.77.1.1/24,-
20201019183220,192.168.1.1/24,1
20201019183221,192.168.1.1/24,6
20201019183222,192.168.1.2/24,55
20201019183224,192.168.1.1/24,-
20201019183225,192.168.1.1/24,4
20201019183226,10.20.30.1/16,28
20201019183228,192.168.1.2/24,5
20201019183230,10.20.30.2/16,87
20201019183231,10.77.1.2/24,-
20201019183232,10.20.30.2/16,2
20201019183233,10.77.1.2/24,6
20201019183234,192.168.1.1/24,8
20201019183235,10.20.30.2/16,1
20201019183236,10.20.30.2/16,13
20201019183237,10.20.30.1/16,56
20201019183238,192.168.1.2/24,9
20201019183239,10.77.1.2/24,6
20201019183240,10.20.30.2/16,25
20201019183242,192.168.1.1/24,-
20201019183243,192.168.1.1/24,9
20201019183245,192.168.1.1/24,3
20201019183247,10.20.30.1/16,4
20201019183248,10.20.30.2/16,-
20201019183249,10.20.30.2/16,14
20201019183250,192.168.1.2/24,-
20201019183251,192.168.1.1/24,1
20201019183252,10.20.30.1/16,6
20201019183253,10.20.30.2/16,3
20201019183254,192.168.1.2/24,54
20201019183255,10.20.30.2/16,1
20201019183257,192.168.1.1/24,86
20201019183258,10.77.1.2/24,41
20201019183259,192.168.1.1/24,-
20201019183301,10.20.30.2/16,8
20201019183302,10.77.1.2/24,56
20201019183303,10.77.1.1/24,5
20201019183305,10.20.30.2/16,6
20201019183306,10.77.1.1/24,9
20201019183308,10.77.1.2/24,4
20201019183310,10.20.30.2/16,3
20201019183311,10.77.1.1/24,4
20201019183312,192.168.1.1/24,-
20201019183314,192.168.1.2/24,79
20201019183316,10.77.1.2/24,33
20201019183317,10.20.30.1/16,-
20201019183319,192.168.1.1/24,16
20201019183321,192.168.1.2/24,98
20201019183322,192.168.1.2/24,85
20201019183323,10.77.1.2/24,52
20201019183324,192.168.1.2/24,18
20201019183325,192.168.1.1/24,9
20201019183326,192.168.1.1/24,10
20201019183327,10.20.30.2/16,8
20201019183328,192.168.1.2/24,-
20201019183329,10.20.30.2/16,-
20201019183330,192.168.1.1/24,1
20201019183332,192.168.1.1/24,-
20201019183334,192.168.1.1/24,-
20201019183335,10.77.1.1/24,3
20201019183337,10.20.30.1/16,-
20201019183339,192.168.1.2/24,6
20201019183340,10.20.30.2/16,35
20201019183341,10.77.1.2/24,3
20201019183342,10.20.30.1/16,3
20201019183343,192.168.1.2/24,8
20201019183344,10.20.30.2/16,-
20201019183345,10.77.1.1/24,60
20201019183346,10.20.30.2/16,-
20201019183348,10.77.1.2/24,3
20201019183349,10.20.30.1/16,-
20201019183350,192.168.1.2/24,8
20201019183352,10.20.30.2/16,8
20201019183354,10.20.30.1/16,2
20201019183356,192.168.1.2/24,27
20201019183357,10.20.30.1/16,-
20201019183358,10.77.1.1/24,5
20201019183400,192.168.1.1/24,11
20201019183401,10.20.30.2/16,2
20201019183402,10.77.1.1/24,4
20201019183403,10.20.30.2/16,-
20201019183404,192.168.1.1/24,9
20201019183405,10.77.1.2/24,-
20201019183406,10.20.30.1/16,-
20201019183408,10.20.30.2/16,3
20201019183409,192.168.1.1/24,-
20201019183410,192.168.1.2/24,9
20201019183411,192.168.1.2/24,1
20201019183412,10.77.1.1/24,9
20201019183414,10.20.30.1/16,-
20201019183415,192.168.1.2/24,9
20201019183416,10.77.1.1/24,-
20201019183417,10.20.30.1/16,46
20201019183418,10.77.1.1/24,1
20201019183419,10.77.1.1/24,8
20201019183420,192.168.1.1/24,90
20201019183421,10.77.1.1/24,75
20201019183422,10.77.1.2/24,-
20201019183424,192.168.1.1/24,-
20201019183425,192.168.1.2/24,4
20201019183426,10.20.30.2/16,1
20201019183427,10.20.30.2/16,-
20201019183429,10.20.30.2/16,5
20201019183430,192.168.1.2/24,-
20201019183431,10.77.1.2/24,8
20201019183432,10.77.1.1/24,8
20201019183433,10.77.1.1/24,4
20201019183435,192.168.1.1/24,9
20201019183437,10.20.30.1/16,7
20201019183438,10.77.1.1/24,2
20201019183439,10.77.1.2/24,2
20201019183440,192.168.1.2/24,13
20201019183441,10.20.30.1/16,9
20201019183442,10.20.30.2/16,-
20201019183444,10.77.1.2/24,6
20201019183446,10.20.30.1/16,3
20201019183448,10.77.1.2/24,8
20201019183449,192.168.1.1/24,7
20201019183450,10.20.30.1/16,-
20201019183452,10.20.30.1/16,8
20201019183453,10.77.1.2/24,4
20201019183454,10.20.30.2/16,6
20201019183455,10.20.30.1/16,4
20201019183456,192.168.1.2/24,23
20201019183457,10.77.1.1/24,1
20201019183459,10.77.1.1/24,24
20201019183500,192.168.1.2/24,1
20201019183501,192.168.1.1/24,-
20201019183503,192.168.1.2/24,5
20201019183505,10.20.30.1/16,4
20201019183506,10.20.30.2/16,51
20201019183508,10.20.30.2/16,7
20201019183509,10.77.1.1/24,55
20201019183511,192.168.1.1/24,11
20201019183513,192.168.1.1/24,-
20201019183515,192.168.1.2/24,3
20201019183517,192.168.1.2/24,1
20201019183518,10.77.1.1/24,11
20201019183520,192.168.1.1/24,7
20201019183522,192.168.1.2/24,7
20201019183524,10.20.30.2/16,-
20201019183525,192.168.1.1/24,1
20201019183526,10.77.1.1/24,50
20201019183527,10.77.1.2/24,-
20201019183528,192.168.1.2/24,6
20201019183529,192.168.1.1/24,7
20201019183530,10.77.1.2/24,87
20201019183532,10.77.1.2/24,73
20201019183533,10.77.1.2/24,-
20201019183535,10.20.30.2/16,8
20201019183536,10.77.1.1/24,8
20201019183537,10.77.1.2/24,5
20201019183538,10.77.1.2/24,-
20201019183539,10.20.30.1/16,1
20201019183541,192.168.1.1/24,8
20201019183542,10.77.1.1/24,1
20201019183543,10.20.30.2/16,86
20201019183544,192.168.1.1/24,31
20201019183546,192.168.1.2/24,6
20201019183547,10.20.30.2/16,7
20201019183548,10.77.1.1/24,10
20201019183549,192.168.1.2/24,77
20201019183550,10.20.30.2/16,38
20201019183551,10.20.30.2/16,9
20201019183552,10.20.30.2/16,70
20201019183553,10.77.1.1/24,13
20201019183555,10.20.30.2/16,-
20201019183556,192.168.1.2/24,12
20201019183557,10.77.1.1/24,34
20201019183558,10.77.1.1/24,-
20201019183559,10.20.30.2/16,6
20201019183600,10.77.1.2/24,6
20201019183601,192.168.1.1/24,6
20201019183602,10.77.1.2/24,7
20201019183603,10.77.1.2/24,5
20201019183604,192.168.1.2/24,1
20201019183606,192.168.1.1/24,3
20201019183608,192.168.1.1/24,4
20201019183609,192.168.1.1/24,-
20201019183610,10.77.1.2/24,1
20201019183611,10.20.30.1/16,-
20201019183612,192.168.1.2/24,-
20201019183614,10.77.1.1/24,9
20201019183615,10.77.1.1/24,9
20201019183616,10.77.1.2/24,6
20201019183617,10.20.30.1/16,-
20201019183618,10.77.1.2/24,2
20201019183619,192.168.1.2/24,6
20201019183621,10.77.1.1/24,8
20201019183623,10.20.30.1/16,5
20201019183624,192.168.1.2/24,-
20201019183625,10.20.30.2/16,-
20201019183626,10.77.1.2/24,-
20201019183627,10.77.1.2/24,48
20201019183628,192.168.1.1/24,5
20201019183629,192.168.1.1/24,-
20201019183630,10.20.30.1/16,9
20201019183631,192.168.1.2/24,-
20201019183632,10.77.1.1/24,88
20201019183633,10.77.1.1/24,4
20201019183634,10.20.30.1/16,3
20201019183636,192.168.1.2/24,2
20201019183637,10.77.1.1/24,2
20201019183638,192.168.1.2/24,53
20201019183639,192.168.1.1/24,3
20201019183640,192.168.1.2/24,5
20201019183641,10.77.1.1/24,-
20201019183642,192.168.1.2/24,44
20201019183643,192.168.1.1/24,-
20201019183644,10.77.1.2/24,-
20201019183646,10.77.1.1/24,6
20201019183647,192.168.1.1/24,-
20201019183648,10.20.30.2/16,-
20201019183649,192.168.1.2/24,5
20201019183650,10.20.30.2/16,55
20201019183652,192.168.1.2/24,67
20201019183653,192.168.1.1/24,5
20201019183655,192.168.1.1/24,-
20201019183656,10.20.30.1/16,-
20201019183657,10.20.30.2/16,7
20201019183658,192.168.1.2/24,-
20201019183659,10.20.30.2/16,3
20201019183700,192.168.1.1/24,-
20201019183702,10.20.30.1/16,1
20201019183703,192.168.1.1/24,-
20201019183704,10.77.1.2/24,1
20201019183705,10.77.1.1/24,5
20201019183706,10.77.1.2/24,8
20201019183708,10.20.30.1/16,3
20201019183709,192.168.1.1/24,76
20201019183711,10.77.1.1/24,1
20201019183713,10.77.1.1/24,74
20201019183715,10.20.30.2/16,55
20201019183716,10.77.1.1/24,23
20201019183718,10.20.30.1/16,55
20201019183719,10.77.1.1/24,16
20201019183720,192.168.1.2/24,8
20201019183722,10.20.30.2/16,6
20201019183723,192.168.1.2/24,2
20201019183724,10.77.1.1/24,9
20201019183726,10.20.30.2/16,-
20201019183727,10.77.1.2/24,5
20201019183728,192.168.1.2/24,7
20201019183729,192.168.1.1/24,5
20201019183731,192.168.1.1/24,6
20201019183732,192.168.1.2/24,66
20201019183734,10.77.1.1/24,1
20201019183735,10.20.30.2/16,8
20201019183736,192.168.1.1/24,10
20201019183737,10.77.1.1/24,9
20201019183739,10.77.1.2/24,10
20201019183740,10.20.30.2/16,6
20201019183741,10.77.1.2/24,-
20201019183742,192.168.1.1/24,3
20201019183743,10.20.30.1/16,4
20201019183744,10.20.30.2/16,20
20201019183746,10.77.1.1/24,77
20201019183748,192.168.1.2/24,9
20201019183749,10.77.1.2/24,6
20201019183750,192.168.1.2/24,3
20201019183752,10.77.1.1/24,39
20201019183753,10.77.1.1/24,-
20201019183755,192.168.1.1/24,-
20201019183756,10.20.30.1/16,2
20201019183757,10.20.30.1/16,8
20201019183758,10.77.1.2/24,-
20201019183800,192.168.1.2/24,-
20201019183801,10.20.30.1/16,5
20201019183802,10.20.30.2/16,4
20201019183803,10.20.30.1/16,15
20201019183804,10.20.30.2/16,2
20201019183806,10.77.1.1/24,87
20201019183808,10.77.1.1/24,6
20201019183810,192.168.1.2/24,7
20201019183812,10.77.1.2/24,-
20201019183813,192.168.1.1/24,35
20201019183814,10.77.1.2/24,1
20201019183816,10.77.1.1/24,6
20201019183818,192.168.1.1/24,48
20201019183819,10.77.1.2/24,-
20201019183820,10.77.1.1/24,26
20201019183821,192.168.1.2/24,3
20201019183823,192.168.1.2/24,1
20201019183824,192.168.1.1/24,34
20201019183825,192.168.1.1/24,9
20201019183826,10.20.30.1/16,3
20201019183827,192.168.1.2/24,7
20201019183828,192.168.1.1/24,-
20201019183830,192.168.1.2/24,5
20201019183831,10.77.1.1/24,61
20201019183833,192.168.1.1/24,5
20201019183835,10.20.30.1/16,3
20201019183836,192.168.1.2/24,-
20201019183837,10.77.1.2/24,27
20201019183838,192.168.1.2/24,4
20201019183839,10.77.1.1/24,53
20201019183840,10.20.30.1/16,42
20201019183842,10.77.1.1/24,5
20201019183843,10.77.1.2/24,-
20201019183845,10.77.1.1/24,8
20201019183847,10.20.30.2/16,2
20201019183849,192.168.1.1/24,9
20201019183850,10.20.30.2/16,4
20201019183851,10.20.30.2/16,1
20201019183853,10.20.30.1/16,9
20201019183854,10.20.30.1/16,28
20201019183855,10.20.30.1/16,-
20201019183856,10.20.30.1/16,7
20201019183857,10.77.1.1/24,67
20201019183858,10.20.30.2/16,35
20201019183859,192.168.1.1/24,5
20201019183900,192.168.1.2/24,8
20201019183902,10.20.30.1/16,-
20201019183903,192.168.1.2/24,8
20201019183905,10.20.30.2/16,7
20201019183906,10.20.30.2/16,1
20201019183907,10.77.1.1/24,71
20201019183908,192.168.1.2/24,43
20201019183909,10.77.1.1/24,7
20201019183911,10.20.30.2/16,39
20201019183912,10.77.1.2/24,97
20201019183914,10.20.30.1/16,2
20201019183915,10.20.30.2/16,7
20201019183916,10.77.1.1/24,66
20201019183917,10.20.30.1/16,21
20201019183918,10.77.1.1/24,96
20201019183919,10.20.30.1/16,9
20201019183920,10.77.1.2/24,-
20201019183921,192.168.1.2/24,-
20201019183923,192.168.1.1/24,-
20201019183924,10.77.1.1/24,-
20201019183925,10.20.30.2/16,1
20201019183927,10.20.30.1/16,8
20201019183928,10.20.30.2/16,35
20201019183929,192.168.1.2/24,3
20201019183931,192.168.1.1/24,4
20201019183932,192.168.1.1/24,5
20201019183933,192.168.1.2/24,3
20201019183934,10.20.30.2/16,7
20201019183936,10.77.1.1/24,9
20201019183937,192.168.1.1/24,1
20201019183939,10.20.30.1/16,2
20201019183940,10.77.1.2/24,-
20201019183941,10.20.30.1/16,6
20201019183942,192.168.1.1/24,22
20201019183943,10.20.30.1/16,40
20201019183944,10.77.1.1/24,2
20201019183945,192.168.1.2/24,1
20201019183946,10.77.1.2/24,2
20201019183947,192.168.1.1/24,6
20201019183948,10.77.1.1/24,7
20201019183950,10.20.30.1/16,6
20201019183951,192.168.1.1/24,5
20201019183952,192.168.1.1/24,6
20201019183953,10.77.1.2/24,6
20201019183955,10.77.1.1/24,-
20201019183956,192.168.1.2/24,-
20201019183958,10.20.30.2/16,82
20201019183959,10.77.1.2/24,13
20201019184000,10.20.30.1/16,3
20201019184001,10.20.30.2/16,7
20201019184003,10.20.30.2/16,7
20201019184004,10.20.30.2/16,6
20201019184006,10.77.1.2/24,-
20201019184007,192.168.1.2/24,2
20201019184008,10.77.1.2/24,-
20201019184010,192.168.1.2/24,-
20201019184011,192.168.1.2/24,-
20201019184012,10.77.1.2/24,9
20201019184013,192.168.1.1/24,84
20201019184014,192.168.1.1/24,7
20201019184016,10.77.1.2/24,57
20201019184017,10.77.1.2/24,-
20201019184018,192.168.1.2/24,4
20201019184019,192.168.1.2/24,20
20201019184020,10.20.30.2/16,1
20201019184021,10.77.1.2/24,16
20201019184023,10.20.30.1/16,2
20201019184024,192.168.1.2/24,-
20201019184025,10.20.30.1/16,-
20201019184026,10.20.30.2/16,5
20201019184027,192.168.1.2/24,8
20201019184029,10.77.1.2/24,71
20201019184031,10.20.30.1/16,66
20201019184032,192.168.1.1/24,6
20201019184033,10.20.30.2/16,32
20201019184035,192.168.1.2/24,8
20201019184036,10.20.30.2/16,1
20201019184037,192.168.1.2/24,6
20201019184038,192.168.1.1/24,1
20201019184039,10.77.1.2/24,-
20201019184040,10.20.30.1/16,9
20201019184041,10.77.1.1/24,-
20201019184042,192.168.1.2/24,97
20201019184044,10.77.1.1/24,85
20201019184045,192.168.1.1/24,-
20201019184047,192.168.1.2/24,9
20201019184049,10.20.30.2/16,-
20201019184051,10.20.30.2/16,5
20201019184052,10.20.30.1/16,69
20201019184053,192.168.1.2/24,74
20201019184054,10.20.30.1/16,5
20201019184055,10.77.1.2/24,9
20201019184057,10.20.30.2/16,1
20201019184058,10.77.1.2/24,7
20201019184059,10.77.1.2/24,3
20201019184100,10.77.1.2/24,3
20201019184101,192.168.1.1/24,-
20201019184102,192.168.1.2/24,2
20201019184103,10.20.30.2/16,5
20201019184105,10.20.30.1/16,2
20201019184106,10.77.1.2/24,8
20201019184107,10.77.1.1/24,22
20201019184108,10.20.30.1/16,1
20201019184109,10.20.30.2/16,8
20201019184110,10.77.1.1/24,5
20201019184112,10.77.1.2/24,2
20201019184113,10.77.1.2/24,-
20201019184114,10.77.1.2/24,7
20201019184115,192.168.1.1/24,32
20201019184116,10.20.30.1/16,7
20201019184117,10.77.1.1/24,16
20201019184118,10.77.1.1/24,75
20201019184119,10.77.1.2/24,-
20201019184120,192.168.1.1/24,9
20201019184121,10.77.1.1/24,6
20201019184122,10.20.30.2/16,-
20201019184123,10.77.1.1/24,3
20201019184125,10.77.1.2/24,5
20201019184127,10.77.1.2/24,-
20201019184128,10.77.1.1/24,-
20201019184129,192.168.1.2/24,3
20201019184130,10.77.1.1/24,-
20201019184131,192.168.1.2/24,12
20201019184132,10.77.1.1/24,6
20201019184133,10.77.1.2/24,-
20201019184135,192.168.1.2/24,-
20201019184136,192.168.1.2/24,1
20201019184137,192.168.1.1/24,28
20201019184138,10.77.1.1/24,-
20201019184139,10.77.1.1/24,-
20201019184140,10.20.30.2/16,-
20201019184142,10.77.1.2/24,5
20201019184143,10.20.30.1/16,5
20201019184144,10.77.1.2/24,6
20201019184145,10.20.30.2/16,7
20201019184147,10.20.30.2/16,8
20201019184148,192.168.1.2/24,8
20201019184149,10.20.30.2/16,3
20201019184150,10.77.1.1/24,-
20201019184151,10.20.30.2/16,-
20201019184152,10.77.1.1/24,8
20201019184153,10.77.1.1/24,5
20201019184154,10.77.1.2/24,4
20201019184155,10.20.30.1/16,-
20201019184156,192.168.1.1/24,7
20201019184157,10.77.1.2/24,-
20201019184158,10.20.30.2/16,2
20201019184159,10.77.1.2/24,5
20201019184200,10.77.1.2/24,11
20201019184201,10.20.30.1/16,7
20201019184202,192.168.1.1/24,-
20201019184203,192.168.1.2/24,-
20201019184205,10.20.30.1/16,9
20201019184206,192.168.1.2/24,3
20201019184208,10.20.30.2/16,49
20201019184209,10.20.30.2/16,21
20201019184211,10.20.30.1/16,-
20201019184212,10.77.1.1/24,-
20201019184213,10.77.1.2/24,22
20201019184214,10.77.1.2/24,1
20201019184216,192.168.1.2/24,2
20201019184217,10.20.30.1/16,13
20201019184218,10.77.1.2/24,6
20201019184219,192.168.1.2/24,-
20201019184220,10.77.1.2/24,96
20201019184221,192.168.1.1/24,3
20201019184222,10.77.1.1/24,10
20201019184223,10.77.1.1/24,2
20201019184224,10.77.1.1/24,32
20201019184225,192.168.1.1/24,4
20201019184226,192.168.1.1/24,8
20201019184227,10.77.1.1/24,63
20201019184229,10.20.30.2/16,7
20201019184230,192.168.1.2/24,-
20201019184231,10.20.30.2/16,-
20201019184233,10.77.1.2/24,5
20201019184235,192.168.1.1/24,4
20201019184236,10.20.30.1/16,10
20201019184237,192.168.1.2/24,-
20201019184238,10.20.30.2/16,6
20201019184239,10.77.1.1/24,10
20201019184241,10.20.30.1/16,1
20201019184242,10.20.30.1/16,5
20201019184244,10.20.30.2/16,61
20201019184245,10.77.1.1/24,8
20201019184246,10.77.1.1/24,8
20201019184247,192.168.1.1/24,28
20201019184248,10.77.1.2/24,5
20201019184249,10.20.30.1/16,1
20201019184251,10.77.1.2/24,6
20201019184253,10.20.30.2/16,17
20201019184254,10.20.30.2/16,-
20201019184255,192.168.1.2/24,47
20201019184256,10.20.30.1/16,79
20201019184257,10.77.1.2/24,-
20201019184258,10.20.30.2/16,2
20201019184300,192.168.1.1/24,-
20201019184301,192.168.1.2/24,-
20201019184302,10.20.30.2/16,6
20201019184304,192.168.1.2/24,7
20201019184305,192.168.1.2/24,7
20201019184307,10.77.1.2/24,60
20201019184309,10.20.30.2/16,8
20201019184310,10.20.30.2/16,2
20201019184311,10.77.1.1/24,9
20201019184312,10.20.30.1/16,1
20201019184314,192.168.1.2/24,-
20201019184315,10.77.1.1/24,6
20201019184316,10.20.30.1/16,-
20201019184318,10.20.30.2/16,-
20201019184319,10.20.30.2/16,-
20201019184320,192.168.1.1/24,1
20201019184321,10.77.1.1/24,5
20201019184323,10.77.1.1/24,29
20201019184324,10.20.30.2/16,12
20201019184325,10.20.30.1/16,8
20201019184327,192.168.1.2/24,80
20201019184328,10.77.1.1/24,-
20201019184329,10.77.1.2/24,2
20201019184330,192.168.1.2/24,6
20201019184332,10.20.30.1/16,11
20201019184333,192.168.1.2/24,7
20201019184334,10.20.30.1/16,7
20201019184336,10.20.30.1/16,3
20201019184337,10.20.30.1/16,8
20201019184338,10.20.30.2/16,6
20201019184339,192.168.1.2/24,-
20201019184340,10.20.30.2/16,7
20201019184341,192.168.1.1/24,42
20201019184342,10.20.30.2/16,11
20201019184344,10.77.1.2/24,-
20201019184345,10.77.1.2/24,64
20201019184346,10.77.1.1/24,5
20201019184347,10.20.30.1/16,6
20201019184348,10.20.30.2/16,7
20201019184349,192.168.1.2/24,3
20201019184350,10.20.30.1/16,-
20201019184351,192.168.1.1/24,4
20201019184353,10.77.1.2/24,8
20201019184354,10.77.1.1/24,-
20201019184355,192.168.1.1/24,-
20201019184356,10.20.30.2/16,17
20201019184357,192.168.1.1/24,-
20201019184358,10.20.30.2/16,4
20201019184400,10.77.1.2/24,-
20201019184401,10.77.1.2/24,-
20201019184403,10.20.30.1/16,4
20201019184404,10.77.1.1/24,-
20201019184405,10.20.30.1/16,5
20201019184406,10.77.1.1/24,23
20201019184408,192.168.1.1/24,1
20201019184409,10.20.30.2/16,-
20201019184410,192.168.1.1/24,1
20201019184411,10.77.1.2/24,2
20201019184412,192.168.1.1/24,7
20201019184413,10.20.30.2/16,97
20201019184414,10.20.30.1/16,2
20201019184415,192.168.1.2/24,2
20201019184416,10.20.30.1/16,81
20201019184417,10.77.1.2/24,7
20201019184418,10.20.30.1/16,8
20201019184419,10.77.1.1/24,8
20201019184420,10.20.30.2/16,-
20201019184421,10.20.30.1/16,4
20201019184422,10.20.30.1/16,-
20201019184423,192.168.1.1/24,24
20201019184424,10.77.1.2/24,8
20201019184426,192.168.1.1/24,10
20201019184427,10.77.1.2/24,4
20201019184428,10.77.1.1/24,-
20201019184429,10.77.1.2/24,-
20201019184430,10.20.30.2/16,5
20201019184431,10.20.30.1/16,-
20201019184432,10.77.1.1/24,18
20201019184433,192.168.1.1/24,9
20201019184434,10.20.30.1/16,7
20201019184435,10.77.1.1/24,-
20201019184436,10.77.1.2/24,-
20201019184437,10.77.1.2/24,-
20201019184438,10.20.30.1/16,3
20201019184439,192.168.1.2/24,-
20201019184440,192.168.1.1/24,-
20201019184441,192.168.1.2/24,6
20201019184442,192.168.1.1/24,6
20201019184444,192.168.1.1/24,9
20201019184445,10.20.30.2/16,43
20201019184446,10.77.1.2/24,14
20201019184448,192.168.1.1/24,-
20201019184449,192.168.1.2/24,-
20201019184450,10.77.1.2/24,6
20201019184451,192.168.1.1/24,6
20201019184452,192.168.1.1/24,-
20201019184454,10.77.1.1/24,1
20201019184455,10.77.1.2/24,-
20201019184456,192.168.1.2/24,94
20201019184457,10.20.30.1/16,4
20201019184458,10.20.30.2/16,3
20201019184459,10.77.1.2/24,8
20201019184500,10.77.1.2/24,93
20201019184501,10.77.1.1/24,24
20201019184502,192.168.1.1/24,-
20201019184503,192.168.1.2/24,6
20201019184504,192.168.1.2/24,5
20201019184506,10.20.30.2/16,8
20201019184508,10.77.1.1/24,16
20201019184510,10.20.30.1/16,4
20201019184511,10.20.30.2/16,53
20201019184512,10.20.30.1/16,5
20201019184513,192.168.1.1/24,5
20201019184514,10.77.1.2/24,9
20201019184515,192.168.1.1/24,-
20201019184516,10.20.30.2/16,3
20201019184517,10.20.30.1/16,9
20201019184518,192.168.1.1/24,-
20201019184519,10.20.30.1/16,3
20201019184520,10.77.1.1/24,2
20201019184521,10.20.30.2/16,3
20201019184523,192.168.1.2/24,98
20201019184524,192.168.1.2/24,63
20201019184525,10.77.1.1/24,7
20201019184527,10.77.1.1/24,-
20201019184528,10.20.30.1/16,-
20201019184529,192.168.1.1/24,-
20201019184530,10.20.30.1/16,-
20201019184531,10.20.30.1/16,1
20201019184532,192.168.1.2/24,52
20201019184533,10.20.30.2/16,-
20201019184535,192.168.1.1/24,-
20201019184536,192.168.1.1/24,94
20201019184537,192.168.1.2/24,-
20201019184538,10.20.30.1/16,4
20201019184539,10.20.30.2/16,-
20201019184540,10.77.1.1/24,8
20201019184541,10.77.1.1/24,3
20201019184542,192.168.1.1/24,35
20201019184543,192.168.1.1/24,-
20201019184544,10.77.1.2/24,67
20201019184545,10.20.30.1/16,6
20201019184546,192.168.1.1/24,12
20201019184547,10.77.1.1/24,-
20201019184548,192.168.1.2/24,-
20201019184549,10.20.30.2/16,-
20201019184550,10.20.30.2/16,16
20201019184552,10.20.30.1/16,34
20201019184554,192.168.1.2/24,-
20201019184555,10.77.1.1/24,7
20201019184556,10.77.1.2/24,48
20201019184557,10.77.1.2/24,46
20201019184559,192.168.1.1/24,54
20201019184600,10.77.1.1/24,-
20201019184601,192.168.1.2/24,4
20201019184602,10.20.30.2/16,6
20201019184603,10.20.30.2/16,5
20201019184604,10.77.1.2/24,7
20201019184605,10.77.1.1/24,8
20201019184606,10.77.1.1/24,3
20201019184608,10.77.1.1/24,2
20201019184609,192.168.1.2/24,-
20201019184610,10.20.30.1/16,82
20201019184611,192.168.1.1/24,-
20201019184612,10.20.30.2/16,5
20201019184613,10.20.30.1/16,1
20201019184614,10.77.1.1/24,61
20201019184615,10.20.30.1/16,-
20201019184616,10.77.1.2/24,88
20201019184617,10.20.30.1/16,6
20201019184618,10.77.1.2/24,-
20201019184619,10.77.1.2/24,-
20201019184620,10.77.1.2/24,36
20201019184622,192.168.1.2/24,97
20201019184624,10.20.30.2/16,2
20201019184625,10.77.1.2/24,49
20201019184626,10.20.30.1/16,4
20201019184627,10.77.1.1/24,95
20201019184628,192.168.1.2/24,1
20201019184630,192.168.1.1/24,7
20201019184632,192.168.1.1/24,-
20201019184634,192.168.1.2/24,7
20201019184636,10.77.1.2/24,46
20201019184637,192.168.1.1/24,8
20201019184638,192.168.1.1/24,6
20201019184640,10.77.1.1/24,3
20201019184641,192.168.1.1/24,8
20201019184642,10.77.1.1/24,3
20201019184644,10.77.1.2/24,-
20201019184646,10.77.1.1/24,1
20201019184647,192.168.1.1/24,-
20201019184648,10.77.1.2/24,-
20201019184649,10.77.1.2/24,-
20201019184650,10.77.1.1/24,1
20201019184651,10.20.30.2/16,7
20201019184652,192.168.1.2/24,81
20201019184653,10.77.1.2/24,88
20201019184654,10.77.1.1/24,1
20201019184655,192.168.1.1/24,9
20201019184657,10.20.30.1/16,72
20201019184659,192.168.1.1/24,17
20201019184700,192.168.1.1/24,-
20201019184701,10.20.30.1/16,5
20201019184702,10.20.30.1/16,-
20201019184703,192.168.1.1/24,1
20201019184704,10.77.1.1/24,1
20201019184705,10.77.1.1/24,97
20201019184707,192.168.1.2/24,4
20201019184708,10.20.30.1/16,-
20201019184709,10.20.30.1/16,4
20201019184710,192.168.1.2/24,79
20201019184711,10.77.1.1/24,8
20201019184712,10.77.1.1/24,6
20201019184713,192.168.1.2/24,-
20201019184714,10.20.30.1/16,4
20201019184715,192.168.1.1/24,5
20201019184717,192.168.1.1/24,1
20201019184718,10.77.1.1/24,-
20201019184719,192.168.1.1/24,29
20201019184720,10.77.1.1/24,4
20201019184721,192.168.1.1/24,9
20201019184722,10.20.30.2/16,8
20201019184723,10.20.30.2/16,3
20201019184725,192.168.1.1/24,-
20201019184726,10.77.1.2/24,9
20201019184727,10.20.30.2/16,0
20201019184728,192.168.1.1/24,-
20201019184729,10.20.30.2/16,16
20201019184730,10.77.1.2/24,4
20201019184731,10.77.1.2/24,6
20201019184732,10.77.1.1/24,7
20201019184733,10.20.30.2/16,2
20201019184735,192.168.1.1/24,5
20201019184736,192.168.1.2/24,3
20201019184738,192.168.1.1/24,-
20201019184739,10.20.30.2/16,-
20201019184741,10.20.30.2/16,59
20201019184742,10.20.30.2/16,6
20201019184743,10.20.30.2/16,-
20201019184744,10.77.1.2/24,-
20201019184745,192.168.1.1/24,5
20201019184746,10.20.30.2/16,44
20201019184747,192.168.1.1/24,-
20201019184748,10.20.30.1/16,70
20201019184749,192.168.1.1/24,4
20201019184750,192.168.1.2/24,11
20201019184751,192.168.1.2/24,2
20201019184753,192.168.1.1/24,61
20201019184754,10.20.30.1/16,-
20201019184755,10.77.1.2/24,34
20201019184756,192.168.1.1/24,1
20201019184757,10.77.1.1/24,18
20201019184759,192.168.1.2/24,48
20201019184800,10.77.1.2/24,7
20201019184801,192.168.1.2/24,79
20201019184803,192.168.1.2/24,-
20201019184805,10.20.30.2/16,6
20201019184806,192.168.1.1/24,2
20201019184808,10.20.30.1/16,3
20201019184809,10.77.1.2/24,-
20201019184810,192.168.1.1/24,-
20201019184811,192.168.1.1/24,8
20201019184812,10.20.30.2/16,6
20201019184813,10.20.30.1/16,3
20201019184814,10.77.1.1/24,96
20201019184815,10.20.30.1/16,-
20201019184816,10.77.1.1/24,-
20201019184817,10.20.30.1/16,-
20201019184818,192.168.1.2/24,3
20201019184819,10.77.1.1/24,-
20201019184820,10.77.1.1/24,2
20201019184821,10.20.30.2/16,-
20201019184823,192.168.1.2/24,13
20201019184824,192.168.1.2/24,10
20201019184825,10.77.1.1/24,8
20201019184826,10.20.30.1/16,8
20201019184827,10.20.30.1/16,4
20201019184828,10.77.1.1/24,4
20201019184829,192.168.1.1/24,7
20201019184830,10.77.1.2/24,8
20201019184831,192.168.1.2/24,8
20201019184832,192.168.1.2/24,-
20201019184833,192.168.1.1/24,5
20201019184834,10.77.1.2/24,-
20201019184835,192.168.1.2/24,4
20201019184836,192.168.1.1/24,6
20201019184837,192.168.1.2/24,9
20201019184838,10.20.30.1/16,9
20201019184839,10.20.30.1/16,5
20201019184840,10.20.30.2/16,9
20201019184841,192.168.1.1/24,29
20201019184842,10.20.30.2/16,9
20201019184844,192.168.1.2/24,-
20201019184846,10.77.1.2/24,-
20201019184847,10.77.1.2/24,19
20201019184848,10.77.1.2/24,7
20201019184849,192.168.1.2/24,6
20201019184851,192.168.1.1/24,29
20201019184852,10.77.1.1/24,8
20201019184853,192.168.1.1/24,9
20201019184855,192.168.1.2/24,7
20201019184857,10.77.1.1/24,8
20201019184859,10.77.1.2/24,19
20201019184900,10.20.30.2/16,7
20201019184901,10.20.30.1/16,5
20201019184902,192.168.1.1/24,-
20201019184903,192.168.1.1/24,3
20201019184904,192.168.1.1/24,97
20201019184905,10.77.1.1/24,11
20201019184907,10.20.30.1/16,89
20201019184909,10.20.30.1/16,9
20201019184910,10.20.30.1/16,-
20201019184912,192.168.1.2/24,4
20201019184914,192.168.1.1/24,2
20201019184916,192.168.1.2/24,-
20201019184917,192.168.1.2/24,-
20201019184918,192.168.1.2/24,58
20201019184919,10.20.30.1/16,-
20201019184920,192.168.1.2/24,24
20201019184921,192.168.1.2/24,8
20201019184922,10.77.1.2/24,7
20201019184924,10.77.1.1/24,5
20201019184925,10.77.1.1/24,4
20201019184926,10.77.1.1/24,15
20201019184927,10.77.1.1/24,52
20201019184929,10.77.1.1/24,6
20201019184930,10.20.30.2/16,2
20201019184932,10.20.30.1/16,-
20201019184933,10.20.30.2/16,3
20201019184934,10.20.30.2/16,-
20201019184935,10.77.1.2/24,22
20201019184936,192.168.1.2/24,-
20201019184937,10.20.30.1/16,6
20201019184938,10.77.1.1/24,8
20201019184939,192.168.1.1/24,5
20201019184940,192.168.1.1/24,4
20201019184941,192.168.1.2/24,-
20201019184942,192.168.1.2/24,-
20201019184943,10.20.30.2/16,6
20201019184945,10.77.1.1/24,7
20201019184946,10.20.30.2/16,57
20201019184948,10.77.1.2/24,5
20201019184950,10.20.30.2/16,6
20201019184951,10.77.1.1/24,2
20201019184953,192.168.1.2/24,17
20201019184954,192.168.1.2/24,1
20201019184955,192.168.1.2/24,7
20201019184956,10.77.1.1/24,27
20201019184957,10.77.1.2/24,12
20201019184958,10.20.30.2/16,-
20201019184959,10.20.30.2/16,2
20201019185000,10.77.1.2/24,6
20201019185001,10.20.30.1/16,5
20201019185003,10.77.1.1/24,-
20201019185004,192.168.1.1/24,86
20201019185005,10.77.1.1/24,2
20201019185006,10.77.1.2/24,5
20201019185007,192.168.1.1/24,7
20201019185008,10.77.1.1/24,-
20201019185009,10.20.30.2/16,7
20201019185010,10.77.1.1/24,94
20201019185011,10.77.1.2/24,30
20201019185012,192.168.1.2/24,6
20201019185013,10.77.1.1/24,13
20201019185015,10.20.30.1/16,71
20201019185016,10.20.30.2/16,11
20201019185017,10.77.1.2/24,-
20201019185018,192.168.1.2/24,7
20201019185019,192.168.1.1/24,19
20201019185020,192.168.1.2/24,6
20201019185021,10.20.30.2/16,-
20201019185022,10.20.30.1/16,38
20201019185023,10.77.1.1/24,9
20201019185024,192.168.1.2/24,14
20201019185025,10.20.30.1/16,6
20201019185026,10.77.1.2/24,-
20201019185027,10.20.30.2/16,6
20201019185028,10.20.30.1/16,17
20201019185029,10.77.1.2/24,-
20201019185030,10.77.1.2/24,-
20201019185031,192.168.1.2/24,97
20201019185033,10.77.1.2/24,65
20201019185034,192.168.1.2/24,6
20201019185036,10.77.1.2/24,6
20201019185037,192.168.1.1/24,60
20201019185038,10.77.1.2/24,9
20201019185040,10.77.1.2/24,-
20201019185041,192.168.1.2/24,54
20201019185042,192.168.1.1/24,-
20201019185043,10.20.30.1/16,4
20201019185044,192.168.1.1/24,-
20201019185045,10.77.1.2/24,14
20201019185046,10.20.30.2/16,1
20201019185047,10.20.30.1/16,1
20201019185049,10.20.30.1/16,8
20201019185050,192.168.1.2/24,6
20201019185051,10.77.1.1/24,6
20201019185052,192.168.1.2/24,9
20201019185053,10.20.30.2/16,25
20201019185054,192.168.1.2/24,-
20201019185056,10.20.30.1/16,5
20201019185057,192.168.1.1/24,4
20201019185058,10.77.1.1/24,6
20201019185059,10.20.30.1/16,-
20201019185100,10.77.1.2/24,-
20201019185101,10.20.30.2/16,-
20201019185103,10.20.30.1/16,7
20201019185104,10.77.1.1/24,83
20201019185105,192.168.1.1/24,-
20201019185106,10.77.1.1/24,81
20201019185107,10.77.1.2/24,2
20201019185108,10.77.1.1/24,30
20201019185110,10.77.1.1/24,4
20201019185111,10.20.30.2/16,8
20201019185112,192.168.1.2/24,-
20201019185113,10.20.30.1/16,-
20201019185114,10.20.30.1/16,7
20201019185115,192.168.1.1/24,-
20201019185116,192.168.1.1/24,-
20201019185118,192.168.1.1/24,7
20201019185119,10.77.1.2/24,9
20201019185120,10.20.30.2/16,5
20201019185122,10.77.1.2/24,-
20201019185123,10.77.1.1/24,-
20201019185124,10.20.30.2/16,-
20201019185125,10.20.30.2/16,9
20201019185126,192.168.1.1/24,3
20201019185127,10.20.30.1/16,10
20201019185128,10.77.1.1/24,1
20201019185129,192.168.1.2/24,10
20201019185130,192.168.1.2/24,-
20201019185131,192.168.1.1/24,2
20201019185132,10.20.30.2/16,-
20201019185133,10.77.1.1/24,-
20201019185134,10.77.1.1/24,8
20201019185136,192.168.1.1/24,50
20201019185137,10.20.30.2/16,-
20201019185138,10.77.1.1/24,-
20201019185139,192.168.1.2/24,-
20201019185140,192.168.1.2/24,9
20201019185141,10.77.1.1/24,5
20201019185142,10.77.1.2/24,92
20201019185144,10.77.1.2/24,2
20201019185145,10.77.1.1/24,-
20201019185147,192.168.1.2/24,25
20201019185148,10.20.30.1/16,-
20201019185149,10.20.30.1/16,4
20201019185150,192.168.1.1/24,48
20201019185152,10.77.1.1/24,-
20201019185154,10.20.30.1/16,-
20201019185155,10.77.1.2/24,7
20201019185156,10.77.1.1/24,1
20201019185157,10.20.30.1/16,9
20201019185158,10.20.30.2/16,10
20201019185200,10.77.1.2/24,-
20201019185201,10.77.1.1/24,-
20201019185202,10.77.1.1/24,8
20201019185203,10.77.1.2/24,7
20201019185204,10.77.1.1/24,5
20201019185206,192.168.1.2/24,-
20201019185208,192.168.1.1/24,8
20201019185209,192.168.1.1/24,10
20201019185210,10.20.30.1/16,3
20201019185211,192.168.1.2/24,-
20201019185212,192.168.1.1/24,-
20201019185214,192.168.1.1/24,3
20201019185215,10.77.1.1/24,1
20201019185217,10.77.1.1/24,-
20201019185218,192.168.1.1/24,-
20201019185219,10.20.30.1/16,3
20201019185220,192.168.1.1/24,20
20201019185221,10.20.30.2/16,10
20201019185222,10.77.1.1/24,-
20201019185223,10.20.30.2/16,17
20201019185225,10.77.1.1/24,9
20201019185226,192.168.1.2/24,58
20201019185227,192.168.1.2/24,9
20201019185228,192.168.1.1/24,50
20201019185229,192.168.1.2/24,12
20201019185230,192.168.1.1/24,6
20201019185231,10.77.1.2/24,-
20201019185232,192.168.1.2/24,3
20201019185233,192.168.1.1/24,7
20201019185234,192.168.1.1/24,6
20201019185235,10.20.30.1/16,-
20201019185236,192.168.1.1/24,81
20201019185237,10.77.1.1/24,3
20201019185238,10.77.1.1/24,-
20201019185240,192.168.1.2/24,4
20201019185242,192.168.1.1/24,2
20201019185243,192.168.1.2/24,7
20201019185244,192.168.1.2/24,5
20201019185246,10.77.1.2/24,-
20201019185248,10.20.30.2/16,4
20201019185249,10.77.1.2/24,32
20201019185250,10.77.1.1/24,-
20201019185251,10.20.30.2/16,-
20201019185253,192.168.1.1/24,2
20201019185254,192.168.1.1/24,98
20201019185255,10.77.1.2/24,8
20201019185256,10.77.1.1/24,-
20201019185257,10.20.30.1/16,2
20201019185258,10.20.30.2/16,80
20201019185259,192.168.1.2/24,1
20201019185300,10.77.1.1/24,4
20201019185301,10.20.30.1/16,2
20201019185302,10.77.1.1/24,8
20201019185303,10.20.30.1/16,9
20201019185304,10.77.1.2/24,7
20201019185306,192.168.1.1/24,-
20201019185308,192.168.1.2/24,55
20201019185309,10.77.1.2/24,8
20201019185311,10.77.1.2/24,5
20201019185312,10.77.1.2/24,9
20201019185313,10.20.30.2/16,2
20201019185315,192.168.1.2/24,17
20201019185316,10.77.1.1/24,8
20201019185317,192.168.1.2/24,-
20201019185319,10.20.30.2/16,-
20201019185320,10.77.1.2/24,9
20201019185322,10.77.1.1/24,4
20201019185323,10.20.30.2/16,1
20201019185324,10.20.30.1/16,3
20201019185326,10.20.30.2/16,5
20201019185327,192.168.1.2/24,81
20201019185328,10.20.30.2/16,24
20201019185329,10.20.30.2/16,3
20201019185331,10.77.1.2/24,7
20201019185332,10.20.30.1/16,10
20201019185334,192.168.1.2/24,13
20201019185335,10.77.1.2/24,7
20201019185336,10.77.1.2/24,8
20201019185337,10.77.1.2/24,3
20201019185339,192.168.1.1/24,57
20201019185340,10.77.1.1/24,6
20201019185341,10.20.30.1/16,2
20201019185343,10.77.1.1/24,-
20201019185345,10.77.1.2/24,7
20201019185347,10.20.30.2/16,20
20201019185348,10.20.30.1/16,-
20201019185349,192.168.1.2/24,-
20201019185350,10.77.1.2/24,2
20201019185351,192.168.1.2/24,9
20201019185352,192.168.1.1/24,7
20201019185353,10.20.30.1/16,-
20201019185354,10.77.1.1/24,-
20201019185356,192.168.1.1/24,7
20201019185358,192.168.1.2/24,-
20201019185359,10.20.30.2/16,11
20201019185401,10.20.30.1/16,3
20201019185402,10.20.30.1/16,-
20201019185403,10.20.30.2/16,0
20201019185404,10.77.1.2/24,1
20201019185405,10.77.1.1/24,7
20201019185407,10.20.30.2/16,7
20201019185409,10.20.30.2/16,38
20201019185410,10.77.1.2/24,6
20201019185412,10.77.1.1/24,6
20201019185413,10.20.30.1/16,-
20201019185414,10.77.1.2/24,21
20201019185416,192.168.1.1/24,-
20201019185417,10.20.30.2/16,-
20201019185418,192.168.1.2/24,30
20201019185419,10.20.30.1/16,5
20201019185420,10.77.1.1/24,-
20201019185421,10.77.1.2/24,-
20201019185422,10.77.1.1/24,66
20201019185423,10.77.1.2/24,-
20201019185425,10.77.1.2/24,1
20201019185426,10.77.1.2/24,1
20201019185427,10.20.30.2/16,8
20201019185428,10.20.30.2/16,-
20201019185429,10.77.1.1/24,8
20201019185430,10.77.1.1/24,-
20201019185431,10.77.1.1/24,-
20201019185432,192.168.1.2/24,8
20201019185433,192.168.1.1/24,-
20201019185434,192.168.1.2/24,87
20201019185435,10.77.1.2/24,6
20201019185437,10.20.30.2/16,-
20201019185438,10.77.1.1/24,82
20201019185439,10.20.30.1/16,16
20201019185440,192.168.1.2/24,46
20201019185442,192.168.1.2/24,-
20201019185443,10.20.30.1/16,7
20201019185444,10.20.30.2/16,7
20201019185445,10.20.30.2/16,2
20201019185446,10.77.1.1/24,-
20201019185447,192.168.1.1/24,4
20201019185448,10.20.30.2/16,9
20201019185449,10.77.1.2/24,11
20201019185451,10.20.30.2/16,5
20201019185452,192.168.1.2/24,7
20201019185453,192.168.1.1/24,95
20201019185454,10.20.30.2/16,80
20201019185455,192.168.1.2/24,4
20201019185457,10.20.30.1/16,17
20201019185458,10.77.1.1/24,7
20201019185500,10.20.30.1/16,5
20201019185502,192.168.1.2/24,88
20201019185504,10.20.30.1/16,2
20201019185505,10.77.1.1/24,1
20201019185506,192.168.1.1/24,-
20201019185507,192.168.1.1/24,2
20201019185509,192.168.1.1/24,2
20201019185510,10.20.30.2/16,-
20201019185511,10.20.30.2/16,4
20201019185512,10.20.30.1/16,5
20201019185513,192.168.1.1/24,93
20201019185514,10.77.1.1/24,-
20201019185515,192.168.1.2/24,6
20201019185517,10.77.1.2/24,4
20201019185518,192.168.1.1/24,-
20201019185519,192.168.1.1/24,5
20201019185520,10.20.30.1/16,7
20201019185521,192.168.1.2/24,4
20201019185522,10.77.1.2/24,-
20201019185524,192.168.1.1/24,6
20201019185525,192.168.1.2/24,28
20201019185526,192.168.1.1/24,8
20201019185528,10.77.1.2/24,-
20201019185529,192.168.1.2/24,4
20201019185530,10.20.30.2/16,7
20201019185531,10.20.30.1/16,-
20201019185532,192.168.1.2/24,99
20201019185533,192.168.1.1/24,92
20201019185535,10.77.1.1/24,8
20201019185536,10.20.30.2/16,5
20201019185537,10.77.1.1/24,-
20201019185539,10.20.30.1/16,-
20201019185540,10.20.30.1/16,-
20201019185541,192.168.1.1/24,3
20201019185543,192.168.1.1/24,-
20201019185545,10.77.1.2/24,1
20201019185546,192.168.1.2/24,4
20201019185547,10.20.30.1/16,9
20201019185549,192.168.1.1/24,46
20201019185550,10.77.1.2/24,3
20201019185552,10.20.30.1/16,5
20201019185554,192.168.1.1/24,-
20201019185555,10.77.1.2/24,3
20201019185556,192.168.1.2/24,3
20201019185557,10.77.1.1/24,90
20201019185559,10.20.30.2/16,8
20201019185600,10.20.30.2/16,-
20201019185601,192.168.1.1/24,4
20201019185602,192.168.1.1/24,-
20201019185603,10.77.1.1/24,16
20201019185605,10.77.1.1/24,-
20201019185607,10.77.1.2/24,7
20201019185608,192.168.1.2/24,-
20201019185609,10.20.30.1/16,86
20201019185610,10.77.1.1/24,59
20201019185611,10.20.30.2/16,78
20201019185612,10.77.1.1/24,1
20201019185613,10.20.30.1/16,68
20201019185615,10.20.30.1/16,28
20201019185616,10.20.30.1/16,73
20201019185617,10.20.30.2/16,1
20201019185618,192.168.1.1/24,1
20201019185619,192.168.1.1/24,2
20201019185620,10.20.30.1/16,-
20201019185621,10.20.30.2/16,1
20201019185622,192.168.1.2/24,19
20201019185624,10.20.30.2/16,5
20201019185626,10.77.1.2/24,-
20201019185627,10.20.30.2/16,8
20201019185628,192.168.1.1/24,-
20201019185629,192.168.1.2/24,-
20201019185630,10.20.30.2/16,6
20201019185631,10.77.1.2/24,65
20201019185632,192.168.1.2/24,2
20201019185633,10.20.30.1/16,98
20201019185635,192.168.1.2/24,2
20201019185636,10.20.30.2/16,53
20201019185638,192.168.1.2/24,4
20201019185639,192.168.1.2/24,3
20201019185641,10.20.30.2/16,2
20201019185642,10.77.1.2/24,-
20201019185643,10.77.1.2/24,-
20201019185645,192.168.1.1/24,-
20201019185646,10.20.30.2/16,4
20201019185647,10.77.1.1/24,-
20201019185649,10.20.30.1/16,4
20201019185650,10.77.1.2/24,-
20201019185651,10.20.30.1/16,6
20201019185652,192.168.1.2/24,-
20201019185653,192.168.1.2/24,2
20201019185654,192.168.1.2/24,5
20201019185655,10.77.1.1/24,7
20201019185657,192.168.1.1/24,-
20201019185659,192.168.1.1/24,8
20201019185700,192.168.1.1/24,67
20201019185701,192.168.1.1/24,83
20201019185702,192.168.1.2/24,96
20201019185704,192.168.1.2/24,2
20201019185705,10.77.1.1/24,6
20201019185707,192.168.1.2/24,-
20201019185708,192.168.1.2/24,32
20201019185709,10.20.30.1/16,36
20201019185710,10.20.30.1/16,-
20201019185711,10.77.1.1/24,9
20201019185712,10.20.30.1/16,-
20201019185713,10.77.1.1/24,69
20201019185714,10.77.1.1/24,20
20201019185715,192.168.1.1/24,4
20201019185716,10.20.30.1/16,5
20201019185717,10.20.30.1/16,82
20201019185719,192.168.1.1/24,1
20201019185720,10.77.1.1/24,7
20201019185721,192.168.1.1/24,5
20201019185722,10.20.30.1/16,8
20201019185723,10.77.1.1/24,6
20201019185725,192.168.1.2/24,6
20201019185726,192.168.1.1/24,98
20201019185727,192.168.1.2/24,-
20201019185728,10.20.30.1/16,6
20201019185729,10.77.1.1/24,15
20201019185730,10.77.1.2/24,7
20201019185731,10.20.30.1/16,-
20201019185732,10.77.1.2/24,5
20201019185733,192.168.1.2/24,8
20201019185735,192.168.1.1/24,5
20201019185736,192.168.1.2/24,-
20201019185737,192.168.1.2/24,3
20201019185738,192.168.1.2/24,8
20201019185739,10.20.30.2/16,-
20201019185740,10.77.1.2/24,1
20201019185741,10.77.1.1/24,6
20201019185742,10.77.1.1/24,-
20201019185743,10.20.30.2/16,-
20201019185744,10.77.1.2/24,9
20201019185745,10.77.1.1/24,8
20201019185747,10.20.30.2/16,3
20201019185748,192.168.1.2/24,12
20201019185749,192.168.1.1/24,6
20201019185750,10.20.30.2/16,5
20201019185751,10.20.30.2/16,-
20201019185752,192.168.1.2/24,30
20201019185753,192.168.1.1/24,15
20201019185754,10.77.1.1/24,24
20201019185755,192.168.1.2/24,3
20201019185756,10.20.30.1/16,-
20201019185758,10.77.1.2/24,-
20201019185800,192.168.1.1/24,8
20201019185802,192.168.1.1/24,5
20201019185803,10.77.1.2/24,40
20201019185805,192.168.1.1/24,57
20201019185806,10.77.1.1/24,3
20201019185807,10.20.30.1/16,3
20201019185808,192.168.1.1/24,5
20201019185809,10.77.1.1/24,99
20201019185810,10.77.1.2/24,8
20201019185811,192.168.1.1/24,11
20201019185812,10.77.1.1/24,2
20201019185813,10.77.1.2/24,2
20201019185815,192.168.1.1/24,58
20201019185816,192.168.1.2/24,-
20201019185817,192.168.1.2/24,7
20201019185819,10.77.1.2/24,3
20201019185821,10.20.30.1/16,-
20201019185822,10.77.1.2/24,7
20201019185824,10.20.30.1/16,69
20201019185825,192.168.1.1/24,6
20201019185826,192.168.1.2/24,9
20201019185828,10.20.30.1/16,98
20201019185829,10.77.1.1/24,-
20201019185830,10.20.30.1/16,7
20201019185831,192.168.1.2/24,-
20201019185832,10.77.1.2/24,21
20201019185834,192.168.1.1/24,98
20201019185836,10.20.30.2/16,10
20201019185837,10.20.30.2/16,21
20201019185838,10.77.1.1/24,2
20201019185839,192.168.1.2/24,-
20201019185840,192.168.1.1/24,-
20201019185841,192.168.1.2/24,5
20201019185842,192.168.1.1/24,7
20201019185843,10.20.30.1/16,6
20201019185844,10.77.1.2/24,21
20201019185845,10.20.30.1/16,29
20201019185846,10.77.1.2/24,3
20201019185848,10.20.30.2/16,7
20201019185849,192.168.1.1/24,1
20201019185850,10.20.30.2/16,18
20201019185851,10.20.30.2/16,55
20201019185852,192.168.1.2/24,8
20201019185853,10.77.1.2/24,2
20201019185855,10.77.1.2/24,1
20201019185856,10.77.1.1/24,9
20201019185857,10.20.30.2/16,5
20201019185859,192.168.1.2/24,32
20201019185900,10.77.1.2/24,44
20201019185901,10.20.30.1/16,2
20201019185902,10.77.1.2/24,4
20201019185903,10.20.30.2/16,4
20201019185904,10.77.1.2/24,3
20201019185905,192.168.1.2/24,6
20201019185907,192.168.1.2/24,-
20201019185909,10.20.30.2/16,7
20201019185910,10.77.1.2/24,6
20201019185911,10.20.30.1/16,-
20201019185913,10.20.30.1/16,-
20201019185915,192.168.1.2/24,10
20201019185916,10.77.1.2/24,7
20201019185918,10.20.30.1/16,-
20201019185919,10.20.30.2/16,7
20201019185920,10.20.30.2/16,5
20201019185921,192.168.1.1/24,6
20201019185922,10.77.1.1/24,29
20201019185923,10.77.1.2/24,8
20201019185925,10.77.1.1/24,5
20201019185927,192.168.1.2/24,8
20201019185928,192.168.1.1/24,6
20201019185929,10.20.30.1/16,7
20201019185930,10.20.30.1/16,9
20201019185931,192.168.1.2/24,5
20201019185932,10.77.1.2/24,5
20201019185933,10.77.1.2/24,-
20201019185934,192.168.1.2/24,14
20201019185935,192.168.1.1/24,7
20201019185937,10.20.30.1/16,1
20201019185938,10.77.1.1/24,-
20201019185940,10.77.1.2/24,6
20201019185941,192.168.1.1/24,4
20201019185942,10.77.1.2/24,0
20201019185943,10.77.1.1/24,-
20201019185944,10.20.30.2/16,-
20201019185945,10.77.1.2/24,3
20201019185946,10.77.1.1/24,5
20201019185947,10.20.30.2/16,37
20201019185948,10.77.1.1/24,-
20201019185949,10.20.30.1/16,5
20201019185950,192.168.1.1/24,-
20201019185951,10.77.1.2/24,-
20201019185952,192.168.1.2/24,9
20201019185953,10.20.30.1/16,86
20201019185954,192.168.1.1/24,70
20201019185955,192.168.1.1/24,61
20201019185956,192.168.1.2/24,-
20201019185957,10.77.1.1/24,5
20201019185958,192.168.1.1/24,3
20201019185959,10.77.1.1/24,1
20201019190000,192.168.1.1/24,-
20201019190001,10.20.30.1/16,2
20201019190002,10.20.30.1/16,-
20201019190003,192.168.1.1/24,2
20201019190004,10.77.1.2/24,64
20201019190005,10.77.1.2/24,-
20201019190006,192.168.1.1/24,4
20201019190007,10.77.1.2/24,2
20201019190009,192.168.1.2/24,7
20201019190011,10.77.1.2/24,10
20201019190012,10.20.30.1/16,7
20201019190013,10.20.30.1/16,11
20201019190014,10.20.30.1/16,34
20201019190016,192.168.1.2/24,4
20201019190017,10.77.1.1/24,27
20201019190018,10.20.30.2/16,11
20201019190020,10.20.30.2/16,7
20201019190022,192.168.1.2/24,7
20201019190023,10.77.1.1/24,3
20201019190024,192.168.1.1/24,1
20201019190025,10.77.1.2/24,4
20201019190027,10.20.30.2/16,-
20201019190028,10.20.30.2/16,5
20201019190029,192.168.1.2/24,9
20201019190030,10.20.30.1/16,1
20201019190031,10.20.30.2/16,4
20201019190033,192.168.1.1/24,6
20201019190034,192.168.1.1/24,7
20201019190035,192.168.1.1/24,7
20201019190036,192.168.1.1/24,82
20201019190037,10.77.1.1/24,4
20201019190039,192.168.1.2/24,9
20201019190041,192.168.1.1/24,3
20201019190042,10.20.30.2/16,4
20201019190043,192.168.1.1/24,15
20201019190044,10.20.30.2/16,64
20201019190045,192.168.1.1/24,2
20201019190046,10.77.1.2/24,5
20201019190047,192.168.1.1/24,6
20201019190048,192.168.1.1/24,9
20201019190049,10.77.1.2/24,33
20201019190050,10.20.30.1/16,2
20201019190052,192.168.1.1/24,-
20201019190053,192.168.1.2/24,2
20201019190054,10.77.1.2/24,6
20201019190055,10.77.1.2/24,50
20201019190056,10.20.30.1/16,1
20201019190058,10.20.30.2/16,6
20201019190059,10.77.1.1/24,2
20201019190101,10.20.30.2/16,2
20201019190102,192.168.1.2/24,66
20201019190103,10.77.1.2/24,2
20201019190104,10.20.30.2/16,8
20201019190106,10.20.30.2/16,77
20201019190107,10.20.30.1/16,1
20201019190108,10.77.1.1/24,3
20201019190109,10.77.1.1/24,-
20201019190110,192.168.1.1/24,-
20201019190111,10.77.1.1/24,34
20201019190112,10.77.1.1/24,9
20201019190113,10.20.30.1/16,11
20201019190114,192.168.1.2/24,-
20201019190115,10.20.30.1/16,-
20201019190117,192.168.1.1/24,6
20201019190118,10.77.1.2/24,1
20201019190119,192.168.1.1/24,38
20201019190121,10.77.1.2/24,-
20201019190123,10.20.30.2/16,5
20201019190125,192.168.1.1/24,1
20201019190126,192.168.1.2/24,77
20201019190127,10.20.30.2/16,55
20201019190128,192.168.1.1/24,-
20201019190129,10.20.30.1/16,8
20201019190130,192.168.1.2/24,2
20201019190131,10.20.30.2/16,8
20201019190132,10.20.30.2/16,4
20201019190133,192.168.1.2/24,94
20201019190134,10.77.1.2/24,4
20201019190135,192.168.1.1/24,4
20201019190136,10.20.30.2/16,2
20201019190138,10.20.30.1/16,5
20201019190139,192.168.1.2/24,33
20201019190140,10.20.30.1/16,-
20201019190142,10.20.30.1/16,9
20201019190144,10.77.1.2/24,3
20201019190145,10.77.1.1/24,5
20201019190147,10.20.30.1/16,8
20201019190148,192.168.1.1/24,10
20201019190150,10.77.1.1/24,8
20201019190151,192.168.1.2/24,17
20201019190152,192.168.1.1/24,6
20201019190154,10.20.30.1/16,4
20201019190155,10.77.1.1/24,8
20201019190156,10.77.1.1/24,-
20201019190157,192.168.1.1/24,-
20201019190158,192.168.1.2/24,4
20201019190159,10.20.30.1/16,-
20201019190200,10.20.30.1/16,7
20201019190201,192.168.1.2/24,3
20201019190202,10.77.1.2/24,20
20201019190203,10.20.30.1/16,45
20201019190204,10.77.1.2/24,4
20201019190206,10.20.30.2/16,3
20201019190207,192.168.1.1/24,35
20201019190208,10.77.1.2/24,9
20201019190209,10.20.30.1/16,-
20201019190210,192.168.1.2/24,9
20201019190211,10.20.30.2/16,-
20201019190212,10.77.1.1/24,6
20201019190213,10.77.1.1/24,5
20201019190215,192.168.1.2/24,1
20201019190216,192.168.1.2/24,82
20201019190217,10.77.1.1/24,7
20201019190218,192.168.1.2/24,4
20201019190219,10.20.30.2/16,-
20201019190220,10.77.1.2/24,-
20201019190221,192.168.1.1/24,7
20201019190222,192.168.1.2/24,5
20201019190224,10.77.1.1/24,99
20201019190226,10.77.1.1/24,6
20201019190227,10.77.1.1/24,8
20201019190228,10.20.30.2/16,6
20201019190229,10.77.1.1/24,94
20201019190230,10.20.30.1/16,-
20201019190231,192.168.1.1/24,5
20201019190233,192.168.1.2/24,-
20201019190235,192.168.1.1/24,72
20201019190236,10.77.1.2/24,-
20201019190238,192.168.1.2/24,30
20201019190239,192.168.1.2/24,-
20201019190240,10.77.1.2/24,3
20201019190242,10.20.30.2/16,-
20201019190243,10.20.30.2/16,87
20201019190244,10.77.1.2/24,9
20201019190245,192.168.1.2/24,3
20201019190246,10.77.1.2/24,7
20201019190248,10.77.1.1/24,7
20201019190249,10.20.30.1/16,7
20201019190250,10.20.30.2/16,-
20201019190252,10.77.1.1/24,31
20201019190253,10.20.30.2/16,7
20201019190254,10.20.30.2/16,2
20201019190256,192.168.1.2/24,9
20201019190257,10.20.30.1/16,86
20201019190258,10.20.30.1/16,2
20201019190259,10.77.1.2/24,12
20201019190300,10.77.1.2/24,1
20201019190301,192.168.1.2/24,3
20201019190302,192.168.1.2/24,-
20201019190304,10.20.30.1/16,-
20201019190305,10.77.1.1/24,1
20201019190306,10.77.1.1/24,-
20201019190307,192.168.1.2/24,-
20201019190308,192.168.1.1/24,-
20201019190309,10.20.30.1/16,-
20201019190311,10.20.30.1/16,2
20201019190312,10.77.1.2/24,9
20201019190313,10.20.30.2/16,7
20201019190314,192.168.1.1/24,2
20201019190315,192.168.1.1/24,9
20201019190317,10.77.1.2/24,10
20201019190318,192.168.1.2/24,5
20201019190319,192.168.1.1/24,70
20201019190320,192.168.1.1/24,2
20201019190321,10.77.1.2/24,9
20201019190322,10.20.30.2/16,5
20201019190323,10.77.1.1/24,-
20201019190324,10.20.30.2/16,8
20201019190326,10.77.1.2/24,2
20201019190328,192.168.1.1/24,-
20201019190329,10.77.1.2/24,1
20201019190330,10.77.1.2/24,7
20201019190331,10.20.30.2/16,-
20201019190332,10.20.30.2/16,1
20201019190333,192.168.1.1/24,9
20201019190334,192.168.1.2/24,-
20201019190335,10.20.30.2/16,6
20201019190337,192.168.1.2/24,4
20201019190338,10.20.30.1/16,-
20201019190339,10.20.30.2/16,35
20201019190340,10.77.1.2/24,7
20201019190341,10.77.1.1/24,21
20201019190342,10.77.1.2/24,1
20201019190343,10.77.1.1/24,91
20201019190344,10.20.30.1/16,2
20201019190345,192.168.1.2/24,36
20201019190346,10.77.1.1/24,2
20201019190347,10.20.30.2/16,3
20201019190348,192.168.1.2/24,6
20201019190349,192.168.1.2/24,-
20201019190350,10.20.30.2/16,-
20201019190351,10.20.30.2/16,-
20201019190352,10.77.1.1/24,1
20201019190353,10.77.1.2/24,-
20201019190354,10.20.30.2/16,-
20201019190355,10.20.30.2/16,87
20201019190356,10.77.1.2/24,6
20201019190358,10.20.30.2/16,11
20201019190359,10.77.1.1/24,4
20201019190400,10.20.30.2/16,-
20201019190401,10.77.1.1/24,2
20201019190402,10.20.30.1/16,2
20201019190403,10.20.30.1/16,39
20201019190404,10.20.30.1/16,9
20201019190405,10.77.1.2/24,9
20201019190406,10.77.1.2/24,7
20201019190407,10.77.1.2/24,-
20201019190409,10.20.30.1/16,3
20201019190411,192.168.1.2/24,85
20201019190413,10.77.1.2/24,2
20201019190415,10.20.30.1/16,9
20201019190416,10.20.30.1/16,6
20201019190418,10.77.1.2/24,6
20201019190419,10.77.1.1/24,9
20201019190420,10.20.30.2/16,11
20201019190421,10.20.30.1/16,7
20201019190422,10.20.30.1/16,-
20201019190423,10.77.1.2/24,-
20201019190425,192.168.1.2/24,6
20201019190426,192.168.1.2/24,21
20201019190427,10.77.1.1/24,25
20201019190428,10.77.1.2/24,93
20201019190429,10.77.1.1/24,8
20201019190430,192.168.1.2/24,3
20201019190431,192.168.1.1/24,3
20201019190432,192.168.1.2/24,4
20201019190433,192.168.1.2/24,-
20201019190434,10.20.30.1/16,6
20201019190435,192.168.1.2/24,53
20201019190437,10.77.1.1/24,19
20201019190439,10.20.30.2/16,9
20201019190440,192.168.1.2/24,8
20201019190441,192.168.1.1/24,25
20201019190442,192.168.1.1/24,3
20201019190443,192.168.1.2/24,42
20201019190445,10.77.1.1/24,6
20201019190447,10.77.1.1/24,97
20201019190449,192.168.1.1/24,-
20201019190450,10.20.30.1/16,81
20201019190451,10.77.1.2/24,5
20201019190452,10.77.1.2/24,1
20201019190453,192.168.1.2/24,7
20201019190454,192.168.1.1/24,23
20201019190455,10.77.1.2/24,13
20201019190456,10.77.1.2/24,5
20201019190457,10.77.1.2/24,7
20201019190459,192.168.1.1/24,42
20201019190500,192.168.1.2/24,4
20201019190502,192.168.1.1/24,-
20201019190504,10.20.30.2/16,-
20201019190505,10.20.30.1/16,-
20201019190507,10.77.1.1/24,8
20201019190508,10.20.30.2/16,7
20201019190509,10.20.30.1/16,8
20201019190510,10.77.1.2/24,75
20201019190511,10.77.1.2/24,-
20201019190512,10.20.30.1/16,5
20201019190513,10.77.1.2/24,13
20201019190515,192.168.1.2/24,9
20201019190516,10.77.1.2/24,0
20201019190517,192.168.1.2/24,23
20201019190518,192.168.1.1/24,2
20201019190519,10.20.30.1/16,1
20201019190521,10.77.1.2/24,1
20201019190523,10.20.30.1/16,-
20201019190524,10.77.1.2/24,78
20201019190525,10.20.30.1/16,7
20201019190527,10.20.30.1/16,2
20201019190528,10.20.30.1/16,15
20201019190529,10.20.30.1/16,61
20201019190530,10.77.1.1/24,-
20201019190531,10.20.30.2/16,1
20201019190532,10.77.1.2/24,9
20201019190534,192.168.1.1/24,-
20201019190535,192.168.1.1/24,15
20201019190536,192.168.1.2/24,4
20201019190538,10.20.30.1/16,-
20201019190539,10.77.1.1/24,3
20201019190541,192.168.1.1/24,5
20201019190543,10.20.30.2/16,3
20201019190544,10.20.30.1/16,1
20201019190545,10.20.30.1/16,1
20201019190546,10.77.1.2/24,-
20201019190547,10.20.30.2/16,3
20201019190549,10.20.30.2/16,-
20201019190550,192.168.1.2/24,43
20201019190551,192.168.1.2/24,-
20201019190552,192.168.1.1/24,2
20201019190554,192.168.1.1/24,9
20201019190556,192.168.1.1/24,3
20201019190558,192.168.1.2/24,6
20201019190559,10.20.30.2/16,3
20201019190601,10.77.1.2/24,18
20201019190602,192.168.1.1/24,13
20201019190603,10.77.1.1/24,-
20201019190604,10.77.1.2/24,15
20201019190605,10.77.1.1/24,51
20201019190606,10.20.30.1/16,4
20201019190607,10.20.30.2/16,-
20201019190608,192.168.1.1/24,5
20201019190609,192.168.1.1/24,44
20201019190610,192.168.1.1/24,-
20201019190611,192.168.1.1/24,61
20201019190612,10.20.30.1/16,-
20201019190614,10.77.1.1/24,-
20201019190615,192.168.1.2/24,5
20201019190616,10.20.30.1/16,12
20201019190617,10.20.30.1/16,4
20201019190618,192.168.1.1/24,35
20201019190619,10.77.1.2/24,1
20201019190620,10.20.30.2/16,1
20201019190621,10.77.1.2/24,6
20201019190623,10.20.30.2/16,6
20201019190624,10.20.30.1/16,6
20201019190625,10.20.30.1/16,9
20201019190627,192.168.1.2/24,2
20201019190628,10.77.1.1/24,92
20201019190629,192.168.1.2/24,76
20201019190630,10.77.1.2/24,2
20201019190631,10.20.30.2/16,5
20201019190632,10.77.1.2/24,-
20201019190634,10.20.30.1/16,9
20201019190635,10.77.1.1/24,9
20201019190636,192.168.1.1/24,1
20201019190637,10.77.1.1/24,15
20201019190638,192.168.1.2/24,28
20201019190639,192.168.1.1/24,9
20201019190641,10.20.30.1/16,4
20201019190642,192.168.1.1/24,87
20201019190643,192.168.1.2/24,8
20201019190644,192.168.1.1/24,3
20201019190645,192.168.1.2/24,38
20201019190646,192.168.1.1/24,-
20201019190648,10.77.1.2/24,6
20201019190649,10.20.30.1/16,6
20201019190650,192.168.1.2/24,4
20201019190651,10.77.1.1/24,9
20201019190653,192.168.1.2/24,19
20201019190655,10.77.1.2/24,-
20201019190656,192.168.1.1/24,3
20201019190657,10.20.30.1/16,8
20201019190658,10.77.1.2/24,3
20201019190659,10.20.30.1/16,2
20201019190701,192.168.1.2/24,1
20201019190703,10.77.1.2/24,-
20201019190704,192.168.1.1/24,5
20201019190705,10.77.1.1/24,90
20201019190706,10.77.1.1/24,4
20201019190707,192.168.1.2/24,64
20201019190709,10.77.1.2/24,9
20201019190710,10.77.1.2/24,-
20201019190711,10.20.30.2/16,-
20201019190712,192.168.1.1/24,-
20201019190713,192.168.1.2/24,6
20201019190714,10.77.1.2/24,39
20201019190715,10.77.1.1/24,-
20201019190716,10.20.30.1/16,10
20201019190717,10.77.1.2/24,4
20201019190718,10.77.1.2/24,2
20201019190719,10.77.1.2/24,40
20201019190720,10.77.1.1/24,-
20201019190721,10.20.30.1/16,3
20201019190722,10.20.30.1/16,-
20201019190723,192.168.1.2/24,-
20201019190725,192.168.1.2/24,-
20201019190727,192.168.1.1/24,-
20201019190729,10.20.30.2/16,1
20201019190730,192.168.1.1/24,-
20201019190732,10.20.30.2/16,8
20201019190733,10.20.30.1/16,46
20201019190734,192.168.1.1/24,-
20201019190735,10.20.30.1/16,4
20201019190736,192.168.1.2/24,-
20201019190737,192.168.1.1/24,5
20201019190739,192.168.1.2/24,15
20201019190740,10.20.30.1/16,7
20201019190741,10.77.1.2/24,4
20201019190743,10.20.30.2/16,6
20201019190744,192.168.1.1/24,-
20201019190745,10.77.1.2/24,34
20201019190746,10.77.1.1/24,9
20201019190747,10.20.30.1/16,9
20201019190749,192.168.1.1/24,3
20201019190750,192.168.1.2/24,36
20201019190751,10.20.30.2/16,9
20201019190752,10.20.30.2/16,9
20201019190753,10.77.1.2/24,4
20201019190754,10.20.30.1/16,7
20201019190755,10.77.1.2/24,6
20201019190756,192.168.1.1/24,-
20201019190757,192.168.1.2/24,5
20201019190759,192.168.1.2/24,4
20201019190800,10.77.1.1/24,7
20201019190801,192.168.1.1/24,7
20201019190802,10.20.30.1/16,-
20201019190803,10.20.30.1/16,3
20201019190805,10.77.1.1/24,55
20201019190807,10.20.30.2/16,-
20201019190809,10.77.1.1/24,9
20201019190810,10.77.1.1/24,7
20201019190811,192.168.1.1/24,1
20201019190812,10.77.1.1/24,6
20201019190814,10.20.30.2/16,-
20201019190816,192.168.1.2/24,4
20201019190817,192.168.1.1/24,-
20201019190818,10.77.1.1/24,-
20201019190819,10.77.1.1/24,7
20201019190820,10.77.1.2/24,52
20201019190821,10.77.1.1/24,9
20201019190822,192.168.1.2/24,8
20201019190823,192.168.1.1/24,51
20201019190825,192.168.1.1/24,37
20201019190827,192.168.1.2/24,-
20201019190828,192.168.1.1/24,3
20201019190829,10.20.30.1/16,3
20201019190830,192.168.1.1/24,-
20201019190831,10.20.30.2/16,6
20201019190832,10.20.30.2/16,7
20201019190833,192.168.1.1/24,-
20201019190835,10.77.1.1/24,2
20201019190836,10.77.1.2/24,4
20201019190837,192.168.1.2/24,-
20201019190838,192.168.1.1/24,-
20201019190839,192.168.1.1/24,41
20201019190840,10.20.30.1/16,-
20201019190841,10.20.30.2/16,7
20201019190842,10.77.1.2/24,-
20201019190843,10.77.1.1/24,92
20201019190844,10.77.1.2/24,92
20201019190846,10.20.30.2/16,10
20201019190847,10.20.30.2/16,-
20201019190848,10.77.1.1/24,1
20201019190849,10.20.30.1/16,5
20201019190850,192.168.1.2/24,9
20201019190851,192.168.1.2/24,5
20201019190853,10.77.1.2/24,6
20201019190854,192.168.1.2/24,4
20201019190855,10.77.1.2/24,1
20201019190856,10.20.30.2/16,1
20201019190857,10.20.30.1/16,56
20201019190858,10.20.30.2/16,13
20201019190859,10.77.1.2/24,4
20201019190901,10.20.30.1/16,-
20201019190902,10.20.30.1/16,39
20201019190903,10.77.1.2/24,2
20201019190904,192.168.1.1/24,66
20201019190905,10.77.1.2/24,6
20201019190907,10.20.30.1/16,-
20201019190908,10.20.30.1/16,93
20201019190909,10.20.30.1/16,-
20201019190910,10.77.1.2/24,-
20201019190911,10.77.1.1/24,7
20201019190912,10.77.1.2/24,4
20201019190913,10.20.30.1/16,7
20201019190914,192.168.1.2/24,53
20201019190915,192.168.1.1/24,-
20201019190916,10.20.30.1/16,61
20201019190917,10.77.1.1/24,6
20201019190918,192.168.1.2/24,7
20201019190919,10.20.30.1/16,66
20201019190920,10.20.30.2/16,4
20201019190921,10.77.1.2/24,81
20201019190922,10.77.1.2/24,14
20201019190923,192.168.1.1/24,-
20201019190924,10.20.30.1/16,-
20201019190925,10.20.30.1/16,-
20201019190927,10.77.1.2/24,22
20201019190928,192.168.1.1/24,8
20201019190930,192.168.1.2/24,2
20201019190931,192.168.1.2/24,32
20201019190932,10.20.30.1/16,2
20201019190933,10.77.1.1/24,4
20201019190935,192.168.1.2/24,9
20201019190936,10.20.30.2/16,47
20201019190937,192.168.1.1/24,3
20201019190938,192.168.1.2/24,8
20201019190939,192.168.1.2/24,-
20201019190940,192.168.1.1/24,84
20201019190942,10.77.1.1/24,75
20201019190943,192.168.1.2/24,1
20201019190944,10.20.30.2/16,5
20201019190945,10.20.30.2/16,8
20201019190946,10.77.1.1/24,3
20201019190947,10.77.1.2/24,2
20201019190948,10.20.30.1/16,64
20201019190949,10.20.30.2/16,7
20201019190950,192.168.1.1/24,3
20201019190951,10.77.1.2/24,-
20201019190952,10.20.30.2/16,3
20201019190953,10.20.30.2/16,3
20201019190955,10.77.1.2/24,-
20201019190956,192.168.1.2/24,-
20201019190957,192.168.1.1/24,14
20201019190958,10.77.1.2/24,-
20201019190959,10.77.1.2/24,-
20201019191001,192.168.1.1/24,7
20201019191003,10.20.30.1/16,2
20201019191005,10.20.30.1/16,3
20201019191006,10.20.30.1/16,5
20201019191008,10.77.1.2/24,9
20201019191009,10.77.1.2/24,8
20201019191010,192.168.1.1/24,2
20201019191012,10.77.1.2/24,24
20201019191013,10.77.1.1/24,2
20201019191014,192.168.1.1/24,3
20201019191015,192.168.1.1/24,6
20201019191017,10.77.1.1/24,14
20201019191018,10.77.1.2/24,-
20201019191020,10.20.30.2/16,6
20201019191021,10.20.30.2/16,32
20201019191022,192.168.1.1/24,4
20201019191024,10.77.1.1/24,-
20201019191025,192.168.1.2/24,-
20201019191026,192.168.1.2/24,8
20201019191027,192.168.1.1/24,40
20201019191028,10.20.30.2/16,8
20201019191029,192.168.1.1/24,8
20201019191030,10.77.1.1/24,2
20201019191031,10.20.30.2/16,5
20201019191032,192.168.1.1/24,95
20201019191034,192.168.1.2/24,1
20201019191035,10.20.30.1/16,9
20201019191036,192.168.1.2/24,5
20201019191037,192.168.1.2/24,8
20201019191038,10.20.30.2/16,45
20201019191039,10.20.30.2/16,-
20201019191041,192.168.1.1/24,24
20201019191042,10.20.30.1/16,1
20201019191044,10.20.30.2/16,-
20201019191045,192.168.1.1/24,7
20201019191046,192.168.1.1/24,-
20201019191047,192.168.1.1/24,3
20201019191048,192.168.1.1/24,8
20201019191050,10.20.30.2/16,82
20201019191051,10.77.1.1/24,14
20201019191053,10.20.30.1/16,20
20201019191054,10.77.1.2/24,-
20201019191056,10.77.1.1/24,-
20201019191058,10.20.30.1/16,2
20201019191100,10.77.1.2/24,1
20201019191101,10.20.30.2/16,13
20201019191102,10.20.30.1/16,9
20201019191103,10.20.30.1/16,-
20201019191104,10.20.30.1/16,2
20201019191105,10.77.1.2/24,-
20201019191107,192.168.1.2/24,3
20201019191108,192.168.1.2/24,6
20201019191109,10.77.1.2/24,10
20201019191110,10.20.30.2/16,-
20201019191111,10.77.1.1/24,-
20201019191112,10.77.1.1/24,-
20201019191113,192.168.1.1/24,7
20201019191114,10.20.30.2/16,66
20201019191115,192.168.1.2/24,-
20201019191116,10.20.30.1/16,-
20201019191117,192.168.1.2/24,5
20201019191118,10.20.30.2/16,-
20201019191119,192.168.1.1/24,1
20201019191120,10.20.30.2/16,-
20201019191121,10.20.30.2/16,-
20201019191122,192.168.1.1/24,8
20201019191124,192.168.1.1/24,-
20201019191126,10.77.1.2/24,9
20201019191127,10.77.1.1/24,3
20201019191128,192.168.1.1/24,9
20201019191129,192.168.1.2/24,-
20201019191130,10.20.30.2/16,55
20201019191131,10.20.30.1/16,-
20201019191132,10.77.1.1/24,5
20201019191133,10.20.30.1/16,1
20201019191134,192.168.1.1/24,-
20201019191135,10.20.30.1/16,-
20201019191137,10.20.30.1/16,9
20201019191139,10.20.30.2/16,1
20201019191140,10.20.30.1/16,-
20201019191142,10.77.1.2/24,2
20201019191143,10.77.1.2/24,-
20201019191145,192.168.1.2/24,8
20201019191146,10.20.30.1/16,6
20201019191148,10.20.30.2/16,-
20201019191149,10.20.30.1/16,-
20201019191151,10.20.30.2/16,-
20201019191152,10.77.1.1/24,5
20201019191153,10.20.30.1/16,-
20201019191154,192.168.1.2/24,6
20201019191155,10.77.1.2/24,-
20201019191156,10.77.1.1/24,-
20201019191157,10.77.1.1/24,3
20201019191159,192.168.1.2/24,8
20201019191200,10.77.1.2/24,5
20201019191201,10.77.1.1/24,2
20201019191202,192.168.1.1/24,-
20201019191203,10.20.30.1/16,8
20201019191204,192.168.1.2/24,4
20201019191205,192.168.1.2/24,-
20201019191207,10.20.30.1/16,3
20201019191209,10.20.30.2/16,-
20201019191210,10.20.30.1/16,-
20201019191211,192.168.1.1/24,-
20201019191212,10.77.1.1/24,79
20201019191214,10.77.1.2/24,15
20201019191216,10.20.30.1/16,1
20201019191218,10.77.1.2/24,4
20201019191219,10.20.30.2/16,6
20201019191221,10.20.30.1/16,-
20201019191223,10.20.30.2/16,1
20201019191224,10.77.1.2/24,32
20201019191225,10.77.1.2/24,2
20201019191227,192.168.1.2/24,3
20201019191228,10.77.1.2/24,-
20201019191229,10.77.1.2/24,-
20201019191230,10.77.1.2/24,4
20201019191232,10.20.30.1/16,2
20201019191233,192.168.1.2/24,-
20201019191234,10.77.1.2/24,5
20201019191236,10.77.1.1/24,3
20201019191237,10.77.1.1/24,9
20201019191238,10.77.1.1/24,-
20201019191239,10.20.30.2/16,2
20201019191240,10.20.30.2/16,-
20201019191242,192.168.1.2/24,27
20201019191243,10.20.30.2/16,3
20201019191244,10.20.30.2/16,8
20201019191245,10.20.30.2/16,31
20201019191246,10.77.1.1/24,-
20201019191247,192.168.1.1/24,8
20201019191249,10.77.1.1/24,82
20201019191250,10.77.1.2/24,5
20201019191251,192.168.1.1/24,8
20201019191252,192.168.1.2/24,6
20201019191253,192.168.1.2/24,9
20201019191254,192.168.1.1/24,12
20201019191256,10.77.1.1/24,4
20201019191257,10.77.1.1/24,8
20201019191258,10.77.1.1/24,5
20201019191300,192.168.1.2/24,3
20201019191301,10.20.30.2/16,-
20201019191302,10.20.30.1/16,-
20201019191303,192.168.1.2/24,3
20201019191304,10.20.30.2/16,2
20201019191305,10.20.30.1/16,9
20201019191306,10.77.1.1/24,9
20201019191307,10.20.30.1/16,8
20201019191308,10.20.30.2/16,8
20201019191309,10.20.30.1/16,2
20201019191310,10.77.1.1/24,50
20201019191311,10.77.1.1/24,6
20201019191312,10.77.1.2/24,20
20201019191313,10.20.30.1/16,31
20201019191314,192.168.1.2/24,9
20201019191315,10.77.1.1/24,3
20201019191316,10.20.30.2/16,-
20201019191318,192.168.1.1/24,7
20201019191319,10.77.1.1/24,5
20201019191321,192.168.1.2/24,14
20201019191322,10.77.1.2/24,-
20201019191324,10.20.30.2/16,1
20201019191325,10.20.30.1/16,8
20201019191327,192.168.1.2/24,68
20201019191328,10.77.1.2/24,-
20201019191329,10.77.1.2/24,2
20201019191330,10.77.1.1/24,30
20201019191331,192.168.1.1/24,59
20201019191332,192.168.1.1/24,3
20201019191333,10.20.30.1/16,4
20201019191334,10.77.1.2/24,4
20201019191336,192.168.1.1/24,1
20201019191337,10.20.30.1/16,2
20201019191338,10.77.1.1/24,9
20201019191339,10.20.30.1/16,26
20201019191341,192.168.1.1/24,-
20201019191342,10.20.30.2/16,4
20201019191343,10.20.30.2/16,3
20201019191344,192.168.1.1/24,25
20201019191345,10.20.30.2/16,5
20201019191346,192.168.1.1/24,9
20201019191348,10.20.30.1/16,72
20201019191349,10.77.1.2/24,74
20201019191350,10.20.30.1/16,9
20201019191351,10.77.1.2/24,8
20201019191352,10.77.1.2/24,6
20201019191353,10.77.1.1/24,12
20201019191354,10.20.30.1/16,10
20201019191355,10.20.30.2/16,-
20201019191357,192.168.1.1/24,-
20201019191359,192.168.1.1/24,4
20201019191400,10.77.1.1/24,8
20201019191401,10.20.30.1/16,8
20201019191402,10.77.1.1/24,5
20201019191403,192.168.1.1/24,-
20201019191404,192.168.1.1/24,-
20201019191405,10.77.1.1/24,-
20201019191406,192.168.1.2/24,8
20201019191407,10.77.1.1/24,9
20201019191408,10.77.1.1/24,2
20201019191409,10.77.1.2/24,52
20201019191410,10.20.30.1/16,4
20201019191411,192.168.1.1/24,95
20201019191412,10.20.30.2/16,2
20201019191413,10.77.1.2/24,-
20201019191415,192.168.1.2/24,-
20201019191417,192.168.1.2/24,7
20201019191419,192.168.1.2/24,42
20201019191420,10.77.1.2/24,6
20201019191421,192.168.1.2/24,-
20201019191422,192.168.1.2/24,1
20201019191423,10.77.1.1/24,1
20201019191424,192.168.1.1/24,8
20201019191425,10.20.30.2/16,42
20201019191426,10.77.1.2/24,58
20201019191427,10.77.1.1/24,9
20201019191428,10.77.1.2/24,-
20201019191429,10.20.30.2/16,-
20201019191430,192.168.1.2/24,99
20201019191431,192.168.1.1/24,14
20201019191432,192.168.1.2/24,-
20201019191434,192.168.1.1/24,8
20201019191435,10.77.1.2/24,8
20201019191436,192.168.1.1/24,-
20201019191438,10.77.1.1/24,43
20201019191439,10.20.30.2/16,13
20201019191440,10.20.30.1/16,9
20201019191441,10.20.30.1/16,7
20201019191442,10.77.1.1/24,-
20201019191443,10.20.30.2/16,12
20201019191444,10.20.30.2/16,-
20201019191445,10.20.30.2/16,7
20201019191447,192.168.1.1/24,-
20201019191448,10.77.1.1/24,2
20201019191449,10.77.1.2/24,-
20201019191450,10.20.30.2/16,84
20201019191451,192.168.1.1/24,18
20201019191453,192.168.1.1/24,4
20201019191454,10.20.30.1/16,3
20201019191455,192.168.1.1/24,65
20201019191456,10.77.1.2/24,8
20201019191457,10.20.30.2/16,-
20201019191458,10.77.1.1/24,3
20201019191459,10.77.1.2/24,-
20201019191501,10.77.1.2/24,-
20201019191502,10.20.30.2/16,5
20201019191503,10.77.1.1/24,3
20201019191504,10.20.30.2/16,75
20201019191506,10.77.1.1/24,5
20201019191508,192.168.1.1/24,8
20201019191509,10.77.1.2/24,9
20201019191510,192.168.1.1/24,-
20201019191512,10.77.1.2/24,-
20201019191513,192.168.1.1/24,5
20201019191515,192.168.1.2/24,9
20201019191516,10.20.30.2/16,32
20201019191517,10.77.1.2/24,-
20201019191518,10.77.1.1/24,3
20201019191519,192.168.1.2/24,-
20201019191520,10.20.30.2/16,9
20201019191521,10.20.30.1/16,58
20201019191522,10.20.30.2/16,-
20201019191524,10.77.1.2/24,6
20201019191525,10.20.30.2/16,-
20201019191527,10.20.30.1/16,8
20201019191529,10.77.1.2/24,55
20201019191531,192.168.1.2/24,1
20201019191532,10.77.1.2/24,-
20201019191534,10.77.1.1/24,3
20201019191535,10.20.30.2/16,29
20201019191536,192.168.1.1/24,50
20201019191537,192.168.1.1/24,1
20201019191538,10.77.1.1/24,8
20201019191539,10.77.1.2/24,81
20201019191540,192.168.1.1/24,-
20201019191542,10.20.30.1/16,2
20201019191543,10.77.1.1/24,-
20201019191544,10.20.30.1/16,9
20201019191546,10.20.30.1/16,2
20201019191548,10.20.30.1/16,6
20201019191549,10.20.30.2/16,1
20201019191550,192.168.1.1/24,9
20201019191551,192.168.1.2/24,3
20201019191552,10.20.30.1/16,2
20201019191553,10.20.30.2/16,-
20201019191555,192.168.1.1/24,6
20201019191557,10.20.30.2/16,-
20201019191558,192.168.1.1/24,8
20201019191559,10.20.30.2/16,-
20201019191600,10.77.1.1/24,-
20201019191602,192.168.1.1/24,4
20201019191604,10.77.1.2/24,4
20201019191605,10.20.30.1/16,-
20201019191606,192.168.1.1/24,1
20201019191607,192.168.1.2/24,-
20201019191608,192.168.1.1/24,1
20201019191610,192.168.1.1/24,3
20201019191611,10.77.1.2/24,7
20201019191612,10.20.30.2/16,-
20201019191613,10.77.1.1/24,5
20201019191614,10.20.30.1/16,48
20201019191615,192.168.1.1/24,3
20201019191616,10.20.30.1/16,59
20201019191617,10.77.1.1/24,6
20201019191618,10.77.1.1/24,4
20201019191619,10.20.30.1/16,-
20201019191620,10.20.30.2/16,8
20201019191621,10.77.1.1/24,1
20201019191622,10.20.30.2/16,58
20201019191623,192.168.1.2/24,89
20201019191624,10.20.30.1/16,29
20201019191625,10.77.1.2/24,9
20201019191627,10.20.30.2/16,-
20201019191628,10.20.30.2/16,4
20201019191629,192.168.1.1/24,-
20201019191630,10.77.1.2/24,9
20201019191631,192.168.1.1/24,10
20201019191632,192.168.1.1/24,-
20201019191633,10.20.30.2/16,7
20201019191634,10.77.1.1/24,95
20201019191635,192.168.1.1/24,5
20201019191637,10.77.1.2/24,-
20201019191638,10.20.30.2/16,-
20201019191639,10.20.30.2/16,-
20201019191640,192.168.1.2/24,47
20201019191641,10.20.30.2/16,6
20201019191642,10.20.30.2/16,3
20201019191643,10.77.1.2/24,8
20201019191644,10.20.30.1/16,-
20201019191645,192.168.1.2/24,-
20201019191646,10.77.1.1/24,29
20201019191648,10.20.30.2/16,-
20201019191649,10.77.1.2/24,6
20201019191651,10.20.30.1/16,9
20201019191652,10.77.1.2/24,-
20201019191653,10.77.1.1/24,-
20201019191654,10.20.30.1/16,3
20201019191655,10.20.30.1/16,-
20201019191656,10.77.1.2/24,9
20201019191657,10.20.30.2/16,4
20201019191659,192.168.1.1/24,62
20201019191701,192.168.1.2/24,7
20201019191702,192.168.1.1/24,-
20201019191703,10.20.30.1/16,6
20201019191704,10.77.1.1/24,31
20201019191705,192.168.1.2/24,90
20201019191706,192.168.1.2/24,-
20201019191707,192.168.1.2/24,3
20201019191708,10.77.1.2/24,8
20201019191709,10.20.30.1/16,-
20201019191710,10.20.30.1/16,81
20201019191712,192.168.1.1/24,8
20201019191713,10.20.30.2/16,2
20201019191714,10.20.30.2/16,71
20201019191715,10.20.30.2/16,5
20201019191716,10.20.30.1/16,6
20201019191717,192.168.1.1/24,2
20201019191718,10.77.1.1/24,-
20201019191720,10.20.30.2/16,58
20201019191721,10.20.30.2/16,7
20201019191722,192.168.1.2/24,4
20201019191723,10.77.1.1/24,-
20201019191724,192.168.1.2/24,1
20201019191726,192.168.1.2/24,2
20201019191727,10.77.1.2/24,44
20201019191728,10.20.30.1/16,9
20201019191729,192.168.1.1/24,-
20201019191730,10.77.1.2/24,6
20201019191731,10.20.30.1/16,6
20201019191732,10.20.30.1/16,1
20201019191733,192.168.1.1/24,24
20201019191734,10.77.1.2/24,9
20201019191735,192.168.1.2/24,-
20201019191736,192.168.1.2/24,5
20201019191737,192.168.1.2/24,8
20201019191738,10.77.1.1/24,-
20201019191739,10.77.1.2/24,7
20201019191741,10.77.1.1/24,-
20201019191742,192.168.1.2/24,52
20201019191743,192.168.1.2/24,7
20201019191744,10.77.1.2/24,37
20201019191745,10.77.1.1/24,4
20201019191746,192.168.1.2/24,-
20201019191747,10.20.30.1/16,4
20201019191748,10.77.1.2/24,-
20201019191749,192.168.1.1/24,75
20201019191751,10.20.30.1/16,-
20201019191752,10.77.1.2/24,98
20201019191753,10.20.30.1/16,-
20201019191755,192.168.1.2/24,-
20201019191756,10.77.1.1/24,28
20201019191758,10.77.1.2/24,7
20201019191800,192.168.1.1/24,6
20201019191801,10.77.1.2/24,95
20201019191802,10.20.30.1/16,39
20201019191803,192.168.1.1/24,6
20201019191804,10.20.30.1/16,-
20201019191805,192.168.1.1/24,6
20201019191806,192.168.1.1/24,7
20201019191808,192.168.1.1/24,-
20201019191809,10.77.1.1/24,7
20201019191810,192.168.1.1/24,1
20201019191811,10.20.30.2/16,-
20201019191812,10.77.1.2/24,6
20201019191813,10.77.1.2/24,6
20201019191814,10.20.30.2/16,5
20201019191815,10.20.30.1/16,9
20201019191816,192.168.1.2/24,34
20201019191818,10.20.30.1/16,15
20201019191820,10.20.30.2/16,8
20201019191822,192.168.1.2/24,-
20201019191823,10.20.30.1/16,6
20201019191824,10.20.30.2/16,7
20201019191825,192.168.1.2/24,15
20201019191826,10.20.30.2/16,8
20201019191827,10.20.30.1/16,32
20201019191829,192.168.1.2/24,9
20201019191830,10.77.1.2/24,-
20201019191831,10.20.30.2/16,6
20201019191832,10.77.1.2/24,9
20201019191833,10.20.30.1/16,-
20201019191834,192.168.1.2/24,10
20201019191836,192.168.1.2/24,3
20201019191837,192.168.1.2/24,6
20201019191839,10.77.1.2/24,-
20201019191840,192.168.1.2/24,9
20201019191841,192.168.1.2/24,2
20201019191842,10.20.30.1/16,-
20201019191843,10.77.1.2/24,-
20201019191844,192.168.1.2/24,1
20201019191846,192.168.1.1/24,-
20201019191847,192.168.1.2/24,3
20201019191848,10.20.30.1/16,1
20201019191850,192.168.1.2/24,12
20201019191851,192.168.1.1/24,2
20201019191852,10.20.30.1/16,-
20201019191854,10.20.30.2/16,8
20201019191855,10.77.1.1/24,-
20201019191856,192.168.1.2/24,27
20201019191857,10.77.1.1/24,26
20201019191858,10.20.30.1/16,22
20201019191859,10.77.1.2/24,7
20201019191900,192.168.1.1/24,82
20201019191901,10.20.30.1/16,-
20201019191902,10.77.1.1/24,18
20201019191903,10.20.30.2/16,1
20201019191904,192.168.1.1/24,15
20201019191905,10.20.30.2/16,1
20201019191906,10.20.30.1/16,-
20201019191907,10.77.1.1/24,46
20201019191909,192.168.1.2/24,8
20201019191910,10.20.30.1/16,4
20201019191911,192.168.1.2/24,5
20201019191912,10.20.30.1/16,4
20201019191913,10.77.1.2/24,-
20201019191915,10.77.1.1/24,61
20201019191917,10.77.1.1/24,60
20201019191919,10.77.1.2/24,-
20201019191920,192.168.1.2/24,6
20201019191922,192.168.1.1/24,-
20201019191923,10.77.1.2/24,9
20201019191925,10.77.1.1/24,1
20201019191926,10.20.30.2/16,2
20201019191927,10.20.30.2/16,7
20201019191928,10.77.1.1/24,58
20201019191930,10.20.30.2/16,13
20201019191931,10.77.1.2/24,3
20201019191932,10.77.1.2/24,6
20201019191933,192.168.1.1/24,4
20201019191934,10.20.30.1/16,-
20201019191936,10.20.30.1/16,39
20201019191937,192.168.1.2/24,-
20201019191938,10.77.1.2/24,2
20201019191939,10.20.30.1/16,5
20201019191940,10.20.30.2/16,-
20201019191941,10.20.30.2/16,82
20201019191942,192.168.1.1/24,5
20201019191943,10.77.1.2/24,3
20201019191944,10.20.30.2/16,6
20201019191945,192.168.1.1/24,4
20201019191946,10.77.1.2/24,1
20201019191947,192.168.1.1/24,-
20201019191948,192.168.1.2/24,4
20201019191950,10.20.30.2/16,9
20201019191951,10.20.30.1/16,9
20201019191953,10.20.30.2/16,1
20201019191954,192.168.1.1/24,9
20201019191955,10.20.30.1/16,40
20201019191957,10.77.1.1/24,7
20201019191958,10.77.1.2/24,-
20201019192000,10.20.30.1/16,5
20201019192001,192.168.1.2/24,4
20201019192002,192.168.1.1/24,1
20201019192003,10.77.1.1/24,11
20201019192004,10.20.30.2/16,7
20201019192005,10.77.1.1/24,7
20201019192006,192.168.1.2/24,9
20201019192007,10.77.1.1/24,-
20201019192008,10.77.1.2/24,-
20201019192010,10.20.30.2/16,9
20201019192011,192.168.1.2/24,7
20201019192012,10.20.30.2/16,2
20201019192013,192.168.1.1/24,4
20201019192015,192.168.1.1/24,3
20201019192016,10.77.1.2/24,2
20201019192018,192.168.1.1/24,-
20201019192020,10.20.30.2/16,44
20201019192022,10.77.1.2/24,3
20201019192023,10.77.1.1/24,1
20201019192024,10.20.30.2/16,-
20201019192025,10.20.30.2/16,4
20201019192026,10.20.30.1/16,-
20201019192027,10.77.1.2/24,36
20201019192028,10.20.30.1/16,70
20201019192029,10.77.1.1/24,6
20201019192030,192.168.1.2/24,86
20201019192031,10.20.30.1/16,-
20201019192032,10.77.1.2/24,58
20201019192033,10.20.30.1/16,9
20201019192034,192.168.1.2/24,98
20201019192036,10.77.1.1/24,8
20201019192037,10.77.1.1/24,8
20201019192038,192.168.1.1/24,2
20201019192040,192.168.1.2/24,8
20201019192041,192.168.1.1/24,2
20201019192042,10.77.1.2/24,2
20201019192043,10.77.1.2/24,8
20201019192044,192.168.1.1/24,-
20201019192045,10.77.1.2/24,-
20201019192046,10.20.30.1/16,75
20201019192047,10.77.1.1/24,67
20201019192048,10.20.30.2/16,1
20201019192049,192.168.1.1/24,5
20201019192050,192.168.1.2/24,41
20201019192052,192.168.1.1/24,-
20201019192053,192.168.1.1/24,36
20201019192054,192.168.1.2/24,9
20201019192055,192.168.1.2/24,3
20201019192056,10.77.1.2/24,25
20201019192057,10.20.30.1/16,38
20201019192059,10.20.30.2/16,-
20201019192100,192.168.1.2/24,49
20201019192102,10.77.1.2/24,4
20201019192103,10.77.1.2/24,-
20201019192104,10.77.1.2/24,4
20201019192105,10.77.1.1/24,-
20201019192106,192.168.1.2/24,-
20201019192107,10.20.30.2/16,24
20201019192108,10.20.30.2/16,3
20201019192110,192.168.1.1/24,7
20201019192111,10.77.1.1/24,-
20201019192112,10.77.1.1/24,5
20201019192113,10.20.30.2/16,9
20201019192114,192.168.1.1/24,-
20201019192115,10.20.30.2/16,6
20201019192116,10.77.1.1/24,-
20201019192118,192.168.1.2/24,11
20201019192119,10.77.1.2/24,12
20201019192120,192.168.1.1/24,17
20201019192121,10.77.1.2/24,56
20201019192123,192.168.1.1/24,51
20201019192124,10.20.30.1/16,-
20201019192125,10.77.1.1/24,-
20201019192126,10.20.30.2/16,1
20201019192127,192.168.1.2/24,-
20201019192128,192.168.1.1/24,8
20201019192130,10.77.1.1/24,58
20201019192131,192.168.1.1/24,9
20201019192133,10.77.1.1/24,91
20201019192134,10.77.1.2/24,-
20201019192135,10.77.1.1/24,23
20201019192136,10.20.30.1/16,-
20201019192138,10.77.1.2/24,3
20201019192140,10.77.1.1/24,90
20201019192141,10.77.1.2/24,-
20201019192142,192.168.1.2/24,10
20201019192143,192.168.1.1/24,-
20201019192144,10.20.30.2/16,1
20201019192145,192.168.1.2/24,-
20201019192147,10.77.1.1/24,-
20201019192148,192.168.1.1/24,5
20201019192150,10.77.1.1/24,1
20201019192151,10.20.30.2/16,12
20201019192152,192.168.1.1/24,2
20201019192153,10.77.1.1/24,8
20201019192154,10.20.30.2/16,-
20201019192156,10.20.30.1/16,-
20201019192158,192.168.1.1/24,-
20201019192159,10.77.1.2/24,2
20201019192200,192.168.1.1/24,1
20201019192201,10.20.30.1/16,2
20201019192202,10.20.30.2/16,-
20201019192203,192.168.1.2/24,6
20201019192205,192.168.1.2/24,7
20201019192207,192.168.1.1/24,33
20201019192208,10.77.1.1/24,5
20201019192209,10.20.30.1/16,17
20201019192210,10.20.30.2/16,4
20201019192211,192.168.1.1/24,8
20201019192212,10.77.1.1/24,2
20201019192213,10.77.1.1/24,8
20201019192215,10.20.30.1/16,65
20201019192216,10.77.1.2/24,-
20201019192218,10.77.1.2/24,10
20201019192220,10.20.30.2/16,4
20201019192221,10.20.30.1/16,-
20201019192222,192.168.1.2/24,9
20201019192223,192.168.1.2/24,6
20201019192224,192.168.1.1/24,7
20201019192225,10.20.30.2/16,1
20201019192226,192.168.1.1/24,2
20201019192228,192.168.1.2/24,74
20201019192229,192.168.1.2/24,94
20201019192230,10.77.1.2/24,7
20201019192231,10.77.1.1/24,-
20201019192233,192.168.1.1/24,-
20201019192234,192.168.1.2/24,76
20201019192235,10.77.1.1/24,43
20201019192237,10.77.1.1/24,-
20201019192239,10.77.1.2/24,3
20201019192240,192.168.1.2/24,99
20201019192241,192.168.1.1/24,5
20201019192242,10.77.1.2/24,-
20201019192243,10.20.30.2/16,-
20201019192245,10.77.1.1/24,2
20201019192246,10.20.30.2/16,52
20201019192247,10.20.30.2/16,2
20201019192248,10.77.1.1/24,-
20201019192249,10.77.1.1/24,11
20201019192251,10.77.1.1/24,-
20201019192252,10.77.1.1/24,8
20201019192253,192.168.1.2/24,5
20201019192254,10.20.30.1/16,84
20201019192255,10.77.1.1/24,24
20201019192256,10.20.30.1/16,4
20201019192257,10.77.1.1/24,82
20201019192258,192.168.1.2/24,-
20201019192259,10.77.1.1/24,-
20201019192300,10.77.1.1/24,6
20201019192301,10.20.30.2/16,-
20201019192302,10.20.30.2/16,3
20201019192303,10.77.1.2/24,4
20201019192304,10.20.30.2/16,94
20201019192305,10.77.1.1/24,-
20201019192306,192.168.1.1/24,10
20201019192308,10.20.30.2/16,2
20201019192309,10.20.30.2/16,8
20201019192310,10.77.1.2/24,91
20201019192312,10.20.30.1/16,83
20201019192313,10.77.1.1/24,-
20201019192314,192.168.1.1/24,4
20201019192315,10.20.30.1/16,-
20201019192316,10.77.1.2/24,78
20201019192317,10.77.1.2/24,-
20201019192318,192.168.1.1/24,9
20201019192319,192.168.1.2/24,6
20201019192321,10.77.1.1/24,-
20201019192323,10.20.30.1/16,2
20201019192324,10.77.1.2/24,8
20201019192325,10.77.1.2/24,9
20201019192326,192.168.1.1/24,-
20201019192328,10.20.30.2/16,7
20201019192329,10.20.30.1/16,-
20201019192331,10.77.1.2/24,3
20201019192332,10.20.30.1/16,42
20201019192333,10.77.1.2/24,5
20201019192334,10.20.30.2/16,23
20201019192336,192.168.1.1/24,-
20201019192338,192.168.1.2/24,-
20201019192339,10.20.30.1/16,27
20201019192341,10.20.30.2/16,-
20201019192342,10.20.30.1/16,-
20201019192344,192.168.1.2/24,96
20201019192345,10.20.30.2/16,-
20201019192346,192.168.1.2/24,2
20201019192347,10.77.1.1/24,55
20201019192348,192.168.1.2/24,7
20201019192349,192.168.1.1/24,6
20201019192350,192.168.1.2/24,4
20201019192352,10.77.1.1/24,54
20201019192353,10.20.30.2/16,6
20201019192354,192.168.1.2/24,56
20201019192355,192.168.1.1/24,2
20201019192357,10.20.30.2/16,6
20201019192358,10.20.30.1/16,-
20201019192359,10.20.30.2/16,6
20201019192400,10.77.1.1/24,34
20201019192402,192.168.1.2/24,13
20201019192403,10.20.30.2/16,14
20201019192404,192.168.1.1/24,1
20201019192405,192.168.1.1/24,-
20201019192407,192.168.1.2/24,7
20201019192408,10.77.1.1/24,-
20201019192409,10.77.1.2/24,-
20201019192410,10.20.30.2/16,8
20201019192411,192.168.1.2/24,-
20201019192412,192.168.1.2/24,23
20201019192413,10.20.30.2/16,21
20201019192415,10.20.30.1/16,9
20201019192416,10.77.1.2/24,-
20201019192417,10.77.1.2/24,4
20201019192418,192.168.1.1/24,-
20201019192420,192.168.1.2/24,18
20201019192421,10.77.1.1/24,-
20201019192422,10.20.30.1/16,7
20201019192423,10.20.30.1/16,8
20201019192424,192.168.1.2/24,25
20201019192425,10.77.1.1/24,6
20201019192426,10.20.30.2/16,6
20201019192427,10.20.30.1/16,1
20201019192428,10.20.30.1/16,1
20201019192430,10.20.30.2/16,5
20201019192431,10.20.30.2/16,12
20201019192432,10.20.30.2/16,8
20201019192433,192.168.1.1/24,6
20201019192435,192.168.1.2/24,1
20201019192437,10.20.30.1/16,-
20201019192438,10.77.1.2/24,69
20201019192440,10.77.1.2/24,7
20201019192441,10.77.1.1/24,3
20201019192442,10.77.1.1/24,3
20201019192443,192.168.1.2/24,-
20201019192444,192.168.1.1/24,-
20201019192445,10.20.30.2/16,1
20201019192446,10.20.30.2/16,4
20201019192447,10.20.30.2/16,7
20201019192448,10.20.30.2/16,-
20201019192449,192.168.1.1/24,87
20201019192451,10.77.1.1/24,2
20201019192453,10.77.1.1/24,10
20201019192454,192.168.1.2/24,3
20201019192455,192.168.1.1/24,2
20201019192456,10.20.30.1/16,6
20201019192457,10.20.30.2/16,-
20201019192458,10.20.30.1/16,15
20201019192500,10.77.1.1/24,23
20201019192502,10.77.1.2/24,-
20201019192503,192.168.1.1/24,10
20201019192504,10.20.30.2/16,7
20201019192505,192.168.1.1/24,8
20201019192506,192.168.1.2/24,-
20201019192507,10.77.1.1/24,31
20201019192508,10.20.30.2/16,6
20201019192509,192.168.1.1/24,9
20201019192510,192.168.1.1/24,10
20201019192511,10.20.30.2/16,7
20201019192513,10.20.30.1/16,1
20201019192514,10.77.1.1/24,-
20201019192515,10.77.1.1/24,3
20201019192517,10.20.30.2/16,86
20201019192518,10.20.30.2/16,7
20201019192519,192.168.1.1/24,14
20201019192520,10.77.1.2/24,9
20201019192521,10.77.1.2/24,31
20201019192522,192.168.1.1/24,51
20201019192523,10.20.30.2/16,-
20201019192524,10.77.1.2/24,75
20201019192525,10.20.30.2/16,29
20201019192526,192.168.1.1/24,21
20201019192528,10.20.30.1/16,85
20201019192529,10.77.1.2/24,-
20201019192531,192.168.1.1/24,17
20201019192533,192.168.1.2/24,9
20201019192535,10.20.30.1/16,7
20201019192536,192.168.1.2/24,6
20201019192537,10.20.30.1/16,33
20201019192538,192.168.1.2/24,8
20201019192539,10.77.1.2/24,57
20201019192540,10.77.1.2/24,6
20201019192541,192.168.1.2/24,9
20201019192542,10.77.1.1/24,9
20201019192543,10.77.1.2/24,3
20201019192544,10.20.30.1/16,33
20201019192545,192.168.1.2/24,-
20201019192546,10.77.1.1/24,-
20201019192547,10.20.30.1/16,2
20201019192548,10.77.1.1/24,3
20201019192549,10.77.1.1/24,8
20201019192550,10.20.30.1/16,25
20201019192551,10.20.30.2/16,-
20201019192553,192.168.1.2/24,-
20201019192554,10.20.30.1/16,-
20201019192555,192.168.1.2/24,-
20201019192556,192.168.1.1/24,5
20201019192557,10.77.1.1/24,6
20201019192558,10.20.30.2/16,2
20201019192559,192.168.1.1/24,43
20201019192600,10.77.1.1/24,-
20201019192601,10.20.30.1/16,6
20201019192602,10.77.1.2/24,6
20201019192603,10.20.30.2/16,3
20201019192604,10.77.1.1/24,12
20201019192605,10.20.30.2/16,7
20201019192606,10.77.1.2/24,24
20201019192607,10.77.1.1/24,46
20201019192608,192.168.1.2/24,-
20201019192609,10.20.30.1/16,4
20201019192610,10.77.1.2/24,-
20201019192611,10.77.1.2/24,16
20201019192612,192.168.1.1/24,5
20201019192613,192.168.1.2/24,9
20201019192615,10.20.30.2/16,9
20201019192617,192.168.1.1/24,-
20201019192618,192.168.1.2/24,5
20201019192619,10.20.30.2/16,3
20201019192620,10.77.1.2/24,-
20201019192621,192.168.1.1/24,4
20201019192622,192.168.1.2/24,-
20201019192623,10.20.30.2/16,-
20201019192624,192.168.1.2/24,4
20201019192625,192.168.1.1/24,8
20201019192626,10.20.30.2/16,6
20201019192627,10.77.1.2/24,3
20201019192628,10.20.30.2/16,5
20201019192629,10.20.30.2/16,4
20201019192630,192.168.1.2/24,3
20201019192631,10.77.1.2/24,43
20201019192632,192.168.1.2/24,3
20201019192633,10.77.1.2/24,-
20201019192634,10.20.30.2/16,-
20201019192635,192.168.1.1/24,8
20201019192637,10.20.30.2/16,-
20201019192638,10.20.30.2/16,76
20201019192640,10.77.1.1/24,-
20201019192641,192.168.1.2/24,2
20201019192642,10.77.1.1/24,13
20201019192643,10.77.1.2/24,8
20201019192645,10.77.1.1/24,-
20201019192646,192.168.1.2/24,54
20201019192647,10.20.30.2/16,-
20201019192648,10.20.30.1/16,24
20201019192649,10.20.30.1/16,1
20201019192651,192.168.1.2/24,80
20201019192652,10.77.1.2/24,-
20201019192653,10.20.30.1/16,-
20201019192654,10.77.1.1/24,92
20201019192655,192.168.1.2/24,4
20201019192656,10.20.30.2/16,5
20201019192657,10.77.1.1/24,7
20201019192658,192.168.1.2/24,-
20201019192659,192.168.1.2/24,-
20201019192700,192.168.1.2/24,-
20201019192701,192.168.1.2/24,-
20201019192702,192.168.1.2/24,7
20201019192703,10.77.1.2/24,97
20201019192704,10.20.30.1/16,1
20201019192705,10.77.1.1/24,7
20201019192706,10.20.30.2/16,9
20201019192708,192.168.1.2/24,11
20201019192709,192.168.1.2/24,-
20201019192710,10.77.1.1/24,75
20201019192711,10.77.1.1/24,5
20201019192713,192.168.1.1/24,-
20201019192714,192.168.1.2/24,-
20201019192715,10.20.30.2/16,3
20201019192716,10.20.30.2/16,21
20201019192718,10.20.30.2/16,2
20201019192719,192.168.1.2/24,2
20201019192720,10.77.1.1/24,14
20201019192721,192.168.1.2/24,9
20201019192722,10.20.30.1/16,7
20201019192723,10.20.30.2/16,-
20201019192724,192.168.1.2/24,95
20201019192725,192.168.1.1/24,21
20201019192726,10.77.1.1/24,83
20201019192727,10.77.1.2/24,9
20201019192728,10.20.30.1/16,70
20201019192729,10.77.1.1/24,9
20201019192731,10.77.1.1/24,10
20201019192732,10.20.30.2/16,7
20201019192733,10.77.1.1/24,9
20201019192734,192.168.1.2/24,2
20201019192736,10.77.1.2/24,36
20201019192737,10.77.1.2/24,-
20201019192738,10.77.1.2/24,3
20201019192739,10.77.1.2/24,11
20201019192740,192.168.1.1/24,-
20201019192741,10.77.1.2/24,17
20201019192742,192.168.1.2/24,13
20201019192744,192.168.1.2/24,91
20201019192746,192.168.1.2/24,9
20201019192747,10.77.1.2/24,8
20201019192749,192.168.1.1/24,1
20201019192751,10.20.30.2/16,-
20201019192753,10.77.1.2/24,59
20201019192754,192.168.1.2/24,7
20201019192756,10.20.30.1/16,3
20201019192758,10.77.1.1/24,41
20201019192800,192.168.1.2/24,8
20201019192801,192.168.1.2/24,5
20201019192802,192.168.1.2/24,9
20201019192803,10.77.1.1/24,2
20201019192804,10.77.1.1/24,6
20201019192805,192.168.1.1/24,63
20201019192806,192.168.1.1/24,7
20201019192807,10.20.30.1/16,5
20201019192808,10.77.1.1/24,8
20201019192810,10.77.1.2/24,2
20201019192811,192.168.1.1/24,72
20201019192813,192.168.1.1/24,3
20201019192815,10.20.30.2/16,4
20201019192817,192.168.1.1/24,2
20201019192818,10.77.1.2/24,9
20201019192819,192.168.1.1/24,-
20201019192820,10.77.1.2/24,28
20201019192821,192.168.1.2/24,78
20201019192823,10.20.30.1/16,8
20201019192825,10.20.30.2/16,4
20201019192827,10.20.30.1/16,85
20201019192828,10.77.1.2/24,-
20201019192829,10.77.1.2/24,9
20201019192830,10.20.30.1/16,5
20201019192832,192.168.1.1/24,13
20201019192833,10.77.1.1/24,75
20201019192835,10.77.1.1/24,-
20201019192836,10.77.1.1/24,4
20201019192837,10.77.1.2/24,71
20201019192838,10.77.1.2/24,6
20201019192839,192.168.1.1/24,-
20201019192840,192.168.1.1/24,-
20201019192841,10.20.30.1/16,2
20201019192842,10.77.1.2/24,63
20201019192844,192.168.1.2/24,24
20201019192845,10.20.30.2/16,-
20201019192846,192.168.1.2/24,9
20201019192847,10.20.30.1/16,12
20201019192848,10.77.1.2/24,6
20201019192850,192.168.1.2/24,-
20201019192852,192.168.1.2/24,7
20201019192854,192.168.1.1/24,12
20201019192855,10.77.1.2/24,3
20201019192856,10.20.30.1/16,-
20201019192857,192.168.1.2/24,9
20201019192858,192.168.1.2/24,8
20201019192859,192.168.1.2/24,2
20201019192900,10.20.30.1/16,1
20201019192901,10.20.30.1/16,3
20201019192902,192.168.1.2/24,-
20201019192903,192.168.1.1/24,2
20201019192905,192.168.1.1/24,4
20201019192906,10.20.30.1/16,-
20201019192908,10.20.30.1/16,9
20201019192909,10.77.1.2/24,78
20201019192911,192.168.1.2/24,-
20201019192912,10.20.30.2/16,8
20201019192914,10.77.1.2/24,1
20201019192915,10.20.30.1/16,5
20201019192917,10.77.1.2/24,-
20201019192918,10.20.30.2/16,-
20201019192919,10.77.1.1/24,-
20201019192921,10.77.1.1/24,6
20201019192922,10.77.1.2/24,9
20201019192924,10.20.30.1/16,1
20201019192925,10.77.1.1/24,3
20201019192926,192.168.1.1/24,65
20201019192927,10.77.1.2/24,5
20201019192929,10.20.30.1/16,-
20201019192930,192.168.1.1/24,-
20201019192931,10.77.1.2/24,1
20201019192932,10.77.1.1/24,6
20201019192933,10.20.30.2/16,19
20201019192934,10.20.30.2/16,6
20201019192936,192.168.1.2/24,6
20201019192937,10.20.30.2/16,10
20201019192938,10.20.30.2/16,4
20201019192939,10.77.1.1/24,5
20201019192940,10.20.30.1/16,5
20201019192941,10.77.1.1/24,-
20201019192942,10.77.1.2/24,9
20201019192943,192.168.1.1/24,7
20201019192944,192.168.1.2/24,1
20201019192945,192.168.1.2/24,-
20201019192946,10.77.1.2/24,9
20201019192947,192.168.1.2/24,-
20201019192948,192.168.1.1/24,44
20201019192949,192.168.1.1/24,4
20201019192950,192.168.1.1/24,8
20201019192951,10.77.1.1/24,6
20201019192952,10.77.1.2/24,9
20201019192954,192.168.1.1/24,5
20201019192955,192.168.1.2/24,-
20201019192956,10.77.1.1/24,26
20201019192957,192.168.1.2/24,60
20201019192958,10.77.1.1/24,8
20201019192959,10.20.30.2/16,-
20201019193000,192.168.1.2/24,4
20201019193001,192.168.1.1/24,8
20201019193002,10.77.1.1/24,28
20201019193003,192.168.1.2/24,77
20201019193004,192.168.1.2/24,9
20201019193005,10.77.1.1/24,-
20201019193006,10.20.30.2/16,1
20201019193008,10.77.1.1/24,-
20201019193009,10.20.30.2/16,9
20201019193010,10.77.1.2/24,8
20201019193011,10.77.1.1/24,-
20201019193012,192.168.1.2/24,8
20201019193013,10.20.30.2/16,-
20201019193015,10.20.30.2/16,6
20201019193016,10.77.1.2/24,7
20201019193017,10.77.1.2/24,25
20201019193018,10.20.30.2/16,2
20201019193019,10.77.1.1/24,-
20201019193020,192.168.1.1/24,8
20201019193021,192.168.1.1/24,-
20201019193022,192.168.1.1/24,9
20201019193023,10.77.1.1/24,2
20201019193024,10.77.1.1/24,3
20201019193025,10.77.1.1/24,5
20201019193026,10.20.30.2/16,14
20201019193027,10.77.1.2/24,-
20201019193029,192.168.1.1/24,-
20201019193030,10.77.1.2/24,1
20201019193032,10.20.30.2/16,5
20201019193034,10.77.1.1/24,6
20201019193035,10.77.1.2/24,10
20201019193037,10.20.30.2/16,4
20201019193039,10.20.30.1/16,9
20201019193040,10.20.30.1/16,-
20201019193041,192.168.1.1/24,-
20201019193042,10.20.30.1/16,-
20201019193043,10.77.1.1/24,46
20201019193044,192.168.1.2/24,6
20201019193045,10.77.1.1/24,-
20201019193046,192.168.1.2/24,8
20201019193047,10.77.1.2/24,-
20201019193049,10.20.30.1/16,-
20201019193050,192.168.1.1/24,-
20201019193051,10.20.30.2/16,-
20201019193053,10.20.30.1/16,7
20201019193054,10.20.30.2/16,6
20201019193055,192.168.1.2/24,65
20201019193056,10.77.1.2/24,-
20201019193058,10.77.1.1/24,0
20201019193100,10.77.1.2/24,25
20201019193101,10.77.1.2/24,1
20201019193102,10.77.1.2/24,18
20201019193104,10.77.1.1/24,6
20201019193105,192.168.1.1/24,7
20201019193106,192.168.1.1/24,8
20201019193107,192.168.1.1/24,-
20201019193108,10.77.1.1/24,6
20201019193109,192.168.1.2/24,-
20201019193111,10.77.1.2/24,4
20201019193112,192.168.1.2/24,1
20201019193113,10.77.1.1/24,2
20201019193114,10.20.30.2/16,4
20201019193115,10.77.1.2/24,9
20201019193116,10.77.1.2/24,7
20201019193117,192.168.1.2/24,3
20201019193118,192.168.1.2/24,4
20201019193119,10.77.1.2/24,11
20201019193120,10.77.1.1/24,5
20201019193121,10.20.30.2/16,7
20201019193122,10.77.1.2/24,2
20201019193123,10.20.30.2/16,-
20201019193124,192.168.1.1/24,5
20201019193125,10.20.30.1/16,4
20201019193126,10.20.30.2/16,21
20201019193127,10.77.1.1/24,2
20201019193128,192.168.1.1/24,6
20201019193129,10.20.30.2/16,7
20201019193131,10.20.30.1/16,-
20201019193132,192.168.1.2/24,10
20201019193133,10.77.1.1/24,9
20201019193134,10.77.1.1/24,9
20201019193135,192.168.1.2/24,96
20201019193136,10.20.30.2/16,3
20201019193137,10.20.30.1/16,5
20201019193138,10.20.30.1/16,17
20201019193139,10.20.30.1/16,3
20201019193140,192.168.1.2/24,-
20201019193141,10.77.1.2/24,-
20201019193142,10.20.30.1/16,-
20201019193144,10.77.1.2/24,4
20201019193145,192.168.1.1/24,4
20201019193146,10.20.30.1/16,6
20201019193147,10.77.1.1/24,9
20201019193148,10.20.30.2/16,-
20201019193149,10.77.1.1/24,8
20201019193150,192.168.1.2/24,2
20201019193152,10.20.30.2/16,65
20201019193153,192.168.1.2/24,1
20201019193154,10.20.30.1/16,-
20201019193155,10.77.1.1/24,34
20201019193157,192.168.1.1/24,6
20201019193158,192.168.1.1/24,14
20201019193159,192.168.1.2/24,7
20201019193201,10.20.30.2/16,-
20201019193202,192.168.1.2/24,-
20201019193203,192.168.1.2/24,-
20201019193205,192.168.1.1/24,8
20201019193206,10.77.1.2/24,7
20201019193207,10.20.30.1/16,4
20201019193208,192.168.1.1/24,-
20201019193209,10.20.30.1/16,-
20201019193210,10.77.1.2/24,-
20201019193211,10.20.30.1/16,73
20201019193213,10.77.1.1/24,2
20201019193214,192.168.1.2/24,2
20201019193215,10.20.30.2/16,-
20201019193216,10.77.1.1/24,2
20201019193217,10.77.1.1/24,-
20201019193218,10.20.30.2/16,34
20201019193219,10.20.30.2/16,2
20201019193220,10.20.30.1/16,38
20201019193221,10.20.30.2/16,3
20201019193222,10.20.30.1/16,7
20201019193224,192.168.1.1/24,24
20201019193225,10.77.1.1/24,50
20201019193226,192.168.1.1/24,-
20201019193227,192.168.1.2/24,-
20201019193228,10.77.1.1/24,6
20201019193229,10.77.1.2/24,7
20201019193231,10.20.30.1/16,58
20201019193233,10.77.1.2/24,2
20201019193234,192.168.1.2/24,4
20201019193235,192.168.1.1/24,1
20201019193237,192.168.1.1/24,63
20201019193239,10.77.1.1/24,6
20201019193240,192.168.1.2/24,7
20201019193241,10.20.30.2/16,1
20201019193243,192.168.1.2/24,2
20201019193244,10.20.30.2/16,-
20201019193245,192.168.1.1/24,21
20201019193246,192.168.1.1/24,8
20201019193247,10.20.30.1/16,7
20201019193248,10.77.1.1/24,2
20201019193249,192.168.1.2/24,-
20201019193250,10.77.1.2/24,5
20201019193252,10.20.30.1/16,2
20201019193253,10.20.30.2/16,8
20201019193254,192.168.1.2/24,5
20201019193255,10.20.30.2/16,1
20201019193257,10.20.30.2/16,9
20201019193258,10.77.1.2/24,6
20201019193259,192.168.1.2/24,5
20201019193300,10.20.30.2/16,4
20201019193302,10.77.1.1/24,-
20201019193303,10.77.1.2/24,9
20201019193304,10.77.1.1/24,9
20201019193305,192.168.1.2/24,6
20201019193307,10.77.1.1/24,42
20201019193308,10.77.1.2/24,96
20201019193310,192.168.1.2/24,-
20201019193311,10.77.1.1/24,-
20201019193312,10.20.30.1/16,5
20201019193313,192.168.1.2/24,5
20201019193315,192.168.1.1/24,9
20201019193316,192.168.1.2/24,8
20201019193318,10.77.1.1/24,1
20201019193320,192.168.1.2/24,-
20201019193322,10.77.1.2/24,45
20201019193323,10.20.30.2/16,8
20201019193324,10.20.30.1/16,2
20201019193325,10.77.1.2/24,-
20201019193326,10.77.1.1/24,-
20201019193327,10.77.1.1/24,9
20201019193329,10.77.1.2/24,21
20201019193330,10.77.1.2/24,36
20201019193332,192.168.1.1/24,4
20201019193333,10.77.1.2/24,53
20201019193335,10.20.30.1/16,2
20201019193336,10.77.1.2/24,4
20201019193338,10.77.1.2/24,4
20201019193339,10.20.30.2/16,7
20201019193340,192.168.1.1/24,2
20201019193341,10.20.30.1/16,6
20201019193342,10.77.1.1/24,32
20201019193343,10.77.1.2/24,76
20201019193345,10.20.30.2/16,-
20201019193346,10.77.1.2/24,8
20201019193347,10.77.1.2/24,44
20201019193348,192.168.1.1/24,2
20201019193349,10.20.30.1/16,2
20201019193350,10.20.30.1/16,17
20201019193351,10.20.30.1/16,3
20201019193353,10.77.1.1/24,-
20201019193354,10.20.30.2/16,10
20201019193355,192.168.1.2/24,1
20201019193357,10.20.30.1/16,7
20201019193358,10.20.30.1/16,4
20201019193359,10.20.30.2/16,1
20201019193400,10.20.30.2/16,31
20201019193401,10.20.30.2/16,9
20201019193402,10.77.1.1/24,5
20201019193403,10.77.1.2/24,1
20201019193405,10.20.30.1/16,-
20201019193407,10.77.1.2/24,73
20201019193408,10.77.1.2/24,-
20201019193409,10.77.1.2/24,26
20201019193410,192.168.1.2/24,-
20201019193411,10.20.30.1/16,5
20201019193412,10.20.30.1/16,8
20201019193414,192.168.1.2/24,55
20201019193415,192.168.1.1/24,6
20201019193416,192.168.1.2/24,1
20201019193417,10.77.1.2/24,40
20201019193419,10.20.30.2/16,-
20201019193420,192.168.1.1/24,7
20201019193421,192.168.1.2/24,13
20201019193422,10.20.30.1/16,49
20201019193424,10.20.30.2/16,-
20201019193425,10.77.1.1/24,5
20201019193426,10.20.30.1/16,30
20201019193427,192.168.1.2/24,23
20201019193428,10.20.30.2/16,73
20201019193429,192.168.1.1/24,58
20201019193430,192.168.1.2/24,21
20201019193431,192.168.1.1/24,2
20201019193432,10.20.30.2/16,5
20201019193433,10.20.30.2/16,9
20201019193435,10.77.1.1/24,-
20201019193436,10.20.30.2/16,4
20201019193437,10.77.1.2/24,31
20201019193438,192.168.1.1/24,6
20201019193439,10.20.30.1/16,-
20201019193440,10.20.30.1/16,1
20201019193442,10.77.1.1/24,4
20201019193443,10.20.30.2/16,14
20201019193444,192.168.1.2/24,1
20201019193445,192.168.1.1/24,3
20201019193446,192.168.1.1/24,8
20201019193447,10.20.30.1/16,8
20201019193448,10.20.30.2/16,10
20201019193450,192.168.1.1/24,-
20201019193451,10.77.1.1/24,-
20201019193452,10.20.30.1/16,-
20201019193454,10.77.1.1/24,-
20201019193455,10.77.1.1/24,22
20201019193456,10.20.30.1/16,2
20201019193457,10.20.30.2/16,8
20201019193458,10.20.30.1/16,6
20201019193500,10.77.1.2/24,1
20201019193501,10.77.1.1/24,6
20201019193502,10.20.30.2/16,2
20201019193503,10.77.1.1/24,9
20201019193504,10.20.30.1/16,2
20201019193505,10.20.30.1/16,-
20201019193506,10.77.1.2/24,7
20201019193508,192.168.1.2/24,4
20201019193510,10.77.1.1/24,93
20201019193511,10.20.30.2/16,30
20201019193512,10.20.30.1/16,35
20201019193513,10.77.1.2/24,5
20201019193515,10.77.1.2/24,12
20201019193516,192.168.1.2/24,7
20201019193517,192.168.1.1/24,64
20201019193518,10.77.1.2/24,7
20201019193519,10.20.30.1/16,-
20201019193520,10.20.30.1/16,16
20201019193521,10.77.1.2/24,4
20201019193523,10.20.30.2/16,1
20201019193524,192.168.1.2/24,-
20201019193525,192.168.1.1/24,65
20201019193526,10.20.30.2/16,1
20201019193527,10.20.30.1/16,-
20201019193528,10.77.1.2/24,-
20201019193530,10.77.1.1/24,2
20201019193531,10.20.30.2/16,7
20201019193533,10.20.30.2/16,5
20201019193535,10.77.1.2/24,3
20201019193536,10.77.1.2/24,-
20201019193537,10.20.30.1/16,7
20201019193538,10.77.1.1/24,52
20201019193540,192.168.1.1/24,-
20201019193541,10.20.30.1/16,3
20201019193542,10.20.30.1/16,80
20201019193543,10.77.1.1/24,4
20201019193545,10.20.30.1/16,-
20201019193546,10.20.30.2/16,8
20201019193547,10.77.1.2/24,8
20201019193548,192.168.1.1/24,21
20201019193549,10.77.1.2/24,53
20201019193550,192.168.1.1/24,2
20201019193551,10.20.30.2/16,4
20201019193552,192.168.1.2/24,9
20201019193553,10.20.30.1/16,2
20201019193554,192.168.1.2/24,-
20201019193555,192.168.1.2/24,-
20201019193556,10.77.1.1/24,3
20201019193557,10.77.1.1/24,6
20201019193558,10.20.30.2/16,2
20201019193559,10.20.30.1/16,8
20201019193600,192.168.1.1/24,6
20201019193602,10.20.30.1/16,1
20201019193603,10.20.30.2/16,-
20201019193605,10.77.1.2/24,2
20201019193606,192.168.1.1/24,-
20201019193608,10.20.30.1/16,5
20201019193609,192.168.1.2/24,7
20201019193610,192.168.1.1/24,32
20201019193612,10.20.30.1/16,6
20201019193613,10.20.30.2/16,3
20201019193615,192.168.1.2/24,5
20201019193616,192.168.1.1/24,4
20201019193617,192.168.1.1/24,56
20201019193619,192.168.1.2/24,9
20201019193620,10.77.1.1/24,32
20201019193621,10.77.1.2/24,6
20201019193622,10.20.30.2/16,12
20201019193623,10.20.30.2/16,7
20201019193624,192.168.1.2/24,94
20201019193625,10.77.1.1/24,8
20201019193626,10.77.1.2/24,7
20201019193627,10.20.30.1/16,-
20201019193629,10.77.1.2/24,5
20201019193630,10.77.1.2/24,-
20201019193631,10.20.30.2/16,42
20201019193633,10.77.1.1/24,3
20201019193634,10.20.30.2/16,74
20201019193635,192.168.1.2/24,-
20201019193636,10.20.30.1/16,-
20201019193637,10.77.1.2/24,-
20201019193639,10.20.30.2/16,8
20201019193640,10.20.30.2/16,5
20201019193641,10.77.1.2/24,4
20201019193642,10.77.1.2/24,1
20201019193643,10.77.1.2/24,4
20201019193645,192.168.1.1/24,2
20201019193646,10.20.30.2/16,8
20201019193647,10.20.30.2/16,1
20201019193648,10.77.1.2/24,8
20201019193650,192.168.1.1/24,-
20201019193652,192.168.1.1/24,32
20201019193653,192.168.1.1/24,4
20201019193654,10.20.30.1/16,8
20201019193655,192.168.1.1/24,13
20201019193656,192.168.1.2/24,6
20201019193657,10.20.30.2/16,-
20201019193658,10.20.30.2/16,5
20201019193700,10.20.30.2/16,3
20201019193701,192.168.1.1/24,-
20201019193702,192.168.1.2/24,61
20201019193704,192.168.1.2/24,1
20201019193705,192.168.1.2/24,41
20201019193706,10.20.30.2/16,9
20201019193707,192.168.1.1/24,4
20201019193708,10.20.30.1/16,-
20201019193709,10.77.1.2/24,94
20201019193711,192.168.1.1/24,9
20201019193712,10.77.1.1/24,43
20201019193713,10.77.1.2/24,21
20201019193715,10.77.1.1/24,1
20201019193716,10.20.30.2/16,2
20201019193717,192.168.1.1/24,-
20201019193719,192.168.1.1/24,7
20201019193720,10.77.1.1/24,-
20201019193721,192.168.1.2/24,1
20201019193722,10.77.1.2/24,5
20201019193723,10.20.30.2/16,8
20201019193724,192.168.1.1/24,9
20201019193725,10.77.1.2/24,5
20201019193726,10.77.1.2/24,9
20201019193728,10.20.30.1/16,-
20201019193729,192.168.1.1/24,-
20201019193730,10.20.30.1/16,97
20201019193731,192.168.1.2/24,4
20201019193732,192.168.1.2/24,4
20201019193734,10.77.1.1/24,13
20201019193736,10.77.1.2/24,9
20201019193737,10.77.1.2/24,1
20201019193738,10.20.30.2/16,47
20201019193739,10.77.1.2/24,2
20201019193740,192.168.1.1/24,3
20201019193742,192.168.1.1/24,1
20201019193743,192.168.1.1/24,-
20201019193744,192.168.1.2/24,-
20201019193745,10.20.30.2/16,86
20201019193746,10.77.1.2/24,6
20201019193747,10.77.1.1/24,1
20201019193748,10.20.30.1/16,5
20201019193749,10.20.30.1/16,1
20201019193751,10.77.1.1/24,87
20201019193752,192.168.1.1/24,8
20201019193753,192.168.1.2/24,4
20201019193754,10.77.1.2/24,2
20201019193755,10.77.1.2/24,2
20201019193756,10.77.1.1/24,32
20201019193757,10.77.1.2/24,-
20201019193759,10.20.30.1/16,2
20201019193801,10.77.1.1/24,2
20201019193802,10.20.30.2/16,6
20201019193803,10.77.1.2/24,-
20201019193804,10.20.30.1/16,7
20201019193805,192.168.1.2/24,84
20201019193807,10.20.30.2/16,-
20201019193809,10.77.1.1/24,97
20201019193810,10.77.1.1/24,6
20201019193811,10.20.30.1/16,67
20201019193813,10.77.1.1/24,-
20201019193814,10.20.30.2/16,-
20201019193816,10.77.1.1/24,-
20201019193818,192.168.1.1/24,7
20201019193819,10.77.1.1/24,7
20201019193820,192.168.1.2/24,4
20201019193821,10.77.1.2/24,7
20201019193823,10.77.1.2/24,11
20201019193824,10.20.30.1/16,59
20201019193825,10.20.30.1/16,5
20201019193826,10.77.1.2/24,5
20201019193827,192.168.1.1/24,7
20201019193828,10.20.30.2/16,9
20201019193829,192.168.1.2/24,-
20201019193830,10.20.30.1/16,1
20201019193831,10.20.30.2/16,4
20201019193833,10.77.1.1/24,-
20201019193835,192.168.1.2/24,1
20201019193836,192.168.1.1/24,32
20201019193837,192.168.1.1/24,10
20201019193838,10.20.30.1/16,95
20201019193839,10.77.1.1/24,7
20201019193841,10.77.1.2/24,-
20201019193842,10.20.30.2/16,0
20201019193843,192.168.1.2/24,5
20201019193844,192.168.1.1/24,9
20201019193845,10.20.30.1/16,10
20201019193846,10.77.1.1/24,5
20201019193847,10.20.30.1/16,-
20201019193848,10.77.1.1/24,3
20201019193850,192.168.1.1/24,80
20201019193851,192.168.1.1/24,50
20201019193853,192.168.1.2/24,98
20201019193854,192.168.1.2/24,7
20201019193856,10.77.1.2/24,5
20201019193857,10.77.1.2/24,-
20201019193858,192.168.1.1/24,9
20201019193859,10.20.30.2/16,28
20201019193900,10.20.30.1/16,8
20201019193901,10.20.30.1/16,7
20201019193902,10.20.30.2/16,-
20201019193904,192.168.1.2/24,3
20201019193906,10.20.30.1/16,8
20201019193907,10.77.1.2/24,-
20201019193908,10.20.30.2/16,2
20201019193909,192.168.1.2/24,8
20201019193910,10.77.1.1/24,-
20201019193911,10.77.1.2/24,6
20201019193912,10.20.30.1/16,7
20201019193913,192.168.1.2/24,7
20201019193914,10.20.30.2/16,-
20201019193915,10.20.30.2/16,4
20201019193916,192.168.1.1/24,1
20201019193917,10.77.1.2/24,-
20201019193918,10.20.30.2/16,-
20201019193920,10.77.1.2/24,9
20201019193921,10.77.1.1/24,9
20201019193922,10.77.1.2/24,5
20201019193923,192.168.1.2/24,7
20201019193924,10.77.1.2/24,2
20201019193925,10.77.1.2/24,12
20201019193926,10.77.1.1/24,1
20201019193927,192.168.1.1/24,33
20201019193929,10.77.1.1/24,-
20201019193930,192.168.1.2/24,0
20201019193931,10.20.30.2/16,-
20201019193932,10.20.30.1/16,8
20201019193933,192.168.1.1/24,-
20201019193934,10.77.1.1/24,3
20201019193936,10.77.1.2/24,8
20201019193937,192.168.1.2/24,1
20201019193938,10.20.30.2/16,38
20201019193939,192.168.1.1/24,-
20201019193941,192.168.1.2/24,-
20201019193943,10.20.30.1/16,9
20201019193944,10.77.1.2/24,-
20201019193945,10.77.1.2/24,7
20201019193946,10.77.1.1/24,73
20201019193947,192.168.1.1/24,6
20201019193948,10.20.30.1/16,9
20201019193950,10.20.30.2/16,6
20201019193951,10.20.30.2/16,90
20201019193952,10.77.1.2/24,26
20201019193953,192.168.1.1/24,-
20201019193954,10.20.30.1/16,7
20201019193955,10.77.1.1/24,4
20201019193956,192.168.1.2/24,-
20201019193957,10.20.30.1/16,9
20201019193958,10.20.30.1/16,7
20201019193959,10.20.30.2/16,-
20201019194000,10.20.30.2/16,5
20201019194001,192.168.1.1/24,1
20201019194002,192.168.1.1/24,8
20201019194003,192.168.1.1/24,3
20201019194005,10.77.1.2/24,72
20201019194006,192.168.1.2/24,-
20201019194007,10.20.30.2/16,10
20201019194008,192.168.1.2/24,2
20201019194009,10.77.1.1/24,19
20201019194010,10.77.1.1/24,5
20201019194011,10.20.30.1/16,-
20201019194012,192.168.1.1/24,-
20201019194013,192.168.1.2/24,1
20201019194014,192.168.1.1/24,5
20201019194016,10.20.30.2/16,4
20201019194017,192.168.1.1/24,3
20201019194018,10.20.30.1/16,9
20201019194019,10.20.30.1/16,2
20201019194020,10.20.30.2/16,1
20201019194022,10.20.30.2/16,2
20201019194023,192.168.1.2/24,1
20201019194024,192.168.1.2/24,3
20201019194025,10.20.30.2/16,8
20201019194026,10.20.30.1/16,3
20201019194027,10.77.1.1/24,6
20201019194028,10.77.1.1/24,1
20201019194029,10.77.1.1/24,13
20201019194030,10.77.1.1/24,3
20201019194031,10.20.30.1/16,5
20201019194032,10.77.1.1/24,9
20201019194033,10.77.1.1/24,5
20201019194034,10.20.30.1/16,9
20201019194035,10.20.30.2/16,-
20201019194036,10.77.1.1/24,69
20201019194038,10.20.30.1/16,7
20201019194039,10.77.1.2/24,86
20201019194040,10.20.30.1/16,2
20201019194041,10.77.1.1/24,4
20201019194042,192.168.1.1/24,43
20201019194044,192.168.1.1/24,-
20201019194046,10.20.30.2/16,57
20201019194048,10.20.30.1/16,36
20201019194049,10.77.1.2/24,72
20201019194050,10.77.1.2/24,42
20201019194052,10.20.30.2/16,2
20201019194053,10.77.1.1/24,-
20201019194054,192.168.1.1/24,3
20201019194055,10.77.1.1/24,89
20201019194056,192.168.1.2/24,5
20201019194058,192.168.1.1/24,7
20201019194059,10.20.30.2/16,95
20201019194100,10.20.30.2/16,35
20201019194102,10.20.30.1/16,-
20201019194103,10.77.1.1/24,-
20201019194104,10.20.30.1/16,17
20201019194105,192.168.1.2/24,-
20201019194106,192.168.1.2/24,47
20201019194107,192.168.1.2/24,-
20201019194108,10.20.30.2/16,4
20201019194109,192.168.1.2/24,-
20201019194110,10.77.1.1/24,37
20201019194111,10.77.1.1/24,-
20201019194112,192.168.1.2/24,17
20201019194114,10.77.1.1/24,78
20201019194115,192.168.1.1/24,-
20201019194116,192.168.1.2/24,-
20201019194118,10.77.1.2/24,-
20201019194119,192.168.1.1/24,76
20201019194120,10.20.30.2/16,1
20201019194121,10.77.1.1/24,5
20201019194122,192.168.1.1/24,3
20201019194123,10.20.30.2/16,7
20201019194124,10.20.30.2/16,9
20201019194125,10.77.1.1/24,8
20201019194126,192.168.1.2/24,-
20201019194127,192.168.1.1/24,4
20201019194128,192.168.1.1/24,-
20201019194129,10.77.1.1/24,3
20201019194130,10.77.1.2/24,94
20201019194131,192.168.1.2/24,5
20201019194132,10.77.1.1/24,9
20201019194133,10.20.30.2/16,9
20201019194135,10.77.1.2/24,63
20201019194136,192.168.1.2/24,-
20201019194138,10.77.1.2/24,2
20201019194140,10.20.30.1/16,-
20201019194141,192.168.1.2/24,7
20201019194142,10.20.30.2/16,8
20201019194143,192.168.1.1/24,5
20201019194144,10.77.1.2/24,2
20201019194145,10.20.30.2/16,-
20201019194146,10.20.30.2/16,1
20201019194148,10.20.30.1/16,2
20201019194149,192.168.1.2/24,-
20201019194150,192.168.1.2/24,4
20201019194151,192.168.1.2/24,7
20201019194152,192.168.1.1/24,9
20201019194153,10.20.30.1/16,-
20201019194154,10.77.1.2/24,94
20201019194155,192.168.1.2/24,14
20201019194157,10.20.30.1/16,36
20201019194158,10.77.1.1/24,-
20201019194159,192.168.1.2/24,5
20201019194200,10.20.30.1/16,15
20201019194201,192.168.1.2/24,6
20201019194202,192.168.1.1/24,1
20201019194204,192.168.1.2/24,3
20201019194205,192.168.1.1/24,7
20201019194206,10.20.30.1/16,8
20201019194207,10.20.30.2/16,38
20201019194208,192.168.1.2/24,2
20201019194209,10.20.30.1/16,88
20201019194210,192.168.1.2/24,-
20201019194211,192.168.1.1/24,2
20201019194212,10.77.1.2/24,3
20201019194213,10.77.1.1/24,-
20201019194214,192.168.1.2/24,8
20201019194216,10.20.30.1/16,-
20201019194217,192.168.1.2/24,14
20201019194218,192.168.1.2/24,-
20201019194219,10.77.1.1/24,13
20201019194221,192.168.1.1/24,1
20201019194222,10.77.1.1/24,-
20201019194223,10.77.1.2/24,7
20201019194224,10.77.1.1/24,-
20201019194225,10.20.30.1/16,8
20201019194226,10.77.1.1/24,28
20201019194227,10.77.1.1/24,14
20201019194228,10.20.30.1/16,19
20201019194229,192.168.1.2/24,1
20201019194230,10.20.30.2/16,-
20201019194231,192.168.1.2/24,3
20201019194232,192.168.1.1/24,82
20201019194233,10.77.1.1/24,3
20201019194234,10.20.30.1/16,51
20201019194236,10.77.1.1/24,76
20201019194237,192.168.1.1/24,8
20201019194238,10.20.30.2/16,2
20201019194239,10.77.1.2/24,6
20201019194240,10.77.1.1/24,-
20201019194242,192.168.1.2/24,-
20201019194244,192.168.1.2/24,8
20201019194246,10.20.30.1/16,-
20201019194247,192.168.1.1/24,-
20201019194248,192.168.1.2/24,-
20201019194249,192.168.1.1/24,78
20201019194250,10.77.1.2/24,8
20201019194251,10.20.30.1/16,6
20201019194252,10.20.30.1/16,3
20201019194253,10.20.30.1/16,10
20201019194254,192.168.1.2/24,8
20201019194255,10.20.30.1/16,3
20201019194256,10.77.1.2/24,38
20201019194257,192.168.1.1/24,1
20201019194258,10.77.1.2/24,-
20201019194259,192.168.1.2/24,2
20201019194301,192.168.1.2/24,7
20201019194302,10.77.1.1/24,1
20201019194303,10.20.30.2/16,3
20201019194304,10.77.1.1/24,5
20201019194305,10.20.30.2/16,2
20201019194306,10.20.30.2/16,4
20201019194307,10.20.30.2/16,10
20201019194308,192.168.1.1/24,6
20201019194309,192.168.1.1/24,42
20201019194310,10.20.30.2/16,1
20201019194312,10.20.30.2/16,76
20201019194313,192.168.1.1/24,90
20201019194314,10.20.30.2/16,8
20201019194315,192.168.1.2/24,6
20201019194316,10.77.1.2/24,-
20201019194317,192.168.1.2/24,-
20201019194319,10.77.1.2/24,7
20201019194321,10.20.30.2/16,-
20201019194322,10.20.30.1/16,-
20201019194323,10.77.1.1/24,-
20201019194324,10.20.30.1/16,1
20201019194325,192.168.1.2/24,21
20201019194326,10.77.1.1/24,-
20201019194327,192.168.1.1/24,-
20201019194329,10.77.1.1/24,5
20201019194331,10.77.1.2/24,91
20201019194333,10.77.1.2/24,38
20201019194334,192.168.1.1/24,7
20201019194336,192.168.1.2/24,26
20201019194337,192.168.1.2/24,1
20201019194338,192.168.1.1/24,-
20201019194339,10.20.30.2/16,-
20201019194340,192.168.1.1/24,6
20201019194341,192.168.1.2/24,12
20201019194342,10.77.1.1/24,1
20201019194343,10.20.30.1/16,7
20201019194345,10.77.1.1/24,-
20201019194346,192.168.1.2/24,-
20201019194347,192.168.1.1/24,50
20201019194348,10.77.1.2/24,-
20201019194349,192.168.1.2/24,-
20201019194350,192.168.1.2/24,5
20201019194351,10.20.30.1/16,-
20201019194352,10.77.1.2/24,7
20201019194353,10.20.30.1/16,-
20201019194354,10.77.1.2/24,8
20201019194356,10.77.1.1/24,7
20201019194357,192.168.1.1/24,-
20201019194358,10.20.30.2/16,25
20201019194359,192.168.1.2/24,4
20201019194401,10.20.30.2/16,1
20201019194402,10.20.30.2/16,8
20201019194404,192.168.1.2/24,9
20201019194405,10.20.30.2/16,11
20201019194406,10.20.30.2/16,1
20201019194408,10.20.30.2/16,4
20201019194410,10.77.1.2/24,6
20201019194411,10.20.30.1/16,-
20201019194412,10.77.1.1/24,1
20201019194414,10.77.1.2/24,3
20201019194415,192.168.1.2/24,65
20201019194416,10.77.1.1/24,66
20201019194417,10.77.1.2/24,-
20201019194418,192.168.1.1/24,83
20201019194419,192.168.1.1/24,8
20201019194421,10.20.30.1/16,-
20201019194423,10.20.30.2/16,13
20201019194424,192.168.1.1/24,3
20201019194425,10.20.30.2/16,4
20201019194427,10.20.30.2/16,38
20201019194429,10.77.1.1/24,4
20201019194430,192.168.1.2/24,8
20201019194432,10.20.30.1/16,53
20201019194433,192.168.1.2/24,6
20201019194434,10.77.1.1/24,6
20201019194435,192.168.1.1/24,33
20201019194436,10.77.1.1/24,9
20201019194437,10.20.30.2/16,7
20201019194438,10.77.1.1/24,26
20201019194439,10.20.30.2/16,1
20201019194440,10.20.30.1/16,3
20201019194441,10.77.1.2/24,58
20201019194442,10.20.30.1/16,2
20201019194443,192.168.1.2/24,18
20201019194444,10.20.30.1/16,7
20201019194445,10.77.1.2/24,8
20201019194446,10.77.1.1/24,-
20201019194448,192.168.1.1/24,80
20201019194449,10.77.1.2/24,5
20201019194450,10.77.1.2/24,3
20201019194451,10.20.30.1/16,1
20201019194452,192.168.1.2/24,32
20201019194453,192.168.1.1/24,-
20201019194454,10.77.1.2/24,1
20201019194455,10.77.1.2/24,3
20201019194456,192.168.1.1/24,-
20201019194457,192.168.1.2/24,-
20201019194458,10.77.1.2/24,2
20201019194459,10.20.30.1/16,5
20201019194500,10.20.30.1/16,3
20201019194501,192.168.1.1/24,7
20201019194502,10.20.30.1/16,6
20201019194504,10.77.1.2/24,-
20201019194506,10.77.1.1/24,2
20201019194507,10.77.1.1/24,26
20201019194509,10.20.30.2/16,-
20201019194510,10.77.1.2/24,54
20201019194511,10.20.30.2/16,-
20201019194512,192.168.1.2/24,2
20201019194513,10.77.1.1/24,77
20201019194515,10.77.1.2/24,-
20201019194516,10.20.30.2/16,4
20201019194517,10.20.30.1/16,3
20201019194518,192.168.1.1/24,6
20201019194519,10.77.1.1/24,8
20201019194521,192.168.1.2/24,-
20201019194523,10.20.30.1/16,-
20201019194524,192.168.1.2/24,2
20201019194525,10.20.30.1/16,33
20201019194526,10.77.1.1/24,5
20201019194527,10.77.1.2/24,5
20201019194528,10.20.30.2/16,16
20201019194529,10.77.1.2/24,6
20201019194530,10.77.1.1/24,-
20201019194531,192.168.1.1/24,2
20201019194533,10.20.30.2/16,85
20201019194534,192.168.1.1/24,1
20201019194535,10.77.1.2/24,62
20201019194537,192.168.1.2/24,3
20201019194538,10.20.30.2/16,19
20201019194539,192.168.1.1/24,15
20201019194540,10.20.30.1/16,-
20201019194541,10.20.30.2/16,4
20201019194542,10.20.30.2/16,4
20201019194543,10.77.1.2/24,6
20201019194544,192.168.1.2/24,2
20201019194545,10.77.1.1/24,3
20201019194546,10.77.1.2/24,18
20201019194547,10.77.1.2/24,-
20201019194549,10.20.30.1/16,91
20201019194551,192.168.1.2/24,1
20201019194552,192.168.1.2/24,3
20201019194554,192.168.1.2/24,1
20201019194555,10.20.30.2/16,2
20201019194556,192.168.1.1/24,66
20201019194557,192.168.1.1/24,8
20201019194559,10.77.1.1/24,-
20201019194600,10.77.1.2/24,-
20201019194602,10.20.30.2/16,6
20201019194603,10.20.30.2/16,-
20201019194604,192.168.1.2/24,11
20201019194605,10.20.30.1/16,7
20201019194607,192.168.1.1/24,10
20201019194608,10.77.1.2/24,-
20201019194610,192.168.1.2/24,9
20201019194611,10.20.30.2/16,51
20201019194612,10.77.1.1/24,-
20201019194614,10.77.1.1/24,35
20201019194615,192.168.1.2/24,58
20201019194616,10.20.30.1/16,-
20201019194617,10.77.1.2/24,7
20201019194618,192.168.1.1/24,-
20201019194620,10.20.30.2/16,9
20201019194621,10.20.30.1/16,-
20201019194622,192.168.1.2/24,4
20201019194623,10.77.1.2/24,44
20201019194624,10.77.1.2/24,43
20201019194625,192.168.1.2/24,8
20201019194626,10.20.30.2/16,-
20201019194627,10.77.1.1/24,0
20201019194628,10.20.30.1/16,96
20201019194629,10.20.30.2/16,-
20201019194631,192.168.1.1/24,7
20201019194632,192.168.1.1/24,-
20201019194634,192.168.1.1/24,24
20201019194635,10.77.1.2/24,8
20201019194636,10.20.30.2/16,8
20201019194637,10.20.30.1/16,4
20201019194639,10.20.30.1/16,-
20201019194640,10.20.30.1/16,8
20201019194642,10.20.30.1/16,4
20201019194643,10.20.30.2/16,8
20201019194644,192.168.1.1/24,3
20201019194645,10.20.30.2/16,-
20201019194646,10.20.30.2/16,3
20201019194647,10.77.1.1/24,1
20201019194648,10.20.30.2/16,-
20201019194649,10.20.30.1/16,8
20201019194650,10.20.30.1/16,8
20201019194651,10.20.30.2/16,8
20201019194653,10.77.1.1/24,4
20201019194654,10.77.1.2/24,96
20201019194655,10.20.30.1/16,40
20201019194656,10.20.30.2/16,-
20201019194658,10.20.30.2/16,8
20201019194659,10.77.1.1/24,-
20201019194701,192.168.1.2/24,60
20201019194702,10.20.30.2/16,36
20201019194703,192.168.1.2/24,2
20201019194704,10.20.30.1/16,5
20201019194705,10.20.30.1/16,-
20201019194707,192.168.1.2/24,8
20201019194709,10.20.30.1/16,4
20201019194710,10.20.30.2/16,7
20201019194711,192.168.1.1/24,8
20201019194713,10.77.1.2/24,-
20201019194714,10.77.1.2/24,-
20201019194715,192.168.1.1/24,-
20201019194717,10.20.30.2/16,-
20201019194718,10.77.1.1/24,67
20201019194720,10.20.30.1/16,99
20201019194722,10.77.1.1/24,8
20201019194723,10.77.1.2/24,-
20201019194724,192.168.1.2/24,15
20201019194725,10.20.30.2/16,51
20201019194726,10.20.30.2/16,9
20201019194727,10.77.1.1/24,15
20201019194728,10.77.1.2/24,-
20201019194729,10.20.30.2/16,6
20201019194730,192.168.1.2/24,4
20201019194731,10.20.30.2/16,4
20201019194732,10.77.1.2/24,1
20201019194734,10.77.1.1/24,-
20201019194736,10.20.30.2/16,4
20201019194738,10.20.30.2/16,4
20201019194739,10.77.1.2/24,69
20201019194740,10.20.30.2/16,-
20201019194741,192.168.1.2/24,3
20201019194742,10.20.30.1/16,5
20201019194743,10.77.1.1/24,6
20201019194744,10.20.30.1/16,-
20201019194746,192.168.1.1/24,1
20201019194747,10.77.1.1/24,3
20201019194748,10.77.1.2/24,48
20201019194749,192.168.1.1/24,2
20201019194750,192.168.1.2/24,5
20201019194751,10.20.30.1/16,56
20201019194752,192.168.1.1/24,3
20201019194753,10.20.30.2/16,-
20201019194754,192.168.1.2/24,5
20201019194755,192.168.1.1/24,1
20201019194756,192.168.1.1/24,2
20201019194758,192.168.1.2/24,-
20201019194800,192.168.1.2/24,9
20201019194801,192.168.1.2/24,3
20201019194803,10.20.30.2/16,3
20201019194804,192.168.1.1/24,-
20201019194805,10.77.1.1/24,7
20201019194806,192.168.1.1/24,96
20201019194807,192.168.1.1/24,7
20201019194808,10.77.1.2/24,45
20201019194810,10.77.1.1/24,75
20201019194811,10.20.30.2/16,33
20201019194812,10.77.1.1/24,-
20201019194813,10.77.1.2/24,-
20201019194815,10.77.1.1/24,49
20201019194816,10.20.30.2/16,-
20201019194817,10.77.1.1/24,4
20201019194819,192.168.1.2/24,9
20201019194820,192.168.1.1/24,-
20201019194822,10.77.1.1/24,30
20201019194823,10.20.30.1/16,37
20201019194824,10.77.1.1/24,9
20201019194825,192.168.1.1/24,4
20201019194826,10.77.1.1/24,8
20201019194827,10.77.1.2/24,-
20201019194828,10.20.30.1/16,67
20201019194829,10.77.1.2/24,3
20201019194831,10.77.1.1/24,7
20201019194832,10.77.1.2/24,8
20201019194833,10.20.30.2/16,-
20201019194834,10.77.1.1/24,-
20201019194835,10.77.1.1/24,-
20201019194836,10.20.30.2/16,-
20201019194837,10.20.30.1/16,1
20201019194838,192.168.1.1/24,2
20201019194840,10.77.1.2/24,3
20201019194841,192.168.1.1/24,4
20201019194842,192.168.1.1/24,-
20201019194843,192.168.1.2/24,6
20201019194844,192.168.1.2/24,13
20201019194845,192.168.1.1/24,2
20201019194846,192.168.1.2/24,88
20201019194847,10.20.30.1/16,-
20201019194848,10.77.1.1/24,48
20201019194850,10.77.1.2/24,9
20201019194851,10.77.1.2/24,89
20201019194852,10.77.1.2/24,18
20201019194853,10.20.30.2/16,-
20201019194854,10.77.1.2/24,3
20201019194855,192.168.1.2/24,6
20201019194856,10.77.1.2/24,1
20201019194857,192.168.1.2/24,16
20201019194858,10.20.30.2/16,6
20201019194859,192.168.1.1/24,5
20201019194900,10.20.30.2/16,1
20201019194901,10.20.30.1/16,59
20201019194902,10.77.1.1/24,-
20201019194903,10.20.30.2/16,-
20201019194904,10.20.30.2/16,9
20201019194906,10.20.30.1/16,8
20201019194907,10.20.30.1/16,82
20201019194908,10.77.1.1/24,-
20201019194910,10.77.1.1/24,8
20201019194911,192.168.1.1/24,-
20201019194912,10.20.30.1/16,1
20201019194914,10.77.1.1/24,7
20201019194915,10.77.1.2/24,70
20201019194916,192.168.1.2/24,-
20201019194917,10.20.30.2/16,7
20201019194919,10.20.30.2/16,4
20201019194920,10.20.30.2/16,-
20201019194922,192.168.1.2/24,5
20201019194923,10.20.30.2/16,1
20201019194924,10.20.30.2/16,6
20201019194925,10.77.1.1/24,7
20201019194926,192.168.1.2/24,2
20201019194927,192.168.1.2/24,29
20201019194928,10.77.1.1/24,97
20201019194930,10.77.1.2/24,18
20201019194931,10.77.1.2/24,17
20201019194932,10.77.1.1/24,2
20201019194933,10.20.30.1/16,38
20201019194934,10.20.30.1/16,-
20201019194935,10.20.30.1/16,6
20201019194936,10.20.30.1/16,39
20201019194937,10.77.1.2/24,-
20201019194938,192.168.1.2/24,81
20201019194939,10.20.30.2/16,5
20201019194940,192.168.1.2/24,45
20201019194942,192.168.1.2/24,1
20201019194943,10.77.1.1/24,7
20201019194945,192.168.1.2/24,-
20201019194946,10.20.30.1/16,8
20201019194948,192.168.1.1/24,-
20201019194950,10.20.30.2/16,14
20201019194951,10.20.30.1/16,7
20201019194952,192.168.1.2/24,-
20201019194953,192.168.1.1/24,7
20201019194954,10.20.30.1/16,8
20201019194955,10.20.30.1/16,3
20201019194956,10.77.1.1/24,9
20201019194957,192.168.1.2/24,-
20201019194959,10.77.1.2/24,6
20201019195000,192.168.1.2/24,5
20201019195001,10.20.30.2/16,54
20201019195002,10.20.30.1/16,3
20201019195003,192.168.1.1/24,13
20201019195004,10.20.30.1/16,-
20201019195005,10.77.1.2/24,27
20201019195006,10.77.1.2/24,5
20201019195007,10.20.30.1/16,8
20201019195008,192.168.1.2/24,2
20201019195010,10.20.30.2/16,6
20201019195012,10.77.1.1/24,1
20201019195014,10.77.1.2/24,5
20201019195015,10.20.30.2/16,-
20201019195016,192.168.1.2/24,26
20201019195017,10.20.30.2/16,61
20201019195018,192.168.1.1/24,5
20201019195019,192.168.1.2/24,6
20201019195020,192.168.1.1/24,-
20201019195022,10.20.30.1/16,16
20201019195023,10.20.30.2/16,-
20201019195024,10.20.30.1/16,5
20201019195025,192.168.1.1/24,36
20201019195026,192.168.1.1/24,45
20201019195027,10.77.1.1/24,-
20201019195029,192.168.1.2/24,22
20201019195030,192.168.1.1/24,20
20201019195031,192.168.1.2/24,8
20201019195032,10.20.30.1/16,54
20201019195034,10.77.1.1/24,7
20201019195035,10.20.30.1/16,2
20201019195037,10.77.1.2/24,-
20201019195038,10.20.30.2/16,74
20201019195039,10.20.30.1/16,48
20201019195040,10.20.30.1/16,20
20201019195041,10.77.1.1/24,-
20201019195042,10.77.1.1/24,3
20201019195044,192.168.1.1/24,9
20201019195045,10.20.30.2/16,2
20201019195046,10.20.30.2/16,3
20201019195047,192.168.1.2/24,5
20201019195048,10.77.1.2/24,-
20201019195049,10.20.30.1/16,7
20201019195050,192.168.1.2/24,8
20201019195051,192.168.1.2/24,8
20201019195053,10.77.1.2/24,1
20201019195054,192.168.1.2/24,49
20201019195055,10.77.1.2/24,3
20201019195056,10.77.1.1/24,-
20201019195058,192.168.1.1/24,4
20201019195059,192.168.1.1/24,9
20201019195100,10.77.1.1/24,2
20201019195101,10.20.30.2/16,5
20201019195102,10.77.1.1/24,30
20201019195103,10.20.30.1/16,7
20201019195104,192.168.1.2/24,-
20201019195105,10.77.1.1/24,-
20201019195106,10.20.30.2/16,7
20201019195107,10.20.30.1/16,14
20201019195108,192.168.1.1/24,7
20201019195109,10.77.1.2/24,12
20201019195110,10.20.30.1/16,2
20201019195111,10.77.1.2/24,9
20201019195112,10.20.30.2/16,33
20201019195114,10.20.30.2/16,4
20201019195116,10.20.30.2/16,4
20201019195118,192.168.1.1/24,-
20201019195120,192.168.1.2/24,51
20201019195121,10.20.30.2/16,8
20201019195122,10.20.30.1/16,99
20201019195124,10.77.1.2/24,8
20201019195125,10.20.30.2/16,7
20201019195126,10.77.1.2/24,-
20201019195128,10.77.1.2/24,3
20201019195129,192.168.1.2/24,-
20201019195131,10.20.30.1/16,3
20201019195133,192.168.1.2/24,-
20201019195135,192.168.1.2/24,6
20201019195136,192.168.1.1/24,1
20201019195137,10.77.1.2/24,4
20201019195138,10.20.30.2/16,82
20201019195140,10.20.30.1/16,9
20201019195142,10.77.1.2/24,1
20201019195143,10.77.1.2/24,4
20201019195145,10.20.30.1/16,5
20201019195147,192.168.1.1/24,9
20201019195148,10.20.30.1/16,7
20201019195149,10.20.30.2/16,8
20201019195150,192.168.1.2/24,29
20201019195151,10.20.30.1/16,39
20201019195152,192.168.1.2/24,-
20201019195153,10.77.1.2/24,2
20201019195154,10.20.30.2/16,96
20201019195155,10.20.30.1/16,7
20201019195156,10.20.30.1/16,60
20201019195157,10.20.30.2/16,9
20201019195158,10.77.1.1/24,3
20201019195159,10.77.1.2/24,38
20201019195200,192.168.1.2/24,11
20201019195201,10.20.30.1/16,1
20201019195202,192.168.1.2/24,7
20201019195203,10.77.1.1/24,7
20201019195204,192.168.1.1/24,-
20201019195205,10.77.1.1/24,8
20201019195207,192.168.1.2/24,56
20201019195208,192.168.1.2/24,-
20201019195209,10.77.1.1/24,54
20201019195210,10.20.30.1/16,36
20201019195212,10.77.1.2/24,-
20201019195214,10.20.30.1/16,-
20201019195215,10.77.1.1/24,49
20201019195216,192.168.1.2/24,5
20201019195217,192.168.1.2/24,-
20201019195218,10.77.1.2/24,-
20201019195219,10.77.1.1/24,3
20201019195220,192.168.1.2/24,9
20201019195221,192.168.1.2/24,2
20201019195222,10.77.1.2/24,1
20201019195223,10.77.1.2/24,3
20201019195225,10.77.1.1/24,7
20201019195226,192.168.1.1/24,89
20201019195228,10.77.1.2/24,5
20201019195229,10.77.1.2/24,1
20201019195231,10.77.1.1/24,52
20201019195232,10.77.1.1/24,-
20201019195233,10.77.1.1/24,2
20201019195234,10.77.1.2/24,2
20201019195235,10.77.1.2/24,24
20201019195236,10.20.30.2/16,9
20201019195237,10.20.30.1/16,22
20201019195238,192.168.1.2/24,8
20201019195239,10.20.30.2/16,82
20201019195240,10.77.1.2/24,-
20201019195241,192.168.1.2/24,21
20201019195242,10.77.1.1/24,1
20201019195243,192.168.1.1/24,4
20201019195244,192.168.1.1/24,2
20201019195245,10.20.30.1/16,4
20201019195246,10.77.1.1/24,4
20201019195248,10.77.1.2/24,4
20201019195249,10.77.1.2/24,-
20201019195251,10.20.30.2/16,9
20201019195252,10.20.30.2/16,15
20201019195253,10.20.30.1/16,-
20201019195254,10.77.1.2/24,99
20201019195255,10.77.1.2/24,9
20201019195256,10.77.1.1/24,3
20201019195258,10.77.1.1/24,5
20201019195259,192.168.1.1/24,2
20201019195300,10.20.30.2/16,9
20201019195301,10.77.1.1/24,3
20201019195302,192.168.1.2/24,96
20201019195303,10.77.1.1/24,1
20201019195304,192.168.1.2/24,-
20201019195305,10.20.30.1/16,7
20201019195307,10.20.30.1/16,5
20201019195308,10.20.30.2/16,6
20201019195309,10.77.1.2/24,1
20201019195311,192.168.1.2/24,1
20201019195313,10.20.30.2/16,7
20201019195314,10.20.30.1/16,96
20201019195315,192.168.1.2/24,7
20201019195316,10.20.30.1/16,47
20201019195317,10.20.30.1/16,95
20201019195318,10.77.1.1/24,9
20201019195319,192.168.1.2/24,17
20201019195320,10.20.30.2/16,60
20201019195322,10.77.1.2/24,-
20201019195323,10.20.30.2/16,46
20201019195325,10.20.30.2/16,8
20201019195326,10.77.1.1/24,76
20201019195327,10.77.1.1/24,-
20201019195328,192.168.1.2/24,5
20201019195329,10.20.30.1/16,9
20201019195331,192.168.1.1/24,-
20201019195333,10.20.30.2/16,7
20201019195335,10.20.30.2/16,3
20201019195336,192.168.1.2/24,-
20201019195337,10.20.30.2/16,-
20201019195338,10.77.1.2/24,6
20201019195339,10.77.1.1/24,-
20201019195340,192.168.1.1/24,36
20201019195341,192.168.1.2/24,92
20201019195342,10.20.30.2/16,7
20201019195343,10.20.30.1/16,7
20201019195344,10.77.1.2/24,5
20201019195346,192.168.1.1/24,-
20201019195347,192.168.1.2/24,7
20201019195348,192.168.1.1/24,7
20201019195349,10.20.30.2/16,26
20201019195350,192.168.1.2/24,87
20201019195352,10.77.1.2/24,2
20201019195353,192.168.1.2/24,2
20201019195354,10.77.1.2/24,6
20201019195355,10.20.30.2/16,9
20201019195356,10.20.30.2/16,72
20201019195357,10.77.1.1/24,9
20201019195359,192.168.1.1/24,20
20201019195400,192.168.1.1/24,3
20201019195401,10.77.1.2/24,4
20201019195402,192.168.1.1/24,91
20201019195404,10.77.1.1/24,5
20201019195406,10.77.1.2/24,2
20201019195407,10.77.1.2/24,9
20201019195408,10.20.30.1/16,2
20201019195410,10.20.30.1/16,9
20201019195411,10.77.1.2/24,-
20201019195412,10.20.30.2/16,4
20201019195413,10.77.1.2/24,3
20201019195414,192.168.1.2/24,20
20201019195415,10.20.30.2/16,2
20201019195417,192.168.1.1/24,-
20201019195418,10.77.1.1/24,8
20201019195419,10.77.1.1/24,6
20201019195420,10.77.1.1/24,6
20201019195422,192.168.1.2/24,8
20201019195424,192.168.1.1/24,-
20201019195425,10.77.1.1/24,8
20201019195427,10.77.1.1/24,-
20201019195428,10.77.1.2/24,49
20201019195430,10.20.30.1/16,9
20201019195432,10.20.30.2/16,14
20201019195434,192.168.1.1/24,8
20201019195435,192.168.1.2/24,8
20201019195436,192.168.1.1/24,38
20201019195437,192.168.1.1/24,1
20201019195438,10.77.1.1/24,-
20201019195439,10.77.1.2/24,9
20201019195440,192.168.1.2/24,8
20201019195441,10.77.1.1/24,4
20201019195443,10.77.1.1/24,-
20201019195444,10.77.1.1/24,1
20201019195445,10.77.1.2/24,-
20201019195446,10.77.1.2/24,1
20201019195447,10.20.30.1/16,-
20201019195449,10.77.1.1/24,2
20201019195450,10.20.30.2/16,3
20201019195451,192.168.1.2/24,1
20201019195452,192.168.1.2/24,6
20201019195453,10.20.30.2/16,7
20201019195454,10.20.30.2/16,6
20201019195456,192.168.1.2/24,9
20201019195457,10.77.1.2/24,1
20201019195458,10.20.30.1/16,-
20201019195459,10.77.1.2/24,3
20201019195500,192.168.1.1/24,-
20201019195501,192.168.1.1/24,2
20201019195502,10.20.30.1/16,7
20201019195503,192.168.1.1/24,-
20201019195504,192.168.1.2/24,3
20201019195505,192.168.1.2/24,16
20201019195506,192.168.1.2/24,19
20201019195508,192.168.1.1/24,24
20201019195509,192.168.1.1/24,9
20201019195510,192.168.1.2/24,1
20201019195511,192.168.1.1/24,14
20201019195512,10.20.30.2/16,8
20201019195513,192.168.1.2/24,-
20201019195514,10.77.1.1/24,4
20201019195516,10.77.1.2/24,7
20201019195518,192.168.1.1/24,8
20201019195519,192.168.1.2/24,1
20201019195521,192.168.1.1/24,6
20201019195523,192.168.1.2/24,4
20201019195524,10.20.30.1/16,2
20201019195525,192.168.1.2/24,7
20201019195526,10.77.1.2/24,-
20201019195527,192.168.1.1/24,5
20201019195528,10.77.1.1/24,27
20201019195529,10.20.30.2/16,2
20201019195530,10.20.30.1/16,84
20201019195532,10.77.1.1/24,6
20201019195533,10.77.1.2/24,3
20201019195535,192.168.1.2/24,9
20201019195536,10.77.1.1/24,1
20201019195537,10.77.1.2/24,7
20201019195538,10.77.1.2/24,99
20201019195540,10.77.1.1/24,3
20201019195541,10.77.1.1/24,-
20201019195542,10.77.1.1/24,87
20201019195544,10.20.30.2/16,8
20201019195545,10.77.1.2/24,9
20201019195547,192.168.1.1/24,-
20201019195549,10.77.1.1/24,8
20201019195550,192.168.1.1/24,81
20201019195552,192.168.1.2/24,-
20201019195554,10.20.30.2/16,7
20201019195555,10.20.30.2/16,3
20201019195556,192.168.1.2/24,2
20201019195557,10.20.30.2/16,5
20201019195558,10.77.1.1/24,2
20201019195559,10.20.30.1/16,6
20201019195600,10.20.30.2/16,3
20201019195601,192.168.1.2/24,7
20201019195602,10.20.30.1/16,-
20201019195603,10.77.1.2/24,10
20201019195604,192.168.1.2/24,13
20201019195605,10.77.1.1/24,79
20201019195606,10.77.1.2/24,4
20201019195607,10.20.30.1/16,2
20201019195608,192.168.1.1/24,2
20201019195609,10.20.30.1/16,-
20201019195610,192.168.1.1/24,18
20201019195612,10.77.1.2/24,-
20201019195614,10.20.30.1/16,5
20201019195615,192.168.1.1/24,-
20201019195617,10.77.1.1/24,2
20201019195619,10.77.1.1/24,5
20201019195620,10.20.30.1/16,88
20201019195622,10.77.1.1/24,1
20201019195623,10.77.1.2/24,46
20201019195624,192.168.1.1/24,-
20201019195626,10.20.30.2/16,-
20201019195627,10.20.30.2/16,42
20201019195628,10.77.1.2/24,8
20201019195629,10.20.30.2/16,-
20201019195630,10.77.1.2/24,92
20201019195631,192.168.1.1/24,24
20201019195633,192.168.1.1/24,-
20201019195634,10.77.1.2/24,-
20201019195635,10.20.30.1/16,40
20201019195637,10.20.30.1/16,-
20201019195638,10.77.1.1/24,3
20201019195639,10.77.1.1/24,-
20201019195640,10.20.30.2/16,5
20201019195641,192.168.1.2/24,5
20201019195642,10.20.30.2/16,-
20201019195643,192.168.1.1/24,8
20201019195644,10.20.30.2/16,-
20201019195646,10.20.30.2/16,23
20201019195647,192.168.1.2/24,11
20201019195648,192.168.1.1/24,3
20201019195649,10.77.1.2/24,3
20201019195650,10.20.30.1/16,-
20201019195652,10.20.30.1/16,-
20201019195654,192.168.1.2/24,6
20201019195655,192.168.1.2/24,-
20201019195656,192.168.1.1/24,24
20201019195658,192.168.1.1/24,5
20201019195659,192.168.1.2/24,64
20201019195700,192.168.1.1/24,83
20201019195701,10.20.30.2/16,7
20201019195703,192.168.1.1/24,-
20201019195704,10.77.1.2/24,3
20201019195705,10.20.30.2/16,1
20201019195706,192.168.1.1/24,7
20201019195708,192.168.1.1/24,6
20201019195709,192.168.1.2/24,38
20201019195710,192.168.1.1/24,-
20201019195711,192.168.1.2/24,4
20201019195713,192.168.1.1/24,8
20201019195714,10.20.30.1/16,76
20201019195715,10.77.1.1/24,-
20201019195716,192.168.1.2/24,-
20201019195717,192.168.1.1/24,9
20201019195718,10.77.1.2/24,55
20201019195719,10.77.1.2/24,-
20201019195720,10.77.1.2/24,66
20201019195721,10.20.30.1/16,17
20201019195722,192.168.1.2/24,89
20201019195723,192.168.1.2/24,14
20201019195724,192.168.1.1/24,91
20201019195725,192.168.1.1/24,-
20201019195726,10.77.1.2/24,32
20201019195728,192.168.1.1/24,7
20201019195729,10.20.30.2/16,3
20201019195730,10.77.1.1/24,6
20201019195732,192.168.1.1/24,4
20201019195733,10.77.1.1/24,23
20201019195735,10.77.1.1/24,5
20201019195737,192.168.1.1/24,9
20201019195738,10.20.30.2/16,-
20201019195739,10.77.1.1/24,7
20201019195741,192.168.1.1/24,2
20201019195742,10.77.1.2/24,7
20201019195743,10.77.1.1/24,3
20201019195744,10.77.1.2/24,2
20201019195746,10.77.1.2/24,4
20201019195747,10.20.30.1/16,1
20201019195748,10.77.1.2/24,5
20201019195749,192.168.1.1/24,2
20201019195750,10.77.1.1/24,6
20201019195751,192.168.1.1/24,-
20201019195752,10.20.30.2/16,16
20201019195753,192.168.1.1/24,4
20201019195754,10.77.1.2/24,3
20201019195756,192.168.1.2/24,7
20201019195757,192.168.1.1/24,41
20201019195758,192.168.1.1/24,7
20201019195759,10.20.30.1/16,-
20201019195800,192.168.1.2/24,35
20201019195801,10.20.30.2/16,71
20201019195802,10.20.30.1/16,33
20201019195803,10.77.1.1/24,4
20201019195805,10.77.1.1/24,5
20201019195806,10.77.1.1/24,-
20201019195807,192.168.1.1/24,69
20201019195808,10.20.30.2/16,97
20201019195809,10.20.30.2/16,19
20201019195810,10.20.30.1/16,-
20201019195812,10.77.1.1/24,-
20201019195813,10.77.1.2/24,87
20201019195815,10.20.30.1/16,4
20201019195816,192.168.1.1/24,-
20201019195817,10.20.30.1/16,-
20201019195818,10.77.1.1/24,47
20201019195819,10.20.30.2/16,3
20201019195820,192.168.1.2/24,66
20201019195822,192.168.1.1/24,9
20201019195823,192.168.1.1/24,8
20201019195824,10.20.30.1/16,6
20201019195825,192.168.1.2/24,4
20201019195826,192.168.1.2/24,-
20201019195827,10.20.30.2/16,4
20201019195828,192.168.1.2/24,76
20201019195829,192.168.1.1/24,5
20201019195830,192.168.1.2/24,3
20201019195831,10.77.1.1/24,1
20201019195832,192.168.1.1/24,2
20201019195833,10.20.30.1/16,5
20201019195834,192.168.1.1/24,8
20201019195835,10.20.30.1/16,65
20201019195836,10.77.1.2/24,2
20201019195837,10.20.30.1/16,9
20201019195838,192.168.1.2/24,-
20201019195840,10.20.30.2/16,9
20201019195841,10.77.1.2/24,7
20201019195842,10.20.30.1/16,-
20201019195843,10.20.30.1/16,-
20201019195845,10.77.1.2/24,43
20201019195846,10.77.1.1/24,1
20201019195847,10.20.30.2/16,6
20201019195848,10.20.30.1/16,79
20201019195849,10.77.1.2/24,-
20201019195850,10.20.30.1/16,8
20201019195852,10.77.1.1/24,1
20201019195853,10.20.30.2/16,7
20201019195854,10.77.1.2/24,5
20201019195856,10.20.30.1/16,6
20201019195857,10.77.1.2/24,6
20201019195858,10.77.1.1/24,8
20201019195859,10.20.30.2/16,3
20201019195900,10.77.1.2/24,2
20201019195901,10.77.1.1/24,6
20201019195902,192.168.1.1/24,8
20201019195903,192.168.1.1/24,-
20201019195904,192.168.1.1/24,9
20201019195905,192.168.1.1/24,5
20201019195906,10.20.30.1/16,3
20201019195907,10.77.1.2/24,6
20201019195908,10.77.1.1/24,-
20201019195909,192.168.1.1/24,4
20201019195910,192.168.1.1/24,7
20201019195911,10.77.1.2/24,6
20201019195912,192.168.1.1/24,3
20201019195914,10.20.30.1/16,1
20201019195915,10.20.30.1/16,1
20201019195916,10.77.1.1/24,7
20201019195918,192.168.1.1/24,4
20201019195919,10.20.30.2/16,2
20201019195920,192.168.1.1/24,6
20201019195921,192.168.1.2/24,4
20201019195923,192.168.1.2/24,-
20201019195925,10.77.1.2/24,6
20201019195927,10.77.1.1/24,5
20201019195928,192.168.1.2/24,39
20201019195929,10.20.30.2/16,5
20201019195931,192.168.1.2/24,91
20201019195932,10.77.1.1/24,73
20201019195934,10.20.30.2/16,1
20201019195935,10.20.30.1/16,-
20201019195936,192.168.1.1/24,82
20201019195937,10.77.1.2/24,1
20201019195938,192.168.1.2/24,7
20201019195939,10.77.1.1/24,78
20201019195940,10.77.1.2/24,4
20201019195941,10.77.1.2/24,-
20201019195943,10.77.1.2/24,9
20201019195944,192.168.1.1/24,9
20201019195945,192.168.1.1/24,10
20201019195946,10.20.30.1/16,7
20201019195947,10.77.1.1/24,53
20201019195948,192.168.1.1/24,-
20201019195949,10.20.30.2/16,-
20201019195951,192.168.1.2/24,18
20201019195952,192.168.1.2/24,75
20201019195954,192.168.1.2/24,5
20201019195956,192.168.1.1/24,4
20201019195957,10.77.1.1/24,46
20201019195958,192.168.1.1/24,7
20201019195959,10.77.1.1/24,82
20201019200000,192.168.1.1/24,4
20201019200001,192.168.1.1/24,-
20201019200002,10.20.30.2/16,7
20201019200003,10.77.1.2/24,-
20201019200004,192.168.1.2/24,-
20201019200006,192.168.1.2/24,7
20201019200007,192.168.1.1/24,-
20201019200008,10.20.30.1/16,5
20201019200009,10.77.1.1/24,2
20201019200011,10.20.30.2/16,7
20201019200013,10.77.1.1/24,2
20201019200014,10.77.1.1/24,2
20201019200015,10.20.30.2/16,6
20201019200017,192.168.1.1/24,-
20201019200018,10.20.30.2/16,65
20201019200019,10.20.30.1/16,81
20201019200021,10.77.1.2/24,4
20201019200022,192.168.1.1/24,98
20201019200023,10.77.1.2/24,-
20201019200024,10.20.30.1/16,17
20201019200025,10.20.30.1/16,30
20201019200026,192.168.1.2/24,29
20201019200027,192.168.1.1/24,8
20201019200028,192.168.1.1/24,7
20201019200029,10.20.30.2/16,8
20201019200031,10.20.30.1/16,87
20201019200032,192.168.1.2/24,-
20201019200034,10.77.1.2/24,7
20201019200035,192.168.1.2/24,22
20201019200036,10.77.1.1/24,6
20201019200037,10.20.30.1/16,7
20201019200038,10.77.1.1/24,1
20201019200040,192.168.1.1/24,7
20201019200041,10.77.1.2/24,2
20201019200042,10.20.30.1/16,2
20201019200043,10.77.1.1/24,5
20201019200044,10.20.30.1/16,7
20201019200046,10.77.1.2/24,52
20201019200047,192.168.1.1/24,4
20201019200048,10.20.30.1/16,14
20201019200049,10.20.30.1/16,3
20201019200051,10.20.30.1/16,22
20201019200052,10.20.30.2/16,3
20201019200053,10.77.1.2/24,3
20201019200054,10.77.1.1/24,-
20201019200055,192.168.1.2/24,5
20201019200056,10.20.30.1/16,9
20201019200057,10.77.1.2/24,2
20201019200058,10.77.1.1/24,4
20201019200059,192.168.1.2/24,1
20201019200101,10.20.30.2/16,9
20201019200102,10.77.1.2/24,44
20201019200103,10.77.1.1/24,3
20201019200104,10.77.1.1/24,2
20201019200106,10.77.1.1/24,1
20201019200108,10.77.1.2/24,2
20201019200109,10.20.30.2/16,9
20201019200111,10.20.30.1/16,4
20201019200112,192.168.1.2/24,-
20201019200113,10.77.1.2/24,17
20201019200114,192.168.1.1/24,-
20201019200115,192.168.1.1/24,1
20201019200116,192.168.1.2/24,20
20201019200117,10.77.1.1/24,5
20201019200118,10.77.1.2/24,-
20201019200119,10.20.30.2/16,3
20201019200120,10.77.1.2/24,3
20201019200121,10.20.30.1/16,7
20201019200123,10.77.1.1/24,40
20201019200124,192.168.1.2/24,5
20201019200125,192.168.1.2/24,9
20201019200126,192.168.1.1/24,-
20201019200127,10.20.30.2/16,2
20201019200128,10.20.30.1/16,-
20201019200129,10.20.30.1/16,-
20201019200130,10.20.30.1/16,-
20201019200131,10.20.30.1/16,8
20201019200132,10.20.30.2/16,7
20201019200133,10.77.1.1/24,9
20201019200134,192.168.1.1/24,9
20201019200135,192.168.1.2/24,-
20201019200136,192.168.1.2/24,6
20201019200137,192.168.1.1/24,4
20201019200138,10.77.1.2/24,99
20201019200139,192.168.1.1/24,6
20201019200140,192.168.1.2/24,-
20201019200141,10.20.30.1/16,89
20201019200142,192.168.1.1/24,3
20201019200144,10.20.30.2/16,9
20201019200145,192.168.1.1/24,9
20201019200146,10.20.30.2/16,8
20201019200148,192.168.1.2/24,6
20201019200149,10.20.30.1/16,9
20201019200151,10.20.30.1/16,6
20201019200152,10.20.30.1/16,1
20201019200154,192.168.1.2/24,1
20201019200155,10.20.30.1/16,13
20201019200156,192.168.1.1/24,1
20201019200157,10.20.30.1/16,6
20201019200158,10.77.1.2/24,3
20201019200159,192.168.1.2/24,6
20201019200200,10.77.1.1/24,7
20201019200201,10.77.1.2/24,5
20201019200203,10.77.1.2/24,-
20201019200204,10.20.30.1/16,9
20201019200206,192.168.1.1/24,-
20201019200207,10.20.30.2/16,4
20201019200208,192.168.1.2/24,70
20201019200209,192.168.1.1/24,17
20201019200210,10.20.30.2/16,93
20201019200211,10.20.30.1/16,-
20201019200212,10.20.30.2/16,7
20201019200213,192.168.1.1/24,8
20201019200214,192.168.1.2/24,23
20201019200216,10.77.1.1/24,-
20201019200217,10.77.1.1/24,7
20201019200218,192.168.1.1/24,7
20201019200220,192.168.1.1/24,69
20201019200221,192.168.1.1/24,1
20201019200222,10.77.1.2/24,7
20201019200223,10.20.30.1/16,59
20201019200224,10.20.30.1/16,37
20201019200226,10.20.30.2/16,-
20201019200227,192.168.1.1/24,3
20201019200228,10.77.1.1/24,7
20201019200229,10.77.1.2/24,-
20201019200230,192.168.1.1/24,7
20201019200232,10.77.1.2/24,4
20201019200233,10.77.1.2/24,48
20201019200234,192.168.1.1/24,51
20201019200235,192.168.1.1/24,4
20201019200237,10.20.30.1/16,-
20201019200238,10.77.1.2/24,8
20201019200239,10.20.30.1/16,2
20201019200240,10.20.30.1/16,20
20201019200241,10.77.1.2/24,3
20201019200242,10.20.30.1/16,-
20201019200243,192.168.1.2/24,9
20201019200244,192.168.1.2/24,40
20201019200245,10.20.30.2/16,2
20201019200246,10.77.1.1/24,5
20201019200247,192.168.1.2/24,-
20201019200248,192.168.1.2/24,11
20201019200250,10.77.1.2/24,-
20201019200252,10.20.30.1/16,11
20201019200253,192.168.1.1/24,1
20201019200254,10.77.1.2/24,40
20201019200255,10.20.30.2/16,5
20201019200256,192.168.1.1/24,-
20201019200258,10.77.1.2/24,-
20201019200259,10.77.1.1/24,-
20201019200300,10.20.30.2/16,9
20201019200301,192.168.1.1/24,-
20201019200303,10.77.1.1/24,-
20201019200304,10.77.1.1/24,88
20201019200305,192.168.1.1/24,31
20201019200307,192.168.1.1/24,6
20201019200309,10.20.30.1/16,16
20201019200310,192.168.1.1/24,8
20201019200312,10.77.1.1/24,3
20201019200313,10.77.1.1/24,36
20201019200314,10.20.30.2/16,-
20201019200316,192.168.1.2/24,5
20201019200318,10.20.30.1/16,-
20201019200319,192.168.1.1/24,7
20201019200320,10.20.30.2/16,6
20201019200321,10.77.1.1/24,2
20201019200322,10.20.30.2/16,6
20201019200324,10.77.1.2/24,4
20201019200325,192.168.1.2/24,7
20201019200326,10.77.1.1/24,4
20201019200327,192.168.1.2/24,-
20201019200328,10.77.1.2/24,3
20201019200329,192.168.1.1/24,10
20201019200330,192.168.1.2/24,-
20201019200331,192.168.1.2/24,-
20201019200332,10.77.1.2/24,5
20201019200333,10.77.1.2/24,-
20201019200334,192.168.1.2/24,16
20201019200335,192.168.1.1/24,8
20201019200336,10.77.1.1/24,19
20201019200337,192.168.1.1/24,9
20201019200338,192.168.1.2/24,6
20201019200339,192.168.1.1/24,3
20201019200340,10.20.30.2/16,-
20201019200341,10.77.1.2/24,2
20201019200342,10.20.30.2/16,7
20201019200343,192.168.1.1/24,7
20201019200344,10.20.30.1/16,68
20201019200345,10.20.30.2/16,6
20201019200346,10.20.30.2/16,17
20201019200347,192.168.1.1/24,89
20201019200348,192.168.1.2/24,6
20201019200349,10.20.30.2/16,8
20201019200350,10.20.30.1/16,6
20201019200352,192.168.1.1/24,40
20201019200353,192.168.1.1/24,1
20201019200354,10.20.30.1/16,2
20201019200355,10.20.30.2/16,-
20201019200357,10.20.30.2/16,-
20201019200358,10.77.1.1/24,-
20201019200359,10.20.30.1/16,9
20201019200400,192.168.1.2/24,-
20201019200401,10.20.30.1/16,-
20201019200402,10.77.1.2/24,-
20201019200403,10.77.1.1/24,-
20201019200404,10.20.30.1/16,-
20201019200405,192.168.1.2/24,56
20201019200407,10.77.1.1/24,-
20201019200408,192.168.1.1/24,8
20201019200409,10.77.1.1/24,59
20201019200410,10.77.1.1/24,41
20201019200411,192.168.1.1/24,4
20201019200412,192.168.1.1/24,53
20201019200413,10.77.1.1/24,76
20201019200414,192.168.1.2/24,2
20201019200415,10.77.1.1/24,1
20201019200416,192.168.1.2/24,70
20201019200417,10.77.1.1/24,2
20201019200418,10.77.1.2/24,1
20201019200419,192.168.1.2/24,-
20201019200420,192.168.1.2/24,-
20201019200421,192.168.1.1/24,-
20201019200422,10.20.30.1/16,-
20201019200423,10.20.30.1/16,4
20201019200425,10.77.1.2/24,5
20201019200426,192.168.1.2/24,-
20201019200428,10.20.30.2/16,56
20201019200429,10.77.1.2/24,8
20201019200430,10.20.30.1/16,3
20201019200431,10.20.30.2/16,8
20201019200432,10.20.30.2/16,5
20201019200433,192.168.1.2/24,8
20201019200435,10.77.1.1/24,-
20201019200436,10.77.1.2/24,7
20201019200437,10.20.30.1/16,9
20201019200438,10.20.30.1/16,24
20201019200439,10.20.30.1/16,2
20201019200440,10.20.30.1/16,9
20201019200441,192.168.1.1/24,5
20201019200442,192.168.1.1/24,8
20201019200443,10.20.30.1/16,8
20201019200444,192.168.1.1/24,-
20201019200445,192.168.1.1/24,-
20201019200446,192.168.1.2/24,-
20201019200448,192.168.1.1/24,88
20201019200450,10.77.1.2/24,-
20201019200452,192.168.1.2/24,-
20201019200453,10.20.30.2/16,-
20201019200454,192.168.1.1/24,-
20201019200456,10.20.30.1/16,30
20201019200457,10.77.1.1/24,-
20201019200458,10.77.1.2/24,69
20201019200500,10.20.30.1/16,22
20201019200502,192.168.1.2/24,11
20201019200503,10.20.30.1/16,6
20201019200505,192.168.1.2/24,1
20201019200507,10.20.30.1/16,-
20201019200508,192.168.1.2/24,11
20201019200510,192.168.1.1/24,97
20201019200511,10.77.1.2/24,-
20201019200512,192.168.1.1/24,-
20201019200513,192.168.1.1/24,-
20201019200514,10.20.30.2/16,2
20201019200515,192.168.1.2/24,-
20201019200517,10.20.30.2/16,4
20201019200518,10.20.30.1/16,5
20201019200519,10.77.1.2/24,-
20201019200520,192.168.1.2/24,10
20201019200521,10.20.30.2/16,3
20201019200522,192.168.1.2/24,4
20201019200524,10.20.30.1/16,8
20201019200526,10.77.1.2/24,-
20201019200528,192.168.1.1/24,8
20201019200529,10.77.1.2/24,-
20201019200530,10.20.30.1/16,-
20201019200531,10.77.1.2/24,9
20201019200532,192.168.1.2/24,7
20201019200533,192.168.1.1/24,-
20201019200535,192.168.1.1/24,9
20201019200537,10.77.1.1/24,9
20201019200539,10.77.1.2/24,-
20201019200540,10.77.1.1/24,69
20201019200541,10.20.30.2/16,20
20201019200542,10.77.1.2/24,-
20201019200543,192.168.1.2/24,9
20201019200544,10.20.30.2/16,89
20201019200545,10.77.1.1/24,81
20201019200546,192.168.1.1/24,21
20201019200548,10.77.1.1/24,-
20201019200549,10.77.1.2/24,8
20201019200550,10.77.1.2/24,73
20201019200551,10.77.1.2/24,-
20201019200552,192.168.1.2/24,4
20201019200553,192.168.1.2/24,6
20201019200555,10.77.1.1/24,2
20201019200556,10.20.30.2/16,-
20201019200558,10.20.30.1/16,14
20201019200600,10.77.1.1/24,57
20201019200601,192.168.1.2/24,6
20201019200602,192.168.1.1/24,3
20201019200603,10.77.1.2/24,7
20201019200605,10.20.30.2/16,15
20201019200607,192.168.1.1/24,1
20201019200608,10.77.1.1/24,22
20201019200609,192.168.1.1/24,-
20201019200610,10.20.30.2/16,14
20201019200612,10.20.30.1/16,3
20201019200614,10.20.30.1/16,21
20201019200615,10.77.1.2/24,1
20201019200617,192.168.1.1/24,-
20201019200619,10.77.1.2/24,-
20201019200620,10.20.30.1/16,-
20201019200621,192.168.1.2/24,25
20201019200623,10.77.1.2/24,4
20201019200625,192.168.1.2/24,38
20201019200626,10.20.30.2/16,6
20201019200627,10.77.1.1/24,3
20201019200628,10.77.1.1/24,7
20201019200629,10.20.30.1/16,-
20201019200630,10.20.30.2/16,4
20201019200631,10.77.1.2/24,-
20201019200632,192.168.1.1/24,6
20201019200634,10.20.30.1/16,2
20201019200635,10.20.30.1/16,2
20201019200636,10.77.1.1/24,9
20201019200637,192.168.1.1/24,1
20201019200638,192.168.1.2/24,-
20201019200639,192.168.1.1/24,3
20201019200641,192.168.1.2/24,-
20201019200643,10.20.30.2/16,-
20201019200644,10.20.30.1/16,66
20201019200645,10.77.1.2/24,57
20201019200646,10.77.1.1/24,68
20201019200648,10.77.1.2/24,10
20201019200649,10.77.1.2/24,90
20201019200650,10.20.30.2/16,2
20201019200651,10.77.1.2/24,-
20201019200652,10.20.30.1/16,2
20201019200653,192.168.1.2/24,-
20201019200654,192.168.1.2/24,5
20201019200656,10.77.1.2/24,9
20201019200658,10.20.30.1/16,4
20201019200659,192.168.1.1/24,5
20201019200700,10.77.1.1/24,-
20201019200701,10.20.30.1/16,1
20201019200702,10.20.30.1/16,6
20201019200704,10.77.1.2/24,2
20201019200705,10.20.30.2/16,8
20201019200706,10.20.30.2/16,-
20201019200707,10.77.1.1/24,9
20201019200708,10.20.30.1/16,5
20201019200710,10.77.1.2/24,15
20201019200712,10.20.30.1/16,-
20201019200713,10.20.30.1/16,2
20201019200714,10.77.1.2/24,32
20201019200716,10.77.1.1/24,41
20201019200717,10.77.1.1/24,9
20201019200719,10.77.1.2/24,2
20201019200720,10.77.1.2/24,71
20201019200721,192.168.1.2/24,-
20201019200722,192.168.1.1/24,14
20201019200723,192.168.1.2/24,1
20201019200725,192.168.1.1/24,-
20201019200726,192.168.1.2/24,54
20201019200727,10.77.1.2/24,7
20201019200729,10.20.30.2/16,1
20201019200731,10.20.30.2/16,3
20201019200732,192.168.1.2/24,5
20201019200734,10.77.1.2/24,46
20201019200735,10.20.30.1/16,-
20201019200736,10.20.30.2/16,12
20201019200737,192.168.1.1/24,11
20201019200738,10.77.1.2/24,99
20201019200739,192.168.1.2/24,5
20201019200740,10.20.30.2/16,9
20201019200741,192.168.1.2/24,8
20201019200742,10.77.1.1/24,59
20201019200744,192.168.1.2/24,5
20201019200745,192.168.1.1/24,4
20201019200747,192.168.1.2/24,2
20201019200749,10.20.30.1/16,9
20201019200750,10.77.1.2/24,3
20201019200752,10.77.1.1/24,10
20201019200753,10.20.30.1/16,31
20201019200754,192.168.1.1/24,2
20201019200755,10.20.30.2/16,-
20201019200756,192.168.1.1/24,5
20201019200758,192.168.1.2/24,14
20201019200759,10.77.1.1/24,-
20201019200801,192.168.1.2/24,-
20201019200802,10.20.30.2/16,2
20201019200803,10.77.1.1/24,6
20201019200804,10.20.30.1/16,-
20201019200805,10.77.1.1/24,15
20201019200806,10.77.1.1/24,4
20201019200807,192.168.1.2/24,-
20201019200808,192.168.1.1/24,6
20201019200810,192.168.1.1/24,-
20201019200812,10.77.1.2/24,8
20201019200813,192.168.1.1/24,95
20201019200814,10.77.1.1/24,2
20201019200815,10.20.30.2/16,5
20201019200816,192.168.1.1/24,5
20201019200817,192.168.1.2/24,6
20201019200818,10.20.30.1/16,3
20201019200819,192.168.1.2/24,93
20201019200821,192.168.1.2/24,38
20201019200823,10.77.1.1/24,3
20201019200824,192.168.1.2/24,-
20201019200826,192.168.1.2/24,-
20201019200827,10.77.1.2/24,3
20201019200828,10.20.30.2/16,-
20201019200829,10.20.30.2/16,4
20201019200830,192.168.1.1/24,10
20201019200831,10.20.30.2/16,2
20201019200832,10.20.30.1/16,36
20201019200833,192.168.1.2/24,1
20201019200834,10.77.1.2/24,6
20201019200836,10.77.1.2/24,3
20201019200837,192.168.1.2/24,1
20201019200838,10.77.1.2/24,5
20201019200839,10.77.1.2/24,3
20201019200841,192.168.1.2/24,1
20201019200842,10.77.1.1/24,3
20201019200844,10.77.1.2/24,5
20201019200845,10.77.1.2/24,-
20201019200846,10.20.30.2/16,29
20201019200848,10.20.30.1/16,9
20201019200849,192.168.1.1/24,4
20201019200850,10.20.30.1/16,10
20201019200851,10.77.1.1/24,-
20201019200852,192.168.1.1/24,7
20201019200853,10.77.1.2/24,-
20201019200855,10.77.1.2/24,2
20201019200856,10.20.30.2/16,2
20201019200857,10.77.1.1/24,-
20201019200858,10.77.1.2/24,-
20201019200859,10.20.30.1/16,28
20201019200900,192.168.1.2/24,2
20201019200901,10.20.30.1/16,1
20201019200902,10.77.1.2/24,-
20201019200903,10.20.30.1/16,5
20201019200904,10.20.30.1/16,-
20201019200906,10.77.1.2/24,53
20201019200907,192.168.1.1/24,-
20201019200909,10.20.30.1/16,4
20201019200910,192.168.1.1/24,-
20201019200911,10.20.30.1/16,-
20201019200912,10.77.1.1/24,9
20201019200913,10.77.1.2/24,-
20201019200914,192.168.1.2/24,7
20201019200915,10.77.1.2/24,3
20201019200916,10.20.30.1/16,4
20201019200917,10.20.30.2/16,7
20201019200918,192.168.1.2/24,-
20201019200919,192.168.1.2/24,2
20201019200920,192.168.1.2/24,-
20201019200921,10.20.30.2/16,7
20201019200922,192.168.1.2/24,47
20201019200923,10.77.1.2/24,54
20201019200924,10.20.30.1/16,-
20201019200925,10.77.1.2/24,6
20201019200926,10.20.30.1/16,3
20201019200927,10.20.30.2/16,5
20201019200929,192.168.1.1/24,17
20201019200930,10.20.30.2/16,8
20201019200932,10.20.30.2/16,8
20201019200934,10.77.1.1/24,90
20201019200935,192.168.1.1/24,9
20201019200936,192.168.1.2/24,55
20201019200937,10.77.1.1/24,85
20201019200938,192.168.1.1/24,9
20201019200939,192.168.1.2/24,6
20201019200940,192.168.1.2/24,47
20201019200942,10.77.1.1/24,2
20201019200943,192.168.1.1/24,8
20201019200944,192.168.1.1/24,-
20201019200946,10.20.30.1/16,48
20201019200947,10.20.30.2/16,-
20201019200948,192.168.1.1/24,1
20201019200949,10.77.1.2/24,8
20201019200950,10.77.1.1/24,7
20201019200951,10.20.30.2/16,5
20201019200953,10.20.30.2/16,6
20201019200954,192.168.1.1/24,4
20201019200955,10.77.1.2/24,4
20201019200957,10.77.1.2/24,9
20201019200958,10.77.1.2/24,8
20201019200959,10.20.30.1/16,1
20201019201000,10.77.1.1/24,1
20201019201001,192.168.1.2/24,21
20201019201002,10.20.30.1/16,8
20201019201003,192.168.1.2/24,5
20201019201004,10.77.1.1/24,4
20201019201005,10.77.1.2/24,5
20201019201006,10.77.1.2/24,-
20201019201007,192.168.1.1/24,19
20201019201009,10.77.1.2/24,25
20201019201010,192.168.1.1/24,43
20201019201011,192.168.1.2/24,4
20201019201012,10.77.1.1/24,7
20201019201013,10.77.1.2/24,8
20201019201014,10.20.30.2/16,-
20201019201015,192.168.1.2/24,43
20201019201016,10.20.30.2/16,-
20201019201017,10.20.30.2/16,5
20201019201018,10.77.1.1/24,-
20201019201020,10.20.30.2/16,4
20201019201022,192.168.1.1/24,15
20201019201023,192.168.1.2/24,6
20201019201024,10.77.1.2/24,-
20201019201025,10.77.1.1/24,5
20201019201026,10.77.1.1/24,6
20201019201028,10.77.1.2/24,5
20201019201029,10.77.1.2/24,-
20201019201030,10.77.1.2/24,2
20201019201032,10.20.30.1/16,6
20201019201033,10.20.30.2/16,4
20201019201035,10.77.1.1/24,-
20201019201036,10.77.1.1/24,1
20201019201037,10.20.30.1/16,-
20201019201039,10.77.1.2/24,-
20201019201041,192.168.1.2/24,76
20201019201042,192.168.1.1/24,6
20201019201044,10.20.30.1/16,5
20201019201045,10.77.1.2/24,-
20201019201046,10.77.1.2/24,48
20201019201047,192.168.1.1/24,9
20201019201048,10.20.30.1/16,78
20201019201050,10.20.30.1/16,3
20201019201052,10.20.30.1/16,-
20201019201054,10.20.30.2/16,32
20201019201055,10.77.1.1/24,-
20201019201057,10.77.1.1/24,7
20201019201058,10.77.1.1/24,7
20201019201100,10.77.1.2/24,5
20201019201101,10.20.30.2/16,6
20201019201102,10.20.30.2/16,3
20201019201103,10.77.1.2/24,2
20201019201105,192.168.1.2/24,-
20201019201106,192.168.1.2/24,6
20201019201107,10.77.1.2/24,2
20201019201109,10.77.1.1/24,1
20201019201110,10.20.30.2/16,9
20201019201111,10.77.1.1/24,5
20201019201112,10.77.1.2/24,76
20201019201113,10.20.30.1/16,6
20201019201115,10.20.30.1/16,7
20201019201116,10.77.1.1/24,1
20201019201117,10.77.1.1/24,10
20201019201118,10.20.30.1/16,3
20201019201119,192.168.1.1/24,-
20201019201120,10.20.30.1/16,9
20201019201121,10.20.30.2/16,69
20201019201122,192.168.1.1/24,3
20201019201123,10.20.30.1/16,-
20201019201124,10.20.30.1/16,9
20201019201125,10.20.30.2/16,-
20201019201126,10.20.30.1/16,3
20201019201127,192.168.1.1/24,4
20201019201128,10.20.30.1/16,48
20201019201129,192.168.1.2/24,8
20201019201130,192.168.1.2/24,7
20201019201131,10.77.1.1/24,8
20201019201132,10.20.30.1/16,13
20201019201133,192.168.1.1/24,8
20201019201134,10.77.1.1/24,41
20201019201135,10.20.30.2/16,-
20201019201136,10.77.1.2/24,6
20201019201137,10.77.1.1/24,-
20201019201138,192.168.1.1/24,-
20201019201140,10.20.30.1/16,7
20201019201141,10.20.30.2/16,-
20201019201142,10.20.30.1/16,27
20201019201143,10.77.1.1/24,4
20201019201144,10.77.1.2/24,7
20201019201145,10.77.1.2/24,3
20201019201146,10.20.30.2/16,-
20201019201147,10.77.1.2/24,13
20201019201148,192.168.1.2/24,3
20201019201149,10.77.1.1/24,61
20201019201150,10.77.1.2/24,8
20201019201151,192.168.1.2/24,7
20201019201153,10.20.30.1/16,-
20201019201154,10.77.1.1/24,4
20201019201155,10.77.1.2/24,12
20201019201156,10.77.1.2/24,1
20201019201157,10.20.30.2/16,-
20201019201159,192.168.1.2/24,4
20201019201200,10.77.1.1/24,9
20201019201201,192.168.1.1/24,8
20201019201202,10.20.30.2/16,-
20201019201203,10.20.30.2/16,9
20201019201204,192.168.1.1/24,-
20201019201206,192.168.1.2/24,66
20201019201208,10.20.30.1/16,74
20201019201210,10.77.1.2/24,-
20201019201211,10.77.1.1/24,5
20201019201212,192.168.1.1/24,-
20201019201214,10.77.1.1/24,-
20201019201215,10.20.30.2/16,3
20201019201216,10.20.30.1/16,8
20201019201217,192.168.1.1/24,4
20201019201218,192.168.1.2/24,49
20201019201219,10.20.30.1/16,57
20201019201220,192.168.1.1/24,2
20201019201221,192.168.1.1/24,-
20201019201222,192.168.1.2/24,28
20201019201223,192.168.1.1/24,6
20201019201224,192.168.1.1/24,-
20201019201225,10.20.30.1/16,63
20201019201226,10.20.30.1/16,3
20201019201227,10.77.1.1/24,1
20201019201229,192.168.1.2/24,-
20201019201231,10.77.1.1/24,24
20201019201233,10.77.1.1/24,2
20201019201234,10.77.1.1/24,48
20201019201235,10.77.1.2/24,97
20201019201236,10.20.30.1/16,2
20201019201237,192.168.1.2/24,5
20201019201239,192.168.1.2/24,-
20201019201240,10.77.1.2/24,33
20201019201241,10.20.30.2/16,-
20201019201243,192.168.1.2/24,23
20201019201244,192.168.1.2/24,8
20201019201245,192.168.1.1/24,4
20201019201246,10.20.30.1/16,3
20201019201248,192.168.1.1/24,5
20201019201249,10.20.30.2/16,5
20201019201250,192.168.1.1/24,-
20201019201252,10.20.30.2/16,3
20201019201253,192.168.1.2/24,8
20201019201254,10.20.30.1/16,33
20201019201256,10.77.1.2/24,7
20201019201258,192.168.1.2/24,88
20201019201259,192.168.1.2/24,5
20201019201300,192.168.1.2/24,1
20201019201301,10.20.30.1/16,1
20201019201302,10.77.1.1/24,7
20201019201303,192.168.1.2/24,-
20201019201304,10.20.30.1/16,-
20201019201305,192.168.1.2/24,9
20201019201306,10.20.30.1/16,32
20201019201307,10.77.1.1/24,6
20201019201308,10.20.30.1/16,77
20201019201310,10.77.1.2/24,1
20201019201311,10.77.1.1/24,5
20201019201312,10.77.1.2/24,5
20201019201313,10.77.1.2/24,90
20201019201314,192.168.1.2/24,9
20201019201316,10.20.30.2/16,5
20201019201318,192.168.1.1/24,9
20201019201320,10.77.1.1/24,-
20201019201322,10.20.30.2/16,3
20201019201324,192.168.1.1/24,6
20201019201326,10.77.1.1/24,-
20201019201327,10.20.30.1/16,5
20201019201329,192.168.1.1/24,6
20201019201330,192.168.1.2/24,9
20201019201331,192.168.1.2/24,7
20201019201332,10.77.1.1/24,7
20201019201333,10.20.30.2/16,4
20201019201334,10.20.30.1/16,8
20201019201335,192.168.1.2/24,4
20201019201336,10.77.1.1/24,3
20201019201337,10.77.1.2/24,6
20201019201338,192.168.1.1/24,16
20201019201339,10.77.1.1/24,2
20201019201340,192.168.1.1/24,55
20201019201341,10.20.30.2/16,-
20201019201342,10.20.30.1/16,1
20201019201343,192.168.1.2/24,1
20201019201345,192.168.1.1/24,9
20201019201346,192.168.1.1/24,3
20201019201347,10.77.1.2/24,2
20201019201348,10.77.1.2/24,17
20201019201349,192.168.1.2/24,-
20201019201350,10.77.1.2/24,8
20201019201352,192.168.1.2/24,4
20201019201353,10.77.1.2/24,-
20201019201354,10.20.30.1/16,5
20201019201355,10.20.30.1/16,6
20201019201356,192.168.1.2/24,80
20201019201357,192.168.1.2/24,-
20201019201358,10.20.30.2/16,-
20201019201400,10.20.30.1/16,7
20201019201401,10.77.1.1/24,37
20201019201402,192.168.1.2/24,62
20201019201403,192.168.1.1/24,8
20201019201404,10.77.1.1/24,1
20201019201406,10.20.30.1/16,16
20201019201407,10.77.1.1/24,-
20201019201408,10.20.30.2/16,9
20201019201409,10.20.30.1/16,3
20201019201410,10.20.30.1/16,-
20201019201411,10.77.1.2/24,-
20201019201413,10.77.1.1/24,4
20201019201414,10.77.1.1/24,1
20201019201415,10.77.1.1/24,-
20201019201417,192.168.1.2/24,2
20201019201418,192.168.1.2/24,4
20201019201419,10.77.1.1/24,18
20201019201420,10.20.30.1/16,6
20201019201421,10.77.1.1/24,9
20201019201422,192.168.1.2/24,3
20201019201423,192.168.1.1/24,-
20201019201425,10.77.1.1/24,2
20201019201426,10.77.1.2/24,9
20201019201427,10.77.1.2/24,61
20201019201428,192.168.1.1/24,7
20201019201429,10.20.30.1/16,20
20201019201431,192.168.1.1/24,8
20201019201432,10.20.30.1/16,4
20201019201434,10.77.1.2/24,3
20201019201435,10.20.30.2/16,20
20201019201436,10.77.1.1/24,60
20201019201437,10.20.30.2/16,-
20201019201438,10.20.30.2/16,7
20201019201439,10.20.30.2/16,78
20201019201441,10.20.30.1/16,4
20201019201442,10.20.30.1/16,26
20201019201443,10.20.30.1/16,-
20201019201444,10.77.1.1/24,7
20201019201446,192.168.1.1/24,46
20201019201447,10.20.30.1/16,19
20201019201449,10.77.1.2/24,52
20201019201451,10.20.30.1/16,6
20201019201452,192.168.1.1/24,17
20201019201453,192.168.1.1/24,3
20201019201454,10.77.1.2/24,-
20201019201455,192.168.1.2/24,70
20201019201456,192.168.1.2/24,59
20201019201457,10.77.1.2/24,3
20201019201458,10.20.30.1/16,4
20201019201459,192.168.1.2/24,77
20201019201501,192.168.1.1/24,6
20201019201502,192.168.1.1/24,6
20201019201504,10.20.30.1/16,9
20201019201505,10.20.30.2/16,4
20201019201506,10.77.1.2/24,-
20201019201507,10.77.1.1/24,8
20201019201509,192.168.1.1/24,13
20201019201511,10.20.30.2/16,9
20201019201513,192.168.1.2/24,2
20201019201514,10.77.1.2/24,41
20201019201516,10.77.1.1/24,-
20201019201518,10.77.1.1/24,58
20201019201520,10.77.1.2/24,31
20201019201522,10.20.30.2/16,-
20201019201523,192.168.1.2/24,15
20201019201524,10.77.1.2/24,53
20201019201525,192.168.1.2/24,-
20201019201526,10.77.1.1/24,83
20201019201527,192.168.1.2/24,-
20201019201528,10.20.30.1/16,86
20201019201529,10.77.1.2/24,1
20201019201531,192.168.1.2/24,9
20201019201532,10.20.30.1/16,7
20201019201533,10.20.30.2/16,-
20201019201534,10.77.1.1/24,3
20201019201536,10.77.1.2/24,-
20201019201537,10.77.1.1/24,-
20201019201538,10.77.1.1/24,6
20201019201539,192.168.1.1/24,-
20201019201541,10.20.30.2/16,6
20201019201542,10.77.1.2/24,-
20201019201543,192.168.1.2/24,-
20201019201544,10.77.1.1/24,-
20201019201545,10.77.1.1/24,23
20201019201546,10.77.1.1/24,9
20201019201548,10.77.1.2/24,-
20201019201549,10.20.30.2/16,-
20201019201550,10.20.30.2/16,65
20201019201551,10.20.30.1/16,-
20201019201552,10.77.1.1/24,-
20201019201553,192.168.1.1/24,19
20201019201554,10.77.1.1/24,-
20201019201555,192.168.1.1/24,5
20201019201556,10.20.30.2/16,-
20201019201557,10.77.1.2/24,5
20201019201559,10.20.30.1/16,58
20201019201600,10.77.1.2/24,-
20201019201601,10.20.30.2/16,2
20201019201602,192.168.1.1/24,35
20201019201604,10.77.1.2/24,72
20201019201606,10.20.30.1/16,-
20201019201608,192.168.1.1/24,2
20201019201609,10.20.30.1/16,1
20201019201610,192.168.1.1/24,27
20201019201611,192.168.1.1/24,5
20201019201612,192.168.1.1/24,-
20201019201613,10.77.1.1/24,12
20201019201615,10.20.30.1/16,90
20201019201616,10.77.1.1/24,-
20201019201617,192.168.1.2/24,2
20201019201618,10.77.1.2/24,-
20201019201619,10.77.1.1/24,9
20201019201620,192.168.1.1/24,18
20201019201621,192.168.1.2/24,5
20201019201623,192.168.1.2/24,5
20201019201624,10.20.30.1/16,3
20201019201626,10.20.30.2/16,3
20201019201627,192.168.1.2/24,3
20201019201628,10.77.1.2/24,-
20201019201629,10.77.1.2/24,2
20201019201631,10.20.30.1/16,2
20201019201633,10.77.1.2/24,6
20201019201634,10.77.1.1/24,65
20201019201636,192.168.1.1/24,88
20201019201638,10.77.1.1/24,1
20201019201639,10.20.30.1/16,8
20201019201641,10.20.30.1/16,5
20201019201642,10.77.1.2/24,8
20201019201644,192.168.1.2/24,-
20201019201646,10.77.1.2/24,-
20201019201647,10.77.1.1/24,5
20201019201649,192.168.1.1/24,29
20201019201650,10.77.1.2/24,5
20201019201651,10.77.1.2/24,-
20201019201652,10.77.1.1/24,3
20201019201654,192.168.1.1/24,11
20201019201655,192.168.1.2/24,6
20201019201656,192.168.1.2/24,91
20201019201658,10.20.30.2/16,8
20201019201700,10.77.1.2/24,7
20201019201701,192.168.1.2/24,-
20201019201703,10.20.30.1/16,-
20201019201704,10.77.1.1/24,7
20201019201705,10.20.30.1/16,79
20201019201706,10.77.1.2/24,8
20201019201708,10.20.30.1/16,5
20201019201710,10.77.1.2/24,9
20201019201711,10.77.1.1/24,54
20201019201712,10.20.30.1/16,15
20201019201713,10.20.30.2/16,8
20201019201714,192.168.1.2/24,9
20201019201715,10.77.1.1/24,4
20201019201716,192.168.1.1/24,-
20201019201718,10.20.30.1/16,1
20201019201719,10.77.1.2/24,5
20201019201720,10.20.30.2/16,43
20201019201721,10.20.30.2/16,7
20201019201722,10.77.1.2/24,2
20201019201723,10.77.1.2/24,4
20201019201724,10.20.30.1/16,9
20201019201725,10.20.30.2/16,13
20201019201726,192.168.1.1/24,-
20201019201728,192.168.1.2/24,1
20201019201730,192.168.1.2/24,8
20201019201732,192.168.1.2/24,16
20201019201733,10.77.1.1/24,33
20201019201734,10.77.1.2/24,7
20201019201735,10.77.1.1/24,2
20201019201736,10.20.30.1/16,6
20201019201737,10.20.30.2/16,-
20201019201738,10.20.30.2/16,26
20201019201739,10.20.30.2/16,55
20201019201740,192.168.1.2/24,3
20201019201742,192.168.1.1/24,-
20201019201743,192.168.1.1/24,5
20201019201744,192.168.1.1/24,22
20201019201745,192.168.1.2/24,-
20201019201746,10.77.1.1/24,94
20201019201747,192.168.1.1/24,-
20201019201748,192.168.1.1/24,3
20201019201749,10.20.30.2/16,-
20201019201750,10.77.1.1/24,-
20201019201752,192.168.1.2/24,-
20201019201754,192.168.1.1/24,2
20201019201755,10.77.1.2/24,8
20201019201756,10.20.30.2/16,74
20201019201757,10.77.1.2/24,-
20201019201759,10.77.1.1/24,38
20201019201800,10.20.30.1/16,4
20201019201801,192.168.1.2/24,8
20201019201802,10.77.1.1/24,1
20201019201803,192.168.1.1/24,5
20201019201804,192.168.1.2/24,-
20201019201805,10.20.30.1/16,-
20201019201806,10.20.30.2/16,-
20201019201807,10.77.1.2/24,5
20201019201808,10.20.30.1/16,8
20201019201810,10.77.1.1/24,-
20201019201811,10.77.1.2/24,-
20201019201813,192.168.1.2/24,38
20201019201814,10.77.1.2/24,8
20201019201815,10.77.1.2/24,-
20201019201816,10.20.30.2/16,3
20201019201817,10.77.1.2/24,-
20201019201818,10.77.1.2/24,-
20201019201819,10.77.1.1/24,4
20201019201820,10.20.30.2/16,8
20201019201821,10.77.1.2/24,3
20201019201822,10.77.1.1/24,37
20201019201824,10.20.30.1/16,4
20201019201825,10.77.1.2/24,18
20201019201826,10.77.1.2/24,20
20201019201827,10.20.30.2/16,80
20201019201828,10.77.1.1/24,7
20201019201829,10.20.30.1/16,85
20201019201830,10.77.1.1/24,13
20201019201832,192.168.1.2/24,98
20201019201833,192.168.1.1/24,-
20201019201835,10.20.30.2/16,70
20201019201836,10.77.1.1/24,5
20201019201837,10.77.1.2/24,-
20201019201838,10.77.1.2/24,3
20201019201840,10.77.1.2/24,5
20201019201841,10.20.30.2/16,6
20201019201842,10.77.1.2/24,3
20201019201843,10.77.1.2/24,5
20201019201844,10.20.30.1/16,1
20201019201845,10.20.30.2/16,3
20201019201846,192.168.1.1/24,2
20201019201848,192.168.1.1/24,6
20201019201849,10.20.30.2/16,4
20201019201851,192.168.1.1/24,-
20201019201852,10.20.30.2/16,-
20201019201853,10.20.30.1/16,72
20201019201854,192.168.1.1/24,-
20201019201856,10.77.1.2/24,-
20201019201857,192.168.1.2/24,8
20201019201858,10.20.30.2/16,27
20201019201859,192.168.1.1/24,5
20201019201900,10.20.30.2/16,1
20201019201901,10.20.30.1/16,-
20201019201902,10.77.1.2/24,3
20201019201903,10.20.30.1/16,3
20201019201904,192.168.1.1/24,6
20201019201905,192.168.1.2/24,1
20201019201906,10.77.1.2/24,8
20201019201907,10.20.30.1/16,-
20201019201908,192.168.1.1/24,-
20201019201910,192.168.1.2/24,9
20201019201911,192.168.1.2/24,5
20201019201912,10.20.30.2/16,10
20201019201913,192.168.1.1/24,1
20201019201914,10.20.30.1/16,4
20201019201915,192.168.1.2/24,9
20201019201916,10.20.30.2/16,5
20201019201917,10.20.30.2/16,62
20201019201918,10.20.30.1/16,32
20201019201919,10.20.30.1/16,3
20201019201920,192.168.1.1/24,-
20201019201921,192.168.1.2/24,4
20201019201922,10.77.1.1/24,2
20201019201923,10.77.1.1/24,1
20201019201924,10.77.1.2/24,15
20201019201925,10.77.1.1/24,9
20201019201926,10.20.30.1/16,22
20201019201927,10.20.30.2/16,-
20201019201928,10.77.1.1/24,5
20201019201929,192.168.1.1/24,6
20201019201930,192.168.1.1/24,6
20201019201931,10.20.30.2/16,15
20201019201932,10.77.1.2/24,64
20201019201933,10.20.30.1/16,2
20201019201935,10.20.30.1/16,2
20201019201936,10.77.1.2/24,5
20201019201937,10.20.30.1/16,13
20201019201938,192.168.1.2/24,93
20201019201940,10.77.1.2/24,76
20201019201941,192.168.1.2/24,-
20201019201942,10.77.1.1/24,2
20201019201943,192.168.1.1/24,88
20201019201944,192.168.1.1/24,2
20201019201945,10.20.30.1/16,11
20201019201947,192.168.1.1/24,39
20201019201949,10.20.30.2/16,-
20201019201950,10.77.1.1/24,57
20201019201951,192.168.1.2/24,-
20201019201952,10.20.30.1/16,77
20201019201953,192.168.1.1/24,3
20201019201955,10.77.1.2/24,2
20201019201956,10.77.1.2/24,92
20201019201957,192.168.1.1/24,41
20201019201958,10.77.1.1/24,7
20201019201959,10.77.1.1/24,-
20201019202000,192.168.1.2/24,4
20201019202002,10.20.30.2/16,96
20201019202004,10.20.30.2/16,19
20201019202005,10.20.30.2/16,6
20201019202007,192.168.1.1/24,-
20201019202008,10.77.1.2/24,-
20201019202009,10.20.30.1/16,12
20201019202011,192.168.1.2/24,52
20201019202013,10.20.30.2/16,2
20201019202015,10.20.30.2/16,-
20201019202016,192.168.1.2/24,-
20201019202017,10.20.30.1/16,-
20201019202018,192.168.1.1/24,-
20201019202019,10.77.1.2/24,15
20201019202020,10.20.30.1/16,9
20201019202021,10.77.1.2/24,8
20201019202022,10.77.1.1/24,5
20201019202023,10.77.1.1/24,9
20201019202024,10.77.1.2/24,1
20201019202025,192.168.1.1/24,-
20201019202026,10.20.30.2/16,45
20201019202027,192.168.1.1/24,-
20201019202028,192.168.1.2/24,9
20201019202029,192.168.1.1/24,-
20201019202030,10.20.30.2/16,69
20201019202031,10.77.1.1/24,8
20201019202032,10.77.1.1/24,-
20201019202034,10.77.1.2/24,7
20201019202035,192.168.1.2/24,8
20201019202036,10.77.1.1/24,3
20201019202038,192.168.1.2/24,-
20201019202039,10.20.30.1/16,7
20201019202040,192.168.1.2/24,8
20201019202041,10.20.30.2/16,4
20201019202043,192.168.1.1/24,13
20201019202044,10.77.1.1/24,8
20201019202046,10.20.30.2/16,7
20201019202047,192.168.1.1/24,1
20201019202048,10.77.1.2/24,-
20201019202049,192.168.1.2/24,7
20201019202050,10.77.1.1/24,-
20201019202051,10.20.30.1/16,-
20201019202053,10.20.30.1/16,20
20201019202054,10.77.1.2/24,9
20201019202055,10.20.30.2/16,51
20201019202056,10.77.1.2/24,5
20201019202057,10.20.30.1/16,-
20201019202058,192.168.1.1/24,-
20201019202059,192.168.1.2/24,4
20201019202100,10.77.1.1/24,-
20201019202101,10.20.30.2/16,-
20201019202102,10.20.30.1/16,48
20201019202103,10.77.1.2/24,4
20201019202104,10.20.30.1/16,6
20201019202105,10.77.1.2/24,-
20201019202106,10.20.30.2/16,7
20201019202107,10.20.30.1/16,9
20201019202108,10.77.1.2/24,5
20201019202110,192.168.1.1/24,1
20201019202111,192.168.1.1/24,-
20201019202112,10.77.1.1/24,10
20201019202113,10.20.30.1/16,29
20201019202114,10.77.1.1/24,2
20201019202116,10.20.30.2/16,-
20201019202117,192.168.1.1/24,8
20201019202119,10.77.1.2/24,-
20201019202120,192.168.1.1/24,5
20201019202121,192.168.1.2/24,-
20201019202122,192.168.1.1/24,30
20201019202124,192.168.1.2/24,6
20201019202125,10.20.30.1/16,1
20201019202126,10.20.30.2/16,43
20201019202127,10.20.30.1/16,-
20201019202129,10.20.30.1/16,87
20201019202130,10.20.30.1/16,9
20201019202131,10.20.30.1/16,6
20201019202133,10.77.1.2/24,9
20201019202134,192.168.1.2/24,9
20201019202136,192.168.1.1/24,9
20201019202137,10.20.30.1/16,9
20201019202138,10.20.30.1/16,4
20201019202139,10.20.30.2/16,47
20201019202141,192.168.1.2/24,6
20201019202142,10.77.1.2/24,-
20201019202143,192.168.1.1/24,9
20201019202144,10.20.30.1/16,2
20201019202145,10.20.30.1/16,3
20201019202146,192.168.1.2/24,-
20201019202147,192.168.1.2/24,93
20201019202148,10.77.1.2/24,15
20201019202149,10.77.1.1/24,1
20201019202150,10.77.1.2/24,1
20201019202152,10.20.30.2/16,90
20201019202153,10.77.1.1/24,5
20201019202154,10.20.30.2/16,67
20201019202156,10.20.30.1/16,-
20201019202157,10.20.30.2/16,5
20201019202158,192.168.1.1/24,78
20201019202200,10.77.1.1/24,-
20201019202201,10.20.30.2/16,7
20201019202202,10.77.1.2/24,8
20201019202203,192.168.1.1/24,-
20201019202204,192.168.1.2/24,5
20201019202205,192.168.1.2/24,23
20201019202206,192.168.1.2/24,-
20201019202207,192.168.1.2/24,5
20201019202208,192.168.1.1/24,67
20201019202210,10.77.1.1/24,3
20201019202211,10.77.1.2/24,7
20201019202212,10.20.30.2/16,7
20201019202214,192.168.1.1/24,8
20201019202215,10.20.30.2/16,9
20201019202216,10.77.1.1/24,99
20201019202218,192.168.1.2/24,9
20201019202219,10.77.1.1/24,4
20201019202220,10.77.1.2/24,25
20201019202221,10.77.1.2/24,95
20201019202222,192.168.1.1/24,-
20201019202223,192.168.1.2/24,1
20201019202224,10.77.1.1/24,-
20201019202225,10.20.30.1/16,2
20201019202226,192.168.1.2/24,8
20201019202227,10.20.30.2/16,3
20201019202228,10.77.1.1/24,5
20201019202230,10.20.30.2/16,6
20201019202231,10.77.1.2/24,91
20201019202232,10.77.1.2/24,43
20201019202233,10.20.30.1/16,7
20201019202234,10.20.30.1/16,5
20201019202235,10.20.30.2/16,-
20201019202236,10.77.1.1/24,5
20201019202237,10.20.30.2/16,4
20201019202238,10.77.1.1/24,6
20201019202239,10.20.30.2/16,8
20201019202240,10.77.1.1/24,8
20201019202241,10.77.1.2/24,5
20201019202242,10.77.1.2/24,99
20201019202243,10.20.30.2/16,41
20201019202245,10.20.30.2/16,6
20201019202247,192.168.1.1/24,3
20201019202248,10.20.30.2/16,55
20201019202249,10.20.30.1/16,3
20201019202250,10.77.1.2/24,12
20201019202251,192.168.1.2/24,11
20201019202252,192.168.1.1/24,3
20201019202254,10.77.1.2/24,9
20201019202255,10.20.30.2/16,6
20201019202256,10.77.1.1/24,2
20201019202257,10.77.1.2/24,17
20201019202258,10.77.1.2/24,5
20201019202300,10.77.1.2/24,43
20201019202301,192.168.1.2/24,8
20201019202302,192.168.1.2/24,6
20201019202303,192.168.1.1/24,68
20201019202304,10.77.1.2/24,6
20201019202305,192.168.1.2/24,76
20201019202306,192.168.1.2/24,5
20201019202307,10.20.30.1/16,31
20201019202308,192.168.1.2/24,1
20201019202309,10.77.1.2/24,9
20201019202310,10.20.30.1/16,-
20201019202311,192.168.1.1/24,2
20201019202312,10.20.30.2/16,10
20201019202313,10.77.1.1/24,-
20201019202315,192.168.1.1/24,83
20201019202316,192.168.1.2/24,10
20201019202317,10.20.30.2/16,21
20201019202318,10.77.1.2/24,-
20201019202319,10.20.30.2/16,27
20201019202320,10.20.30.2/16,-
20201019202322,10.20.30.2/16,6
20201019202323,10.20.30.2/16,2
20201019202325,10.20.30.1/16,-
20201019202326,10.77.1.2/24,-
20201019202327,192.168.1.1/24,5
20201019202328,10.77.1.2/24,5
20201019202329,10.77.1.1/24,85
20201019202331,10.77.1.2/24,7
20201019202333,10.77.1.1/24,-
20201019202335,10.20.30.1/16,1
20201019202336,10.20.30.1/16,6
20201019202338,192.168.1.1/24,6
20201019202339,10.20.30.1/16,-
20201019202341,10.20.30.2/16,-
20201019202342,10.77.1.2/24,6
20201019202344,10.20.30.2/16,19
20201019202345,192.168.1.2/24,6
20201019202346,192.168.1.2/24,2
20201019202348,10.77.1.1/24,1
20201019202349,192.168.1.1/24,7
20201019202350,192.168.1.1/24,-
20201019202351,10.20.30.2/16,-
20201019202352,10.20.30.2/16,2
20201019202353,10.20.30.1/16,-
20201019202354,192.168.1.1/24,8
20201019202355,192.168.1.2/24,5
20201019202356,10.77.1.1/24,6
20201019202357,10.77.1.2/24,1
20201019202359,10.20.30.2/16,1
20201019202400,10.20.30.1/16,5
20201019202401,192.168.1.2/24,44
20201019202402,192.168.1.2/24,6
20201019202404,10.20.30.1/16,14
20201019202405,192.168.1.1/24,1
20201019202406,192.168.1.1/24,8
20201019202407,10.20.30.1/16,-
20201019202408,10.20.30.2/16,48
20201019202409,10.77.1.2/24,-
20201019202411,192.168.1.2/24,-
20201019202413,10.20.30.1/16,7
20201019202414,10.77.1.1/24,3
20201019202416,10.77.1.2/24,-
20201019202417,192.168.1.1/24,5
20201019202419,10.20.30.2/16,-
20201019202420,10.20.30.2/16,5
20201019202422,192.168.1.1/24,8
20201019202423,10.77.1.1/24,4
20201019202424,10.20.30.1/16,-
20201019202426,10.20.30.2/16,-
20201019202427,192.168.1.1/24,-
20201019202428,10.77.1.1/24,7
20201019202429,10.77.1.1/24,-
20201019202431,192.168.1.1/24,64
20201019202432,10.77.1.1/24,-
20201019202434,10.20.30.2/16,4
20201019202436,10.20.30.2/16,6
20201019202437,10.20.30.1/16,-
20201019202438,192.168.1.1/24,3
20201019202439,10.20.30.1/16,18
20201019202440,192.168.1.1/24,1
20201019202442,10.20.30.1/16,-
20201019202443,192.168.1.1/24,8
20201019202444,10.77.1.2/24,-
20201019202445,10.20.30.1/16,5
20201019202447,10.77.1.2/24,3
20201019202448,192.168.1.2/24,20
20201019202450,10.77.1.1/24,7
20201019202451,10.20.30.1/16,88
20201019202452,10.77.1.1/24,6
20201019202453,192.168.1.1/24,-
20201019202455,10.77.1.1/24,6
20201019202457,10.77.1.2/24,-
20201019202458,192.168.1.2/24,9
20201019202500,192.168.1.1/24,7
20201019202502,192.168.1.2/24,2
20201019202503,192.168.1.1/24,2
20201019202504,10.77.1.2/24,-
20201019202505,10.20.30.1/16,-
20201019202506,10.77.1.2/24,-
20201019202507,10.20.30.2/16,4
20201019202508,10.20.30.1/16,-
20201019202510,10.77.1.1/24,-
20201019202511,192.168.1.2/24,4
20201019202512,192.168.1.1/24,6
20201019202513,10.77.1.2/24,36
20201019202514,10.20.30.1/16,6
20201019202515,10.77.1.1/24,-
20201019202516,192.168.1.1/24,-
20201019202518,10.20.30.2/16,8
20201019202519,10.77.1.2/24,8
20201019202521,192.168.1.2/24,8
20201019202522,192.168.1.1/24,-
20201019202523,192.168.1.1/24,9
20201019202524,10.20.30.1/16,8
20201019202525,192.168.1.1/24,5
20201019202526,10.77.1.1/24,-
20201019202527,10.20.30.2/16,-
20201019202528,10.20.30.1/16,-
20201019202529,10.77.1.2/24,34
20201019202530,10.77.1.1/24,-
20201019202532,10.77.1.2/24,9
20201019202533,192.168.1.1/24,10
20201019202534,10.77.1.2/24,6
20201019202536,192.168.1.1/24,15
20201019202537,10.20.30.1/16,65
20201019202538,10.20.30.2/16,7
20201019202539,192.168.1.1/24,89
20201019202541,10.77.1.2/24,96
20201019202542,10.77.1.2/24,16
20201019202543,10.77.1.2/24,-
20201019202545,192.168.1.2/24,5
20201019202546,10.77.1.1/24,8
20201019202548,192.168.1.2/24,-
20201019202549,10.77.1.1/24,1
20201019202550,192.168.1.1/24,6
20201019202552,192.168.1.1/24,-
20201019202553,192.168.1.1/24,-
20201019202554,10.77.1.1/24,3
20201019202555,10.77.1.1/24,9
20201019202556,192.168.1.1/24,67
20201019202557,10.77.1.2/24,1
20201019202559,10.20.30.1/16,9
20201019202600,10.20.30.2/16,10
20201019202601,10.77.1.1/24,8
20201019202602,10.20.30.1/16,4
20201019202603,10.77.1.1/24,-
20201019202604,192.168.1.1/24,6
20201019202606,192.168.1.2/24,94
20201019202608,192.168.1.2/24,9
20201019202609,10.77.1.2/24,25
20201019202610,10.77.1.1/24,8
20201019202611,192.168.1.2/24,-
20201019202612,10.20.30.1/16,28
20201019202613,192.168.1.1/24,3
20201019202614,10.20.30.2/16,5
20201019202615,10.20.30.1/16,-
20201019202616,10.20.30.1/16,21
20201019202618,10.77.1.1/24,9
20201019202620,10.20.30.1/16,-
20201019202621,192.168.1.2/24,7
20201019202622,192.168.1.1/24,0
20201019202624,10.20.30.1/16,2
20201019202625,10.77.1.1/24,2
20201019202626,10.20.30.1/16,24
20201019202627,10.20.30.1/16,45
20201019202629,10.20.30.1/16,9
20201019202631,10.77.1.2/24,-
20201019202633,10.20.30.2/16,-
20201019202634,192.168.1.2/24,-
20201019202635,10.20.30.2/16,-
20201019202637,10.77.1.2/24,-
20201019202638,10.77.1.2/24,6
20201019202639,10.20.30.1/16,2
20201019202640,192.168.1.2/24,-
20201019202641,10.77.1.1/24,9
20201019202642,10.77.1.1/24,-
20201019202643,10.77.1.2/24,91
20201019202644,10.77.1.2/24,22
20201019202645,10.20.30.1/16,8
20201019202646,10.77.1.2/24,55
20201019202648,10.20.30.1/16,2
20201019202649,192.168.1.1/24,6
20201019202650,10.77.1.2/24,7
20201019202651,10.20.30.2/16,-
20201019202652,192.168.1.1/24,-
20201019202653,10.20.30.2/16,77
20201019202654,10.77.1.1/24,9
20201019202655,10.77.1.2/24,-
20201019202657,10.77.1.2/24,-
20201019202658,192.168.1.1/24,-
20201019202659,10.20.30.2/16,48
20201019202700,10.77.1.1/24,8
20201019202701,192.168.1.2/24,4
20201019202702,10.20.30.1/16,-
20201019202703,192.168.1.1/24,-
20201019202704,10.77.1.1/24,9
20201019202705,10.20.30.2/16,29
20201019202706,192.168.1.1/24,5
20201019202708,10.20.30.1/16,21
20201019202709,10.77.1.2/24,-
20201019202710,10.20.30.2/16,-
20201019202711,192.168.1.1/24,8
20201019202712,10.77.1.1/24,8
20201019202713,10.77.1.1/24,1
20201019202714,192.168.1.2/24,4
20201019202715,10.77.1.2/24,-
20201019202717,10.20.30.1/16,6
20201019202718,192.168.1.1/24,-
20201019202719,10.20.30.2/16,9
20201019202720,192.168.1.2/24,4
20201019202721,192.168.1.2/24,1
20201019202722,10.20.30.1/16,6
20201019202723,192.168.1.1/24,1
20201019202724,10.20.30.2/16,-
20201019202725,10.20.30.2/16,1
20201019202726,10.20.30.2/16,2
20201019202727,10.20.30.1/16,-
20201019202729,10.77.1.2/24,5
20201019202730,192.168.1.1/24,-
20201019202731,10.20.30.1/16,9
20201019202732,10.20.30.1/16,6
20201019202733,10.77.1.1/24,26
20201019202734,10.20.30.2/16,-
20201019202735,10.20.30.1/16,5
20201019202736,192.168.1.1/24,9
20201019202738,10.20.30.2/16,3
20201019202739,10.20.30.2/16,7
20201019202740,10.20.30.1/16,2
20201019202741,10.20.30.1/16,-
20201019202742,10.77.1.1/24,4
20201019202743,192.168.1.2/24,-
20201019202745,10.77.1.2/24,7
20201019202747,192.168.1.1/24,7
20201019202748,10.20.30.1/16,4
20201019202750,192.168.1.2/24,9
20201019202751,192.168.1.2/24,6
20201019202752,192.168.1.1/24,-
20201019202753,192.168.1.2/24,4
20201019202755,10.20.30.2/16,-
20201019202756,10.77.1.2/24,8
20201019202757,192.168.1.1/24,9
20201019202758,192.168.1.2/24,9
20201019202800,10.77.1.1/24,28
20201019202801,10.77.1.2/24,1
20201019202802,192.168.1.1/24,7
20201019202803,10.77.1.2/24,-
20201019202804,192.168.1.1/24,6
20201019202805,10.77.1.2/24,6
20201019202806,10.20.30.2/16,7
20201019202808,192.168.1.2/24,38
20201019202810,10.20.30.1/16,57
20201019202811,10.20.30.2/16,6
20201019202812,10.20.30.2/16,5
20201019202813,192.168.1.2/24,-
20201019202815,10.77.1.2/24,7
20201019202816,10.77.1.2/24,8
20201019202817,192.168.1.1/24,-
20201019202818,10.77.1.2/24,2
20201019202820,10.77.1.2/24,36
20201019202821,10.77.1.2/24,67
20201019202822,10.77.1.1/24,-
20201019202823,192.168.1.1/24,3
20201019202824,10.77.1.2/24,5
20201019202825,10.77.1.2/24,6
20201019202826,10.77.1.1/24,-
20201019202827,10.20.30.2/16,9
20201019202828,192.168.1.2/24,8
20201019202829,10.77.1.1/24,5
20201019202831,10.77.1.1/24,7
20201019202833,10.77.1.1/24,4
20201019202834,192.168.1.1/24,98
20201019202835,192.168.1.2/24,-
20201019202836,10.77.1.1/24,2
20201019202837,192.168.1.1/24,8
20201019202838,192.168.1.1/24,4
20201019202839,192.168.1.1/24,1
20201019202840,10.20.30.1/16,69
20201019202842,10.77.1.2/24,36
20201019202843,10.77.1.1/24,-
20201019202844,10.77.1.1/24,3
20201019202845,192.168.1.2/24,6
20201019202846,10.20.30.2/16,8
20201019202847,10.77.1.2/24,32
20201019202848,192.168.1.1/24,8
20201019202850,192.168.1.1/24,4
20201019202851,10.20.30.2/16,12
20201019202852,10.20.30.2/16,96
20201019202853,10.20.30.1/16,44
20201019202854,10.77.1.2/24,8
20201019202855,10.20.30.1/16,9
20201019202857,10.20.30.2/16,-
20201019202858,10.77.1.1/24,2
20201019202859,10.20.30.2/16,65
20201019202900,10.20.30.2/16,13
20201019202901,10.77.1.1/24,7
20201019202902,10.77.1.1/24,4
20201019202903,10.77.1.2/24,4
20201019202904,10.77.1.2/24,1
20201019202905,10.77.1.1/24,-
20201019202906,10.77.1.1/24,4
20201019202907,10.20.30.1/16,-
20201019202909,192.168.1.1/24,16
20201019202910,10.20.30.1/16,8
20201019202911,10.20.30.2/16,98
20201019202912,10.77.1.1/24,9
20201019202913,10.20.30.1/16,4
20201019202914,192.168.1.2/24,9
20201019202915,192.168.1.1/24,21
20201019202916,10.77.1.1/24,-
20201019202917,10.20.30.1/16,94
20201019202918,10.20.30.1/16,11
20201019202919,10.77.1.2/24,-
20201019202921,10.77.1.1/24,4
20201019202923,10.77.1.2/24,8
20201019202925,10.77.1.2/24,1
20201019202927,192.168.1.2/24,5
20201019202928,10.77.1.2/24,8
20201019202929,10.20.30.1/16,81
20201019202930,10.20.30.1/16,-
20201019202931,192.168.1.2/24,42
20201019202932,192.168.1.1/24,9
20201019202934,192.168.1.1/24,2
20201019202935,192.168.1.2/24,9
20201019202936,10.77.1.2/24,4
20201019202937,192.168.1.2/24,-
20201019202938,10.20.30.1/16,-
20201019202939,192.168.1.2/24,-
20201019202940,192.168.1.1/24,1
20201019202941,10.20.30.1/16,19
20201019202942,10.77.1.2/24,13
20201019202943,10.77.1.2/24,-
20201019202945,10.77.1.1/24,3
20201019202946,10.77.1.2/24,8
20201019202947,192.168.1.1/24,1
20201019202948,10.77.1.2/24,-
20201019202949,10.20.30.1/16,11
20201019202950,10.77.1.2/24,1
20201019202951,192.168.1.2/24,-
20201019202952,10.20.30.1/16,5
20201019202953,10.77.1.2/24,-
20201019202954,10.77.1.1/24,7
20201019202956,10.20.30.1/16,9
20201019202958,10.77.1.2/24,7
20201019202959,192.168.1.1/24,4
20201019203000,192.168.1.2/24,9
20201019203001,10.77.1.2/24,1
20201019203003,10.77.1.2/24,2
20201019203005,192.168.1.2/24,6
20201019203007,10.20.30.2/16,10
20201019203008,10.77.1.2/24,2
20201019203009,10.77.1.1/24,3
20201019203010,10.77.1.2/24,-
20201019203011,192.168.1.2/24,20
20201019203013,10.77.1.2/24,34
20201019203014,10.20.30.2/16,5
20201019203015,10.77.1.2/24,3
20201019203017,192.168.1.2/24,9
20201019203018,192.168.1.1/24,9
20201019203019,192.168.1.1/24,8
20201019203020,10.77.1.1/24,2
20201019203021,10.77.1.1/24,12
20201019203022,10.20.30.2/16,8
20201019203023,10.77.1.1/24,3
20201019203024,192.168.1.2/24,-
20201019203026,10.77.1.2/24,12
20201019203027,10.20.30.2/16,18
20201019203028,10.20.30.2/16,49
20201019203029,10.77.1.1/24,1
20201019203030,10.77.1.2/24,5
20201019203031,10.77.1.1/24,3
20201019203032,10.77.1.2/24,-
20201019203033,10.20.30.2/16,22
20201019203034,192.168.1.1/24,8
20201019203035,10.20.30.2/16,3
20201019203036,10.20.30.2/16,7
20201019203037,10.20.30.1/16,5
20201019203038,10.77.1.2/24,92
20201019203040,10.77.1.1/24,-
20201019203042,10.77.1.2/24,-
20201019203043,10.20.30.2/16,20
20201019203044,10.77.1.1/24,17
20201019203045,10.20.30.2/16,-
20201019203046,10.20.30.2/16,-
20201019203047,10.20.30.1/16,4
20201019203048,192.168.1.1/24,3
20201019203049,10.20.30.2/16,4
20201019203051,192.168.1.2/24,7
20201019203052,10.20.30.1/16,8
20201019203053,192.168.1.2/24,31
20201019203054,192.168.1.2/24,1
20201019203056,192.168.1.2/24,3
20201019203057,10.77.1.2/24,-
20201019203059,10.77.1.1/24,-
20201019203100,10.77.1.2/24,4
20201019203102,10.77.1.1/24,5
20201019203104,10.20.30.1/16,14
20201019203105,10.77.1.2/24,8
20201019203107,10.20.30.2/16,5
20201019203108,192.168.1.2/24,8
20201019203109,10.20.30.2/16,5
20201019203110,192.168.1.2/24,12
20201019203111,10.77.1.2/24,-
20201019203112,10.20.30.2/16,8
20201019203113,10.20.30.2/16,1
20201019203114,10.77.1.1/24,7
20201019203115,10.77.1.1/24,7
20201019203116,10.20.30.1/16,6
20201019203117,10.20.30.2/16,4
20201019203118,192.168.1.2/24,7
20201019203119,10.77.1.2/24,73
20201019203120,10.20.30.1/16,-
20201019203121,10.20.30.2/16,3
20201019203123,10.77.1.1/24,68
20201019203124,10.77.1.1/24,8
20201019203125,10.77.1.1/24,33
20201019203126,10.77.1.1/24,-
20201019203127,10.20.30.2/16,16
20201019203128,10.77.1.2/24,7
20201019203130,10.20.30.1/16,2
20201019203132,192.168.1.2/24,3
20201019203133,10.77.1.2/24,5
20201019203134,10.77.1.2/24,4
20201019203136,10.77.1.1/24,8
20201019203137,192.168.1.1/24,7
20201019203138,192.168.1.2/24,2
20201019203139,10.20.30.2/16,88
20201019203140,10.77.1.2/24,2
20201019203141,10.20.30.1/16,88
20201019203142,10.20.30.2/16,8
20201019203144,10.20.30.1/16,7
20201019203145,10.20.30.2/16,-
20201019203146,192.168.1.1/24,6
20201019203147,10.77.1.1/24,-
20201019203149,192.168.1.2/24,9
20201019203150,192.168.1.1/24,-
20201019203151,192.168.1.2/24,14
20201019203152,10.20.30.1/16,57
20201019203153,10.20.30.2/16,76
20201019203155,10.77.1.1/24,-
20201019203156,10.77.1.2/24,34
20201019203157,10.77.1.2/24,-
20201019203158,192.168.1.1/24,-
20201019203159,10.20.30.1/16,59
20201019203200,192.168.1.2/24,-
20201019203201,10.20.30.2/16,6
20201019203202,10.20.30.2/16,5
20201019203204,10.20.30.2/16,-
20201019203206,10.20.30.2/16,61
20201019203208,192.168.1.2/24,50
20201019203209,10.20.30.2/16,90
20201019203210,10.77.1.1/24,11
20201019203211,192.168.1.1/24,0
20201019203212,10.77.1.2/24,5
20201019203213,192.168.1.1/24,66
20201019203215,10.20.30.2/16,4
20201019203216,192.168.1.2/24,65
20201019203217,10.20.30.2/16,5
20201019203219,10.77.1.1/24,5
20201019203221,10.77.1.1/24,95
20201019203222,10.20.30.2/16,-
20201019203223,10.77.1.2/24,7
20201019203224,10.77.1.2/24,2
20201019203225,10.20.30.1/16,-
20201019203226,192.168.1.2/24,80
20201019203227,192.168.1.2/24,70
20201019203228,10.77.1.1/24,9
20201019203229,10.20.30.1/16,57
20201019203231,10.20.30.1/16,5
20201019203233,192.168.1.2/24,32
20201019203234,10.20.30.2/16,1
20201019203236,192.168.1.1/24,8
20201019203237,192.168.1.1/24,5
20201019203239,10.20.30.2/16,-
20201019203240,10.77.1.1/24,9
20201019203241,192.168.1.2/24,7
20201019203242,10.77.1.2/24,21
20201019203243,192.168.1.1/24,2
20201019203244,10.77.1.1/24,-
20201019203245,10.77.1.1/24,7
20201019203246,10.20.30.2/16,4
20201019203247,192.168.1.1/24,65
20201019203248,192.168.1.1/24,1
20201019203250,10.77.1.2/24,8
20201019203251,192.168.1.2/24,19
20201019203253,10.20.30.1/16,-
20201019203254,192.168.1.1/24,2
20201019203256,10.77.1.2/24,-
20201019203257,10.20.30.2/16,-
20201019203258,192.168.1.1/24,2
20201019203259,192.168.1.2/24,4
20201019203300,10.77.1.1/24,40
20201019203301,10.77.1.2/24,-
20201019203302,10.20.30.2/16,4
20201019203303,192.168.1.1/24,-
20201019203304,10.77.1.2/24,-
20201019203305,10.77.1.2/24,-
20201019203306,10.20.30.1/16,43
20201019203307,10.20.30.2/16,-
20201019203308,192.168.1.2/24,3
20201019203310,192.168.1.1/24,-
20201019203312,192.168.1.2/24,-
20201019203313,10.77.1.2/24,-
20201019203314,192.168.1.2/24,1
20201019203316,10.20.30.1/16,9
20201019203317,10.77.1.1/24,9
20201019203318,10.77.1.2/24,5
20201019203319,10.20.30.1/16,10
20201019203320,10.77.1.1/24,7
20201019203321,10.20.30.1/16,9
20201019203322,10.77.1.1/24,-
20201019203323,192.168.1.1/24,6
20201019203324,10.20.30.2/16,7
20201019203325,10.77.1.2/24,6
20201019203327,10.20.30.1/16,9
20201019203329,10.77.1.2/24,8
20201019203331,10.77.1.1/24,3
20201019203332,10.77.1.2/24,-
20201019203334,10.20.30.2/16,9
20201019203336,10.77.1.2/24,8
20201019203337,192.168.1.1/24,2
20201019203338,10.20.30.2/16,36
20201019203339,10.77.1.1/24,4
20201019203340,10.77.1.2/24,84
20201019203341,10.20.30.1/16,10
20201019203342,10.77.1.2/24,3
20201019203344,10.77.1.1/24,-
20201019203345,10.77.1.1/24,-
20201019203346,10.77.1.1/24,4
20201019203347,10.20.30.2/16,8
20201019203348,10.20.30.1/16,5
20201019203349,192.168.1.2/24,2
20201019203350,10.77.1.1/24,99
20201019203351,10.20.30.1/16,7
20201019203352,10.20.30.2/16,8
20201019203353,10.20.30.1/16,3
20201019203354,192.168.1.2/24,9
20201019203356,10.77.1.1/24,-
20201019203357,192.168.1.2/24,3
20201019203358,10.77.1.2/24,28
20201019203359,10.77.1.1/24,8
20201019203401,10.20.30.1/16,4
20201019203403,10.77.1.1/24,-
20201019203404,10.77.1.1/24,9
20201019203406,10.77.1.1/24,3
20201019203407,10.77.1.2/24,-
20201019203408,10.20.30.1/16,-
20201019203410,10.20.30.2/16,4
20201019203411,192.168.1.1/24,4
20201019203412,10.77.1.1/24,25
20201019203413,10.77.1.2/24,-
20201019203414,192.168.1.2/24,-
20201019203415,192.168.1.2/24,-
20201019203417,10.77.1.1/24,8
20201019203418,10.20.30.1/16,8
20201019203420,10.20.30.2/16,9
20201019203421,10.20.30.2/16,13
20201019203422,10.77.1.1/24,-
20201019203424,10.77.1.2/24,-
20201019203425,10.20.30.2/16,9
20201019203426,10.77.1.1/24,26
20201019203427,10.77.1.2/24,8
20201019203428,192.168.1.2/24,3
20201019203429,10.77.1.2/24,22
20201019203431,10.77.1.2/24,1
20201019203433,10.77.1.1/24,6
20201019203434,10.20.30.2/16,2
20201019203435,192.168.1.2/24,85
20201019203436,10.20.30.2/16,-
20201019203437,192.168.1.1/24,5
20201019203438,10.20.30.1/16,5
20201019203439,10.20.30.2/16,-
20201019203441,10.20.30.2/16,43
20201019203442,10.20.30.2/16,-
20201019203443,10.77.1.2/24,1
20201019203444,10.20.30.1/16,9
20201019203445,10.77.1.1/24,5
20201019203446,10.77.1.2/24,6
20201019203447,192.168.1.1/24,9
20201019203448,192.168.1.1/24,5
20201019203450,10.77.1.1/24,-
20201019203452,10.20.30.1/16,64
20201019203453,10.20.30.2/16,4
20201019203454,10.77.1.2/24,-
20201019203455,10.77.1.2/24,6
20201019203456,192.168.1.2/24,10
20201019203457,10.77.1.1/24,70
20201019203458,10.20.30.2/16,-
20201019203459,10.20.30.1/16,39
20201019203501,10.77.1.1/24,2
20201019203502,10.77.1.2/24,70
20201019203504,10.20.30.2/16,7
20201019203506,10.77.1.2/24,6
20201019203507,10.20.30.1/16,33
20201019203509,10.20.30.2/16,-
20201019203510,10.20.30.1/16,-
20201019203511,192.168.1.2/24,4
20201019203512,10.20.30.2/16,8
20201019203513,10.77.1.2/24,55
20201019203515,10.20.30.1/16,67
20201019203517,192.168.1.2/24,72
20201019203518,10.20.30.1/16,-
20201019203519,10.77.1.1/24,9
20201019203520,192.168.1.2/24,44
20201019203522,10.77.1.1/24,74
20201019203523,10.20.30.2/16,3
20201019203524,10.77.1.2/24,-
20201019203525,192.168.1.1/24,-
20201019203526,10.20.30.1/16,6
20201019203528,10.77.1.1/24,88
20201019203529,192.168.1.2/24,10
20201019203530,192.168.1.2/24,2
20201019203532,192.168.1.1/24,8
20201019203533,10.20.30.1/16,-
20201019203534,10.20.30.1/16,8
20201019203535,192.168.1.2/24,36
20201019203536,192.168.1.2/24,-
20201019203537,10.77.1.2/24,6
20201019203538,10.20.30.2/16,3
20201019203539,10.77.1.2/24,26
20201019203540,10.77.1.1/24,13
20201019203542,10.20.30.1/16,7
20201019203544,10.20.30.1/16,91
20201019203545,192.168.1.1/24,89
20201019203546,192.168.1.2/24,8
20201019203547,10.77.1.1/24,1
20201019203548,192.168.1.2/24,4
20201019203550,192.168.1.1/24,68
20201019203551,10.77.1.1/24,9
20201019203552,10.20.30.2/16,93
20201019203553,10.77.1.1/24,0
20201019203554,10.77.1.1/24,6
20201019203555,10.20.30.1/16,7
20201019203556,10.77.1.1/24,47
20201019203557,192.168.1.2/24,5
20201019203558,10.20.30.1/16,-
20201019203559,192.168.1.2/24,15
20201019203600,192.168.1.2/24,83
20201019203601,10.77.1.1/24,1
20201019203602,10.77.1.1/24,-
20201019203603,10.20.30.1/16,1
20201019203605,10.20.30.2/16,58
20201019203606,10.77.1.2/24,32
20201019203607,192.168.1.2/24,3
20201019203608,10.77.1.1/24,82
20201019203609,192.168.1.2/24,13
20201019203610,10.20.30.2/16,26
20201019203611,192.168.1.1/24,6
20201019203612,10.77.1.2/24,-
20201019203613,10.20.30.2/16,2
20201019203614,10.77.1.2/24,3
20201019203615,192.168.1.2/24,9
20201019203616,192.168.1.1/24,35
20201019203617,10.20.30.1/16,2
20201019203618,10.20.30.1/16,50
20201019203619,10.77.1.1/24,9
20201019203620,192.168.1.1/24,-
20201019203622,192.168.1.1/24,-
20201019203624,192.168.1.1/24,86
20201019203625,192.168.1.1/24,2
20201019203626,192.168.1.1/24,-
20201019203627,10.77.1.2/24,41
20201019203628,10.20.30.2/16,2
20201019203630,10.20.30.2/16,2
20201019203631,10.77.1.1/24,1
20201019203632,10.20.30.2/16,7
20201019203634,192.168.1.2/24,-
20201019203635,10.77.1.2/24,3
20201019203636,10.77.1.2/24,-
20201019203637,10.20.30.2/16,7
20201019203638,192.168.1.1/24,1
20201019203640,10.20.30.1/16,1
20201019203641,10.20.30.1/16,15
20201019203642,10.20.30.2/16,29
20201019203643,10.20.30.2/16,30
20201019203644,10.20.30.2/16,2
20201019203645,10.20.30.1/16,7
20201019203646,10.77.1.2/24,6
20201019203647,10.77.1.1/24,3
20201019203649,10.77.1.1/24,8
20201019203650,10.20.30.1/16,49
20201019203652,10.77.1.1/24,7
20201019203653,10.77.1.2/24,12
20201019203654,192.168.1.1/24,4
20201019203655,10.77.1.2/24,3
20201019203657,10.20.30.2/16,9
20201019203658,10.77.1.1/24,-
20201019203700,10.20.30.2/16,82
20201019203701,10.77.1.2/24,5
20201019203703,10.77.1.2/24,35
20201019203704,10.20.30.2/16,-
20201019203705,192.168.1.1/24,7
20201019203706,10.77.1.1/24,66
20201019203708,10.20.30.2/16,5
20201019203709,10.20.30.1/16,68
20201019203710,10.77.1.2/24,-
20201019203712,10.77.1.1/24,6
20201019203713,10.20.30.1/16,8
20201019203714,10.77.1.1/24,3
20201019203715,192.168.1.2/24,9
20201019203716,10.20.30.1/16,72
20201019203718,192.168.1.2/24,8
20201019203719,10.20.30.2/16,18
20201019203720,192.168.1.1/24,5
20201019203722,10.20.30.2/16,81
20201019203723,10.20.30.2/16,6
20201019203724,192.168.1.1/24,8
20201019203725,10.20.30.2/16,10
20201019203726,192.168.1.1/24,2
20201019203727,192.168.1.2/24,3
20201019203728,192.168.1.1/24,10
20201019203730,10.20.30.1/16,8
20201019203731,10.77.1.2/24,62
20201019203732,192.168.1.2/24,2
20201019203733,10.77.1.1/24,9
20201019203734,10.77.1.2/24,5
20201019203735,192.168.1.1/24,9
20201019203736,10.20.30.1/16,6
20201019203737,192.168.1.1/24,1
20201019203738,10.20.30.2/16,-
20201019203739,192.168.1.2/24,9
20201019203741,10.20.30.1/16,4
20201019203742,192.168.1.2/24,-
20201019203743,192.168.1.2/24,8
20201019203744,10.20.30.2/16,2
20201019203745,10.20.30.1/16,-
20201019203746,192.168.1.2/24,-
20201019203747,10.20.30.2/16,-
20201019203748,10.77.1.1/24,60
20201019203749,10.77.1.2/24,-
20201019203750,10.77.1.1/24,1
20201019203752,10.20.30.1/16,-
20201019203754,192.168.1.2/24,-
20201019203756,10.20.30.2/16,20
20201019203757,10.20.30.2/16,3
20201019203758,10.20.30.2/16,62
20201019203800,10.77.1.2/24,-
20201019203801,10.20.30.2/16,3
20201019203802,192.168.1.2/24,37
20201019203804,192.168.1.1/24,-
20201019203805,192.168.1.2/24,-
20201019203806,10.20.30.1/16,-
20201019203808,10.20.30.2/16,4
20201019203810,10.77.1.1/24,9
20201019203811,10.77.1.2/24,13
20201019203812,10.20.30.2/16,-
20201019203814,10.77.1.1/24,4
20201019203815,10.77.1.2/24,18
20201019203816,192.168.1.1/24,4
20201019203817,10.77.1.2/24,-
20201019203818,10.77.1.1/24,2
20201019203819,10.20.30.2/16,1
20201019203820,192.168.1.1/24,29
20201019203821,192.168.1.1/24,2
20201019203822,10.77.1.1/24,21
20201019203823,192.168.1.1/24,9
20201019203824,192.168.1.2/24,90
20201019203825,10.20.30.1/16,4
20201019203826,192.168.1.2/24,94
20201019203827,10.20.30.1/16,4
20201019203828,10.77.1.2/24,3
20201019203829,192.168.1.1/24,3
20201019203830,192.168.1.1/24,2
20201019203831,10.20.30.2/16,34
20201019203832,10.77.1.2/24,3
20201019203833,192.168.1.2/24,5
20201019203834,10.20.30.1/16,9
20201019203835,192.168.1.1/24,68
20201019203836,10.77.1.1/24,-
20201019203837,192.168.1.1/24,4
20201019203838,192.168.1.1/24,9
20201019203839,192.168.1.1/24,-
20201019203840,10.20.30.2/16,-
20201019203841,10.77.1.2/24,-
20201019203842,10.77.1.2/24,3
20201019203843,192.168.1.2/24,-
20201019203844,10.20.30.2/16,14
20201019203845,10.77.1.1/24,-
20201019203846,10.20.30.2/16,3
20201019203847,10.20.30.2/16,-
20201019203848,10.20.30.2/16,-
20201019203849,10.77.1.1/24,26
20201019203850,192.168.1.1/24,-
20201019203851,192.168.1.2/24,7
20201019203853,10.20.30.1/16,36
20201019203854,192.168.1.2/24,2
20201019203856,192.168.1.1/24,12
20201019203857,192.168.1.1/24,8
20201019203858,10.77.1.1/24,5
20201019203859,10.20.30.1/16,-
20201019203900,10.77.1.2/24,17
20201019203901,192.168.1.2/24,3
20201019203902,192.168.1.1/24,5
20201019203903,10.77.1.2/24,37
20201019203904,10.77.1.1/24,18
20201019203906,10.77.1.2/24,18
20201019203907,10.20.30.2/16,1
20201019203909,10.77.1.2/24,-
20201019203911,10.77.1.2/24,14
20201019203912,192.168.1.1/24,82
20201019203914,10.20.30.2/16,7
20201019203916,10.20.30.2/16,6
20201019203917,192.168.1.1/24,-
20201019203918,10.20.30.1/16,-
20201019203919,10.20.30.2/16,-
20201019203921,192.168.1.1/24,-
20201019203922,10.20.30.1/16,36
20201019203923,10.77.1.1/24,5
20201019203924,10.77.1.1/24,26
20201019203925,192.168.1.1/24,9
20201019203926,10.77.1.1/24,4
20201019203927,10.20.30.2/16,28
20201019203928,10.20.30.2/16,-
20201019203930,192.168.1.2/24,1
20201019203931,10.20.30.1/16,12
20201019203933,192.168.1.1/24,5
20201019203934,192.168.1.2/24,-
20201019203935,192.168.1.2/24,9
20201019203936,10.20.30.1/16,-
20201019203937,192.168.1.1/24,2
20201019203938,10.77.1.2/24,-
20201019203939,10.20.30.2/16,2
20201019203940,10.77.1.2/24,8
20201019203941,10.20.30.2/16,4
20201019203942,10.20.30.2/16,-
20201019203943,192.168.1.1/24,18
20201019203945,10.77.1.2/24,2
20201019203947,10.20.30.1/16,-
20201019203949,192.168.1.1/24,9
20201019203950,10.77.1.2/24,38
20201019203951,10.77.1.2/24,-
20201019203952,10.20.30.2/16,4
20201019203953,10.20.30.2/16,7
20201019203954,192.168.1.2/24,7
20201019203956,10.20.30.1/16,7
20201019203957,10.20.30.1/16,5
20201019203958,10.20.30.2/16,7
20201019203959,192.168.1.1/24,8
20201019204001,10.20.30.2/16,-
20201019204002,192.168.1.2/24,72
20201019204003,192.168.1.1/24,6
20201019204004,10.20.30.1/16,9
20201019204005,192.168.1.1/24,7
20201019204007,10.77.1.1/24,8
20201019204008,10.77.1.2/24,36
20201019204010,10.77.1.2/24,2
20201019204011,10.77.1.2/24,92
20201019204012,192.168.1.1/24,-
20201019204013,192.168.1.1/24,1
20201019204014,192.168.1.1/24,9
20201019204015,10.77.1.2/24,-
20201019204017,10.20.30.1/16,58
20201019204018,192.168.1.2/24,74
20201019204019,10.20.30.1/16,5
20201019204020,192.168.1.1/24,4
20201019204022,10.77.1.1/24,82
20201019204023,10.77.1.1/24,7
20201019204024,192.168.1.2/24,90
20201019204025,10.77.1.2/24,6
20201019204026,10.20.30.1/16,4
20201019204027,10.20.30.2/16,7
20201019204029,10.77.1.1/24,3
20201019204030,10.77.1.1/24,5
20201019204031,10.20.30.1/16,5
20201019204032,10.77.1.2/24,40
20201019204033,10.20.30.2/16,9
20201019204034,10.20.30.1/16,-
20201019204035,10.77.1.2/24,8
20201019204036,10.77.1.1/24,9
20201019204037,10.77.1.2/24,7
20201019204038,192.168.1.1/24,-
20201019204039,192.168.1.2/24,-
20201019204041,10.20.30.1/16,24
20201019204042,10.20.30.1/16,-
20201019204043,10.20.30.2/16,5
20201019204044,10.20.30.2/16,8
20201019204045,10.77.1.1/24,-
20201019204046,10.77.1.1/24,-
20201019204047,10.20.30.1/16,-
20201019204049,192.168.1.2/24,-
20201019204050,192.168.1.2/24,91
20201019204051,192.168.1.1/24,6
20201019204052,10.20.30.1/16,8
20201019204053,10.20.30.1/16,-
20201019204054,10.20.30.2/16,3
20201019204055,10.77.1.2/24,8
20201019204057,192.168.1.2/24,8
20201019204059,10.77.1.1/24,10
20201019204100,10.77.1.2/24,7
20201019204101,10.20.30.1/16,-
20201019204102,10.77.1.1/24,-
20201019204104,10.77.1.2/24,60
20201019204105,10.77.1.2/24,3
20201019204106,10.77.1.1/24,7
20201019204107,10.20.30.2/16,-
20201019204108,10.77.1.2/24,-
20201019204109,10.20.30.2/16,-
20201019204111,10.77.1.1/24,3
20201019204112,192.168.1.2/24,-
20201019204114,10.20.30.1/16,-
20201019204115,10.20.30.1/16,4
20201019204116,10.77.1.2/24,8
20201019204117,192.168.1.2/24,89
20201019204118,10.77.1.2/24,4
20201019204119,10.20.30.1/16,-
20201019204120,10.20.30.2/16,6
20201019204121,10.20.30.2/16,3
20201019204122,10.20.30.1/16,-
20201019204124,10.77.1.1/24,6
20201019204126,10.20.30.2/16,3
20201019204127,10.77.1.2/24,61
20201019204128,10.77.1.1/24,7
20201019204129,192.168.1.1/24,-
20201019204130,10.20.30.1/16,5
20201019204131,192.168.1.2/24,58
20201019204132,192.168.1.1/24,3
20201019204134,10.20.30.2/16,7
20201019204135,10.77.1.1/24,-
20201019204137,10.77.1.1/24,44
20201019204138,10.77.1.2/24,7
20201019204139,10.20.30.2/16,2
20201019204140,10.77.1.2/24,21
20201019204141,192.168.1.2/24,66
20201019204142,10.77.1.1/24,4
20201019204144,10.77.1.2/24,7
20201019204145,192.168.1.2/24,8
20201019204147,10.20.30.2/16,6
20201019204149,10.77.1.1/24,6
20201019204150,10.77.1.2/24,2
20201019204151,192.168.1.1/24,-
20201019204152,10.77.1.2/24,8
20201019204154,10.20.30.2/16,78
20201019204155,192.168.1.2/24,5
20201019204157,192.168.1.2/24,60
20201019204158,10.20.30.2/16,7
20201019204159,192.168.1.2/24,-
20201019204200,10.77.1.1/24,93
20201019204202,10.77.1.2/24,6
20201019204203,192.168.1.1/24,-
20201019204204,192.168.1.1/24,-
20201019204206,10.77.1.2/24,3
20201019204207,10.77.1.2/24,5
20201019204208,192.168.1.1/24,7
20201019204209,192.168.1.1/24,11
20201019204210,10.77.1.1/24,-
20201019204211,192.168.1.2/24,58
20201019204212,10.20.30.2/16,8
20201019204213,10.20.30.2/16,45
20201019204215,10.77.1.2/24,1
20201019204216,192.168.1.1/24,1
20201019204217,10.77.1.2/24,1
20201019204218,192.168.1.1/24,-
20201019204219,192.168.1.1/24,9
20201019204220,10.20.30.1/16,-
20201019204221,192.168.1.2/24,-
20201019204222,10.20.30.1/16,-
20201019204223,10.77.1.2/24,7
20201019204224,10.77.1.1/24,-
20201019204225,10.77.1.1/24,76
20201019204226,10.20.30.1/16,2
20201019204227,10.20.30.2/16,2
20201019204228,10.77.1.2/24,23
20201019204229,10.77.1.1/24,18
20201019204230,10.77.1.1/24,-
20201019204231,10.77.1.1/24,17
20201019204232,192.168.1.1/24,34
20201019204233,192.168.1.2/24,3
20201019204234,10.77.1.1/24,9
20201019204236,10.77.1.2/24,34
20201019204238,10.77.1.2/24,34
20201019204239,10.20.30.1/16,9
20201019204240,192.168.1.1/24,7
20201019204242,10.20.30.2/16,88
20201019204243,10.77.1.2/24,2
20201019204244,10.77.1.2/24,-
20201019204245,10.77.1.1/24,1
20201019204247,10.77.1.2/24,8
20201019204248,10.77.1.2/24,3
20201019204249,10.77.1.1/24,30
20201019204250,10.77.1.2/24,-
20201019204251,192.168.1.1/24,6
20201019204252,10.77.1.2/24,17
20201019204254,10.20.30.2/16,55
20201019204255,192.168.1.1/24,4
20201019204256,10.77.1.1/24,2
20201019204257,10.77.1.1/24,9
20201019204258,192.168.1.2/24,5
20201019204259,10.20.30.1/16,-
20201019204301,10.77.1.1/24,5
20201019204303,10.77.1.2/24,6
20201019204304,192.168.1.2/24,1
20201019204306,192.168.1.1/24,92
20201019204307,192.168.1.2/24,15
20201019204308,10.77.1.1/24,8
20201019204309,10.77.1.2/24,5
20201019204310,10.20.30.1/16,-
20201019204312,10.20.30.2/16,6
20201019204313,10.77.1.2/24,6
20201019204314,10.20.30.1/16,-
20201019204315,10.77.1.2/24,-
20201019204316,10.77.1.2/24,92
20201019204317,10.20.30.2/16,-
20201019204318,10.20.30.2/16,6
20201019204319,10.77.1.1/24,-
20201019204320,10.20.30.2/16,6
20201019204321,192.168.1.2/24,-
20201019204322,10.77.1.2/24,-
20201019204324,10.20.30.2/16,9
20201019204325,10.20.30.2/16,82
20201019204326,192.168.1.1/24,3
20201019204327,10.20.30.2/16,9
20201019204328,10.20.30.2/16,4
20201019204329,10.20.30.1/16,9
20201019204330,10.77.1.1/24,2
20201019204331,192.168.1.2/24,-
20201019204332,10.77.1.1/24,27
20201019204334,192.168.1.2/24,-
20201019204335,10.20.30.2/16,-
20201019204337,192.168.1.1/24,2
20201019204338,10.77.1.1/24,4
20201019204339,10.20.30.2/16,25
20201019204340,10.20.30.1/16,-
20201019204341,192.168.1.2/24,5
20201019204342,192.168.1.2/24,9
20201019204343,10.20.30.2/16,7
20201019204344,10.20.30.2/16,-
20201019204345,10.77.1.2/24,99
20201019204347,10.20.30.1/16,1
20201019204348,10.20.30.1/16,9
20201019204349,10.77.1.2/24,-
20201019204350,10.77.1.1/24,-
20201019204351,10.20.30.2/16,9
20201019204352,192.168.1.1/24,75
20201019204353,10.77.1.2/24,2
20201019204355,192.168.1.2/24,1
20201019204356,192.168.1.2/24,7
20201019204357,10.20.30.2/16,4
20201019204358,10.77.1.1/24,2
20201019204359,10.77.1.2/24,35
20201019204400,10.77.1.2/24,5
20201019204401,10.77.1.2/24,13
20201019204402,192.168.1.2/24,-
20201019204403,192.168.1.2/24,-
20201019204404,192.168.1.2/24,2
20201019204405,10.77.1.1/24,3
20201019204406,10.20.30.2/16,7
20201019204407,192.168.1.2/24,2
20201019204409,192.168.1.2/24,9
20201019204411,10.20.30.2/16,-
20201019204412,10.20.30.2/16,9
20201019204413,192.168.1.2/24,43
20201019204414,10.77.1.1/24,16
20201019204415,10.77.1.2/24,68
20201019204417,10.20.30.2/16,2
20201019204418,10.20.30.2/16,8
20201019204419,10.20.30.1/16,2
20201019204420,192.168.1.2/24,-
20201019204421,10.20.30.2/16,8
20201019204423,10.77.1.1/24,10
20201019204425,10.20.30.1/16,-
20201019204426,10.20.30.2/16,1
20201019204428,192.168.1.2/24,-
20201019204430,192.168.1.2/24,-
20201019204432,192.168.1.2/24,2
20201019204433,10.20.30.1/16,8
20201019204435,10.20.30.2/16,6
20201019204437,10.20.30.1/16,6
20201019204439,10.77.1.1/24,1
20201019204440,10.20.30.1/16,4
20201019204441,10.77.1.1/24,9
20201019204442,10.20.30.1/16,98
20201019204443,10.77.1.2/24,2
20201019204444,10.77.1.2/24,6
20201019204445,10.20.30.2/16,7
20201019204446,192.168.1.1/24,20
20201019204447,10.20.30.2/16,29
20201019204448,10.77.1.2/24,-
20201019204449,10.20.30.2/16,-
20201019204450,10.77.1.1/24,12
20201019204451,10.20.30.2/16,7
20201019204452,192.168.1.1/24,9
20201019204454,10.20.30.1/16,7
20201019204455,192.168.1.2/24,3
20201019204456,10.20.30.2/16,-
20201019204458,10.20.30.1/16,2
20201019204459,192.168.1.2/24,53
20201019204500,10.77.1.1/24,-
20201019204501,10.20.30.2/16,13
20201019204502,10.77.1.2/24,28
20201019204503,10.20.30.2/16,76
20201019204504,10.20.30.2/16,3
20201019204506,10.77.1.1/24,9
20201019204507,10.20.30.1/16,29
20201019204508,10.77.1.2/24,8
20201019204509,10.77.1.2/24,-
20201019204510,192.168.1.1/24,2
20201019204512,10.77.1.1/24,10
20201019204513,10.20.30.2/16,80
20201019204514,10.77.1.2/24,-
20201019204515,10.20.30.1/16,3
20201019204517,192.168.1.2/24,6
20201019204518,10.77.1.2/24,2
20201019204520,192.168.1.1/24,24
20201019204521,10.77.1.2/24,-
20201019204522,10.20.30.2/16,5
20201019204523,10.20.30.1/16,1
20201019204524,192.168.1.2/24,-
20201019204525,10.20.30.2/16,1
20201019204526,10.20.30.1/16,-
20201019204527,192.168.1.1/24,64
20201019204529,10.77.1.2/24,-
20201019204530,10.77.1.2/24,-
20201019204531,10.77.1.1/24,6
20201019204532,10.77.1.2/24,1
20201019204534,192.168.1.1/24,35
20201019204536,10.20.30.2/16,12
20201019204537,192.168.1.1/24,-
20201019204539,10.20.30.1/16,68
20201019204540,10.77.1.2/24,24
20201019204541,10.20.30.2/16,6
20201019204542,10.20.30.2/16,5
20201019204543,10.20.30.1/16,3
20201019204544,10.20.30.1/16,7
20201019204546,10.77.1.1/24,4
20201019204547,192.168.1.1/24,44
20201019204549,10.77.1.2/24,-
20201019204551,192.168.1.1/24,4
20201019204552,10.20.30.2/16,-
20201019204553,10.20.30.2/16,-
20201019204554,192.168.1.1/24,-
20201019204555,10.20.30.2/16,-
20201019204557,192.168.1.2/24,5
20201019204558,10.77.1.1/24,4
20201019204559,192.168.1.2/24,9
20201019204601,10.20.30.2/16,4
20201019204602,10.77.1.2/24,1
20201019204603,10.77.1.1/24,71
20201019204604,192.168.1.1/24,7
20201019204605,10.20.30.1/16,4
20201019204607,10.20.30.2/16,-
20201019204608,192.168.1.2/24,-
20201019204609,10.20.30.2/16,81
20201019204610,192.168.1.1/24,-
20201019204611,10.20.30.1/16,60
20201019204612,10.77.1.1/24,-
20201019204613,10.20.30.1/16,-
20201019204614,192.168.1.2/24,8
20201019204615,10.77.1.2/24,3
20201019204616,192.168.1.1/24,14
20201019204617,192.168.1.2/24,5
20201019204618,10.77.1.1/24,73
20201019204620,10.20.30.2/16,6
20201019204621,10.20.30.2/16,7
20201019204622,192.168.1.1/24,3
20201019204624,10.77.1.2/24,-
20201019204625,10.20.30.2/16,5
20201019204626,192.168.1.2/24,-
20201019204627,192.168.1.2/24,-
20201019204628,192.168.1.2/24,70
20201019204629,192.168.1.1/24,-
20201019204630,10.77.1.2/24,14
20201019204631,10.20.30.1/16,7
20201019204632,10.77.1.1/24,5
20201019204633,10.77.1.1/24,31
20201019204634,10.20.30.1/16,-
20201019204635,10.77.1.1/24,-
20201019204636,10.77.1.1/24,-
20201019204637,10.77.1.1/24,0
20201019204638,10.20.30.2/16,34
20201019204640,192.168.1.2/24,-
20201019204641,10.77.1.1/24,9
20201019204643,10.77.1.1/24,33
20201019204644,10.20.30.1/16,47
20201019204646,192.168.1.1/24,9
20201019204647,10.20.30.2/16,39
20201019204648,10.20.30.2/16,3
20201019204649,192.168.1.2/24,12
20201019204650,10.20.30.1/16,3
20201019204651,10.20.30.1/16,-
20201019204652,10.77.1.1/24,1
20201019204654,10.77.1.2/24,48
20201019204655,192.168.1.2/24,34
20201019204657,10.20.30.2/16,93
20201019204658,192.168.1.2/24,2
20201019204659,10.20.30.1/16,24
20201019204700,10.77.1.1/24,6
20201019204702,10.77.1.2/24,-
20201019204703,10.20.30.2/16,6
20201019204704,10.77.1.1/24,-
20201019204705,192.168.1.1/24,9
20201019204706,192.168.1.1/24,63
20201019204707,10.77.1.2/24,5
20201019204709,10.20.30.1/16,8
20201019204710,10.20.30.2/16,4
20201019204711,10.77.1.2/24,61
20201019204712,10.77.1.2/24,2
20201019204713,10.77.1.2/24,16
20201019204714,10.20.30.1/16,5
20201019204715,10.20.30.2/16,30
20201019204717,10.77.1.1/24,3
20201019204718,10.20.30.1/16,10
20201019204719,10.20.30.2/16,91
20201019204720,10.20.30.2/16,48
20201019204721,192.168.1.1/24,8
20201019204722,10.20.30.1/16,-
20201019204724,192.168.1.1/24,5
20201019204726,10.77.1.1/24,28
20201019204727,192.168.1.1/24,7
20201019204728,192.168.1.1/24,4
20201019204729,192.168.1.2/24,60
20201019204731,10.77.1.1/24,53
20201019204732,10.77.1.2/24,7
20201019204733,192.168.1.1/24,1
20201019204734,10.77.1.2/24,-
20201019204735,192.168.1.1/24,-
20201019204736,192.168.1.2/24,5
20201019204737,10.20.30.2/16,9
20201019204739,10.77.1.1/24,-
20201019204740,10.77.1.1/24,54
20201019204741,192.168.1.1/24,-
20201019204742,10.20.30.2/16,-
20201019204743,192.168.1.2/24,1
20201019204744,10.20.30.1/16,3
20201019204745,10.20.30.2/16,7
20201019204746,192.168.1.1/24,8
20201019204747,10.77.1.1/24,4
20201019204749,10.77.1.2/24,92
20201019204750,10.77.1.1/24,2
20201019204751,10.20.30.1/16,3
20201019204752,192.168.1.1/24,-
20201019204753,192.168.1.2/24,61
20201019204754,10.77.1.1/24,8
20201019204756,192.168.1.2/24,4
20201019204757,10.77.1.2/24,4
20201019204758,192.168.1.1/24,72
20201019204759,192.168.1.2/24,26
20201019204800,192.168.1.2/24,-
20201019204801,192.168.1.1/24,-
20201019204802,10.77.1.2/24,7
20201019204803,10.20.30.1/16,15
20201019204804,10.20.30.1/16,6
20201019204805,192.168.1.2/24,5
20201019204807,192.168.1.1/24,-
20201019204808,10.77.1.2/24,54
20201019204809,10.20.30.2/16,6
20201019204810,10.77.1.2/24,11
20201019204811,10.20.30.1/16,5
20201019204813,10.77.1.2/24,8
20201019204814,10.77.1.1/24,8
20201019204816,10.20.30.2/16,7
20201019204817,10.20.30.2/16,5
20201019204818,10.20.30.1/16,4
20201019204819,10.20.30.2/16,9
20201019204820,10.20.30.1/16,-
20201019204821,10.20.30.1/16,6
20201019204822,10.77.1.1/24,-
20201019204823,10.20.30.2/16,58
20201019204824,10.77.1.2/24,-
20201019204825,10.20.30.1/16,6
20201019204826,10.20.30.2/16,56
20201019204828,10.77.1.2/24,-
20201019204829,192.168.1.1/24,3
20201019204830,10.77.1.2/24,-
20201019204832,192.168.1.1/24,10
20201019204834,10.20.30.1/16,-
20201019204835,192.168.1.2/24,-
20201019204836,10.20.30.2/16,58
20201019204837,10.77.1.2/24,2
20201019204838,10.20.30.1/16,-
20201019204840,10.77.1.2/24,-
20201019204841,10.20.30.1/16,73
20201019204842,192.168.1.1/24,5
20201019204843,10.77.1.2/24,98
20201019204845,192.168.1.1/24,3
20201019204846,10.20.30.2/16,16
20201019204847,10.20.30.2/16,9
20201019204849,10.20.30.2/16,5
20201019204850,10.77.1.2/24,49
20201019204851,10.77.1.2/24,3
20201019204853,192.168.1.2/24,41
20201019204854,10.20.30.1/16,-
20201019204856,10.20.30.2/16,-
20201019204857,10.77.1.1/24,16
20201019204858,10.77.1.2/24,88
20201019204859,10.77.1.1/24,2
20201019204900,10.20.30.1/16,4
20201019204902,192.168.1.1/24,3
20201019204904,10.77.1.2/24,1
20201019204905,192.168.1.1/24,1
20201019204906,192.168.1.2/24,-
20201019204908,192.168.1.2/24,47
20201019204909,192.168.1.1/24,5
20201019204910,192.168.1.2/24,92
20201019204912,10.20.30.2/16,3
20201019204913,10.20.30.1/16,8
20201019204914,10.77.1.1/24,76
20201019204915,10.20.30.1/16,-
20201019204916,192.168.1.2/24,-
20201019204917,10.77.1.1/24,0
20201019204918,10.77.1.1/24,-
20201019204919,10.77.1.1/24,5
20201019204920,10.20.30.2/16,-
20201019204921,10.77.1.2/24,-
20201019204922,10.77.1.1/24,6
20201019204923,10.77.1.1/24,-
20201019204924,10.20.30.1/16,3
20201019204925,192.168.1.2/24,-
20201019204926,10.77.1.2/24,3
20201019204928,10.77.1.2/24,39
20201019204930,192.168.1.2/24,-
20201019204931,192.168.1.2/24,9
20201019204932,10.77.1.2/24,3
20201019204933,10.20.30.1/16,73
20201019204934,10.77.1.1/24,8
20201019204935,10.20.30.1/16,10
20201019204937,10.77.1.1/24,5
20201019204938,10.20.30.1/16,20
20201019204939,192.168.1.1/24,7
20201019204941,10.77.1.1/24,4
20201019204942,192.168.1.2/24,6
20201019204944,10.77.1.1/24,4
20201019204946,192.168.1.1/24,3
20201019204947,10.20.30.2/16,3
20201019204949,192.168.1.1/24,2
20201019204950,10.77.1.1/24,20
20201019204952,192.168.1.2/24,8
20201019204953,10.20.30.2/16,4
20201019204954,10.20.30.1/16,3
20201019204955,10.77.1.2/24,-
20201019204956,10.77.1.1/24,9
20201019204958,192.168.1.2/24,9
20201019204959,192.168.1.1/24,4
20201019205000,192.168.1.2/24,8
20201019205001,10.20.30.2/16,6
20201019205003,10.77.1.2/24,6
20201019205004,10.20.30.2/16,10
20201019205005,10.20.30.1/16,-
20201019205007,10.20.30.2/16,3
20201019205008,10.20.30.1/16,2
20201019205009,10.77.1.1/24,14
20201019205010,192.168.1.2/24,4
20201019205011,192.168.1.2/24,6
20201019205012,10.77.1.2/24,3
20201019205013,10.20.30.1/16,2
20201019205014,10.20.30.2/16,8
20201019205015,10.20.30.1/16,-
20201019205016,192.168.1.2/24,86
20201019205017,10.77.1.2/24,3
20201019205019,192.168.1.2/24,-
20201019205020,10.77.1.2/24,-
20201019205021,192.168.1.2/24,-
20201019205022,10.20.30.2/16,7
20201019205024,10.77.1.2/24,6
20201019205025,10.20.30.1/16,5
20201019205026,192.168.1.2/24,7
20201019205027,10.77.1.2/24,-
20201019205028,192.168.1.2/24,43
20201019205029,192.168.1.1/24,-
20201019205030,10.77.1.1/24,5
20201019205031,192.168.1.1/24,10
20201019205032,10.77.1.2/24,81
20201019205034,10.77.1.1/24,9
20201019205035,192.168.1.2/24,9
20201019205036,10.77.1.1/24,5
20201019205037,10.77.1.1/24,86
20201019205038,192.168.1.1/24,59
20201019205039,10.20.30.1/16,-
20201019205040,10.20.30.1/16,19
20201019205041,10.77.1.2/24,6
20201019205042,192.168.1.2/24,-
20201019205043,10.77.1.2/24,7
20201019205045,10.20.30.2/16,9
20201019205047,10.20.30.1/16,3
20201019205049,10.77.1.2/24,-
20201019205050,10.20.30.2/16,-
20201019205051,10.77.1.1/24,53
20201019205052,192.168.1.2/24,6
20201019205053,192.168.1.1/24,26
20201019205055,10.77.1.2/24,-
20201019205056,192.168.1.1/24,9
20201019205057,192.168.1.1/24,42
20201019205058,10.20.30.1/16,-
20201019205059,10.20.30.2/16,-
20201019205100,192.168.1.1/24,3
20201019205102,192.168.1.2/24,5
20201019205103,10.20.30.1/16,74
20201019205105,10.77.1.2/24,-
20201019205107,10.77.1.1/24,4
20201019205108,10.77.1.2/24,-
20201019205109,10.77.1.2/24,26
20201019205110,10.20.30.2/16,6
20201019205111,10.77.1.2/24,2
20201019205112,192.168.1.2/24,63
20201019205113,10.20.30.1/16,-
20201019205114,10.77.1.2/24,8
20201019205116,10.20.30.2/16,9
20201019205117,192.168.1.2/24,45
20201019205119,192.168.1.2/24,-
20201019205120,10.20.30.2/16,10
20201019205122,10.20.30.1/16,7
20201019205124,10.20.30.2/16,97
20201019205125,10.77.1.2/24,18
20201019205126,10.20.30.1/16,69
20201019205127,10.20.30.1/16,8
20201019205128,10.77.1.2/24,4
20201019205130,10.77.1.1/24,-
20201019205131,192.168.1.1/24,-
20201019205133,10.20.30.2/16,23
20201019205135,192.168.1.2/24,4
20201019205136,10.20.30.1/16,9
20201019205137,10.20.30.1/16,-
20201019205139,10.20.30.1/16,9
20201019205141,10.77.1.1/24,11
20201019205142,10.77.1.1/24,5
20201019205143,192.168.1.2/24,30
20201019205144,10.20.30.1/16,20
20201019205146,10.20.30.1/16,34
20201019205147,10.20.30.1/16,7
20201019205148,192.168.1.1/24,31
20201019205150,10.20.30.2/16,-
20201019205151,192.168.1.1/24,26
20201019205152,192.168.1.2/24,2
20201019205153,192.168.1.1/24,2
20201019205154,10.77.1.2/24,5
20201019205155,192.168.1.1/24,81
20201019205157,192.168.1.2/24,4
20201019205158,192.168.1.2/24,-
20201019205159,192.168.1.1/24,-
20201019205200,10.20.30.2/16,9
20201019205201,192.168.1.1/24,6
20201019205203,10.20.30.1/16,92
20201019205204,10.20.30.2/16,6
20201019205205,10.77.1.2/24,-
20201019205206,10.77.1.1/24,31
20201019205207,192.168.1.2/24,4
20201019205208,10.20.30.1/16,7
20201019205209,10.77.1.1/24,-
20201019205211,192.168.1.1/24,3
20201019205212,192.168.1.1/24,-
20201019205213,10.20.30.1/16,-
20201019205215,192.168.1.1/24,5
20201019205216,192.168.1.1/24,17
20201019205217,10.20.30.1/16,6
20201019205218,10.77.1.2/24,-
20201019205219,10.77.1.1/24,-
20201019205221,10.20.30.2/16,-
20201019205222,10.77.1.2/24,45
20201019205223,192.168.1.2/24,4
20201019205224,10.20.30.2/16,3
20201019205226,10.20.30.2/16,2
20201019205227,10.77.1.1/24,-
20201019205228,10.77.1.2/24,7
20201019205229,10.20.30.1/16,24
20201019205230,10.20.30.2/16,-
20201019205231,10.77.1.2/24,2
20201019205232,10.20.30.2/16,21
20201019205234,192.168.1.2/24,14
20201019205236,10.20.30.2/16,4
20201019205237,10.77.1.2/24,-
20201019205238,192.168.1.1/24,4
20201019205239,192.168.1.1/24,20
20201019205240,10.77.1.1/24,-
20201019205241,10.20.30.2/16,5
20201019205243,10.77.1.2/24,4
20201019205244,10.20.30.1/16,-
20201019205245,10.20.30.1/16,69
20201019205247,192.168.1.1/24,-
20201019205248,10.77.1.2/24,-
20201019205249,10.77.1.2/24,3
20201019205250,10.20.30.2/16,-
20201019205252,10.20.30.2/16,5
20201019205253,192.168.1.1/24,40
20201019205254,10.20.30.2/16,1
20201019205255,10.20.30.2/16,9
20201019205256,10.20.30.1/16,42
20201019205257,192.168.1.1/24,5
20201019205259,10.20.30.2/16,-
20201019205301,192.168.1.1/24,10
20201019205302,10.20.30.2/16,6
20201019205303,10.77.1.2/24,49
20201019205304,192.168.1.2/24,9
20201019205305,10.20.30.2/16,5
20201019205306,10.20.30.1/16,22
20201019205308,10.20.30.2/16,60
20201019205309,10.20.30.1/16,1
20201019205311,10.20.30.2/16,7
20201019205312,10.77.1.2/24,3
20201019205313,10.77.1.2/24,-
20201019205314,192.168.1.2/24,4
20201019205315,10.20.30.2/16,80
20201019205316,192.168.1.1/24,9
20201019205317,10.20.30.2/16,81
20201019205318,10.77.1.2/24,11
20201019205319,10.20.30.2/16,52
20201019205321,192.168.1.2/24,8
20201019205323,10.20.30.2/16,81
20201019205324,10.77.1.2/24,-
20201019205325,10.77.1.2/24,4
20201019205326,192.168.1.1/24,1
20201019205327,192.168.1.1/24,6
20201019205329,10.20.30.2/16,-
20201019205330,192.168.1.2/24,5
20201019205331,192.168.1.2/24,7
20201019205332,192.168.1.1/24,9
20201019205333,192.168.1.2/24,28
20201019205334,192.168.1.1/24,1
20201019205335,192.168.1.1/24,71
20201019205336,10.20.30.2/16,3
20201019205337,192.168.1.2/24,-
20201019205339,10.20.30.1/16,1
20201019205341,10.20.30.1/16,19
20201019205342,10.77.1.2/24,7
20201019205343,10.20.30.2/16,2
20201019205344,10.20.30.2/16,-
20201019205345,10.77.1.2/24,-
20201019205346,10.20.30.2/16,47
20201019205347,10.20.30.1/16,4
20201019205348,192.168.1.2/24,5
20201019205349,10.20.30.2/16,1
20201019205350,10.77.1.2/24,23
20201019205351,10.77.1.2/24,-
20201019205352,192.168.1.1/24,1
20201019205353,192.168.1.1/24,7
20201019205354,10.77.1.1/24,3
20201019205355,10.20.30.2/16,4
20201019205356,192.168.1.1/24,2
20201019205357,10.77.1.1/24,2
20201019205358,192.168.1.1/24,-
20201019205359,192.168.1.1/24,4
20201019205400,10.20.30.2/16,7
20201019205401,10.77.1.2/24,7
20201019205403,10.77.1.2/24,-
20201019205404,192.168.1.1/24,2
20201019205405,10.20.30.2/16,8
20201019205406,192.168.1.2/24,5
20201019205408,10.77.1.2/24,11
20201019205409,192.168.1.1/24,4
20201019205410,192.168.1.2/24,9
20201019205411,10.20.30.2/16,17
20201019205412,192.168.1.2/24,-
20201019205414,10.20.30.2/16,9
20201019205415,10.20.30.1/16,9
20201019205416,10.77.1.1/24,7
20201019205418,10.20.30.1/16,4
20201019205419,192.168.1.2/24,4
20201019205420,192.168.1.1/24,19
20201019205421,10.20.30.2/16,5
20201019205423,192.168.1.1/24,6
20201019205424,10.20.30.2/16,6
20201019205425,192.168.1.1/24,-
20201019205426,10.20.30.1/16,-
20201019205427,10.20.30.1/16,9
20201019205428,192.168.1.2/24,8
20201019205429,10.20.30.1/16,-
20201019205431,10.77.1.2/24,94
20201019205432,10.20.30.1/16,30
20201019205434,10.20.30.2/16,-
20201019205435,10.20.30.2/16,3
20201019205436,10.20.30.2/16,11
20201019205438,192.168.1.2/24,10
20201019205440,10.20.30.1/16,6
20201019205441,10.77.1.1/24,-
20201019205443,192.168.1.1/24,10
20201019205444,10.20.30.2/16,1
20201019205445,10.20.30.2/16,96
20201019205446,10.77.1.2/24,4
20201019205447,192.168.1.1/24,23
20201019205448,10.77.1.1/24,3
20201019205449,10.20.30.1/16,9
20201019205450,10.77.1.1/24,7
20201019205452,192.168.1.2/24,72
20201019205453,192.168.1.2/24,9
20201019205454,10.20.30.2/16,98
20201019205455,10.20.30.1/16,10
20201019205457,10.20.30.1/16,50
20201019205458,10.20.30.2/16,9
20201019205500,10.20.30.2/16,2
20201019205501,10.20.30.1/16,29
20201019205502,10.20.30.2/16,6
20201019205503,10.77.1.2/24,-
20201019205504,10.20.30.2/16,2
20201019205505,10.20.30.2/16,9
20201019205506,10.20.30.1/16,4
20201019205507,192.168.1.2/24,-
20201019205509,10.77.1.2/24,29
20201019205510,192.168.1.2/24,7
20201019205511,10.77.1.2/24,8
20201019205512,10.77.1.2/24,9
20201019205513,10.77.1.2/24,2
20201019205514,10.77.1.1/24,6
20201019205515,10.20.30.1/16,-
20201019205516,10.77.1.1/24,-
20201019205517,10.77.1.1/24,-
20201019205519,192.168.1.1/24,8
20201019205521,192.168.1.1/24,6
20201019205523,10.77.1.2/24,7
20201019205524,10.20.30.1/16,77
20201019205525,10.20.30.2/16,-
20201019205526,10.77.1.2/24,58
20201019205528,192.168.1.1/24,-
20201019205529,10.20.30.1/16,3
20201019205530,192.168.1.1/24,-
20201019205531,192.168.1.2/24,6
20201019205532,10.20.30.2/16,3
20201019205533,10.77.1.1/24,3
20201019205534,10.20.30.1/16,6
20201019205535,10.77.1.2/24,3
20201019205536,10.20.30.1/16,6
20201019205538,10.77.1.2/24,-
20201019205539,10.20.30.1/16,5
20201019205540,10.77.1.2/24,-
20201019205541,192.168.1.2/24,8
20201019205543,192.168.1.1/24,54
20201019205544,192.168.1.2/24,-
20201019205545,192.168.1.2/24,9
20201019205547,10.20.30.1/16,-
20201019205548,192.168.1.2/24,17
20201019205549,192.168.1.2/24,57
20201019205551,10.77.1.2/24,82
20201019205552,10.77.1.1/24,8
20201019205553,192.168.1.1/24,-
20201019205554,192.168.1.2/24,9
20201019205555,10.20.30.2/16,83
20201019205556,192.168.1.1/24,-
20201019205557,192.168.1.1/24,-
20201019205558,10.77.1.1/24,99
20201019205559,10.20.30.2/16,9
20201019205600,192.168.1.2/24,94
20201019205601,192.168.1.1/24,4
20201019205603,10.77.1.1/24,18
20201019205604,192.168.1.1/24,9
20201019205605,192.168.1.2/24,-
20201019205606,10.20.30.2/16,77
20201019205607,10.20.30.1/16,3
20201019205608,192.168.1.1/24,-
20201019205609,10.77.1.1/24,40
20201019205610,10.20.30.1/16,3
20201019205611,10.20.30.2/16,-
20201019205612,192.168.1.2/24,5
20201019205613,192.168.1.2/24,9
20201019205614,10.77.1.1/24,4
20201019205615,10.20.30.1/16,8
20201019205616,192.168.1.2/24,8
20201019205617,10.77.1.1/24,13
20201019205618,10.77.1.2/24,9
20201019205620,10.20.30.2/16,8
20201019205621,192.168.1.1/24,20
20201019205622,10.20.30.1/16,-
20201019205623,192.168.1.1/24,-
20201019205624,10.20.30.1/16,4
20201019205625,192.168.1.2/24,7
20201019205626,10.77.1.1/24,18
20201019205628,192.168.1.2/24,96
20201019205630,10.77.1.1/24,1
20201019205632,10.77.1.1/24,8
20201019205633,192.168.1.2/24,2
20201019205634,10.77.1.1/24,-
20201019205635,192.168.1.1/24,37
20201019205636,10.20.30.1/16,-
20201019205637,10.77.1.1/24,-
20201019205639,192.168.1.1/24,75
20201019205640,10.77.1.1/24,9
20201019205641,192.168.1.1/24,78
20201019205642,10.77.1.1/24,-
20201019205643,192.168.1.1/24,80
20201019205644,192.168.1.2/24,-
20201019205645,10.20.30.2/16,-
20201019205646,192.168.1.1/24,3
20201019205647,10.20.30.2/16,8
20201019205648,10.20.30.1/16,10
20201019205649,10.77.1.1/24,-
20201019205650,10.20.30.2/16,9
20201019205651,10.77.1.1/24,-
20201019205652,192.168.1.2/24,7
20201019205653,10.20.30.2/16,24
20201019205654,10.77.1.1/24,4
20201019205656,10.77.1.2/24,7
20201019205657,10.20.30.1/16,10
20201019205659,10.20.30.1/16,2
20201019205700,10.20.30.2/16,63
20201019205701,192.168.1.2/24,2
20201019205703,10.20.30.2/16,87
20201019205704,192.168.1.1/24,4
20201019205705,192.168.1.2/24,7
20201019205706,10.20.30.1/16,-
20201019205707,192.168.1.1/24,-
20201019205708,10.20.30.1/16,-
20201019205709,192.168.1.1/24,-
20201019205711,10.20.30.1/16,-
20201019205712,10.20.30.1/16,8
20201019205713,10.77.1.2/24,6
20201019205715,192.168.1.2/24,-
20201019205717,192.168.1.2/24,1
20201019205718,192.168.1.2/24,5
20201019205719,10.77.1.1/24,4
20201019205720,192.168.1.1/24,69
20201019205721,192.168.1.2/24,5
20201019205722,10.20.30.2/16,10
20201019205723,10.77.1.1/24,-
20201019205724,10.77.1.2/24,43
20201019205725,10.77.1.2/24,3
20201019205726,192.168.1.1/24,7
20201019205727,10.20.30.1/16,6
20201019205728,10.20.30.2/16,-
20201019205730,192.168.1.2/24,16
20201019205731,10.20.30.1/16,-
20201019205732,192.168.1.2/24,-
20201019205733,10.20.30.2/16,-
20201019205735,192.168.1.1/24,6
20201019205736,10.77.1.2/24,5
20201019205738,10.20.30.1/16,-
20201019205739,192.168.1.2/24,6
20201019205740,10.20.30.2/16,7
20201019205741,10.77.1.2/24,1
20201019205742,10.20.30.1/16,92
20201019205743,192.168.1.2/24,4
20201019205745,192.168.1.2/24,-
20201019205746,10.77.1.2/24,2
20201019205747,10.77.1.2/24,2
20201019205748,192.168.1.2/24,-
20201019205749,10.77.1.2/24,17
20201019205750,10.77.1.2/24,28
20201019205751,10.77.1.2/24,-
20201019205753,10.20.30.1/16,-
20201019205754,10.20.30.2/16,-
20201019205755,192.168.1.2/24,-
20201019205756,192.168.1.2/24,7
20201019205757,10.77.1.2/24,19
20201019205759,10.77.1.1/24,23
20201019205801,10.77.1.2/24,4
20201019205803,10.77.1.1/24,13
20201019205804,10.77.1.1/24,-
20201019205805,10.20.30.2/16,6
20201019205806,10.20.30.2/16,3
20201019205807,10.77.1.2/24,4
20201019205808,192.168.1.1/24,8
20201019205809,192.168.1.2/24,5
20201019205810,10.77.1.1/24,-
20201019205811,10.20.30.2/16,3
20201019205812,10.77.1.1/24,4
20201019205813,192.168.1.1/24,-
20201019205814,10.20.30.1/16,9
20201019205816,192.168.1.1/24,-
20201019205818,10.77.1.1/24,4
20201019205819,192.168.1.1/24,8
20201019205820,10.77.1.2/24,97
20201019205821,192.168.1.2/24,6
20201019205823,10.20.30.1/16,9
20201019205824,10.77.1.2/24,9
20201019205825,10.77.1.1/24,8
20201019205826,10.77.1.1/24,2
20201019205828,10.77.1.1/24,5
20201019205829,10.77.1.2/24,72
20201019205830,10.20.30.2/16,3
20201019205831,10.77.1.2/24,71
20201019205832,10.20.30.1/16,6
20201019205833,10.20.30.1/16,5
20201019205834,10.20.30.2/16,7
20201019205836,10.77.1.1/24,9
20201019205837,192.168.1.1/24,8
20201019205839,10.77.1.2/24,4
20201019205840,10.20.30.2/16,5
20201019205841,10.77.1.2/24,60
20201019205842,10.77.1.2/24,8
20201019205844,10.77.1.1/24,-
20201019205845,10.77.1.1/24,5
20201019205846,10.20.30.1/16,32
20201019205847,10.20.30.1/16,13
20201019205848,10.20.30.2/16,-
20201019205849,10.20.30.1/16,-
20201019205850,10.20.30.1/16,5
20201019205852,10.77.1.2/24,9
20201019205853,10.77.1.2/24,92
20201019205854,10.20.30.2/16,9
20201019205855,192.168.1.1/24,-
20201019205856,192.168.1.2/24,3
20201019205858,192.168.1.2/24,-
20201019205859,10.20.30.2/16,6
20201019205901,10.20.30.2/16,6
20201019205902,10.20.30.1/16,9
20201019205904,192.168.1.2/24,-
20201019205905,192.168.1.2/24,28
20201019205906,10.77.1.1/24,3
20201019205907,10.20.30.2/16,-
20201019205908,192.168.1.2/24,7
20201019205909,192.168.1.1/24,61
20201019205910,10.20.30.1/16,10
20201019205911,10.20.30.2/16,7
20201019205912,10.77.1.1/24,3
20201019205914,10.20.30.1/16,4
20201019205915,192.168.1.2/24,7
20201019205916,192.168.1.1/24,2
20201019205918,192.168.1.1/24,2
20201019205920,192.168.1.1/24,5
20201019205922,10.77.1.2/24,45
20201019205923,10.77.1.2/24,-
20201019205924,10.20.30.2/16,-
20201019205925,10.77.1.2/24,73
20201019205926,192.168.1.2/24,3
20201019205927,10.20.30.2/16,19
20201019205928,192.168.1.2/24,-
20201019205929,10.77.1.1/24,2
20201019205930,192.168.1.1/24,7
20201019205931,10.20.30.2/16,46
20201019205932,10.20.30.1/16,1
20201019205933,10.77.1.1/24,-
20201019205934,10.20.30.1/16,61
20201019205935,10.77.1.1/24,3
20201019205936,192.168.1.2/24,9
20201019205937,192.168.1.1/24,-
20201019205938,10.20.30.1/16,2
20201019205939,192.168.1.2/24,-
20201019205940,10.77.1.1/24,5
20201019205942,10.77.1.2/24,80
20201019205943,10.77.1.1/24,19
20201019205944,192.168.1.1/24,2
20201019205945,10.20.30.2/16,3
20201019205947,10.20.30.1/16,16
20201019205948,10.77.1.2/24,8
20201019205949,192.168.1.2/24,9
20201019205950,192.168.1.2/24,60
20201019205952,192.168.1.2/24,24
20201019205954,192.168.1.1/24,-
20201019205956,10.77.1.2/24,-
20201019205957,10.20.30.1/16,9
20201019205958,10.77.1.1/24,-
20201019205959,192.168.1.2/24,4
20201019210000,10.77.1.2/24,91
20201019210001,10.77.1.1/24,6
20201019210002,10.20.30.1/16,1
20201019210003,10.20.30.1/16,3
20201019210004,10.20.30.1/16,-
20201019210005,192.168.1.1/24,63
20201019210006,10.77.1.1/24,23
20201019210007,192.168.1.1/24,8
20201019210008,10.77.1.2/24,9
20201019210009,192.168.1.1/24,1
20201019210011,10.20.30.1/16,63
20201019210013,192.168.1.2/24,-
20201019210015,192.168.1.1/24,6
20201019210016,192.168.1.2/24,10
20201019210018,10.77.1.1/24,18
20201019210019,192.168.1.1/24,82
20201019210021,192.168.1.1/24,-
20201019210022,10.20.30.1/16,71
20201019210023,10.77.1.2/24,4
20201019210024,10.20.30.2/16,-
20201019210025,192.168.1.2/24,4
20201019210026,192.168.1.2/24,-
20201019210027,10.20.30.1/16,29
20201019210028,10.77.1.1/24,6
20201019210029,10.77.1.1/24,-
20201019210030,10.20.30.1/16,3
20201019210031,10.20.30.1/16,55
20201019210032,192.168.1.2/24,44
20201019210033,192.168.1.1/24,9
20201019210034,192.168.1.1/24,1
20201019210035,192.168.1.1/24,33
20201019210036,10.20.30.2/16,5
20201019210037,192.168.1.2/24,95
20201019210038,192.168.1.2/24,-
20201019210039,10.77.1.2/24,-
20201019210040,10.77.1.2/24,8
20201019210041,10.77.1.1/24,5
20201019210043,10.77.1.1/24,73
20201019210045,10.20.30.2/16,2
20201019210046,10.77.1.2/24,2
20201019210047,10.77.1.2/24,-
20201019210048,10.77.1.2/24,-
20201019210049,10.77.1.1/24,5
20201019210051,10.77.1.1/24,9
20201019210052,192.168.1.2/24,7
20201019210053,10.77.1.1/24,8
20201019210055,10.77.1.1/24,65
20201019210056,10.77.1.1/24,7
20201019210057,10.77.1.2/24,7
20201019210058,192.168.1.1/24,52
20201019210100,10.77.1.2/24,3
20201019210102,10.77.1.2/24,8
20201019210103,10.77.1.1/24,-
20201019210104,10.77.1.1/24,6
20201019210105,10.77.1.2/24,4
20201019210106,192.168.1.1/24,-
20201019210107,192.168.1.1/24,-
20201019210108,192.168.1.1/24,-
20201019210110,10.20.30.2/16,-
20201019210112,192.168.1.1/24,8
20201019210113,10.77.1.1/24,-
20201019210114,10.20.30.2/16,7
20201019210115,10.20.30.2/16,4
20201019210117,10.77.1.2/24,-
20201019210119,10.20.30.2/16,-
20201019210121,10.77.1.2/24,-
20201019210122,10.20.30.1/16,8
20201019210124,10.20.30.2/16,61
20201019210125,192.168.1.1/24,5
20201019210126,10.20.30.2/16,4
20201019210127,10.20.30.1/16,6
20201019210128,10.77.1.2/24,-
20201019210130,192.168.1.1/24,9
20201019210131,10.20.30.1/16,4
20201019210132,10.20.30.2/16,2
20201019210133,10.20.30.1/16,6
20201019210134,10.20.30.2/16,-
20201019210135,192.168.1.1/24,13
20201019210136,10.77.1.2/24,1
20201019210137,10.77.1.1/24,-
20201019210138,192.168.1.1/24,3
20201019210139,192.168.1.1/24,8
20201019210140,10.20.30.1/16,4
20201019210142,10.77.1.2/24,-
20201019210143,192.168.1.1/24,7
20201019210145,10.77.1.1/24,8
20201019210146,10.77.1.1/24,-
20201019210147,10.20.30.2/16,9
20201019210149,10.77.1.2/24,63
20201019210151,10.20.30.2/16,-
20201019210152,192.168.1.2/24,6
20201019210153,10.20.30.1/16,-
20201019210154,10.77.1.2/24,23
20201019210155,10.20.30.1/16,5
20201019210156,192.168.1.2/24,22
20201019210158,192.168.1.2/24,1
20201019210159,192.168.1.1/24,5
20201019210200,192.168.1.2/24,9
20201019210201,10.77.1.2/24,-
20201019210202,192.168.1.2/24,-
20201019210203,192.168.1.2/24,7
20201019210205,192.168.1.1/24,7
20201019210206,10.77.1.1/24,6
20201019210207,192.168.1.1/24,4
20201019210209,10.20.30.1/16,2
20201019210210,10.77.1.1/24,7
20201019210211,192.168.1.2/24,43
20201019210212,10.77.1.2/24,-
20201019210213,10.20.30.1/16,17
20201019210215,10.77.1.1/24,6
20201019210216,10.77.1.2/24,2
20201019210218,10.77.1.2/24,9
20201019210220,10.20.30.2/16,18
20201019210222,10.77.1.2/24,23
20201019210223,10.77.1.2/24,38
20201019210224,10.20.30.1/16,6
20201019210225,10.77.1.1/24,-
20201019210226,10.20.30.1/16,-
20201019210227,10.77.1.2/24,9
20201019210228,192.168.1.2/24,-
20201019210229,10.20.30.2/16,-
20201019210230,10.77.1.2/24,1
20201019210231,192.168.1.1/24,6
20201019210232,10.77.1.1/24,-
20201019210234,10.77.1.2/24,6
20201019210235,10.77.1.2/24,6
20201019210236,192.168.1.2/24,81
20201019210237,10.20.30.1/16,9
20201019210238,10.20.30.2/16,-
20201019210239,10.20.30.1/16,3
20201019210241,192.168.1.2/24,5
20201019210242,10.77.1.1/24,-
20201019210244,10.77.1.1/24,7
20201019210245,10.20.30.2/16,-
20201019210246,10.77.1.2/24,9
20201019210247,10.20.30.1/16,5
20201019210248,10.20.30.1/16,-
20201019210249,10.77.1.2/24,23
20201019210250,10.20.30.2/16,1
20201019210251,192.168.1.2/24,-
20201019210252,10.77.1.1/24,-
20201019210253,10.20.30.1/16,4
20201019210254,10.20.30.2/16,8
20201019210255,10.20.30.2/16,-
20201019210256,10.20.30.2/16,8
20201019210257,10.77.1.2/24,-
20201019210258,10.20.30.2/16,2
20201019210259,10.20.30.1/16,2
20201019210300,192.168.1.1/24,11
20201019210301,192.168.1.2/24,-
20201019210302,10.77.1.2/24,15
20201019210303,10.77.1.2/24,-
20201019210304,192.168.1.1/24,44
20201019210305,10.20.30.1/16,-
20201019210306,10.20.30.2/16,-
20201019210307,10.77.1.2/24,3
20201019210308,10.77.1.1/24,72
20201019210310,10.77.1.1/24,4
20201019210311,10.77.1.2/24,7
20201019210312,192.168.1.1/24,3
20201019210313,192.168.1.2/24,5
20201019210314,10.77.1.1/24,-
20201019210316,192.168.1.1/24,31
20201019210317,10.20.30.1/16,2
20201019210318,10.77.1.2/24,-
20201019210320,10.20.30.1/16,2
20201019210321,192.168.1.1/24,8
20201019210322,10.77.1.2/24,-
20201019210323,10.20.30.2/16,-
20201019210325,10.20.30.2/16,3
20201019210326,10.20.30.2/16,8
20201019210327,10.20.30.1/16,-
20201019210328,192.168.1.1/24,7
20201019210330,10.20.30.2/16,1
20201019210331,10.20.30.1/16,5
20201019210332,10.20.30.1/16,3
20201019210333,10.20.30.1/16,4
20201019210335,192.168.1.2/24,7
20201019210336,192.168.1.2/24,64
20201019210337,10.77.1.2/24,3
20201019210338,192.168.1.2/24,-
20201019210339,10.77.1.2/24,12
20201019210340,192.168.1.2/24,-
20201019210341,10.77.1.1/24,15
20201019210343,192.168.1.1/24,88
20201019210344,10.77.1.1/24,8
20201019210345,192.168.1.2/24,1
20201019210346,10.20.30.2/16,2
20201019210347,10.77.1.2/24,7
20201019210348,10.20.30.1/16,-
20201019210349,10.77.1.1/24,-
20201019210351,192.168.1.2/24,-
20201019210353,10.20.30.2/16,24
20201019210354,10.20.30.1/16,-
20201019210356,10.20.30.1/16,-
20201019210357,192.168.1.2/24,7
20201019210358,10.20.30.2/16,2
20201019210359,192.168.1.1/24,6
20201019210400,10.20.30.2/16,62
20201019210401,10.77.1.2/24,11
20201019210403,192.168.1.2/24,-
20201019210404,10.20.30.2/16,-
20201019210405,10.20.30.1/16,1
20201019210406,10.77.1.1/24,8
20201019210407,10.77.1.1/24,-
20201019210409,192.168.1.1/24,35
20201019210410,192.168.1.1/24,79
20201019210411,192.168.1.2/24,4
20201019210412,10.20.30.1/16,4
20201019210413,10.20.30.2/16,10
20201019210415,10.20.30.1/16,35
20201019210416,192.168.1.1/24,7
20201019210417,192.168.1.1/24,-
20201019210418,192.168.1.1/24,-
20201019210420,192.168.1.2/24,36
20201019210421,10.20.30.2/16,69
20201019210422,192.168.1.1/24,8
20201019210424,10.20.30.1/16,52
20201019210425,192.168.1.2/24,3
20201019210426,192.168.1.1/24,9
20201019210428,10.77.1.2/24,8
20201019210430,10.20.30.1/16,89
20201019210431,192.168.1.2/24,71
20201019210433,192.168.1.2/24,-
20201019210434,10.20.30.2/16,-
20201019210435,192.168.1.1/24,21
20201019210436,10.77.1.1/24,0
20201019210437,192.168.1.2/24,2
20201019210438,10.20.30.2/16,9
20201019210440,10.20.30.1/16,6
20201019210441,10.20.30.2/16,9
20201019210442,10.77.1.1/24,2
20201019210444,192.168.1.2/24,3
20201019210445,192.168.1.2/24,4
20201019210446,10.20.30.1/16,72
20201019210447,10.77.1.1/24,15
20201019210448,10.20.30.2/16,6
20201019210449,10.77.1.2/24,-
20201019210451,10.77.1.1/24,97
20201019210452,10.77.1.2/24,2
20201019210453,10.77.1.2/24,3
20201019210454,10.77.1.1/24,3
20201019210455,192.168.1.1/24,7
20201019210456,10.20.30.1/16,-
20201019210457,192.168.1.2/24,99
20201019210458,192.168.1.2/24,9
20201019210459,10.77.1.2/24,5
20201019210500,192.168.1.2/24,3
20201019210501,10.20.30.1/16,96
20201019210502,10.20.30.2/16,8
20201019210503,10.77.1.2/24,-
20201019210504,192.168.1.1/24,29
20201019210505,10.77.1.2/24,59
20201019210506,10.77.1.1/24,2
20201019210507,192.168.1.2/24,-
20201019210509,192.168.1.2/24,8
20201019210511,192.168.1.2/24,-
20201019210512,10.77.1.1/24,8
20201019210513,10.20.30.1/16,-
20201019210514,10.20.30.1/16,6
20201019210516,10.77.1.2/24,-
20201019210517,10.77.1.2/24,23
20201019210518,10.77.1.1/24,3
20201019210519,192.168.1.2/24,-
20201019210520,10.20.30.2/16,1
20201019210522,10.20.30.1/16,9
20201019210524,10.20.30.2/16,3
20201019210525,10.20.30.1/16,87
20201019210526,192.168.1.2/24,4
20201019210527,192.168.1.2/24,9
20201019210528,10.20.30.1/16,2
20201019210529,192.168.1.1/24,90
20201019210530,192.168.1.2/24,62
20201019210531,192.168.1.1/24,1
20201019210532,10.77.1.2/24,-
20201019210534,192.168.1.2/24,89
20201019210535,192.168.1.1/24,-
20201019210536,10.77.1.2/24,-
20201019210537,192.168.1.1/24,1
20201019210539,10.77.1.2/24,19
20201019210541,10.77.1.2/24,88
20201019210542,10.20.30.1/16,-
20201019210543,192.168.1.1/24,-
20201019210545,10.20.30.2/16,9
20201019210546,10.20.30.1/16,7
20201019210547,10.20.30.2/16,-
20201019210548,192.168.1.1/24,37
20201019210550,192.168.1.2/24,-
20201019210551,10.77.1.1/24,69
20201019210552,10.20.30.2/16,3
20201019210553,10.20.30.1/16,-
20201019210554,10.20.30.2/16,9
20201019210555,192.168.1.2/24,6
20201019210556,10.20.30.2/16,31
20201019210557,10.77.1.1/24,13
20201019210558,10.20.30.2/16,15
20201019210559,10.77.1.2/24,3
20201019210600,10.77.1.1/24,10
20201019210601,10.20.30.2/16,4
20201019210603,10.20.30.2/16,77
20201019210604,10.20.30.1/16,3
20201019210605,192.168.1.1/24,9
20201019210606,192.168.1.1/24,5
20201019210607,192.168.1.2/24,-
20201019210609,192.168.1.1/24,34
20201019210610,10.77.1.2/24,0
20201019210611,192.168.1.2/24,-
20201019210613,10.77.1.1/24,14
20201019210615,10.77.1.1/24,4
20201019210617,10.77.1.1/24,1
20201019210619,192.168.1.1/24,-
20201019210620,10.77.1.2/24,54
20201019210621,192.168.1.2/24,9
20201019210622,10.20.30.1/16,47
20201019210624,10.20.30.1/16,-
20201019210626,10.20.30.1/16,32
20201019210628,192.168.1.1/24,1
20201019210629,10.20.30.1/16,-
20201019210630,192.168.1.2/24,7
20201019210631,192.168.1.2/24,84
20201019210633,10.20.30.2/16,-
20201019210634,10.77.1.1/24,22
20201019210635,10.77.1.2/24,9
20201019210636,10.77.1.1/24,32
20201019210637,192.168.1.1/24,10
20201019210638,10.20.30.1/16,1
20201019210639,10.77.1.1/24,6
20201019210640,10.77.1.2/24,6
20201019210642,10.20.30.1/16,2
20201019210643,10.77.1.1/24,88
20201019210644,10.20.30.1/16,-
20201019210645,10.77.1.2/24,71
20201019210646,10.20.30.2/16,6
20201019210647,10.20.30.2/16,9
20201019210648,10.20.30.2/16,6
20201019210649,192.168.1.2/24,-
20201019210651,10.77.1.1/24,74
20201019210652,10.77.1.1/24,90
20201019210654,10.20.30.2/16,4
20201019210655,10.20.30.2/16,-
20201019210656,10.20.30.1/16,7
20201019210657,10.77.1.1/24,8
20201019210658,10.77.1.1/24,-
20201019210659,192.168.1.2/24,-
20201019210700,10.77.1.2/24,8
20201019210701,10.77.1.2/24,4
20201019210702,10.77.1.1/24,28
20201019210703,10.20.30.1/16,-
20201019210704,10.77.1.1/24,-
20201019210706,10.20.30.2/16,6
20201019210707,192.168.1.1/24,6
20201019210708,10.77.1.1/24,55
20201019210709,10.77.1.2/24,78
20201019210710,192.168.1.2/24,5
20201019210711,10.20.30.1/16,-
20201019210712,10.20.30.2/16,4
20201019210713,10.77.1.1/24,74
20201019210715,192.168.1.1/24,4
20201019210717,192.168.1.2/24,24
20201019210718,10.20.30.2/16,-
20201019210719,192.168.1.1/24,4
20201019210720,10.20.30.1/16,9
20201019210721,10.20.30.2/16,-
20201019210722,10.20.30.2/16,3
20201019210723,192.168.1.2/24,9
20201019210725,10.77.1.1/24,-
20201019210726,10.20.30.1/16,3
20201019210728,192.168.1.1/24,40
20201019210729,10.77.1.2/24,-
20201019210730,10.20.30.2/16,3
20201019210731,192.168.1.2/24,8
20201019210732,192.168.1.1/24,3
20201019210733,10.77.1.1/24,79
20201019210734,192.168.1.2/24,-
20201019210735,10.77.1.2/24,20
20201019210736,10.20.30.1/16,-
20201019210737,10.77.1.2/24,4
20201019210738,192.168.1.1/24,2
20201019210740,192.168.1.2/24,-
20201019210741,192.168.1.1/24,-
20201019210742,10.77.1.1/24,73
20201019210743,192.168.1.2/24,9
20201019210744,192.168.1.1/24,7
20201019210745,10.20.30.2/16,5
20201019210746,10.20.30.1/16,41
20201019210747,10.20.30.2/16,2
20201019210748,10.77.1.1/24,3
20201019210749,192.168.1.1/24,4
20201019210750,192.168.1.2/24,26
20201019210751,10.77.1.2/24,5
20201019210753,192.168.1.2/24,8
20201019210755,192.168.1.2/24,2
20201019210756,10.20.30.1/16,6
20201019210757,10.77.1.2/24,-
20201019210758,10.20.30.1/16,-
20201019210759,10.77.1.1/24,-
20201019210800,10.20.30.1/16,44
20201019210801,10.77.1.2/24,67
20201019210803,10.77.1.2/24,2
20201019210804,10.20.30.1/16,3
20201019210805,10.20.30.2/16,-
20201019210806,10.77.1.2/24,-
20201019210808,10.77.1.1/24,56
20201019210810,10.20.30.2/16,6
20201019210811,192.168.1.1/24,-
20201019210812,10.77.1.2/24,43
20201019210813,10.20.30.1/16,21
20201019210814,192.168.1.1/24,6
20201019210815,192.168.1.1/24,5
20201019210816,10.20.30.2/16,7
20201019210817,10.77.1.2/24,41
20201019210819,10.20.30.2/16,4
20201019210820,10.20.30.2/16,-
20201019210821,10.77.1.1/24,58
20201019210822,192.168.1.1/24,-
20201019210824,192.168.1.1/24,46
20201019210826,10.20.30.2/16,4
20201019210827,10.20.30.1/16,61
20201019210829,192.168.1.1/24,7
20201019210830,10.77.1.1/24,69
20201019210831,10.20.30.1/16,-
20201019210832,10.20.30.1/16,8
20201019210833,10.77.1.2/24,1
20201019210834,192.168.1.1/24,-
20201019210835,10.77.1.1/24,-
20201019210836,10.77.1.2/24,-
20201019210837,10.20.30.2/16,2
20201019210838,10.77.1.2/24,-
20201019210839,192.168.1.1/24,8
20201019210840,192.168.1.1/24,8
20201019210842,192.168.1.1/24,8
20201019210843,192.168.1.2/24,78
20201019210844,192.168.1.2/24,51
20201019210845,192.168.1.2/24,3
20201019210846,192.168.1.1/24,61
20201019210847,192.168.1.2/24,2
20201019210848,10.20.30.1/16,91
20201019210849,10.77.1.2/24,-
20201019210850,10.77.1.1/24,-
20201019210851,10.20.30.2/16,2
20201019210853,10.77.1.1/24,14
20201019210855,10.77.1.1/24,9
20201019210856,10.77.1.2/24,6
20201019210857,10.20.30.1/16,2
20201019210858,10.20.30.2/16,7
20201019210859,192.168.1.2/24,9
20201019210900,192.168.1.1/24,3
20201019210902,10.20.30.2/16,-
20201019210903,10.20.30.2/16,3
20201019210905,10.20.30.1/16,4
20201019210906,10.77.1.1/24,16
20201019210907,192.168.1.1/24,40
20201019210909,192.168.1.2/24,7
20201019210910,10.20.30.2/16,-
20201019210911,192.168.1.1/24,8
20201019210912,10.20.30.2/16,-
20201019210913,192.168.1.1/24,-
20201019210914,10.20.30.2/16,3
20201019210915,192.168.1.1/24,-
20201019210916,10.77.1.2/24,93
20201019210917,192.168.1.2/24,2
20201019210918,192.168.1.1/24,-
20201019210919,192.168.1.2/24,2
20201019210920,10.77.1.1/24,6
20201019210921,192.168.1.1/24,-
20201019210923,10.77.1.2/24,8
20201019210925,10.77.1.2/24,4
20201019210926,10.77.1.1/24,-
20201019210928,192.168.1.1/24,-
20201019210929,10.20.30.1/16,-
20201019210930,192.168.1.2/24,3
20201019210931,10.20.30.1/16,57
20201019210932,10.77.1.2/24,59
20201019210933,10.77.1.1/24,3
20201019210934,192.168.1.2/24,6
20201019210935,10.20.30.1/16,5
20201019210936,10.77.1.1/24,-
20201019210937,10.77.1.2/24,7
20201019210938,192.168.1.1/24,-
20201019210939,192.168.1.1/24,51
20201019210940,192.168.1.1/24,1
20201019210941,192.168.1.1/24,40
20201019210942,192.168.1.2/24,50
20201019210943,10.77.1.1/24,-
20201019210944,192.168.1.2/24,7
20201019210945,192.168.1.1/24,6
20201019210946,192.168.1.1/24,20
20201019210947,192.168.1.1/24,5
20201019210948,10.20.30.2/16,5
20201019210949,10.20.30.2/16,22
20201019210951,10.77.1.2/24,-
20201019210952,10.20.30.2/16,2
20201019210953,10.77.1.2/24,3
20201019210955,192.168.1.1/24,18
20201019210956,192.168.1.1/24,6
20201019210957,10.77.1.1/24,3
20201019210958,192.168.1.2/24,48
20201019210959,10.77.1.1/24,7
20201019211001,10.20.30.1/16,15
20201019211002,192.168.1.1/24,33
20201019211003,10.20.30.2/16,5
20201019211004,10.77.1.1/24,7
20201019211005,10.77.1.2/24,8
20201019211006,10.20.30.2/16,5
20201019211007,192.168.1.2/24,-
20201019211008,10.20.30.1/16,6
20201019211009,10.20.30.1/16,5
20201019211010,10.77.1.2/24,2
20201019211011,192.168.1.1/24,19
20201019211012,10.20.30.1/16,-
20201019211013,10.20.30.1/16,1
20201019211014,192.168.1.2/24,6
20201019211015,10.77.1.2/24,7
20201019211017,10.20.30.2/16,-
20201019211018,10.20.30.1/16,6
20201019211019,192.168.1.2/24,-
20201019211020,10.77.1.2/24,6
20201019211021,10.77.1.2/24,-
20201019211022,192.168.1.2/24,-
20201019211023,10.20.30.2/16,7
20201019211025,192.168.1.1/24,6
20201019211027,10.20.30.1/16,9
20201019211028,10.20.30.1/16,73
20201019211029,10.77.1.2/24,3
20201019211030,192.168.1.2/24,9
20201019211031,10.77.1.1/24,7
20201019211032,192.168.1.2/24,4
20201019211033,10.20.30.2/16,2
20201019211034,192.168.1.2/24,38
20201019211035,192.168.1.1/24,-
20201019211036,192.168.1.2/24,3
20201019211037,10.77.1.2/24,8
20201019211038,10.77.1.2/24,84
20201019211039,10.77.1.2/24,-
20201019211041,10.20.30.2/16,33
20201019211042,192.168.1.2/24,-
20201019211043,10.77.1.2/24,9
20201019211044,10.20.30.1/16,-
20201019211045,192.168.1.2/24,7
20201019211046,192.168.1.2/24,80
20201019211047,10.77.1.1/24,43
20201019211048,192.168.1.1/24,8
20201019211050,10.20.30.2/16,-
20201019211051,10.20.30.2/16,1
20201019211052,10.77.1.2/24,-
20201019211053,192.168.1.2/24,2
20201019211054,10.20.30.2/16,-
20201019211055,10.20.30.2/16,6
20201019211056,192.168.1.1/24,3
20201019211057,192.168.1.2/24,4
20201019211058,10.77.1.2/24,11
20201019211059,10.20.30.1/16,-
20201019211100,192.168.1.1/24,-
20201019211102,10.20.30.1/16,56
20201019211103,10.20.30.2/16,8
20201019211104,10.20.30.1/16,37
20201019211105,10.77.1.1/24,6
20201019211106,192.168.1.2/24,5
20201019211107,10.77.1.1/24,99
20201019211108,10.77.1.1/24,8
20201019211109,10.77.1.1/24,5
20201019211110,10.20.30.1/16,4
20201019211111,192.168.1.2/24,-
20201019211112,192.168.1.1/24,8
20201019211113,192.168.1.2/24,6
20201019211114,192.168.1.1/24,1
20201019211115,192.168.1.2/24,9
20201019211116,10.20.30.1/16,-
20201019211118,192.168.1.1/24,-
20201019211119,10.20.30.1/16,7
20201019211121,10.77.1.2/24,70
20201019211122,192.168.1.1/24,17
20201019211123,10.77.1.2/24,6
20201019211124,192.168.1.1/24,6
20201019211125,10.20.30.1/16,5
20201019211126,10.20.30.2/16,8
20201019211127,10.77.1.1/24,5
20201019211129,10.77.1.2/24,7
20201019211131,10.77.1.2/24,4
20201019211132,10.77.1.1/24,6
20201019211134,10.20.30.1/16,2
20201019211135,10.20.30.2/16,23
20201019211137,192.168.1.2/24,3
20201019211138,192.168.1.1/24,7
20201019211140,192.168.1.1/24,-
20201019211141,10.77.1.1/24,6
20201019211143,10.20.30.1/16,-
20201019211144,10.20.30.2/16,-
20201019211146,10.20.30.2/16,71
20201019211147,192.168.1.1/24,94
20201019211148,10.20.30.1/16,9
20201019211149,10.20.30.1/16,-
20201019211151,10.20.30.2/16,4
20201019211152,10.20.30.2/16,-
20201019211153,192.168.1.2/24,3
20201019211154,10.20.30.2/16,8
20201019211155,192.168.1.1/24,-
20201019211157,192.168.1.2/24,-
20201019211158,10.77.1.1/24,1
20201019211159,10.20.30.1/16,23
20201019211201,192.168.1.1/24,-
20201019211203,10.77.1.2/24,-
20201019211204,10.20.30.2/16,0
20201019211206,10.20.30.2/16,-
20201019211207,192.168.1.1/24,2
20201019211208,10.77.1.2/24,4
20201019211209,192.168.1.1/24,15
20201019211210,10.20.30.1/16,-
20201019211212,192.168.1.1/24,-
20201019211213,10.20.30.2/16,5
20201019211214,10.77.1.1/24,94
20201019211216,192.168.1.2/24,-
20201019211217,192.168.1.1/24,97
20201019211218,10.77.1.2/24,3
20201019211219,192.168.1.2/24,49
20201019211220,192.168.1.2/24,7
20201019211222,10.20.30.2/16,30
20201019211223,10.20.30.1/16,1
20201019211224,10.77.1.1/24,2
20201019211225,192.168.1.1/24,89
20201019211226,10.77.1.2/24,-
20201019211227,10.77.1.1/24,2
20201019211228,10.20.30.2/16,9
20201019211230,192.168.1.1/24,4
20201019211232,192.168.1.1/24,7
20201019211234,10.77.1.1/24,8
20201019211235,10.77.1.1/24,-
20201019211236,10.20.30.1/16,22
20201019211237,10.20.30.1/16,-
20201019211239,192.168.1.2/24,8
20201019211240,10.20.30.2/16,8
20201019211241,10.77.1.2/24,2
20201019211242,10.77.1.1/24,6
20201019211243,192.168.1.1/24,-
20201019211245,10.77.1.1/24,-
20201019211246,10.77.1.1/24,-
20201019211247,10.20.30.1/16,9
20201019211249,10.20.30.2/16,2
20201019211251,192.168.1.1/24,-
20201019211252,192.168.1.1/24,-
20201019211254,10.20.30.1/16,74
20201019211255,10.20.30.2/16,-
20201019211256,10.20.30.2/16,39
20201019211257,192.168.1.2/24,9
20201019211258,10.77.1.2/24,6
20201019211259,10.20.30.2/16,4
20201019211300,10.77.1.1/24,9
20201019211301,10.77.1.1/24,10
20201019211303,10.20.30.1/16,1
20201019211304,10.20.30.2/16,2
20201019211305,10.77.1.2/24,6
20201019211306,10.77.1.2/24,4
20201019211307,10.77.1.2/24,9
20201019211309,10.20.30.2/16,3
20201019211310,192.168.1.1/24,-
20201019211311,192.168.1.1/24,2
20201019211313,192.168.1.2/24,3
20201019211314,10.77.1.1/24,7
20201019211315,10.20.30.1/16,2
20201019211316,10.20.30.2/16,7
20201019211317,10.77.1.2/24,2
20201019211318,10.20.30.1/16,-
20201019211319,10.20.30.1/16,-
20201019211320,192.168.1.1/24,8
20201019211321,10.20.30.1/16,14
20201019211322,192.168.1.1/24,3
20201019211323,10.77.1.2/24,4
20201019211324,10.20.30.1/16,70
20201019211325,10.77.1.1/24,10
20201019211326,192.168.1.1/24,8
20201019211327,192.168.1.2/24,4
20201019211328,10.77.1.2/24,4
20201019211329,10.20.30.1/16,-
20201019211330,192.168.1.2/24,6
20201019211332,10.77.1.1/24,6
20201019211333,10.77.1.1/24,15
20201019211335,192.168.1.1/24,83
20201019211336,192.168.1.1/24,1
20201019211337,10.77.1.2/24,1
20201019211338,10.20.30.1/16,54
20201019211339,10.20.30.1/16,2
20201019211340,10.20.30.2/16,6
20201019211341,10.77.1.2/24,-
20201019211342,10.20.30.1/16,-
20201019211344,10.77.1.1/24,7
20201019211345,10.20.30.2/16,-
20201019211346,192.168.1.1/24,8
20201019211347,192.168.1.1/24,68
20201019211348,10.20.30.2/16,11
20201019211349,10.20.30.2/16,-
20201019211350,10.20.30.2/16,11
20201019211351,192.168.1.1/24,9
20201019211352,10.20.30.1/16,92
20201019211353,192.168.1.2/24,9
20201019211354,192.168.1.1/24,4
20201019211356,10.20.30.1/16,-
20201019211358,192.168.1.2/24,18
20201019211359,10.77.1.2/24,-
20201019211400,192.168.1.1/24,-
20201019211401,10.20.30.2/16,-
20201019211403,192.168.1.2/24,29
20201019211405,192.168.1.2/24,18
20201019211406,10.77.1.1/24,30
20201019211407,10.77.1.1/24,5
20201019211408,192.168.1.2/24,10
20201019211409,192.168.1.2/24,13
20201019211410,10.77.1.1/24,2
20201019211411,192.168.1.1/24,-
20201019211412,10.77.1.2/24,5
20201019211413,10.77.1.2/24,8
20201019211414,10.20.30.2/16,7
20201019211415,192.168.1.2/24,4
20201019211417,192.168.1.1/24,57
20201019211418,10.20.30.1/16,37
20201019211419,10.77.1.2/24,4
20201019211420,10.20.30.1/16,2
20201019211421,10.77.1.1/24,-
20201019211422,10.20.30.1/16,20
20201019211423,10.77.1.1/24,2
20201019211424,10.77.1.2/24,-
20201019211425,192.168.1.2/24,6
20201019211426,192.168.1.2/24,-
20201019211427,10.77.1.2/24,39
20201019211428,192.168.1.1/24,14
20201019211430,192.168.1.1/24,1
20201019211431,10.77.1.2/24,7
20201019211433,10.77.1.2/24,7
20201019211434,192.168.1.1/24,3
20201019211435,10.77.1.2/24,9
20201019211437,10.20.30.1/16,8
20201019211438,10.77.1.2/24,9
20201019211440,10.77.1.1/24,-
20201019211441,192.168.1.1/24,75
20201019211443,192.168.1.1/24,8
20201019211444,192.168.1.1/24,5
20201019211445,10.20.30.2/16,9
20201019211446,192.168.1.1/24,57
20201019211447,10.20.30.1/16,14
20201019211449,192.168.1.1/24,2
20201019211450,10.20.30.1/16,7
20201019211452,10.77.1.2/24,-
20201019211454,10.20.30.2/16,3
20201019211455,10.77.1.1/24,6
20201019211456,10.20.30.2/16,-
20201019211457,10.20.30.1/16,8
20201019211459,10.20.30.2/16,6
20201019211501,10.20.30.1/16,3
20201019211502,192.168.1.2/24,2
20201019211503,192.168.1.2/24,51
20201019211504,10.77.1.1/24,8
20201019211505,10.77.1.2/24,32
20201019211507,10.77.1.2/24,24
20201019211509,192.168.1.1/24,1
20201019211511,10.77.1.1/24,6
20201019211512,192.168.1.1/24,4
20201019211513,10.77.1.2/24,5
20201019211514,10.77.1.2/24,1
20201019211515,10.77.1.1/24,3
20201019211516,10.77.1.1/24,14
20201019211517,10.20.30.1/16,8
20201019211518,192.168.1.1/24,8
20201019211519,192.168.1.2/24,7
20201019211520,192.168.1.2/24,65
20201019211522,10.77.1.1/24,-
20201019211523,192.168.1.1/24,-
20201019211524,192.168.1.2/24,19
20201019211525,10.77.1.2/24,78
20201019211526,10.77.1.1/24,8
20201019211527,10.77.1.2/24,7
20201019211528,10.77.1.2/24,-
20201019211529,10.77.1.2/24,-
20201019211530,10.20.30.2/16,11
20201019211532,192.168.1.2/24,7
20201019211533,10.77.1.1/24,88
20201019211534,192.168.1.1/24,90
20201019211535,10.20.30.2/16,-
20201019211536,10.20.30.2/16,1
20201019211538,192.168.1.1/24,-
20201019211539,10.77.1.2/24,-
20201019211540,10.77.1.2/24,64
20201019211541,10.20.30.2/16,41
20201019211542,10.77.1.1/24,1
20201019211544,10.20.30.2/16,-
20201019211545,192.168.1.1/24,6
20201019211546,10.77.1.2/24,6
20201019211547,10.20.30.1/16,6
20201019211549,10.20.30.2/16,26
20201019211550,192.168.1.2/24,6
20201019211551,10.77.1.1/24,-
20201019211552,10.20.30.2/16,3
20201019211554,10.20.30.1/16,9
20201019211555,10.77.1.2/24,6
20201019211557,10.20.30.2/16,6
20201019211558,192.168.1.2/24,73
20201019211559,192.168.1.1/24,8
20201019211600,192.168.1.1/24,4
20201019211601,10.77.1.2/24,15
20201019211602,192.168.1.2/24,66
20201019211603,10.77.1.1/24,8
20201019211604,10.77.1.2/24,8
20201019211605,10.77.1.2/24,9
20201019211606,192.168.1.2/24,2
20201019211607,10.20.30.2/16,2
20201019211608,192.168.1.1/24,7
20201019211609,10.20.30.1/16,73
20201019211610,10.77.1.1/24,6
20201019211611,192.168.1.2/24,8
20201019211612,10.20.30.2/16,26
20201019211614,10.77.1.2/24,33
20201019211615,192.168.1.1/24,8
20201019211616,192.168.1.2/24,24
20201019211617,10.77.1.2/24,7
20201019211618,192.168.1.1/24,9
20201019211620,10.20.30.2/16,25
20201019211621,10.77.1.1/24,-
20201019211623,192.168.1.1/24,75
20201019211624,10.20.30.2/16,25
20201019211625,192.168.1.2/24,4
20201019211626,10.77.1.1/24,7
20201019211627,10.77.1.2/24,-
20201019211628,10.20.30.1/16,12
20201019211629,10.77.1.2/24,1
20201019211630,192.168.1.1/24,6
20201019211631,10.77.1.2/24,1
20201019211632,192.168.1.2/24,4
20201019211633,10.20.30.2/16,1
20201019211634,192.168.1.1/24,5
20201019211636,10.77.1.2/24,2
20201019211637,192.168.1.2/24,-
20201019211638,10.20.30.2/16,-
20201019211640,192.168.1.1/24,-
20201019211641,10.20.30.1/16,-
20201019211642,10.77.1.1/24,15
20201019211643,10.20.30.1/16,-
20201019211644,10.20.30.2/16,2
20201019211645,10.77.1.2/24,4
20201019211646,10.20.30.2/16,44
20201019211647,192.168.1.1/24,81
20201019211648,10.20.30.2/16,-
20201019211649,192.168.1.2/24,-
20201019211650,10.20.30.2/16,97
20201019211651,10.77.1.1/24,-
20201019211652,10.20.30.1/16,-
20201019211653,10.77.1.2/24,-
20201019211655,10.77.1.1/24,-
20201019211657,192.168.1.1/24,2
20201019211658,192.168.1.1/24,-
20201019211659,10.20.30.1/16,6
20201019211700,10.77.1.2/24,96
20201019211701,192.168.1.1/24,2
20201019211702,10.20.30.1/16,3
20201019211704,192.168.1.1/24,-
20201019211705,10.77.1.1/24,-
20201019211706,192.168.1.2/24,-
20201019211707,10.20.30.1/16,42
20201019211708,10.77.1.2/24,-
20201019211710,10.20.30.2/16,47
20201019211712,192.168.1.1/24,-
20201019211713,10.77.1.2/24,-
20201019211715,192.168.1.2/24,1
20201019211716,10.20.30.2/16,40
20201019211717,10.20.30.2/16,43
20201019211718,10.20.30.2/16,95
20201019211719,10.20.30.1/16,-
20201019211720,10.77.1.1/24,1
20201019211721,192.168.1.1/24,-
20201019211722,10.77.1.1/24,44
20201019211723,192.168.1.2/24,8
20201019211724,10.77.1.2/24,5
20201019211726,192.168.1.1/24,-
20201019211727,10.77.1.2/24,5
20201019211728,10.77.1.1/24,-
20201019211729,10.20.30.1/16,16
20201019211730,10.20.30.2/16,-
20201019211731,10.77.1.2/24,7
20201019211732,192.168.1.1/24,99
20201019211733,10.20.30.1/16,-
20201019211734,192.168.1.1/24,42
20201019211736,10.20.30.1/16,44
20201019211737,10.20.30.2/16,3
20201019211738,192.168.1.1/24,77
20201019211739,192.168.1.1/24,9
20201019211741,192.168.1.2/24,8
20201019211742,192.168.1.1/24,-
20201019211743,192.168.1.2/24,5
20201019211745,192.168.1.1/24,66
20201019211746,10.77.1.1/24,15
20201019211747,192.168.1.2/24,5
20201019211748,192.168.1.2/24,-
20201019211749,10.77.1.2/24,2
20201019211750,10.20.30.2/16,1
20201019211751,10.20.30.2/16,1
20201019211752,192.168.1.2/24,6
20201019211753,192.168.1.2/24,-
20201019211754,192.168.1.2/24,-
20201019211756,10.20.30.1/16,-
20201019211757,192.168.1.1/24,7
20201019211758,10.20.30.1/16,21
20201019211759,10.77.1.2/24,38
20201019211801,10.20.30.2/16,-
20201019211802,10.77.1.1/24,3
20201019211803,10.77.1.1/24,9
20201019211804,10.77.1.1/24,-
20201019211805,10.20.30.2/16,-
20201019211806,10.20.30.2/16,2
20201019211807,192.168.1.2/24,-
20201019211808,10.77.1.1/24,50
20201019211809,10.77.1.2/24,-
20201019211810,10.20.30.2/16,2
20201019211811,192.168.1.1/24,8
20201019211812,10.77.1.2/24,55
20201019211813,10.77.1.2/24,30
20201019211814,192.168.1.2/24,-
20201019211815,10.77.1.2/24,-
20201019211816,10.20.30.2/16,7
20201019211817,10.77.1.1/24,5
20201019211819,10.77.1.1/24,5
20201019211820,192.168.1.2/24,6
20201019211821,192.168.1.2/24,63
20201019211822,10.20.30.2/16,-
20201019211823,10.77.1.1/24,2
20201019211825,10.20.30.1/16,8
20201019211826,10.77.1.2/24,-
20201019211827,192.168.1.1/24,9
20201019211828,192.168.1.2/24,-
20201019211829,10.20.30.2/16,4
20201019211830,192.168.1.1/24,4
20201019211831,192.168.1.1/24,-
20201019211832,10.77.1.2/24,-
20201019211833,10.77.1.2/24,6
20201019211834,10.77.1.2/24,4
20201019211835,10.77.1.1/24,70
20201019211836,192.168.1.2/24,-
20201019211838,10.77.1.2/24,-
20201019211839,10.77.1.2/24,38
20201019211840,10.20.30.1/16,6
20201019211841,10.20.30.2/16,57
20201019211842,192.168.1.2/24,3
20201019211843,10.20.30.2/16,2
20201019211844,192.168.1.2/24,71
20201019211845,192.168.1.1/24,10
20201019211846,192.168.1.1/24,5
20201019211848,192.168.1.1/24,7
20201019211849,10.20.30.1/16,8
20201019211850,10.20.30.2/16,4
20201019211851,10.77.1.1/24,11
20201019211853,10.20.30.1/16,6
20201019211854,10.77.1.2/24,13
20201019211855,10.77.1.1/24,-
20201019211856,192.168.1.1/24,3
20201019211857,192.168.1.1/24,1
20201019211858,10.20.30.1/16,1
20201019211900,192.168.1.1/24,59
20201019211901,10.20.30.1/16,6
20201019211902,192.168.1.1/24,82
20201019211903,10.20.30.2/16,1
20201019211904,10.77.1.1/24,2
20201019211905,10.20.30.2/16,1
20201019211906,10.20.30.1/16,2
20201019211907,192.168.1.1/24,7
20201019211908,10.20.30.2/16,-
20201019211909,10.20.30.1/16,43
20201019211910,10.77.1.2/24,-
20201019211911,10.20.30.1/16,92
20201019211912,10.77.1.1/24,8
20201019211913,10.77.1.1/24,-
20201019211914,192.168.1.1/24,-
20201019211915,192.168.1.2/24,18
20201019211916,10.77.1.1/24,75
20201019211917,10.20.30.1/16,3
20201019211918,10.77.1.1/24,5
20201019211919,10.20.30.2/16,17
20201019211921,10.20.30.1/16,2
20201019211922,10.77.1.1/24,-
20201019211923,10.77.1.2/24,5
20201019211924,10.20.30.2/16,15
20201019211925,10.77.1.1/24,6
20201019211926,10.20.30.1/16,9
20201019211927,192.168.1.2/24,3
20201019211928,10.20.30.2/16,89
20201019211929,10.77.1.1/24,5
20201019211931,192.168.1.2/24,79
20201019211933,192.168.1.2/24,75
20201019211934,10.20.30.2/16,5
20201019211936,10.77.1.2/24,-
20201019211937,10.77.1.2/24,2
20201019211938,192.168.1.2/24,1
20201019211940,10.77.1.1/24,-
20201019211941,192.168.1.2/24,7
20201019211943,10.77.1.1/24,7
20201019211944,10.77.1.2/24,7
20201019211945,10.20.30.1/16,-
20201019211946,192.168.1.2/24,8
20201019211947,10.20.30.2/16,21
20201019211948,10.77.1.1/24,7
20201019211949,10.20.30.2/16,-
20201019211950,192.168.1.2/24,7
20201019211951,10.77.1.1/24,54
20201019211952,192.168.1.1/24,4
20201019211953,192.168.1.1/24,3
20201019211955,10.77.1.2/24,24
20201019211956,192.168.1.1/24,-
20201019211957,10.77.1.2/24,5
20201019211958,10.20.30.1/16,9
20201019211959,10.77.1.1/24,12
20201019212000,10.77.1.1/24,77
20201019212001,10.77.1.1/24,-
20201019212002,192.168.1.2/24,5
20201019212003,10.77.1.1/24,7
20201019212004,192.168.1.1/24,1
20201019212006,10.20.30.1/16,23
20201019212007,192.168.1.2/24,7
20201019212009,192.168.1.2/24,9
20201019212010,10.20.30.1/16,-
20201019212011,10.20.30.2/16,-
20201019212013,10.20.30.2/16,9
20201019212014,10.77.1.2/24,-
20201019212015,192.168.1.1/24,-
20201019212016,192.168.1.2/24,19
20201019212017,10.77.1.2/24,7
20201019212018,10.20.30.1/16,-
20201019212019,192.168.1.1/24,-
20201019212021,10.20.30.1/16,9
20201019212022,192.168.1.1/24,4
20201019212023,10.20.30.1/16,1
20201019212024,192.168.1.1/24,19
20201019212025,192.168.1.2/24,10
20201019212026,10.77.1.1/24,7
20201019212027,10.20.30.2/16,1
20201019212029,10.20.30.2/16,-
20201019212030,192.168.1.1/24,6
20201019212031,10.20.30.2/16,3
20201019212032,192.168.1.1/24,27
20201019212033,10.77.1.1/24,-
20201019212034,10.77.1.2/24,2
20201019212035,10.77.1.2/24,8
20201019212036,10.77.1.1/24,12
20201019212037,192.168.1.1/24,-
20201019212038,10.20.30.1/16,47
20201019212039,192.168.1.1/24,11
20201019212040,192.168.1.2/24,-
20201019212041,192.168.1.1/24,-
20201019212043,10.20.30.2/16,4
20201019212044,10.77.1.1/24,7
20201019212046,10.20.30.2/16,-
20201019212048,10.77.1.1/24,5
20201019212050,10.77.1.2/24,-
20201019212052,10.77.1.2/24,7
20201019212053,10.20.30.2/16,4
20201019212054,10.20.30.2/16,8
20201019212055,192.168.1.1/24,3
20201019212056,192.168.1.1/24,7
20201019212057,10.77.1.1/24,9
20201019212058,10.77.1.1/24,7
20201019212059,10.20.30.1/16,8
20201019212100,192.168.1.1/24,9
20201019212101,10.20.30.2/16,-
20201019212102,10.20.30.1/16,72
20201019212104,10.20.30.1/16,-
20201019212105,192.168.1.1/24,6
20201019212107,192.168.1.1/24,-
20201019212109,10.20.30.2/16,7
20201019212110,192.168.1.2/24,4
20201019212111,10.77.1.1/24,-
20201019212112,192.168.1.2/24,-
20201019212113,10.77.1.1/24,4
20201019212114,192.168.1.1/24,19
20201019212116,10.20.30.1/16,4
20201019212117,10.77.1.1/24,59
20201019212118,10.77.1.1/24,-
20201019212119,10.20.30.2/16,5
20201019212120,10.20.30.1/16,3
20201019212122,10.77.1.2/24,7
20201019212123,192.168.1.1/24,5
20201019212124,10.77.1.1/24,7
20201019212126,192.168.1.2/24,7
20201019212127,192.168.1.1/24,8
20201019212128,192.168.1.2/24,14
20201019212129,10.77.1.2/24,-
20201019212130,192.168.1.2/24,-
20201019212131,192.168.1.1/24,4
20201019212132,10.77.1.2/24,-
20201019212133,10.20.30.2/16,-
20201019212134,10.77.1.1/24,-
20201019212135,10.20.30.1/16,7
20201019212136,192.168.1.1/24,-
20201019212137,10.77.1.1/24,9
20201019212138,192.168.1.2/24,7
20201019212139,10.20.30.2/16,8
20201019212140,192.168.1.2/24,12
20201019212141,192.168.1.2/24,4
20201019212142,10.77.1.1/24,-
20201019212143,10.20.30.2/16,-
20201019212144,10.20.30.1/16,-
20201019212145,10.77.1.1/24,57
20201019212147,10.77.1.1/24,-
20201019212149,10.20.30.2/16,13
20201019212150,192.168.1.2/24,19
20201019212151,10.20.30.1/16,-
20201019212152,10.77.1.1/24,-
20201019212153,10.77.1.2/24,8
20201019212154,10.77.1.2/24,-
20201019212156,192.168.1.2/24,1
20201019212157,10.77.1.2/24,-
20201019212158,10.77.1.1/24,9
20201019212200,192.168.1.2/24,8
20201019212202,192.168.1.2/24,-
20201019212203,192.168.1.2/24,7
20201019212205,10.20.30.2/16,6
20201019212206,10.20.30.2/16,6
20201019212207,10.20.30.2/16,7
20201019212208,10.20.30.1/16,9
20201019212210,192.168.1.2/24,-
20201019212211,10.20.30.2/16,-
20201019212212,10.20.30.2/16,7
20201019212214,10.20.30.2/16,2
20201019212215,192.168.1.2/24,16
20201019212216,10.20.30.1/16,3
20201019212217,10.20.30.1/16,-
20201019212218,192.168.1.1/24,23
20201019212219,10.77.1.1/24,5
20201019212220,10.77.1.2/24,95
20201019212221,192.168.1.2/24,6
20201019212222,10.20.30.2/16,1
20201019212223,10.77.1.1/24,1
20201019212225,10.77.1.1/24,9
20201019212226,192.168.1.2/24,9
20201019212228,10.20.30.1/16,4
20201019212230,10.20.30.2/16,3
20201019212231,10.20.30.2/16,14
20201019212232,10.20.30.2/16,49
20201019212233,192.168.1.1/24,-
20201019212234,192.168.1.1/24,41
20201019212235,10.20.30.2/16,88
20201019212236,192.168.1.1/24,1
20201019212237,192.168.1.1/24,80
20201019212238,192.168.1.2/24,10
20201019212239,10.20.30.1/16,-
20201019212240,10.20.30.1/16,68
20201019212242,10.77.1.2/24,8
20201019212243,192.168.1.2/24,51
20201019212244,10.20.30.1/16,2
20201019212245,10.20.30.1/16,11
20201019212246,192.168.1.1/24,-
20201019212248,10.20.30.1/16,9
20201019212250,10.20.30.1/16,-
20201019212251,192.168.1.2/24,-
20201019212252,10.77.1.1/24,6
20201019212254,10.77.1.2/24,1
20201019212256,10.20.30.1/16,3
20201019212258,10.20.30.1/16,5
20201019212259,192.168.1.1/24,-
20201019212300,10.20.30.1/16,4
20201019212302,10.20.30.1/16,15
20201019212303,10.20.30.1/16,86
20201019212304,10.77.1.1/24,-
20201019212305,192.168.1.2/24,2
20201019212306,192.168.1.1/24,5
20201019212308,10.20.30.2/16,2
20201019212310,192.168.1.1/24,1
20201019212311,10.20.30.2/16,9
20201019212313,10.77.1.1/24,-
20201019212315,10.77.1.2/24,-
20201019212316,10.20.30.2/16,-
20201019212317,10.77.1.2/24,8
20201019212318,192.168.1.2/24,2
20201019212319,10.20.30.1/16,6
20201019212320,192.168.1.1/24,27
20201019212321,192.168.1.1/24,6
20201019212322,10.77.1.2/24,-
20201019212323,10.77.1.1/24,3
20201019212324,10.20.30.1/16,9
20201019212326,10.77.1.2/24,56
20201019212327,192.168.1.1/24,3
20201019212328,10.20.30.2/16,9
20201019212330,10.20.30.1/16,67
20201019212331,10.20.30.2/16,-
20201019212333,10.77.1.2/24,7
20201019212334,10.20.30.2/16,7
20201019212335,192.168.1.2/24,8
20201019212336,10.20.30.2/16,8
20201019212337,10.77.1.1/24,1
20201019212338,10.77.1.1/24,3
20201019212339,192.168.1.2/24,6
20201019212340,10.20.30.2/16,81
20201019212341,192.168.1.1/24,93
20201019212342,192.168.1.2/24,74
20201019212343,10.20.30.1/16,6
20201019212344,10.20.30.2/16,2
20201019212345,10.20.30.1/16,-
20201019212346,10.77.1.2/24,2
20201019212347,10.20.30.2/16,33
20201019212348,10.20.30.2/16,92
20201019212349,192.168.1.2/24,7
20201019212350,192.168.1.1/24,1
20201019212351,10.77.1.1/24,9
20201019212352,10.20.30.2/16,2
20201019212353,192.168.1.2/24,65
20201019212354,10.77.1.1/24,5
20201019212355,192.168.1.1/24,-
20201019212356,192.168.1.1/24,-
20201019212357,10.20.30.1/16,-
20201019212358,10.20.30.2/16,6
20201019212359,10.20.30.2/16,-
20201019212400,192.168.1.1/24,1
20201019212402,10.77.1.1/24,2
20201019212403,192.168.1.2/24,63
20201019212405,10.20.30.2/16,-
20201019212406,192.168.1.2/24,-
20201019212408,192.168.1.2/24,1
20201019212409,192.168.1.2/24,8
20201019212411,10.77.1.1/24,10
20201019212413,192.168.1.2/24,-
20201019212415,192.168.1.1/24,-
20201019212416,192.168.1.1/24,60
20201019212417,10.20.30.1/16,75
20201019212418,10.77.1.1/24,-
20201019212420,10.77.1.1/24,-
20201019212421,10.20.30.2/16,2
20201019212422,10.77.1.1/24,9
20201019212423,10.20.30.1/16,6
20201019212424,10.77.1.1/24,4
20201019212425,10.20.30.2/16,-
20201019212427,10.20.30.1/16,9
20201019212429,10.20.30.2/16,86
20201019212430,10.77.1.1/24,21
20201019212431,192.168.1.1/24,1
20201019212433,192.168.1.1/24,7
20201019212435,10.77.1.2/24,26
20201019212436,192.168.1.1/24,2
20201019212437,10.77.1.2/24,93
20201019212439,10.77.1.2/24,11
20201019212440,10.77.1.2/24,7
20201019212441,10.77.1.1/24,4
20201019212443,192.168.1.2/24,30
20201019212444,192.168.1.2/24,7
20201019212445,192.168.1.2/24,8
20201019212446,10.77.1.2/24,9
20201019212447,10.77.1.1/24,6
20201019212448,192.168.1.1/24,4
20201019212450,10.20.30.2/16,-
20201019212451,10.77.1.1/24,5
20201019212452,10.20.30.2/16,5
20201019212453,10.77.1.1/24,4
20201019212454,10.20.30.1/16,8
20201019212455,192.168.1.2/24,3
20201019212456,10.20.30.2/16,8
20201019212457,10.20.30.2/16,-
20201019212459,10.77.1.1/24,97
20201019212501,10.20.30.1/16,5
20201019212502,10.20.30.2/16,7
20201019212503,192.168.1.2/24,9
20201019212505,192.168.1.1/24,-
20201019212506,10.77.1.2/24,24
20201019212507,10.77.1.2/24,1
20201019212508,10.20.30.2/16,-
20201019212509,10.77.1.2/24,-
20201019212510,10.20.30.2/16,9
20201019212511,10.77.1.1/24,83
20201019212512,10.77.1.2/24,8
20201019212513,10.20.30.1/16,2
20201019212514,192.168.1.2/24,-
20201019212515,10.20.30.2/16,1
20201019212516,192.168.1.1/24,9
20201019212518,192.168.1.1/24,2
20201019212519,10.77.1.1/24,7
20201019212520,10.77.1.1/24,-
20201019212522,10.77.1.1/24,-
20201019212523,10.77.1.1/24,13
20201019212524,10.20.30.1/16,9
20201019212525,10.20.30.1/16,-
20201019212526,10.20.30.2/16,-
20201019212527,192.168.1.1/24,9
20201019212529,10.77.1.1/24,3
20201019212530,10.20.30.1/16,3
20201019212531,10.20.30.2/16,16
20201019212532,10.20.30.1/16,8
20201019212533,10.77.1.2/24,6
20201019212534,192.168.1.2/24,3
20201019212535,10.20.30.1/16,-
20201019212536,10.77.1.1/24,-
20201019212537,10.77.1.1/24,7
20201019212538,192.168.1.1/24,2
20201019212539,10.20.30.1/16,-
20201019212540,10.77.1.2/24,-
20201019212541,10.77.1.1/24,5
20201019212542,10.20.30.2/16,5
20201019212544,10.77.1.2/24,7
20201019212545,192.168.1.1/24,-
20201019212546,192.168.1.1/24,2
20201019212547,192.168.1.1/24,2
20201019212548,192.168.1.1/24,-
20201019212549,10.20.30.2/16,7
20201019212550,10.77.1.1/24,5
20201019212552,192.168.1.2/24,17
20201019212553,192.168.1.1/24,92
20201019212554,192.168.1.1/24,-
20201019212556,10.77.1.2/24,4
20201019212557,10.20.30.1/16,23
20201019212558,10.20.30.1/16,5
20201019212559,10.77.1.2/24,77
20201019212600,192.168.1.1/24,2
20201019212601,10.20.30.2/16,-
20201019212602,10.20.30.1/16,76
20201019212603,10.20.30.2/16,6
20201019212605,10.77.1.1/24,5
20201019212607,10.77.1.1/24,4
20201019212608,10.77.1.1/24,20
20201019212609,10.77.1.2/24,6
20201019212610,10.20.30.1/16,-
20201019212612,10.77.1.2/24,-
20201019212613,10.77.1.1/24,-
20201019212615,10.77.1.2/24,50
20201019212617,192.168.1.1/24,2
20201019212618,10.20.30.1/16,9
20201019212619,10.20.30.1/16,-
20201019212620,10.20.30.2/16,69
20201019212621,192.168.1.1/24,-
20201019212622,192.168.1.2/24,-
20201019212623,10.20.30.1/16,-
20201019212624,10.20.30.1/16,8
20201019212625,10.20.30.2/16,-
20201019212626,192.168.1.2/24,2
20201019212627,10.77.1.2/24,7
20201019212628,192.168.1.2/24,-
20201019212630,192.168.1.2/24,45
20201019212632,10.77.1.2/24,7
20201019212634,10.20.30.1/16,-
20201019212635,10.77.1.2/24,-
20201019212636,10.77.1.1/24,3
20201019212638,10.77.1.1/24,2
20201019212639,10.77.1.2/24,4
20201019212640,10.20.30.1/16,82
20201019212641,10.20.30.1/16,-
20201019212642,10.77.1.1/24,6
20201019212643,10.20.30.2/16,54
20201019212645,10.77.1.2/24,-
20201019212646,10.77.1.1/24,3
20201019212647,10.77.1.2/24,3
20201019212648,10.77.1.1/24,16
20201019212649,10.77.1.1/24,4
20201019212651,10.77.1.2/24,96
20201019212652,10.77.1.1/24,6
20201019212653,192.168.1.1/24,-
20201019212654,10.20.30.1/16,70
20201019212655,192.168.1.2/24,2
20201019212656,10.20.30.2/16,8
20201019212657,192.168.1.1/24,3
20201019212658,10.20.30.1/16,4
20201019212659,10.77.1.2/24,-
20201019212700,192.168.1.1/24,5
20201019212701,192.168.1.1/24,5
20201019212702,10.20.30.1/16,97
20201019212703,10.20.30.2/16,-
20201019212704,10.77.1.1/24,8
20201019212705,192.168.1.2/24,-
20201019212707,10.77.1.1/24,3
20201019212708,192.168.1.2/24,5
20201019212709,10.77.1.2/24,93
20201019212710,192.168.1.2/24,7
20201019212711,10.20.30.2/16,1
20201019212712,192.168.1.2/24,4
20201019212713,10.77.1.2/24,38
20201019212715,10.20.30.2/16,6
20201019212716,192.168.1.2/24,58
20201019212717,10.77.1.2/24,4
20201019212718,10.20.30.1/16,-
20201019212720,10.77.1.1/24,6
20201019212722,10.20.30.2/16,26
20201019212723,10.20.30.1/16,5
20201019212724,10.77.1.2/24,69
20201019212725,192.168.1.1/24,43
20201019212726,10.77.1.1/24,53
20201019212727,192.168.1.1/24,-
20201019212729,10.77.1.2/24,-
20201019212731,10.20.30.1/16,-
20201019212732,10.20.30.2/16,22
20201019212734,192.168.1.2/24,-
20201019212736,10.77.1.1/24,86
20201019212737,192.168.1.1/24,-
20201019212738,10.20.30.1/16,40
20201019212739,10.20.30.2/16,5
20201019212740,10.77.1.1/24,7
20201019212742,192.168.1.2/24,3
20201019212743,192.168.1.1/24,-
20201019212745,10.20.30.1/16,10
20201019212746,192.168.1.1/24,62
20201019212747,10.20.30.2/16,33
20201019212749,10.20.30.1/16,18
20201019212750,10.20.30.2/16,3
20201019212752,10.77.1.2/24,-
20201019212754,10.77.1.2/24,-
20201019212755,10.20.30.2/16,54
20201019212756,10.20.30.1/16,-
20201019212757,10.20.30.1/16,1
20201019212758,192.168.1.2/24,5
20201019212759,192.168.1.2/24,7
20201019212800,10.77.1.2/24,78
20201019212802,10.20.30.1/16,2
20201019212803,192.168.1.2/24,50
20201019212804,10.20.30.2/16,7
20201019212806,10.77.1.2/24,-
20201019212807,192.168.1.1/24,7
20201019212808,10.20.30.2/16,-
20201019212809,192.168.1.2/24,-
20201019212810,10.77.1.2/24,6
20201019212811,10.20.30.1/16,9
20201019212812,10.20.30.2/16,3
20201019212814,10.20.30.2/16,9
20201019212816,10.77.1.1/24,51
20201019212817,10.77.1.2/24,2
20201019212818,10.77.1.1/24,10
20201019212819,192.168.1.2/24,-
20201019212821,10.20.30.1/16,1
20201019212823,10.77.1.1/24,4
20201019212824,10.77.1.2/24,-
20201019212825,10.20.30.1/16,9
20201019212826,10.20.30.2/16,48
20201019212827,192.168.1.1/24,8
20201019212829,192.168.1.2/24,2
20201019212831,192.168.1.2/24,-
20201019212832,10.20.30.2/16,2
20201019212833,192.168.1.2/24,6
20201019212834,192.168.1.2/24,8
20201019212836,10.20.30.1/16,31
20201019212837,10.20.30.2/16,8
20201019212838,10.20.30.1/16,7
20201019212840,10.77.1.1/24,5
20201019212841,10.20.30.2/16,7
20201019212842,192.168.1.1/24,8
20201019212844,10.20.30.2/16,2
20201019212845,10.20.30.2/16,1
20201019212846,10.77.1.1/24,7
20201019212847,10.77.1.1/24,3
20201019212848,10.20.30.2/16,-
20201019212849,10.77.1.2/24,9
20201019212850,10.20.30.1/16,1
20201019212851,10.77.1.1/24,5
20201019212852,10.20.30.2/16,-
20201019212854,192.168.1.1/24,3
20201019212855,192.168.1.2/24,2
20201019212856,192.168.1.1/24,36
20201019212857,10.20.30.2/16,5
20201019212858,10.77.1.2/24,-
20201019212900,10.20.30.1/16,9
20201019212901,10.20.30.2/16,35
20201019212902,10.77.1.2/24,-
20201019212903,10.77.1.2/24,1
20201019212904,10.77.1.2/24,42
20201019212905,10.20.30.1/16,7
20201019212906,192.168.1.1/24,-
20201019212907,192.168.1.2/24,2
20201019212909,10.77.1.1/24,55
20201019212910,10.20.30.1/16,23
20201019212911,192.168.1.1/24,7
20201019212912,192.168.1.2/24,13
20201019212913,10.77.1.1/24,21
20201019212915,10.77.1.1/24,4
20201019212916,192.168.1.1/24,12
20201019212917,192.168.1.1/24,9
20201019212918,10.20.30.1/16,1
20201019212919,192.168.1.1/24,7
20201019212920,192.168.1.1/24,8
20201019212921,192.168.1.1/24,2
20201019212922,10.20.30.2/16,-
20201019212924,10.77.1.2/24,1
20201019212925,10.20.30.1/16,7
20201019212926,10.77.1.2/24,7
20201019212927,10.20.30.2/16,7
20201019212928,192.168.1.1/24,9
20201019212929,10.77.1.1/24,5
20201019212930,10.77.1.1/24,9
20201019212932,10.20.30.2/16,-
20201019212933,10.77.1.2/24,7
20201019212935,10.77.1.1/24,8
20201019212937,192.168.1.2/24,-
20201019212938,10.20.30.2/16,10
20201019212940,192.168.1.1/24,5
20201019212941,10.77.1.2/24,8
20201019212942,192.168.1.2/24,8
20201019212943,192.168.1.1/24,88
20201019212944,192.168.1.1/24,5
20201019212946,10.77.1.2/24,-
20201019212947,10.20.30.2/16,5
20201019212948,10.77.1.2/24,-
20201019212949,10.77.1.2/24,6
20201019212950,10.20.30.1/16,55
20201019212952,10.20.30.2/16,-
20201019212953,192.168.1.2/24,3
20201019212954,192.168.1.1/24,11
20201019212955,192.168.1.2/24,9
20201019212956,192.168.1.2/24,-
20201019212957,10.77.1.1/24,14
20201019212958,10.77.1.2/24,-
20201019213000,10.20.30.2/16,36
20201019213001,10.20.30.1/16,8
20201019213003,10.77.1.2/24,1
20201019213004,192.168.1.1/24,-
20201019213005,192.168.1.2/24,5
20201019213006,10.77.1.1/24,-
20201019213007,10.77.1.1/24,62
20201019213009,192.168.1.2/24,1
20201019213010,192.168.1.2/24,12
20201019213011,10.77.1.2/24,-
20201019213012,192.168.1.2/24,-
20201019213013,192.168.1.1/24,1
20201019213014,10.77.1.2/24,-
20201019213015,10.77.1.2/24,4
20201019213017,10.77.1.2/24,-
20201019213018,10.77.1.1/24,-
20201019213019,10.20.30.2/16,1
20201019213020,10.20.30.1/16,5
20201019213021,10.77.1.2/24,6
20201019213022,10.77.1.2/24,4
20201019213023,10.20.30.1/16,1
20201019213024,10.20.30.2/16,-
20201019213026,10.77.1.2/24,13
20201019213028,192.168.1.2/24,-
20201019213029,192.168.1.1/24,9
20201019213031,10.77.1.1/24,6
20201019213033,192.168.1.2/24,9
20201019213035,192.168.1.2/24,-
20201019213036,192.168.1.2/24,6
20201019213038,10.20.30.1/16,4
20201019213039,192.168.1.2/24,-
20201019213040,10.77.1.2/24,2
20201019213041,10.77.1.2/24,-
20201019213042,10.20.30.1/16,-
20201019213043,10.20.30.2/16,2
20201019213044,10.77.1.1/24,40
20201019213045,192.168.1.1/24,5
20201019213047,10.77.1.2/24,-
20201019213048,10.20.30.2/16,-
20201019213050,192.168.1.1/24,-
20201019213052,10.77.1.1/24,-
20201019213053,192.168.1.2/24,7
20201019213054,192.168.1.1/24,6
20201019213055,192.168.1.1/24,6
20201019213056,10.20.30.1/16,-
20201019213057,192.168.1.2/24,-
20201019213058,10.77.1.2/24,1
20201019213059,10.20.30.1/16,2
20201019213101,10.77.1.2/24,-
20201019213102,10.20.30.1/16,-
20201019213103,10.20.30.2/16,6
20201019213105,10.77.1.1/24,5
20201019213106,192.168.1.2/24,-
20201019213107,10.20.30.1/16,-
20201019213108,192.168.1.1/24,8
20201019213109,192.168.1.2/24,27
20201019213111,10.20.30.1/16,-
20201019213112,10.77.1.2/24,-
20201019213113,192.168.1.1/24,23
20201019213114,10.77.1.1/24,2
20201019213115,10.77.1.1/24,80
20201019213116,10.20.30.1/16,7
20201019213117,192.168.1.2/24,-
20201019213119,192.168.1.2/24,8
20201019213120,192.168.1.2/24,-
20201019213122,10.77.1.2/24,15
20201019213123,10.20.30.1/16,50
20201019213125,192.168.1.1/24,8
20201019213126,192.168.1.2/24,8
20201019213127,192.168.1.2/24,5
20201019213128,10.20.30.2/16,8
20201019213130,10.20.30.1/16,8
20201019213131,10.77.1.1/24,-
20201019213132,10.20.30.2/16,-
20201019213133,10.20.30.1/16,3
20201019213134,10.20.30.1/16,11
20201019213135,10.20.30.2/16,-
20201019213136,192.168.1.1/24,-
20201019213137,10.20.30.2/16,6
20201019213138,10.20.30.2/16,6
20201019213139,192.168.1.1/24,7
20201019213140,10.77.1.1/24,37
20201019213141,10.20.30.1/16,-
20201019213142,192.168.1.2/24,7
20201019213143,10.20.30.1/16,14
20201019213144,192.168.1.2/24,2
20201019213145,192.168.1.1/24,7
20201019213147,192.168.1.1/24,1
20201019213149,192.168.1.2/24,95
20201019213150,10.77.1.1/24,4
20201019213151,10.77.1.1/24,-
20201019213153,10.77.1.1/24,9
20201019213155,10.77.1.1/24,10
20201019213156,192.168.1.2/24,7
20201019213158,10.20.30.2/16,-
20201019213159,10.20.30.1/16,3
20201019213201,10.20.30.1/16,4
20201019213202,10.20.30.2/16,5
20201019213204,10.77.1.1/24,3
20201019213205,192.168.1.1/24,-
20201019213206,10.20.30.1/16,2
20201019213207,10.20.30.2/16,-
20201019213208,192.168.1.2/24,3
20201019213210,10.20.30.2/16,4
20201019213211,10.77.1.1/24,4
20201019213212,10.77.1.1/24,-
20201019213213,192.168.1.2/24,-
20201019213214,192.168.1.1/24,1
20201019213215,10.20.30.1/16,27
20201019213217,10.20.30.1/16,-
20201019213218,10.20.30.2/16,65
20201019213219,10.77.1.1/24,1
20201019213220,10.20.30.1/16,37
20201019213221,10.77.1.1/24,72
20201019213222,10.77.1.1/24,7
20201019213224,10.77.1.1/24,-
20201019213225,192.168.1.2/24,1
20201019213226,10.20.30.2/16,38
20201019213227,192.168.1.1/24,-
20201019213228,10.77.1.1/24,6
20201019213230,192.168.1.2/24,11
20201019213232,10.20.30.1/16,-
20201019213233,10.20.30.2/16,2
20201019213234,10.77.1.1/24,21
20201019213236,192.168.1.2/24,32
20201019213237,10.77.1.2/24,-
20201019213239,10.77.1.2/24,10
20201019213241,10.77.1.1/24,7
20201019213242,10.20.30.2/16,-
20201019213243,192.168.1.1/24,7
20201019213244,10.77.1.1/24,7
20201019213246,10.20.30.2/16,2
20201019213247,10.77.1.2/24,-
20201019213249,10.77.1.2/24,-
20201019213250,10.20.30.1/16,9
20201019213252,192.168.1.2/24,45
20201019213253,10.20.30.2/16,-
20201019213255,10.20.30.1/16,5
20201019213256,192.168.1.2/24,76
20201019213258,10.77.1.2/24,9
20201019213259,192.168.1.1/24,-
20201019213300,10.20.30.2/16,70
20201019213301,10.77.1.2/24,3
20201019213302,10.20.30.1/16,9
20201019213303,10.20.30.1/16,17
20201019213305,192.168.1.2/24,7
20201019213307,192.168.1.1/24,-
20201019213308,10.20.30.2/16,5
20201019213309,10.77.1.2/24,3
20201019213311,10.77.1.2/24,5
20201019213313,10.77.1.1/24,6
20201019213314,10.20.30.1/16,-
20201019213315,10.77.1.2/24,6
20201019213317,10.20.30.2/16,13
20201019213318,10.77.1.1/24,3
20201019213319,192.168.1.1/24,3
20201019213320,10.20.30.2/16,1
20201019213322,10.77.1.2/24,6
20201019213323,192.168.1.2/24,7
20201019213324,10.20.30.2/16,81
20201019213325,10.77.1.1/24,11
20201019213326,10.20.30.1/16,1
20201019213328,10.20.30.2/16,5
20201019213329,10.20.30.2/16,6
20201019213330,10.20.30.1/16,27
20201019213331,10.77.1.2/24,20
20201019213333,192.168.1.1/24,12
20201019213335,10.20.30.2/16,68
20201019213337,10.20.30.1/16,56
20201019213338,10.77.1.2/24,2
20201019213339,10.20.30.1/16,5
20201019213341,10.77.1.2/24,6
20201019213342,10.77.1.2/24,-
20201019213343,10.77.1.2/24,7
20201019213344,10.77.1.1/24,5
20201019213345,10.20.30.2/16,10
20201019213346,10.20.30.2/16,-
20201019213347,10.20.30.2/16,8
20201019213349,10.20.30.2/16,20
20201019213350,10.20.30.2/16,50
20201019213351,10.77.1.1/24,4
20201019213352,10.20.30.1/16,66
20201019213354,192.168.1.2/24,9
20201019213355,10.77.1.1/24,7
20201019213356,10.77.1.1/24,56
20201019213358,10.77.1.1/24,47
20201019213359,10.77.1.2/24,7
20201019213400,10.20.30.1/16,-
20201019213401,10.20.30.1/16,39
20201019213403,10.77.1.1/24,71
20201019213404,10.77.1.2/24,12
20201019213406,10.77.1.2/24,6
20201019213408,192.168.1.1/24,6
20201019213410,192.168.1.1/24,-
20201019213412,10.20.30.1/16,-
20201019213413,192.168.1.2/24,1
20201019213414,10.20.30.2/16,2
20201019213415,10.77.1.1/24,86
20201019213416,10.20.30.2/16,8
20201019213417,10.20.30.1/16,1
20201019213418,10.20.30.2/16,7
20201019213420,10.77.1.1/24,32
20201019213421,10.20.30.1/16,5
20201019213423,10.77.1.1/24,-
20201019213424,10.77.1.2/24,97
20201019213426,10.77.1.2/24,57
20201019213427,10.77.1.1/24,-
20201019213428,10.20.30.2/16,38
20201019213429,10.20.30.1/16,8
20201019213430,10.20.30.2/16,5
20201019213431,192.168.1.2/24,99
20201019213432,192.168.1.2/24,-
20201019213433,10.20.30.1/16,4
20201019213435,10.20.30.1/16,12
20201019213436,10.20.30.1/16,3
20201019213437,10.77.1.1/24,8
20201019213439,10.20.30.2/16,-
20201019213441,192.168.1.2/24,2
20201019213442,10.77.1.1/24,28
20201019213443,10.20.30.2/16,2
20201019213444,192.168.1.2/24,1
20201019213445,10.77.1.1/24,4
20201019213446,192.168.1.2/24,-
20201019213447,192.168.1.2/24,-
20201019213448,192.168.1.2/24,-
20201019213449,10.77.1.1/24,-
20201019213451,192.168.1.1/24,3
20201019213452,192.168.1.1/24,7
20201019213454,10.77.1.1/24,-
20201019213455,10.77.1.1/24,1
20201019213457,10.77.1.2/24,1
20201019213458,10.20.30.2/16,7
20201019213459,10.77.1.2/24,-
20201019213500,10.77.1.1/24,-
20201019213501,10.20.30.1/16,1
20201019213503,10.77.1.1/24,6
20201019213504,10.77.1.1/24,12
20201019213505,192.168.1.2/24,3
20201019213506,10.77.1.1/24,7
20201019213507,10.20.30.2/16,-
20201019213508,10.77.1.1/24,5
20201019213509,192.168.1.2/24,-
20201019213510,192.168.1.1/24,8
20201019213511,192.168.1.2/24,92
20201019213512,192.168.1.2/24,4
20201019213513,10.20.30.2/16,-
20201019213514,192.168.1.1/24,3
20201019213515,10.77.1.1/24,38
20201019213516,192.168.1.2/24,2
20201019213517,10.20.30.2/16,-
20201019213518,10.20.30.1/16,7
20201019213519,10.77.1.1/24,-
20201019213521,10.77.1.1/24,2
20201019213522,10.77.1.2/24,6
20201019213523,192.168.1.1/24,2
20201019213524,10.77.1.1/24,-
20201019213525,10.77.1.1/24,33
20201019213526,10.77.1.1/24,60
20201019213528,10.20.30.2/16,9
20201019213530,10.77.1.2/24,1
20201019213531,10.77.1.2/24,9
20201019213533,10.20.30.2/16,28
20201019213534,10.77.1.2/24,9
20201019213535,10.77.1.2/24,-
20201019213537,10.20.30.1/16,37
20201019213538,192.168.1.1/24,-
20201019213539,10.20.30.1/16,1
20201019213540,10.20.30.2/16,9
20201019213541,10.20.30.2/16,4
20201019213542,10.20.30.1/16,10
20201019213544,10.20.30.1/16,8
20201019213546,10.20.30.1/16,9
20201019213547,10.77.1.2/24,-
20201019213548,192.168.1.2/24,-
20201019213549,10.77.1.1/24,82
20201019213550,10.20.30.1/16,70
20201019213551,10.20.30.1/16,-
20201019213553,192.168.1.1/24,31
20201019213554,10.20.30.1/16,3
20201019213556,10.77.1.2/24,98
20201019213558,10.20.30.1/16,7
20201019213559,10.77.1.2/24,8
20201019213600,10.77.1.1/24,71
20201019213601,10.77.1.2/24,3
20201019213602,192.168.1.2/24,-
20201019213603,192.168.1.1/24,2
20201019213604,192.168.1.2/24,5
20201019213605,192.168.1.1/24,-
20201019213607,10.77.1.2/24,6
20201019213608,10.20.30.2/16,4
20201019213610,192.168.1.2/24,27
20201019213612,192.168.1.1/24,9
20201019213613,10.77.1.1/24,46
20201019213615,10.20.30.1/16,1
20201019213616,10.20.30.1/16,-
20201019213617,192.168.1.1/24,4
20201019213618,10.20.30.1/16,0
20201019213619,10.20.30.2/16,3
20201019213620,10.20.30.1/16,5
20201019213621,10.20.30.2/16,6
20201019213623,192.168.1.2/24,82
20201019213625,10.20.30.2/16,-
20201019213626,192.168.1.2/24,5
20201019213627,192.168.1.2/24,2
20201019213629,192.168.1.1/24,5
20201019213631,10.20.30.2/16,7
20201019213632,10.20.30.1/16,-
20201019213633,10.77.1.2/24,-
20201019213634,192.168.1.1/24,99
20201019213635,192.168.1.2/24,9
20201019213636,192.168.1.1/24,8
20201019213637,192.168.1.1/24,87
20201019213638,10.77.1.1/24,56
20201019213639,192.168.1.2/24,8
20201019213640,192.168.1.2/24,2
20201019213641,10.20.30.1/16,55
20201019213642,10.20.30.1/16,3
20201019213643,192.168.1.2/24,51
20201019213645,192.168.1.2/24,-
20201019213647,192.168.1.2/24,19
20201019213648,10.20.30.1/16,42
20201019213649,10.20.30.2/16,-
20201019213650,10.77.1.2/24,6
20201019213651,192.168.1.1/24,-
20201019213652,10.20.30.2/16,5
20201019213653,192.168.1.2/24,-
20201019213655,192.168.1.2/24,9
20201019213656,10.20.30.2/16,7
20201019213658,10.20.30.1/16,3
20201019213700,192.168.1.2/24,3
20201019213702,192.168.1.2/24,6
20201019213704,192.168.1.2/24,-
20201019213706,10.20.30.2/16,8
20201019213708,192.168.1.1/24,2
20201019213710,192.168.1.1/24,9
20201019213711,192.168.1.1/24,6
20201019213712,192.168.1.2/24,52
20201019213713,10.20.30.2/16,4
20201019213715,10.77.1.1/24,6
20201019213717,10.20.30.1/16,9
20201019213719,192.168.1.2/24,-
20201019213720,10.20.30.1/16,-
20201019213721,192.168.1.2/24,2
20201019213722,10.77.1.1/24,5
20201019213723,192.168.1.1/24,9
20201019213724,10.77.1.1/24,5
20201019213725,192.168.1.2/24,71
20201019213726,10.20.30.1/16,16
20201019213727,10.20.30.2/16,96
20201019213728,192.168.1.1/24,49
20201019213729,10.20.30.2/16,9
20201019213730,10.77.1.2/24,5
20201019213731,10.20.30.1/16,2
20201019213732,10.20.30.1/16,1
20201019213733,192.168.1.1/24,-
20201019213734,192.168.1.2/24,1
20201019213735,10.77.1.2/24,-
20201019213737,10.77.1.2/24,-
20201019213738,10.20.30.2/16,92
20201019213740,10.20.30.2/16,3
20201019213742,10.77.1.2/24,78
20201019213743,10.20.30.2/16,3
20201019213744,192.168.1.1/24,9
20201019213745,192.168.1.1/24,66
20201019213746,10.77.1.1/24,7
20201019213747,10.77.1.1/24,2
20201019213748,10.77.1.1/24,73
20201019213749,10.77.1.2/24,-
20201019213750,10.20.30.1/16,-
20201019213751,192.168.1.2/24,7
20201019213753,10.20.30.1/16,-
20201019213755,10.77.1.1/24,50
20201019213757,10.77.1.2/24,8
20201019213758,10.20.30.1/16,2
20201019213759,192.168.1.2/24,9
20201019213800,10.77.1.2/24,94
20201019213802,10.77.1.2/24,25
20201019213804,10.77.1.2/24,2
20201019213805,10.20.30.2/16,9
20201019213806,192.168.1.2/24,3
20201019213807,10.77.1.1/24,-
20201019213809,10.20.30.2/16,2
20201019213811,10.77.1.2/24,10
20201019213812,10.77.1.2/24,-
20201019213813,192.168.1.2/24,-
20201019213814,10.77.1.2/24,51
20201019213816,10.20.30.1/16,4
20201019213817,10.77.1.1/24,24
20201019213818,10.20.30.2/16,95
20201019213819,192.168.1.2/24,4
20201019213820,10.20.30.2/16,33
20201019213821,192.168.1.2/24,-
20201019213823,10.20.30.2/16,58
20201019213824,10.20.30.2/16,7
20201019213825,192.168.1.2/24,41
20201019213826,192.168.1.2/24,3
20201019213827,192.168.1.2/24,2
20201019213828,10.20.30.1/16,4
20201019213829,10.77.1.2/24,-
20201019213830,10.77.1.1/24,17
20201019213831,192.168.1.1/24,4
20201019213833,192.168.1.1/24,35
20201019213834,10.77.1.2/24,5
20201019213836,10.77.1.2/24,8
20201019213837,10.20.30.2/16,1
20201019213838,10.20.30.1/16,0
20201019213840,10.20.30.1/16,90
20201019213841,10.77.1.2/24,1
20201019213842,192.168.1.1/24,-
20201019213843,192.168.1.2/24,12
20201019213845,10.20.30.2/16,6
20201019213846,192.168.1.2/24,4
20201019213847,192.168.1.1/24,36
20201019213848,192.168.1.2/24,5
20201019213849,10.77.1.1/24,9
20201019213850,10.77.1.2/24,3
20201019213851,10.20.30.2/16,5
20201019213852,10.20.30.1/16,8
20201019213854,10.20.30.2/16,7
20201019213855,192.168.1.1/24,-
20201019213856,10.77.1.2/24,77
20201019213857,10.77.1.1/24,4
20201019213858,10.20.30.1/16,8
20201019213859,10.77.1.1/24,6
20201019213900,10.77.1.2/24,-
20201019213901,10.77.1.1/24,4
20201019213902,192.168.1.2/24,6
20201019213903,10.20.30.1/16,2
20201019213904,192.168.1.2/24,10
20201019213905,10.77.1.1/24,-
20201019213907,192.168.1.2/24,65
20201019213909,10.77.1.1/24,7
20201019213910,10.20.30.1/16,-
20201019213912,10.77.1.2/24,-
20201019213913,192.168.1.1/24,-
20201019213914,10.77.1.2/24,-
20201019213915,192.168.1.2/24,50
20201019213916,10.20.30.2/16,8
20201019213917,10.20.30.1/16,-
20201019213919,10.77.1.2/24,-
20201019213920,192.168.1.2/24,-
20201019213922,192.168.1.2/24,8
20201019213923,10.77.1.2/24,7
20201019213924,10.77.1.2/24,-
20201019213925,192.168.1.1/24,6
20201019213926,10.20.30.1/16,4
20201019213928,10.20.30.2/16,3
20201019213929,10.20.30.2/16,7
20201019213930,192.168.1.1/24,3
20201019213931,10.20.30.2/16,6
20201019213932,192.168.1.1/24,-
20201019213933,192.168.1.2/24,19
20201019213934,10.20.30.1/16,6
20201019213935,192.168.1.1/24,-
20201019213936,10.77.1.2/24,10
20201019213937,192.168.1.2/24,9
20201019213939,10.20.30.2/16,-
20201019213940,10.77.1.2/24,8
20201019213941,10.77.1.2/24,2
20201019213942,10.20.30.2/16,1
20201019213943,10.77.1.1/24,52
20201019213944,10.77.1.2/24,-
20201019213945,10.77.1.2/24,-
20201019213946,10.77.1.2/24,48
20201019213947,10.20.30.2/16,-
20201019213948,192.168.1.1/24,96
20201019213950,10.20.30.1/16,-
20201019213951,192.168.1.2/24,-
20201019213952,10.77.1.2/24,-
20201019213953,10.77.1.2/24,46
20201019213954,10.77.1.2/24,-
20201019213955,10.20.30.2/16,4
20201019213956,10.20.30.2/16,4
20201019213957,10.20.30.1/16,8
20201019213958,10.20.30.1/16,-
20201019213959,10.20.30.1/16,5
20201019214000,10.77.1.2/24,3
20201019214002,192.168.1.1/24,2
20201019214003,192.168.1.1/24,6
20201019214004,10.20.30.1/16,2
20201019214006,192.168.1.1/24,63
20201019214007,10.20.30.2/16,2
20201019214008,192.168.1.1/24,8
20201019214009,10.77.1.1/24,6
20201019214010,192.168.1.2/24,-
20201019214011,10.77.1.1/24,91
20201019214012,10.20.30.1/16,7
20201019214013,10.20.30.2/16,76
20201019214014,10.77.1.1/24,15
20201019214015,192.168.1.2/24,4
20201019214016,192.168.1.1/24,-
20201019214017,10.77.1.2/24,4
20201019214018,10.20.30.2/16,5
20201019214019,10.20.30.1/16,-
20201019214020,10.77.1.2/24,93
20201019214021,10.77.1.2/24,-
20201019214022,192.168.1.1/24,5
20201019214023,192.168.1.1/24,-
20201019214024,10.77.1.1/24,-
20201019214025,10.20.30.2/16,10
20201019214027,10.20.30.1/16,6
20201019214028,192.168.1.1/24,-
20201019214029,10.77.1.1/24,1
20201019214030,192.168.1.2/24,3
20201019214031,10.77.1.1/24,7
20201019214033,10.77.1.2/24,2
20201019214034,192.168.1.2/24,4
20201019214036,10.77.1.1/24,1
20201019214037,192.168.1.2/24,4
20201019214039,10.77.1.1/24,4
20201019214040,192.168.1.1/24,8
20201019214041,192.168.1.1/24,27
20201019214042,10.20.30.2/16,1
20201019214043,10.20.30.1/16,4
20201019214044,10.77.1.2/24,8
20201019214045,192.168.1.2/24,47
20201019214047,10.77.1.2/24,1
20201019214048,10.77.1.2/24,5
20201019214049,192.168.1.1/24,4
20201019214050,10.77.1.1/24,-
20201019214051,10.77.1.1/24,3
20201019214052,10.20.30.1/16,25
20201019214053,10.20.30.1/16,-
20201019214054,10.20.30.2/16,-
20201019214055,10.20.30.2/16,67
20201019214056,10.77.1.2/24,7
20201019214057,10.20.30.2/16,33
20201019214058,192.168.1.1/24,-
20201019214059,192.168.1.1/24,1
20201019214100,10.20.30.1/16,-
20201019214101,10.20.30.2/16,-
20201019214102,192.168.1.1/24,49
20201019214104,10.20.30.2/16,18
20201019214105,10.20.30.1/16,4
20201019214106,10.20.30.1/16,6
20201019214107,10.20.30.1/16,19
20201019214108,10.20.30.1/16,2
20201019214109,10.77.1.1/24,28
20201019214110,10.20.30.1/16,6
20201019214111,10.20.30.1/16,62
20201019214112,192.168.1.1/24,6
20201019214113,192.168.1.1/24,4
20201019214114,10.20.30.2/16,1
20201019214116,10.77.1.1/24,-
20201019214118,10.20.30.2/16,6
20201019214120,192.168.1.1/24,-
20201019214122,10.20.30.2/16,9
20201019214123,10.20.30.2/16,50
20201019214124,10.77.1.2/24,2
20201019214125,10.20.30.1/16,5
20201019214126,192.168.1.2/24,65
20201019214128,10.77.1.1/24,8
20201019214130,10.20.30.2/16,87
20201019214131,10.20.30.2/16,1
20201019214132,10.20.30.2/16,9
20201019214133,192.168.1.2/24,-
20201019214135,10.20.30.1/16,-
20201019214136,10.77.1.2/24,-
20201019214138,10.20.30.2/16,-
20201019214139,10.20.30.1/16,9
20201019214140,10.77.1.1/24,-
20201019214141,192.168.1.2/24,2
20201019214142,192.168.1.1/24,52
20201019214143,10.77.1.1/24,8
20201019214144,10.77.1.2/24,8
20201019214145,192.168.1.2/24,2
20201019214147,10.20.30.2/16,2
20201019214148,192.168.1.1/24,57
20201019214149,192.168.1.2/24,5
20201019214151,10.20.30.2/16,-
20201019214153,192.168.1.2/24,3
20201019214155,10.20.30.1/16,3
20201019214156,192.168.1.1/24,-
20201019214158,192.168.1.1/24,-
20201019214159,192.168.1.2/24,15
20201019214200,10.77.1.1/24,94
20201019214202,192.168.1.2/24,5
20201019214203,10.77.1.1/24,5
20201019214204,192.168.1.2/24,30
20201019214205,10.77.1.1/24,5
20201019214206,192.168.1.1/24,5
20201019214207,10.20.30.2/16,-
20201019214208,192.168.1.2/24,-
20201019214209,10.77.1.1/24,15
20201019214211,10.77.1.2/24,35
20201019214212,10.77.1.2/24,5
20201019214213,10.20.30.2/16,28
20201019214214,10.77.1.1/24,-
20201019214215,192.168.1.2/24,3
20201019214216,192.168.1.2/24,58
20201019214217,192.168.1.2/24,4
20201019214218,10.20.30.2/16,-
20201019214219,192.168.1.1/24,12
20201019214220,10.20.30.1/16,7
20201019214222,10.20.30.1/16,8
20201019214223,192.168.1.2/24,8
20201019214225,10.20.30.1/16,2
20201019214226,10.20.30.2/16,-
20201019214227,10.20.30.1/16,18
20201019214229,192.168.1.2/24,-
20201019214230,10.20.30.2/16,47
20201019214231,10.77.1.2/24,3
20201019214232,192.168.1.1/24,4
20201019214233,10.77.1.1/24,88
20201019214234,10.77.1.2/24,1
20201019214236,192.168.1.1/24,1
20201019214237,10.77.1.2/24,-
20201019214239,10.20.30.2/16,6
20201019214240,10.20.30.2/16,-
20201019214241,10.77.1.1/24,1
20201019214242,10.77.1.1/24,-
20201019214243,10.77.1.1/24,1
20201019214244,10.20.30.1/16,5
20201019214245,10.77.1.1/24,-
20201019214247,10.77.1.2/24,-
20201019214248,10.77.1.1/24,-
20201019214249,10.20.30.2/16,-
20201019214251,10.77.1.1/24,3
20201019214252,10.77.1.1/24,8
20201019214253,10.77.1.1/24,6
20201019214255,192.168.1.1/24,9
20201019214256,192.168.1.1/24,-
20201019214258,10.20.30.2/16,7
20201019214259,10.20.30.2/16,-
20201019214301,192.168.1.1/24,1
20201019214302,10.77.1.1/24,5
20201019214303,192.168.1.1/24,36
20201019214304,10.77.1.1/24,-
20201019214305,10.20.30.1/16,-
20201019214306,192.168.1.2/24,6
20201019214307,10.77.1.2/24,-
20201019214309,10.77.1.2/24,33
20201019214310,10.77.1.1/24,9
20201019214311,10.20.30.1/16,1
20201019214312,192.168.1.1/24,5
20201019214314,10.20.30.2/16,15
20201019214315,10.20.30.2/16,-
20201019214317,192.168.1.2/24,25
20201019214318,192.168.1.2/24,-
20201019214319,10.77.1.1/24,8
20201019214320,10.77.1.2/24,-
20201019214321,192.168.1.1/24,1
20201019214323,10.20.30.1/16,8
20201019214325,10.20.30.1/16,-
20201019214327,192.168.1.2/24,3
20201019214328,10.20.30.1/16,12
20201019214330,10.77.1.2/24,45
20201019214331,10.20.30.1/16,37
20201019214332,192.168.1.2/24,4
20201019214333,10.20.30.1/16,7
20201019214334,10.77.1.2/24,7
20201019214335,10.20.30.1/16,-
20201019214337,192.168.1.1/24,-
20201019214338,10.77.1.1/24,-
20201019214339,10.77.1.2/24,7
20201019214340,10.77.1.2/24,6
20201019214341,10.20.30.1/16,8
20201019214342,10.20.30.1/16,77
20201019214343,10.77.1.2/24,-
20201019214345,10.77.1.2/24,8
20201019214346,10.77.1.2/24,-
20201019214347,192.168.1.2/24,18
20201019214348,10.77.1.2/24,-
20201019214350,10.77.1.1/24,2
20201019214351,10.20.30.1/16,19
20201019214352,10.20.30.1/16,3
20201019214353,192.168.1.1/24,36
20201019214354,192.168.1.2/24,1
20201019214355,10.77.1.1/24,37
20201019214356,192.168.1.1/24,5
20201019214357,192.168.1.1/24,4
20201019214358,10.20.30.2/16,1
20201019214400,192.168.1.2/24,19
20201019214401,192.168.1.2/24,3
20201019214402,192.168.1.1/24,66
20201019214403,10.77.1.1/24,1
20201019214404,10.20.30.2/16,3
20201019214405,10.77.1.2/24,4
20201019214406,10.20.30.2/16,35
20201019214407,10.77.1.2/24,5
20201019214408,192.168.1.2/24,5
20201019214409,10.77.1.2/24,43
20201019214410,192.168.1.2/24,-
20201019214412,10.20.30.1/16,1
20201019214414,10.77.1.1/24,9
20201019214415,192.168.1.2/24,85
20201019214416,10.77.1.2/24,1
20201019214417,192.168.1.2/24,72
20201019214418,10.20.30.1/16,-
20201019214419,10.20.30.2/16,9
20201019214420,10.20.30.1/16,-
20201019214421,10.77.1.1/24,3
20201019214422,192.168.1.1/24,5
20201019214423,10.20.30.1/16,1
20201019214424,192.168.1.2/24,4
20201019214425,192.168.1.2/24,-
20201019214426,192.168.1.2/24,-
20201019214427,10.77.1.2/24,-
20201019214428,10.77.1.2/24,11
20201019214429,10.77.1.2/24,9
20201019214430,10.77.1.2/24,6
20201019214431,10.20.30.2/16,2
20201019214432,192.168.1.1/24,-
20201019214433,10.77.1.2/24,2
20201019214434,10.20.30.1/16,45
20201019214435,10.77.1.1/24,6
20201019214437,10.77.1.1/24,3
20201019214438,10.77.1.1/24,74
20201019214440,10.77.1.1/24,24
20201019214441,10.77.1.2/24,3
20201019214442,192.168.1.1/24,11
20201019214444,192.168.1.1/24,73
20201019214446,10.77.1.1/24,1
20201019214447,10.77.1.1/24,7
20201019214448,10.77.1.2/24,3
20201019214449,192.168.1.2/24,1
20201019214450,192.168.1.1/24,3
20201019214451,192.168.1.2/24,65
20201019214452,192.168.1.2/24,3
20201019214453,10.77.1.1/24,2
20201019214454,10.20.30.2/16,3
20201019214455,10.77.1.1/24,3
20201019214456,10.77.1.2/24,8
20201019214457,192.168.1.1/24,-
20201019214458,10.77.1.2/24,-
20201019214459,10.77.1.1/24,49
20201019214500,10.77.1.1/24,17
20201019214501,10.20.30.2/16,50
20201019214502,192.168.1.1/24,25
20201019214503,192.168.1.2/24,12
20201019214504,10.20.30.1/16,9
20201019214505,10.20.30.2/16,2
20201019214506,10.77.1.2/24,2
20201019214507,192.168.1.2/24,-
20201019214508,10.20.30.2/16,53
20201019214510,192.168.1.2/24,13
20201019214511,10.20.30.2/16,16
20201019214512,10.20.30.1/16,-
20201019214513,192.168.1.1/24,3
20201019214514,10.20.30.2/16,13
20201019214516,10.77.1.1/24,6
20201019214517,10.20.30.1/16,1
20201019214518,10.20.30.2/16,88
20201019214520,192.168.1.1/24,1
20201019214521,192.168.1.1/24,-
20201019214522,10.77.1.2/24,4
20201019214523,10.20.30.2/16,10
20201019214524,10.77.1.1/24,4
20201019214525,10.77.1.2/24,41
20201019214526,10.20.30.2/16,-
20201019214528,10.77.1.2/24,18
20201019214530,10.20.30.2/16,2
20201019214531,192.168.1.1/24,91
20201019214532,10.77.1.1/24,-
20201019214533,10.77.1.2/24,16
20201019214534,192.168.1.1/24,2
20201019214535,192.168.1.2/24,1
20201019214537,192.168.1.2/24,5
20201019214538,10.20.30.2/16,6
20201019214539,10.20.30.1/16,-
20201019214541,10.20.30.1/16,47
20201019214542,10.20.30.1/16,-
20201019214543,192.168.1.2/24,1
20201019214545,10.20.30.1/16,7
20201019214546,192.168.1.2/24,3
20201019214548,192.168.1.1/24,1
20201019214549,10.77.1.1/24,7
20201019214550,192.168.1.2/24,-
20201019214551,192.168.1.2/24,55
20201019214553,10.20.30.1/16,5
20201019214554,10.77.1.1/24,9
20201019214555,10.20.30.1/16,9
20201019214557,192.168.1.1/24,6
20201019214558,192.168.1.2/24,5
20201019214600,192.168.1.1/24,3
20201019214601,192.168.1.1/24,61
20201019214602,10.77.1.2/24,21
20201019214603,10.20.30.1/16,52
20201019214604,10.77.1.1/24,-
20201019214605,192.168.1.1/24,-
20201019214606,192.168.1.2/24,89
20201019214607,10.77.1.2/24,77
20201019214608,10.77.1.1/24,13
20201019214610,10.20.30.1/16,-
20201019214611,10.77.1.2/24,24
20201019214613,10.77.1.1/24,1
20201019214614,10.20.30.1/16,5
20201019214616,10.20.30.1/16,6
20201019214617,10.20.30.2/16,8
20201019214618,10.20.30.1/16,-
20201019214619,10.77.1.1/24,2
20201019214620,10.77.1.2/24,13
20201019214622,10.77.1.2/24,3
20201019214623,10.20.30.2/16,-
20201019214625,192.168.1.1/24,-
20201019214627,10.77.1.1/24,7
20201019214629,10.77.1.1/24,8
20201019214630,10.20.30.2/16,6
20201019214631,10.20.30.2/16,5
20201019214632,10.77.1.1/24,12
20201019214633,10.77.1.1/24,8
20201019214634,10.77.1.1/24,-
20201019214636,192.168.1.2/24,84
20201019214637,10.20.30.2/16,4
20201019214638,10.20.30.1/16,2
20201019214639,10.20.30.2/16,6
20201019214640,10.77.1.1/24,2
20201019214641,10.20.30.2/16,-
20201019214642,192.168.1.2/24,6
20201019214643,10.77.1.1/24,4
20201019214644,10.20.30.2/16,4
20201019214645,192.168.1.1/24,9
20201019214646,10.77.1.1/24,-
20201019214647,192.168.1.1/24,31
20201019214648,10.77.1.2/24,-
20201019214649,192.168.1.2/24,9
20201019214651,10.20.30.2/16,9
20201019214652,192.168.1.2/24,-
20201019214653,10.20.30.2/16,72
20201019214654,10.20.30.2/16,20
20201019214655,192.168.1.2/24,-
20201019214657,10.77.1.2/24,1
20201019214658,192.168.1.2/24,1
20201019214659,192.168.1.2/24,94
20201019214700,192.168.1.2/24,-
20201019214701,10.20.30.2/16,68
20201019214703,10.77.1.1/24,5
20201019214704,10.77.1.2/24,-
20201019214705,192.168.1.1/24,-
20201019214706,10.77.1.1/24,6
20201019214707,10.20.30.2/16,8
20201019214708,10.20.30.2/16,-
20201019214709,192.168.1.2/24,-
20201019214710,192.168.1.1/24,4
20201019214711,10.20.30.2/16,1
20201019214713,192.168.1.2/24,3
20201019214714,192.168.1.2/24,9
20201019214715,10.20.30.1/16,6
20201019214717,192.168.1.1/24,1
20201019214718,192.168.1.2/24,9
20201019214719,10.20.30.2/16,-
20201019214721,10.77.1.2/24,6
20201019214723,10.20.30.1/16,9
20201019214725,10.20.30.2/16,81
20201019214726,10.77.1.2/24,5
20201019214727,10.20.30.2/16,85
20201019214728,10.77.1.1/24,7
20201019214730,192.168.1.2/24,4
20201019214731,192.168.1.1/24,2
20201019214732,192.168.1.1/24,8
20201019214733,192.168.1.1/24,3
20201019214734,192.168.1.1/24,4
20201019214735,10.77.1.1/24,29
20201019214736,10.77.1.2/24,11
20201019214737,10.20.30.1/16,2
20201019214738,10.77.1.1/24,9
20201019214739,10.20.30.1/16,59
20201019214740,10.77.1.2/24,3
20201019214741,10.20.30.1/16,3
20201019214742,192.168.1.1/24,9
20201019214743,10.20.30.1/16,6
20201019214744,10.20.30.1/16,7
20201019214746,192.168.1.2/24,28
20201019214747,192.168.1.2/24,9
20201019214749,10.20.30.2/16,80
20201019214751,10.20.30.1/16,-
20201019214752,192.168.1.1/24,7
20201019214753,10.20.30.1/16,23
20201019214754,10.77.1.2/24,2
20201019214755,192.168.1.2/24,8
20201019214756,10.77.1.2/24,7
20201019214758,10.77.1.1/24,8
20201019214759,10.77.1.1/24,-
20201019214801,192.168.1.1/24,41
20201019214802,192.168.1.1/24,8
20201019214803,10.77.1.1/24,13
20201019214804,192.168.1.2/24,15
20201019214805,192.168.1.2/24,-
20201019214806,192.168.1.1/24,-
20201019214807,192.168.1.2/24,6
20201019214808,10.20.30.1/16,-
20201019214809,10.77.1.1/24,4
20201019214811,10.20.30.2/16,7
20201019214812,192.168.1.1/24,1
20201019214814,10.77.1.1/24,9
20201019214815,10.20.30.2/16,7
20201019214816,192.168.1.2/24,28
20201019214818,10.20.30.1/16,40
20201019214819,192.168.1.2/24,-
20201019214820,192.168.1.2/24,1
20201019214821,10.20.30.2/16,4
20201019214822,10.20.30.1/16,9
20201019214823,10.20.30.1/16,5
20201019214824,10.77.1.1/24,5
20201019214825,10.77.1.1/24,8
20201019214826,192.168.1.2/24,6
20201019214828,10.20.30.2/16,92
20201019214830,10.20.30.1/16,64
20201019214832,10.77.1.2/24,3
20201019214833,10.20.30.1/16,-
20201019214834,10.20.30.1/16,-
20201019214835,10.77.1.1/24,-
20201019214837,10.20.30.1/16,5
20201019214838,192.168.1.2/24,3
20201019214839,10.77.1.1/24,2
20201019214840,192.168.1.2/24,-
20201019214841,192.168.1.1/24,5
20201019214842,192.168.1.2/24,5
20201019214843,10.77.1.2/24,-
20201019214845,10.77.1.1/24,3
20201019214846,10.20.30.2/16,2
20201019214847,10.77.1.2/24,-
20201019214848,192.168.1.2/24,-
20201019214849,10.77.1.2/24,30
20201019214850,10.77.1.1/24,4
20201019214852,10.20.30.1/16,3
20201019214853,10.20.30.2/16,-
20201019214855,192.168.1.1/24,-
20201019214856,192.168.1.2/24,-
20201019214857,10.20.30.2/16,2
20201019214858,10.20.30.2/16,7
20201019214859,10.77.1.1/24,-
20201019214900,10.20.30.2/16,-
20201019214901,192.168.1.1/24,37
20201019214902,192.168.1.1/24,-
20201019214904,192.168.1.2/24,-
20201019214905,10.20.30.1/16,8
20201019214906,192.168.1.1/24,6
20201019214908,192.168.1.2/24,2
20201019214909,10.77.1.2/24,9
20201019214910,10.77.1.2/24,29
20201019214911,10.77.1.2/24,64
20201019214912,10.20.30.2/16,6
20201019214913,10.77.1.2/24,27
20201019214915,10.77.1.1/24,-
20201019214916,10.77.1.1/24,8
20201019214917,10.20.30.2/16,5
20201019214918,10.20.30.1/16,4
20201019214919,10.77.1.1/24,7
20201019214920,10.77.1.2/24,9
20201019214921,10.77.1.2/24,9
20201019214922,192.168.1.1/24,-
20201019214923,10.77.1.2/24,66
20201019214924,10.20.30.1/16,56
20201019214925,10.20.30.2/16,6
20201019214926,10.20.30.1/16,5
20201019214927,10.20.30.1/16,11
20201019214928,10.77.1.1/24,3
20201019214929,10.77.1.2/24,-
20201019214931,10.20.30.1/16,5
20201019214932,10.20.30.1/16,69
20201019214933,10.77.1.2/24,56
20201019214934,10.77.1.1/24,1
20201019214935,192.168.1.2/24,-
20201019214936,10.77.1.1/24,7
20201019214937,192.168.1.2/24,2
20201019214938,10.77.1.1/24,-
20201019214939,192.168.1.2/24,8
20201019214940,10.77.1.1/24,8
20201019214942,192.168.1.2/24,7
20201019214943,10.20.30.2/16,93
20201019214945,192.168.1.1/24,-
20201019214946,10.20.30.1/16,5
20201019214947,10.20.30.1/16,-
20201019214948,10.77.1.1/24,1
20201019214949,10.20.30.1/16,12
20201019214950,10.77.1.2/24,5
20201019214951,10.77.1.2/24,7
20201019214952,192.168.1.1/24,3
20201019214953,192.168.1.2/24,6
20201019214954,192.168.1.1/24,5
20201019214955,10.20.30.1/16,9
20201019214956,192.168.1.1/24,-
20201019214957,192.168.1.2/24,6
20201019214959,10.77.1.1/24,-
20201019215000,192.168.1.1/24,1
20201019215001,192.168.1.2/24,70
20201019215002,10.77.1.1/24,-
20201019215003,10.20.30.1/16,3
20201019215004,10.77.1.1/24,63
20201019215006,10.20.30.2/16,68
20201019215007,192.168.1.1/24,7
20201019215008,10.20.30.2/16,-
20201019215009,192.168.1.1/24,4
20201019215010,10.77.1.2/24,2
20201019215012,192.168.1.1/24,15
20201019215014,10.77.1.2/24,-
20201019215015,192.168.1.1/24,79
20201019215016,192.168.1.2/24,6
20201019215017,10.20.30.1/16,4
20201019215018,10.77.1.1/24,8
20201019215019,10.20.30.1/16,54
20201019215020,10.77.1.2/24,-
20201019215021,10.20.30.2/16,-
20201019215023,192.168.1.1/24,7
20201019215025,10.20.30.1/16,-
20201019215027,192.168.1.2/24,4
20201019215028,10.77.1.1/24,3
20201019215030,10.20.30.1/16,9
20201019215032,10.20.30.1/16,6
20201019215034,10.77.1.1/24,5
20201019215036,10.20.30.1/16,79
20201019215037,10.20.30.1/16,2
20201019215038,192.168.1.1/24,4
20201019215039,192.168.1.1/24,-
20201019215040,10.77.1.2/24,13
20201019215041,192.168.1.2/24,3
20201019215042,10.20.30.1/16,9
20201019215044,10.77.1.2/24,77
20201019215045,192.168.1.2/24,70
20201019215047,10.20.30.2/16,-
20201019215048,10.77.1.2/24,5
20201019215050,192.168.1.1/24,-
20201019215051,10.77.1.2/24,-
20201019215052,10.77.1.2/24,-
20201019215054,10.77.1.1/24,92
20201019215056,192.168.1.2/24,8
20201019215058,10.20.30.1/16,4
20201019215059,10.77.1.2/24,6
20201019215100,192.168.1.2/24,6
20201019215101,10.77.1.2/24,-
20201019215102,192.168.1.2/24,35
20201019215104,10.20.30.1/16,1
20201019215106,10.77.1.2/24,1
20201019215107,10.20.30.2/16,8
20201019215109,10.77.1.1/24,5
20201019215110,10.20.30.1/16,6
20201019215111,192.168.1.2/24,43
20201019215112,10.20.30.2/16,-
20201019215114,10.77.1.2/24,-
20201019215115,10.77.1.1/24,47
20201019215117,10.20.30.2/16,1
20201019215118,10.20.30.2/16,3
20201019215119,10.20.30.2/16,70
20201019215121,10.77.1.2/24,28
20201019215122,10.77.1.1/24,1
20201019215123,192.168.1.1/24,-
20201019215124,10.20.30.1/16,11
20201019215126,10.77.1.2/24,9
20201019215127,192.168.1.2/24,-
20201019215128,10.77.1.1/24,-
20201019215129,10.20.30.2/16,-
20201019215130,192.168.1.2/24,-
20201019215131,10.77.1.2/24,29
20201019215132,10.20.30.1/16,5
20201019215133,192.168.1.2/24,4
20201019215134,192.168.1.1/24,9
20201019215135,10.20.30.2/16,4
20201019215136,10.77.1.1/24,3
20201019215137,192.168.1.2/24,4
20201019215138,192.168.1.2/24,2
20201019215139,10.20.30.1/16,-
20201019215140,10.20.30.2/16,8
20201019215141,10.77.1.1/24,2
20201019215142,10.20.30.1/16,23
20201019215143,10.77.1.1/24,5
20201019215144,10.77.1.1/24,7
20201019215145,10.77.1.2/24,-
20201019215146,10.77.1.2/24,9
20201019215147,192.168.1.1/24,29
20201019215149,10.20.30.2/16,-
20201019215150,10.77.1.1/24,-
20201019215151,192.168.1.2/24,-
20201019215152,192.168.1.2/24,8
20201019215153,10.20.30.2/16,-
20201019215154,10.77.1.1/24,5
20201019215156,10.20.30.1/16,7
20201019215157,10.20.30.1/16,4
20201019215158,10.20.30.2/16,6
20201019215159,192.168.1.2/24,1
20201019215200,192.168.1.2/24,-
20201019215201,10.20.30.2/16,6
20201019215203,10.77.1.2/24,28
20201019215204,192.168.1.2/24,9
20201019215205,192.168.1.2/24,7
20201019215207,10.77.1.1/24,-
20201019215208,10.77.1.2/24,57
20201019215210,192.168.1.2/24,10
20201019215211,192.168.1.1/24,-
20201019215213,192.168.1.1/24,8
20201019215214,10.20.30.1/16,48
20201019215215,10.20.30.2/16,9
20201019215217,10.77.1.2/24,3
20201019215218,192.168.1.1/24,3
20201019215219,10.20.30.2/16,2
20201019215220,10.77.1.2/24,49
20201019215221,10.20.30.2/16,88
20201019215223,192.168.1.2/24,10
20201019215224,192.168.1.2/24,-
20201019215225,10.77.1.2/24,3
20201019215226,10.20.30.1/16,-
20201019215227,192.168.1.2/24,30
20201019215228,10.20.30.1/16,7
20201019215230,10.20.30.1/16,9
20201019215231,192.168.1.2/24,-
20201019215233,192.168.1.1/24,14
20201019215234,10.77.1.1/24,4
20201019215235,10.20.30.1/16,6
20201019215236,10.77.1.2/24,4
20201019215237,10.77.1.1/24,8
20201019215239,10.77.1.1/24,-
20201019215240,192.168.1.1/24,44
20201019215241,10.20.30.1/16,3
20201019215242,192.168.1.2/24,6
20201019215243,10.20.30.1/16,-
20201019215244,192.168.1.1/24,72
20201019215245,192.168.1.1/24,-
20201019215246,10.20.30.1/16,17
20201019215248,10.77.1.2/24,9
20201019215250,192.168.1.1/24,21
20201019215251,10.77.1.1/24,4
20201019215253,10.77.1.2/24,3
20201019215254,10.20.30.2/16,9
20201019215255,192.168.1.1/24,2
20201019215256,10.77.1.2/24,2
20201019215257,10.20.30.2/16,10
20201019215259,10.20.30.2/16,46
20201019215301,10.20.30.1/16,-
20201019215302,10.20.30.2/16,6
20201019215303,10.77.1.1/24,6
20201019215304,10.77.1.1/24,6
20201019215305,192.168.1.1/24,4
20201019215306,10.77.1.2/24,8
20201019215307,10.20.30.2/16,1
20201019215308,10.20.30.1/16,1
20201019215309,192.168.1.1/24,9
20201019215310,192.168.1.1/24,16
20201019215311,10.20.30.1/16,3
20201019215312,192.168.1.1/24,33
20201019215313,10.20.30.2/16,9
20201019215314,192.168.1.1/24,-
20201019215315,10.20.30.1/16,-
20201019215316,192.168.1.2/24,1
20201019215317,192.168.1.2/24,20
20201019215318,10.77.1.1/24,-
20201019215320,192.168.1.1/24,31
20201019215321,10.20.30.2/16,3
20201019215323,10.20.30.2/16,5
20201019215324,10.20.30.2/16,-
20201019215325,10.20.30.2/16,24
20201019215326,192.168.1.2/24,8
20201019215327,10.20.30.1/16,-
20201019215328,192.168.1.1/24,-
20201019215329,192.168.1.1/24,2
20201019215330,10.77.1.1/24,46
20201019215331,192.168.1.2/24,2
20201019215333,10.77.1.1/24,-
20201019215334,192.168.1.2/24,8
20201019215336,10.20.30.1/16,5
20201019215337,10.77.1.2/24,-
20201019215338,10.20.30.2/16,44
20201019215340,10.77.1.2/24,-
20201019215341,192.168.1.1/24,6
20201019215342,10.77.1.2/24,3
20201019215343,10.77.1.2/24,-
20201019215344,10.20.30.1/16,2
20201019215345,10.77.1.1/24,-
20201019215347,10.77.1.1/24,-
20201019215348,10.77.1.1/24,4
20201019215349,10.20.30.2/16,9
20201019215350,10.77.1.2/24,6
20201019215351,192.168.1.1/24,-
20201019215352,10.20.30.2/16,-
20201019215354,192.168.1.2/24,7
20201019215355,10.77.1.2/24,15
20201019215356,10.77.1.1/24,8
20201019215357,10.20.30.2/16,17
20201019215358,10.20.30.1/16,2
20201019215359,10.20.30.2/16,9
20201019215400,192.168.1.2/24,20
20201019215401,192.168.1.2/24,9
20201019215402,10.20.30.1/16,9
20201019215403,10.77.1.1/24,1
20201019215404,10.77.1.2/24,11
20201019215406,192.168.1.1/24,-
20201019215407,192.168.1.1/24,6
20201019215408,10.20.30.1/16,9
20201019215409,192.168.1.2/24,4
20201019215410,10.20.30.1/16,4
20201019215411,10.20.30.2/16,1
20201019215412,10.77.1.2/24,4
20201019215413,10.77.1.1/24,8
20201019215414,10.20.30.1/16,68
20201019215415,10.77.1.1/24,-
20201019215416,10.77.1.1/24,12
20201019215417,192.168.1.1/24,-
20201019215418,192.168.1.1/24,-
20201019215419,10.77.1.1/24,4
20201019215420,192.168.1.2/24,-
20201019215421,10.20.30.1/16,-
20201019215422,10.20.30.1/16,-
20201019215423,10.20.30.2/16,9
20201019215424,192.168.1.1/24,-
20201019215425,10.20.30.1/16,-
20201019215426,10.20.30.2/16,7
20201019215427,10.77.1.1/24,8
20201019215428,192.168.1.2/24,2
20201019215429,10.20.30.2/16,7
20201019215431,10.20.30.2/16,92
20201019215432,10.20.30.1/16,-
20201019215433,10.20.30.2/16,-
20201019215434,192.168.1.2/24,78
20201019215435,192.168.1.2/24,10
20201019215436,10.20.30.2/16,2
20201019215438,10.77.1.2/24,-
20201019215439,192.168.1.2/24,-
20201019215440,10.77.1.1/24,-
20201019215441,10.20.30.2/16,3
20201019215443,10.77.1.1/24,9
20201019215444,10.20.30.1/16,2
20201019215445,192.168.1.1/24,5
20201019215446,10.77.1.2/24,6
20201019215447,192.168.1.2/24,49
20201019215448,10.77.1.1/24,9
20201019215449,10.77.1.2/24,-
20201019215451,192.168.1.1/24,1
20201019215452,10.77.1.2/24,1
20201019215453,192.168.1.2/24,-
20201019215454,10.77.1.2/24,16
20201019215455,10.20.30.1/16,19
20201019215456,10.20.30.2/16,-
20201019215457,10.20.30.2/16,4
20201019215458,10.77.1.1/24,3
20201019215459,10.77.1.2/24,8
20201019215500,10.77.1.1/24,9
20201019215501,10.77.1.1/24,1
20201019215502,192.168.1.2/24,6
20201019215503,10.20.30.1/16,1
20201019215505,10.20.30.1/16,75
20201019215506,10.20.30.1/16,72
20201019215508,10.77.1.2/24,3
20201019215509,192.168.1.1/24,-
20201019215511,192.168.1.2/24,-
20201019215512,192.168.1.2/24,30
20201019215513,192.168.1.2/24,-
20201019215514,10.20.30.2/16,-
20201019215516,10.77.1.1/24,19
20201019215517,10.77.1.1/24,-
20201019215518,10.20.30.2/16,-
20201019215519,192.168.1.2/24,18
20201019215520,10.20.30.2/16,7
20201019215521,10.20.30.1/16,8
20201019215522,192.168.1.1/24,15
20201019215523,10.20.30.2/16,1
20201019215524,192.168.1.2/24,2
20201019215525,192.168.1.2/24,8
20201019215526,10.20.30.2/16,-
20201019215527,192.168.1.2/24,9
20201019215528,10.77.1.1/24,3
20201019215529,10.77.1.1/24,-
20201019215530,10.20.30.1/16,-
20201019215531,10.20.30.2/16,7
20201019215532,10.20.30.2/16,9
20201019215533,192.168.1.1/24,-
20201019215534,192.168.1.1/24,6
20201019215536,192.168.1.1/24,2
20201019215537,192.168.1.2/24,-
20201019215539,192.168.1.2/24,9
20201019215541,10.20.30.1/16,3
20201019215543,192.168.1.1/24,-
20201019215544,192.168.1.2/24,93
20201019215546,192.168.1.1/24,4
20201019215547,192.168.1.2/24,9
20201019215549,10.20.30.1/16,39
20201019215551,10.77.1.1/24,9
20201019215552,10.20.30.1/16,9
20201019215553,192.168.1.2/24,-
20201019215554,10.77.1.2/24,6
20201019215556,10.20.30.2/16,79
20201019215557,192.168.1.1/24,3
20201019215558,192.168.1.2/24,2
20201019215559,192.168.1.1/24,20
20201019215600,192.168.1.2/24,22
20201019215601,192.168.1.2/24,7
20201019215602,192.168.1.2/24,-
20201019215603,10.20.30.1/16,32
20201019215604,10.77.1.2/24,-
20201019215605,10.77.1.1/24,5
20201019215606,10.77.1.2/24,-
20201019215607,10.20.30.2/16,6
20201019215608,10.77.1.1/24,55
20201019215609,192.168.1.2/24,8
20201019215610,10.77.1.1/24,8
20201019215612,192.168.1.2/24,-
20201019215613,10.77.1.2/24,11
20201019215614,10.77.1.1/24,9
20201019215615,10.77.1.2/24,6
20201019215617,10.20.30.1/16,1
20201019215618,10.20.30.1/16,5
20201019215619,192.168.1.2/24,-
20201019215620,192.168.1.2/24,20
20201019215622,10.20.30.1/16,7
20201019215623,10.20.30.2/16,5
20201019215624,10.20.30.1/16,5
20201019215625,10.20.30.2/16,8
20201019215626,192.168.1.2/24,-
20201019215627,10.20.30.1/16,5
20201019215628,10.77.1.2/24,1
20201019215629,10.20.30.2/16,-
20201019215630,192.168.1.2/24,75
20201019215631,192.168.1.1/24,-
20201019215633,10.20.30.2/16,-
20201019215634,10.77.1.1/24,7
20201019215635,10.20.30.1/16,6
20201019215637,10.77.1.1/24,83
20201019215638,10.77.1.1/24,-
20201019215639,10.77.1.2/24,5
20201019215640,192.168.1.2/24,45
20201019215641,10.20.30.1/16,40
20201019215642,10.20.30.2/16,-
20201019215643,192.168.1.2/24,-
20201019215644,192.168.1.2/24,6
20201019215645,10.20.30.2/16,69
20201019215647,10.77.1.2/24,7
20201019215648,192.168.1.2/24,70
20201019215649,10.77.1.2/24,7
20201019215650,192.168.1.1/24,-
20201019215651,10.77.1.2/24,1
20201019215652,10.77.1.2/24,-
20201019215653,10.77.1.1/24,90
20201019215654,10.77.1.1/24,-
20201019215655,10.77.1.2/24,11
20201019215656,192.168.1.1/24,40
20201019215657,10.20.30.2/16,-
20201019215658,10.77.1.2/24,49
20201019215700,192.168.1.1/24,79
20201019215701,10.77.1.1/24,7
20201019215702,10.77.1.2/24,20
20201019215703,10.77.1.1/24,77
20201019215704,192.168.1.1/24,4
20201019215706,10.77.1.2/24,72
20201019215707,10.77.1.1/24,2
20201019215708,10.77.1.2/24,1
20201019215709,10.77.1.2/24,3
20201019215710,10.77.1.1/24,-
20201019215711,10.77.1.2/24,63
20201019215712,192.168.1.2/24,8
20201019215713,10.77.1.2/24,1
20201019215714,10.77.1.1/24,9
20201019215715,10.77.1.1/24,6
20201019215716,10.20.30.2/16,3
20201019215717,10.77.1.1/24,-
20201019215718,192.168.1.1/24,13
20201019215719,10.20.30.2/16,-
20201019215720,10.20.30.1/16,-
20201019215722,10.77.1.1/24,-
20201019215724,192.168.1.1/24,3
20201019215725,10.20.30.1/16,1
20201019215726,10.77.1.1/24,6
20201019215727,10.20.30.2/16,-
20201019215728,192.168.1.2/24,-
20201019215729,192.168.1.2/24,12
20201019215730,10.20.30.2/16,2
20201019215731,10.77.1.1/24,-
20201019215732,10.77.1.1/24,6
20201019215733,10.20.30.1/16,-
20201019215734,10.20.30.1/16,77
20201019215735,10.20.30.1/16,-
20201019215736,10.20.30.1/16,28
20201019215737,192.168.1.2/24,-
20201019215738,10.20.30.2/16,-
20201019215740,192.168.1.1/24,72
20201019215741,10.20.30.1/16,6
20201019215743,192.168.1.1/24,3
20201019215744,192.168.1.1/24,50
20201019215745,192.168.1.2/24,6
20201019215747,10.77.1.1/24,5
20201019215749,192.168.1.2/24,88
20201019215750,10.20.30.1/16,1
20201019215751,10.20.30.2/16,2
20201019215753,192.168.1.2/24,-
20201019215755,192.168.1.2/24,8
20201019215756,10.20.30.2/16,7
20201019215757,192.168.1.2/24,6
20201019215758,10.20.30.1/16,58
20201019215759,10.20.30.2/16,98
20201019215801,192.168.1.2/24,2
20201019215803,10.20.30.2/16,-
20201019215804,192.168.1.2/24,6
20201019215806,10.20.30.2/16,99
20201019215808,10.77.1.2/24,35
20201019215809,10.77.1.2/24,-
20201019215811,10.77.1.1/24,-
20201019215812,10.77.1.2/24,-
20201019215813,10.20.30.2/16,-
20201019215814,192.168.1.2/24,15
20201019215815,192.168.1.1/24,9
20201019215816,192.168.1.1/24,14
20201019215818,192.168.1.1/24,7
20201019215819,10.77.1.2/24,4
20201019215820,192.168.1.2/24,-
20201019215822,10.20.30.2/16,-
20201019215823,10.20.30.1/16,1
20201019215825,10.20.30.1/16,4
20201019215826,192.168.1.1/24,2
20201019215827,192.168.1.1/24,4
20201019215828,10.77.1.2/24,1
20201019215829,192.168.1.1/24,6
20201019215831,10.77.1.1/24,-
20201019215832,10.20.30.2/16,3
20201019215833,10.20.30.1/16,4
20201019215834,192.168.1.1/24,-
20201019215835,10.77.1.2/24,-
20201019215836,192.168.1.2/24,-
20201019215837,192.168.1.2/24,33
20201019215838,192.168.1.2/24,1
20201019215839,10.77.1.1/24,9
20201019215840,192.168.1.2/24,-
20201019215841,10.20.30.1/16,97
20201019215842,192.168.1.1/24,1
20201019215844,10.77.1.2/24,1
20201019215845,192.168.1.1/24,82
20201019215846,10.77.1.1/24,36
20201019215847,10.77.1.2/24,-
20201019215849,10.77.1.2/24,76
20201019215850,192.168.1.1/24,-
20201019215851,10.20.30.2/16,75
20201019215853,192.168.1.2/24,21
20201019215854,10.77.1.2/24,98
20201019215856,10.77.1.1/24,8
20201019215857,192.168.1.1/24,1
20201019215858,10.77.1.1/24,6
20201019215859,10.20.30.2/16,-
20201019215900,10.77.1.2/24,-
20201019215902,10.20.30.2/16,-
20201019215903,192.168.1.1/24,6
20201019215904,10.20.30.1/16,-
20201019215905,10.20.30.2/16,7
20201019215907,10.20.30.2/16,24
20201019215908,10.77.1.2/24,9
20201019215909,10.77.1.2/24,-
20201019215911,10.77.1.2/24,9
20201019215912,10.20.30.1/16,8
20201019215913,10.20.30.1/16,7
20201019215914,10.77.1.1/24,-
20201019215916,192.168.1.2/24,60
20201019215917,10.77.1.2/24,1
20201019215919,10.77.1.1/24,9
20201019215920,10.20.30.2/16,-
20201019215921,192.168.1.2/24,5
20201019215922,192.168.1.2/24,-
20201019215923,192.168.1.1/24,4
20201019215924,192.168.1.2/24,8
20201019215925,192.168.1.2/24,8
20201019215926,192.168.1.1/24,9
20201019215928,192.168.1.1/24,9
20201019215930,10.20.30.2/16,57
20201019215931,10.20.30.1/16,-
20201019215932,10.20.30.2/16,5
20201019215933,192.168.1.2/24,3
20201019215934,10.77.1.2/24,-
20201019215936,10.77.1.2/24,2
20201019215937,192.168.1.2/24,-
20201019215938,192.168.1.2/24,1
20201019215939,10.77.1.1/24,30
20201019215941,10.20.30.1/16,-
20201019215943,192.168.1.2/24,77
20201019215945,10.77.1.2/24,12
20201019215946,10.77.1.2/24,6
20201019215947,10.20.30.2/16,8
20201019215948,10.77.1.1/24,8
20201019215949,10.77.1.2/24,56
20201019215950,10.20.30.2/16,-
20201019215951,10.20.30.2/16,7
20201019215952,10.20.30.1/16,61
20201019215953,10.20.30.2/16,-
20201019215955,10.77.1.1/24,24
20201019215956,10.20.30.1/16,41
20201019215957,10.20.30.2/16,3
20201019215958,192.168.1.1/24,28
20201019215959,10.77.1.2/24,-
20201019220000,10.77.1.2/24,5
20201019220001,10.77.1.2/24,-
20201019220003,192.168.1.1/24,7
20201019220004,192.168.1.1/24,6
20201019220006,10.20.30.2/16,4
20201019220008,10.77.1.2/24,87
20201019220010,10.77.1.2/24,5
20201019220011,10.77.1.2/24,74
20201019220012,192.168.1.2/24,5
20201019220014,192.168.1.2/24,5
20201019220015,10.20.30.2/16,-
20201019220017,192.168.1.2/24,-
20201019220018,10.20.30.2/16,5
20201019220019,10.77.1.2/24,43
20201019220021,192.168.1.1/24,7
20201019220022,10.77.1.1/24,98
20201019220023,10.20.30.1/16,10
20201019220024,192.168.1.2/24,3
20201019220025,10.20.30.2/16,-
20201019220027,10.20.30.1/16,7
20201019220028,10.77.1.1/24,37
20201019220029,192.168.1.1/24,6
20201019220030,192.168.1.1/24,72
20201019220031,10.77.1.2/24,7
20201019220032,10.20.30.2/16,-
20201019220033,10.77.1.2/24,4
20201019220034,10.20.30.1/16,-
20201019220035,192.168.1.1/24,64
20201019220036,10.77.1.1/24,66
20201019220037,10.77.1.2/24,5
20201019220038,10.20.30.1/16,-
20201019220039,192.168.1.1/24,4
20201019220040,192.168.1.1/24,5
20201019220041,10.20.30.1/16,64
20201019220042,10.20.30.2/16,5
20201019220043,192.168.1.1/24,4
20201019220045,192.168.1.1/24,-
20201019220046,192.168.1.2/24,36
20201019220047,10.20.30.2/16,4
20201019220048,192.168.1.2/24,-
20201019220049,10.77.1.2/24,9
20201019220050,10.77.1.1/24,9
20201019220052,10.20.30.1/16,8
20201019220053,192.168.1.2/24,62
20201019220054,10.77.1.1/24,1
20201019220056,10.20.30.2/16,-
20201019220058,10.77.1.1/24,26
20201019220059,192.168.1.1/24,53
20201019220100,192.168.1.2/24,17
20201019220102,192.168.1.1/24,8
20201019220104,192.168.1.2/24,-
20201019220105,10.77.1.2/24,74
20201019220106,10.20.30.2/16,35
20201019220107,10.20.30.1/16,11
20201019220108,10.77.1.2/24,54
20201019220109,192.168.1.1/24,-
20201019220110,10.77.1.2/24,3
20201019220111,192.168.1.1/24,4
20201019220112,192.168.1.2/24,-
20201019220113,192.168.1.2/24,7
20201019220114,192.168.1.2/24,2
20201019220115,10.20.30.2/16,4
20201019220117,10.20.30.2/16,4
20201019220118,10.20.30.2/16,67
20201019220120,10.20.30.2/16,-
20201019220121,10.20.30.1/16,8
20201019220122,10.77.1.2/24,78
20201019220123,10.20.30.1/16,5
20201019220124,10.20.30.2/16,-
20201019220125,10.77.1.1/24,-
20201019220126,192.168.1.2/24,85
20201019220128,10.20.30.1/16,-
20201019220130,10.20.30.2/16,5
20201019220132,10.20.30.1/16,32
20201019220133,10.20.30.2/16,5
20201019220135,192.168.1.1/24,49
20201019220136,10.77.1.2/24,3
20201019220137,10.77.1.1/24,5
20201019220138,10.77.1.2/24,12
20201019220139,10.20.30.2/16,-
20201019220140,10.20.30.1/16,-
20201019220142,10.20.30.2/16,-
20201019220143,192.168.1.1/24,-
20201019220144,10.77.1.2/24,45
20201019220145,10.77.1.2/24,69
20201019220146,192.168.1.1/24,7
20201019220147,192.168.1.2/24,-
20201019220149,192.168.1.1/24,5
20201019220150,192.168.1.2/24,-
20201019220151,10.20.30.1/16,-
20201019220153,10.20.30.2/16,7
20201019220155,192.168.1.1/24,-
20201019220156,192.168.1.2/24,-
20201019220157,10.20.30.2/16,3
20201019220158,192.168.1.1/24,10
20201019220200,10.77.1.2/24,4
20201019220201,192.168.1.2/24,-
20201019220202,10.77.1.2/24,87
20201019220203,10.77.1.2/24,6
20201019220205,10.77.1.2/24,3
20201019220206,10.77.1.1/24,6
20201019220207,10.20.30.2/16,3
20201019220208,192.168.1.2/24,28
20201019220209,192.168.1.2/24,8
20201019220210,192.168.1.2/24,2
20201019220211,10.77.1.1/24,4
20201019220212,10.20.30.2/16,67
20201019220214,192.168.1.1/24,-
20201019220215,192.168.1.1/24,9
20201019220217,10.77.1.2/24,9
20201019220219,192.168.1.1/24,-
20201019220220,10.77.1.1/24,8
20201019220221,10.20.30.2/16,60
20201019220222,192.168.1.2/24,4
20201019220223,10.77.1.2/24,11
20201019220224,10.20.30.2/16,9
20201019220226,10.20.30.2/16,4
20201019220227,10.20.30.2/16,5
20201019220228,192.168.1.2/24,9
20201019220230,192.168.1.1/24,-
20201019220231,10.20.30.2/16,-
20201019220232,192.168.1.2/24,25
20201019220233,192.168.1.2/24,43
20201019220235,192.168.1.2/24,17
20201019220236,192.168.1.2/24,-
20201019220237,10.77.1.1/24,1
20201019220239,10.77.1.2/24,11
20201019220240,10.77.1.1/24,6
20201019220241,10.77.1.2/24,5
20201019220242,192.168.1.2/24,3
20201019220244,192.168.1.2/24,4
20201019220245,10.20.30.1/16,4
20201019220246,10.20.30.1/16,2
20201019220247,10.20.30.2/16,90
20201019220248,10.77.1.1/24,33
20201019220249,192.168.1.1/24,8
20201019220250,10.20.30.1/16,-
20201019220251,10.77.1.1/24,4
20201019220253,10.20.30.2/16,7
20201019220254,10.77.1.2/24,80
20201019220255,10.77.1.2/24,10
20201019220256,10.77.1.2/24,3
20201019220258,192.168.1.1/24,4
20201019220259,10.77.1.1/24,88
20201019220301,192.168.1.1/24,4
20201019220302,10.20.30.2/16,-
20201019220303,192.168.1.2/24,2
20201019220304,192.168.1.1/24,-
20201019220306,192.168.1.1/24,-
20201019220307,10.20.30.1/16,9
20201019220308,192.168.1.2/24,-
20201019220309,10.20.30.1/16,-
20201019220310,10.77.1.1/24,1
20201019220311,10.77.1.1/24,7
20201019220312,10.77.1.2/24,91
20201019220313,10.77.1.1/24,-
20201019220314,10.77.1.2/24,17
20201019220316,10.77.1.1/24,2
20201019220317,192.168.1.2/24,8
20201019220319,10.20.30.2/16,2
20201019220320,192.168.1.1/24,8
20201019220321,10.77.1.2/24,2
20201019220322,192.168.1.1/24,-
20201019220323,192.168.1.2/24,2
20201019220325,192.168.1.2/24,-
20201019220327,10.77.1.2/24,8
20201019220328,10.77.1.1/24,6
20201019220330,10.77.1.1/24,30
20201019220332,10.77.1.2/24,-
20201019220334,192.168.1.1/24,1
20201019220336,192.168.1.1/24,81
20201019220337,10.20.30.2/16,3
20201019220339,10.77.1.1/24,7
20201019220340,192.168.1.1/24,23
20201019220341,10.77.1.2/24,94
20201019220343,192.168.1.2/24,-
20201019220345,10.20.30.2/16,5
20201019220346,10.77.1.2/24,-
20201019220348,192.168.1.1/24,54
20201019220350,192.168.1.2/24,3
20201019220352,192.168.1.1/24,8
20201019220353,10.77.1.2/24,10
20201019220354,10.20.30.1/16,3
20201019220355,10.20.30.1/16,0
20201019220356,10.77.1.2/24,9
20201019220357,10.20.30.1/16,7
20201019220359,10.20.30.2/16,5
20201019220401,192.168.1.1/24,15
20201019220402,192.168.1.2/24,6
20201019220404,192.168.1.1/24,7
20201019220406,10.77.1.2/24,-
20201019220408,10.20.30.1/16,-
20201019220409,10.77.1.1/24,2
20201019220410,10.77.1.2/24,6
20201019220411,10.20.30.2/16,7
20201019220412,10.20.30.1/16,41
20201019220413,10.77.1.1/24,1
20201019220414,10.20.30.2/16,-
20201019220415,192.168.1.1/24,-
20201019220416,10.20.30.2/16,89
20201019220417,10.77.1.1/24,2
20201019220419,10.20.30.2/16,-
20201019220420,192.168.1.1/24,89
20201019220421,10.77.1.1/24,4
20201019220422,10.77.1.1/24,-
20201019220423,192.168.1.1/24,95
20201019220424,10.77.1.1/24,7
20201019220426,10.77.1.1/24,24
20201019220427,192.168.1.2/24,-
20201019220428,192.168.1.1/24,8
20201019220429,10.20.30.1/16,2
20201019220430,10.20.30.2/16,8
20201019220431,10.20.30.2/16,5
20201019220432,10.77.1.1/24,5
20201019220433,192.168.1.2/24,21
20201019220434,192.168.1.2/24,6
20201019220435,10.20.30.1/16,-
20201019220436,10.77.1.1/24,-
20201019220438,192.168.1.2/24,-
20201019220439,10.77.1.2/24,7
20201019220441,10.20.30.2/16,11
20201019220443,10.20.30.2/16,-
20201019220444,10.77.1.2/24,1
20201019220445,192.168.1.1/24,95
20201019220446,192.168.1.2/24,11
20201019220447,192.168.1.1/24,-
20201019220448,10.77.1.2/24,4
20201019220450,10.20.30.1/16,-
20201019220451,192.168.1.2/24,81
20201019220452,10.77.1.2/24,1
20201019220454,10.20.30.1/16,4
20201019220455,10.77.1.1/24,1
20201019220456,10.77.1.2/24,4
20201019220457,10.20.30.2/16,8
20201019220459,192.168.1.2/24,18
20201019220501,10.77.1.1/24,67
20201019220502,10.77.1.2/24,8
20201019220503,10.77.1.2/24,-
20201019220504,192.168.1.1/24,9
20201019220506,10.20.30.2/16,4
20201019220508,10.77.1.2/24,6
20201019220509,192.168.1.1/24,9
20201019220511,192.168.1.1/24,-
20201019220513,10.20.30.2/16,14
20201019220515,192.168.1.2/24,1
20201019220517,10.20.30.1/16,7
20201019220519,10.77.1.2/24,-
20201019220520,10.20.30.1/16,2
20201019220522,192.168.1.1/24,31
20201019220523,192.168.1.1/24,2
20201019220524,192.168.1.2/24,-
20201019220525,192.168.1.2/24,1
20201019220527,10.20.30.2/16,4
20201019220528,10.77.1.1/24,7
20201019220529,10.20.30.1/16,-
20201019220530,10.77.1.2/24,-
20201019220531,10.20.30.2/16,6
20201019220532,10.20.30.2/16,-
20201019220534,10.20.30.1/16,24
20201019220535,10.20.30.2/16,6
20201019220537,192.168.1.1/24,-
20201019220538,10.20.30.1/16,8
20201019220539,10.77.1.1/24,3
20201019220540,192.168.1.1/24,3
20201019220541,192.168.1.1/24,-
20201019220543,10.20.30.2/16,20
20201019220544,192.168.1.1/24,-
20201019220545,192.168.1.1/24,93
20201019220547,10.20.30.1/16,6
20201019220548,192.168.1.1/24,12
20201019220549,10.77.1.2/24,74
20201019220550,10.77.1.2/24,1
20201019220551,10.77.1.1/24,1
20201019220552,10.77.1.2/24,44
20201019220553,192.168.1.2/24,-
20201019220554,10.77.1.1/24,7
20201019220555,192.168.1.2/24,-
20201019220557,192.168.1.1/24,22
20201019220558,10.20.30.2/16,22
20201019220600,10.77.1.2/24,2
20201019220601,10.20.30.1/16,8
20201019220602,10.77.1.1/24,6
20201019220603,10.77.1.1/24,-
20201019220604,192.168.1.1/24,7
20201019220605,192.168.1.1/24,5
20201019220607,10.77.1.2/24,5
20201019220608,10.20.30.2/16,14
20201019220610,192.168.1.2/24,-
20201019220612,10.20.30.2/16,83
20201019220614,192.168.1.1/24,7
20201019220615,10.77.1.1/24,40
20201019220616,10.20.30.1/16,6
20201019220618,10.77.1.1/24,5
20201019220619,192.168.1.1/24,31
20201019220620,10.77.1.1/24,62
20201019220621,10.20.30.2/16,7
20201019220623,192.168.1.1/24,-
20201019220624,192.168.1.1/24,-
20201019220626,192.168.1.1/24,2
20201019220627,10.77.1.2/24,5
20201019220628,192.168.1.1/24,2
20201019220630,192.168.1.2/24,68
20201019220631,192.168.1.1/24,3
20201019220632,10.77.1.2/24,-
20201019220634,10.77.1.1/24,-
20201019220636,192.168.1.1/24,6
20201019220638,10.77.1.2/24,1
20201019220639,10.77.1.2/24,-
20201019220641,10.20.30.2/16,-
20201019220642,10.77.1.1/24,3
20201019220644,10.77.1.1/24,8
20201019220645,192.168.1.2/24,17
20201019220646,192.168.1.2/24,16
20201019220647,192.168.1.1/24,-
20201019220648,192.168.1.2/24,15
20201019220650,192.168.1.1/24,7
20201019220651,10.77.1.1/24,-
20201019220652,10.20.30.1/16,57
20201019220653,10.77.1.2/24,1
20201019220654,10.20.30.2/16,-
20201019220655,10.77.1.2/24,5
20201019220656,10.20.30.1/16,12
20201019220657,10.20.30.1/16,-
20201019220658,192.168.1.2/24,1
20201019220659,192.168.1.1/24,4
20201019220701,10.77.1.1/24,-
20201019220702,10.20.30.2/16,3
20201019220703,10.77.1.1/24,15
20201019220704,192.168.1.1/24,3
20201019220705,192.168.1.1/24,7
20201019220706,192.168.1.1/24,1
20201019220708,10.77.1.1/24,9
20201019220710,192.168.1.2/24,-
20201019220711,10.77.1.2/24,-
20201019220712,10.20.30.2/16,8
20201019220713,192.168.1.2/24,41
20201019220714,10.77.1.1/24,5
20201019220715,10.77.1.1/24,-
20201019220717,10.77.1.1/24,-
20201019220718,10.20.30.1/16,72
20201019220719,10.77.1.2/24,1
20201019220720,10.20.30.1/16,3
20201019220722,10.20.30.1/16,9
20201019220723,10.77.1.2/24,91
20201019220724,10.20.30.1/16,2
20201019220726,10.20.30.2/16,52
20201019220728,10.77.1.2/24,-
20201019220729,10.77.1.1/24,9
20201019220730,10.20.30.2/16,7
20201019220731,10.20.30.1/16,-
20201019220732,192.168.1.1/24,-
20201019220734,10.77.1.2/24,5
20201019220736,192.168.1.1/24,5
20201019220737,10.20.30.1/16,-
20201019220738,192.168.1.1/24,1
20201019220740,192.168.1.1/24,59
20201019220742,192.168.1.2/24,8
20201019220743,10.20.30.2/16,-
20201019220745,10.77.1.2/24,5
20201019220746,10.77.1.1/24,2
20201019220747,10.77.1.2/24,3
20201019220748,10.77.1.1/24,1
20201019220749,192.168.1.1/24,5
20201019220750,10.77.1.1/24,5
20201019220751,10.20.30.1/16,96
20201019220752,10.20.30.1/16,1
20201019220753,10.77.1.2/24,-
20201019220755,10.77.1.1/24,26
20201019220756,10.77.1.1/24,1
20201019220757,10.77.1.2/24,26
20201019220758,192.168.1.2/24,5
20201019220800,10.20.30.2/16,-
20201019220801,192.168.1.2/24,5
20201019220802,10.77.1.1/24,7
20201019220803,10.20.30.2/16,-
20201019220804,10.20.30.1/16,19
20201019220806,10.20.30.1/16,-
20201019220807,10.20.30.2/16,4
20201019220808,192.168.1.1/24,10
20201019220809,192.168.1.1/24,3
20201019220810,10.20.30.1/16,-
20201019220812,10.77.1.2/24,-
20201019220814,10.20.30.2/16,5
20201019220815,192.168.1.1/24,7
20201019220816,10.77.1.2/24,37
20201019220817,10.20.30.1/16,5
20201019220819,10.20.30.1/16,9
20201019220820,10.77.1.1/24,4
20201019220822,10.20.30.2/16,-
20201019220823,192.168.1.1/24,94
20201019220824,192.168.1.1/24,6
20201019220825,192.168.1.2/24,-
20201019220826,10.20.30.1/16,-
20201019220827,192.168.1.1/24,15
20201019220828,10.77.1.1/24,5
20201019220830,10.20.30.1/16,77
20201019220832,192.168.1.2/24,33
20201019220833,10.20.30.1/16,1
20201019220835,10.77.1.2/24,-
20201019220836,10.20.30.2/16,-
20201019220837,10.20.30.2/16,60
20201019220838,10.77.1.1/24,4
20201019220839,10.77.1.1/24,58
20201019220840,10.77.1.1/24,2
20201019220841,10.20.30.1/16,7
20201019220843,10.77.1.1/24,7
20201019220844,10.77.1.2/24,15
20201019220845,10.77.1.2/24,5
20201019220847,10.20.30.2/16,6
20201019220849,10.77.1.2/24,8
20201019220851,192.168.1.1/24,4
20201019220852,192.168.1.1/24,-
20201019220853,10.77.1.2/24,7
20201019220854,10.77.1.2/24,-
20201019220855,192.168.1.1/24,9
20201019220856,10.77.1.1/24,11
20201019220857,10.20.30.2/16,-
20201019220859,192.168.1.2/24,64
20201019220900,192.168.1.2/24,83
20201019220901,10.20.30.1/16,9
20201019220903,192.168.1.1/24,12
20201019220904,192.168.1.1/24,-
20201019220906,10.20.30.1/16,-
20201019220908,192.168.1.1/24,9
20201019220909,192.168.1.2/24,2
20201019220910,10.77.1.2/24,9
20201019220911,10.20.30.1/16,5
20201019220913,10.77.1.2/24,19
20201019220914,10.20.30.2/16,3
20201019220915,10.20.30.1/16,5
20201019220916,10.20.30.1/16,-
20201019220918,10.20.30.1/16,4
20201019220920,10.77.1.2/24,31
20201019220921,10.77.1.2/24,-
20201019220923,192.168.1.1/24,61
20201019220924,192.168.1.1/24,86
20201019220926,10.20.30.1/16,84
20201019220927,192.168.1.1/24,1
20201019220928,10.20.30.1/16,35
20201019220929,10.77.1.1/24,40
20201019220930,192.168.1.1/24,-
20201019220931,10.77.1.2/24,9
20201019220932,10.77.1.1/24,-
20201019220933,10.77.1.2/24,94
20201019220934,10.77.1.2/24,-
20201019220935,10.20.30.1/16,5
20201019220936,10.20.30.2/16,77
20201019220938,10.77.1.2/24,1
20201019220939,10.20.30.1/16,1
20201019220940,10.77.1.1/24,-
20201019220942,192.168.1.2/24,9
20201019220943,10.77.1.1/24,63
20201019220944,10.20.30.2/16,-
20201019220945,10.20.30.2/16,9
20201019220946,10.20.30.2/16,18
20201019220947,10.77.1.2/24,-
20201019220948,192.168.1.1/24,6
20201019220949,192.168.1.1/24,14
20201019220951,192.168.1.2/24,99
20201019220953,192.168.1.2/24,-
20201019220954,10.77.1.1/24,6
20201019220955,10.20.30.2/16,9
20201019220956,10.77.1.2/24,65
20201019220957,10.77.1.1/24,88
20201019220958,192.168.1.1/24,5
20201019221000,192.168.1.2/24,34
20201019221001,10.77.1.1/24,41
20201019221002,10.20.30.1/16,6
20201019221003,10.20.30.1/16,-
20201019221004,10.77.1.2/24,19
20201019221005,192.168.1.1/24,8
20201019221007,10.77.1.1/24,5
20201019221008,10.77.1.2/24,9
20201019221010,10.77.1.2/24,-
20201019221011,192.168.1.2/24,9
20201019221012,192.168.1.2/24,-
20201019221013,192.168.1.2/24,9
20201019221014,10.77.1.1/24,41
20201019221015,192.168.1.2/24,45
20201019221016,10.77.1.1/24,63
20201019221017,10.77.1.1/24,8
20201019221018,192.168.1.1/24,-
20201019221020,192.168.1.2/24,-
20201019221021,10.20.30.1/16,-
20201019221023,192.168.1.1/24,3
20201019221024,10.20.30.1/16,8
20201019221025,10.20.30.1/16,16
20201019221026,192.168.1.1/24,10
20201019221027,10.77.1.1/24,6
20201019221028,10.20.30.2/16,1
20201019221029,10.20.30.1/16,-
20201019221030,10.20.30.2/16,9
20201019221031,10.77.1.1/24,10
20201019221032,192.168.1.1/24,9
20201019221033,192.168.1.2/24,5
20201019221034,10.20.30.2/16,8
20201019221035,10.20.30.2/16,1
20201019221036,10.77.1.1/24,78
20201019221038,10.20.30.1/16,-
20201019221039,192.168.1.1/24,74
20201019221040,192.168.1.1/24,90
20201019221041,10.20.30.2/16,58
20201019221043,10.20.30.1/16,-
20201019221044,10.20.30.1/16,-
20201019221045,10.20.30.2/16,55
20201019221046,192.168.1.2/24,1
20201019221047,10.77.1.2/24,6
20201019221049,192.168.1.2/24,5
20201019221050,10.77.1.1/24,-
20201019221052,10.77.1.2/24,8
20201019221053,10.77.1.2/24,9
20201019221054,10.20.30.2/16,11
20201019221056,10.20.30.2/16,2
20201019221057,192.168.1.1/24,6
20201019221058,10.77.1.2/24,7
20201019221100,10.77.1.1/24,5
20201019221101,10.20.30.1/16,1
20201019221102,192.168.1.2/24,9
20201019221103,10.77.1.1/24,10
20201019221104,10.77.1.2/24,-
20201019221106,10.77.1.2/24,2
20201019221107,10.77.1.1/24,5
20201019221108,10.20.30.2/16,-
20201019221109,10.20.30.1/16,2
20201019221110,192.168.1.2/24,-
20201019221111,10.77.1.2/24,1
20201019221112,192.168.1.2/24,46
20201019221114,10.77.1.2/24,-
20201019221115,10.20.30.1/16,6
20201019221116,10.77.1.2/24,28
20201019221118,10.77.1.2/24,9
20201019221119,10.77.1.1/24,4
20201019221120,192.168.1.2/24,49
20201019221121,10.77.1.2/24,9
20201019221122,192.168.1.2/24,4
20201019221123,192.168.1.1/24,-
20201019221124,10.77.1.1/24,9
20201019221125,192.168.1.2/24,9
20201019221126,192.168.1.1/24,4
20201019221127,192.168.1.2/24,5
20201019221129,10.77.1.2/24,-
20201019221131,10.20.30.2/16,-
20201019221132,192.168.1.1/24,-
20201019221133,10.77.1.2/24,46
20201019221134,192.168.1.1/24,-
20201019221135,10.77.1.2/24,-
20201019221136,192.168.1.1/24,30
20201019221137,10.77.1.2/24,4
20201019221139,10.77.1.2/24,2
20201019221140,10.77.1.1/24,-
20201019221142,10.20.30.1/16,7
20201019221143,10.20.30.1/16,4
20201019221144,10.20.30.1/16,8
20201019221145,10.20.30.1/16,5
20201019221146,192.168.1.2/24,-
20201019221147,10.20.30.1/16,4
20201019221148,10.20.30.2/16,9
20201019221149,192.168.1.2/24,-
20201019221150,10.77.1.1/24,3
20201019221151,10.20.30.1/16,2
20201019221152,192.168.1.1/24,47
20201019221154,10.77.1.2/24,4
20201019221155,10.77.1.1/24,8
20201019221156,10.77.1.1/24,9
20201019221157,192.168.1.2/24,8
20201019221158,192.168.1.1/24,3
20201019221159,192.168.1.1/24,4
20201019221200,10.77.1.1/24,67
20201019221201,192.168.1.1/24,7
20201019221202,10.20.30.1/16,6
20201019221203,192.168.1.1/24,8
20201019221204,192.168.1.2/24,10
20201019221205,10.77.1.1/24,5
20201019221206,10.20.30.1/16,86
20201019221207,10.20.30.2/16,82
20201019221208,10.77.1.1/24,22
20201019221209,10.20.30.1/16,6
20201019221210,192.168.1.2/24,-
20201019221211,192.168.1.1/24,-
20201019221212,192.168.1.1/24,4
20201019221214,10.77.1.2/24,-
20201019221215,10.77.1.1/24,7
20201019221216,10.77.1.1/24,6
20201019221217,192.168.1.1/24,23
20201019221218,10.20.30.1/16,9
20201019221219,10.20.30.1/16,-
20201019221221,192.168.1.1/24,76
20201019221222,10.20.30.2/16,-
20201019221223,10.77.1.2/24,8
20201019221225,10.20.30.2/16,98
20201019221227,10.77.1.1/24,10
20201019221228,10.20.30.1/16,82
20201019221229,10.20.30.2/16,8
20201019221230,10.20.30.2/16,60
20201019221231,192.168.1.2/24,8
20201019221233,10.20.30.2/16,-
20201019221235,192.168.1.1/24,99
20201019221236,10.77.1.1/24,9
20201019221237,192.168.1.1/24,7
20201019221238,192.168.1.2/24,88
20201019221239,192.168.1.2/24,6
20201019221240,10.77.1.2/24,-
20201019221241,10.20.30.2/16,-
20201019221243,10.20.30.1/16,-
20201019221244,192.168.1.1/24,35
20201019221245,10.20.30.1/16,2
20201019221246,10.20.30.2/16,23
20201019221247,192.168.1.2/24,2
20201019221248,10.20.30.2/16,72
20201019221249,10.77.1.1/24,36
20201019221250,10.20.30.2/16,2
20201019221251,10.77.1.2/24,1
20201019221252,192.168.1.1/24,4
20201019221253,10.20.30.2/16,6
20201019221255,10.20.30.1/16,8
20201019221257,10.20.30.1/16,-
20201019221258,10.77.1.2/24,1
20201019221259,10.20.30.1/16,3
20201019221300,10.20.30.1/16,5
20201019221301,10.77.1.1/24,-
20201019221302,10.20.30.2/16,72
20201019221303,10.77.1.1/24,9
20201019221304,10.77.1.1/24,3
20201019221305,192.168.1.1/24,11
20201019221306,10.20.30.1/16,2
20201019221308,10.77.1.2/24,-
20201019221309,10.20.30.1/16,2
20201019221311,10.20.30.2/16,2
20201019221312,192.168.1.1/24,1
20201019221313,10.77.1.1/24,-
20201019221314,10.77.1.2/24,2
20201019221315,192.168.1.2/24,3
20201019221316,192.168.1.2/24,3
20201019221317,192.168.1.2/24,5
20201019221318,10.20.30.2/16,5
20201019221320,10.20.30.1/16,-
20201019221321,10.20.30.2/16,-
20201019221322,10.20.30.2/16,9
20201019221323,10.20.30.1/16,6
20201019221324,10.20.30.1/16,-
20201019221326,10.20.30.2/16,79
20201019221327,10.77.1.2/24,7
20201019221328,10.77.1.1/24,1
20201019221329,192.168.1.2/24,-
20201019221330,192.168.1.1/24,4
20201019221331,192.168.1.1/24,1
20201019221332,192.168.1.2/24,-
20201019221334,10.20.30.2/16,-
20201019221335,192.168.1.1/24,59
20201019221336,10.20.30.1/16,-
20201019221338,192.168.1.1/24,8
20201019221340,10.20.30.2/16,17
20201019221341,10.77.1.2/24,-
20201019221343,192.168.1.1/24,18
20201019221344,10.20.30.2/16,1
20201019221345,10.77.1.2/24,5
20201019221346,192.168.1.2/24,46
20201019221347,10.77.1.1/24,2
20201019221348,192.168.1.1/24,28
20201019221349,10.20.30.2/16,-
20201019221350,192.168.1.2/24,35
20201019221351,10.20.30.2/16,2
20201019221352,10.20.30.2/16,-
20201019221353,10.20.30.1/16,6
20201019221355,10.20.30.2/16,3
20201019221356,10.20.30.2/16,15
20201019221357,10.77.1.2/24,-
20201019221359,192.168.1.1/24,2
20201019221400,10.77.1.2/24,7
20201019221401,10.77.1.1/24,6
20201019221402,10.77.1.2/24,11
20201019221403,192.168.1.2/24,-
20201019221404,10.20.30.2/16,3
20201019221405,192.168.1.2/24,2
20201019221406,10.77.1.2/24,2
20201019221407,10.20.30.2/16,-
20201019221408,10.77.1.1/24,6
20201019221409,10.20.30.1/16,38
20201019221410,10.77.1.1/24,27
20201019221411,10.77.1.2/24,8
20201019221413,10.77.1.1/24,2
20201019221414,10.77.1.2/24,2
20201019221416,10.20.30.1/16,-
20201019221417,10.77.1.1/24,3
20201019221418,10.20.30.2/16,8
20201019221419,10.77.1.1/24,4
20201019221420,10.77.1.2/24,4
20201019221422,10.20.30.2/16,57
20201019221424,192.168.1.2/24,2
20201019221425,10.77.1.2/24,24
20201019221426,192.168.1.2/24,4
20201019221427,192.168.1.1/24,5
20201019221429,10.20.30.1/16,-
20201019221430,10.20.30.2/16,-
20201019221431,192.168.1.2/24,-
20201019221432,192.168.1.2/24,-
20201019221433,192.168.1.2/24,97
20201019221434,10.77.1.2/24,3
20201019221435,192.168.1.2/24,-
20201019221436,10.20.30.2/16,-
20201019221437,10.77.1.1/24,4
20201019221439,192.168.1.1/24,8
20201019221440,192.168.1.2/24,3
20201019221441,10.77.1.1/24,6
20201019221442,192.168.1.1/24,79
20201019221443,192.168.1.2/24,-
20201019221444,10.20.30.1/16,-
20201019221445,10.77.1.2/24,-
20201019221446,10.77.1.2/24,2
20201019221447,10.77.1.1/24,7
20201019221448,10.77.1.2/24,6
20201019221449,192.168.1.1/24,9
20201019221450,192.168.1.2/24,2
20201019221451,192.168.1.1/24,5
20201019221452,10.77.1.2/24,57
20201019221453,192.168.1.1/24,9
20201019221454,10.20.30.2/16,9
20201019221455,10.77.1.2/24,6
20201019221456,10.20.30.2/16,3
20201019221457,10.20.30.1/16,6
20201019221458,192.168.1.2/24,-
20201019221459,10.20.30.2/16,8
20201019221500,192.168.1.1/24,14
20201019221501,192.168.1.1/24,-
20201019221502,192.168.1.1/24,29
20201019221503,10.20.30.1/16,-
20201019221504,192.168.1.2/24,-
20201019221505,10.20.30.2/16,68
20201019221506,192.168.1.1/24,-
20201019221507,10.77.1.1/24,9
20201019221508,192.168.1.1/24,8
20201019221509,10.20.30.2/16,-
20201019221510,192.168.1.2/24,9
20201019221511,10.20.30.1/16,34
20201019221512,192.168.1.2/24,6
20201019221514,192.168.1.2/24,26
20201019221515,10.20.30.1/16,-
20201019221516,192.168.1.1/24,-
20201019221517,10.77.1.2/24,-
20201019221519,10.77.1.2/24,-
20201019221520,10.77.1.1/24,1
20201019221521,10.77.1.1/24,-
20201019221522,10.77.1.2/24,-
20201019221523,192.168.1.1/24,1
20201019221524,10.77.1.2/24,88
20201019221525,192.168.1.2/24,73
20201019221526,192.168.1.2/24,3
20201019221527,10.20.30.1/16,2
20201019221528,10.20.30.1/16,30
20201019221529,192.168.1.2/24,9
20201019221530,192.168.1.2/24,3
20201019221531,10.77.1.2/24,5
20201019221532,10.20.30.1/16,-
20201019221533,10.77.1.1/24,5
20201019221534,192.168.1.1/24,-
20201019221536,192.168.1.2/24,-
20201019221538,10.20.30.2/16,-
20201019221539,192.168.1.2/24,1
20201019221541,10.20.30.1/16,3
20201019221542,10.77.1.1/24,6
20201019221543,192.168.1.1/24,-
20201019221544,10.20.30.1/16,-
20201019221545,10.20.30.2/16,-
20201019221546,192.168.1.1/24,5
20201019221547,192.168.1.2/24,-
20201019221548,10.20.30.1/16,53
20201019221549,10.20.30.1/16,1
20201019221550,10.20.30.1/16,-
20201019221551,10.20.30.1/16,2
20201019221552,192.168.1.2/24,3
20201019221553,192.168.1.2/24,-
20201019221554,10.77.1.2/24,3
20201019221555,10.20.30.1/16,2
20201019221556,10.77.1.2/24,-
20201019221558,10.77.1.1/24,2
20201019221600,10.77.1.1/24,1
20201019221601,192.168.1.2/24,5
20201019221602,10.20.30.1/16,-
20201019221604,192.168.1.2/24,19
20201019221605,10.77.1.2/24,6
20201019221606,10.77.1.1/24,2
20201019221607,10.20.30.2/16,83
20201019221608,10.20.30.1/16,5
20201019221609,10.20.30.2/16,4
20201019221611,192.168.1.2/24,8
20201019221613,10.20.30.1/16,1
20201019221614,10.20.30.2/16,1
20201019221615,10.20.30.2/16,3
20201019221616,10.77.1.2/24,8
20201019221617,10.20.30.1/16,21
20201019221618,192.168.1.2/24,-
20201019221620,10.20.30.2/16,1
20201019221621,192.168.1.2/24,-
20201019221622,10.77.1.1/24,9
20201019221623,10.77.1.1/24,5
20201019221624,10.20.30.2/16,16
20201019221625,192.168.1.2/24,84
20201019221626,192.168.1.1/24,-
20201019221628,192.168.1.2/24,3
20201019221629,192.168.1.1/24,8
20201019221630,10.20.30.1/16,9
20201019221631,10.77.1.1/24,-
20201019221632,10.77.1.2/24,-
20201019221634,10.77.1.1/24,5
20201019221635,10.20.30.1/16,7
20201019221636,10.77.1.1/24,98
20201019221637,192.168.1.2/24,-
20201019221638,10.77.1.2/24,7
20201019221640,10.77.1.2/24,8
20201019221641,10.20.30.2/16,5
20201019221642,10.20.30.2/16,14
20201019221643,192.168.1.1/24,4
20201019221644,10.77.1.2/24,10
20201019221646,192.168.1.1/24,7
20201019221647,192.168.1.2/24,-
20201019221648,10.77.1.1/24,-
20201019221649,10.20.30.2/16,33
20201019221650,10.77.1.2/24,7
20201019221651,10.77.1.2/24,8
20201019221653,10.20.30.1/16,52
20201019221654,10.77.1.2/24,41
20201019221656,10.77.1.1/24,8
20201019221658,10.77.1.1/24,8
20201019221659,10.77.1.2/24,5
20201019221700,10.77.1.2/24,97
20201019221702,10.77.1.2/24,8
20201019221703,192.168.1.2/24,8
20201019221704,10.77.1.1/24,9
20201019221705,192.168.1.2/24,38
20201019221706,192.168.1.2/24,-
20201019221707,192.168.1.2/24,2
20201019221708,192.168.1.2/24,1
20201019221710,192.168.1.2/24,8
20201019221712,10.77.1.2/24,-
20201019221713,192.168.1.2/24,30
20201019221714,10.77.1.2/24,16
20201019221715,10.77.1.2/24,6
20201019221716,10.20.30.2/16,8
20201019221717,192.168.1.1/24,17
20201019221718,10.20.30.1/16,10
20201019221719,10.20.30.2/16,1
20201019221721,10.77.1.1/24,6
20201019221723,10.77.1.2/24,2
20201019221724,10.20.30.2/16,6
20201019221725,192.168.1.2/24,6
20201019221726,10.20.30.1/16,11
20201019221727,10.77.1.2/24,2
20201019221729,192.168.1.2/24,-
20201019221730,10.20.30.1/16,6
20201019221731,10.20.30.2/16,4
20201019221732,10.20.30.1/16,-
20201019221733,10.77.1.2/24,-
20201019221734,10.77.1.2/24,3
20201019221735,192.168.1.1/24,6
20201019221737,192.168.1.1/24,2
20201019221739,10.77.1.2/24,13
20201019221740,10.20.30.2/16,8
20201019221741,10.20.30.2/16,3
20201019221742,192.168.1.1/24,8
20201019221743,10.20.30.2/16,-
20201019221745,10.77.1.2/24,5
20201019221746,10.20.30.1/16,4
20201019221748,192.168.1.1/24,9
20201019221749,10.20.30.2/16,-
20201019221750,192.168.1.1/24,-
20201019221751,10.77.1.1/24,-
20201019221753,10.20.30.1/16,8
20201019221754,192.168.1.1/24,2
20201019221756,10.77.1.1/24,-
20201019221758,192.168.1.2/24,-
20201019221759,10.77.1.1/24,97
20201019221800,10.20.30.2/16,10
20201019221801,192.168.1.2/24,-
20201019221803,10.77.1.1/24,6
20201019221805,10.77.1.1/24,8
20201019221806,192.168.1.2/24,-
20201019221808,192.168.1.1/24,6
20201019221810,10.77.1.2/24,9
20201019221811,10.20.30.2/16,-
20201019221812,10.20.30.2/16,46
20201019221813,10.77.1.2/24,-
20201019221814,10.20.30.2/16,29
20201019221815,10.77.1.2/24,4
20201019221816,10.77.1.2/24,26
20201019221817,10.20.30.1/16,-
20201019221818,10.20.30.1/16,-
20201019221819,10.20.30.1/16,-
20201019221820,192.168.1.2/24,44
20201019221821,10.77.1.2/24,-
20201019221822,10.77.1.2/24,5
20201019221823,10.20.30.1/16,3
20201019221825,192.168.1.2/24,8
20201019221826,10.77.1.1/24,4
20201019221828,10.20.30.2/16,2
20201019221829,10.20.30.1/16,15
20201019221830,10.77.1.2/24,-
20201019221831,10.20.30.1/16,-
20201019221832,10.77.1.1/24,93
20201019221833,192.168.1.1/24,5
20201019221835,10.20.30.1/16,8
20201019221837,10.77.1.2/24,37
20201019221839,10.77.1.2/24,10
20201019221840,10.77.1.1/24,-
20201019221841,10.77.1.1/24,4
20201019221843,10.20.30.1/16,-
20201019221844,10.20.30.1/16,83
20201019221845,192.168.1.2/24,43
20201019221846,10.77.1.2/24,8
20201019221848,10.20.30.2/16,14
20201019221849,192.168.1.1/24,1
20201019221850,192.168.1.2/24,7
20201019221851,10.77.1.1/24,5
20201019221852,192.168.1.1/24,5
20201019221854,10.77.1.2/24,27
20201019221855,192.168.1.1/24,7
20201019221857,10.20.30.2/16,5
20201019221858,10.20.30.1/16,-
20201019221859,10.20.30.2/16,8
20201019221900,192.168.1.2/24,10
20201019221901,10.77.1.1/24,3
20201019221903,10.20.30.2/16,3
20201019221904,192.168.1.1/24,23
20201019221905,192.168.1.1/24,5
20201019221906,192.168.1.2/24,-
20201019221907,192.168.1.1/24,36
20201019221908,10.20.30.2/16,4
20201019221909,192.168.1.2/24,11
20201019221910,192.168.1.1/24,9
20201019221911,10.77.1.1/24,3
20201019221912,10.20.30.1/16,6
20201019221914,10.20.30.2/16,17
20201019221915,10.77.1.1/24,21
20201019221916,10.20.30.1/16,1
20201019221917,10.77.1.2/24,49
20201019221919,192.168.1.2/24,48
20201019221920,10.77.1.2/24,1
20201019221921,10.20.30.2/16,4
20201019221922,192.168.1.2/24,-
20201019221923,192.168.1.1/24,41
20201019221924,192.168.1.1/24,-
20201019221925,10.20.30.1/16,7
20201019221926,192.168.1.2/24,-
20201019221927,10.20.30.1/16,8
20201019221929,10.77.1.1/24,6
20201019221931,192.168.1.1/24,97
20201019221932,192.168.1.1/24,8
20201019221933,10.20.30.1/16,-
20201019221934,10.77.1.1/24,4
20201019221936,10.77.1.1/24,2
20201019221937,10.77.1.2/24,3
20201019221938,10.77.1.1/24,99
20201019221939,10.77.1.1/24,6
20201019221941,10.20.30.2/16,8
20201019221942,10.77.1.2/24,23
20201019221943,192.168.1.2/24,85
20201019221944,10.20.30.1/16,4
20201019221946,10.20.30.2/16,26
20201019221947,192.168.1.1/24,8
20201019221948,10.20.30.1/16,5
20201019221949,192.168.1.1/24,1
20201019221951,10.77.1.2/24,-
20201019221952,10.20.30.2/16,7
20201019221953,10.77.1.2/24,8
20201019221954,10.20.30.2/16,68
20201019221955,192.168.1.2/24,41
20201019221956,10.20.30.1/16,4
20201019221957,10.77.1.2/24,6
20201019221958,10.77.1.1/24,8
20201019221959,10.20.30.2/16,7
20201019222000,10.77.1.2/24,9
20201019222001,192.168.1.2/24,9
20201019222002,192.168.1.1/24,2
20201019222004,10.20.30.2/16,6
20201019222005,10.20.30.2/16,7
20201019222006,192.168.1.2/24,8
20201019222007,192.168.1.1/24,1
20201019222009,10.20.30.2/16,4
20201019222010,10.77.1.1/24,16
20201019222011,10.20.30.2/16,5
20201019222012,10.20.30.2/16,6
20201019222013,10.77.1.2/24,92
20201019222014,10.77.1.2/24,38
20201019222015,10.20.30.1/16,78
20201019222016,10.20.30.1/16,21
20201019222017,10.20.30.2/16,-
20201019222018,192.168.1.2/24,8
20201019222019,10.20.30.1/16,1
20201019222020,10.20.30.2/16,-
20201019222022,192.168.1.2/24,2
20201019222023,192.168.1.2/24,8
20201019222024,192.168.1.2/24,2
20201019222025,10.20.30.1/16,-
20201019222026,10.77.1.2/24,6
20201019222027,10.77.1.2/24,-
20201019222028,10.77.1.1/24,-
20201019222029,10.77.1.2/24,33
20201019222030,10.77.1.1/24,4
20201019222031,192.168.1.2/24,1
20201019222033,192.168.1.1/24,91
20201019222034,10.20.30.1/16,9
20201019222035,10.77.1.2/24,-
20201019222036,192.168.1.2/24,9
20201019222038,192.168.1.2/24,5
20201019222039,192.168.1.1/24,75
20201019222040,192.168.1.1/24,-
20201019222042,192.168.1.1/24,6
20201019222043,10.77.1.2/24,4
20201019222044,10.20.30.1/16,3
20201019222046,10.20.30.1/16,-
20201019222047,10.20.30.2/16,7
20201019222048,10.77.1.2/24,76
20201019222050,10.77.1.2/24,7
20201019222051,10.77.1.1/24,5
20201019222053,10.77.1.2/24,1
20201019222054,10.77.1.2/24,2
20201019222055,10.77.1.2/24,1
20201019222056,192.168.1.1/24,5
20201019222057,192.168.1.2/24,3
20201019222058,10.77.1.1/24,58
20201019222100,10.20.30.2/16,8
20201019222101,192.168.1.1/24,6
20201019222102,10.20.30.2/16,2
20201019222103,192.168.1.2/24,14
20201019222105,10.20.30.2/16,7
20201019222106,192.168.1.1/24,11
20201019222107,10.77.1.2/24,-
20201019222108,10.77.1.1/24,6
20201019222110,10.20.30.1/16,7
20201019222111,10.77.1.1/24,86
20201019222112,192.168.1.1/24,58
20201019222113,10.20.30.2/16,-
20201019222114,10.20.30.2/16,9
20201019222115,10.77.1.1/24,13
20201019222116,10.20.30.1/16,-
20201019222118,10.77.1.2/24,35
20201019222119,10.20.30.2/16,4
20201019222120,10.77.1.1/24,5
20201019222121,10.20.30.2/16,7
20201019222122,192.168.1.2/24,8
20201019222123,10.77.1.1/24,7
20201019222125,192.168.1.2/24,-
20201019222127,10.20.30.2/16,3
20201019222128,10.20.30.1/16,17
20201019222129,10.77.1.2/24,8
20201019222130,192.168.1.2/24,52
20201019222131,10.77.1.2/24,-
20201019222132,10.77.1.2/24,86
20201019222134,10.20.30.1/16,15
20201019222136,192.168.1.2/24,1
20201019222137,10.77.1.2/24,51
20201019222139,192.168.1.2/24,-
20201019222140,192.168.1.2/24,-
20201019222142,10.20.30.1/16,18
20201019222144,10.20.30.1/16,-
20201019222145,10.77.1.1/24,9
20201019222146,192.168.1.1/24,5
20201019222147,10.77.1.2/24,58
20201019222148,192.168.1.1/24,64
20201019222149,10.77.1.2/24,-
20201019222150,192.168.1.1/24,9
20201019222152,10.77.1.2/24,5
20201019222153,192.168.1.1/24,-
20201019222155,10.20.30.2/16,4
20201019222156,10.20.30.1/16,2
20201019222157,10.77.1.1/24,5
20201019222158,192.168.1.2/24,8
20201019222159,10.20.30.2/16,4
20201019222200,10.20.30.2/16,4
20201019222201,10.20.30.2/16,7
20201019222202,192.168.1.1/24,48
20201019222203,10.20.30.2/16,6
20201019222204,192.168.1.1/24,4
20201019222205,192.168.1.2/24,6
20201019222206,10.20.30.1/16,3
20201019222207,10.77.1.1/24,8
20201019222209,192.168.1.2/24,72
20201019222210,10.77.1.1/24,9
20201019222212,192.168.1.1/24,7
20201019222213,192.168.1.1/24,29
20201019222215,10.20.30.2/16,-
20201019222217,192.168.1.1/24,86
20201019222218,10.77.1.2/24,4
20201019222220,192.168.1.1/24,7
20201019222221,10.20.30.2/16,5
20201019222223,192.168.1.2/24,4
20201019222224,10.20.30.1/16,-
20201019222225,10.77.1.1/24,12
20201019222227,192.168.1.2/24,-
20201019222228,10.77.1.1/24,5
20201019222229,192.168.1.1/24,21
20201019222230,192.168.1.1/24,3
20201019222231,192.168.1.2/24,2
20201019222232,192.168.1.2/24,-
20201019222234,10.77.1.2/24,1
20201019222235,10.77.1.2/24,-
20201019222236,10.77.1.2/24,5
20201019222237,192.168.1.1/24,97
20201019222239,10.20.30.1/16,16
20201019222240,10.20.30.1/16,4
20201019222241,10.77.1.2/24,11
20201019222243,10.77.1.2/24,8
20201019222244,10.20.30.1/16,8
20201019222245,192.168.1.1/24,18
20201019222246,10.77.1.2/24,-
20201019222248,192.168.1.1/24,20
20201019222249,192.168.1.1/24,7
20201019222250,10.77.1.1/24,9
20201019222251,192.168.1.1/24,-
20201019222253,10.77.1.1/24,6
20201019222255,192.168.1.1/24,7
20201019222256,10.20.30.1/16,-
20201019222258,192.168.1.2/24,63
20201019222259,192.168.1.2/24,9
20201019222300,10.77.1.1/24,34
20201019222301,192.168.1.2/24,6
20201019222302,192.168.1.2/24,8
20201019222304,10.20.30.1/16,94
20201019222305,10.20.30.1/16,-
20201019222307,10.77.1.2/24,2
20201019222309,192.168.1.1/24,1
20201019222310,10.20.30.1/16,3
20201019222311,192.168.1.2/24,91
20201019222312,10.77.1.1/24,8
20201019222313,10.77.1.2/24,1
20201019222314,10.77.1.1/24,-
20201019222315,192.168.1.2/24,5
20201019222316,192.168.1.2/24,9
20201019222317,192.168.1.2/24,2
20201019222318,10.20.30.1/16,-
20201019222319,10.77.1.2/24,7
20201019222320,10.77.1.1/24,3
20201019222321,192.168.1.1/24,1
20201019222322,192.168.1.2/24,-
20201019222323,192.168.1.2/24,4
20201019222324,10.77.1.1/24,-
20201019222325,10.20.30.2/16,-
20201019222326,10.20.30.1/16,5
20201019222327,10.20.30.1/16,7
20201019222328,10.77.1.1/24,5
20201019222329,10.20.30.2/16,-
20201019222331,10.20.30.1/16,13
20201019222332,192.168.1.2/24,37
20201019222333,10.77.1.1/24,7
20201019222334,192.168.1.2/24,2
20201019222335,192.168.1.1/24,4
20201019222336,192.168.1.2/24,5
20201019222337,10.77.1.1/24,5
20201019222338,10.77.1.2/24,5
20201019222339,192.168.1.2/24,-
20201019222340,10.77.1.2/24,89
20201019222341,10.20.30.2/16,8
20201019222342,10.20.30.1/16,8
20201019222343,10.20.30.1/16,31
20201019222345,192.168.1.1/24,8
20201019222346,10.20.30.2/16,7
20201019222347,192.168.1.2/24,5
20201019222349,10.77.1.1/24,7
20201019222350,192.168.1.2/24,9
20201019222351,192.168.1.1/24,-
20201019222353,192.168.1.1/24,6
20201019222354,10.20.30.1/16,19
20201019222355,192.168.1.1/24,-
20201019222356,192.168.1.2/24,89
20201019222357,10.77.1.1/24,3
20201019222358,10.20.30.1/16,88
20201019222359,10.77.1.1/24,-
20201019222400,10.20.30.2/16,17
20201019222401,192.168.1.2/24,4
20201019222402,192.168.1.2/24,7
20201019222403,192.168.1.1/24,-
20201019222405,10.77.1.1/24,7
20201019222407,10.77.1.1/24,0
20201019222409,10.77.1.1/24,3
20201019222410,10.20.30.1/16,-
20201019222411,10.77.1.1/24,-
20201019222412,10.20.30.2/16,3
20201019222413,10.20.30.2/16,14
20201019222414,10.20.30.1/16,59
20201019222415,192.168.1.2/24,18
20201019222417,10.77.1.2/24,-
20201019222418,10.77.1.1/24,-
20201019222419,10.77.1.1/24,-
20201019222420,10.20.30.2/16,7
20201019222421,192.168.1.2/24,5
20201019222423,192.168.1.2/24,-
20201019222424,10.77.1.1/24,6
20201019222425,192.168.1.1/24,5
20201019222426,10.77.1.1/24,28
20201019222428,10.20.30.2/16,79
20201019222430,10.77.1.2/24,8
20201019222432,10.77.1.2/24,5
20201019222434,10.77.1.2/24,9
20201019222435,192.168.1.2/24,2
20201019222436,192.168.1.2/24,8
20201019222437,10.20.30.2/16,90
20201019222439,10.77.1.1/24,-
20201019222440,192.168.1.2/24,56
20201019222441,192.168.1.1/24,65
20201019222442,10.20.30.1/16,6
20201019222443,10.20.30.2/16,29
20201019222444,10.77.1.1/24,8
20201019222445,10.20.30.2/16,7
20201019222447,192.168.1.1/24,3
20201019222449,192.168.1.2/24,43
20201019222450,192.168.1.1/24,-
20201019222451,192.168.1.2/24,4
20201019222452,10.20.30.1/16,22
20201019222453,10.20.30.2/16,2
20201019222454,192.168.1.1/24,20
20201019222456,10.77.1.2/24,2
20201019222457,192.168.1.1/24,-
20201019222458,10.77.1.1/24,7
20201019222500,10.20.30.2/16,3
20201019222501,10.20.30.1/16,-
20201019222502,192.168.1.2/24,-
20201019222503,10.77.1.1/24,4
20201019222504,10.20.30.2/16,10
20201019222505,10.77.1.1/24,8
20201019222506,192.168.1.2/24,2
20201019222508,192.168.1.1/24,-
20201019222510,192.168.1.1/24,46
20201019222511,10.20.30.1/16,6
20201019222512,10.77.1.2/24,78
20201019222513,10.20.30.1/16,-
20201019222514,10.77.1.1/24,3
20201019222515,10.77.1.1/24,-
20201019222516,10.20.30.1/16,-
20201019222517,10.20.30.2/16,3
20201019222519,10.77.1.2/24,8
20201019222521,10.20.30.1/16,-
20201019222522,192.168.1.2/24,5
20201019222523,10.77.1.1/24,48
20201019222524,192.168.1.1/24,9
20201019222525,192.168.1.1/24,37
20201019222526,192.168.1.2/24,1
20201019222527,10.20.30.2/16,3
20201019222528,10.20.30.2/16,6
20201019222529,192.168.1.2/24,12
20201019222530,192.168.1.1/24,8
20201019222531,10.77.1.2/24,29
20201019222532,10.20.30.1/16,13
20201019222533,10.77.1.1/24,8
20201019222534,10.77.1.2/24,71
20201019222535,192.168.1.2/24,3
20201019222536,192.168.1.1/24,64
20201019222537,10.20.30.1/16,8
20201019222538,192.168.1.2/24,-
20201019222539,10.20.30.2/16,7
20201019222540,10.20.30.2/16,-
20201019222541,192.168.1.1/24,5
20201019222542,10.77.1.2/24,26
20201019222543,10.20.30.1/16,8
20201019222544,10.20.30.1/16,6
20201019222545,192.168.1.2/24,42
20201019222546,192.168.1.2/24,24
20201019222547,10.77.1.2/24,34
20201019222548,10.77.1.1/24,-
20201019222549,10.77.1.1/24,10
20201019222550,192.168.1.1/24,-
20201019222551,10.77.1.1/24,7
20201019222553,10.20.30.1/16,-
20201019222554,10.77.1.2/24,-
20201019222556,10.77.1.1/24,6
20201019222558,10.20.30.2/16,6
20201019222559,10.20.30.1/16,6
20201019222601,192.168.1.1/24,6
20201019222602,10.77.1.2/24,9
20201019222603,10.20.30.2/16,-
20201019222604,192.168.1.1/24,21
20201019222605,192.168.1.2/24,6
20201019222606,192.168.1.2/24,53
20201019222607,10.77.1.1/24,1
20201019222608,192.168.1.2/24,8
20201019222609,10.77.1.2/24,7
20201019222610,192.168.1.1/24,6
20201019222611,10.77.1.2/24,5
20201019222612,192.168.1.1/24,7
20201019222613,10.20.30.2/16,5
20201019222615,10.77.1.1/24,-
20201019222617,192.168.1.1/24,7
20201019222618,10.20.30.2/16,16
20201019222620,10.20.30.1/16,-
20201019222622,10.20.30.1/16,3
20201019222623,10.20.30.2/16,-
20201019222625,10.77.1.2/24,1
20201019222626,192.168.1.1/24,8
20201019222627,192.168.1.1/24,-
20201019222628,10.77.1.1/24,-
20201019222629,192.168.1.1/24,6
20201019222630,192.168.1.2/24,74
20201019222631,192.168.1.2/24,7
20201019222632,192.168.1.2/24,22
20201019222633,10.20.30.1/16,19
20201019222634,10.20.30.2/16,29
20201019222635,10.20.30.1/16,4
20201019222636,10.20.30.2/16,32
20201019222637,192.168.1.1/24,13
20201019222638,192.168.1.1/24,5
20201019222639,10.20.30.1/16,-
20201019222640,192.168.1.2/24,2
20201019222641,10.20.30.1/16,67
20201019222642,10.20.30.2/16,3
20201019222643,10.20.30.1/16,8
20201019222644,10.77.1.2/24,3
20201019222646,10.77.1.2/24,9
20201019222647,10.20.30.2/16,6
20201019222648,10.20.30.1/16,7
20201019222649,10.77.1.2/24,60
20201019222650,10.77.1.1/24,5
20201019222651,10.77.1.2/24,6
20201019222652,10.77.1.1/24,26
20201019222654,10.20.30.1/16,9
20201019222655,192.168.1.2/24,-
20201019222656,10.20.30.1/16,4
20201019222657,10.20.30.2/16,34
20201019222659,10.20.30.1/16,6
20201019222700,10.20.30.2/16,3
20201019222702,10.20.30.1/16,5
20201019222703,10.20.30.2/16,31
20201019222704,10.77.1.1/24,8
20201019222705,192.168.1.2/24,6
20201019222706,192.168.1.1/24,2
20201019222707,10.77.1.2/24,-
20201019222708,192.168.1.1/24,47
20201019222709,10.20.30.1/16,6
20201019222710,10.77.1.2/24,-
20201019222711,10.20.30.2/16,65
20201019222712,10.77.1.2/24,8
20201019222713,10.20.30.1/16,7
20201019222715,10.77.1.2/24,3
20201019222716,10.20.30.1/16,-
20201019222717,192.168.1.2/24,-
20201019222718,10.20.30.1/16,2
20201019222719,10.77.1.2/24,5
20201019222720,10.77.1.1/24,34
20201019222722,10.77.1.2/24,-
20201019222723,192.168.1.1/24,3
20201019222724,10.20.30.1/16,-
20201019222725,10.20.30.2/16,0
20201019222726,192.168.1.1/24,4
20201019222727,10.77.1.1/24,22
20201019222728,10.77.1.1/24,92
20201019222729,10.77.1.1/24,6
20201019222730,10.20.30.2/16,9
20201019222731,10.20.30.2/16,2
20201019222732,10.20.30.1/16,2
20201019222733,10.20.30.1/16,-
20201019222734,192.168.1.1/24,9
20201019222735,10.77.1.2/24,7
20201019222736,192.168.1.2/24,17
20201019222737,192.168.1.1/24,7
20201019222738,10.77.1.2/24,-
20201019222739,10.20.30.1/16,-
20201019222740,10.20.30.2/16,53
20201019222741,10.77.1.1/24,-
20201019222742,192.168.1.2/24,26
20201019222743,10.20.30.2/16,8
20201019222744,10.20.30.1/16,-
20201019222745,10.77.1.1/24,9
20201019222747,10.77.1.1/24,7
20201019222748,10.20.30.2/16,9
20201019222749,192.168.1.2/24,1
20201019222750,10.77.1.1/24,21
20201019222751,192.168.1.1/24,6
20201019222752,10.77.1.1/24,21
20201019222753,10.77.1.2/24,5
20201019222754,10.20.30.2/16,3
20201019222756,10.77.1.1/24,-
20201019222757,10.20.30.2/16,97
20201019222758,192.168.1.1/24,67
20201019222759,10.20.30.2/16,-
20201019222800,10.77.1.1/24,3
20201019222802,10.77.1.2/24,3
20201019222803,10.20.30.2/16,-
20201019222805,10.77.1.1/24,28
20201019222806,10.77.1.2/24,-
20201019222808,192.168.1.2/24,24
20201019222810,192.168.1.1/24,4
20201019222811,10.77.1.1/24,-
20201019222812,192.168.1.1/24,15
20201019222813,192.168.1.1/24,-
20201019222814,10.77.1.1/24,-
20201019222816,10.77.1.2/24,-
20201019222817,10.77.1.1/24,61
20201019222818,10.77.1.2/24,5
20201019222819,10.20.30.2/16,31
20201019222820,192.168.1.2/24,6
20201019222822,10.77.1.2/24,2
20201019222823,10.77.1.2/24,-
20201019222824,10.20.30.1/16,90
20201019222825,192.168.1.2/24,4
20201019222827,192.168.1.1/24,15
20201019222828,10.77.1.2/24,-
20201019222829,192.168.1.1/24,9
20201019222830,10.77.1.2/24,6
20201019222832,10.20.30.2/16,34
20201019222834,10.20.30.1/16,5
20201019222835,192.168.1.1/24,6
20201019222836,10.20.30.1/16,5
20201019222838,10.20.30.1/16,-
20201019222839,10.77.1.1/24,52
20201019222840,10.20.30.2/16,-
20201019222841,192.168.1.2/24,26
20201019222843,10.77.1.2/24,5
20201019222845,10.77.1.2/24,2
20201019222847,10.20.30.1/16,2
20201019222848,192.168.1.2/24,2
20201019222849,10.20.30.1/16,56
20201019222850,10.20.30.2/16,-
20201019222851,10.20.30.2/16,-
20201019222852,10.77.1.1/24,2
20201019222853,10.20.30.1/16,1
20201019222854,10.77.1.2/24,-
20201019222855,192.168.1.2/24,-
20201019222856,10.77.1.2/24,3
20201019222858,10.77.1.1/24,49
20201019222900,192.168.1.1/24,2
20201019222902,10.77.1.2/24,-
20201019222903,10.20.30.1/16,-
20201019222904,192.168.1.2/24,66
20201019222905,10.77.1.1/24,36
20201019222907,10.20.30.1/16,73
20201019222908,10.77.1.1/24,3
20201019222909,10.77.1.2/24,29
20201019222910,192.168.1.1/24,7
20201019222912,192.168.1.2/24,-
20201019222913,10.77.1.2/24,-
20201019222914,10.20.30.1/16,20
20201019222915,10.20.30.1/16,-
20201019222916,10.20.30.1/16,8
20201019222917,10.77.1.2/24,17
20201019222918,10.20.30.2/16,2
20201019222919,10.20.30.2/16,2
20201019222920,10.77.1.2/24,-
20201019222921,10.20.30.1/16,-
20201019222923,10.77.1.1/24,7
20201019222924,10.20.30.1/16,30
20201019222925,10.77.1.1/24,-
20201019222926,10.20.30.1/16,22
20201019222927,10.20.30.1/16,17
20201019222928,10.77.1.1/24,-
20201019222929,192.168.1.1/24,84
20201019222930,10.20.30.2/16,1
20201019222931,10.20.30.1/16,1
20201019222932,10.20.30.2/16,-
20201019222933,192.168.1.2/24,2
20201019222935,192.168.1.1/24,81
20201019222936,192.168.1.2/24,8
20201019222937,10.77.1.2/24,6
20201019222939,10.20.30.2/16,-
20201019222940,192.168.1.1/24,7
20201019222941,10.20.30.1/16,21
20201019222942,10.20.30.1/16,8
20201019222943,192.168.1.2/24,11
20201019222945,10.20.30.1/16,30
20201019222946,192.168.1.2/24,5
20201019222947,10.20.30.1/16,7
20201019222948,10.77.1.1/24,14
20201019222949,192.168.1.1/24,5
20201019222951,192.168.1.1/24,21
20201019222952,10.77.1.2/24,-
20201019222954,10.20.30.2/16,-
20201019222955,10.20.30.2/16,9
20201019222956,10.20.30.2/16,7
20201019222958,10.20.30.2/16,62
20201019222959,192.168.1.1/24,7
20201019223000,10.20.30.1/16,26
20201019223002,192.168.1.2/24,-
20201019223003,10.20.30.2/16,6
20201019223004,10.20.30.1/16,21
20201019223005,192.168.1.2/24,80
20201019223007,192.168.1.2/24,7
20201019223008,10.77.1.2/24,8
20201019223010,10.77.1.2/24,16
20201019223011,10.20.30.1/16,-
20201019223013,10.20.30.2/16,78
20201019223014,10.20.30.2/16,6
20201019223016,10.77.1.1/24,-
20201019223018,10.20.30.1/16,-
20201019223019,10.20.30.2/16,48
20201019223021,10.77.1.2/24,-
20201019223022,10.20.30.1/16,2
20201019223023,10.77.1.2/24,16
20201019223024,192.168.1.2/24,-
20201019223025,10.77.1.1/24,62
20201019223026,10.77.1.1/24,3
20201019223028,10.77.1.2/24,7
20201019223029,10.20.30.2/16,3
20201019223030,192.168.1.2/24,8
20201019223031,10.20.30.2/16,8
20201019223032,10.77.1.2/24,7
20201019223034,10.77.1.1/24,7
20201019223035,10.77.1.1/24,6
20201019223036,10.20.30.2/16,7
20201019223037,10.20.30.2/16,5
20201019223038,10.77.1.1/24,49
20201019223039,10.20.30.2/16,9
20201019223040,10.77.1.2/24,7
20201019223041,192.168.1.1/24,5
20201019223042,192.168.1.2/24,-
20201019223043,10.20.30.2/16,7
20201019223044,10.20.30.1/16,61
20201019223045,10.77.1.1/24,5
20201019223046,10.20.30.1/16,82
20201019223048,10.77.1.1/24,7
20201019223049,192.168.1.2/24,1
20201019223050,10.20.30.2/16,-
20201019223051,10.20.30.1/16,-
20201019223053,10.20.30.2/16,-
20201019223054,10.20.30.2/16,-
20201019223055,10.77.1.2/24,9
20201019223056,10.77.1.2/24,7
20201019223058,192.168.1.2/24,8
20201019223100,192.168.1.2/24,31
20201019223101,192.168.1.1/24,43
20201019223102,192.168.1.1/24,6
20201019223103,10.20.30.1/16,55
20201019223104,10.77.1.2/24,-
20201019223106,192.168.1.2/24,12
20201019223107,10.77.1.2/24,-
20201019223108,10.20.30.1/16,7
20201019223109,192.168.1.2/24,41
20201019223110,192.168.1.1/24,7
20201019223111,10.77.1.2/24,-
20201019223113,192.168.1.1/24,8
20201019223115,192.168.1.2/24,5
20201019223116,10.20.30.2/16,-
20201019223117,10.20.30.1/16,8
20201019223119,192.168.1.2/24,6
20201019223121,10.77.1.2/24,2
20201019223122,10.20.30.1/16,7
20201019223123,10.20.30.2/16,1
20201019223124,10.20.30.1/16,6
20201019223125,10.77.1.2/24,3
20201019223127,10.20.30.1/16,6
20201019223128,10.20.30.1/16,9
20201019223129,192.168.1.1/24,5
20201019223130,10.20.30.1/16,6
20201019223132,192.168.1.2/24,0
20201019223133,192.168.1.1/24,68
20201019223134,10.20.30.1/16,5
20201019223135,10.77.1.2/24,-
20201019223136,192.168.1.2/24,73
20201019223137,192.168.1.2/24,20
20201019223138,10.20.30.2/16,5
20201019223139,10.20.30.2/16,5
20201019223140,192.168.1.1/24,5
20201019223141,192.168.1.2/24,7
20201019223142,192.168.1.2/24,13
20201019223143,192.168.1.1/24,6
20201019223144,192.168.1.2/24,47
20201019223145,10.77.1.1/24,-
20201019223146,192.168.1.2/24,29
20201019223147,10.77.1.1/24,4
20201019223148,192.168.1.2/24,3
20201019223149,192.168.1.1/24,99
20201019223151,10.77.1.2/24,82
20201019223152,192.168.1.1/24,39
20201019223154,10.77.1.1/24,5
20201019223156,10.20.30.2/16,-
20201019223157,192.168.1.1/24,6
20201019223158,192.168.1.1/24,-
20201019223159,192.168.1.1/24,3
20201019223200,10.77.1.2/24,69
20201019223202,10.77.1.2/24,7
20201019223203,10.20.30.1/16,-
20201019223204,10.20.30.1/16,2
20201019223205,192.168.1.2/24,-
20201019223206,192.168.1.2/24,31
20201019223207,10.77.1.2/24,4
20201019223208,192.168.1.1/24,12
20201019223209,10.20.30.2/16,3
20201019223210,10.77.1.1/24,-
20201019223211,192.168.1.1/24,7
20201019223212,10.20.30.2/16,-
20201019223213,192.168.1.2/24,9
20201019223214,192.168.1.2/24,2
20201019223215,10.77.1.2/24,2
20201019223216,192.168.1.1/24,89
20201019223218,192.168.1.2/24,1
20201019223220,10.20.30.2/16,9
20201019223221,10.77.1.2/24,7
20201019223222,10.20.30.2/16,-
20201019223223,10.77.1.1/24,47
20201019223224,10.77.1.2/24,6
20201019223226,192.168.1.1/24,9
20201019223227,192.168.1.1/24,4
20201019223229,10.77.1.2/24,7
20201019223230,10.20.30.2/16,8
20201019223231,192.168.1.1/24,8
20201019223232,192.168.1.1/24,8
20201019223234,10.20.30.2/16,4
20201019223235,192.168.1.2/24,26
20201019223236,10.77.1.2/24,7
20201019223238,10.77.1.2/24,7
20201019223239,192.168.1.1/24,4
20201019223240,10.20.30.1/16,9
20201019223241,10.20.30.1/16,9
20201019223242,10.20.30.1/16,-
20201019223243,10.20.30.2/16,1
20201019223244,10.20.30.1/16,7
20201019223245,192.168.1.1/24,8
20201019223246,10.77.1.1/24,52
20201019223248,10.20.30.2/16,3
20201019223249,192.168.1.1/24,-
20201019223250,192.168.1.1/24,9
20201019223251,10.20.30.2/16,3
20201019223252,10.20.30.1/16,-
20201019223253,192.168.1.1/24,21
20201019223254,10.77.1.2/24,7
20201019223255,192.168.1.1/24,1
20201019223256,10.20.30.1/16,8
20201019223258,10.77.1.2/24,5
20201019223259,10.77.1.2/24,-
20201019223300,10.77.1.1/24,70
20201019223301,192.168.1.1/24,25
20201019223302,192.168.1.2/24,8
20201019223303,10.20.30.2/16,7
20201019223304,10.77.1.2/24,9
20201019223305,192.168.1.1/24,-
20201019223306,10.77.1.2/24,3
20201019223307,192.168.1.2/24,5
20201019223308,10.20.30.2/16,3
20201019223309,10.20.30.2/16,18
20201019223311,192.168.1.1/24,1
20201019223313,192.168.1.2/24,-
20201019223314,192.168.1.1/24,7
20201019223315,10.20.30.2/16,2
20201019223316,10.77.1.2/24,3
20201019223317,10.20.30.1/16,2
20201019223318,10.77.1.2/24,4
20201019223319,10.77.1.2/24,9
20201019223320,192.168.1.1/24,8
20201019223321,192.168.1.2/24,3
20201019223322,10.77.1.1/24,15
20201019223323,10.77.1.1/24,1
20201019223325,10.77.1.2/24,-
20201019223326,10.20.30.1/16,-
20201019223327,10.77.1.1/24,-
20201019223328,192.168.1.2/24,92
20201019223329,192.168.1.2/24,-
20201019223330,10.77.1.1/24,57
20201019223331,10.77.1.2/24,-
20201019223333,192.168.1.2/24,-
20201019223335,10.20.30.1/16,68
20201019223336,10.77.1.1/24,-
20201019223337,192.168.1.1/24,48
20201019223338,10.77.1.1/24,8
20201019223339,192.168.1.1/24,5
20201019223340,192.168.1.1/24,2
20201019223341,192.168.1.1/24,2
20201019223342,192.168.1.2/24,9
20201019223343,10.20.30.2/16,4
20201019223345,192.168.1.2/24,75
20201019223346,192.168.1.1/24,-
20201019223347,10.20.30.1/16,4
20201019223348,10.20.30.2/16,9
20201019223350,10.20.30.2/16,19
20201019223352,10.20.30.1/16,-
20201019223353,10.20.30.2/16,-
20201019223354,192.168.1.1/24,6
20201019223355,10.20.30.1/16,-
20201019223357,192.168.1.1/24,9
20201019223358,10.20.30.2/16,66
20201019223359,10.20.30.1/16,52
20201019223400,192.168.1.1/24,-
20201019223401,10.20.30.2/16,3
20201019223402,192.168.1.1/24,14
20201019223403,192.168.1.2/24,26
20201019223404,10.20.30.1/16,4
20201019223405,192.168.1.2/24,-
20201019223406,10.20.30.1/16,5
20201019223407,10.20.30.2/16,-
20201019223409,10.20.30.2/16,8
20201019223410,192.168.1.1/24,5
20201019223411,10.77.1.1/24,3
20201019223412,192.168.1.2/24,-
20201019223414,10.20.30.1/16,-
20201019223415,10.77.1.2/24,-
20201019223416,192.168.1.1/24,5
20201019223417,192.168.1.2/24,1
20201019223418,10.77.1.1/24,2
20201019223419,192.168.1.2/24,7
20201019223421,10.77.1.2/24,3
20201019223422,10.20.30.1/16,1
20201019223423,10.77.1.1/24,85
20201019223424,192.168.1.2/24,45
20201019223426,10.77.1.2/24,6
20201019223428,192.168.1.2/24,10
20201019223429,192.168.1.2/24,5
20201019223430,10.20.30.1/16,92
20201019223431,192.168.1.2/24,4
20201019223433,10.20.30.1/16,-
20201019223434,10.20.30.1/16,7
20201019223435,10.77.1.2/24,2
20201019223436,192.168.1.2/24,-
20201019223437,10.77.1.2/24,-
20201019223439,192.168.1.2/24,2
20201019223440,10.20.30.2/16,7
20201019223441,192.168.1.2/24,1
20201019223442,10.77.1.1/24,9
20201019223443,10.77.1.1/24,1
20201019223444,10.77.1.1/24,-
20201019223445,10.77.1.2/24,4
20201019223446,192.168.1.2/24,47
20201019223447,192.168.1.2/24,19
20201019223448,10.20.30.2/16,5
20201019223450,192.168.1.2/24,6
20201019223451,192.168.1.1/24,6
20201019223452,192.168.1.1/24,4
20201019223453,192.168.1.2/24,42
20201019223454,10.77.1.2/24,-
20201019223455,10.20.30.2/16,-
20201019223457,192.168.1.1/24,9
20201019223458,10.20.30.1/16,-
20201019223459,192.168.1.2/24,-
20201019223500,10.20.30.2/16,9
20201019223501,10.77.1.2/24,-
20201019223503,10.77.1.2/24,-
20201019223504,192.168.1.2/24,-
20201019223506,192.168.1.1/24,1
20201019223507,10.77.1.2/24,-
20201019223508,10.77.1.2/24,9
20201019223509,192.168.1.2/24,-
20201019223510,10.77.1.1/24,8
20201019223511,10.77.1.2/24,2
20201019223512,10.77.1.1/24,6
20201019223513,192.168.1.1/24,-
20201019223514,192.168.1.1/24,-
20201019223515,10.77.1.1/24,-
20201019223516,192.168.1.2/24,7
20201019223517,192.168.1.2/24,9
20201019223518,10.77.1.1/24,8
20201019223519,10.20.30.1/16,6
20201019223520,192.168.1.1/24,3
20201019223521,10.77.1.1/24,87
20201019223522,192.168.1.1/24,49
20201019223523,192.168.1.2/24,-
20201019223524,10.77.1.1/24,-
20201019223525,10.20.30.1/16,27
20201019223526,10.20.30.2/16,95
20201019223527,10.77.1.2/24,18
20201019223528,192.168.1.2/24,8
20201019223529,10.20.30.1/16,61
20201019223531,192.168.1.2/24,74
20201019223533,10.77.1.2/24,9
20201019223534,10.20.30.1/16,27
20201019223536,10.77.1.1/24,-
20201019223537,10.20.30.1/16,6
20201019223538,192.168.1.2/24,8
20201019223540,10.20.30.2/16,8
20201019223541,10.20.30.2/16,1
20201019223542,192.168.1.1/24,1
20201019223544,192.168.1.2/24,-
20201019223545,192.168.1.1/24,8
20201019223546,10.77.1.2/24,6
20201019223547,192.168.1.2/24,6
20201019223548,10.20.30.1/16,83
20201019223549,192.168.1.2/24,10
20201019223550,10.20.30.1/16,9
20201019223551,10.77.1.2/24,83
20201019223552,10.20.30.2/16,6
20201019223553,192.168.1.1/24,7
20201019223554,192.168.1.2/24,31
20201019223556,10.20.30.1/16,-
20201019223558,192.168.1.2/24,4
20201019223600,10.77.1.1/24,12
20201019223601,10.20.30.1/16,1
20201019223603,10.20.30.1/16,11
20201019223604,192.168.1.1/24,-
20201019223605,10.20.30.2/16,9
20201019223607,10.20.30.1/16,7
20201019223609,10.20.30.1/16,2
20201019223610,192.168.1.1/24,3
20201019223611,10.77.1.1/24,2
20201019223612,10.77.1.2/24,-
20201019223613,10.77.1.2/24,9
20201019223614,192.168.1.1/24,-
20201019223616,10.77.1.1/24,3
20201019223617,10.20.30.1/16,-
20201019223618,192.168.1.1/24,-
20201019223619,10.77.1.2/24,14
20201019223621,10.20.30.1/16,17
20201019223622,10.20.30.2/16,33
20201019223623,10.77.1.1/24,10
20201019223624,10.77.1.2/24,67
20201019223625,10.77.1.1/24,5
20201019223626,192.168.1.1/24,30
20201019223627,192.168.1.1/24,9
20201019223628,10.20.30.1/16,7
20201019223630,10.20.30.2/16,3
20201019223632,10.77.1.2/24,-
20201019223633,10.77.1.2/24,-
20201019223634,192.168.1.1/24,61
20201019223635,10.20.30.1/16,69
20201019223636,192.168.1.2/24,4
20201019223638,10.77.1.1/24,3
20201019223639,192.168.1.1/24,9
20201019223640,10.77.1.1/24,6
20201019223642,10.77.1.2/24,-
20201019223643,10.20.30.1/16,1
20201019223644,192.168.1.1/24,9
20201019223645,10.77.1.1/24,7
20201019223646,192.168.1.1/24,4
20201019223648,192.168.1.1/24,-
20201019223649,192.168.1.2/24,8
20201019223650,10.77.1.2/24,-
20201019223651,10.77.1.2/24,5
20201019223653,10.20.30.1/16,-
20201019223654,10.20.30.2/16,-
20201019223655,10.20.30.1/16,3
20201019223657,192.168.1.1/24,-
20201019223658,10.77.1.2/24,4
20201019223700,10.77.1.2/24,-
20201019223701,192.168.1.1/24,-
20201019223703,10.20.30.1/16,8
20201019223705,10.20.30.1/16,-
20201019223706,10.20.30.2/16,9
20201019223707,10.20.30.1/16,4
20201019223708,192.168.1.1/24,2
20201019223709,10.20.30.2/16,2
20201019223711,10.77.1.2/24,6
20201019223713,10.77.1.2/24,-
20201019223714,192.168.1.1/24,2
20201019223716,10.77.1.2/24,-
20201019223717,10.20.30.2/16,2
20201019223718,10.20.30.1/16,4
20201019223719,10.20.30.1/16,9
20201019223720,192.168.1.1/24,9
20201019223721,10.77.1.2/24,1
20201019223722,10.77.1.1/24,76
20201019223723,10.77.1.1/24,10
20201019223725,192.168.1.1/24,67
20201019223727,192.168.1.2/24,-
20201019223728,192.168.1.2/24,81
20201019223729,10.20.30.1/16,11
20201019223730,192.168.1.1/24,37
20201019223731,192.168.1.2/24,88
20201019223732,192.168.1.1/24,-
20201019223733,10.20.30.2/16,7
20201019223734,192.168.1.1/24,8
20201019223735,10.20.30.2/16,4
20201019223736,10.77.1.2/24,4
20201019223738,10.77.1.2/24,25
20201019223739,192.168.1.2/24,3
20201019223740,10.77.1.2/24,7
20201019223742,192.168.1.1/24,0
20201019223744,10.20.30.2/16,-
20201019223745,192.168.1.2/24,8
20201019223746,10.77.1.1/24,4
20201019223747,10.77.1.2/24,-
20201019223748,192.168.1.2/24,-
20201019223749,10.20.30.2/16,7
20201019223750,10.77.1.2/24,21
20201019223752,10.77.1.1/24,5
20201019223753,10.77.1.1/24,7
20201019223754,10.77.1.1/24,2
20201019223755,10.20.30.2/16,-
20201019223756,192.168.1.1/24,9
20201019223757,192.168.1.2/24,3
20201019223758,10.20.30.1/16,-
20201019223759,10.20.30.1/16,5
20201019223801,192.168.1.2/24,-
20201019223803,10.77.1.1/24,17
20201019223804,10.77.1.2/24,5
20201019223805,10.77.1.2/24,5
20201019223807,10.77.1.2/24,-
20201019223808,192.168.1.2/24,20
20201019223809,10.77.1.1/24,9
20201019223810,10.20.30.1/16,49
20201019223811,10.20.30.1/16,6
20201019223812,192.168.1.2/24,2
20201019223813,192.168.1.2/24,-
20201019223814,10.20.30.2/16,1
20201019223816,192.168.1.2/24,1
20201019223817,10.20.30.2/16,7
20201019223818,10.20.30.2/16,-
20201019223820,10.20.30.2/16,-
20201019223821,10.77.1.2/24,9
20201019223822,10.77.1.1/24,5
20201019223823,10.77.1.2/24,57
20201019223824,192.168.1.2/24,-
20201019223825,10.20.30.1/16,6
20201019223826,10.20.30.2/16,5
20201019223827,10.20.30.2/16,2
20201019223828,192.168.1.1/24,38
20201019223829,192.168.1.2/24,8
20201019223830,10.20.30.2/16,9
20201019223831,10.20.30.2/16,46
20201019223832,10.77.1.2/24,4
20201019223834,10.20.30.1/16,-
20201019223835,192.168.1.2/24,5
20201019223836,10.20.30.2/16,2
20201019223837,10.20.30.1/16,3
20201019223838,10.20.30.1/16,6
20201019223840,192.168.1.2/24,84
20201019223841,192.168.1.1/24,14
20201019223842,10.20.30.2/16,4
20201019223843,10.20.30.1/16,11
20201019223844,10.77.1.1/24,9
20201019223845,10.20.30.1/16,76
20201019223846,10.20.30.2/16,3
20201019223847,192.168.1.1/24,-
20201019223849,10.20.30.2/16,5
20201019223851,10.20.30.2/16,-
20201019223852,10.20.30.1/16,5
20201019223853,10.20.30.1/16,56
20201019223854,192.168.1.2/24,13
20201019223855,192.168.1.2/24,57
20201019223857,10.20.30.2/16,-
20201019223858,10.77.1.2/24,-
20201019223900,10.77.1.2/24,9
20201019223901,10.20.30.1/16,9
20201019223903,192.168.1.2/24,-
20201019223904,10.77.1.1/24,4
20201019223905,10.20.30.1/16,95
20201019223906,10.77.1.1/24,3
20201019223908,10.77.1.1/24,-
20201019223909,192.168.1.2/24,-
20201019223910,192.168.1.2/24,5
20201019223912,10.20.30.2/16,9
20201019223913,10.77.1.2/24,-
20201019223914,10.20.30.2/16,7
20201019223915,10.20.30.1/16,10
20201019223916,10.20.30.1/16,-
20201019223917,10.77.1.2/24,-
20201019223918,192.168.1.1/24,4
20201019223919,10.77.1.1/24,-
20201019223920,192.168.1.1/24,96
20201019223922,192.168.1.1/24,5
20201019223923,192.168.1.1/24,64
20201019223924,192.168.1.1/24,6
20201019223925,10.20.30.2/16,9
20201019223926,10.77.1.1/24,-
20201019223927,10.77.1.2/24,3
20201019223928,10.20.30.2/16,8
20201019223929,10.20.30.2/16,5
20201019223931,10.20.30.1/16,64
20201019223932,10.77.1.2/24,1
20201019223933,192.168.1.1/24,9
20201019223934,10.77.1.2/24,3
20201019223935,192.168.1.1/24,11
20201019223936,10.77.1.1/24,30
20201019223937,10.20.30.1/16,15
20201019223938,192.168.1.2/24,-
20201019223940,10.77.1.1/24,24
20201019223941,10.77.1.2/24,1
20201019223942,10.20.30.2/16,4
20201019223943,10.20.30.2/16,4
20201019223945,192.168.1.1/24,4
20201019223946,10.20.30.1/16,6
20201019223947,10.77.1.2/24,3
20201019223949,10.20.30.2/16,-
20201019223950,10.20.30.2/16,5
20201019223951,10.20.30.1/16,3
20201019223952,192.168.1.2/24,2
20201019223953,192.168.1.1/24,44
20201019223954,192.168.1.2/24,7
20201019223955,192.168.1.2/24,32
20201019223956,10.20.30.2/16,96
20201019223957,10.77.1.1/24,6
20201019223958,192.168.1.2/24,1
20201019223959,10.20.30.2/16,-
20201019224000,192.168.1.1/24,4
20201019224001,10.77.1.1/24,1
20201019224002,192.168.1.2/24,4
20201019224003,10.20.30.2/16,16
20201019224005,10.20.30.2/16,6
20201019224006,192.168.1.2/24,-
20201019224008,192.168.1.2/24,8
20201019224009,10.77.1.1/24,2
20201019224010,10.77.1.1/24,57
20201019224011,10.20.30.2/16,1
20201019224013,192.168.1.2/24,3
20201019224015,192.168.1.1/24,9
20201019224016,10.77.1.2/24,-
20201019224017,10.77.1.2/24,5
20201019224018,10.77.1.1/24,-
20201019224020,10.20.30.2/16,-
20201019224021,192.168.1.1/24,7
20201019224022,10.20.30.1/16,26
20201019224024,192.168.1.1/24,-
20201019224025,10.20.30.2/16,1
20201019224026,10.20.30.2/16,6
20201019224027,10.20.30.2/16,-
20201019224029,10.77.1.1/24,2
20201019224030,192.168.1.2/24,9
20201019224031,10.77.1.1/24,4
20201019224032,10.20.30.2/16,5
20201019224033,10.77.1.2/24,7
20201019224034,192.168.1.2/24,3
20201019224035,10.20.30.1/16,1
20201019224036,192.168.1.2/24,6
20201019224037,192.168.1.1/24,10
20201019224038,192.168.1.2/24,2
20201019224039,192.168.1.1/24,-
20201019224040,192.168.1.2/24,42
20201019224041,192.168.1.2/24,-
20201019224042,10.20.30.1/16,10
20201019224043,10.20.30.2/16,-
20201019224044,192.168.1.2/24,6
20201019224045,192.168.1.2/24,-
20201019224046,10.77.1.2/24,16
20201019224047,10.20.30.2/16,-
20201019224048,10.20.30.2/16,55
20201019224049,10.77.1.1/24,2
20201019224050,192.168.1.1/24,8
20201019224051,10.20.30.1/16,52
20201019224053,10.77.1.1/24,-
20201019224054,10.77.1.1/24,3
20201019224056,192.168.1.2/24,7
20201019224058,192.168.1.2/24,8
20201019224059,192.168.1.1/24,-
20201019224101,10.77.1.2/24,6
20201019224102,10.77.1.1/24,4
20201019224104,192.168.1.2/24,-
20201019224105,10.77.1.1/24,23
20201019224107,192.168.1.2/24,-
20201019224108,10.20.30.1/16,6
20201019224109,192.168.1.2/24,5
20201019224111,10.77.1.1/24,8
20201019224112,192.168.1.1/24,-
20201019224114,10.20.30.1/16,-
20201019224115,10.77.1.1/24,-
20201019224116,10.20.30.2/16,1
20201019224117,10.20.30.1/16,61
20201019224118,10.20.30.1/16,3
20201019224119,192.168.1.1/24,4
20201019224120,10.20.30.1/16,11
20201019224121,192.168.1.2/24,1
20201019224122,192.168.1.1/24,9
20201019224123,192.168.1.1/24,1
20201019224124,10.20.30.2/16,2
20201019224125,10.20.30.1/16,-
20201019224127,10.77.1.1/24,-
20201019224128,192.168.1.2/24,4
20201019224129,192.168.1.1/24,5
20201019224130,10.77.1.1/24,7
20201019224132,192.168.1.2/24,-
20201019224133,192.168.1.1/24,6
20201019224134,10.20.30.1/16,7
20201019224135,10.20.30.2/16,-
20201019224136,10.77.1.1/24,9
20201019224137,10.20.30.1/16,1
20201019224138,10.20.30.2/16,4
20201019224139,10.77.1.1/24,4
20201019224140,192.168.1.2/24,6
20201019224141,10.20.30.1/16,5
20201019224142,10.77.1.1/24,-
20201019224144,192.168.1.2/24,3
20201019224145,10.77.1.1/24,8
20201019224146,10.20.30.1/16,-
20201019224147,10.77.1.1/24,3
20201019224148,10.77.1.1/24,-
20201019224149,192.168.1.1/24,-
20201019224151,10.20.30.1/16,-
20201019224152,10.77.1.1/24,-
20201019224154,10.77.1.1/24,35
20201019224155,192.168.1.2/24,-
20201019224156,192.168.1.2/24,-
20201019224157,10.20.30.1/16,-
20201019224158,10.20.30.2/16,75
20201019224159,10.77.1.1/24,1
20201019224200,192.168.1.2/24,9
20201019224201,10.20.30.2/16,-
20201019224203,10.77.1.1/24,2
20201019224204,192.168.1.1/24,9
20201019224205,10.20.30.1/16,6
20201019224207,192.168.1.2/24,-
20201019224208,192.168.1.2/24,-
20201019224210,10.20.30.1/16,1
20201019224211,192.168.1.2/24,54
20201019224212,10.20.30.1/16,9
20201019224214,10.20.30.2/16,-
20201019224215,10.77.1.2/24,41
20201019224216,192.168.1.2/24,6
20201019224217,192.168.1.1/24,-
20201019224218,10.20.30.2/16,8
20201019224219,10.20.30.2/16,17
20201019224221,192.168.1.2/24,-
20201019224222,10.77.1.2/24,-
20201019224223,192.168.1.2/24,-
20201019224224,192.168.1.2/24,-
20201019224225,192.168.1.1/24,4
20201019224226,10.77.1.2/24,-
20201019224227,10.20.30.2/16,32
20201019224228,192.168.1.2/24,-
20201019224229,10.77.1.2/24,5
20201019224230,10.20.30.1/16,7
20201019224231,10.20.30.1/16,-
20201019224232,192.168.1.2/24,-
20201019224234,10.77.1.1/24,1
20201019224236,10.20.30.2/16,9
20201019224237,10.77.1.2/24,-
20201019224238,192.168.1.1/24,-
20201019224239,192.168.1.1/24,2
20201019224240,10.20.30.2/16,58
20201019224242,10.20.30.1/16,54
20201019224243,192.168.1.1/24,3
20201019224245,10.20.30.2/16,-
20201019224246,10.77.1.1/24,34
20201019224248,10.20.30.1/16,6
20201019224249,10.77.1.1/24,-
20201019224250,10.77.1.1/24,3
20201019224251,192.168.1.2/24,8
20201019224252,10.77.1.1/24,9
20201019224254,10.77.1.1/24,-
20201019224256,192.168.1.2/24,10
20201019224257,10.77.1.1/24,-
20201019224258,10.77.1.1/24,4
20201019224259,10.20.30.1/16,9
20201019224300,10.20.30.2/16,49
20201019224301,192.168.1.1/24,-
20201019224302,10.20.30.2/16,65
20201019224304,10.77.1.2/24,8
20201019224305,10.77.1.2/24,-
20201019224306,192.168.1.2/24,93
20201019224307,192.168.1.2/24,7
20201019224308,10.77.1.1/24,-
20201019224309,10.77.1.2/24,-
20201019224310,192.168.1.1/24,1
20201019224311,10.20.30.2/16,13
20201019224313,10.20.30.2/16,57
20201019224314,192.168.1.2/24,-
20201019224316,10.20.30.2/16,6
20201019224317,10.77.1.1/24,2
20201019224318,192.168.1.1/24,94
20201019224319,10.77.1.1/24,-
20201019224320,10.77.1.2/24,6
20201019224321,10.20.30.2/16,8
20201019224323,10.77.1.2/24,4
20201019224325,192.168.1.1/24,10
20201019224326,192.168.1.1/24,8
20201019224327,10.77.1.2/24,8
20201019224328,10.20.30.2/16,41
20201019224329,10.20.30.1/16,-
20201019224330,192.168.1.1/24,90
20201019224331,10.77.1.1/24,28
20201019224332,10.20.30.2/16,92
20201019224334,10.20.30.2/16,-
20201019224335,10.20.30.1/16,3
20201019224336,192.168.1.1/24,2
20201019224337,10.20.30.2/16,76
20201019224338,10.77.1.2/24,36
20201019224339,10.20.30.1/16,4
20201019224340,192.168.1.1/24,23
20201019224341,10.77.1.1/24,83
20201019224342,10.77.1.1/24,-
20201019224343,192.168.1.1/24,6
20201019224345,192.168.1.1/24,2
20201019224346,10.77.1.2/24,31
20201019224348,10.20.30.2/16,-
20201019224349,192.168.1.1/24,0
20201019224350,10.77.1.2/24,5
20201019224351,10.77.1.2/24,3
20201019224352,10.20.30.2/16,3
20201019224354,10.20.30.1/16,79
20201019224355,192.168.1.1/24,3
20201019224356,10.20.30.2/16,3
20201019224358,10.77.1.1/24,8
20201019224359,10.20.30.1/16,8
20201019224400,192.168.1.2/24,-
20201019224401,192.168.1.2/24,-
20201019224402,192.168.1.2/24,1
20201019224403,10.20.30.1/16,1
20201019224404,10.20.30.2/16,5
20201019224405,10.20.30.2/16,-
20201019224406,192.168.1.1/24,6
20201019224408,10.77.1.2/24,14
20201019224409,10.77.1.1/24,5
20201019224411,10.20.30.2/16,-
20201019224412,192.168.1.2/24,-
20201019224413,10.77.1.1/24,20
20201019224414,192.168.1.2/24,1
20201019224415,10.20.30.1/16,10
20201019224416,10.20.30.1/16,1
20201019224417,10.77.1.1/24,8
20201019224418,192.168.1.2/24,7
20201019224419,10.20.30.2/16,2
20201019224420,10.77.1.2/24,-
20201019224421,10.77.1.1/24,81
20201019224422,10.20.30.1/16,38
20201019224423,10.77.1.2/24,5
20201019224424,10.77.1.2/24,86
20201019224425,10.77.1.1/24,8
20201019224426,10.20.30.1/16,1
20201019224427,10.20.30.1/16,7
20201019224428,10.77.1.2/24,2
20201019224429,10.77.1.1/24,6
20201019224430,10.20.30.2/16,2
20201019224431,10.20.30.1/16,5
20201019224432,192.168.1.2/24,-
20201019224433,192.168.1.1/24,4
20201019224435,192.168.1.1/24,3
20201019224436,192.168.1.1/24,7
20201019224438,10.20.30.2/16,17
20201019224439,192.168.1.2/24,43
20201019224440,10.20.30.2/16,15
20201019224441,10.20.30.2/16,-
20201019224443,10.20.30.1/16,9
20201019224444,10.20.30.2/16,20
20201019224445,192.168.1.1/24,9
20201019224447,10.20.30.2/16,-
20201019224448,10.20.30.2/16,2
20201019224450,192.168.1.2/24,6
20201019224451,10.77.1.1/24,-
20201019224452,10.77.1.1/24,-
20201019224453,10.77.1.2/24,7
20201019224455,10.20.30.1/16,5
20201019224457,10.77.1.1/24,9
20201019224458,10.20.30.1/16,12
20201019224459,10.20.30.2/16,4
20201019224500,10.77.1.2/24,5
20201019224501,192.168.1.2/24,9
20201019224502,10.77.1.1/24,25
20201019224503,10.20.30.2/16,23
20201019224504,10.77.1.1/24,-
20201019224506,10.20.30.1/16,-
20201019224508,10.77.1.2/24,2
20201019224509,192.168.1.2/24,8
20201019224510,10.77.1.1/24,6
20201019224512,10.77.1.1/24,-
20201019224514,10.20.30.2/16,7
20201019224515,10.20.30.2/16,76
20201019224517,10.20.30.2/16,2
20201019224518,10.77.1.2/24,-
20201019224519,10.20.30.2/16,4
20201019224520,192.168.1.2/24,6
20201019224521,10.77.1.1/24,9
20201019224522,10.77.1.2/24,1
20201019224524,10.77.1.2/24,2
20201019224525,192.168.1.2/24,-
20201019224526,10.20.30.2/16,-
20201019224527,10.77.1.2/24,7
20201019224528,192.168.1.1/24,4
20201019224530,192.168.1.1/24,82
20201019224531,10.77.1.2/24,-
20201019224532,10.77.1.2/24,4
20201019224533,10.20.30.2/16,5
20201019224534,10.77.1.2/24,-
20201019224536,10.20.30.2/16,-
20201019224537,192.168.1.1/24,-
20201019224538,10.20.30.2/16,8
20201019224539,10.20.30.1/16,1
20201019224541,192.168.1.1/24,28
20201019224542,10.77.1.2/24,8
20201019224543,192.168.1.1/24,1
20201019224544,10.77.1.1/24,-
20201019224545,192.168.1.1/24,1
20201019224546,10.77.1.1/24,84
20201019224548,10.77.1.1/24,6
20201019224549,192.168.1.1/24,9
20201019224550,10.77.1.2/24,61
20201019224551,192.168.1.2/24,8
20201019224552,10.20.30.1/16,91
20201019224553,10.20.30.1/16,5
20201019224554,10.77.1.1/24,7
20201019224555,10.77.1.1/24,1
20201019224556,192.168.1.2/24,7
20201019224558,10.20.30.2/16,-
20201019224559,10.77.1.1/24,-
20201019224600,192.168.1.1/24,-
20201019224601,10.77.1.2/24,8
20201019224602,192.168.1.2/24,5
20201019224603,10.20.30.2/16,9
20201019224605,10.77.1.2/24,9
20201019224606,10.77.1.2/24,-
20201019224607,10.77.1.1/24,3
20201019224609,10.77.1.1/24,7
20201019224610,10.20.30.1/16,4
20201019224611,192.168.1.1/24,2
20201019224612,192.168.1.1/24,4
20201019224613,10.77.1.2/24,2
20201019224614,192.168.1.2/24,42
20201019224615,10.20.30.1/16,1
20201019224616,192.168.1.2/24,-
20201019224617,192.168.1.2/24,2
20201019224619,10.20.30.2/16,7
20201019224620,192.168.1.2/24,8
20201019224621,192.168.1.1/24,3
20201019224622,10.20.30.1/16,16
20201019224624,10.77.1.1/24,2
20201019224625,10.20.30.1/16,4
20201019224626,10.20.30.2/16,4
20201019224627,192.168.1.1/24,-
20201019224628,10.77.1.2/24,8
20201019224629,10.77.1.1/24,11
20201019224630,192.168.1.1/24,9
20201019224631,10.20.30.1/16,-
20201019224632,10.20.30.2/16,9
20201019224634,10.77.1.2/24,6
20201019224635,10.77.1.1/24,76
20201019224637,192.168.1.1/24,-
20201019224638,10.20.30.2/16,6
20201019224639,10.77.1.2/24,20
20201019224641,192.168.1.1/24,7
20201019224643,10.20.30.1/16,8
20201019224644,10.77.1.2/24,-
20201019224646,192.168.1.1/24,-
20201019224647,10.20.30.1/16,5
20201019224649,192.168.1.2/24,1
20201019224650,192.168.1.1/24,2
20201019224651,10.20.30.1/16,3
20201019224652,10.20.30.2/16,4
20201019224653,192.168.1.1/24,5
20201019224654,10.20.30.2/16,2
20201019224656,10.20.30.2/16,5
20201019224657,10.77.1.2/24,11
20201019224659,10.77.1.2/24,5
20201019224700,10.77.1.1/24,7
20201019224701,192.168.1.2/24,8
20201019224702,10.77.1.1/24,7
20201019224703,192.168.1.1/24,4
20201019224704,10.77.1.2/24,59
20201019224705,192.168.1.2/24,9
20201019224707,10.20.30.1/16,7
20201019224708,10.77.1.1/24,6
20201019224709,10.77.1.2/24,8
20201019224710,10.77.1.1/24,4
20201019224712,10.77.1.2/24,4
20201019224713,192.168.1.1/24,3
20201019224714,192.168.1.1/24,95
20201019224716,10.77.1.1/24,2
20201019224717,10.20.30.1/16,-
20201019224718,10.77.1.1/24,-
20201019224720,10.20.30.1/16,-
20201019224721,10.77.1.2/24,-
20201019224722,10.20.30.1/16,2
20201019224723,10.77.1.1/24,93
20201019224725,10.20.30.2/16,84
20201019224727,10.77.1.2/24,-
20201019224728,192.168.1.1/24,-
20201019224729,10.20.30.1/16,5
20201019224730,10.77.1.2/24,98
20201019224731,10.20.30.2/16,8
20201019224732,192.168.1.1/24,4
20201019224733,192.168.1.2/24,94
20201019224734,192.168.1.1/24,6
20201019224735,192.168.1.2/24,14
20201019224736,192.168.1.1/24,5
20201019224737,10.20.30.2/16,6
20201019224738,10.77.1.1/24,-
20201019224739,10.20.30.2/16,10
20201019224741,10.20.30.1/16,21
20201019224742,192.168.1.1/24,-
20201019224743,10.77.1.1/24,3
20201019224745,10.20.30.1/16,-
20201019224746,10.77.1.1/24,1
20201019224747,192.168.1.2/24,-
20201019224748,192.168.1.2/24,-
20201019224749,10.20.30.2/16,1
20201019224750,10.20.30.1/16,3
20201019224751,10.77.1.1/24,3
20201019224752,10.77.1.1/24,8
20201019224753,192.168.1.2/24,43
20201019224754,192.168.1.2/24,1
20201019224755,192.168.1.1/24,11
20201019224757,10.77.1.1/24,-
20201019224759,10.77.1.1/24,-
20201019224800,192.168.1.1/24,7
20201019224801,192.168.1.2/24,96
20201019224802,10.20.30.1/16,9
20201019224803,10.20.30.1/16,-
20201019224805,192.168.1.1/24,6
20201019224806,192.168.1.2/24,1
20201019224808,10.20.30.2/16,8
20201019224809,10.20.30.1/16,1
20201019224810,10.20.30.1/16,2
20201019224811,10.20.30.1/16,-
20201019224812,192.168.1.1/24,8
20201019224813,10.77.1.1/24,-
20201019224814,10.20.30.2/16,-
20201019224815,10.20.30.1/16,4
20201019224816,192.168.1.1/24,70
20201019224817,10.20.30.1/16,5
20201019224818,10.77.1.1/24,-
20201019224819,10.20.30.2/16,-
20201019224820,192.168.1.2/24,37
20201019224821,192.168.1.2/24,-
20201019224823,10.77.1.2/24,50
20201019224824,10.20.30.1/16,1
20201019224825,192.168.1.2/24,9
20201019224827,192.168.1.2/24,42
20201019224829,192.168.1.2/24,-
20201019224831,10.20.30.1/16,54
20201019224832,10.20.30.2/16,54
20201019224833,10.20.30.1/16,1
20201019224834,10.77.1.1/24,10
20201019224835,10.20.30.1/16,10
20201019224836,10.77.1.2/24,35
20201019224838,192.168.1.2/24,8
20201019224839,10.20.30.2/16,7
20201019224841,10.77.1.1/24,2
20201019224843,10.77.1.2/24,79
20201019224844,192.168.1.1/24,6
20201019224845,10.77.1.1/24,-
20201019224846,10.77.1.2/24,9
20201019224847,10.77.1.1/24,5
20201019224848,10.77.1.2/24,6
20201019224850,192.168.1.2/24,6
20201019224852,10.20.30.1/16,-
20201019224854,10.20.30.1/16,3
20201019224855,10.77.1.2/24,-
20201019224856,192.168.1.1/24,4
20201019224858,10.20.30.1/16,25
20201019224859,192.168.1.2/24,7
20201019224900,192.168.1.1/24,2
20201019224901,10.20.30.2/16,6
20201019224903,192.168.1.1/24,7
20201019224904,192.168.1.1/24,5
20201019224905,10.20.30.1/16,-
20201019224906,192.168.1.2/24,-
20201019224907,10.77.1.1/24,16
20201019224908,10.77.1.1/24,-
20201019224909,10.20.30.1/16,3
20201019224910,192.168.1.1/24,4
20201019224911,10.20.30.1/16,-
20201019224912,10.77.1.1/24,96
20201019224913,10.20.30.2/16,66
20201019224914,10.20.30.1/16,73
20201019224915,10.77.1.1/24,-
20201019224916,192.168.1.2/24,7
20201019224917,10.77.1.1/24,16
20201019224919,10.77.1.2/24,-
20201019224920,10.20.30.2/16,97
20201019224922,10.77.1.1/24,33
20201019224923,10.20.30.1/16,1
20201019224924,10.20.30.2/16,8
20201019224926,10.77.1.1/24,-
20201019224928,10.20.30.1/16,-
20201019224929,10.77.1.2/24,59
20201019224930,192.168.1.1/24,-
20201019224931,10.77.1.1/24,26
20201019224932,10.20.30.2/16,-
20201019224934,10.20.30.1/16,1
20201019224935,192.168.1.2/24,-
20201019224936,10.20.30.2/16,-
20201019224938,10.77.1.2/24,10
20201019224939,10.77.1.2/24,1
20201019224940,10.20.30.2/16,2
20201019224941,10.77.1.1/24,-
20201019224942,192.168.1.1/24,-
20201019224943,10.20.30.1/16,1
20201019224944,10.77.1.1/24,40
20201019224945,10.20.30.2/16,14
20201019224947,10.20.30.2/16,72
20201019224948,192.168.1.1/24,5
20201019224950,10.77.1.1/24,8
20201019224951,10.77.1.2/24,1
20201019224953,192.168.1.2/24,2
20201019224955,10.20.30.1/16,28
20201019224957,10.77.1.2/24,6
20201019224958,10.20.30.2/16,3
20201019225000,192.168.1.1/24,18
20201019225001,10.20.30.1/16,-
20201019225002,10.77.1.2/24,-
20201019225003,192.168.1.2/24,7
20201019225005,10.20.30.2/16,7
20201019225006,192.168.1.2/24,5
20201019225007,10.20.30.1/16,25
20201019225008,10.77.1.1/24,1
20201019225009,10.77.1.1/24,48
20201019225011,10.20.30.2/16,2
20201019225013,192.168.1.1/24,-
20201019225014,10.20.30.1/16,7
20201019225015,192.168.1.2/24,6
20201019225016,10.77.1.1/24,-
20201019225017,10.20.30.1/16,16
20201019225019,10.20.30.2/16,8
20201019225020,192.168.1.2/24,10
20201019225021,10.20.30.2/16,-
20201019225022,10.20.30.1/16,8
20201019225023,192.168.1.2/24,80
20201019225024,192.168.1.2/24,-
20201019225025,10.77.1.2/24,22
20201019225026,10.20.30.1/16,51
20201019225027,10.20.30.1/16,25
20201019225028,192.168.1.1/24,-
20201019225030,10.77.1.1/24,-
20201019225031,192.168.1.1/24,-
20201019225032,10.77.1.2/24,-
20201019225033,10.77.1.2/24,9
20201019225034,10.77.1.1/24,7
20201019225035,10.77.1.2/24,9
20201019225036,10.20.30.2/16,3
20201019225037,10.77.1.1/24,-
20201019225038,10.77.1.1/24,-
20201019225039,10.20.30.1/16,-
20201019225041,192.168.1.1/24,7
20201019225042,10.77.1.1/24,69
20201019225043,10.77.1.1/24,7
20201019225044,192.168.1.1/24,-
20201019225046,10.20.30.1/16,-
20201019225047,10.20.30.1/16,4
20201019225048,192.168.1.1/24,8
20201019225049,10.77.1.1/24,71
20201019225050,192.168.1.2/24,-
20201019225052,192.168.1.1/24,44
20201019225054,10.20.30.2/16,-
20201019225056,10.20.30.2/16,8
20201019225057,10.77.1.2/24,2
20201019225058,192.168.1.2/24,87
20201019225100,192.168.1.2/24,3
20201019225102,10.20.30.1/16,-
20201019225103,10.20.30.1/16,7
20201019225104,10.20.30.1/16,4
20201019225105,10.77.1.1/24,11
20201019225106,10.77.1.2/24,7
20201019225108,10.77.1.1/24,2
20201019225109,192.168.1.1/24,7
20201019225110,10.77.1.1/24,-
20201019225111,192.168.1.1/24,18
20201019225113,10.77.1.2/24,6
20201019225114,10.77.1.2/24,1
20201019225116,10.77.1.1/24,9
20201019225117,10.77.1.1/24,37
20201019225118,10.77.1.1/24,88
20201019225119,192.168.1.1/24,3
20201019225120,10.77.1.2/24,2
20201019225121,192.168.1.2/24,55
20201019225122,10.77.1.1/24,-
20201019225123,10.77.1.2/24,7
20201019225124,10.20.30.1/16,-
20201019225125,192.168.1.2/24,-
20201019225127,192.168.1.2/24,-
20201019225128,10.20.30.2/16,7
20201019225129,192.168.1.1/24,3
20201019225130,10.77.1.2/24,8
20201019225131,10.20.30.2/16,-
20201019225133,10.20.30.2/16,82
20201019225134,192.168.1.2/24,1
20201019225136,192.168.1.1/24,8
20201019225137,10.77.1.2/24,4
20201019225138,10.77.1.2/24,42
20201019225139,192.168.1.1/24,-
20201019225140,10.77.1.2/24,4
20201019225142,10.20.30.2/16,-
20201019225143,192.168.1.2/24,1
20201019225144,10.77.1.1/24,26
20201019225145,192.168.1.2/24,6
20201019225146,10.77.1.1/24,2
20201019225147,192.168.1.1/24,-
20201019225149,192.168.1.2/24,-
20201019225150,10.77.1.2/24,51
20201019225151,10.77.1.2/24,51
20201019225152,10.20.30.1/16,9
20201019225154,10.20.30.2/16,9
20201019225155,192.168.1.1/24,-
20201019225156,10.20.30.2/16,7
20201019225157,192.168.1.2/24,-
20201019225158,192.168.1.1/24,1
20201019225159,192.168.1.2/24,-
20201019225201,10.77.1.2/24,39
20201019225203,192.168.1.1/24,4
20201019225204,10.77.1.1/24,42
20201019225205,10.20.30.1/16,7
20201019225206,10.20.30.2/16,5
20201019225207,192.168.1.1/24,19
20201019225208,10.20.30.1/16,-
20201019225210,192.168.1.2/24,-
20201019225212,10.77.1.2/24,9
20201019225214,10.77.1.2/24,11
20201019225215,10.77.1.1/24,8
20201019225216,10.20.30.1/16,-
20201019225217,10.20.30.2/16,4
20201019225218,10.77.1.2/24,5
20201019225219,10.77.1.1/24,-
20201019225220,10.20.30.1/16,12
20201019225222,10.77.1.1/24,6
20201019225223,192.168.1.1/24,-
20201019225225,10.77.1.1/24,8
20201019225226,10.20.30.1/16,24
20201019225227,10.20.30.1/16,36
20201019225228,10.20.30.2/16,7
20201019225229,10.20.30.2/16,26
20201019225231,192.168.1.1/24,8
20201019225233,192.168.1.1/24,-
20201019225234,192.168.1.1/24,7
20201019225235,10.77.1.1/24,65
20201019225236,10.77.1.1/24,46
20201019225237,192.168.1.2/24,9
20201019225238,192.168.1.2/24,8
20201019225239,10.77.1.1/24,-
20201019225241,10.77.1.1/24,7
20201019225242,10.20.30.2/16,-
20201019225244,10.20.30.1/16,-
20201019225245,10.77.1.2/24,-
20201019225247,10.77.1.2/24,4
20201019225248,192.168.1.1/24,9
20201019225249,10.20.30.2/16,76
20201019225250,10.77.1.2/24,6
20201019225251,10.77.1.1/24,7
20201019225252,192.168.1.1/24,2
20201019225253,192.168.1.2/24,-
20201019225255,10.77.1.2/24,-
20201019225256,10.20.30.2/16,7
20201019225257,10.20.30.1/16,2
20201019225259,10.20.30.1/16,22
20201019225300,192.168.1.2/24,8
20201019225301,10.20.30.2/16,8
20201019225302,192.168.1.1/24,-
20201019225304,10.20.30.1/16,7
20201019225305,10.20.30.2/16,1
20201019225306,10.77.1.1/24,62
20201019225307,192.168.1.2/24,7
20201019225309,10.20.30.2/16,5
20201019225310,10.77.1.2/24,5
20201019225311,192.168.1.2/24,78
20201019225313,10.77.1.1/24,8
20201019225314,192.168.1.1/24,-
20201019225315,10.20.30.2/16,4
20201019225316,10.77.1.2/24,28
20201019225317,192.168.1.2/24,7
20201019225318,10.20.30.2/16,10
20201019225319,10.77.1.1/24,66
20201019225321,10.77.1.2/24,4
20201019225322,10.77.1.2/24,1
20201019225323,192.168.1.2/24,5
20201019225325,10.20.30.2/16,9
20201019225326,10.77.1.1/24,1
20201019225327,192.168.1.1/24,9
20201019225329,10.77.1.1/24,9
20201019225330,10.20.30.2/16,2
20201019225331,192.168.1.1/24,-
20201019225332,10.20.30.1/16,8
20201019225333,192.168.1.2/24,19
20201019225335,192.168.1.1/24,2
20201019225336,192.168.1.2/24,10
20201019225337,10.77.1.1/24,1
20201019225338,192.168.1.1/24,52
20201019225339,192.168.1.1/24,-
20201019225340,192.168.1.2/24,70
20201019225341,192.168.1.2/24,-
20201019225342,10.77.1.1/24,1
20201019225344,192.168.1.1/24,7
20201019225345,10.77.1.1/24,48
20201019225347,10.77.1.1/24,7
20201019225349,192.168.1.1/24,6
20201019225350,10.20.30.2/16,-
20201019225351,192.168.1.2/24,-
20201019225352,192.168.1.1/24,39
20201019225353,10.20.30.1/16,86
20201019225355,10.20.30.1/16,4
20201019225357,10.77.1.2/24,9
20201019225358,10.20.30.1/16,-
20201019225400,10.20.30.2/16,4
20201019225401,10.20.30.2/16,7
20201019225402,192.168.1.1/24,-
20201019225403,10.20.30.1/16,86
20201019225405,192.168.1.2/24,0
20201019225406,10.20.30.2/16,-
20201019225408,192.168.1.1/24,4
20201019225409,10.77.1.1/24,10
20201019225410,192.168.1.1/24,-
20201019225411,10.20.30.1/16,16
20201019225412,10.77.1.1/24,8
20201019225413,10.20.30.2/16,-
20201019225414,10.20.30.2/16,2
20201019225416,10.77.1.2/24,66
20201019225417,10.20.30.1/16,5
20201019225418,192.168.1.1/24,1
20201019225420,10.20.30.1/16,-
20201019225421,10.77.1.2/24,-
20201019225422,192.168.1.1/24,95
20201019225423,10.20.30.2/16,-
20201019225424,10.77.1.2/24,4
20201019225425,10.77.1.2/24,-
20201019225426,192.168.1.1/24,-
20201019225427,10.77.1.2/24,1
20201019225428,10.20.30.2/16,74
20201019225429,192.168.1.2/24,-
20201019225431,10.77.1.1/24,5
20201019225432,10.20.30.1/16,4
20201019225433,192.168.1.1/24,2
20201019225434,10.20.30.1/16,-
20201019225435,192.168.1.1/24,-
20201019225437,192.168.1.1/24,96
20201019225438,10.77.1.2/24,8
20201019225439,10.77.1.1/24,92
20201019225441,10.77.1.2/24,5
20201019225442,10.77.1.1/24,7
20201019225444,192.168.1.2/24,-
20201019225446,192.168.1.2/24,1
20201019225447,192.168.1.1/24,4
20201019225448,192.168.1.1/24,7
20201019225449,10.20.30.2/16,-
20201019225451,10.77.1.1/24,2
20201019225452,10.77.1.1/24,1
20201019225453,192.168.1.1/24,-
20201019225454,10.77.1.1/24,80
20201019225455,192.168.1.2/24,-
20201019225456,10.77.1.1/24,4
20201019225457,10.20.30.2/16,1
20201019225459,192.168.1.2/24,9
20201019225500,10.20.30.2/16,1
20201019225501,192.168.1.1/24,1
20201019225503,10.77.1.2/24,-
20201019225504,192.168.1.1/24,-
20201019225506,10.77.1.1/24,-
20201019225507,192.168.1.2/24,-
20201019225508,10.77.1.2/24,-
20201019225509,10.20.30.1/16,8
20201019225510,10.20.30.2/16,-
20201019225511,10.20.30.2/16,5
20201019225512,192.168.1.2/24,2
20201019225513,10.77.1.1/24,77
20201019225514,10.77.1.2/24,8
20201019225515,10.20.30.2/16,42
20201019225516,10.77.1.2/24,4
20201019225517,10.77.1.2/24,3
20201019225518,10.20.30.2/16,99
20201019225519,10.77.1.2/24,7
20201019225520,10.20.30.1/16,5
20201019225521,10.77.1.2/24,1
20201019225523,192.168.1.2/24,2
20201019225525,192.168.1.1/24,1
20201019225526,10.77.1.2/24,-
20201019225527,10.20.30.1/16,68
20201019225529,192.168.1.1/24,4
20201019225530,10.20.30.1/16,76
20201019225532,10.77.1.2/24,-
20201019225534,10.77.1.2/24,-
20201019225536,192.168.1.1/24,21
20201019225537,10.20.30.2/16,7
20201019225539,192.168.1.1/24,2
20201019225540,10.77.1.2/24,6
20201019225541,10.77.1.1/24,-
20201019225542,10.20.30.2/16,9
20201019225544,10.77.1.2/24,-
20201019225546,10.77.1.1/24,29
20201019225547,192.168.1.1/24,33
20201019225548,192.168.1.2/24,5
20201019225549,10.20.30.1/16,1
20201019225550,10.77.1.1/24,6
20201019225551,10.77.1.2/24,2
20201019225553,192.168.1.2/24,1
20201019225554,192.168.1.1/24,34
20201019225556,10.20.30.2/16,33
20201019225558,10.77.1.2/24,5
20201019225559,192.168.1.1/24,9
20201019225600,10.20.30.1/16,-
20201019225601,10.77.1.1/24,7
20201019225602,10.20.30.2/16,9
20201019225603,10.77.1.1/24,15
20201019225605,10.20.30.1/16,3
20201019225607,10.20.30.1/16,7
20201019225608,192.168.1.2/24,4
20201019225609,10.77.1.1/24,2
20201019225610,192.168.1.2/24,4
20201019225611,10.20.30.1/16,5
20201019225612,10.20.30.1/16,-
20201019225614,10.77.1.1/24,9
20201019225615,192.168.1.1/24,9
20201019225616,10.77.1.1/24,4
20201019225617,10.77.1.1/24,1
20201019225619,10.20.30.2/16,3
20201019225620,10.20.30.2/16,8
20201019225621,10.20.30.2/16,18
20201019225622,10.77.1.2/24,-
20201019225623,10.77.1.2/24,8
20201019225624,192.168.1.1/24,41
20201019225625,10.20.30.1/16,79
20201019225627,192.168.1.1/24,6
20201019225628,10.20.30.2/16,-
20201019225629,192.168.1.2/24,7
20201019225631,10.77.1.2/24,41
20201019225632,10.20.30.2/16,49
20201019225633,10.77.1.2/24,4
20201019225635,10.77.1.1/24,-
20201019225637,10.77.1.2/24,19
20201019225638,192.168.1.1/24,5
20201019225639,192.168.1.1/24,3
20201019225640,10.20.30.2/16,92
20201019225641,10.20.30.2/16,4
20201019225643,10.77.1.1/24,8
20201019225644,10.20.30.1/16,-
20201019225646,192.168.1.2/24,9
20201019225647,10.20.30.1/16,-
20201019225648,10.20.30.2/16,86
20201019225649,10.77.1.1/24,8
20201019225650,10.20.30.2/16,14
20201019225651,10.20.30.2/16,61
20201019225652,192.168.1.2/24,4
20201019225653,192.168.1.2/24,2
20201019225654,192.168.1.2/24,5
20201019225655,10.20.30.2/16,-
20201019225656,10.20.30.1/16,7
20201019225658,192.168.1.2/24,7
20201019225659,10.20.30.1/16,4
20201019225700,192.168.1.1/24,-
20201019225701,10.20.30.1/16,9
20201019225702,10.20.30.2/16,9
20201019225703,10.20.30.2/16,5
20201019225705,10.20.30.1/16,9
20201019225706,10.20.30.2/16,9
20201019225707,192.168.1.2/24,67
20201019225708,10.20.30.2/16,7
20201019225709,192.168.1.2/24,94
20201019225710,192.168.1.1/24,1
20201019225711,10.77.1.2/24,-
20201019225712,10.20.30.1/16,1
20201019225713,192.168.1.1/24,5
20201019225715,192.168.1.1/24,2
20201019225716,10.20.30.2/16,35
20201019225717,10.20.30.1/16,6
20201019225719,192.168.1.2/24,8
20201019225720,192.168.1.1/24,61
20201019225721,10.20.30.1/16,12
20201019225722,10.77.1.2/24,6
20201019225724,192.168.1.1/24,1
20201019225725,10.20.30.1/16,5
20201019225727,10.20.30.1/16,7
20201019225728,192.168.1.2/24,1
20201019225729,192.168.1.1/24,-
20201019225730,192.168.1.2/24,-
20201019225732,192.168.1.1/24,6
20201019225733,10.20.30.2/16,3
20201019225735,192.168.1.2/24,-
20201019225736,10.77.1.2/24,8
20201019225737,10.20.30.1/16,7
20201019225738,10.77.1.2/24,3
20201019225740,10.20.30.2/16,6
20201019225741,192.168.1.2/24,28
20201019225743,10.77.1.1/24,3
20201019225744,10.20.30.2/16,9
20201019225745,10.20.30.2/16,28
20201019225746,10.77.1.1/24,8
20201019225747,192.168.1.1/24,1
20201019225748,192.168.1.2/24,-
20201019225749,10.77.1.1/24,2
20201019225750,10.20.30.2/16,-
20201019225751,192.168.1.1/24,-
20201019225752,10.77.1.1/24,-
20201019225753,10.77.1.2/24,8
20201019225754,10.20.30.2/16,-
20201019225755,10.20.30.1/16,-
20201019225757,10.77.1.1/24,-
20201019225758,10.20.30.2/16,-
20201019225800,10.20.30.1/16,6
20201019225802,10.77.1.2/24,7
20201019225803,10.77.1.1/24,5
20201019225804,10.77.1.1/24,5
20201019225805,10.77.1.2/24,-
20201019225806,10.77.1.2/24,-
20201019225807,10.20.30.2/16,34
20201019225808,10.20.30.1/16,8
20201019225809,10.77.1.2/24,8
20201019225810,192.168.1.2/24,11
20201019225811,10.20.30.2/16,-
20201019225813,10.20.30.2/16,4
20201019225814,10.20.30.2/16,26
20201019225815,192.168.1.1/24,-
20201019225816,10.20.30.1/16,88
20201019225818,10.77.1.2/24,2
20201019225819,192.168.1.1/24,3
20201019225820,10.77.1.1/24,1
20201019225821,192.168.1.2/24,48
20201019225822,192.168.1.1/24,5
20201019225823,192.168.1.1/24,-
20201019225824,192.168.1.1/24,67
20201019225826,192.168.1.1/24,9
20201019225827,192.168.1.1/24,-
20201019225829,10.20.30.2/16,1
20201019225830,10.20.30.2/16,7
20201019225831,10.20.30.1/16,-
20201019225833,10.77.1.1/24,5
20201019225834,10.77.1.1/24,-
20201019225836,10.20.30.2/16,5
20201019225837,192.168.1.2/24,-
20201019225839,192.168.1.1/24,9
20201019225841,10.77.1.1/24,10
20201019225842,10.77.1.2/24,3
20201019225843,10.77.1.2/24,5
20201019225844,10.77.1.1/24,-
20201019225845,192.168.1.2/24,41
20201019225846,192.168.1.1/24,11
20201019225847,10.20.30.2/16,6
20201019225849,10.77.1.2/24,17
20201019225850,10.77.1.2/24,5
20201019225852,10.77.1.1/24,68
20201019225853,192.168.1.2/24,12
20201019225854,10.20.30.1/16,9
20201019225855,10.20.30.2/16,-
20201019225857,192.168.1.2/24,1
20201019225858,10.20.30.2/16,20
20201019225900,10.20.30.2/16,-
20201019225901,192.168.1.2/24,2
20201019225902,10.77.1.1/24,43
20201019225903,192.168.1.1/24,7
20201019225904,10.20.30.2/16,4
20201019225905,10.77.1.2/24,3
20201019225906,10.77.1.2/24,3
20201019225907,10.20.30.2/16,4
20201019225909,10.20.30.2/16,3
20201019225911,10.77.1.1/24,8
20201019225912,192.168.1.2/24,49
20201019225913,10.77.1.2/24,7
20201019225914,10.20.30.1/16,60
20201019225915,10.20.30.2/16,4
20201019225917,192.168.1.2/24,5
20201019225918,10.77.1.2/24,9
20201019225919,10.77.1.2/24,8
20201019225920,10.77.1.1/24,3
20201019225922,10.77.1.1/24,9
20201019225923,10.20.30.1/16,7
20201019225924,10.77.1.2/24,2
20201019225925,192.168.1.2/24,-
20201019225926,192.168.1.2/24,-
20201019225927,192.168.1.2/24,-
20201019225929,10.20.30.1/16,9
20201019225930,10.77.1.2/24,3
20201019225931,10.20.30.1/16,-
20201019225933,10.77.1.1/24,2
20201019225934,10.77.1.1/24,-
20201019225935,192.168.1.2/24,22
20201019225936,10.20.30.2/16,2
20201019225938,192.168.1.2/24,34
20201019225939,10.77.1.2/24,2
20201019225940,10.20.30.2/16,7
20201019225941,10.20.30.1/16,7
20201019225942,192.168.1.1/24,2
20201019225943,10.77.1.1/24,8
20201019225945,192.168.1.1/24,-
20201019225946,10.20.30.1/16,-
20201019225947,10.77.1.2/24,8
20201019225949,10.20.30.2/16,3
20201019225951,192.168.1.1/24,-
20201019225952,192.168.1.1/24,-
20201019225953,192.168.1.2/24,1
20201019225954,192.168.1.2/24,6
20201019225955,192.168.1.1/24,88
20201019225956,10.77.1.2/24,-
20201019225957,10.77.1.2/24,31
20201019225958,192.168.1.1/24,9
20201019225959,10.20.30.2/16,8
20201019230000,10.77.1.2/24,4
20201019230001,10.77.1.2/24,0
20201019230002,10.20.30.2/16,94
20201019230003,10.77.1.2/24,6
20201019230004,192.168.1.1/24,10
20201019230005,10.77.1.2/24,-
20201019230006,10.77.1.1/24,-
20201019230008,10.20.30.1/16,3
20201019230009,10.77.1.2/24,-
20201019230011,10.20.30.1/16,5
20201019230012,10.77.1.2/24,8
20201019230014,10.77.1.1/24,-
20201019230015,10.77.1.2/24,11
20201019230016,10.77.1.2/24,4
20201019230017,10.77.1.2/24,-
20201019230018,10.20.30.1/16,-
20201019230020,10.77.1.2/24,3
20201019230021,10.77.1.2/24,1
20201019230022,192.168.1.1/24,-
20201019230023,10.20.30.1/16,-
20201019230024,10.20.30.1/16,9
20201019230025,10.77.1.1/24,7
20201019230027,192.168.1.1/24,4
20201019230028,10.77.1.2/24,-
20201019230030,192.168.1.2/24,-
20201019230032,10.77.1.2/24,3
20201019230034,192.168.1.1/24,-
20201019230035,10.77.1.2/24,3
20201019230036,192.168.1.2/24,7
20201019230037,10.77.1.2/24,-
20201019230038,10.77.1.2/24,5
20201019230039,10.20.30.1/16,-
20201019230040,10.20.30.1/16,4
20201019230041,10.20.30.1/16,23
20201019230043,192.168.1.2/24,4
20201019230044,192.168.1.1/24,41
20201019230045,10.20.30.2/16,94
20201019230046,10.20.30.1/16,24
20201019230047,192.168.1.1/24,2
20201019230048,192.168.1.2/24,-
20201019230049,10.77.1.1/24,28
20201019230050,10.77.1.1/24,3
20201019230051,192.168.1.2/24,6
20201019230052,10.77.1.1/24,5
20201019230053,192.168.1.1/24,6
20201019230054,192.168.1.2/24,-
20201019230055,10.20.30.2/16,1
20201019230056,10.20.30.1/16,-
20201019230057,10.20.30.2/16,5
20201019230058,192.168.1.2/24,9
20201019230059,10.77.1.1/24,8
20201019230100,10.20.30.1/16,8
20201019230101,10.77.1.1/24,-
20201019230102,10.20.30.1/16,6
20201019230103,10.77.1.2/24,-
20201019230104,10.77.1.2/24,6
20201019230106,10.77.1.2/24,-
20201019230107,10.77.1.1/24,7
20201019230108,10.77.1.1/24,6
20201019230109,10.77.1.1/24,3
20201019230110,10.20.30.1/16,-
20201019230112,192.168.1.2/24,24
20201019230114,10.20.30.1/16,-
20201019230115,10.77.1.2/24,8
20201019230116,10.20.30.1/16,66
20201019230117,192.168.1.1/24,97
20201019230119,10.20.30.1/16,2
20201019230120,10.20.30.2/16,12
20201019230121,10.20.30.2/16,9
20201019230122,192.168.1.1/24,13
20201019230124,10.20.30.1/16,3
20201019230125,10.77.1.1/24,5
20201019230126,10.77.1.2/24,3
20201019230127,10.20.30.1/16,39
20201019230128,10.20.30.1/16,11
20201019230129,10.77.1.2/24,8
20201019230130,10.77.1.1/24,4
20201019230131,192.168.1.1/24,6
20201019230132,192.168.1.1/24,9
20201019230133,192.168.1.2/24,-
20201019230134,10.77.1.2/24,-
20201019230136,192.168.1.2/24,-
20201019230137,192.168.1.2/24,7
20201019230138,192.168.1.2/24,91
20201019230139,10.20.30.1/16,9
20201019230140,192.168.1.2/24,2
20201019230141,10.77.1.2/24,65
20201019230142,192.168.1.2/24,78
20201019230143,192.168.1.2/24,46
20201019230144,10.77.1.1/24,4
20201019230146,10.77.1.2/24,92
20201019230148,10.20.30.1/16,3
20201019230149,192.168.1.1/24,-
20201019230151,192.168.1.1/24,-
20201019230152,10.77.1.1/24,-
20201019230154,192.168.1.1/24,64
20201019230155,10.20.30.1/16,15
20201019230157,10.77.1.1/24,18
20201019230158,10.20.30.1/16,6
20201019230159,10.20.30.2/16,4
20201019230201,10.20.30.1/16,8
20201019230203,10.77.1.1/24,-
20201019230204,10.77.1.1/24,8
20201019230205,10.20.30.1/16,9
20201019230206,10.20.30.1/16,-
20201019230208,10.77.1.2/24,5
20201019230210,10.77.1.1/24,-
20201019230211,10.77.1.1/24,2
20201019230213,10.77.1.2/24,7
20201019230215,192.168.1.2/24,37
20201019230216,10.77.1.1/24,3
20201019230217,192.168.1.1/24,4
20201019230219,192.168.1.1/24,-
20201019230220,10.77.1.1/24,1
20201019230221,10.20.30.1/16,6
20201019230222,10.20.30.1/16,-
20201019230223,10.20.30.2/16,8
20201019230224,192.168.1.1/24,8
20201019230225,192.168.1.1/24,82
20201019230227,10.77.1.1/24,7
20201019230229,192.168.1.1/24,74
20201019230230,192.168.1.2/24,4
20201019230231,10.77.1.1/24,22
20201019230232,10.77.1.2/24,4
20201019230234,10.20.30.1/16,-
20201019230235,10.20.30.2/16,5
20201019230236,192.168.1.1/24,1
20201019230237,10.77.1.1/24,61
20201019230238,10.20.30.1/16,-
20201019230239,10.20.30.2/16,3
20201019230240,10.20.30.2/16,6
20201019230241,10.20.30.1/16,5
20201019230242,10.20.30.2/16,4
20201019230244,10.20.30.2/16,7
20201019230245,192.168.1.2/24,-
20201019230247,10.77.1.1/24,-
20201019230248,10.77.1.2/24,80
20201019230249,10.77.1.2/24,-
20201019230250,10.77.1.1/24,8
20201019230251,10.20.30.2/16,4
20201019230252,192.168.1.1/24,7
20201019230253,192.168.1.1/24,3
20201019230254,10.20.30.2/16,6
20201019230255,10.20.30.2/16,6
20201019230257,10.20.30.1/16,-
20201019230258,10.20.30.2/16,9
20201019230259,192.168.1.2/24,62
20201019230301,192.168.1.2/24,9
20201019230302,192.168.1.2/24,12
20201019230303,10.77.1.1/24,-
20201019230304,10.20.30.2/16,13
20201019230305,192.168.1.2/24,8
20201019230306,10.20.30.2/16,1
20201019230307,192.168.1.2/24,-
20201019230308,10.20.30.1/16,-
20201019230309,10.20.30.1/16,5
20201019230310,10.77.1.1/24,4
20201019230311,10.77.1.1/24,1
20201019230313,10.20.30.1/16,26
20201019230314,10.20.30.2/16,6
20201019230316,192.168.1.2/24,2
20201019230317,192.168.1.2/24,4
20201019230318,10.20.30.2/16,8
20201019230319,10.20.30.2/16,2
20201019230320,10.77.1.1/24,9
20201019230321,192.168.1.1/24,-
20201019230322,10.20.30.1/16,-
20201019230323,10.77.1.2/24,3
20201019230324,192.168.1.2/24,2
20201019230326,192.168.1.1/24,7
20201019230327,10.77.1.2/24,-
20201019230329,192.168.1.2/24,3
20201019230330,10.77.1.2/24,-
20201019230331,192.168.1.2/24,6
20201019230333,192.168.1.1/24,-
20201019230334,10.20.30.2/16,2
20201019230335,10.20.30.2/16,9
20201019230336,10.77.1.2/24,-
20201019230337,192.168.1.2/24,94
20201019230338,192.168.1.1/24,2
20201019230340,192.168.1.1/24,36
20201019230341,192.168.1.1/24,-
20201019230343,192.168.1.1/24,-
20201019230344,192.168.1.2/24,37
20201019230346,192.168.1.1/24,66
20201019230347,192.168.1.1/24,96
20201019230348,10.77.1.1/24,-
20201019230349,192.168.1.2/24,5
20201019230350,10.20.30.2/16,-
20201019230351,10.77.1.2/24,90
20201019230353,10.20.30.1/16,-
20201019230354,10.77.1.1/24,7
20201019230355,192.168.1.2/24,2
20201019230356,192.168.1.2/24,9
20201019230357,10.77.1.2/24,7
20201019230358,192.168.1.2/24,7
20201019230359,10.20.30.1/16,-
20201019230400,192.168.1.2/24,90
20201019230401,192.168.1.1/24,1
20201019230403,192.168.1.2/24,7
20201019230404,192.168.1.1/24,8
20201019230405,10.77.1.2/24,-
20201019230407,192.168.1.2/24,8
20201019230408,10.20.30.2/16,46
20201019230409,192.168.1.2/24,4
20201019230411,10.77.1.2/24,11
20201019230412,192.168.1.2/24,1
20201019230413,10.77.1.2/24,9
20201019230414,10.77.1.2/24,3
20201019230415,192.168.1.1/24,4
20201019230416,10.20.30.1/16,7
20201019230417,10.20.30.2/16,10
20201019230418,10.20.30.1/16,7
20201019230420,10.20.30.1/16,98
20201019230421,10.20.30.2/16,4
20201019230422,10.77.1.2/24,5
20201019230423,192.168.1.2/24,-
20201019230425,10.20.30.2/16,7
20201019230427,10.77.1.2/24,94
20201019230428,10.20.30.2/16,8
20201019230430,10.20.30.2/16,-
20201019230432,10.20.30.1/16,11
20201019230433,192.168.1.1/24,-
20201019230434,10.77.1.2/24,5
20201019230436,10.20.30.2/16,54
20201019230437,192.168.1.1/24,-
20201019230439,192.168.1.1/24,15
20201019230440,10.20.30.1/16,35
20201019230441,10.77.1.2/24,20
20201019230442,192.168.1.1/24,-
20201019230443,192.168.1.1/24,2
20201019230444,10.20.30.1/16,-
20201019230445,192.168.1.2/24,8
20201019230446,10.77.1.1/24,82
20201019230447,192.168.1.2/24,9
20201019230448,192.168.1.1/24,-
20201019230449,10.77.1.1/24,7
20201019230450,10.77.1.2/24,28
20201019230451,10.20.30.2/16,61
20201019230452,10.20.30.1/16,15
20201019230453,10.20.30.1/16,10
20201019230454,192.168.1.1/24,-
20201019230455,192.168.1.1/24,-
20201019230456,192.168.1.2/24,7
20201019230457,192.168.1.2/24,5
20201019230458,10.77.1.1/24,1
20201019230500,10.20.30.1/16,3
20201019230501,192.168.1.2/24,-
20201019230502,10.77.1.1/24,8
20201019230503,10.20.30.2/16,2
20201019230504,10.77.1.2/24,5
20201019230505,10.20.30.1/16,79
20201019230506,10.77.1.1/24,4
20201019230507,192.168.1.2/24,-
20201019230508,10.20.30.1/16,31
20201019230509,10.20.30.2/16,3
20201019230510,10.77.1.1/24,9
20201019230511,192.168.1.1/24,4
20201019230512,10.77.1.1/24,6
20201019230513,10.20.30.2/16,-
20201019230515,10.77.1.1/24,7
20201019230516,10.77.1.2/24,23
20201019230517,10.20.30.2/16,-
20201019230518,10.77.1.2/24,5
20201019230519,10.77.1.1/24,-
20201019230520,10.20.30.1/16,-
20201019230521,192.168.1.1/24,2
20201019230522,192.168.1.2/24,-
20201019230523,10.77.1.2/24,10
20201019230524,10.77.1.2/24,3
20201019230525,10.20.30.1/16,76
20201019230526,10.77.1.1/24,-
20201019230527,10.20.30.1/16,9
20201019230528,192.168.1.2/24,7
20201019230529,192.168.1.2/24,92
20201019230530,10.20.30.2/16,-
20201019230531,10.20.30.2/16,11
20201019230532,192.168.1.2/24,2
20201019230533,10.77.1.2/24,8
20201019230534,192.168.1.1/24,-
20201019230535,10.77.1.2/24,1
20201019230536,10.77.1.1/24,-
20201019230537,10.77.1.2/24,-
20201019230538,10.77.1.1/24,6
20201019230539,10.77.1.1/24,3
20201019230540,10.20.30.1/16,9
20201019230541,192.168.1.1/24,7
20201019230542,192.168.1.1/24,13
20201019230543,10.77.1.2/24,7
20201019230544,10.20.30.2/16,3
20201019230545,192.168.1.1/24,4
20201019230546,10.20.30.2/16,9
20201019230548,10.20.30.2/16,2
20201019230549,10.20.30.2/16,-
20201019230550,10.77.1.1/24,2
20201019230551,10.20.30.2/16,6
20201019230553,10.20.30.2/16,2
20201019230554,10.77.1.1/24,3
20201019230555,10.20.30.2/16,9
20201019230556,10.77.1.1/24,66
20201019230557,10.20.30.2/16,-
20201019230558,192.168.1.2/24,8
20201019230559,192.168.1.1/24,2
20201019230601,10.20.30.1/16,30
20201019230603,10.77.1.1/24,57
20201019230604,192.168.1.1/24,36
20201019230606,10.20.30.2/16,4
20201019230607,192.168.1.2/24,3
20201019230609,10.20.30.1/16,-
20201019230610,192.168.1.2/24,4
20201019230611,10.77.1.2/24,-
20201019230612,10.20.30.2/16,-
20201019230613,10.20.30.2/16,40
20201019230614,10.20.30.1/16,5
20201019230616,10.77.1.2/24,-
20201019230617,10.77.1.1/24,43
20201019230619,10.77.1.1/24,3
20201019230620,10.77.1.1/24,-
20201019230622,10.77.1.1/24,6
20201019230623,10.77.1.2/24,4
20201019230624,10.77.1.1/24,5
20201019230625,10.77.1.2/24,7
20201019230626,10.20.30.2/16,62
20201019230627,192.168.1.2/24,2
20201019230628,192.168.1.2/24,-
20201019230629,192.168.1.2/24,7
20201019230630,10.20.30.2/16,4
20201019230631,10.20.30.2/16,65
20201019230632,192.168.1.2/24,-
20201019230634,10.20.30.1/16,5
20201019230635,10.20.30.2/16,80
20201019230636,10.20.30.2/16,16
20201019230637,10.20.30.2/16,6
20201019230638,192.168.1.1/24,4
20201019230639,10.77.1.1/24,10
20201019230640,192.168.1.1/24,-
20201019230641,10.77.1.2/24,-
20201019230642,10.77.1.2/24,88
20201019230644,192.168.1.2/24,6
20201019230645,10.77.1.1/24,60
20201019230646,10.20.30.1/16,-
20201019230648,192.168.1.2/24,2
20201019230649,10.20.30.1/16,10
20201019230651,10.77.1.1/24,68
20201019230652,10.77.1.1/24,8
20201019230653,10.77.1.1/24,4
20201019230654,192.168.1.2/24,-
20201019230655,10.20.30.2/16,4
20201019230656,10.77.1.2/24,9
20201019230657,10.20.30.1/16,-
20201019230658,10.20.30.1/16,-
20201019230659,10.20.30.1/16,7
20201019230701,10.77.1.2/24,52
20201019230702,10.20.30.2/16,7
20201019230703,192.168.1.2/24,-
20201019230705,10.20.30.2/16,5
20201019230706,10.77.1.2/24,33
20201019230707,10.20.30.2/16,-
20201019230708,192.168.1.1/24,7
20201019230709,10.20.30.2/16,6
20201019230710,10.20.30.2/16,-
20201019230711,192.168.1.2/24,9
20201019230712,10.20.30.1/16,8
20201019230714,192.168.1.1/24,2
20201019230716,192.168.1.1/24,9
20201019230717,192.168.1.2/24,2
20201019230718,192.168.1.2/24,-
20201019230719,10.77.1.1/24,-
20201019230720,192.168.1.1/24,1
20201019230722,192.168.1.1/24,4
20201019230723,192.168.1.1/24,2
20201019230725,10.20.30.2/16,-
20201019230726,10.77.1.1/24,-
20201019230727,192.168.1.1/24,6
20201019230728,192.168.1.1/24,83
20201019230729,10.20.30.2/16,1
20201019230730,10.77.1.1/24,1
20201019230731,10.20.30.1/16,-
20201019230732,10.77.1.1/24,60
20201019230733,10.77.1.2/24,-
20201019230734,10.77.1.2/24,5
20201019230735,192.168.1.2/24,54
20201019230736,192.168.1.2/24,0
20201019230737,192.168.1.2/24,7
20201019230738,10.20.30.1/16,-
20201019230739,192.168.1.2/24,5
20201019230740,10.20.30.2/16,2
20201019230741,10.20.30.2/16,1
20201019230742,192.168.1.1/24,7
20201019230743,10.20.30.1/16,39
20201019230745,192.168.1.2/24,23
20201019230746,10.77.1.2/24,-
20201019230748,10.77.1.2/24,8
20201019230750,10.77.1.1/24,46
20201019230751,10.77.1.1/24,42
20201019230753,192.168.1.1/24,64
20201019230754,10.20.30.2/16,4
20201019230755,10.20.30.1/16,3
20201019230756,10.77.1.2/24,-
20201019230757,10.77.1.2/24,2
20201019230758,10.20.30.1/16,-
20201019230759,10.77.1.1/24,1
20201019230800,192.168.1.1/24,4
20201019230801,10.20.30.1/16,6
20201019230802,192.168.1.2/24,-
20201019230803,10.20.30.1/16,3
20201019230805,10.77.1.2/24,-
20201019230807,192.168.1.2/24,3
20201019230808,10.20.30.1/16,-
20201019230809,192.168.1.2/24,2
20201019230810,10.20.30.2/16,36
20201019230811,10.77.1.1/24,-
20201019230812,10.20.30.2/16,-
20201019230814,10.77.1.2/24,9
20201019230815,10.20.30.1/16,6
20201019230817,192.168.1.1/24,9
20201019230818,10.77.1.1/24,3
20201019230820,10.77.1.2/24,-
20201019230821,192.168.1.2/24,2
20201019230822,10.20.30.1/16,10
20201019230824,192.168.1.1/24,5
20201019230825,10.77.1.1/24,5
20201019230826,10.20.30.2/16,10
20201019230828,192.168.1.2/24,8
20201019230829,192.168.1.1/24,5
20201019230830,10.20.30.1/16,8
20201019230831,10.20.30.1/16,8
20201019230832,192.168.1.1/24,8
20201019230833,192.168.1.2/24,2
20201019230834,10.77.1.1/24,6
20201019230835,10.20.30.2/16,39
20201019230836,10.77.1.1/24,8
20201019230837,192.168.1.1/24,-
20201019230839,10.77.1.1/24,-
20201019230840,10.77.1.2/24,-
20201019230841,192.168.1.2/24,9
20201019230843,10.20.30.1/16,70
20201019230844,10.20.30.2/16,9
20201019230846,10.77.1.1/24,9
20201019230847,10.20.30.2/16,-
20201019230848,10.77.1.2/24,-
20201019230849,192.168.1.1/24,6
20201019230850,192.168.1.2/24,6
20201019230852,10.20.30.2/16,5
20201019230853,192.168.1.1/24,10
20201019230855,10.77.1.1/24,6
20201019230856,192.168.1.1/24,8
20201019230857,192.168.1.2/24,7
20201019230858,192.168.1.1/24,4
20201019230859,10.20.30.1/16,-
20201019230900,10.20.30.2/16,2
20201019230902,10.77.1.2/24,2
20201019230903,10.77.1.2/24,-
20201019230905,192.168.1.2/24,-
20201019230906,10.77.1.2/24,5
20201019230907,192.168.1.1/24,1
20201019230908,192.168.1.2/24,6
20201019230909,10.20.30.2/16,5
20201019230910,192.168.1.2/24,-
20201019230911,10.20.30.2/16,3
20201019230912,10.77.1.2/24,3
20201019230913,10.20.30.1/16,2
20201019230914,10.77.1.2/24,6
20201019230915,192.168.1.1/24,3
20201019230916,192.168.1.2/24,7
20201019230917,10.20.30.1/16,93
20201019230919,10.77.1.2/24,10
20201019230920,10.77.1.1/24,-
20201019230921,10.20.30.1/16,16
20201019230922,10.77.1.2/24,4
20201019230923,10.77.1.1/24,6
20201019230924,10.77.1.1/24,4
20201019230925,10.20.30.1/16,7
20201019230926,10.20.30.2/16,-
20201019230927,192.168.1.2/24,5
20201019230928,10.20.30.1/16,5
20201019230930,10.20.30.1/16,-
20201019230931,10.77.1.2/24,-
20201019230933,10.77.1.2/24,45
20201019230935,10.77.1.1/24,48
20201019230937,192.168.1.1/24,8
20201019230938,10.77.1.1/24,3
20201019230939,10.20.30.2/16,-
20201019230940,10.20.30.1/16,5
20201019230941,192.168.1.1/24,5
20201019230943,10.20.30.2/16,-
20201019230944,10.77.1.2/24,-
20201019230945,10.20.30.2/16,8
20201019230947,10.20.30.1/16,5
20201019230948,192.168.1.2/24,4
20201019230950,10.77.1.1/24,2
20201019230952,192.168.1.1/24,-
20201019230953,10.77.1.1/24,6
20201019230955,10.20.30.1/16,-
20201019230956,10.20.30.1/16,1
20201019230957,10.20.30.2/16,-
20201019230958,192.168.1.1/24,6
20201019230959,192.168.1.2/24,-
20201019231000,10.20.30.2/16,9
20201019231001,10.20.30.2/16,7
20201019231002,192.168.1.1/24,-
20201019231003,10.20.30.2/16,8
20201019231004,10.20.30.1/16,2
20201019231005,10.20.30.2/16,54
20201019231006,192.168.1.1/24,6
20201019231007,192.168.1.2/24,3
20201019231008,10.20.30.2/16,12
20201019231009,192.168.1.2/24,8
20201019231010,192.168.1.1/24,3
20201019231012,10.20.30.1/16,83
20201019231013,192.168.1.1/24,9
20201019231015,10.77.1.1/24,10
20201019231017,10.20.30.1/16,59
20201019231018,10.77.1.1/24,7
20201019231019,192.168.1.1/24,-
20201019231020,10.20.30.1/16,12
20201019231021,10.20.30.1/16,-
20201019231023,192.168.1.2/24,9
20201019231025,192.168.1.2/24,-
20201019231026,10.77.1.2/24,2
20201019231027,10.77.1.2/24,2
20201019231029,192.168.1.2/24,7
20201019231030,192.168.1.2/24,35
20201019231031,192.168.1.1/24,-
20201019231032,192.168.1.1/24,42
20201019231033,192.168.1.2/24,4
20201019231034,192.168.1.1/24,9
20201019231035,10.20.30.2/16,-
20201019231036,10.20.30.2/16,2
20201019231038,192.168.1.2/24,15
20201019231039,10.20.30.2/16,2
20201019231040,10.77.1.2/24,2
20201019231041,10.20.30.1/16,-
20201019231042,10.20.30.2/16,-
20201019231043,10.20.30.1/16,-
20201019231044,192.168.1.2/24,-
20201019231045,10.77.1.2/24,26
20201019231046,192.168.1.1/24,-
20201019231047,10.77.1.1/24,6
20201019231049,10.20.30.2/16,-
20201019231050,10.20.30.2/16,8
20201019231051,192.168.1.2/24,95
20201019231052,10.20.30.1/16,34
20201019231053,10.20.30.2/16,6
20201019231054,10.77.1.2/24,5
20201019231055,192.168.1.2/24,-
20201019231056,10.20.30.1/16,7
20201019231058,10.77.1.1/24,3
20201019231100,10.77.1.1/24,35
20201019231101,10.20.30.1/16,-
20201019231103,10.77.1.1/24,5
20201019231104,10.77.1.2/24,6
20201019231105,10.20.30.2/16,32
20201019231106,10.77.1.2/24,38
20201019231108,10.77.1.1/24,99
20201019231109,192.168.1.2/24,99
20201019231110,10.77.1.2/24,-
20201019231111,192.168.1.2/24,9
20201019231112,10.20.30.2/16,-
20201019231113,192.168.1.1/24,-
20201019231115,10.20.30.2/16,44
20201019231116,10.77.1.2/24,7
20201019231117,10.20.30.1/16,17
20201019231119,192.168.1.1/24,5
20201019231120,10.77.1.2/24,38
20201019231122,10.77.1.1/24,1
20201019231123,10.77.1.1/24,6
20201019231124,10.20.30.2/16,7
20201019231125,10.20.30.1/16,6
20201019231127,192.168.1.2/24,48
20201019231129,10.77.1.1/24,8
20201019231131,10.77.1.2/24,86
20201019231132,10.77.1.2/24,6
20201019231133,10.20.30.2/16,7
20201019231135,10.20.30.1/16,-
20201019231136,10.20.30.2/16,-
20201019231137,192.168.1.2/24,-
20201019231138,192.168.1.2/24,6
20201019231140,10.20.30.2/16,16
20201019231142,192.168.1.2/24,1
20201019231143,192.168.1.1/24,3
20201019231144,10.77.1.2/24,6
20201019231145,10.20.30.2/16,82
20201019231146,10.77.1.2/24,43
20201019231147,10.20.30.1/16,4
20201019231148,10.77.1.1/24,1
20201019231149,192.168.1.2/24,22
20201019231151,10.20.30.1/16,4
20201019231153,10.20.30.2/16,3
20201019231154,192.168.1.2/24,9
20201019231155,192.168.1.1/24,8
20201019231156,10.20.30.2/16,8
20201019231157,192.168.1.1/24,9
20201019231158,192.168.1.2/24,8
20201019231159,10.77.1.1/24,5
20201019231200,10.20.30.2/16,-
20201019231201,10.20.30.1/16,-
20201019231203,10.77.1.2/24,86
20201019231204,192.168.1.2/24,4
20201019231205,10.77.1.1/24,-
20201019231206,10.20.30.2/16,2
20201019231208,10.20.30.1/16,9
20201019231209,10.77.1.2/24,4
20201019231210,10.77.1.2/24,95
20201019231211,10.20.30.1/16,66
20201019231213,10.77.1.2/24,-
20201019231214,192.168.1.2/24,10
20201019231215,10.20.30.1/16,-
20201019231217,10.77.1.1/24,-
20201019231218,10.77.1.1/24,79
20201019231219,192.168.1.2/24,6
20201019231220,10.77.1.2/24,-
20201019231221,10.77.1.1/24,8
20201019231223,10.77.1.2/24,5
20201019231224,10.20.30.2/16,5
20201019231226,10.77.1.1/24,4
20201019231228,10.20.30.1/16,8
20201019231229,10.77.1.2/24,-
20201019231230,10.20.30.1/16,5
20201019231231,192.168.1.2/24,2
20201019231233,192.168.1.1/24,5
20201019231234,192.168.1.1/24,49
20201019231235,192.168.1.1/24,19
20201019231236,10.77.1.1/24,4
20201019231237,10.20.30.1/16,-
20201019231238,10.20.30.1/16,21
20201019231239,10.20.30.1/16,-
20201019231240,10.77.1.1/24,8
20201019231241,10.20.30.2/16,-
20201019231242,192.168.1.1/24,-
20201019231244,192.168.1.2/24,1
20201019231245,10.77.1.2/24,54
20201019231246,10.20.30.1/16,68
20201019231248,192.168.1.2/24,35
20201019231249,192.168.1.2/24,83
20201019231250,10.20.30.2/16,-
20201019231251,192.168.1.2/24,9
20201019231252,192.168.1.2/24,-
20201019231253,192.168.1.2/24,10
20201019231254,192.168.1.1/24,6
20201019231255,10.20.30.1/16,-
20201019231256,10.20.30.1/16,2
20201019231258,10.20.30.2/16,3
20201019231300,192.168.1.2/24,-
20201019231301,192.168.1.1/24,5
20201019231302,10.77.1.2/24,8
20201019231303,10.77.1.2/24,23
20201019231304,10.77.1.1/24,3
20201019231306,192.168.1.2/24,-
20201019231308,10.20.30.2/16,86
20201019231310,10.77.1.2/24,8
20201019231311,10.77.1.2/24,2
20201019231312,192.168.1.1/24,98
20201019231313,10.77.1.2/24,7
20201019231314,10.77.1.1/24,1
20201019231315,10.20.30.2/16,-
20201019231317,192.168.1.2/24,2
20201019231318,10.20.30.1/16,-
20201019231319,192.168.1.1/24,72
20201019231321,10.77.1.1/24,-
20201019231323,192.168.1.1/24,-
20201019231324,10.20.30.1/16,6
20201019231326,10.20.30.2/16,-
20201019231327,10.20.30.2/16,-
20201019231328,10.20.30.2/16,6
20201019231330,10.77.1.2/24,-
20201019231331,10.77.1.1/24,8
20201019231332,10.77.1.2/24,3
20201019231333,10.77.1.2/24,-
20201019231334,10.20.30.1/16,5
20201019231335,10.77.1.1/24,6
20201019231336,10.20.30.2/16,5
20201019231337,10.20.30.2/16,-
20201019231338,10.20.30.2/16,54
20201019231339,192.168.1.2/24,-
20201019231340,10.20.30.1/16,9
20201019231342,10.77.1.1/24,9
20201019231343,10.20.30.1/16,-
20201019231345,10.77.1.1/24,61
20201019231346,192.168.1.2/24,-
20201019231347,192.168.1.1/24,-
20201019231349,10.20.30.2/16,-
20201019231350,10.20.30.1/16,1
20201019231351,192.168.1.1/24,6
20201019231352,10.77.1.2/24,1
20201019231353,10.77.1.1/24,53
20201019231354,192.168.1.1/24,89
20201019231355,10.20.30.2/16,-
20201019231356,10.77.1.2/24,70
20201019231357,192.168.1.2/24,-
20201019231359,10.20.30.2/16,1
20201019231400,192.168.1.1/24,5
20201019231401,10.20.30.1/16,8
20201019231403,192.168.1.2/24,-
20201019231404,10.77.1.1/24,97
20201019231406,192.168.1.1/24,57
20201019231408,10.20.30.1/16,31
20201019231409,10.20.30.2/16,-
20201019231410,10.20.30.1/16,3
20201019231412,192.168.1.1/24,3
20201019231413,192.168.1.1/24,-
20201019231414,10.77.1.2/24,6
20201019231415,192.168.1.1/24,-
20201019231416,192.168.1.1/24,-
20201019231417,192.168.1.1/24,-
20201019231418,10.20.30.2/16,4
20201019231419,192.168.1.1/24,-
20201019231420,10.20.30.2/16,-
20201019231422,10.77.1.2/24,-
20201019231423,10.20.30.2/16,7
20201019231425,10.20.30.2/16,-
20201019231426,10.20.30.2/16,-
20201019231428,10.20.30.2/16,1
20201019231429,192.168.1.2/24,86
20201019231430,192.168.1.2/24,17
20201019231431,192.168.1.2/24,47
20201019231432,10.77.1.1/24,7
20201019231433,10.77.1.2/24,-
20201019231434,192.168.1.1/24,-
20201019231435,192.168.1.1/24,-
20201019231437,10.20.30.1/16,92
20201019231438,10.20.30.1/16,5
20201019231439,10.77.1.2/24,6
20201019231440,10.20.30.1/16,12
20201019231442,10.20.30.2/16,6
20201019231443,10.20.30.2/16,30
20201019231444,10.77.1.2/24,2
20201019231445,10.20.30.1/16,1
20201019231446,10.20.30.2/16,-
20201019231447,192.168.1.2/24,87
20201019231448,10.20.30.1/16,5
20201019231449,10.20.30.2/16,24
20201019231450,192.168.1.1/24,1
20201019231451,192.168.1.2/24,8
20201019231452,10.77.1.1/24,8
20201019231454,10.77.1.2/24,7
20201019231455,10.20.30.2/16,-
20201019231457,192.168.1.2/24,8
20201019231458,192.168.1.2/24,-
20201019231459,192.168.1.1/24,4
20201019231500,10.20.30.1/16,7
20201019231502,192.168.1.1/24,7
20201019231503,192.168.1.2/24,-
20201019231504,10.77.1.2/24,82
20201019231505,10.77.1.2/24,3
20201019231506,192.168.1.2/24,-
20201019231507,10.20.30.1/16,9
20201019231508,10.20.30.1/16,44
20201019231509,10.77.1.2/24,74
20201019231510,10.77.1.2/24,4
20201019231511,10.20.30.2/16,7
20201019231512,10.20.30.2/16,3
20201019231513,192.168.1.1/24,1
20201019231514,10.77.1.1/24,8
20201019231516,10.20.30.1/16,24
20201019231518,10.77.1.2/24,9
20201019231519,10.77.1.1/24,4
20201019231521,10.20.30.1/16,94
20201019231522,10.20.30.1/16,3
20201019231523,10.77.1.2/24,62
20201019231524,10.20.30.1/16,-
20201019231525,10.77.1.1/24,2
20201019231527,192.168.1.2/24,8
20201019231528,10.20.30.1/16,1
20201019231529,192.168.1.2/24,62
20201019231530,10.77.1.2/24,6
20201019231531,10.20.30.2/16,-
20201019231532,10.20.30.1/16,8
20201019231533,192.168.1.1/24,8
20201019231534,10.20.30.1/16,4
20201019231535,192.168.1.2/24,7
20201019231536,10.77.1.1/24,4
20201019231537,10.77.1.1/24,18
20201019231538,10.20.30.1/16,6
20201019231539,192.168.1.2/24,76
20201019231540,192.168.1.2/24,4
20201019231542,192.168.1.1/24,89
20201019231543,192.168.1.1/24,3
20201019231544,192.168.1.2/24,39
20201019231545,10.20.30.1/16,-
20201019231546,10.77.1.2/24,2
20201019231547,10.20.30.2/16,13
20201019231548,192.168.1.1/24,6
20201019231549,192.168.1.1/24,-
20201019231550,10.77.1.1/24,4
20201019231551,192.168.1.1/24,-
20201019231552,10.77.1.2/24,-
20201019231553,192.168.1.2/24,7
20201019231555,192.168.1.2/24,5
20201019231556,10.20.30.1/16,7
20201019231557,10.77.1.2/24,6
20201019231558,10.77.1.2/24,7
20201019231559,10.20.30.2/16,8
20201019231600,192.168.1.1/24,26
20201019231601,10.20.30.2/16,3
20201019231602,10.77.1.2/24,7
20201019231603,10.77.1.2/24,-
20201019231604,192.168.1.1/24,5
20201019231605,10.20.30.1/16,41
20201019231606,10.20.30.1/16,5
20201019231608,10.77.1.2/24,11
20201019231609,192.168.1.2/24,95
20201019231610,10.20.30.1/16,1
20201019231612,192.168.1.1/24,5
20201019231613,10.77.1.2/24,-
20201019231614,10.77.1.2/24,-
20201019231615,10.77.1.1/24,1
20201019231616,192.168.1.2/24,22
20201019231617,192.168.1.2/24,5
20201019231618,10.20.30.1/16,-
20201019231620,10.77.1.1/24,7
20201019231622,10.20.30.2/16,72
20201019231624,10.20.30.2/16,10
20201019231625,192.168.1.1/24,-
20201019231626,192.168.1.1/24,-
20201019231627,192.168.1.1/24,2
20201019231628,10.20.30.2/16,5
20201019231630,10.77.1.2/24,16
20201019231631,10.20.30.1/16,4
20201019231632,10.20.30.2/16,1
20201019231633,10.77.1.2/24,57
20201019231634,10.20.30.2/16,8
20201019231636,10.77.1.2/24,4
20201019231637,10.77.1.1/24,-
20201019231638,10.20.30.2/16,-
20201019231639,10.20.30.1/16,40
20201019231640,10.20.30.1/16,3
20201019231641,10.20.30.1/16,-
20201019231643,10.77.1.2/24,3
20201019231644,10.20.30.2/16,6
20201019231645,10.77.1.2/24,6
20201019231647,10.20.30.2/16,9
20201019231648,10.20.30.2/16,9
20201019231649,192.168.1.1/24,20
20201019231651,192.168.1.2/24,1
20201019231652,10.77.1.2/24,61
20201019231654,10.20.30.1/16,-
20201019231655,10.20.30.1/16,-
20201019231657,10.77.1.1/24,-
20201019231658,10.20.30.2/16,2
20201019231659,10.20.30.2/16,3
20201019231700,192.168.1.2/24,5
20201019231701,192.168.1.1/24,2
20201019231702,10.20.30.2/16,7
20201019231704,10.77.1.2/24,7
20201019231706,10.20.30.1/16,5
20201019231707,10.20.30.1/16,1
20201019231708,10.77.1.1/24,7
20201019231709,10.20.30.2/16,2
20201019231710,192.168.1.2/24,-
20201019231711,192.168.1.2/24,-
20201019231712,10.77.1.1/24,3
20201019231713,10.20.30.1/16,7
20201019231714,10.77.1.2/24,28
20201019231715,10.77.1.2/24,2
20201019231716,10.77.1.1/24,85
20201019231717,192.168.1.2/24,76
20201019231718,10.20.30.2/16,-
20201019231719,10.77.1.1/24,5
20201019231720,192.168.1.2/24,66
20201019231722,192.168.1.2/24,4
20201019231723,10.77.1.1/24,66
20201019231724,10.77.1.1/24,11
20201019231725,10.77.1.1/24,-
20201019231726,10.77.1.1/24,7
20201019231727,10.20.30.1/16,46
20201019231728,10.77.1.2/24,3
20201019231730,10.77.1.1/24,-
20201019231732,10.77.1.2/24,9
20201019231733,192.168.1.1/24,-
20201019231734,10.20.30.1/16,6
20201019231735,192.168.1.2/24,4
20201019231736,10.77.1.2/24,-
20201019231737,192.168.1.2/24,-
20201019231738,10.20.30.2/16,2
20201019231739,10.20.30.1/16,5
20201019231741,10.20.30.2/16,-
20201019231742,10.77.1.1/24,9
20201019231743,10.20.30.2/16,-
20201019231744,10.20.30.2/16,8
20201019231745,192.168.1.1/24,-
20201019231746,10.77.1.1/24,9
20201019231747,10.20.30.1/16,10
20201019231749,10.77.1.1/24,2
20201019231751,10.20.30.2/16,14
20201019231752,10.20.30.1/16,-
20201019231753,192.168.1.1/24,-
20201019231754,10.20.30.2/16,85
20201019231755,10.20.30.1/16,6
20201019231756,10.77.1.2/24,-
20201019231757,10.20.30.1/16,2
20201019231758,192.168.1.1/24,3
20201019231759,10.77.1.2/24,9
20201019231800,10.20.30.2/16,5
20201019231801,10.20.30.1/16,-
20201019231802,10.77.1.2/24,5
20201019231803,10.20.30.2/16,-
20201019231804,192.168.1.2/24,-
20201019231805,10.77.1.2/24,-
20201019231806,192.168.1.1/24,66
20201019231807,10.20.30.2/16,68
20201019231808,10.77.1.2/24,5
20201019231809,10.77.1.2/24,43
20201019231811,192.168.1.1/24,11
20201019231812,10.20.30.1/16,-
20201019231814,192.168.1.2/24,17
20201019231815,10.77.1.2/24,8
20201019231816,10.77.1.1/24,1
20201019231817,10.77.1.2/24,-
20201019231818,10.20.30.1/16,4
20201019231819,10.77.1.2/24,-
20201019231820,10.20.30.1/16,3
20201019231821,10.77.1.1/24,1
20201019231822,10.77.1.2/24,7
20201019231823,10.77.1.2/24,1
20201019231824,192.168.1.1/24,-
20201019231826,10.77.1.2/24,42
20201019231828,10.77.1.1/24,9
20201019231829,10.77.1.2/24,4
20201019231830,10.77.1.1/24,-
20201019231832,10.20.30.2/16,89
20201019231833,192.168.1.1/24,3
20201019231834,192.168.1.1/24,6
20201019231835,10.77.1.1/24,7
20201019231836,10.20.30.2/16,74
20201019231838,10.20.30.1/16,5
20201019231840,192.168.1.1/24,-
20201019231841,10.20.30.2/16,1
20201019231843,10.77.1.2/24,-
20201019231844,10.20.30.2/16,-
20201019231845,10.77.1.1/24,-
20201019231846,10.77.1.2/24,-
20201019231847,192.168.1.1/24,2
20201019231848,192.168.1.2/24,5
20201019231849,10.20.30.2/16,42
20201019231850,192.168.1.1/24,-
20201019231851,192.168.1.2/24,5
20201019231853,192.168.1.2/24,-
20201019231854,192.168.1.1/24,4
20201019231855,10.77.1.1/24,79
20201019231856,192.168.1.2/24,52
20201019231857,10.20.30.1/16,2
20201019231858,10.20.30.2/16,4
20201019231900,10.77.1.2/24,7
20201019231901,192.168.1.2/24,6
20201019231903,10.77.1.2/24,-
20201019231904,10.77.1.2/24,3
20201019231905,10.77.1.1/24,-
20201019231906,10.77.1.1/24,-
20201019231907,10.77.1.2/24,-
20201019231909,10.77.1.2/24,78
20201019231911,192.168.1.2/24,90
20201019231912,10.77.1.1/24,8
20201019231913,10.20.30.1/16,5
20201019231914,192.168.1.1/24,54
20201019231916,10.77.1.1/24,-
20201019231917,192.168.1.1/24,-
20201019231919,10.20.30.2/16,15
20201019231920,192.168.1.1/24,41
20201019231921,10.77.1.2/24,4
20201019231922,10.77.1.1/24,21
20201019231924,10.77.1.1/24,-
20201019231925,10.20.30.1/16,9
20201019231926,10.20.30.1/16,-
20201019231927,10.20.30.1/16,7
20201019231928,10.77.1.1/24,77
20201019231929,192.168.1.2/24,9
20201019231931,10.20.30.1/16,5
20201019231932,10.77.1.2/24,5
20201019231934,10.77.1.2/24,-
20201019231935,10.20.30.2/16,8
20201019231936,10.20.30.2/16,35
20201019231937,10.20.30.2/16,-
20201019231938,10.20.30.1/16,1
20201019231939,10.77.1.2/24,1
20201019231940,192.168.1.2/24,1
20201019231942,192.168.1.1/24,6
20201019231943,192.168.1.1/24,7
20201019231944,10.77.1.2/24,7
20201019231945,10.20.30.1/16,2
20201019231947,10.77.1.2/24,4
20201019231948,10.77.1.2/24,3
20201019231950,192.168.1.2/24,17
20201019231951,10.20.30.1/16,2
20201019231952,10.20.30.2/16,8
20201019231953,192.168.1.1/24,7
20201019231954,10.77.1.1/24,-
20201019231955,10.77.1.1/24,-
20201019231957,10.77.1.1/24,-
20201019231958,10.77.1.2/24,4
20201019231959,192.168.1.2/24,9
20201019232000,192.168.1.2/24,6
20201019232001,192.168.1.2/24,-
20201019232003,10.20.30.1/16,2
20201019232004,192.168.1.2/24,-
20201019232005,10.77.1.2/24,7
20201019232007,10.77.1.2/24,3
20201019232008,10.77.1.1/24,-
20201019232009,10.20.30.1/16,9
20201019232010,192.168.1.2/24,-
20201019232011,10.77.1.2/24,7
20201019232012,10.77.1.2/24,-
20201019232013,10.77.1.2/24,-
20201019232014,192.168.1.1/24,3
20201019232016,10.77.1.2/24,53
20201019232017,10.20.30.2/16,14
20201019232018,192.168.1.1/24,13
20201019232020,192.168.1.2/24,-
20201019232022,10.77.1.2/24,-
20201019232024,10.20.30.1/16,-
20201019232025,192.168.1.1/24,48
20201019232026,10.77.1.1/24,6
20201019232027,10.77.1.1/24,-
20201019232028,10.20.30.2/16,18
20201019232029,10.20.30.2/16,7
20201019232030,10.77.1.1/24,2
20201019232031,192.168.1.1/24,17
20201019232033,10.77.1.1/24,17
20201019232034,192.168.1.1/24,45
20201019232036,10.20.30.2/16,2
20201019232037,192.168.1.1/24,1
20201019232039,10.77.1.2/24,9
20201019232040,192.168.1.1/24,8
20201019232041,10.77.1.1/24,-
20201019232042,10.77.1.1/24,8
20201019232043,10.77.1.1/24,1
20201019232044,10.20.30.2/16,3
20201019232045,10.20.30.2/16,4
20201019232047,10.20.30.1/16,-
20201019232048,10.77.1.1/24,5
20201019232049,192.168.1.1/24,50
20201019232050,10.77.1.1/24,9
20201019232051,192.168.1.2/24,7
20201019232052,10.20.30.2/16,-
20201019232053,10.77.1.1/24,6
20201019232054,10.77.1.1/24,-
20201019232055,10.77.1.1/24,9
20201019232057,192.168.1.1/24,-
20201019232058,10.77.1.1/24,-
20201019232059,10.77.1.1/24,6
20201019232101,10.77.1.1/24,1
20201019232102,192.168.1.1/24,8
20201019232103,192.168.1.1/24,5
20201019232104,10.77.1.1/24,8
20201019232105,192.168.1.2/24,7
20201019232106,10.20.30.1/16,-
20201019232108,10.20.30.2/16,4
20201019232109,10.20.30.2/16,-
20201019232110,10.77.1.1/24,-
20201019232111,10.20.30.1/16,-
20201019232112,192.168.1.2/24,31
20201019232113,10.20.30.2/16,-
20201019232114,192.168.1.1/24,7
20201019232115,10.77.1.1/24,6
20201019232116,192.168.1.2/24,3
20201019232118,10.20.30.2/16,50
20201019232119,192.168.1.2/24,-
20201019232120,192.168.1.1/24,69
20201019232121,192.168.1.2/24,8
20201019232122,10.77.1.2/24,3
20201019232124,10.20.30.1/16,9
20201019232125,10.77.1.1/24,-
20201019232126,10.20.30.1/16,71
20201019232128,10.20.30.2/16,3
20201019232129,192.168.1.2/24,3
20201019232131,10.20.30.2/16,3
20201019232132,10.77.1.1/24,-
20201019232133,10.77.1.2/24,-
20201019232134,192.168.1.2/24,1
20201019232136,10.77.1.1/24,-
20201019232138,10.20.30.1/16,21
20201019232139,10.77.1.1/24,-
20201019232140,192.168.1.2/24,5
20201019232141,192.168.1.2/24,3
20201019232142,10.20.30.2/16,7
20201019232143,10.20.30.1/16,4
20201019232144,10.77.1.2/24,95
20201019232146,192.168.1.1/24,2
20201019232147,192.168.1.1/24,1
20201019232148,10.77.1.2/24,37
20201019232149,10.77.1.1/24,9
20201019232151,192.168.1.2/24,2
20201019232153,10.20.30.2/16,5
20201019232154,192.168.1.2/24,-
20201019232155,10.77.1.1/24,6
20201019232157,10.77.1.1/24,8
20201019232158,10.20.30.2/16,5
20201019232159,192.168.1.2/24,-
20201019232200,10.20.30.1/16,48
20201019232202,10.20.30.2/16,7
20201019232203,192.168.1.1/24,94
20201019232204,192.168.1.1/24,22
20201019232205,192.168.1.2/24,1
20201019232206,10.20.30.1/16,-
20201019232207,10.77.1.2/24,20
20201019232208,192.168.1.1/24,6
20201019232210,192.168.1.2/24,4
20201019232211,10.77.1.1/24,9
20201019232212,10.20.30.2/16,17
20201019232213,10.20.30.1/16,30
20201019232214,10.20.30.1/16,3
20201019232215,192.168.1.1/24,37
20201019232216,10.77.1.1/24,-
20201019232218,192.168.1.2/24,-
20201019232219,10.77.1.2/24,8
20201019232220,192.168.1.1/24,38
20201019232221,10.77.1.1/24,-
20201019232222,192.168.1.2/24,-
20201019232224,192.168.1.1/24,6
20201019232225,10.77.1.2/24,54
20201019232226,10.77.1.2/24,2
20201019232227,192.168.1.1/24,9
20201019232228,10.77.1.1/24,8
20201019232230,10.20.30.1/16,10
20201019232231,10.77.1.2/24,2
20201019232232,192.168.1.2/24,52
20201019232233,10.20.30.1/16,6
20201019232234,10.77.1.1/24,-
20201019232235,10.77.1.1/24,13
20201019232237,10.77.1.2/24,-
20201019232238,192.168.1.2/24,34
20201019232239,10.77.1.1/24,-
20201019232240,10.20.30.2/16,5
20201019232241,10.77.1.1/24,98
20201019232242,10.77.1.2/24,9
20201019232243,192.168.1.1/24,-
20201019232244,192.168.1.2/24,-
20201019232246,10.77.1.1/24,6
20201019232248,10.20.30.2/16,6
20201019232249,10.77.1.2/24,-
20201019232250,10.77.1.2/24,4
20201019232252,10.20.30.2/16,7
20201019232253,10.77.1.1/24,64
20201019232254,10.77.1.2/24,-
20201019232255,192.168.1.1/24,7
20201019232256,10.77.1.2/24,4
20201019232257,10.77.1.1/24,5
20201019232258,10.77.1.1/24,5
20201019232259,10.20.30.2/16,85
20201019232300,10.20.30.1/16,4
20201019232301,10.20.30.2/16,45
20201019232302,192.168.1.2/24,6
20201019232304,192.168.1.1/24,7
20201019232305,10.77.1.1/24,4
20201019232307,192.168.1.1/24,61
20201019232308,10.77.1.1/24,-
20201019232309,10.77.1.2/24,8
20201019232310,10.77.1.2/24,-
20201019232311,10.77.1.2/24,5
20201019232313,192.168.1.2/24,5
20201019232314,10.20.30.1/16,5
20201019232316,10.20.30.1/16,1
20201019232317,10.20.30.2/16,68
20201019232318,10.77.1.2/24,2
20201019232319,192.168.1.2/24,7
20201019232320,10.20.30.2/16,74
20201019232321,192.168.1.2/24,2
20201019232323,10.77.1.2/24,-
20201019232324,10.77.1.1/24,9
20201019232325,10.20.30.2/16,8
20201019232326,192.168.1.2/24,9
20201019232327,192.168.1.1/24,5
20201019232328,10.20.30.2/16,44
20201019232329,192.168.1.2/24,4
20201019232330,10.77.1.1/24,4
20201019232331,10.77.1.1/24,-
20201019232332,10.20.30.2/16,67
20201019232334,10.20.30.2/16,8
20201019232335,10.77.1.2/24,32
20201019232336,10.77.1.1/24,18
20201019232337,10.77.1.1/24,42
20201019232338,10.77.1.2/24,3
20201019232339,10.77.1.2/24,2
20201019232340,10.20.30.2/16,-
20201019232341,10.20.30.2/16,4
20201019232342,192.168.1.2/24,9
20201019232343,192.168.1.2/24,8
20201019232345,192.168.1.1/24,5
20201019232346,10.20.30.1/16,-
20201019232347,192.168.1.1/24,8
20201019232349,10.20.30.2/16,91
20201019232350,192.168.1.1/24,28
20201019232351,10.77.1.1/24,7
20201019232352,10.20.30.2/16,-
20201019232353,10.20.30.1/16,2
20201019232354,10.20.30.1/16,17
20201019232355,10.20.30.1/16,-
20201019232356,192.168.1.1/24,3
20201019232357,192.168.1.1/24,-
20201019232358,10.77.1.2/24,8
20201019232359,10.20.30.2/16,-
20201019232400,192.168.1.1/24,2
20201019232401,192.168.1.1/24,4
20201019232403,192.168.1.2/24,4
20201019232404,192.168.1.1/24,8
20201019232406,10.77.1.2/24,2
20201019232407,192.168.1.1/24,22
20201019232409,10.20.30.2/16,94
20201019232410,10.77.1.2/24,8
20201019232411,10.20.30.2/16,8
20201019232412,192.168.1.1/24,8
20201019232413,10.77.1.2/24,-
20201019232415,10.20.30.1/16,-
20201019232416,192.168.1.2/24,29
20201019232417,10.77.1.2/24,-
20201019232418,10.20.30.2/16,77
20201019232419,10.20.30.1/16,6
20201019232421,10.77.1.1/24,8
20201019232422,10.77.1.1/24,5
20201019232423,192.168.1.2/24,3
20201019232424,10.20.30.2/16,-
20201019232426,10.77.1.2/24,-
20201019232427,10.20.30.1/16,7
20201019232428,10.77.1.1/24,-
20201019232429,10.77.1.2/24,3
20201019232430,192.168.1.2/24,2
20201019232431,192.168.1.1/24,8
20201019232432,10.77.1.1/24,13
20201019232434,192.168.1.2/24,24
20201019232436,10.20.30.1/16,9
20201019232438,192.168.1.1/24,4
20201019232440,10.20.30.2/16,-
20201019232441,192.168.1.1/24,14
20201019232443,192.168.1.2/24,4
20201019232445,10.77.1.2/24,-
20201019232446,10.77.1.1/24,33
20201019232447,10.20.30.1/16,75
20201019232448,10.20.30.1/16,10
20201019232450,192.168.1.1/24,2
20201019232451,10.77.1.2/24,9
20201019232452,10.20.30.2/16,4
20201019232454,192.168.1.2/24,43
20201019232455,192.168.1.2/24,6
20201019232456,10.20.30.2/16,3
20201019232458,10.77.1.2/24,-
20201019232459,192.168.1.1/24,79
20201019232500,10.20.30.2/16,90
20201019232501,10.77.1.1/24,7
20201019232502,10.20.30.1/16,8
20201019232503,192.168.1.1/24,4
20201019232504,10.77.1.1/24,4
20201019232505,192.168.1.2/24,18
20201019232507,10.20.30.2/16,76
20201019232509,192.168.1.1/24,7
20201019232510,10.77.1.1/24,10
20201019232511,192.168.1.2/24,-
20201019232512,192.168.1.2/24,50
20201019232513,10.77.1.1/24,5
20201019232515,10.20.30.2/16,-
20201019232516,10.20.30.2/16,85
20201019232517,10.77.1.1/24,-
20201019232518,10.20.30.1/16,3
20201019232520,192.168.1.1/24,2
20201019232521,10.77.1.2/24,8
20201019232522,10.77.1.1/24,-
20201019232523,10.77.1.1/24,29
20201019232524,10.77.1.1/24,6
20201019232525,10.20.30.2/16,8
20201019232526,10.77.1.2/24,6
20201019232527,10.77.1.2/24,2
20201019232528,192.168.1.2/24,-
20201019232529,192.168.1.2/24,63
20201019232530,10.77.1.1/24,3
20201019232531,10.20.30.1/16,40
20201019232532,10.77.1.1/24,2
20201019232534,10.77.1.2/24,19
20201019232536,192.168.1.2/24,-
20201019232537,192.168.1.2/24,-
20201019232539,192.168.1.2/24,91
20201019232540,10.20.30.1/16,2
20201019232541,10.77.1.1/24,6
20201019232542,192.168.1.2/24,52
20201019232543,10.77.1.1/24,-
20201019232544,192.168.1.2/24,15
20201019232545,10.77.1.2/24,-
20201019232547,10.20.30.2/16,25
20201019232549,10.20.30.1/16,-
20201019232550,192.168.1.1/24,4
20201019232551,10.77.1.1/24,8
20201019232552,192.168.1.1/24,7
20201019232553,10.77.1.1/24,-
20201019232554,192.168.1.2/24,-
20201019232555,192.168.1.2/24,23
20201019232556,192.168.1.1/24,3
20201019232557,10.77.1.1/24,3
20201019232558,10.20.30.1/16,18
20201019232559,10.20.30.2/16,22
20201019232600,192.168.1.1/24,9
20201019232601,10.77.1.1/24,43
20201019232602,10.77.1.2/24,6
20201019232603,10.20.30.2/16,6
20201019232605,10.20.30.2/16,-
20201019232606,10.20.30.2/16,6
20201019232608,10.20.30.2/16,23
20201019232609,10.77.1.1/24,6
20201019232610,10.20.30.2/16,5
20201019232612,192.168.1.1/24,52
20201019232614,10.20.30.2/16,9
20201019232615,10.20.30.1/16,-
20201019232616,10.77.1.1/24,33
20201019232617,10.77.1.1/24,86
20201019232618,192.168.1.2/24,10
20201019232619,10.20.30.1/16,58
20201019232621,192.168.1.2/24,72
20201019232622,10.20.30.2/16,6
20201019232623,192.168.1.2/24,6
20201019232624,10.77.1.2/24,10
20201019232625,192.168.1.1/24,-
20201019232627,192.168.1.1/24,9
20201019232628,192.168.1.2/24,-
20201019232629,10.20.30.1/16,79
20201019232630,10.77.1.2/24,3
20201019232631,10.77.1.1/24,2
20201019232632,10.20.30.1/16,30
20201019232633,10.20.30.2/16,73
20201019232634,192.168.1.1/24,63
20201019232635,10.20.30.1/16,7
20201019232637,10.20.30.1/16,-
20201019232638,10.20.30.1/16,20
20201019232639,10.77.1.2/24,-
20201019232640,10.20.30.2/16,4
20201019232641,10.77.1.1/24,61
20201019232642,10.77.1.2/24,3
20201019232643,192.168.1.1/24,3
20201019232644,10.77.1.1/24,35
20201019232646,10.20.30.1/16,7
20201019232647,10.20.30.2/16,75
20201019232648,10.77.1.2/24,6
20201019232649,10.20.30.2/16,2
20201019232650,10.20.30.2/16,16
20201019232651,10.20.30.2/16,61
20201019232652,10.77.1.1/24,7
20201019232653,10.77.1.2/24,40
20201019232654,10.77.1.1/24,-
20201019232655,10.20.30.2/16,4
20201019232656,10.77.1.1/24,38
20201019232658,10.20.30.2/16,-
20201019232659,10.77.1.1/24,9
20201019232700,192.168.1.1/24,29
20201019232702,192.168.1.2/24,94
20201019232704,192.168.1.1/24,-
20201019232705,192.168.1.1/24,2
20201019232706,10.20.30.1/16,3
20201019232707,10.77.1.1/24,7
20201019232709,10.20.30.2/16,-
20201019232710,10.20.30.2/16,4
20201019232711,192.168.1.2/24,-
20201019232712,192.168.1.2/24,-
20201019232713,10.77.1.2/24,7
20201019232714,192.168.1.1/24,-
20201019232715,10.20.30.2/16,3
20201019232716,192.168.1.2/24,2
20201019232717,192.168.1.1/24,51
20201019232718,192.168.1.2/24,10
20201019232719,192.168.1.1/24,-
20201019232721,192.168.1.2/24,10
20201019232723,10.20.30.1/16,6
20201019232724,192.168.1.1/24,29
20201019232725,10.20.30.1/16,5
20201019232726,10.77.1.2/24,99
20201019232727,10.20.30.1/16,2
20201019232728,10.77.1.1/24,9
20201019232729,192.168.1.2/24,7
20201019232730,192.168.1.1/24,4
20201019232731,10.20.30.2/16,8
20201019232732,10.77.1.1/24,5
20201019232734,192.168.1.2/24,-
20201019232735,192.168.1.1/24,7
20201019232736,192.168.1.1/24,2
20201019232737,10.20.30.1/16,-
20201019232738,10.77.1.2/24,8
20201019232739,192.168.1.1/24,9
20201019232740,10.77.1.1/24,4
20201019232741,10.77.1.1/24,5
20201019232742,10.77.1.2/24,-
20201019232744,10.20.30.2/16,61
20201019232746,10.20.30.2/16,63
20201019232747,10.20.30.1/16,88
20201019232749,192.168.1.1/24,2
20201019232750,192.168.1.2/24,2
20201019232751,192.168.1.1/24,4
20201019232752,10.20.30.2/16,-
20201019232753,192.168.1.2/24,-
20201019232754,192.168.1.1/24,-
20201019232755,10.77.1.1/24,-
20201019232757,10.77.1.1/24,-
20201019232758,10.20.30.2/16,6
20201019232800,10.77.1.2/24,7
20201019232802,192.168.1.2/24,-
20201019232803,192.168.1.2/24,29
20201019232804,192.168.1.2/24,4
20201019232805,10.77.1.2/24,7
20201019232806,192.168.1.2/24,7
20201019232807,10.77.1.1/24,6
20201019232808,10.20.30.2/16,3
20201019232809,192.168.1.1/24,29
20201019232810,10.77.1.1/24,40
20201019232811,10.20.30.2/16,9
20201019232812,10.77.1.2/24,66
20201019232813,10.77.1.2/24,5
20201019232814,10.20.30.1/16,7
20201019232815,10.77.1.2/24,3
20201019232817,192.168.1.2/24,9
20201019232819,10.77.1.2/24,79
20201019232820,10.77.1.2/24,6
20201019232821,192.168.1.1/24,4
20201019232822,10.20.30.2/16,59
20201019232824,10.20.30.1/16,9
20201019232825,10.20.30.2/16,1
20201019232827,192.168.1.2/24,-
20201019232828,10.20.30.2/16,-
20201019232829,10.20.30.1/16,12
20201019232830,10.77.1.1/24,98
20201019232831,192.168.1.1/24,2
20201019232832,10.77.1.1/24,-
20201019232833,10.20.30.1/16,2
20201019232834,10.77.1.2/24,28
20201019232835,192.168.1.1/24,2
20201019232836,10.20.30.2/16,3
20201019232837,192.168.1.2/24,6
20201019232838,10.20.30.1/16,5
20201019232839,192.168.1.1/24,6
20201019232840,192.168.1.2/24,6
20201019232841,10.77.1.1/24,14
20201019232842,10.77.1.2/24,-
20201019232843,10.20.30.1/16,9
20201019232844,10.20.30.2/16,4
20201019232845,10.77.1.2/24,46
20201019232846,10.20.30.2/16,91
20201019232847,10.77.1.1/24,4
20201019232849,10.20.30.1/16,-
20201019232850,10.77.1.1/24,8
20201019232851,10.20.30.1/16,3
20201019232852,10.77.1.2/24,-
20201019232853,10.20.30.2/16,9
20201019232854,10.77.1.2/24,9
20201019232855,10.20.30.1/16,24
20201019232857,192.168.1.2/24,7
20201019232858,10.77.1.2/24,8
20201019232859,10.20.30.1/16,-
20201019232900,192.168.1.1/24,5
20201019232901,192.168.1.2/24,6
20201019232902,10.20.30.1/16,1
20201019232903,10.20.30.1/16,5
20201019232904,10.20.30.1/16,4
20201019232905,10.77.1.2/24,-
20201019232906,192.168.1.2/24,-
20201019232908,10.20.30.1/16,-
20201019232910,10.20.30.1/16,-
20201019232911,10.20.30.1/16,38
20201019232912,192.168.1.2/24,5
20201019232913,10.20.30.2/16,53
20201019232914,192.168.1.1/24,-
20201019232916,192.168.1.1/24,1
20201019232917,10.77.1.2/24,-
20201019232919,192.168.1.1/24,1
20201019232921,10.77.1.2/24,-
20201019232922,10.20.30.1/16,3
20201019232923,10.77.1.1/24,-
20201019232924,10.20.30.1/16,1
20201019232925,10.77.1.2/24,2
20201019232927,10.77.1.1/24,-
20201019232929,10.20.30.2/16,-
20201019232930,10.77.1.2/24,5
20201019232931,192.168.1.1/24,10
20201019232933,10.20.30.1/16,32
20201019232934,10.77.1.2/24,4
20201019232936,10.77.1.2/24,26
20201019232937,192.168.1.1/24,95
20201019232938,192.168.1.1/24,51
20201019232939,10.77.1.1/24,6
20201019232940,10.20.30.2/16,-
20201019232942,192.168.1.2/24,6
20201019232943,192.168.1.2/24,41
20201019232944,10.20.30.1/16,9
20201019232945,10.77.1.2/24,-
20201019232946,192.168.1.2/24,6
20201019232947,192.168.1.1/24,-
20201019232948,192.168.1.1/24,-
20201019232950,10.20.30.2/16,3
20201019232951,10.20.30.2/16,-
20201019232953,10.20.30.2/16,5
20201019232954,192.168.1.1/24,7
20201019232955,192.168.1.2/24,9
20201019232956,10.20.30.2/16,5
20201019232957,10.77.1.1/24,8
20201019232958,10.20.30.1/16,9
20201019232959,10.20.30.2/16,5
20201019233000,192.168.1.2/24,-
20201019233001,10.20.30.1/16,-
20201019233002,10.77.1.1/24,-
20201019233003,192.168.1.1/24,88
20201019233004,10.20.30.2/16,21
20201019233005,10.77.1.1/24,-
20201019233007,10.20.30.2/16,56
20201019233008,10.20.30.1/16,17
20201019233009,192.168.1.1/24,3
20201019233010,10.20.30.2/16,-
20201019233011,192.168.1.1/24,3
20201019233012,10.20.30.2/16,3
20201019233013,192.168.1.2/24,6
20201019233014,10.77.1.2/24,2
20201019233015,192.168.1.2/24,1
20201019233016,10.20.30.1/16,56
20201019233017,10.20.30.2/16,3
20201019233018,10.77.1.2/24,4
20201019233019,192.168.1.1/24,55
20201019233020,10.77.1.1/24,-
20201019233021,10.20.30.2/16,70
20201019233022,192.168.1.2/24,7
20201019233023,10.20.30.1/16,1
20201019233025,192.168.1.2/24,4
20201019233026,10.20.30.2/16,-
20201019233027,10.20.30.2/16,-
20201019233029,10.20.30.2/16,-
20201019233030,10.20.30.1/16,9
20201019233031,192.168.1.2/24,-
20201019233033,192.168.1.1/24,8
20201019233035,10.20.30.1/16,4
20201019233037,192.168.1.1/24,4
20201019233039,192.168.1.1/24,6
20201019233040,10.77.1.2/24,4
20201019233041,10.77.1.1/24,2
20201019233042,192.168.1.2/24,2
20201019233043,10.77.1.2/24,8
20201019233044,10.77.1.2/24,1
20201019233046,192.168.1.2/24,-
20201019233047,10.77.1.1/24,5
20201019233048,192.168.1.2/24,8
20201019233050,192.168.1.2/24,5
20201019233052,10.77.1.1/24,9
20201019233054,10.77.1.1/24,22
20201019233055,192.168.1.1/24,7
20201019233056,10.77.1.2/24,-
20201019233057,10.77.1.2/24,63
20201019233058,192.168.1.1/24,5
20201019233059,10.77.1.2/24,63
20201019233101,10.20.30.1/16,2
20201019233103,192.168.1.1/24,-
20201019233104,10.77.1.1/24,-
20201019233105,192.168.1.2/24,2
20201019233107,10.77.1.1/24,5
20201019233109,10.20.30.1/16,7
20201019233111,192.168.1.1/24,5
20201019233112,10.77.1.2/24,7
20201019233114,10.20.30.1/16,72
20201019233115,10.77.1.2/24,-
20201019233116,192.168.1.1/24,7
20201019233117,192.168.1.2/24,-
20201019233119,10.20.30.1/16,9
20201019233120,10.20.30.2/16,79
20201019233121,10.20.30.2/16,5
20201019233122,192.168.1.2/24,9
20201019233123,192.168.1.1/24,2
20201019233125,10.20.30.2/16,6
20201019233126,10.77.1.2/24,3
20201019233127,10.77.1.2/24,4
20201019233129,192.168.1.2/24,3
20201019233130,10.20.30.1/16,40
20201019233131,10.77.1.2/24,-
20201019233132,10.20.30.2/16,-
20201019233134,10.77.1.2/24,96
20201019233136,10.77.1.2/24,-
20201019233138,10.77.1.2/24,4
20201019233139,10.20.30.1/16,-
20201019233140,10.20.30.2/16,88
20201019233141,10.20.30.2/16,4
20201019233142,10.20.30.1/16,4
20201019233143,10.77.1.1/24,49
20201019233144,192.168.1.2/24,-
20201019233145,10.20.30.2/16,7
20201019233146,10.77.1.2/24,-
20201019233148,10.77.1.1/24,7
20201019233149,192.168.1.1/24,7
20201019233150,10.20.30.1/16,-
20201019233151,10.77.1.2/24,4
20201019233152,10.77.1.2/24,7
20201019233153,192.168.1.1/24,96
20201019233154,10.77.1.1/24,1
20201019233155,10.77.1.1/24,1
20201019233156,192.168.1.1/24,6
20201019233157,10.77.1.1/24,-
20201019233158,192.168.1.2/24,5
20201019233159,10.77.1.2/24,5
20201019233200,192.168.1.1/24,6
20201019233202,10.20.30.1/16,9
20201019233204,10.20.30.2/16,6
20201019233205,10.20.30.1/16,2
20201019233207,10.77.1.2/24,-
20201019233208,10.77.1.1/24,6
20201019233209,10.20.30.1/16,30
20201019233210,192.168.1.2/24,-
20201019233212,10.77.1.1/24,-
20201019233213,10.77.1.2/24,8
20201019233215,10.20.30.1/16,48
20201019233217,10.77.1.2/24,4
20201019233218,10.77.1.2/24,-
20201019233219,192.168.1.2/24,-
20201019233220,192.168.1.1/24,66
20201019233221,10.77.1.1/24,2
20201019233223,10.20.30.1/16,4
20201019233225,10.77.1.1/24,5
20201019233226,10.77.1.2/24,8
20201019233227,10.20.30.2/16,1
20201019233228,192.168.1.2/24,8
20201019233229,10.77.1.1/24,-
20201019233230,192.168.1.2/24,29
20201019233231,10.20.30.2/16,3
20201019233233,10.77.1.1/24,43
20201019233234,10.77.1.1/24,92
20201019233235,10.20.30.2/16,45
20201019233237,10.77.1.2/24,-
20201019233238,192.168.1.2/24,9
20201019233239,192.168.1.2/24,3
20201019233240,10.20.30.2/16,9
20201019233241,10.20.30.2/16,7
20201019233242,192.168.1.2/24,9
20201019233243,10.77.1.1/24,42
20201019233244,192.168.1.1/24,8
20201019233246,192.168.1.2/24,21
20201019233248,192.168.1.2/24,1
20201019233249,192.168.1.2/24,2
20201019233251,192.168.1.2/24,64
20201019233252,192.168.1.1/24,-
20201019233253,192.168.1.2/24,4
20201019233254,10.77.1.2/24,0
20201019233256,10.20.30.1/16,13
20201019233257,10.20.30.2/16,9
20201019233258,192.168.1.2/24,2
20201019233259,192.168.1.2/24,6
20201019233300,192.168.1.2/24,-
20201019233301,10.20.30.1/16,4
20201019233302,192.168.1.1/24,-
20201019233303,192.168.1.2/24,-
20201019233304,192.168.1.2/24,-
20201019233306,10.20.30.2/16,2
20201019233307,10.77.1.1/24,6
20201019233308,192.168.1.2/24,3
20201019233309,10.20.30.1/16,94
20201019233310,10.20.30.1/16,69
20201019233311,192.168.1.2/24,2
20201019233312,10.20.30.1/16,1
20201019233313,10.77.1.1/24,-
20201019233315,10.77.1.2/24,7
20201019233316,10.20.30.2/16,5
20201019233317,192.168.1.2/24,5
20201019233318,10.20.30.2/16,12
20201019233319,192.168.1.2/24,2
20201019233320,192.168.1.2/24,3
20201019233321,10.77.1.1/24,6
20201019233322,192.168.1.1/24,47
20201019233323,10.20.30.2/16,-
20201019233324,192.168.1.1/24,5
20201019233326,10.77.1.2/24,5
20201019233327,192.168.1.1/24,45
20201019233328,10.77.1.1/24,-
20201019233330,192.168.1.1/24,20
20201019233331,10.20.30.2/16,-
20201019233332,10.77.1.2/24,2
20201019233334,192.168.1.1/24,10
20201019233335,10.20.30.1/16,4
20201019233337,192.168.1.1/24,5
20201019233338,10.20.30.2/16,7
20201019233339,10.77.1.2/24,6
20201019233341,10.77.1.2/24,8
20201019233342,10.77.1.1/24,-
20201019233343,10.77.1.2/24,9
20201019233344,10.77.1.2/24,9
20201019233345,10.20.30.1/16,-
20201019233347,192.168.1.2/24,1
20201019233348,10.20.30.1/16,61
20201019233349,10.20.30.2/16,3
20201019233351,192.168.1.2/24,9
20201019233352,10.77.1.1/24,6
20201019233354,10.20.30.2/16,9
20201019233355,10.77.1.1/24,66
20201019233356,10.20.30.1/16,94
20201019233358,10.20.30.1/16,5
20201019233359,10.20.30.2/16,78
20201019233400,10.77.1.2/24,2
20201019233401,10.20.30.1/16,-
20201019233402,192.168.1.1/24,-
20201019233403,10.20.30.1/16,6
20201019233404,10.20.30.2/16,5
20201019233405,10.77.1.2/24,13
20201019233406,192.168.1.2/24,3
20201019233408,10.20.30.2/16,3
20201019233409,192.168.1.1/24,-
20201019233410,10.77.1.1/24,71
20201019233412,10.20.30.1/16,9
20201019233413,192.168.1.2/24,2
20201019233415,192.168.1.1/24,-
20201019233417,192.168.1.2/24,1
20201019233418,10.20.30.2/16,-
20201019233419,10.20.30.2/16,4
20201019233420,10.77.1.1/24,5
20201019233421,192.168.1.2/24,4
20201019233423,10.77.1.1/24,5
20201019233424,192.168.1.2/24,-
20201019233425,192.168.1.1/24,9
20201019233426,10.20.30.2/16,9
20201019233428,192.168.1.2/24,-
20201019233429,10.20.30.1/16,-
20201019233430,192.168.1.2/24,-
20201019233432,10.77.1.2/24,5
20201019233433,10.20.30.1/16,-
20201019233435,192.168.1.1/24,4
20201019233436,192.168.1.1/24,40
20201019233437,10.77.1.1/24,-
20201019233438,192.168.1.2/24,81
20201019233440,10.20.30.1/16,4
20201019233441,192.168.1.2/24,2
20201019233442,10.20.30.2/16,8
20201019233443,10.77.1.1/24,86
20201019233444,10.20.30.1/16,3
20201019233445,10.20.30.2/16,6
20201019233446,10.20.30.2/16,73
20201019233447,10.20.30.2/16,-
20201019233448,10.20.30.2/16,6
20201019233449,192.168.1.2/24,8
20201019233451,10.77.1.1/24,4
20201019233452,10.77.1.1/24,-
20201019233453,192.168.1.1/24,6
20201019233455,192.168.1.2/24,5
20201019233456,10.20.30.1/16,6
20201019233458,192.168.1.1/24,8
20201019233459,192.168.1.1/24,7
20201019233501,10.20.30.2/16,8
20201019233502,10.20.30.2/16,-
20201019233503,10.20.30.1/16,9
20201019233504,10.20.30.1/16,4
20201019233505,192.168.1.2/24,8
20201019233506,10.20.30.2/16,8
20201019233507,192.168.1.1/24,2
20201019233509,10.77.1.1/24,-
20201019233510,10.77.1.1/24,9
20201019233511,10.20.30.2/16,5
20201019233513,10.20.30.2/16,51
20201019233514,192.168.1.2/24,-
20201019233516,10.77.1.2/24,-
20201019233517,10.20.30.2/16,3
20201019233518,10.77.1.1/24,68
20201019233520,10.20.30.2/16,2
20201019233521,10.20.30.1/16,26
20201019233522,10.20.30.2/16,1
20201019233523,192.168.1.2/24,9
20201019233524,10.20.30.2/16,-
20201019233526,10.77.1.1/24,9
20201019233527,192.168.1.1/24,9
20201019233528,192.168.1.2/24,7
20201019233530,10.77.1.2/24,-
20201019233531,192.168.1.1/24,3
20201019233532,10.77.1.2/24,9
20201019233533,10.77.1.2/24,4
20201019233534,192.168.1.2/24,5
20201019233535,10.20.30.2/16,-
20201019233536,192.168.1.1/24,9
20201019233537,10.77.1.2/24,8
20201019233538,10.77.1.2/24,7
20201019233539,10.20.30.2/16,35
20201019233540,10.20.30.1/16,3
20201019233541,192.168.1.1/24,-
20201019233542,10.77.1.2/24,9
20201019233543,10.20.30.2/16,3
20201019233544,10.20.30.1/16,9
20201019233546,192.168.1.2/24,7
20201019233547,10.77.1.2/24,-
20201019233549,10.77.1.2/24,-
20201019233550,192.168.1.1/24,9
20201019233552,10.20.30.2/16,23
20201019233554,192.168.1.2/24,3
20201019233555,10.20.30.2/16,28
20201019233556,10.20.30.1/16,87
20201019233557,10.77.1.2/24,4
20201019233558,192.168.1.2/24,6
20201019233559,10.77.1.1/24,-
20201019233600,192.168.1.2/24,12
20201019233601,192.168.1.1/24,-
20201019233602,10.77.1.2/24,5
20201019233604,10.77.1.1/24,-
20201019233605,10.77.1.1/24,23
20201019233606,192.168.1.1/24,-
20201019233607,10.20.30.1/16,6
20201019233608,10.77.1.1/24,-
20201019233609,10.20.30.2/16,-
20201019233610,10.77.1.1/24,-
20201019233611,192.168.1.1/24,65
20201019233613,10.20.30.1/16,-
20201019233614,10.77.1.2/24,5
20201019233615,10.20.30.1/16,2
20201019233616,10.77.1.1/24,3
20201019233617,10.77.1.1/24,5
20201019233619,192.168.1.1/24,4
20201019233620,10.20.30.2/16,-
20201019233622,10.20.30.1/16,-
20201019233623,10.20.30.1/16,-
20201019233624,192.168.1.1/24,-
20201019233625,192.168.1.1/24,2
20201019233627,10.20.30.1/16,3
20201019233628,10.77.1.2/24,9
20201019233630,10.20.30.2/16,-
20201019233631,10.20.30.1/16,6
20201019233632,10.20.30.1/16,4
20201019233633,192.168.1.2/24,9
20201019233635,192.168.1.2/24,54
20201019233636,10.20.30.2/16,56
20201019233637,10.77.1.1/24,-
20201019233639,10.77.1.2/24,-
20201019233640,10.77.1.2/24,65
20201019233641,10.77.1.2/24,5
20201019233642,10.77.1.2/24,53
20201019233644,192.168.1.2/24,-
20201019233645,192.168.1.1/24,9
20201019233646,10.20.30.1/16,9
20201019233647,192.168.1.1/24,67
20201019233648,10.77.1.2/24,9
20201019233649,10.20.30.1/16,-
20201019233650,10.77.1.2/24,4
20201019233651,192.168.1.2/24,-
20201019233652,10.77.1.2/24,6
20201019233653,192.168.1.2/24,9
20201019233655,10.77.1.1/24,-
20201019233656,10.77.1.1/24,-
20201019233657,10.77.1.2/24,9
20201019233658,10.77.1.1/24,5
20201019233659,10.77.1.1/24,4
20201019233700,192.168.1.1/24,-
20201019233701,10.20.30.2/16,-
20201019233702,10.77.1.1/24,13
20201019233703,10.77.1.2/24,4
20201019233704,192.168.1.2/24,-
20201019233706,10.20.30.2/16,3
20201019233707,10.20.30.2/16,64
20201019233708,192.168.1.1/24,7
20201019233709,192.168.1.1/24,22
20201019233710,10.77.1.1/24,5
20201019233712,10.20.30.1/16,2
20201019233713,10.77.1.1/24,-
20201019233714,10.77.1.1/24,1
20201019233716,10.77.1.1/24,9
20201019233717,10.77.1.2/24,8
20201019233718,10.20.30.2/16,6
20201019233719,10.77.1.2/24,9
20201019233720,10.77.1.2/24,-
20201019233721,10.77.1.1/24,5
20201019233723,10.77.1.1/24,5
20201019233725,10.20.30.2/16,8
20201019233726,10.77.1.2/24,4
20201019233727,10.77.1.1/24,74
20201019233728,10.20.30.2/16,73
20201019233730,10.20.30.1/16,4
20201019233731,10.77.1.1/24,-
20201019233732,192.168.1.2/24,31
20201019233733,10.20.30.1/16,6
20201019233734,10.20.30.1/16,-
20201019233735,192.168.1.2/24,5
20201019233736,10.20.30.1/16,22
20201019233738,192.168.1.1/24,6
20201019233739,10.20.30.2/16,-
20201019233740,10.77.1.2/24,-
20201019233741,10.77.1.1/24,5
20201019233742,10.20.30.2/16,5
20201019233743,192.168.1.2/24,3
20201019233745,10.77.1.1/24,-
20201019233746,10.20.30.1/16,9
20201019233747,10.77.1.1/24,-
20201019233748,10.77.1.1/24,-
20201019233749,10.77.1.2/24,-
20201019233750,10.20.30.1/16,3
20201019233751,10.20.30.2/16,2
20201019233753,10.20.30.1/16,49
20201019233755,10.77.1.2/24,-
20201019233756,192.168.1.2/24,1
20201019233758,10.20.30.1/16,-
20201019233800,192.168.1.1/24,-
20201019233801,10.20.30.1/16,1
20201019233803,10.77.1.2/24,1
20201019233804,192.168.1.2/24,3
20201019233805,10.77.1.1/24,22
20201019233807,10.20.30.1/16,-
20201019233808,10.77.1.1/24,38
20201019233809,192.168.1.2/24,86
20201019233810,10.77.1.2/24,4
20201019233811,10.20.30.2/16,3
20201019233812,10.20.30.1/16,12
20201019233814,192.168.1.1/24,51
20201019233816,192.168.1.1/24,9
20201019233817,192.168.1.1/24,1
20201019233819,10.20.30.2/16,9
20201019233820,192.168.1.1/24,-
20201019233821,192.168.1.2/24,-
20201019233822,10.77.1.2/24,-
20201019233823,10.20.30.1/16,8
20201019233825,10.77.1.2/24,13
20201019233826,10.20.30.1/16,4
20201019233827,192.168.1.2/24,26
20201019233828,10.20.30.1/16,-
20201019233829,10.77.1.2/24,3
20201019233831,10.77.1.2/24,-
20201019233832,192.168.1.2/24,4
20201019233833,192.168.1.1/24,9
20201019233834,192.168.1.1/24,-
20201019233835,192.168.1.1/24,3
20201019233836,10.77.1.2/24,-
20201019233838,192.168.1.2/24,7
20201019233840,10.20.30.2/16,4
20201019233841,192.168.1.1/24,-
20201019233843,192.168.1.2/24,1
20201019233845,10.77.1.2/24,2
20201019233846,10.20.30.2/16,4
20201019233848,192.168.1.2/24,1
20201019233849,10.20.30.1/16,-
20201019233851,10.20.30.1/16,9
20201019233852,10.20.30.2/16,4
20201019233853,10.77.1.1/24,3
20201019233854,192.168.1.2/24,-
20201019233855,10.77.1.1/24,8
20201019233856,10.77.1.1/24,-
20201019233857,10.77.1.1/24,23
20201019233858,10.20.30.2/16,7
20201019233859,192.168.1.1/24,70
20201019233901,192.168.1.1/24,7
20201019233902,10.77.1.1/24,54
20201019233903,10.20.30.1/16,6
20201019233904,10.20.30.1/16,59
20201019233905,192.168.1.2/24,5
20201019233906,10.20.30.2/16,-
20201019233907,10.20.30.1/16,2
20201019233908,10.20.30.1/16,4
20201019233909,10.77.1.2/24,5
20201019233910,192.168.1.1/24,16
20201019233911,10.20.30.2/16,5
20201019233912,10.20.30.2/16,-
20201019233913,10.77.1.1/24,-
20201019233914,10.77.1.2/24,5
20201019233915,10.20.30.1/16,-
20201019233917,10.77.1.1/24,9
20201019233918,10.77.1.2/24,3
20201019233919,10.20.30.1/16,83
20201019233920,10.20.30.1/16,26
20201019233921,10.20.30.1/16,11
20201019233922,192.168.1.1/24,18
20201019233923,10.20.30.2/16,6
20201019233924,10.20.30.2/16,8
20201019233926,192.168.1.2/24,13
20201019233927,10.77.1.1/24,3
20201019233928,10.77.1.1/24,11
20201019233930,10.20.30.1/16,42
20201019233932,10.77.1.1/24,5
20201019233933,10.77.1.2/24,-
20201019233934,10.77.1.1/24,22
20201019233936,10.77.1.1/24,3
20201019233937,192.168.1.2/24,2
20201019233938,10.77.1.2/24,7
20201019233940,10.20.30.2/16,72
20201019233941,10.77.1.1/24,-
20201019233942,192.168.1.1/24,28
20201019233944,10.77.1.2/24,1
20201019233945,192.168.1.1/24,1
20201019233946,10.77.1.1/24,6
20201019233947,10.20.30.1/16,-
20201019233948,10.77.1.2/24,16
20201019233949,10.77.1.2/24,86
20201019233950,10.77.1.2/24,3
20201019233951,10.20.30.2/16,7
20201019233952,10.77.1.1/24,9
20201019233954,10.77.1.2/24,4
20201019233955,10.20.30.1/16,9
20201019233956,192.168.1.1/24,-
20201019233957,10.77.1.2/24,3
20201019233958,10.20.30.1/16,-
20201019233959,192.168.1.2/24,2
20201019234000,10.20.30.2/16,2
20201019234001,10.77.1.2/24,7
20201019234002,192.168.1.1/24,3
20201019234003,10.77.1.2/24,6
20201019234005,192.168.1.2/24,2
20201019234006,10.20.30.1/16,-
20201019234007,10.20.30.2/16,3
20201019234008,10.77.1.1/24,-
20201019234009,10.20.30.2/16,1
20201019234010,192.168.1.2/24,-
20201019234011,10.77.1.1/24,9
20201019234013,10.77.1.2/24,2
20201019234014,10.20.30.1/16,96
20201019234015,192.168.1.2/24,8
20201019234016,10.77.1.2/24,10
20201019234017,10.20.30.2/16,3
20201019234018,10.20.30.1/16,-
20201019234019,192.168.1.2/24,81
20201019234021,10.20.30.2/16,48
20201019234023,10.20.30.2/16,-
20201019234025,10.20.30.1/16,7
20201019234027,192.168.1.1/24,-
20201019234028,10.20.30.2/16,8
20201019234030,10.20.30.1/16,-
20201019234031,10.20.30.2/16,84
20201019234033,192.168.1.1/24,8
20201019234034,10.20.30.2/16,55
20201019234036,10.20.30.1/16,2
20201019234037,10.20.30.1/16,-
20201019234038,192.168.1.1/24,4
20201019234040,192.168.1.2/24,2
20201019234041,10.77.1.1/24,6
20201019234042,10.77.1.2/24,7
20201019234044,10.77.1.1/24,6
20201019234045,192.168.1.1/24,7
20201019234047,10.20.30.2/16,14
20201019234048,10.20.30.2/16,19
20201019234049,192.168.1.1/24,68
20201019234050,10.77.1.2/24,-
20201019234051,10.77.1.2/24,54
20201019234052,10.77.1.1/24,8
20201019234054,10.77.1.1/24,7
20201019234056,192.168.1.2/24,9
20201019234058,10.20.30.1/16,81
20201019234059,192.168.1.2/24,-
20201019234101,192.168.1.1/24,1
20201019234102,10.77.1.2/24,89
20201019234103,10.77.1.1/24,8
20201019234104,192.168.1.2/24,6
20201019234105,10.20.30.1/16,10
20201019234106,10.77.1.2/24,85
20201019234107,10.77.1.2/24,4
20201019234109,10.20.30.1/16,9
20201019234110,192.168.1.1/24,66
20201019234111,10.20.30.2/16,-
20201019234112,192.168.1.2/24,23
20201019234114,192.168.1.2/24,6
20201019234115,10.77.1.2/24,2
20201019234117,192.168.1.1/24,1
20201019234118,10.20.30.2/16,7
20201019234119,10.77.1.2/24,1
20201019234120,10.77.1.2/24,4
20201019234121,10.77.1.2/24,6
20201019234122,10.20.30.1/16,9
20201019234123,192.168.1.1/24,72
20201019234124,192.168.1.1/24,92
20201019234126,10.77.1.2/24,9
20201019234127,192.168.1.1/24,56
20201019234128,10.77.1.2/24,-
20201019234129,10.20.30.2/16,-
20201019234130,10.20.30.2/16,9
20201019234131,10.77.1.2/24,7
20201019234132,10.20.30.2/16,6
20201019234134,192.168.1.2/24,3
20201019234135,10.20.30.1/16,3
20201019234136,192.168.1.2/24,9
20201019234138,192.168.1.1/24,8
20201019234140,192.168.1.1/24,-
20201019234141,10.77.1.1/24,33
20201019234143,192.168.1.2/24,3
20201019234144,10.77.1.2/24,-
20201019234146,10.20.30.2/16,97
20201019234147,192.168.1.1/24,1
20201019234148,192.168.1.1/24,58
20201019234149,10.20.30.2/16,9
20201019234150,192.168.1.2/24,-
20201019234151,10.77.1.1/24,-
20201019234152,10.77.1.2/24,9
20201019234153,10.20.30.2/16,-
20201019234154,10.77.1.2/24,8
20201019234155,192.168.1.1/24,5
20201019234157,10.77.1.1/24,10
20201019234158,10.20.30.2/16,-
20201019234159,10.20.30.1/16,7
20201019234200,10.20.30.1/16,-
20201019234201,192.168.1.2/24,8
20201019234203,192.168.1.2/24,96
20201019234204,10.77.1.1/24,1
20201019234206,192.168.1.2/24,81
20201019234207,192.168.1.2/24,5
20201019234208,192.168.1.2/24,5
20201019234209,10.77.1.1/24,9
20201019234210,192.168.1.2/24,3
20201019234211,192.168.1.1/24,60
20201019234212,10.20.30.1/16,-
20201019234213,10.77.1.1/24,3
20201019234214,10.77.1.1/24,42
20201019234215,10.20.30.2/16,1
20201019234216,192.168.1.1/24,-
20201019234217,10.77.1.2/24,-
20201019234218,10.77.1.2/24,80
20201019234219,192.168.1.1/24,16
20201019234220,192.168.1.1/24,-
20201019234221,10.77.1.1/24,4
20201019234222,10.77.1.1/24,3
20201019234223,10.20.30.1/16,9
20201019234224,10.20.30.2/16,-
20201019234225,10.20.30.2/16,64
20201019234227,10.77.1.1/24,2
20201019234228,192.168.1.1/24,32
20201019234229,10.20.30.1/16,8
20201019234230,10.20.30.2/16,4
20201019234231,10.77.1.1/24,-
20201019234232,10.77.1.2/24,47
20201019234234,10.77.1.1/24,8
20201019234235,10.77.1.1/24,76
20201019234236,10.20.30.2/16,19
20201019234237,192.168.1.1/24,3
20201019234238,10.77.1.2/24,5
20201019234239,10.77.1.1/24,30
20201019234241,10.77.1.2/24,3
20201019234242,10.77.1.1/24,9
20201019234243,10.20.30.1/16,7
20201019234244,10.20.30.2/16,80
20201019234245,10.77.1.2/24,-
20201019234247,10.20.30.1/16,4
20201019234248,10.77.1.2/24,19
20201019234250,10.20.30.2/16,-
20201019234251,10.77.1.2/24,-
20201019234252,10.77.1.2/24,12
20201019234253,10.20.30.1/16,30
20201019234254,192.168.1.1/24,-
20201019234255,10.20.30.2/16,1
20201019234256,10.77.1.2/24,3
20201019234257,10.20.30.2/16,5
20201019234258,10.77.1.2/24,3
20201019234259,10.20.30.1/16,5
20201019234300,192.168.1.2/24,85
20201019234301,10.20.30.1/16,1
20201019234303,192.168.1.1/24,70
20201019234305,10.77.1.2/24,8
20201019234307,10.77.1.2/24,-
20201019234308,10.77.1.2/24,6
20201019234310,10.77.1.1/24,8
20201019234311,10.77.1.2/24,-
20201019234313,10.77.1.2/24,6
20201019234314,10.77.1.1/24,63
20201019234315,192.168.1.2/24,5
20201019234317,10.77.1.2/24,-
20201019234319,10.20.30.1/16,21
20201019234320,10.20.30.2/16,1
20201019234321,10.77.1.2/24,1
20201019234322,10.77.1.1/24,7
20201019234323,192.168.1.1/24,1
20201019234324,10.20.30.1/16,5
20201019234325,10.77.1.2/24,31
20201019234326,10.20.30.1/16,54
20201019234327,10.20.30.1/16,41
20201019234329,10.77.1.1/24,1
20201019234331,10.20.30.1/16,4
20201019234332,10.20.30.1/16,50
20201019234334,10.77.1.2/24,6
20201019234336,10.20.30.1/16,4
20201019234337,10.77.1.2/24,3
20201019234339,10.77.1.1/24,46
20201019234341,192.168.1.1/24,5
20201019234343,10.77.1.1/24,6
20201019234345,10.77.1.2/24,8
20201019234346,192.168.1.2/24,-
20201019234347,10.20.30.1/16,9
20201019234348,10.77.1.1/24,2
20201019234349,192.168.1.2/24,6
20201019234350,192.168.1.2/24,-
20201019234351,10.77.1.2/24,9
20201019234352,10.20.30.1/16,73
20201019234353,10.20.30.2/16,28
20201019234354,192.168.1.2/24,7
20201019234355,192.168.1.2/24,-
20201019234356,10.77.1.1/24,-
20201019234358,10.20.30.2/16,10
20201019234359,10.20.30.2/16,9
20201019234401,10.20.30.2/16,4
20201019234402,10.77.1.1/24,-
20201019234403,10.77.1.2/24,1
20201019234405,10.20.30.1/16,8
20201019234407,192.168.1.1/24,82
20201019234408,10.20.30.2/16,-
20201019234409,10.20.30.1/16,4
20201019234410,10.77.1.1/24,21
20201019234411,10.20.30.1/16,6
20201019234412,192.168.1.1/24,71
20201019234413,192.168.1.1/24,8
20201019234414,10.20.30.2/16,23
20201019234416,10.20.30.2/16,9
20201019234418,10.20.30.1/16,6
20201019234419,192.168.1.2/24,8
20201019234421,10.20.30.2/16,1
20201019234422,192.168.1.2/24,1
20201019234424,192.168.1.2/24,9
20201019234425,192.168.1.1/24,6
20201019234427,10.77.1.1/24,-
20201019234428,10.77.1.2/24,8
20201019234429,10.77.1.2/24,36
20201019234431,10.20.30.2/16,41
20201019234433,10.77.1.2/24,4
20201019234434,192.168.1.2/24,-
20201019234435,10.20.30.2/16,5
20201019234436,10.20.30.1/16,-
20201019234437,192.168.1.1/24,-
20201019234438,10.77.1.1/24,1
20201019234439,10.20.30.1/16,5
20201019234440,10.77.1.1/24,5
20201019234441,10.20.30.2/16,-
20201019234442,10.77.1.1/24,3
20201019234443,10.20.30.2/16,-
20201019234445,10.77.1.2/24,5
20201019234446,10.77.1.2/24,6
20201019234448,192.168.1.2/24,2
20201019234449,10.77.1.1/24,6
20201019234450,192.168.1.1/24,3
20201019234451,192.168.1.2/24,10
20201019234453,10.20.30.2/16,58
20201019234454,192.168.1.1/24,-
20201019234455,10.77.1.2/24,7
20201019234456,10.20.30.1/16,6
20201019234457,10.20.30.1/16,23
20201019234458,10.20.30.2/16,-
20201019234459,10.77.1.2/24,44
20201019234500,192.168.1.2/24,3
20201019234502,192.168.1.2/24,7
20201019234503,192.168.1.1/24,9
20201019234504,192.168.1.2/24,2
20201019234505,10.20.30.2/16,4
20201019234506,10.77.1.1/24,7
20201019234507,10.20.30.2/16,40
20201019234508,10.20.30.2/16,6
20201019234509,10.77.1.1/24,8
20201019234510,10.77.1.1/24,75
20201019234511,10.77.1.2/24,5
20201019234513,10.20.30.2/16,9
20201019234514,10.77.1.2/24,94
20201019234515,10.77.1.1/24,4
20201019234516,192.168.1.1/24,4
20201019234517,10.20.30.2/16,4
20201019234518,10.20.30.2/16,4
20201019234520,10.77.1.1/24,14
20201019234521,10.20.30.2/16,1
20201019234523,10.20.30.2/16,-
20201019234524,10.77.1.1/24,3
20201019234526,10.77.1.2/24,4
20201019234527,10.20.30.2/16,95
20201019234529,10.77.1.2/24,8
20201019234530,10.20.30.1/16,4
20201019234532,192.168.1.2/24,4
20201019234534,10.20.30.1/16,2
20201019234536,192.168.1.1/24,9
20201019234538,10.20.30.2/16,-
20201019234539,10.20.30.2/16,4
20201019234540,10.77.1.1/24,9
20201019234542,10.20.30.1/16,-
20201019234543,10.20.30.1/16,-
20201019234544,192.168.1.2/24,6
20201019234545,10.20.30.2/16,5
20201019234547,10.77.1.1/24,-
20201019234548,10.20.30.2/16,86
20201019234549,192.168.1.1/24,35
20201019234550,10.20.30.1/16,-
20201019234552,192.168.1.1/24,1
20201019234554,10.77.1.1/24,5
20201019234555,10.20.30.1/16,5
20201019234557,10.20.30.2/16,17
20201019234558,192.168.1.1/24,38
20201019234559,10.20.30.2/16,4
20201019234600,10.20.30.2/16,7
20201019234602,10.20.30.2/16,7
20201019234603,10.77.1.2/24,-
20201019234604,10.77.1.1/24,5
20201019234605,192.168.1.1/24,3
20201019234606,10.77.1.1/24,9
20201019234607,192.168.1.1/24,-
20201019234609,192.168.1.2/24,4
20201019234610,192.168.1.1/24,27
20201019234611,192.168.1.1/24,13
20201019234612,10.20.30.2/16,5
20201019234614,10.77.1.1/24,9
20201019234616,10.77.1.2/24,46
20201019234617,192.168.1.1/24,-
20201019234618,10.77.1.1/24,-
20201019234619,10.77.1.2/24,5
20201019234620,10.20.30.2/16,3
20201019234621,192.168.1.1/24,8
20201019234622,10.77.1.2/24,4
20201019234623,10.77.1.2/24,2
20201019234624,10.77.1.2/24,6
20201019234625,192.168.1.2/24,-
20201019234626,10.20.30.1/16,7
20201019234628,10.77.1.2/24,4
20201019234629,192.168.1.1/24,3
20201019234631,10.77.1.2/24,2
20201019234632,10.20.30.2/16,37
20201019234633,192.168.1.2/24,3
20201019234634,192.168.1.2/24,-
20201019234636,192.168.1.1/24,9
20201019234637,10.77.1.2/24,10
20201019234638,192.168.1.1/24,-
20201019234639,192.168.1.1/24,-
20201019234640,192.168.1.2/24,4
20201019234641,192.168.1.2/24,9
20201019234643,192.168.1.1/24,-
20201019234644,192.168.1.1/24,-
20201019234645,10.20.30.1/16,-
20201019234646,192.168.1.1/24,8
20201019234648,10.77.1.1/24,8
20201019234650,10.77.1.1/24,9
20201019234651,192.168.1.1/24,6
20201019234652,10.77.1.2/24,4
20201019234653,10.77.1.2/24,2
20201019234654,10.77.1.2/24,34
20201019234656,192.168.1.1/24,10
20201019234658,10.77.1.2/24,3
20201019234659,10.20.30.2/16,9
20201019234701,192.168.1.1/24,-
20201019234702,192.168.1.1/24,-
20201019234703,10.77.1.2/24,-
20201019234704,192.168.1.1/24,-
20201019234705,192.168.1.2/24,-
20201019234706,192.168.1.1/24,78
20201019234707,10.20.30.2/16,-
20201019234708,10.20.30.1/16,9
20201019234709,10.20.30.1/16,-
20201019234710,192.168.1.2/24,8
20201019234712,10.20.30.2/16,7
20201019234713,10.20.30.1/16,5
20201019234714,10.77.1.2/24,-
20201019234715,10.20.30.2/16,2
20201019234716,10.77.1.2/24,50
20201019234717,10.77.1.1/24,8
20201019234719,192.168.1.2/24,-
20201019234720,10.77.1.2/24,3
20201019234721,192.168.1.1/24,6
20201019234722,10.20.30.2/16,4
20201019234723,10.77.1.1/24,11
20201019234724,10.20.30.1/16,5
20201019234725,10.20.30.1/16,-
20201019234726,10.77.1.1/24,23
20201019234727,192.168.1.1/24,11
20201019234728,10.77.1.1/24,9
20201019234729,192.168.1.2/24,-
20201019234731,10.77.1.2/24,4
20201019234732,10.20.30.1/16,4
20201019234733,192.168.1.1/24,5
20201019234734,10.20.30.1/16,6
20201019234735,10.20.30.1/16,44
20201019234737,10.20.30.1/16,8
20201019234739,10.20.30.2/16,-
20201019234740,10.20.30.2/16,2
20201019234741,10.77.1.1/24,-
20201019234742,10.77.1.2/24,33
20201019234744,192.168.1.1/24,-
20201019234746,10.20.30.2/16,-
20201019234747,10.77.1.1/24,74
20201019234749,10.20.30.1/16,11
20201019234750,192.168.1.2/24,94
20201019234752,10.77.1.2/24,1
20201019234753,10.20.30.2/16,17
20201019234755,10.77.1.1/24,2
20201019234756,10.20.30.2/16,-
20201019234758,192.168.1.1/24,6
20201019234759,192.168.1.1/24,5
20201019234801,192.168.1.1/24,2
20201019234803,10.77.1.1/24,6
20201019234805,10.77.1.2/24,7
20201019234806,10.77.1.2/24,90
20201019234807,10.20.30.1/16,-
20201019234808,10.77.1.1/24,36
20201019234809,10.77.1.2/24,47
20201019234810,10.20.30.1/16,-
20201019234811,10.77.1.2/24,34
20201019234812,192.168.1.1/24,-
20201019234813,10.20.30.1/16,-
20201019234814,192.168.1.2/24,10
20201019234816,10.77.1.2/24,1
20201019234817,10.20.30.1/16,-
20201019234818,10.77.1.1/24,15
20201019234819,10.20.30.1/16,-
20201019234820,192.168.1.2/24,-
20201019234822,10.20.30.1/16,56
20201019234824,192.168.1.2/24,64
20201019234825,192.168.1.2/24,8
20201019234827,10.20.30.1/16,7
20201019234828,10.20.30.2/16,-
20201019234829,192.168.1.1/24,-
20201019234830,10.20.30.1/16,74
20201019234831,192.168.1.2/24,5
20201019234832,10.77.1.2/24,9
20201019234834,10.20.30.1/16,5
20201019234836,192.168.1.2/24,-
20201019234837,192.168.1.1/24,-
20201019234838,10.20.30.1/16,6
20201019234840,10.20.30.1/16,9
20201019234842,10.20.30.2/16,2
20201019234843,10.20.30.1/16,-
20201019234844,10.20.30.2/16,-
20201019234845,10.77.1.2/24,2
20201019234846,10.20.30.1/16,33
20201019234847,192.168.1.2/24,3
20201019234849,10.77.1.2/24,3
20201019234850,10.77.1.1/24,10
20201019234851,10.20.30.2/16,74
20201019234852,10.77.1.1/24,3
20201019234853,10.77.1.1/24,7
20201019234855,10.77.1.2/24,39
20201019234856,192.168.1.2/24,34
20201019234858,10.77.1.2/24,4
20201019234859,10.20.30.2/16,3
20201019234900,10.20.30.2/16,8
20201019234901,10.77.1.2/24,9
20201019234902,10.77.1.2/24,-
20201019234903,10.20.30.1/16,8
20201019234904,10.20.30.1/16,48
20201019234906,192.168.1.1/24,4
20201019234907,10.77.1.1/24,99
20201019234908,10.77.1.1/24,3
20201019234909,10.20.30.1/16,27
20201019234910,10.77.1.1/24,-
20201019234911,192.168.1.2/24,16
20201019234912,192.168.1.2/24,-
20201019234914,10.77.1.1/24,8
20201019234915,192.168.1.2/24,56
20201019234916,10.77.1.2/24,-
20201019234918,10.77.1.2/24,4
20201019234919,10.20.30.1/16,8
20201019234920,192.168.1.1/24,4
20201019234921,192.168.1.2/24,2
20201019234922,10.20.30.1/16,-
20201019234923,10.20.30.2/16,5
20201019234924,192.168.1.1/24,4
20201019234925,10.77.1.2/24,9
20201019234926,10.20.30.2/16,9
20201019234927,192.168.1.1/24,-
20201019234928,192.168.1.1/24,4
20201019234929,192.168.1.1/24,8
20201019234930,192.168.1.2/24,5
20201019234931,10.20.30.1/16,9
20201019234932,192.168.1.2/24,5
20201019234933,10.77.1.2/24,10
20201019234934,192.168.1.2/24,1
20201019234935,192.168.1.1/24,-
20201019234936,10.77.1.2/24,4
20201019234937,10.20.30.1/16,2
20201019234938,10.77.1.2/24,-
20201019234940,10.20.30.2/16,4
20201019234942,192.168.1.2/24,42
20201019234944,10.77.1.2/24,-
20201019234945,10.77.1.2/24,6
20201019234946,192.168.1.1/24,-
20201019234947,192.168.1.2/24,1
20201019234948,192.168.1.1/24,3
20201019234950,10.77.1.1/24,6
20201019234951,192.168.1.2/24,1
20201019234952,10.77.1.1/24,9
20201019234953,10.20.30.2/16,55
20201019234954,10.20.30.2/16,8
20201019234955,10.77.1.1/24,69
20201019234956,10.77.1.1/24,3
20201019234957,192.168.1.2/24,-
20201019234958,10.77.1.2/24,3
20201019234959,10.77.1.2/24,4
20201019235000,10.77.1.2/24,45
20201019235001,10.20.30.1/16,66
20201019235002,10.77.1.1/24,2
20201019235004,10.20.30.1/16,22
20201019235006,10.77.1.1/24,4
20201019235007,10.20.30.2/16,5
20201019235008,10.20.30.1/16,27
20201019235009,10.77.1.2/24,85
20201019235010,10.77.1.2/24,6
20201019235011,10.20.30.1/16,14
20201019235012,10.20.30.1/16,9
20201019235013,10.77.1.2/24,4
20201019235014,10.20.30.1/16,6
20201019235015,10.20.30.1/16,-
20201019235016,10.20.30.2/16,1
20201019235017,10.20.30.2/16,-
20201019235018,10.77.1.2/24,9
20201019235020,192.168.1.1/24,-
20201019235021,10.77.1.1/24,1
20201019235023,192.168.1.2/24,8
20201019235024,192.168.1.2/24,-
20201019235025,10.20.30.1/16,7
20201019235026,10.20.30.2/16,-
20201019235027,10.77.1.2/24,3
20201019235028,192.168.1.1/24,64
20201019235029,192.168.1.1/24,-
20201019235030,192.168.1.1/24,-
20201019235031,10.77.1.2/24,2
20201019235032,192.168.1.1/24,43
20201019235033,10.20.30.2/16,4
20201019235034,192.168.1.1/24,4
20201019235035,10.77.1.2/24,2
20201019235036,10.20.30.1/16,1
20201019235037,192.168.1.1/24,-
20201019235038,10.20.30.2/16,6
20201019235039,10.20.30.2/16,-
20201019235040,10.77.1.2/24,-
20201019235041,10.77.1.1/24,2
20201019235042,10.20.30.2/16,30
20201019235043,10.77.1.1/24,1
20201019235044,10.77.1.1/24,34
20201019235045,10.20.30.1/16,1
20201019235046,10.20.30.1/16,-
20201019235047,10.20.30.2/16,2
20201019235048,10.20.30.1/16,14
20201019235049,10.20.30.2/16,9
20201019235050,10.77.1.2/24,6
20201019235052,192.168.1.1/24,9
20201019235053,10.77.1.2/24,9
20201019235054,192.168.1.2/24,8
20201019235055,10.77.1.2/24,9
20201019235056,10.77.1.1/24,6
20201019235058,192.168.1.1/24,3
20201019235059,10.77.1.2/24,3
20201019235100,192.168.1.2/24,1
20201019235101,192.168.1.2/24,-
20201019235102,10.20.30.2/16,94
20201019235104,10.20.30.1/16,1
20201019235105,10.77.1.1/24,-
20201019235106,10.77.1.2/24,-
20201019235107,10.77.1.1/24,-
20201019235108,10.77.1.1/24,3
20201019235109,10.20.30.1/16,32
20201019235110,192.168.1.2/24,9
20201019235111,10.20.30.2/16,7
20201019235112,10.77.1.1/24,7
20201019235113,10.20.30.1/16,-
20201019235114,10.20.30.1/16,9
20201019235116,10.20.30.1/16,9
20201019235117,10.77.1.1/24,17
20201019235118,10.77.1.1/24,9
20201019235119,10.20.30.1/16,6
20201019235120,192.168.1.2/24,4
20201019235121,10.20.30.2/16,5
20201019235123,10.77.1.2/24,81
20201019235124,10.77.1.1/24,49
20201019235126,10.20.30.1/16,17
20201019235127,192.168.1.2/24,7
20201019235129,10.77.1.2/24,8
20201019235130,10.77.1.1/24,5
20201019235131,192.168.1.1/24,24
20201019235132,192.168.1.1/24,5
20201019235133,10.77.1.2/24,29
20201019235134,10.20.30.2/16,37
20201019235135,192.168.1.1/24,-
20201019235136,10.20.30.2/16,4
20201019235137,10.77.1.2/24,15
20201019235138,10.20.30.1/16,-
20201019235140,10.77.1.1/24,8
20201019235142,192.168.1.2/24,2
20201019235143,10.20.30.1/16,3
20201019235144,192.168.1.1/24,2
20201019235145,10.20.30.2/16,54
20201019235146,10.77.1.2/24,91
20201019235148,10.20.30.1/16,5
20201019235149,10.77.1.2/24,5
20201019235150,192.168.1.2/24,18
20201019235151,10.77.1.1/24,8
20201019235152,192.168.1.1/24,4
20201019235153,10.20.30.1/16,4
20201019235154,10.20.30.2/16,-
20201019235156,10.20.30.1/16,13
20201019235157,10.77.1.2/24,5
20201019235158,10.77.1.1/24,-
20201019235159,192.168.1.2/24,-
20201019235201,192.168.1.1/24,3
20201019235202,192.168.1.2/24,73
20201019235203,10.20.30.1/16,27
20201019235205,10.77.1.1/24,-
20201019235206,10.20.30.1/16,26
20201019235207,192.168.1.1/24,8
20201019235208,10.20.30.2/16,8
20201019235209,10.77.1.1/24,78
20201019235210,10.20.30.1/16,9
20201019235211,192.168.1.2/24,-
20201019235212,192.168.1.2/24,44
20201019235213,10.77.1.1/24,74
20201019235214,10.77.1.2/24,9
20201019235215,192.168.1.1/24,9
20201019235217,10.77.1.2/24,-
20201019235218,192.168.1.2/24,19
20201019235219,192.168.1.1/24,2
20201019235220,10.20.30.1/16,3
20201019235222,10.20.30.1/16,12
20201019235223,10.20.30.2/16,9
20201019235224,10.77.1.2/24,9
20201019235225,10.20.30.2/16,4
20201019235226,10.77.1.1/24,9
20201019235227,192.168.1.2/24,7
20201019235228,10.20.30.2/16,6
20201019235229,192.168.1.1/24,9
20201019235231,10.20.30.1/16,-
20201019235232,10.20.30.2/16,-
20201019235233,10.20.30.2/16,1
20201019235235,192.168.1.1/24,9
20201019235236,10.20.30.1/16,1
20201019235237,192.168.1.1/24,-
20201019235238,10.20.30.2/16,9
20201019235239,10.20.30.1/16,1
20201019235240,10.20.30.2/16,4
20201019235241,10.20.30.1/16,8
20201019235242,10.20.30.2/16,9
20201019235243,10.20.30.1/16,6
20201019235244,192.168.1.2/24,3
20201019235245,192.168.1.2/24,-
20201019235247,192.168.1.2/24,9
20201019235249,192.168.1.2/24,55
20201019235251,10.20.30.1/16,23
20201019235252,10.77.1.2/24,5
20201019235253,10.20.30.2/16,-
20201019235254,10.20.30.2/16,11
20201019235255,10.77.1.1/24,1
20201019235256,10.77.1.2/24,9
20201019235258,10.20.30.2/16,73
20201019235259,10.20.30.1/16,-
20201019235300,10.77.1.2/24,-
20201019235301,10.77.1.1/24,-
20201019235302,10.77.1.2/24,95
20201019235303,10.77.1.2/24,9
20201019235304,10.77.1.2/24,0
20201019235305,192.168.1.1/24,74
20201019235307,10.20.30.1/16,63
20201019235308,10.20.30.1/16,2
20201019235309,10.20.30.2/16,61
20201019235310,192.168.1.2/24,-
20201019235311,192.168.1.1/24,1
20201019235312,10.20.30.1/16,10
20201019235313,10.20.30.2/16,3
20201019235315,192.168.1.2/24,2
20201019235316,10.20.30.1/16,-
20201019235317,10.20.30.2/16,73
20201019235318,10.20.30.1/16,12
20201019235319,10.77.1.1/24,2
20201019235321,192.168.1.1/24,-
20201019235322,192.168.1.1/24,-
20201019235323,192.168.1.2/24,8
20201019235325,192.168.1.1/24,6
20201019235326,192.168.1.1/24,6
20201019235328,10.77.1.1/24,-
20201019235329,192.168.1.2/24,-
20201019235330,10.20.30.2/16,7
20201019235331,10.77.1.1/24,76
20201019235332,10.77.1.2/24,9
20201019235333,10.20.30.1/16,7
20201019235334,192.168.1.2/24,-
20201019235335,192.168.1.2/24,9
20201019235336,192.168.1.2/24,-
20201019235338,192.168.1.1/24,61
20201019235339,192.168.1.2/24,3
20201019235340,10.77.1.1/24,3
20201019235342,10.20.30.1/16,16
20201019235343,192.168.1.2/24,8
20201019235345,192.168.1.2/24,9
20201019235347,10.77.1.1/24,7
20201019235349,10.77.1.2/24,58
20201019235350,10.20.30.1/16,9
20201019235351,10.77.1.1/24,5
20201019235352,192.168.1.2/24,9
20201019235353,10.77.1.2/24,83
20201019235354,192.168.1.1/24,-
20201019235355,10.20.30.1/16,1
20201019235357,10.20.30.2/16,9
20201019235358,10.20.30.1/16,3
20201019235359,192.168.1.1/24,8
20201019235400,10.77.1.2/24,38
20201019235401,192.168.1.2/24,7
20201019235403,10.20.30.1/16,5
20201019235405,10.20.30.2/16,4
20201019235406,10.77.1.2/24,5
20201019235407,192.168.1.1/24,1
20201019235408,192.168.1.1/24,8
20201019235409,10.77.1.2/24,5
20201019235410,10.20.30.2/16,-
20201019235411,192.168.1.1/24,60
20201019235412,192.168.1.2/24,5
20201019235413,192.168.1.2/24,4
20201019235414,10.77.1.2/24,30
20201019235415,10.20.30.2/16,-
20201019235416,10.77.1.1/24,-
20201019235417,192.168.1.2/24,32
20201019235419,192.168.1.2/24,9
20201019235420,10.77.1.1/24,47
20201019235421,192.168.1.2/24,4
20201019235422,10.20.30.2/16,4
20201019235423,192.168.1.1/24,-
20201019235424,192.168.1.2/24,-
20201019235426,192.168.1.1/24,52
20201019235427,192.168.1.1/24,5
20201019235428,192.168.1.2/24,5
20201019235429,10.20.30.2/16,8
20201019235430,10.77.1.2/24,44
20201019235432,192.168.1.1/24,55
20201019235433,192.168.1.2/24,3
20201019235435,10.77.1.2/24,5
20201019235437,192.168.1.2/24,8
20201019235438,192.168.1.2/24,-
20201019235440,10.20.30.1/16,-
20201019235441,192.168.1.1/24,-
20201019235442,10.77.1.1/24,7
20201019235443,10.77.1.1/24,1
20201019235445,192.168.1.1/24,-
20201019235447,192.168.1.2/24,2
20201019235448,10.77.1.1/24,1
20201019235449,192.168.1.1/24,-
20201019235450,10.77.1.1/24,-
20201019235452,10.20.30.1/16,9
20201019235453,10.20.30.2/16,8
20201019235454,192.168.1.1/24,1
20201019235455,10.20.30.1/16,57
20201019235456,10.20.30.1/16,9
20201019235457,10.77.1.2/24,-
20201019235458,10.20.30.2/16,3
20201019235459,10.20.30.1/16,-
20201019235500,192.168.1.2/24,-
20201019235501,192.168.1.2/24,1
20201019235502,10.20.30.2/16,-
20201019235503,10.77.1.1/24,9
20201019235504,192.168.1.1/24,8
20201019235505,10.20.30.2/16,10
20201019235506,10.20.30.1/16,3
20201019235507,10.77.1.2/24,-
20201019235508,10.77.1.1/24,7
20201019235509,10.20.30.2/16,8
20201019235510,10.77.1.1/24,4
20201019235511,10.77.1.2/24,4
20201019235512,192.168.1.2/24,-
20201019235513,10.77.1.2/24,0
20201019235514,10.77.1.2/24,-
20201019235515,192.168.1.2/24,-
20201019235516,10.77.1.1/24,2
20201019235517,10.77.1.1/24,62
20201019235518,10.20.30.2/16,97
20201019235519,192.168.1.2/24,5
20201019235520,10.77.1.1/24,39
20201019235521,10.77.1.2/24,2
20201019235522,192.168.1.1/24,4
20201019235524,10.20.30.2/16,1
20201019235525,10.20.30.1/16,-
20201019235526,192.168.1.1/24,-
20201019235527,10.20.30.1/16,9
20201019235528,10.77.1.1/24,-
20201019235529,10.77.1.1/24,5
20201019235531,192.168.1.1/24,4
20201019235532,192.168.1.1/24,5
20201019235533,10.20.30.1/16,-
20201019235535,10.20.30.1/16,10
20201019235537,192.168.1.2/24,-
20201019235538,10.77.1.2/24,6
20201019235539,10.20.30.1/16,-
20201019235541,10.77.1.2/24,-
20201019235542,10.20.30.1/16,1
20201019235544,10.77.1.2/24,-
20201019235545,10.77.1.1/24,53
20201019235546,192.168.1.1/24,27
20201019235548,10.20.30.2/16,-
20201019235549,10.77.1.2/24,65
20201019235550,192.168.1.2/24,5
20201019235551,10.20.30.1/16,4
20201019235552,192.168.1.2/24,3
20201019235553,10.77.1.2/24,8
20201019235555,10.77.1.2/24,8
20201019235556,10.20.30.1/16,9
20201019235558,192.168.1.1/24,9
20201019235559,10.20.30.2/16,6
20201019235601,192.168.1.2/24,32
20201019235603,10.77.1.2/24,53
20201019235604,10.77.1.2/24,32
20201019235605,10.77.1.2/24,-
20201019235606,10.77.1.1/24,7
20201019235607,10.77.1.2/24,77
20201019235608,10.77.1.1/24,5
20201019235609,10.20.30.1/16,-
20201019235610,10.77.1.2/24,-
20201019235611,192.168.1.1/24,1
20201019235612,192.168.1.1/24,8
20201019235613,10.77.1.2/24,-
20201019235614,10.77.1.2/24,4
20201019235616,10.77.1.2/24,9
20201019235617,10.77.1.1/24,25
20201019235618,10.20.30.2/16,3
20201019235619,192.168.1.1/24,1
20201019235620,10.20.30.1/16,3
20201019235621,192.168.1.2/24,49
20201019235622,10.20.30.2/16,10
20201019235623,10.20.30.2/16,2
20201019235624,10.77.1.1/24,1
20201019235625,10.77.1.2/24,9
20201019235627,192.168.1.2/24,98
20201019235628,10.77.1.2/24,84
20201019235629,10.20.30.2/16,6
20201019235631,10.20.30.1/16,-
20201019235632,192.168.1.2/24,6
20201019235633,10.20.30.2/16,-
20201019235634,10.20.30.2/16,9
20201019235635,10.20.30.1/16,5
20201019235637,192.168.1.1/24,21
20201019235639,10.20.30.1/16,-
20201019235640,10.20.30.1/16,-
20201019235641,192.168.1.2/24,10
20201019235642,192.168.1.1/24,-
20201019235643,10.20.30.2/16,8
20201019235644,10.77.1.1/24,8
20201019235645,192.168.1.1/24,9
20201019235646,10.77.1.2/24,-
20201019235648,10.20.30.2/16,46
20201019235649,10.20.30.2/16,-
20201019235651,10.77.1.1/24,-
20201019235653,192.168.1.2/24,7
20201019235654,10.77.1.2/24,4
20201019235655,10.20.30.2/16,4
20201019235657,10.20.30.2/16,1
20201019235658,10.77.1.1/24,2
20201019235659,10.77.1.1/24,8
20201019235700,192.168.1.1/24,4
20201019235701,10.20.30.1/16,3
20201019235702,10.77.1.2/24,2
20201019235703,10.20.30.1/16,8
20201019235704,10.77.1.1/24,4
20201019235706,10.77.1.1/24,9
20201019235707,192.168.1.1/24,35
20201019235709,10.20.30.1/16,-
20201019235710,192.168.1.1/24,27
20201019235711,10.77.1.1/24,-
20201019235713,192.168.1.2/24,60
20201019235715,10.20.30.1/16,3
20201019235717,10.77.1.2/24,5
20201019235718,10.77.1.2/24,53
20201019235719,192.168.1.1/24,34
20201019235720,10.20.30.1/16,4
20201019235721,192.168.1.2/24,-
20201019235722,10.77.1.1/24,85
20201019235724,10.77.1.2/24,6
20201019235726,10.77.1.2/24,1
20201019235727,10.77.1.2/24,-
20201019235729,192.168.1.1/24,2
20201019235731,10.20.30.2/16,-
20201019235733,10.77.1.2/24,8
20201019235734,10.77.1.2/24,26
20201019235735,192.168.1.2/24,-
20201019235736,10.77.1.2/24,-
20201019235737,192.168.1.2/24,1
20201019235739,10.20.30.1/16,9
20201019235740,10.20.30.1/16,27
20201019235742,192.168.1.1/24,7
20201019235743,192.168.1.2/24,-
20201019235745,10.20.30.2/16,6
20201019235746,10.20.30.2/16,-
20201019235747,10.77.1.2/24,39
20201019235749,10.77.1.1/24,-
20201019235751,10.77.1.2/24,6
20201019235752,10.77.1.1/24,5
20201019235753,10.20.30.1/16,9
20201019235754,10.20.30.1/16,4
20201019235755,10.20.30.2/16,-
20201019235756,192.168.1.1/24,-
20201019235757,192.168.1.2/24,-
20201019235758,192.168.1.2/24,37
20201019235800,10.20.30.2/16,-
20201019235801,192.168.1.1/24,3
20201019235803,10.20.30.1/16,6
20201019235804,192.168.1.2/24,9
20201019235806,192.168.1.1/24,4
20201019235807,192.168.1.1/24,86
20201019235809,10.20.30.1/16,28
20201019235810,10.77.1.2/24,18
20201019235812,10.77.1.1/24,5
20201019235813,10.77.1.2/24,7
20201019235815,10.20.30.1/16,2
20201019235816,192.168.1.2/24,3
20201019235817,192.168.1.2/24,-
20201019235819,10.20.30.2/16,5
20201019235820,10.20.30.1/16,-
20201019235821,192.168.1.2/24,1
20201019235822,10.77.1.1/24,-
20201019235823,10.20.30.2/16,24
20201019235825,10.77.1.1/24,-
20201019235826,192.168.1.2/24,2
20201019235827,192.168.1.1/24,10
20201019235828,10.77.1.2/24,1
20201019235829,10.20.30.1/16,3
20201019235830,192.168.1.2/24,8
20201019235831,10.20.30.2/16,92
20201019235832,192.168.1.1/24,6
20201019235833,10.20.30.1/16,30
20201019235834,192.168.1.1/24,1
20201019235835,10.20.30.2/16,9
20201019235836,192.168.1.1/24,6
20201019235837,10.77.1.2/24,5
20201019235838,10.77.1.1/24,17
20201019235839,192.168.1.2/24,-
20201019235840,10.77.1.2/24,2
20201019235841,10.77.1.2/24,-
20201019235843,10.77.1.1/24,-
20201019235844,10.77.1.1/24,-
20201019235846,192.168.1.2/24,-
20201019235847,192.168.1.1/24,1
20201019235848,192.168.1.1/24,76
20201019235849,10.20.30.1/16,45
20201019235850,10.20.30.1/16,9
20201019235851,10.77.1.2/24,3
20201019235853,192.168.1.1/24,-
20201019235855,192.168.1.2/24,4
20201019235857,192.168.1.1/24,10
20201019235858,10.77.1.2/24,1
20201019235900,10.77.1.1/24,5
20201019235901,10.20.30.2/16,8
20201019235902,10.77.1.1/24,4
20201019235903,10.20.30.1/16,4
20201019235904,10.77.1.1/24,-
20201019235905,10.20.30.1/16,9
20201019235907,10.77.1.1/24,3
20201019235908,192.168.1.1/24,1
20201019235909,192.168.1.2/24,45
20201019235910,10.20.30.2/16,7
20201019235912,10.20.30.2/16,-
20201019235913,10.20.30.2/16,4
20201019235914,10.20.30.1/16,6
20201019235915,10.20.30.1/16,23
20201019235916,192.168.1.2/24,8
20201019235917,10.20.30.1/16,5
20201019235918,10.20.30.1/16,5
20201019235919,10.20.30.1/16,7
20201019235921,192.168.1.1/24,4
20201019235922,10.20.30.1/16,3
20201019235923,10.20.30.2/16,5
20201019235924,10.77.1.1/24,19
20201019235926,192.168.1.2/24,7
20201019235927,10.20.30.1/16,7
20201019235929,192.168.1.1/24,0
20201019235930,10.77.1.1/24,1
20201019235931,192.168.1.1/24,7
20201019235932,192.168.1.1/24,-
20201019235933,10.77.1.1/24,6
20201019235934,10.77.1.2/24,3
20201019235935,192.168.1.1/24,81
20201019235937,10.20.30.2/16,32
20201019235938,10.77.1.2/24,10
20201019235939,10.20.30.1/16,10
20201019235940,192.168.1.1/24,2
20201019235941,10.20.30.1/16,-
20201019235942,192.168.1.1/24,2
20201019235944,10.20.30.2/16,2
20201019235946,10.77.1.1/24,4
20201019235947,10.20.30.1/16,1
20201019235948,192.168.1.2/24,6
20201019235949,10.20.30.2/16,34
20201019235950,10.77.1.2/24,94
20201019235951,10.20.30.2/16,-
20201019235952,10.77.1.2/24,7
20201019235953,10.77.1.2/24,21
20201019235954,10.77.1.2/24,-
20201019235955,10.20.30.1/16,66
20201019235956,192.168.1.1/24,1
20201019235958,192.168.1.2/24,16
20201019235959,10.20.30.1/16,38
20201020000001,10.20.30.2/16,58
20201020000002,10.77.1.1/24,1
20201020000003,10.20.30.1/16,-
20201020000004,10.20.30.1/16,-
20201020000005,10.20.30.1/16,-
20201020000007,192.168.1.1/24,1
20201020000009,192.168.1.1/24,7
20201020000010,10.77.1.2/24,-
20201020000011,192.168.1.2/24,4
20201020000012,10.20.30.1/16,-
20201020000014,192.168.1.2/24,2
20201020000016,10.20.30.1/16,-
20201020000017,10.20.30.2/16,-
20201020000018,10.20.30.2/16,4
20201020000019,10.77.1.2/24,9
20201020000020,10.77.1.1/24,3
20201020000022,10.77.1.2/24,6
20201020000023,10.20.30.1/16,4
20201020000024,10.77.1.2/24,22
20201020000025,10.77.1.2/24,6
20201020000026,192.168.1.2/24,58
20201020000027,10.20.30.2/16,4
20201020000028,10.77.1.2/24,8
20201020000029,10.77.1.2/24,9
20201020000030,10.77.1.2/24,19
20201020000032,192.168.1.2/24,-
20201020000034,192.168.1.1/24,-
20201020000035,10.77.1.2/24,5
20201020000036,10.20.30.1/16,-
20201020000037,10.77.1.1/24,4
20201020000038,192.168.1.2/24,-
20201020000039,192.168.1.2/24,30
20201020000040,10.20.30.2/16,-
20201020000041,192.168.1.2/24,6
20201020000042,10.77.1.1/24,26
20201020000044,10.20.30.2/16,-
20201020000045,10.20.30.2/16,46
20201020000046,10.77.1.2/24,6
20201020000047,10.20.30.2/16,2
20201020000048,10.20.30.1/16,1
20201020000049,192.168.1.1/24,-
20201020000050,10.77.1.1/24,6
20201020000051,10.20.30.2/16,8
20201020000052,10.20.30.1/16,46
20201020000054,192.168.1.1/24,-
20201020000055,10.77.1.1/24,-
20201020000056,192.168.1.2/24,14
20201020000057,10.20.30.1/16,3
20201020000058,192.168.1.2/24,8
20201020000059,10.77.1.2/24,8
20201020000101,10.20.30.1/16,16
20201020000103,10.77.1.1/24,-
20201020000105,192.168.1.1/24,33
20201020000106,10.20.30.2/16,7
20201020000108,192.168.1.2/24,2
20201020000109,10.77.1.2/24,10
20201020000110,10.20.30.2/16,-
20201020000112,10.20.30.1/16,2
20201020000113,10.77.1.2/24,8
20201020000114,192.168.1.1/24,1
20201020000115,10.20.30.2/16,-
20201020000116,10.20.30.2/16,9
20201020000117,10.20.30.1/16,6
20201020000118,192.168.1.2/24,-
20201020000119,10.20.30.1/16,-
20201020000120,192.168.1.2/24,-
20201020000121,192.168.1.2/24,38
20201020000122,10.77.1.2/24,3
20201020000123,10.20.30.2/16,-
20201020000124,10.20.30.2/16,-
20201020000125,10.20.30.2/16,41
20201020000127,10.77.1.2/24,46
20201020000128,10.20.30.1/16,7
20201020000129,192.168.1.2/24,8
20201020000131,192.168.1.1/24,4
20201020000132,192.168.1.2/24,-
20201020000133,10.20.30.1/16,-
20201020000134,192.168.1.1/24,4
20201020000135,10.77.1.1/24,8
20201020000136,10.20.30.1/16,3
20201020000137,10.77.1.2/24,4
20201020000138,10.20.30.2/16,6
20201020000139,10.20.30.1/16,-
20201020000140,192.168.1.2/24,70
20201020000141,10.77.1.2/24,20
20201020000142,192.168.1.1/24,-
20201020000143,192.168.1.2/24,1
20201020000144,192.168.1.1/24,-
20201020000145,10.20.30.1/16,35
20201020000146,10.20.30.1/16,7
20201020000148,10.77.1.1/24,5
20201020000149,10.20.30.2/16,-
20201020000150,10.20.30.2/16,7
20201020000152,192.168.1.2/24,36
20201020000153,10.77.1.1/24,7
20201020000154,10.20.30.2/16,-
20201020000155,10.77.1.2/24,7
20201020000156,10.20.30.2/16,13
20201020000157,10.77.1.1/24,72
20201020000159,10.20.30.2/16,7
20201020000200,192.168.1.1/24,1
20201020000201,10.20.30.2/16,-
20201020000202,10.20.30.1/16,7
20201020000204,10.77.1.2/24,7
20201020000205,192.168.1.2/24,32
20201020000206,192.168.1.2/24,5
20201020000207,192.168.1.1/24,-
20201020000208,10.77.1.1/24,3
20201020000209,10.20.30.1/16,74
20201020000211,10.77.1.2/24,47
20201020000213,10.20.30.1/16,62
20201020000214,192.168.1.1/24,-
20201020000215,192.168.1.1/24,-
20201020000216,10.77.1.2/24,2
20201020000217,10.77.1.2/24,2
20201020000218,10.77.1.2/24,2
20201020000219,10.20.30.1/16,8
20201020000221,10.77.1.1/24,4
20201020000222,10.20.30.1/16,6
20201020000223,10.20.30.1/16,5
20201020000224,10.77.1.1/24,7
20201020000225,10.77.1.1/24,2
20201020000227,10.20.30.2/16,2
20201020000228,10.20.30.1/16,8
20201020000229,10.77.1.1/24,3
20201020000231,192.168.1.2/24,3
20201020000232,192.168.1.1/24,85
20201020000233,10.20.30.1/16,2
20201020000234,192.168.1.2/24,5
20201020000235,10.77.1.1/24,-
20201020000237,192.168.1.2/24,88
20201020000238,192.168.1.1/24,4
20201020000240,10.77.1.1/24,7
20201020000241,192.168.1.1/24,4
20201020000242,10.20.30.2/16,1
20201020000244,10.20.30.2/16,5
20201020000245,10.77.1.2/24,73
20201020000246,10.20.30.1/16,3
20201020000247,192.168.1.2/24,66
20201020000248,10.20.30.2/16,2
20201020000249,10.77.1.2/24,-
20201020000250,192.168.1.2/24,41
20201020000252,192.168.1.2/24,-
20201020000254,10.77.1.1/24,5
20201020000255,10.20.30.1/16,84
20201020000256,10.20.30.2/16,3
20201020000257,10.20.30.2/16,3
20201020000258,192.168.1.2/24,9
20201020000259,192.168.1.2/24,13
20201020000301,10.20.30.1/16,1
20201020000302,192.168.1.1/24,2
20201020000303,192.168.1.2/24,6
20201020000304,10.77.1.1/24,-
20201020000305,192.168.1.1/24,2
20201020000307,10.77.1.1/24,4
20201020000308,10.77.1.1/24,9
20201020000309,10.77.1.2/24,13
20201020000310,10.77.1.2/24,2
20201020000312,10.77.1.1/24,1
20201020000313,192.168.1.1/24,-
20201020000315,10.77.1.2/24,66
20201020000316,10.77.1.1/24,4
20201020000317,10.20.30.2/16,3
20201020000319,10.77.1.2/24,44
20201020000320,10.20.30.2/16,-
20201020000321,10.20.30.2/16,50
20201020000322,10.20.30.2/16,7
20201020000323,10.20.30.1/16,-
20201020000324,10.77.1.2/24,-
20201020000325,192.168.1.2/24,96
20201020000326,192.168.1.1/24,30
20201020000327,10.20.30.2/16,9
20201020000328,10.20.30.1/16,88
20201020000329,10.20.30.2/16,-
20201020000330,10.20.30.1/16,-
20201020000331,10.20.30.1/16,82
20201020000333,10.20.30.1/16,3
20201020000334,10.20.30.2/16,-
20201020000335,192.168.1.2/24,8
20201020000336,192.168.1.1/24,9
20201020000337,10.77.1.2/24,-
20201020000338,192.168.1.2/24,44
20201020000339,192.168.1.1/24,7
20201020000340,10.20.30.2/16,6
20201020000341,192.168.1.2/24,43
20201020000342,192.168.1.1/24,3
20201020000343,192.168.1.1/24,1
20201020000344,10.20.30.2/16,2
20201020000345,192.168.1.2/24,-
20201020000346,10.77.1.1/24,2
20201020000347,192.168.1.1/24,2
20201020000349,10.77.1.2/24,-
20201020000351,10.20.30.2/16,6
20201020000352,10.77.1.2/24,16
20201020000354,10.20.30.1/16,9
20201020000355,192.168.1.1/24,-
20201020000356,10.20.30.1/16,41
20201020000357,10.77.1.1/24,9
20201020000358,10.20.30.2/16,73
20201020000359,10.20.30.1/16,-
20201020000401,10.20.30.2/16,68
20201020000402,192.168.1.1/24,4
20201020000403,192.168.1.1/24,-
20201020000404,10.20.30.1/16,54
20201020000405,10.77.1.1/24,-
20201020000406,192.168.1.1/24,44
20201020000407,10.20.30.2/16,94
20201020000408,192.168.1.1/24,5
20201020000409,192.168.1.1/24,10
20201020000410,10.20.30.2/16,96
20201020000411,192.168.1.2/24,9
20201020000412,10.77.1.1/24,-
20201020000414,10.20.30.1/16,4
20201020000416,10.20.30.2/16,50
20201020000417,192.168.1.2/24,9
20201020000418,10.20.30.2/16,53
20201020000419,10.77.1.1/24,5
20201020000421,10.77.1.2/24,7
20201020000422,10.20.30.2/16,2
20201020000423,192.168.1.2/24,-
20201020000425,10.77.1.2/24,4
20201020000426,10.20.30.2/16,8
20201020000427,10.77.1.2/24,55
20201020000428,10.77.1.2/24,38
20201020000430,10.20.30.1/16,61
20201020000431,192.168.1.1/24,34
20201020000432,192.168.1.2/24,10
20201020000433,192.168.1.1/24,37
20201020000434,10.77.1.2/24,-
20201020000435,10.77.1.1/24,9
20201020000436,10.77.1.2/24,9
20201020000437,10.20.30.1/16,2
20201020000438,10.20.30.2/16,6
20201020000439,192.168.1.1/24,-
20201020000441,10.77.1.2/24,3
20201020000442,10.77.1.1/24,13
20201020000443,192.168.1.1/24,9
20201020000444,192.168.1.1/24,5
20201020000445,10.77.1.1/24,6
20201020000446,192.168.1.1/24,42
20201020000447,192.168.1.1/24,2
20201020000448,10.20.30.1/16,4
20201020000449,10.20.30.1/16,75
20201020000450,10.77.1.2/24,57
20201020000451,10.77.1.2/24,5
20201020000452,10.77.1.2/24,30
20201020000453,10.20.30.2/16,8
20201020000455,10.20.30.1/16,-
20201020000457,192.168.1.1/24,12
20201020000458,10.77.1.2/24,9
20201020000459,10.77.1.1/24,-
20201020000500,10.20.30.2/16,28
20201020000501,10.20.30.2/16,6
20201020000502,10.20.30.2/16,-
20201020000503,192.168.1.1/24,-
20201020000504,10.77.1.1/24,-
20201020000505,10.20.30.1/16,0
20201020000506,10.77.1.1/24,9
20201020000507,192.168.1.1/24,2
20201020000509,192.168.1.2/24,30
20201020000510,192.168.1.1/24,-
20201020000511,10.77.1.2/24,13
20201020000513,192.168.1.1/24,5
20201020000514,10.77.1.2/24,25
20201020000515,10.20.30.2/16,7
20201020000517,10.77.1.1/24,-
20201020000519,10.77.1.2/24,-
20201020000520,10.77.1.1/24,84
20201020000522,192.168.1.2/24,9
20201020000524,10.20.30.2/16,24
20201020000526,192.168.1.1/24,9
20201020000528,192.168.1.2/24,2
20201020000530,10.20.30.1/16,8
20201020000531,192.168.1.1/24,2
20201020000533,192.168.1.2/24,10
20201020000534,192.168.1.2/24,16
20201020000535,192.168.1.2/24,-
20201020000536,10.77.1.1/24,3
20201020000538,192.168.1.2/24,7
20201020000540,10.77.1.1/24,26
20201020000541,192.168.1.2/24,92
20201020000542,192.168.1.2/24,3
20201020000543,10.20.30.1/16,5
20201020000544,192.168.1.2/24,37
20201020000545,10.20.30.2/16,-
20201020000546,10.77.1.2/24,5
20201020000547,192.168.1.2/24,9
20201020000548,192.168.1.1/24,89
20201020000549,10.77.1.1/24,-
20201020000551,10.20.30.1/16,89
20201020000552,192.168.1.1/24,4
20201020000553,192.168.1.2/24,7
20201020000555,192.168.1.1/24,7
20201020000556,192.168.1.2/24,7
20201020000557,10.77.1.2/24,2
20201020000558,192.168.1.2/24,8
20201020000559,10.20.30.2/16,6
20201020000600,10.77.1.1/24,2
20201020000601,192.168.1.1/24,1
20201020000603,192.168.1.2/24,-
20201020000604,10.20.30.2/16,4
20201020000605,10.20.30.1/16,-
20201020000606,192.168.1.2/24,9
20201020000607,192.168.1.2/24,8
20201020000608,10.20.30.1/16,-
20201020000610,10.77.1.1/24,4
20201020000612,10.20.30.1/16,5
20201020000613,192.168.1.2/24,5
20201020000615,192.168.1.2/24,62
20201020000617,10.20.30.2/16,28
20201020000619,192.168.1.2/24,-
20201020000620,10.20.30.1/16,4
20201020000621,10.77.1.2/24,6
20201020000623,192.168.1.1/24,8
20201020000625,10.20.30.2/16,7
20201020000626,192.168.1.1/24,-
20201020000628,192.168.1.2/24,12
20201020000630,10.20.30.1/16,-
20201020000631,10.20.30.2/16,3
20201020000632,192.168.1.2/24,8
20201020000634,10.20.30.2/16,6
20201020000635,192.168.1.1/24,-
20201020000636,10.77.1.2/24,2
20201020000637,10.20.30.1/16,5
20201020000638,10.77.1.2/24,7
20201020000639,10.77.1.2/24,-
20201020000640,10.20.30.2/16,2
20201020000641,10.20.30.2/16,6
20201020000642,10.20.30.2/16,77
20201020000644,10.20.30.2/16,-
20201020000645,192.168.1.1/24,-
20201020000647,192.168.1.2/24,7
20201020000648,192.168.1.1/24,3
20201020000649,10.20.30.1/16,7
20201020000650,10.77.1.2/24,5
20201020000652,10.20.30.2/16,7
20201020000653,10.20.30.1/16,9
20201020000654,10.20.30.2/16,13
20201020000656,10.20.30.1/16,-
20201020000657,192.168.1.1/24,8
20201020000658,10.20.30.2/16,-
20201020000700,192.168.1.2/24,-
20201020000701,10.77.1.2/24,-
20201020000702,192.168.1.2/24,2
20201020000704,10.20.30.1/16,31
20201020000706,10.20.30.1/16,21
20201020000707,192.168.1.2/24,4
20201020000708,192.168.1.2/24,-
20201020000710,192.168.1.2/24,9
20201020000712,10.20.30.2/16,8
20201020000713,192.168.1.2/24,8
20201020000714,10.20.30.2/16,8
20201020000716,192.168.1.2/24,8
20201020000717,10.20.30.2/16,3
20201020000718,10.20.30.1/16,91
20201020000719,10.77.1.2/24,4
20201020000720,10.77.1.2/24,42
20201020000722,192.168.1.2/24,-
20201020000723,10.77.1.1/24,4
20201020000725,10.20.30.2/16,4
20201020000726,10.20.30.1/16,4
20201020000727,10.77.1.1/24,-
20201020000728,192.168.1.1/24,53
20201020000729,10.20.30.2/16,3
20201020000730,192.168.1.1/24,98
20201020000731,10.77.1.2/24,7
20201020000733,10.20.30.2/16,-
20201020000734,10.20.30.1/16,3
20201020000735,10.20.30.2/16,5
20201020000736,10.77.1.2/24,-
20201020000737,10.20.30.1/16,-
20201020000738,192.168.1.2/24,4
20201020000739,10.20.30.1/16,-
20201020000740,192.168.1.1/24,4
20201020000741,10.20.30.1/16,45
20201020000742,10.77.1.1/24,6
20201020000743,10.20.30.1/16,7
20201020000744,10.20.30.1/16,-
20201020000745,10.20.30.1/16,-
20201020000746,10.20.30.1/16,3
20201020000747,10.20.30.2/16,2
20201020000748,10.20.30.2/16,83
20201020000749,192.168.1.2/24,-
20201020000750,192.168.1.1/24,-
20201020000751,10.77.1.2/24,9
20201020000752,10.77.1.1/24,9
20201020000753,10.20.30.2/16,1
20201020000754,192.168.1.2/24,4
20201020000755,10.20.30.2/16,79
20201020000756,192.168.1.1/24,4
20201020000758,192.168.1.2/24,66
20201020000759,10.20.30.2/16,3
20201020000800,10.77.1.1/24,8
20201020000801,10.77.1.2/24,-
20201020000802,10.20.30.1/16,8
20201020000804,10.77.1.1/24,-
20201020000805,10.20.30.2/16,-
20201020000807,10.77.1.1/24,6
20201020000808,10.77.1.2/24,4
20201020000810,10.77.1.2/24,-
20201020000812,10.20.30.2/16,-
20201020000813,192.168.1.2/24,30
20201020000814,10.77.1.1/24,98
20201020000815,10.20.30.1/16,4
20201020000816,10.77.1.2/24,5
20201020000817,10.77.1.2/24,2
20201020000818,192.168.1.1/24,-
20201020000819,192.168.1.1/24,1
20201020000820,10.77.1.2/24,9
20201020000822,192.168.1.1/24,85
20201020000823,10.20.30.2/16,-
20201020000825,10.77.1.1/24,3
20201020000826,10.77.1.1/24,-
20201020000827,10.77.1.1/24,8
20201020000828,192.168.1.1/24,2
20201020000829,10.77.1.2/24,6
20201020000830,192.168.1.1/24,5
20201020000831,10.77.1.1/24,29
20201020000832,192.168.1.1/24,3
20201020000833,10.20.30.1/16,-
20201020000834,10.20.30.1/16,7
20201020000835,10.20.30.1/16,-
20201020000836,192.168.1.1/24,5
20201020000837,192.168.1.2/24,-
20201020000838,10.77.1.2/24,67
20201020000839,10.20.30.1/16,91
20201020000840,192.168.1.1/24,5
20201020000841,192.168.1.1/24,4
20201020000842,192.168.1.2/24,4
20201020000844,10.20.30.2/16,-
20201020000846,10.20.30.1/16,9
20201020000847,10.20.30.2/16,6
20201020000848,192.168.1.2/24,82
20201020000849,10.77.1.2/24,45
20201020000850,10.20.30.1/16,2
20201020000851,10.20.30.2/16,-
20201020000853,10.20.30.1/16,-
20201020000854,192.168.1.2/24,-
20201020000855,10.20.30.1/16,77
20201020000856,10.77.1.1/24,8
20201020000857,10.77.1.2/24,9
20201020000858,10.20.30.2/16,8
20201020000900,10.20.30.1/16,1
20201020000901,10.77.1.2/24,8
20201020000902,10.20.30.2/16,-
20201020000904,192.168.1.2/24,1
20201020000905,192.168.1.2/24,2
20201020000906,10.20.30.1/16,20
20201020000907,192.168.1.1/24,70
20201020000908,10.77.1.2/24,29
20201020000910,10.20.30.2/16,-
20201020000911,10.20.30.1/16,5
20201020000912,192.168.1.1/24,-
20201020000913,192.168.1.1/24,9
20201020000914,10.20.30.1/16,3
20201020000915,10.77.1.1/24,2
20201020000916,10.20.30.1/16,37
20201020000917,10.20.30.1/16,10
20201020000918,10.77.1.1/24,-
20201020000920,192.168.1.2/24,13
20201020000922,10.20.30.1/16,-
20201020000923,192.168.1.1/24,34
20201020000924,10.77.1.2/24,3
20201020000925,10.77.1.2/24,-
20201020000926,10.20.30.1/16,33
20201020000928,10.77.1.2/24,9
20201020000929,10.20.30.2/16,-
20201020000931,192.168.1.2/24,6
20201020000932,10.20.30.1/16,51
20201020000933,10.20.30.1/16,2
20201020000934,192.168.1.1/24,9
20201020000936,10.20.30.1/16,6
20201020000937,10.20.30.2/16,-
20201020000939,10.77.1.1/24,37
20201020000940,10.20.30.2/16,7
20201020000941,10.77.1.2/24,8
20201020000942,10.77.1.1/24,40
20201020000943,192.168.1.2/24,5
20201020000945,10.77.1.2/24,-
20201020000947,192.168.1.1/24,8
20201020000949,10.77.1.1/24,3
20201020000950,10.77.1.2/24,-
20201020000951,10.77.1.1/24,-
20201020000952,10.77.1.1/24,23
20201020000953,10.77.1.1/24,-
20201020000954,192.168.1.2/24,91
20201020000955,192.168.1.1/24,-
20201020000956,10.20.30.1/16,29
20201020000957,192.168.1.1/24,3
20201020000959,10.20.30.2/16,2
20201020001001,192.168.1.2/24,3
20201020001002,10.20.30.1/16,39
20201020001003,10.20.30.1/16,47
20201020001004,192.168.1.2/24,16
20201020001006,192.168.1.2/24,67
20201020001007,10.20.30.2/16,73
20201020001009,10.77.1.2/24,9
20201020001011,10.20.30.2/16,-
20201020001012,10.20.30.1/16,5
20201020001013,10.20.30.2/16,65
20201020001015,10.77.1.1/24,9
20201020001017,192.168.1.2/24,2
20201020001019,10.77.1.1/24,90
20201020001020,192.168.1.2/24,-
20201020001021,10.20.30.1/16,5
20201020001022,10.20.30.2/16,6
20201020001024,10.20.30.2/16,24
20201020001026,10.77.1.1/24,4
20201020001028,10.77.1.1/24,8
20201020001029,192.168.1.1/24,-
20201020001030,10.20.30.1/16,-
20201020001031,192.168.1.1/24,-
20201020001032,192.168.1.1/24,35
20201020001033,10.20.30.1/16,6
20201020001034,10.20.30.2/16,81
20201020001035,10.77.1.2/24,-
20201020001036,10.77.1.1/24,23
20201020001037,10.20.30.2/16,48
20201020001038,192.168.1.2/24,70
20201020001039,192.168.1.2/24,8
20201020001040,10.20.30.1/16,6
20201020001041,10.77.1.2/24,17
20201020001042,192.168.1.2/24,-
20201020001043,192.168.1.1/24,61
20201020001044,10.77.1.2/24,8
20201020001045,10.20.30.2/16,9
20201020001046,10.77.1.2/24,-
20201020001047,10.20.30.1/16,11
20201020001049,10.20.30.1/16,-
20201020001050,10.77.1.1/24,-
20201020001052,10.77.1.1/24,1
20201020001054,10.20.30.2/16,-
20201020001055,192.168.1.2/24,8
20201020001056,192.168.1.2/24,78
20201020001058,10.77.1.1/24,9
20201020001059,10.20.30.1/16,-
20201020001100,10.20.30.1/16,4
20201020001101,192.168.1.2/24,9
20201020001102,192.168.1.1/24,3
20201020001104,192.168.1.1/24,11
20201020001105,10.77.1.2/24,1
20201020001106,10.20.30.1/16,3
20201020001108,192.168.1.1/24,6
20201020001109,10.77.1.1/24,2
20201020001110,192.168.1.2/24,58
20201020001111,10.77.1.2/24,6
20201020001112,10.20.30.2/16,-
20201020001113,192.168.1.2/24,1
20201020001114,192.168.1.2/24,6
20201020001115,192.168.1.1/24,5
20201020001116,10.77.1.1/24,1
20201020001118,10.20.30.1/16,9
20201020001119,10.20.30.2/16,3
20201020001121,192.168.1.2/24,-
20201020001122,192.168.1.1/24,8
20201020001124,10.77.1.1/24,9
20201020001125,10.20.30.1/16,8
20201020001126,10.20.30.2/16,-
20201020001128,192.168.1.1/24,9
20201020001129,10.20.30.1/16,-
20201020001130,10.77.1.2/24,56
20201020001131,10.77.1.1/24,-
20201020001132,10.77.1.2/24,7
20201020001134,10.77.1.1/24,7
20201020001136,10.20.30.1/16,-
20201020001137,192.168.1.1/24,-
20201020001138,192.168.1.2/24,2
20201020001139,10.20.30.2/16,7
20201020001141,10.77.1.1/24,3
20201020001142,10.77.1.2/24,9
20201020001144,10.20.30.1/16,-
20201020001146,192.168.1.1/24,3
20201020001148,10.20.30.2/16,-
20201020001150,10.77.1.2/24,-
20201020001151,192.168.1.2/24,1
20201020001152,192.168.1.2/24,7
20201020001153,10.20.30.1/16,4
20201020001155,192.168.1.2/24,13
20201020001156,192.168.1.2/24,6
20201020001157,10.20.30.2/16,-
20201020001158,192.168.1.1/24,-
20201020001159,10.20.30.2/16,-
20201020001200,10.77.1.1/24,4
20201020001201,192.168.1.2/24,3
20201020001203,10.20.30.2/16,3
20201020001205,192.168.1.1/24,6
20201020001206,10.20.30.1/16,89
20201020001207,192.168.1.1/24,3
20201020001208,10.20.30.2/16,9
20201020001209,192.168.1.1/24,1
20201020001210,192.168.1.2/24,9
20201020001212,10.20.30.1/16,4
20201020001213,192.168.1.2/24,4
20201020001214,10.20.30.1/16,91
20201020001216,192.168.1.2/24,23
20201020001217,192.168.1.2/24,6
20201020001218,10.77.1.2/24,3
20201020001219,192.168.1.1/24,-
20201020001220,10.20.30.1/16,-
20201020001222,10.77.1.2/24,6
20201020001223,192.168.1.2/24,6
20201020001224,10.77.1.2/24,5
20201020001225,10.20.30.2/16,12
20201020001226,10.20.30.1/16,-
20201020001227,10.77.1.2/24,3
20201020001228,10.20.30.2/16,8
20201020001230,10.20.30.2/16,0
20201020001231,10.20.30.2/16,-
20201020001232,192.168.1.1/24,21
20201020001233,192.168.1.2/24,9
20201020001234,192.168.1.2/24,4
20201020001235,10.20.30.2/16,5
20201020001236,10.77.1.1/24,71
20201020001237,10.77.1.1/24,-
20201020001238,192.168.1.1/24,7
20201020001239,10.77.1.1/24,98
20201020001240,10.77.1.1/24,48
20201020001241,10.20.30.1/16,-
20201020001242,10.20.30.2/16,46
20201020001243,192.168.1.2/24,4
20201020001244,10.20.30.2/16,-
20201020001245,10.20.30.2/16,8
20201020001246,192.168.1.2/24,4
20201020001247,10.77.1.2/24,-
20201020001249,192.168.1.2/24,8
20201020001251,10.77.1.2/24,4
20201020001252,10.77.1.2/24,10
20201020001253,10.20.30.2/16,-
20201020001255,10.20.30.2/16,4
20201020001257,10.20.30.2/16,31
20201020001258,10.77.1.2/24,-
20201020001259,192.168.1.1/24,-
20201020001300,10.20.30.1/16,4
20201020001301,10.77.1.1/24,28
20201020001302,192.168.1.1/24,9
20201020001303,10.20.30.1/16,2
20201020001304,10.77.1.1/24,6
20201020001305,10.20.30.2/16,7
20201020001306,10.20.30.1/16,2
20201020001307,10.77.1.2/24,3
20201020001308,10.77.1.2/24,-
20201020001309,10.20.30.2/16,3
20201020001310,10.20.30.1/16,5
20201020001311,10.20.30.2/16,8
20201020001312,192.168.1.1/24,7
20201020001313,10.20.30.1/16,89
20201020001314,10.77.1.1/24,-
20201020001315,10.20.30.2/16,9
20201020001317,192.168.1.1/24,5
20201020001318,10.77.1.2/24,2
20201020001319,10.20.30.2/16,4
20201020001320,192.168.1.1/24,8
20201020001321,10.20.30.1/16,-
20201020001322,192.168.1.2/24,1
20201020001323,10.20.30.2/16,-
20201020001324,10.77.1.2/24,3
20201020001325,10.77.1.2/24,37
20201020001326,10.20.30.2/16,-
20201020001327,10.20.30.1/16,94
20201020001328,10.77.1.2/24,18
20201020001329,10.20.30.2/16,39
20201020001330,10.20.30.2/16,3
20201020001332,192.168.1.1/24,-
20201020001333,10.20.30.1/16,9
20201020001334,10.20.30.2/16,3
20201020001335,10.20.30.1/16,9
20201020001336,10.20.30.2/16,9
20201020001337,10.77.1.1/24,11
20201020001338,10.20.30.1/16,5
20201020001340,10.77.1.1/24,8
20201020001341,10.77.1.2/24,4
20201020001342,192.168.1.2/24,2
20201020001343,192.168.1.2/24,37
20201020001344,10.77.1.1/24,8
20201020001345,192.168.1.2/24,-
20201020001346,10.77.1.2/24,-
20201020001347,10.77.1.2/24,-
20201020001348,192.168.1.2/24,-
20201020001349,10.20.30.1/16,9
20201020001351,10.20.30.1/16,2
20201020001352,192.168.1.1/24,3
20201020001354,192.168.1.1/24,-
20201020001356,192.168.1.2/24,31
20201020001357,192.168.1.2/24,7
20201020001359,192.168.1.2/24,9
20201020001400,10.20.30.2/16,5
20201020001401,10.77.1.1/24,10
20201020001402,10.20.30.1/16,96
20201020001403,192.168.1.2/24,24
20201020001405,10.77.1.2/24,-
20201020001406,10.77.1.1/24,-
20201020001407,10.20.30.2/16,3
20201020001408,10.77.1.1/24,-
20201020001410,10.77.1.2/24,4
20201020001411,10.20.30.1/16,1
20201020001413,192.168.1.1/24,-
20201020001414,10.77.1.1/24,9
20201020001415,192.168.1.2/24,-
20201020001416,192.168.1.1/24,8
20201020001417,10.77.1.2/24,2
20201020001418,10.20.30.1/16,7
20201020001419,10.20.30.1/16,8
20201020001420,10.20.30.2/16,4
20201020001421,192.168.1.1/24,3
20201020001423,10.77.1.2/24,1
20201020001424,192.168.1.1/24,7
20201020001426,192.168.1.1/24,96
20201020001427,10.20.30.1/16,3
20201020001428,10.20.30.1/16,8
20201020001429,10.20.30.2/16,8
20201020001430,192.168.1.2/24,7
20201020001431,10.77.1.2/24,8
20201020001432,10.20.30.2/16,74
20201020001433,10.77.1.1/24,4
20201020001434,192.168.1.1/24,12
20201020001435,10.20.30.1/16,10
20201020001437,192.168.1.2/24,3
20201020001438,10.20.30.2/16,-
20201020001439,192.168.1.1/24,30
20201020001440,10.20.30.2/16,7
20201020001441,192.168.1.2/24,1
20201020001442,10.20.30.2/16,50
20201020001444,192.168.1.1/24,-
20201020001445,10.20.30.1/16,1
20201020001446,10.77.1.1/24,68
20201020001447,10.77.1.1/24,17
20201020001448,10.77.1.2/24,15
20201020001449,10.20.30.2/16,19
20201020001451,10.77.1.2/24,7
20201020001452,10.77.1.1/24,-
20201020001453,192.168.1.1/24,6
20201020001454,10.20.30.1/16,8
20201020001455,10.20.30.1/16,47
20201020001456,10.20.30.1/16,-
20201020001457,10.77.1.2/24,9
20201020001458,10.20.30.1/16,-
20201020001459,10.20.30.1/16,1
20201020001500,192.168.1.1/24,14
20201020001501,10.77.1.2/24,3
20201020001502,10.20.30.2/16,2
20201020001503,10.77.1.1/24,-
20201020001504,10.77.1.2/24,4
20201020001505,192.168.1.2/24,6
20201020001506,192.168.1.2/24,-
20201020001507,10.20.30.2/16,-
20201020001508,10.20.30.1/16,7
20201020001509,192.168.1.2/24,7
20201020001510,10.20.30.1/16,5
20201020001511,192.168.1.2/24,5
20201020001512,192.168.1.2/24,2
20201020001513,192.168.1.1/24,75
20201020001515,192.168.1.2/24,10
20201020001517,10.77.1.2/24,-
20201020001519,192.168.1.2/24,6
20201020001520,192.168.1.2/24,7
20201020001521,10.20.30.1/16,10
20201020001522,10.77.1.1/24,6
20201020001523,10.77.1.1/24,-
20201020001524,192.168.1.2/24,2
20201020001525,10.20.30.1/16,6
20201020001526,192.168.1.2/24,9
20201020001527,10.77.1.1/24,19
20201020001529,10.20.30.2/16,3
20201020001530,10.77.1.2/24,-
20201020001532,10.77.1.2/24,8
20201020001533,192.168.1.1/24,19
20201020001535,10.20.30.2/16,12
20201020001536,10.77.1.2/24,12
20201020001538,192.168.1.1/24,2
20201020001539,10.20.30.2/16,31
20201020001540,10.77.1.2/24,99
20201020001541,10.77.1.2/24,48
20201020001542,10.77.1.2/24,8
20201020001543,10.20.30.1/16,50
20201020001545,10.20.30.1/16,2
20201020001546,10.77.1.2/24,5
20201020001547,10.77.1.1/24,53
20201020001549,192.168.1.2/24,-
20201020001550,10.20.30.2/16,47
20201020001551,10.77.1.1/24,73
20201020001552,10.20.30.1/16,9
20201020001553,192.168.1.1/24,9
20201020001554,10.20.30.1/16,8
20201020001555,192.168.1.1/24,6
20201020001556,192.168.1.2/24,40
20201020001558,192.168.1.1/24,-
20201020001559,10.20.30.1/16,10
20201020001600,192.168.1.1/24,-
20201020001601,10.77.1.2/24,3
20201020001602,10.20.30.2/16,68
20201020001603,10.77.1.2/24,-
20201020001605,10.20.30.2/16,83
20201020001606,10.20.30.1/16,9
20201020001608,10.20.30.1/16,5
20201020001610,192.168.1.2/24,6
20201020001611,10.77.1.2/24,90
20201020001612,10.20.30.2/16,7
20201020001614,10.77.1.2/24,6
20201020001616,10.20.30.1/16,13
20201020001617,192.168.1.2/24,2
20201020001619,10.20.30.1/16,4
20201020001620,10.77.1.2/24,-
20201020001621,192.168.1.1/24,6
20201020001622,10.20.30.1/16,9
20201020001624,10.20.30.2/16,8
20201020001625,10.77.1.2/24,7
20201020001626,192.168.1.2/24,-
20201020001627,10.20.30.2/16,27
20201020001629,10.20.30.2/16,17
20201020001630,10.20.30.1/16,9
20201020001631,192.168.1.2/24,5
20201020001632,10.20.30.1/16,90
20201020001634,10.20.30.2/16,5
20201020001635,10.77.1.1/24,9
20201020001637,10.20.30.1/16,9
20201020001638,10.77.1.2/24,9
20201020001639,10.77.1.1/24,-
20201020001640,10.20.30.1/16,1
20201020001641,10.20.30.2/16,3
20201020001642,192.168.1.2/24,17
20201020001643,10.77.1.1/24,84
20201020001644,10.20.30.1/16,8
20201020001646,10.20.30.2/16,1
20201020001647,192.168.1.1/24,75
20201020001648,10.77.1.1/24,5
20201020001649,192.168.1.1/24,5
20201020001651,10.77.1.1/24,50
20201020001652,10.20.30.2/16,2
20201020001653,10.77.1.2/24,5
20201020001654,10.20.30.1/16,2
20201020001655,192.168.1.1/24,5
20201020001656,192.168.1.1/24,7
20201020001657,192.168.1.1/24,89
20201020001658,192.168.1.2/24,-
20201020001659,10.77.1.2/24,5
20201020001700,10.20.30.2/16,-
20201020001701,10.20.30.1/16,23
20201020001702,10.77.1.1/24,3
20201020001703,10.77.1.2/24,7
20201020001705,192.168.1.1/24,-
20201020001706,192.168.1.1/24,6
20201020001708,10.20.30.1/16,4
20201020001709,192.168.1.1/24,-
20201020001711,10.20.30.1/16,11
20201020001713,10.77.1.1/24,44
20201020001715,192.168.1.1/24,4
20201020001717,10.20.30.1/16,3
20201020001718,10.20.30.1/16,46
20201020001720,10.20.30.1/16,7
20201020001721,10.20.30.2/16,92
20201020001723,192.168.1.1/24,44
20201020001724,192.168.1.2/24,21
20201020001725,10.20.30.1/16,2
20201020001726,10.20.30.1/16,2
20201020001727,10.77.1.2/24,-
20201020001728,10.77.1.2/24,7
20201020001730,10.77.1.1/24,4
20201020001731,10.20.30.1/16,-
20201020001733,192.168.1.2/24,8
20201020001735,192.168.1.2/24,-
20201020001737,10.20.30.1/16,19
20201020001738,10.20.30.2/16,-
20201020001740,192.168.1.2/24,6
20201020001742,10.77.1.2/24,6
20201020001743,10.20.30.2/16,13
20201020001744,192.168.1.2/24,81
20201020001746,192.168.1.1/24,9
20201020001747,10.20.30.1/16,26
20201020001748,10.77.1.1/24,4
20201020001749,10.20.30.2/16,8
20201020001751,192.168.1.2/24,1
20201020001752,10.77.1.1/24,9
20201020001753,10.20.30.2/16,99
20201020001754,192.168.1.1/24,6
20201020001755,192.168.1.2/24,3
20201020001756,10.77.1.2/24,7
20201020001757,10.77.1.1/24,21
20201020001758,192.168.1.2/24,3
20201020001800,10.20.30.1/16,3
20201020001801,10.77.1.2/24,1
20201020001802,10.20.30.1/16,2
20201020001803,192.168.1.1/24,9
20201020001804,192.168.1.1/24,28
20201020001806,10.77.1.1/24,6
20201020001807,10.20.30.1/16,5
20201020001809,192.168.1.1/24,3
20201020001811,192.168.1.1/24,12
20201020001812,10.77.1.2/24,-
20201020001813,10.77.1.2/24,7
20201020001814,192.168.1.1/24,92
20201020001815,192.168.1.2/24,6
20201020001816,192.168.1.1/24,2
20201020001818,192.168.1.1/24,7
20201020001819,10.77.1.1/24,1
20201020001820,10.77.1.1/24,6
20201020001821,10.20.30.2/16,7
20201020001822,192.168.1.2/24,0
20201020001823,192.168.1.1/24,-
20201020001824,10.20.30.1/16,7
20201020001825,192.168.1.1/24,-
20201020001826,10.20.30.1/16,98
20201020001827,10.20.30.2/16,3
20201020001829,10.20.30.1/16,7
20201020001830,10.20.30.1/16,4
20201020001831,192.168.1.1/24,8
20201020001832,10.20.30.1/16,-
20201020001833,192.168.1.1/24,7
20201020001835,10.77.1.2/24,5
20201020001837,10.77.1.2/24,58
20201020001838,192.168.1.1/24,3
20201020001839,192.168.1.2/24,-
20201020001840,10.20.30.2/16,5
20201020001842,192.168.1.2/24,4
20201020001843,192.168.1.1/24,60
20201020001844,10.20.30.1/16,5
20201020001845,10.77.1.1/24,61
20201020001846,10.20.30.1/16,3
20201020001848,192.168.1.1/24,-
20201020001849,10.20.30.2/16,-
20201020001850,10.20.30.2/16,8
20201020001851,10.20.30.2/16,2
20201020001853,10.77.1.1/24,-
20201020001854,10.77.1.2/24,3
20201020001855,10.77.1.2/24,69
20201020001857,10.20.30.2/16,-
20201020001859,192.168.1.2/24,5
20201020001900,192.168.1.1/24,2
20201020001902,10.77.1.2/24,-
20201020001903,10.77.1.1/24,-
20201020001904,10.77.1.2/24,-
20201020001905,192.168.1.2/24,-
20201020001907,10.77.1.2/24,9
20201020001908,10.77.1.2/24,-
20201020001909,10.77.1.1/24,-
20201020001910,10.77.1.2/24,-
20201020001912,10.20.30.2/16,40
20201020001913,192.168.1.2/24,4
20201020001914,10.20.30.2/16,20
20201020001915,10.20.30.1/16,-
20201020001916,10.20.30.1/16,2
20201020001917,10.77.1.2/24,9
20201020001918,192.168.1.1/24,7
20201020001919,10.20.30.1/16,8
20201020001920,192.168.1.1/24,5
20201020001921,10.77.1.2/24,2
20201020001922,10.77.1.2/24,15
20201020001923,10.20.30.1/16,3
20201020001924,10.20.30.1/16,-
20201020001926,192.168.1.2/24,79
20201020001927,192.168.1.1/24,1
20201020001929,10.20.30.1/16,2
20201020001930,192.168.1.2/24,61
20201020001931,10.77.1.1/24,1
20201020001932,10.77.1.2/24,7
20201020001933,192.168.1.2/24,27
20201020001934,10.77.1.2/24,-
20201020001935,10.77.1.1/24,-
20201020001937,192.168.1.1/24,76
20201020001938,10.77.1.1/24,79
20201020001939,10.20.30.2/16,11
20201020001940,192.168.1.2/24,86
20201020001941,10.20.30.1/16,9
20201020001943,10.20.30.2/16,2
20201020001945,10.77.1.2/24,-
20201020001946,10.20.30.1/16,8
20201020001947,10.77.1.1/24,3
20201020001948,10.77.1.2/24,7
20201020001950,10.77.1.1/24,-
20201020001952,192.168.1.1/24,18
20201020001953,192.168.1.2/24,42
20201020001954,10.20.30.1/16,4
20201020001955,10.20.30.2/16,1
20201020001956,192.168.1.2/24,2
20201020001957,192.168.1.2/24,9
20201020001958,10.77.1.2/24,-
20201020002000,10.77.1.2/24,10
20201020002001,192.168.1.2/24,68
20201020002002,10.20.30.2/16,8
20201020002003,10.77.1.1/24,3
20201020002004,10.77.1.1/24,77
20201020002006,10.77.1.1/24,7
20201020002008,192.168.1.2/24,-
20201020002009,10.77.1.2/24,24
20201020002010,192.168.1.1/24,-
20201020002011,10.20.30.2/16,4
20201020002013,10.20.30.1/16,25
20201020002014,192.168.1.2/24,-
20201020002015,192.168.1.1/24,-
20201020002016,10.77.1.2/24,4
20201020002017,10.77.1.1/24,21
20201020002018,10.77.1.1/24,6
20201020002019,10.77.1.1/24,2
20201020002020,10.20.30.1/16,-
20201020002021,192.168.1.2/24,68
20201020002022,10.20.30.1/16,27
20201020002023,192.168.1.2/24,6
20201020002024,10.77.1.2/24,-
20201020002025,10.20.30.1/16,15
20201020002026,10.20.30.2/16,7
20201020002027,10.20.30.2/16,-
20201020002029,10.20.30.1/16,98
20201020002030,192.168.1.1/24,-
20201020002031,192.168.1.2/24,80
20201020002032,10.20.30.1/16,-
20201020002033,10.77.1.2/24,9
20201020002034,10.20.30.2/16,3
20201020002036,10.77.1.2/24,6
20201020002037,192.168.1.1/24,3
20201020002038,10.20.30.1/16,-
20201020002039,10.20.30.2/16,5
20201020002040,10.20.30.1/16,63
20201020002041,10.20.30.1/16,3
20201020002042,192.168.1.2/24,-
20201020002043,192.168.1.2/24,3
20201020002044,192.168.1.2/24,99
20201020002045,192.168.1.2/24,5
20201020002046,192.168.1.1/24,-
20201020002047,10.20.30.2/16,4
20201020002049,10.77.1.2/24,5
20201020002051,10.20.30.2/16,9
20201020002052,10.20.30.2/16,53
20201020002053,10.77.1.2/24,4
20201020002054,10.20.30.2/16,94
20201020002055,10.20.30.2/16,11
20201020002057,10.20.30.2/16,1
20201020002058,192.168.1.2/24,11
20201020002100,10.20.30.2/16,7
20201020002101,10.77.1.1/24,9
20201020002102,192.168.1.1/24,9
20201020002103,10.20.30.1/16,-
20201020002105,192.168.1.1/24,-
20201020002106,10.20.30.2/16,8
20201020002107,10.20.30.2/16,7
20201020002108,192.168.1.1/24,7
20201020002109,10.20.30.2/16,7
20201020002110,10.20.30.2/16,16
20201020002111,192.168.1.2/24,-
20201020002112,10.77.1.2/24,1
20201020002113,10.77.1.2/24,81
20201020002114,192.168.1.2/24,8
20201020002115,192.168.1.2/24,8
20201020002116,10.77.1.1/24,5
20201020002117,192.168.1.1/24,-
20201020002118,10.77.1.1/24,3
20201020002120,10.77.1.2/24,6
20201020002121,10.20.30.1/16,-
20201020002122,192.168.1.2/24,7
20201020002123,10.20.30.1/16,4
20201020002125,192.168.1.1/24,6
20201020002126,10.77.1.2/24,92
20201020002128,10.20.30.1/16,35
20201020002129,10.20.30.2/16,-
20201020002131,192.168.1.1/24,96
20201020002132,192.168.1.1/24,-
20201020002133,10.77.1.1/24,8
20201020002134,10.20.30.1/16,7
20201020002135,10.77.1.1/24,-
20201020002137,10.77.1.2/24,-
20201020002138,10.77.1.1/24,2
20201020002139,192.168.1.2/24,-
20201020002140,10.20.30.1/16,4
20201020002141,10.77.1.1/24,-
20201020002143,10.77.1.1/24,7
20201020002144,10.20.30.2/16,-
20201020002145,10.20.30.2/16,7
20201020002146,10.77.1.1/24,2
20201020002147,10.20.30.1/16,-
20201020002148,10.20.30.2/16,-
20201020002149,192.168.1.2/24,1
20201020002150,10.20.30.1/16,69
20201020002151,192.168.1.1/24,19
20201020002153,10.20.30.1/16,6
20201020002155,192.168.1.2/24,-
20201020002156,10.20.30.1/16,-
20201020002158,192.168.1.1/24,-
20201020002159,192.168.1.2/24,75
20201020002201,10.20.30.1/16,8
20201020002202,10.20.30.1/16,80
20201020002203,192.168.1.1/24,12
20201020002205,10.20.30.2/16,16
20201020002206,192.168.1.1/24,7
20201020002207,192.168.1.2/24,3
20201020002208,10.20.30.1/16,-
20201020002209,10.77.1.2/24,9
20201020002210,192.168.1.2/24,1
20201020002211,192.168.1.2/24,-
20201020002212,10.20.30.1/16,-
20201020002213,10.77.1.2/24,1
20201020002214,192.168.1.1/24,7
20201020002215,192.168.1.2/24,3
20201020002216,10.20.30.1/16,6
20201020002217,10.20.30.2/16,28
20201020002218,10.77.1.2/24,9
20201020002219,192.168.1.1/24,4
20201020002220,10.77.1.2/24,8
20201020002222,10.77.1.1/24,3
20201020002224,10.77.1.2/24,8
20201020002225,10.20.30.1/16,2
20201020002226,192.168.1.1/24,87
20201020002227,10.77.1.2/24,-
20201020002228,10.20.30.2/16,80
20201020002229,10.20.30.1/16,5
20201020002230,10.20.30.2/16,-
20201020002231,192.168.1.1/24,9
20201020002232,10.20.30.2/16,13
20201020002233,10.20.30.2/16,6
20201020002234,192.168.1.2/24,-
20201020002235,192.168.1.1/24,7
20201020002237,10.20.30.2/16,1
20201020002238,10.20.30.1/16,4
20201020002240,10.77.1.1/24,6
20201020002241,10.20.30.2/16,8
20201020002243,10.77.1.2/24,4
20201020002244,10.77.1.1/24,7
20201020002245,192.168.1.2/24,46
20201020002246,10.77.1.1/24,6
20201020002248,10.77.1.1/24,70
20201020002250,192.168.1.2/24,7
20201020002252,10.20.30.1/16,-
20201020002253,10.77.1.2/24,1
20201020002254,10.20.30.1/16,32
20201020002255,192.168.1.1/24,3
20201020002256,192.168.1.2/24,-
20201020002257,192.168.1.2/24,21
20201020002259,10.77.1.2/24,1
20201020002301,192.168.1.2/24,4
20201020002302,192.168.1.2/24,-
20201020002303,10.77.1.2/24,62
20201020002305,10.77.1.1/24,-
20201020002307,10.20.30.1/16,-
20201020002308,10.20.30.1/16,7
20201020002309,10.20.30.1/16,6
20201020002311,10.77.1.2/24,30
20201020002313,192.168.1.2/24,6
20201020002314,10.20.30.2/16,4
20201020002315,192.168.1.2/24,9
20201020002316,192.168.1.1/24,3
20201020002317,192.168.1.1/24,-
20201020002318,192.168.1.1/24,-
20201020002319,10.20.30.1/16,19
20201020002320,10.20.30.1/16,6
20201020002321,10.20.30.2/16,8
20201020002323,10.77.1.2/24,42
20201020002325,10.20.30.2/16,56
20201020002327,10.77.1.1/24,75
20201020002328,192.168.1.1/24,-
20201020002330,10.20.30.2/16,7
20201020002331,10.20.30.1/16,9
20201020002332,10.77.1.1/24,44
20201020002333,10.77.1.1/24,-
20201020002334,10.77.1.2/24,6
20201020002335,192.168.1.1/24,6
20201020002336,10.77.1.2/24,3
20201020002338,10.77.1.1/24,8
20201020002339,10.77.1.1/24,5
20201020002340,10.20.30.1/16,73
20201020002342,10.77.1.1/24,8
20201020002344,10.77.1.2/24,-
20201020002345,10.20.30.1/16,4
20201020002346,10.77.1.2/24,9
20201020002347,192.168.1.2/24,-
20201020002349,10.77.1.2/24,9
20201020002350,10.77.1.1/24,-
20201020002351,192.168.1.2/24,-
20201020002352,192.168.1.1/24,1
20201020002354,10.20.30.2/16,-
20201020002355,10.20.30.1/16,4
20201020002356,192.168.1.2/24,-
20201020002358,10.77.1.2/24,8
20201020002400,10.20.30.2/16,8
20201020002401,192.168.1.2/24,8
20201020002402,10.20.30.2/16,9
20201020002403,10.77.1.1/24,63
20201020002404,10.77.1.2/24,49
20201020002406,192.168.1.1/24,3
20201020002408,192.168.1.1/24,5
20201020002409,10.77.1.1/24,-
20201020002410,10.77.1.1/24,26
20201020002412,192.168.1.1/24,-
20201020002413,10.77.1.2/24,58
20201020002415,192.168.1.2/24,70
20201020002416,10.20.30.2/16,-
20201020002417,10.20.30.2/16,4
20201020002418,10.20.30.2/16,3
20201020002419,192.168.1.2/24,5
20201020002420,10.77.1.2/24,7
20201020002421,10.77.1.2/24,-
20201020002422,10.77.1.2/24,-
20201020002423,10.77.1.2/24,-
20201020002424,10.20.30.2/16,9
20201020002426,192.168.1.2/24,16
20201020002428,10.77.1.2/24,-
20201020002429,10.20.30.1/16,15
20201020002431,10.77.1.1/24,1
20201020002433,192.168.1.2/24,1
20201020002434,10.20.30.1/16,4
20201020002435,10.77.1.2/24,4
20201020002437,10.20.30.1/16,7
20201020002438,192.168.1.2/24,-
20201020002439,192.168.1.1/24,-
20201020002440,10.77.1.2/24,-
20201020002441,10.77.1.1/24,6
20201020002442,192.168.1.1/24,5
20201020002444,10.20.30.1/16,5
20201020002445,10.20.30.1/16,22
20201020002446,10.20.30.1/16,32
20201020002447,10.20.30.2/16,15
20201020002448,10.20.30.1/16,7
20201020002449,10.20.30.2/16,-
20201020002450,192.168.1.2/24,5
20201020002451,10.77.1.1/24,4
20201020002453,10.20.30.2/16,4
20201020002454,10.77.1.2/24,-
20201020002455,10.20.30.1/16,17
20201020002457,10.20.30.1/16,14
20201020002458,10.20.30.1/16,85
20201020002459,10.77.1.1/24,7
20201020002500,10.20.30.1/16,8
20201020002501,10.77.1.2/24,5
20201020002503,192.168.1.2/24,7
20201020002504,10.77.1.2/24,3
20201020002505,10.20.30.2/16,9
20201020002506,10.20.30.2/16,56
20201020002507,10.20.30.1/16,45
20201020002508,10.77.1.1/24,5
20201020002510,192.168.1.2/24,44
20201020002511,10.20.30.2/16,71
20201020002512,192.168.1.2/24,1
20201020002513,10.77.1.2/24,9
20201020002514,10.77.1.2/24,-
20201020002515,192.168.1.2/24,6
20201020002516,10.20.30.1/16,-
20201020002517,192.168.1.2/24,8
20201020002518,10.77.1.2/24,5
20201020002519,192.168.1.1/24,8
20201020002520,192.168.1.1/24,5
20201020002521,10.77.1.1/24,5
20201020002523,10.77.1.1/24,7
20201020002524,10.20.30.1/16,28
20201020002525,10.77.1.2/24,9
20201020002526,10.20.30.1/16,1
20201020002527,192.168.1.2/24,1
20201020002528,192.168.1.1/24,9
20201020002529,10.77.1.2/24,90
20201020002531,10.77.1.1/24,-
20201020002532,192.168.1.2/24,-
20201020002533,10.77.1.1/24,4
20201020002534,192.168.1.2/24,8
20201020002536,192.168.1.1/24,16
20201020002538,10.20.30.1/16,4
20201020002540,10.77.1.2/24,-
20201020002541,10.77.1.1/24,-
20201020002542,192.168.1.2/24,-
20201020002543,10.77.1.1/24,7
20201020002544,10.77.1.2/24,98
20201020002545,192.168.1.1/24,8
20201020002546,10.20.30.2/16,7
20201020002548,192.168.1.2/24,9
20201020002550,10.20.30.2/16,10
20201020002552,10.20.30.2/16,8
20201020002553,10.20.30.2/16,9
20201020002554,10.20.30.1/16,79
20201020002555,10.20.30.2/16,9
20201020002557,10.77.1.2/24,7
20201020002558,10.20.30.1/16,1
20201020002559,10.20.30.1/16,5
20201020002600,10.77.1.2/24,1
20201020002601,192.168.1.2/24,-
20201020002603,10.20.30.1/16,5
20201020002604,10.20.30.1/16,9
20201020002605,10.20.30.1/16,9
20201020002607,192.168.1.2/24,47
20201020002608,10.20.30.2/16,2
20201020002610,10.77.1.2/24,-
20201020002611,10.20.30.2/16,6
20201020002612,10.20.30.1/16,25
20201020002613,10.77.1.2/24,6
20201020002615,10.77.1.1/24,-
20201020002617,10.20.30.1/16,3
20201020002618,192.168.1.1/24,1
20201020002619,10.77.1.2/24,12
20201020002620,10.77.1.2/24,-
20201020002621,10.77.1.1/24,5
20201020002622,192.168.1.2/24,8
20201020002623,10.77.1.1/24,-
20201020002625,10.77.1.2/24,6
20201020002626,10.77.1.2/24,3
20201020002627,10.20.30.2/16,-
20201020002628,192.168.1.2/24,2
20201020002629,10.20.30.1/16,7
20201020002631,10.20.30.2/16,53
20201020002632,10.20.30.2/16,-
20201020002633,192.168.1.2/24,7
20201020002634,10.20.30.2/16,7
20201020002635,192.168.1.1/24,2
20201020002636,10.20.30.1/16,29
20201020002638,10.77.1.2/24,3
20201020002639,10.77.1.2/24,-
20201020002640,192.168.1.1/24,61
20201020002642,10.20.30.1/16,-
20201020002643,10.77.1.2/24,10
20201020002645,10.20.30.1/16,46
20201020002647,10.77.1.2/24,3
20201020002649,192.168.1.1/24,9
20201020002651,10.77.1.2/24,6
20201020002652,192.168.1.2/24,-
20201020002653,192.168.1.1/24,7
20201020002654,10.77.1.2/24,1
20201020002655,10.20.30.1/16,3
20201020002656,192.168.1.1/24,-
20201020002657,10.77.1.2/24,8
20201020002659,10.20.30.1/16,8
20201020002701,10.20.30.2/16,6
20201020002703,10.20.30.2/16,78
20201020002704,10.77.1.2/24,8
20201020002705,192.168.1.1/24,3
20201020002707,10.77.1.2/24,75
20201020002708,10.20.30.2/16,2
20201020002709,192.168.1.1/24,31
20201020002710,192.168.1.1/24,-
20201020002711,192.168.1.2/24,-
20201020002712,192.168.1.1/24,7
20201020002714,10.20.30.1/16,14
20201020002715,192.168.1.2/24,1
20201020002716,10.20.30.2/16,6
20201020002717,192.168.1.2/24,78
20201020002718,10.77.1.1/24,3
20201020002719,10.20.30.1/16,-
20201020002720,10.20.30.2/16,53
20201020002721,192.168.1.1/24,7
20201020002723,10.20.30.1/16,6
20201020002724,192.168.1.2/24,49
20201020002725,192.168.1.2/24,4
20201020002726,10.20.30.1/16,6
20201020002727,10.77.1.2/24,-
20201020002728,10.20.30.1/16,7
20201020002729,192.168.1.1/24,8
20201020002730,10.20.30.2/16,38
20201020002731,192.168.1.1/24,-
20201020002733,10.20.30.1/16,9
20201020002734,192.168.1.1/24,4
20201020002735,192.168.1.2/24,13
20201020002737,192.168.1.2/24,29
20201020002738,192.168.1.1/24,12
20201020002739,192.168.1.1/24,3
20201020002740,10.20.30.2/16,2
20201020002741,10.77.1.1/24,6
20201020002742,192.168.1.1/24,8
20201020002743,10.20.30.2/16,4
20201020002744,192.168.1.2/24,33
20201020002745,192.168.1.2/24,93
20201020002746,192.168.1.2/24,-
20201020002747,10.77.1.1/24,9
20201020002748,10.77.1.1/24,62
20201020002749,10.20.30.2/16,3
20201020002750,10.20.30.2/16,25
20201020002752,10.77.1.1/24,-
20201020002753,10.20.30.2/16,97
20201020002754,192.168.1.1/24,1
20201020002755,10.20.30.2/16,-
20201020002756,10.20.30.2/16,5
20201020002757,192.168.1.2/24,-
20201020002759,192.168.1.2/24,3
20201020002800,10.20.30.2/16,6
20201020002801,192.168.1.2/24,12
20201020002803,192.168.1.1/24,28
20201020002805,10.20.30.2/16,3
20201020002806,192.168.1.1/24,39
20201020002807,10.77.1.2/24,96
20201020002808,192.168.1.1/24,-
20201020002809,192.168.1.2/24,72
20201020002811,10.77.1.1/24,87
20201020002812,10.77.1.1/24,7
20201020002813,10.77.1.2/24,10
20201020002814,192.168.1.2/24,-
20201020002815,10.20.30.2/16,8
20201020002816,10.77.1.2/24,-
20201020002817,10.77.1.1/24,-
20201020002818,10.77.1.1/24,8
20201020002819,10.77.1.1/24,-
20201020002820,192.168.1.2/24,68
20201020002821,10.77.1.1/24,-
20201020002823,10.77.1.2/24,29
20201020002824,10.20.30.1/16,-
20201020002825,10.77.1.1/24,7
20201020002826,10.20.30.2/16,5
20201020002827,10.20.30.1/16,5
20201020002828,10.77.1.1/24,7
20201020002829,10.77.1.2/24,46
20201020002830,10.20.30.1/16,9
20201020002832,10.77.1.1/24,0
20201020002833,192.168.1.2/24,-
20201020002835,10.20.30.2/16,2
20201020002836,10.20.30.2/16,5
20201020002837,10.77.1.2/24,5
20201020002838,192.168.1.1/24,-
20201020002839,10.20.30.1/16,8
20201020002840,10.77.1.1/24,5
20201020002842,10.77.1.2/24,-
20201020002843,192.168.1.1/24,3
20201020002844,10.20.30.2/16,10
20201020002845,10.77.1.2/24,-
20201020002846,10.20.30.2/16,4
20201020002848,192.168.1.1/24,7
20201020002849,10.77.1.2/24,17
20201020002851,192.168.1.1/24,3
20201020002852,10.20.30.1/16,76
20201020002853,10.77.1.2/24,1
20201020002854,192.168.1.1/24,5
20201020002855,10.20.30.2/16,3
20201020002857,10.77.1.2/24,5
20201020002858,192.168.1.2/24,4
20201020002859,192.168.1.1/24,9
20201020002900,192.168.1.2/24,6
20201020002901,10.20.30.1/16,9
20201020002902,10.77.1.2/24,7
20201020002903,10.77.1.2/24,85
20201020002904,10.20.30.2/16,9
20201020002905,10.20.30.1/16,-
20201020002906,192.168.1.1/24,1
20201020002907,192.168.1.1/24,2
20201020002908,192.168.1.1/24,6
20201020002909,10.77.1.1/24,5
20201020002910,10.77.1.1/24,9
20201020002911,10.77.1.2/24,-
20201020002912,192.168.1.2/24,-
20201020002913,192.168.1.1/24,6
20201020002914,10.77.1.1/24,16
20201020002915,10.20.30.2/16,6
20201020002917,10.20.30.1/16,-
20201020002919,192.168.1.2/24,-
20201020002921,192.168.1.2/24,35
20201020002922,10.20.30.2/16,58
20201020002923,192.168.1.2/24,5
20201020002924,10.20.30.2/16,6
20201020002925,192.168.1.1/24,4
20201020002927,10.77.1.2/24,19
20201020002929,10.20.30.1/16,7
20201020002930,10.77.1.2/24,22
20201020002931,10.20.30.1/16,43
20201020002933,10.20.30.1/16,20
20201020002934,10.77.1.1/24,4
20201020002935,10.77.1.2/24,6
20201020002937,10.77.1.2/24,2
20201020002939,192.168.1.1/24,-
20201020002941,10.77.1.1/24,8
20201020002942,192.168.1.2/24,6
20201020002943,10.20.30.1/16,40
20201020002944,10.77.1.1/24,-
20201020002945,10.20.30.1/16,75
20201020002946,10.77.1.2/24,9
20201020002948,10.20.30.2/16,5
20201020002950,10.77.1.2/24,8
20201020002951,192.168.1.2/24,-
20201020002952,10.20.30.2/16,8
20201020002953,192.168.1.1/24,2
20201020002954,10.77.1.2/24,4
20201020002955,10.20.30.2/16,1
20201020002957,192.168.1.1/24,28
20201020002958,192.168.1.2/24,6
20201020003000,192.168.1.1/24,71
20201020003001,192.168.1.2/24,-
20201020003002,10.20.30.2/16,5
20201020003004,10.20.30.2/16,55
20201020003006,192.168.1.1/24,3
20201020003007,10.77.1.1/24,-
20201020003008,10.77.1.2/24,1
20201020003009,10.77.1.2/24,36
20201020003010,10.77.1.1/24,5
20201020003012,192.168.1.2/24,-
20201020003013,10.20.30.2/16,40
20201020003015,10.77.1.1/24,1
20201020003017,10.77.1.2/24,2
20201020003018,10.77.1.1/24,-
20201020003019,192.168.1.2/24,2
20201020003020,192.168.1.2/24,-
20201020003021,192.168.1.2/24,-
20201020003022,10.20.30.1/16,1
20201020003023,10.20.30.1/16,3
20201020003024,10.77.1.2/24,2
20201020003025,192.168.1.1/24,-
20201020003026,192.168.1.2/24,4
20201020003027,10.20.30.1/16,3
20201020003028,10.77.1.1/24,2
20201020003030,10.20.30.1/16,3
20201020003031,192.168.1.1/24,9
20201020003032,10.20.30.2/16,-
20201020003034,10.20.30.1/16,-
20201020003036,10.20.30.2/16,44
20201020003037,10.77.1.2/24,-
20201020003038,10.77.1.2/24,7
20201020003039,192.168.1.2/24,9
20201020003041,10.77.1.1/24,-
20201020003042,192.168.1.2/24,26
20201020003043,10.77.1.2/24,-
20201020003044,10.20.30.2/16,4
20201020003045,10.20.30.1/16,8
20201020003046,10.20.30.2/16,-
20201020003047,192.168.1.1/24,-
20201020003049,10.77.1.2/24,50
20201020003050,192.168.1.1/24,18
20201020003051,10.20.30.1/16,-
20201020003052,10.77.1.1/24,4
20201020003053,10.77.1.1/24,-
20201020003054,10.20.30.1/16,-
20201020003055,192.168.1.2/24,2
20201020003056,192.168.1.2/24,16
20201020003058,10.77.1.2/24,10
20201020003059,10.77.1.2/24,17
20201020003100,10.77.1.2/24,40
20201020003101,10.77.1.2/24,21
20201020003102,10.77.1.1/24,9
20201020003104,10.20.30.1/16,3
20201020003105,10.20.30.1/16,-
20201020003106,10.77.1.1/24,67
20201020003107,10.20.30.1/16,1
20201020003108,192.168.1.2/24,6
20201020003109,10.77.1.2/24,-
20201020003110,10.77.1.2/24,-
20201020003111,10.20.30.2/16,9
20201020003112,10.77.1.1/24,6
20201020003113,10.77.1.2/24,-
20201020003115,10.20.30.2/16,2
20201020003117,192.168.1.2/24,95
20201020003118,10.77.1.1/24,-
20201020003119,10.77.1.1/24,2
20201020003121,10.20.30.1/16,-
20201020003122,10.77.1.1/24,-
20201020003123,10.77.1.2/24,-
20201020003124,10.77.1.1/24,3
20201020003125,10.77.1.1/24,6
20201020003126,10.77.1.1/24,1
20201020003127,192.168.1.2/24,-
20201020003129,10.20.30.1/16,9
20201020003130,10.77.1.2/24,-
20201020003131,192.168.1.2/24,8
20201020003132,10.20.30.1/16,5
20201020003133,10.77.1.2/24,6
20201020003134,10.20.30.2/16,68
20201020003136,10.77.1.1/24,31
20201020003137,10.20.30.2/16,1
20201020003139,10.77.1.1/24,12
20201020003141,10.20.30.2/16,9
20201020003142,10.20.30.2/16,11
20201020003143,10.20.30.1/16,9
20201020003144,10.77.1.2/24,-
20201020003146,10.77.1.2/24,-
20201020003147,10.20.30.2/16,-
20201020003149,192.168.1.1/24,8
20201020003150,192.168.1.1/24,7
20201020003152,10.20.30.2/16,4
20201020003153,192.168.1.2/24,52
20201020003155,10.20.30.2/16,-
20201020003156,192.168.1.2/24,37
20201020003158,10.20.30.1/16,47
20201020003159,192.168.1.1/24,-
20201020003201,192.168.1.2/24,25
20201020003202,192.168.1.2/24,-
20201020003203,192.168.1.2/24,3
20201020003204,10.77.1.2/24,2
20201020003205,192.168.1.1/24,8
20201020003206,192.168.1.2/24,-
20201020003207,10.20.30.2/16,17
20201020003209,10.20.30.1/16,5
20201020003210,192.168.1.2/24,42
20201020003212,10.20.30.2/16,4
20201020003213,10.20.30.1/16,6
20201020003214,192.168.1.1/24,1
20201020003215,192.168.1.2/24,9
20201020003217,192.168.1.2/24,22
20201020003218,10.20.30.2/16,16
20201020003220,10.20.30.1/16,3
20201020003221,192.168.1.2/24,4
20201020003222,10.77.1.1/24,5
20201020003223,10.77.1.2/24,7
20201020003224,10.77.1.1/24,1
20201020003225,10.77.1.1/24,8
20201020003226,192.168.1.1/24,4
20201020003227,10.20.30.2/16,-
20201020003228,10.77.1.1/24,-
20201020003229,10.77.1.1/24,7
20201020003231,10.20.30.2/16,4
20201020003232,10.20.30.2/16,9
20201020003234,192.168.1.1/24,42
20201020003235,10.20.30.1/16,7
20201020003236,192.168.1.2/24,-
20201020003237,192.168.1.2/24,7
20201020003238,10.77.1.2/24,7
20201020003240,10.77.1.1/24,5
20201020003241,10.77.1.1/24,84
20201020003242,10.20.30.1/16,-
20201020003243,10.77.1.1/24,91
20201020003244,10.77.1.2/24,7
20201020003245,10.77.1.1/24,2
20201020003246,10.20.30.2/16,7
20201020003248,10.20.30.1/16,-
20201020003249,10.20.30.2/16,-
20201020003250,192.168.1.1/24,-
20201020003251,10.20.30.1/16,-
20201020003252,192.168.1.1/24,-
20201020003253,10.20.30.1/16,6
20201020003254,192.168.1.2/24,7
20201020003255,192.168.1.1/24,2
20201020003257,10.77.1.2/24,93
20201020003258,192.168.1.1/24,39
20201020003259,192.168.1.1/24,14
20201020003300,192.168.1.2/24,-
20201020003301,192.168.1.1/24,76
20201020003302,10.20.30.2/16,3
20201020003303,10.77.1.2/24,-
20201020003305,192.168.1.1/24,4
20201020003307,192.168.1.1/24,-
20201020003308,10.20.30.2/16,67
20201020003310,10.77.1.1/24,-
20201020003311,10.20.30.2/16,6
20201020003313,10.77.1.2/24,9
20201020003314,10.77.1.2/24,5
20201020003316,10.77.1.1/24,-
20201020003317,10.20.30.2/16,8
20201020003318,10.77.1.2/24,8
20201020003319,10.20.30.2/16,7
20201020003320,10.77.1.2/24,-
20201020003321,10.77.1.1/24,5
20201020003323,10.20.30.1/16,4
20201020003324,10.20.30.2/16,12
20201020003325,192.168.1.2/24,-
20201020003326,10.20.30.2/16,3
20201020003327,10.77.1.2/24,7
20201020003328,10.77.1.1/24,-
20201020003329,10.77.1.1/24,33
20201020003330,10.77.1.2/24,2
20201020003332,10.20.30.1/16,9
20201020003333,192.168.1.2/24,4
20201020003334,10.20.30.2/16,6
20201020003335,192.168.1.2/24,6
20201020003336,10.77.1.1/24,71
20201020003337,10.77.1.1/24,8
20201020003339,10.20.30.1/16,2
20201020003340,10.77.1.1/24,-
20201020003341,10.77.1.1/24,9
20201020003342,10.77.1.2/24,3
20201020003344,10.20.30.1/16,8
20201020003345,10.77.1.2/24,2
20201020003346,10.77.1.1/24,4
20201020003347,10.20.30.1/16,-
20201020003348,10.20.30.2/16,14
20201020003349,10.20.30.2/16,1
20201020003350,10.20.30.1/16,2
20201020003352,10.77.1.2/24,60
20201020003353,192.168.1.1/24,19
20201020003355,10.20.30.2/16,13
20201020003356,10.77.1.2/24,6
20201020003358,10.20.30.1/16,-
20201020003359,10.20.30.1/16,3
20201020003400,192.168.1.1/24,57
20201020003402,192.168.1.2/24,5
20201020003403,10.20.30.1/16,36
20201020003404,10.20.30.1/16,-
20201020003406,10.77.1.1/24,-
20201020003407,10.20.30.1/16,10
20201020003408,192.168.1.1/24,97
20201020003409,10.20.30.2/16,3
20201020003410,10.77.1.2/24,6
20201020003411,192.168.1.1/24,1
20201020003413,192.168.1.2/24,81
20201020003414,10.20.30.1/16,2
20201020003416,10.77.1.2/24,6
20201020003417,192.168.1.2/24,58
20201020003419,10.77.1.2/24,79
20201020003420,10.77.1.2/24,-
20201020003421,10.77.1.2/24,42
20201020003422,10.20.30.2/16,3
20201020003424,10.20.30.1/16,4
20201020003425,192.168.1.1/24,-
20201020003426,10.20.30.2/16,-
20201020003428,10.20.30.2/16,5
20201020003429,10.77.1.1/24,9
20201020003430,10.77.1.1/24,8
20201020003431,10.77.1.2/24,5
20201020003432,10.20.30.1/16,3
20201020003434,10.20.30.2/16,4
20201020003435,10.77.1.1/24,-
20201020003436,192.168.1.2/24,5
20201020003437,192.168.1.1/24,9
20201020003438,10.20.30.1/16,5
20201020003439,10.20.30.1/16,9
20201020003440,10.77.1.1/24,9
20201020003441,10.20.30.1/16,22
20201020003442,10.20.30.1/16,7
20201020003443,10.20.30.1/16,-
20201020003444,192.168.1.2/24,12
20201020003445,10.77.1.1/24,7
20201020003446,10.77.1.2/24,-
20201020003448,192.168.1.1/24,34
20201020003449,10.20.30.1/16,-
20201020003450,10.77.1.2/24,1
20201020003451,10.77.1.1/24,9
20201020003453,10.20.30.1/16,75
20201020003454,10.77.1.2/24,4
20201020003455,10.77.1.2/24,1
20201020003456,192.168.1.2/24,14
20201020003457,192.168.1.1/24,-
20201020003458,10.20.30.1/16,42
20201020003459,192.168.1.2/24,4
20201020003500,10.77.1.1/24,5
20201020003502,10.20.30.1/16,63
20201020003504,10.20.30.2/16,2
20201020003505,192.168.1.2/24,7
20201020003506,10.77.1.2/24,1
20201020003508,192.168.1.1/24,43
20201020003509,10.20.30.2/16,3
20201020003511,10.77.1.2/24,89
20201020003512,10.77.1.1/24,45
20201020003513,192.168.1.2/24,76
20201020003514,10.77.1.2/24,3
20201020003515,192.168.1.2/24,8
20201020003516,192.168.1.2/24,4
20201020003517,192.168.1.2/24,8
20201020003518,10.77.1.2/24,-
20201020003519,10.20.30.1/16,8
20201020003520,10.20.30.2/16,97
20201020003521,10.20.30.1/16,-
20201020003522,10.77.1.2/24,-
20201020003523,10.77.1.2/24,4
20201020003524,10.77.1.1/24,-
20201020003526,192.168.1.1/24,12
20201020003527,192.168.1.2/24,5
20201020003528,10.77.1.2/24,9
20201020003529,192.168.1.1/24,66
20201020003530,10.77.1.2/24,1
20201020003531,10.77.1.1/24,20
20201020003532,10.20.30.2/16,7
20201020003533,10.77.1.1/24,8
20201020003534,10.77.1.2/24,-
20201020003535,10.77.1.2/24,-
20201020003536,10.77.1.1/24,4
20201020003537,10.77.1.2/24,56
20201020003538,10.20.30.2/16,-
20201020003539,192.168.1.2/24,5
20201020003540,192.168.1.2/24,-
20201020003541,192.168.1.1/24,-
20201020003543,10.77.1.2/24,1
20201020003545,10.77.1.1/24,5
20201020003546,10.20.30.2/16,20
20201020003547,10.77.1.1/24,4
20201020003548,10.77.1.1/24,1
20201020003549,10.20.30.2/16,62
20201020003550,192.168.1.2/24,4
20201020003551,10.77.1.2/24,13
20201020003553,192.168.1.1/24,9
20201020003554,10.20.30.1/16,9
20201020003555,10.20.30.1/16,8
20201020003556,10.77.1.2/24,10
20201020003557,192.168.1.1/24,8
20201020003558,192.168.1.2/24,8
20201020003559,192.168.1.1/24,18
20201020003600,192.168.1.1/24,2
20201020003602,192.168.1.1/24,7
20201020003603,10.77.1.2/24,-
20201020003605,10.77.1.2/24,6
20201020003607,192.168.1.1/24,1
20201020003608,10.20.30.2/16,4
20201020003609,10.20.30.2/16,1
20201020003610,10.77.1.1/24,4
20201020003611,10.77.1.1/24,22
20201020003612,10.77.1.1/24,27
20201020003614,10.20.30.2/16,5
20201020003615,10.20.30.1/16,2
20201020003616,192.168.1.1/24,9
20201020003617,10.77.1.1/24,6
20201020003618,10.20.30.2/16,-
20201020003619,10.77.1.2/24,2
20201020003620,10.20.30.1/16,6
20201020003621,10.77.1.1/24,9
20201020003622,10.20.30.2/16,-
20201020003623,192.168.1.2/24,32
20201020003624,10.20.30.1/16,-
20201020003625,10.20.30.2/16,-
20201020003626,10.20.30.2/16,4
20201020003627,192.168.1.1/24,2
20201020003628,192.168.1.1/24,8
20201020003629,10.20.30.2/16,68
20201020003630,192.168.1.2/24,28
20201020003631,10.77.1.2/24,7
20201020003632,10.77.1.2/24,56
20201020003633,192.168.1.1/24,5
20201020003635,10.77.1.1/24,4
20201020003637,10.77.1.2/24,33
20201020003638,10.77.1.1/24,20
20201020003639,10.77.1.2/24,29
20201020003640,192.168.1.1/24,4
20201020003641,10.20.30.1/16,1
20201020003642,10.20.30.2/16,-
20201020003644,10.20.30.1/16,2
20201020003645,10.20.30.2/16,84
20201020003647,192.168.1.2/24,4
20201020003649,10.20.30.1/16,7
20201020003651,10.20.30.1/16,6
20201020003652,10.20.30.2/16,-
20201020003653,10.77.1.2/24,9
20201020003654,10.77.1.1/24,8
20201020003655,192.168.1.2/24,5
20201020003656,10.77.1.2/24,41
20201020003658,10.20.30.1/16,82
20201020003700,10.77.1.2/24,-
20201020003702,10.77.1.2/24,7
20201020003703,192.168.1.2/24,4
20201020003704,10.77.1.1/24,3
20201020003706,10.77.1.1/24,6
20201020003707,10.20.30.2/16,9
20201020003708,192.168.1.1/24,77
20201020003709,192.168.1.2/24,8
20201020003710,10.20.30.2/16,9
20201020003711,192.168.1.1/24,8
20201020003713,192.168.1.1/24,-
20201020003714,10.20.30.1/16,2
20201020003716,10.20.30.1/16,2
20201020003717,10.77.1.1/24,2
20201020003718,10.20.30.1/16,4
20201020003720,192.168.1.2/24,-
20201020003721,10.77.1.1/24,74
20201020003722,192.168.1.2/24,-
20201020003723,192.168.1.1/24,25
20201020003724,10.77.1.1/24,7
20201020003725,192.168.1.1/24,9
20201020003726,192.168.1.2/24,9
20201020003727,192.168.1.2/24,-
20201020003728,10.20.30.2/16,52
20201020003729,10.20.30.2/16,1
20201020003731,192.168.1.1/24,-
20201020003733,10.77.1.1/24,1
20201020003734,10.77.1.2/24,7
20201020003735,10.77.1.1/24,40
20201020003737,192.168.1.2/24,79
20201020003738,10.77.1.2/24,86
20201020003739,10.77.1.2/24,7
20201020003740,10.20.30.1/16,70
20201020003742,10.77.1.2/24,62
20201020003743,10.77.1.2/24,2
20201020003744,192.168.1.1/24,-
20201020003746,10.20.30.2/16,3
20201020003748,192.168.1.1/24,-
20201020003749,10.20.30.1/16,90
20201020003750,192.168.1.1/24,-
20201020003751,10.77.1.2/24,2
20201020003752,10.20.30.2/16,7
20201020003753,10.20.30.1/16,36
20201020003754,10.20.30.1/16,-
20201020003755,10.20.30.2/16,-
20201020003756,192.168.1.2/24,-
20201020003757,10.20.30.2/16,6
20201020003758,192.168.1.1/24,7
20201020003800,192.168.1.1/24,4
20201020003801,10.20.30.2/16,1
20201020003802,10.20.30.1/16,-
20201020003804,10.77.1.2/24,18
20201020003805,192.168.1.2/24,3
20201020003806,10.20.30.2/16,3
20201020003807,10.20.30.1/16,70
20201020003808,10.20.30.2/16,13
20201020003809,10.77.1.2/24,4
20201020003811,10.77.1.2/24,-
20201020003812,10.20.30.2/16,50
20201020003813,10.77.1.1/24,-
20201020003814,10.77.1.1/24,8
20201020003816,10.77.1.1/24,6
20201020003817,10.20.30.2/16,90
20201020003818,10.77.1.2/24,-
20201020003820,10.77.1.1/24,4
20201020003822,192.168.1.2/24,-
20201020003823,192.168.1.1/24,7
20201020003824,10.20.30.2/16,6
20201020003825,10.77.1.2/24,-
20201020003826,192.168.1.2/24,-
20201020003827,192.168.1.2/24,-
20201020003829,10.20.30.1/16,16
20201020003830,10.77.1.1/24,5
20201020003831,10.77.1.1/24,3
20201020003832,10.77.1.1/24,2
20201020003833,192.168.1.2/24,3
20201020003834,10.77.1.1/24,5
20201020003836,10.77.1.1/24,3
20201020003837,192.168.1.2/24,8
20201020003838,192.168.1.2/24,12
20201020003840,192.168.1.2/24,-
20201020003841,10.77.1.2/24,42
20201020003842,192.168.1.2/24,8
20201020003844,192.168.1.2/24,7
20201020003845,10.20.30.2/16,9
20201020003846,10.20.30.1/16,8
20201020003847,192.168.1.2/24,59
20201020003849,10.20.30.2/16,3
20201020003850,10.77.1.2/24,6
20201020003851,10.20.30.2/16,57
20201020003852,10.77.1.1/24,54
20201020003853,10.20.30.2/16,9
20201020003854,192.168.1.2/24,4
20201020003855,10.20.30.1/16,-
20201020003856,10.77.1.2/24,7
20201020003858,192.168.1.2/24,8
20201020003859,10.20.30.1/16,5
20201020003900,10.20.30.2/16,-
20201020003902,10.20.30.1/16,2
20201020003903,10.77.1.2/24,5
20201020003904,10.20.30.1/16,-
20201020003905,10.20.30.1/16,6
20201020003906,10.20.30.2/16,4
20201020003907,10.20.30.1/16,-
20201020003908,10.20.30.2/16,7
20201020003909,192.168.1.2/24,-
20201020003910,192.168.1.1/24,9
20201020003911,192.168.1.2/24,-
20201020003913,10.77.1.1/24,7
20201020003914,192.168.1.2/24,-
20201020003915,192.168.1.1/24,1
20201020003916,10.77.1.2/24,24
20201020003918,10.20.30.1/16,31
20201020003920,192.168.1.1/24,2
20201020003921,10.77.1.2/24,1
20201020003922,10.20.30.2/16,8
20201020003924,192.168.1.1/24,62
20201020003926,192.168.1.1/24,9
20201020003927,10.20.30.1/16,4
20201020003928,192.168.1.1/24,-
20201020003929,10.20.30.1/16,8
20201020003930,192.168.1.2/24,8
20201020003932,10.77.1.2/24,38
20201020003934,192.168.1.2/24,8
20201020003936,10.20.30.1/16,-
20201020003937,192.168.1.2/24,62
20201020003938,10.77.1.1/24,10
20201020003939,10.77.1.2/24,2
20201020003940,10.77.1.1/24,2
20201020003941,10.77.1.1/24,44
20201020003942,10.20.30.2/16,66
20201020003944,10.20.30.2/16,2
20201020003945,10.77.1.2/24,3
20201020003946,10.77.1.2/24,6
20201020003947,192.168.1.2/24,44
20201020003948,10.77.1.2/24,-
20201020003949,10.20.30.2/16,32
20201020003950,192.168.1.1/24,-
20201020003951,10.77.1.1/24,7
20201020003952,192.168.1.1/24,24
20201020003953,10.77.1.2/24,65
20201020003955,10.77.1.1/24,6
20201020003957,192.168.1.1/24,-
20201020003959,10.20.30.1/16,8
20201020004000,10.77.1.1/24,15
20201020004001,192.168.1.2/24,-
20201020004002,192.168.1.2/24,57
20201020004003,10.77.1.2/24,7
20201020004004,10.77.1.2/24,81
20201020004006,192.168.1.2/24,5
20201020004007,10.77.1.2/24,-
20201020004008,192.168.1.2/24,9
20201020004009,10.20.30.1/16,9
20201020004010,192.168.1.2/24,-
20201020004011,192.168.1.2/24,2
20201020004012,10.20.30.2/16,8
20201020004013,10.20.30.1/16,12
20201020004015,192.168.1.2/24,-
20201020004016,10.20.30.2/16,-
20201020004017,10.20.30.1/16,7
20201020004018,10.20.30.2/16,-
20201020004019,10.20.30.1/16,2
20201020004020,10.20.30.1/16,1
20201020004021,10.20.30.1/16,-
20201020004023,10.77.1.1/24,40
20201020004024,10.77.1.1/24,8
20201020004025,192.168.1.1/24,2
20201020004026,10.20.30.2/16,2
20201020004027,192.168.1.1/24,6
20201020004028,10.20.30.2/16,-
20201020004029,192.168.1.1/24,9
20201020004030,192.168.1.2/24,-
20201020004032,10.20.30.2/16,-
20201020004033,192.168.1.2/24,-
20201020004034,10.20.30.1/16,8
20201020004035,10.77.1.2/24,24
20201020004036,10.77.1.1/24,7
20201020004038,10.77.1.1/24,17
20201020004039,192.168.1.1/24,93
20201020004041,192.168.1.1/24,-
20201020004042,192.168.1.2/24,7
20201020004044,192.168.1.1/24,6
20201020004045,10.20.30.2/16,-
20201020004047,192.168.1.1/24,8
20201020004048,10.77.1.1/24,30
20201020004049,10.20.30.2/16,8
20201020004051,10.20.30.1/16,-
20201020004052,192.168.1.2/24,-
20201020004053,10.20.30.1/16,-
20201020004054,10.77.1.2/24,4
20201020004055,10.20.30.1/16,59
20201020004056,10.20.30.2/16,88
20201020004057,10.20.30.2/16,-
20201020004059,192.168.1.1/24,7
20201020004100,10.77.1.2/24,2
20201020004101,10.77.1.2/24,-
20201020004102,10.20.30.1/16,2
20201020004103,10.20.30.2/16,5
20201020004104,192.168.1.1/24,83
20201020004106,10.20.30.2/16,-
20201020004107,10.77.1.1/24,5
20201020004108,10.20.30.1/16,3
20201020004109,10.77.1.2/24,3
20201020004111,10.77.1.2/24,8
20201020004112,192.168.1.2/24,-
20201020004113,10.77.1.2/24,6
20201020004115,10.20.30.1/16,2
20201020004117,10.20.30.1/16,8
20201020004119,10.77.1.1/24,38
20201020004120,192.168.1.1/24,55
20201020004121,10.20.30.2/16,5
20201020004122,10.20.30.1/16,-
20201020004123,10.77.1.1/24,8
20201020004124,10.77.1.2/24,5
20201020004125,10.20.30.1/16,17
20201020004126,10.20.30.2/16,5
20201020004127,10.77.1.2/24,-
20201020004128,192.168.1.2/24,-
20201020004129,192.168.1.2/24,4
20201020004130,10.20.30.2/16,1
20201020004131,10.20.30.1/16,25
20201020004132,10.77.1.1/24,4
20201020004133,10.20.30.1/16,9
20201020004134,192.168.1.2/24,78
20201020004135,10.77.1.1/24,59
20201020004136,192.168.1.2/24,9
20201020004137,10.20.30.2/16,4
20201020004138,192.168.1.1/24,1
20201020004140,10.77.1.2/24,9
20201020004142,192.168.1.1/24,69
20201020004144,10.20.30.2/16,-
20201020004146,192.168.1.2/24,5
20201020004147,192.168.1.1/24,3
20201020004149,10.77.1.1/24,4
20201020004150,10.77.1.1/24,2
20201020004151,10.20.30.1/16,-
20201020004153,192.168.1.2/24,14
20201020004155,10.20.30.2/16,74
20201020004156,10.20.30.1/16,2
20201020004157,10.77.1.1/24,1
20201020004158,192.168.1.1/24,-
20201020004200,10.77.1.2/24,29
20201020004201,192.168.1.1/24,54
20201020004202,10.77.1.1/24,5
20201020004203,10.77.1.1/24,8
20201020004204,10.20.30.1/16,3
20201020004205,10.20.30.2/16,1
20201020004206,10.77.1.2/24,-
20201020004207,192.168.1.2/24,32
20201020004208,10.77.1.1/24,12
20201020004209,10.20.30.1/16,4
20201020004210,192.168.1.1/24,30
20201020004211,192.168.1.2/24,7
20201020004212,10.77.1.2/24,8
20201020004213,192.168.1.2/24,7
20201020004214,10.20.30.1/16,3
20201020004215,10.20.30.1/16,8
20201020004216,10.20.30.2/16,1
20201020004217,10.20.30.2/16,14
20201020004218,10.20.30.2/16,61
20201020004219,10.20.30.1/16,6
20201020004221,10.77.1.1/24,4
20201020004223,10.20.30.1/16,-
20201020004224,10.77.1.2/24,5
20201020004225,10.77.1.2/24,71
20201020004227,10.77.1.2/24,-
20201020004228,10.77.1.1/24,3
20201020004229,10.77.1.1/24,9
20201020004230,192.168.1.1/24,-
20201020004231,192.168.1.1/24,-
20201020004232,192.168.1.1/24,84
20201020004233,10.77.1.1/24,-
20201020004234,10.20.30.2/16,-
20201020004236,10.77.1.1/24,10
20201020004237,10.77.1.2/24,-
20201020004238,10.20.30.1/16,-
20201020004239,10.77.1.2/24,9
20201020004240,10.77.1.1/24,18
20201020004241,192.168.1.1/24,9
20201020004243,192.168.1.1/24,5
20201020004244,10.77.1.1/24,8
20201020004245,10.20.30.1/16,7
20201020004246,10.20.30.1/16,-
20201020004247,10.20.30.1/16,4
20201020004248,10.20.30.1/16,-
20201020004249,10.77.1.2/24,14
20201020004250,10.77.1.2/24,-
20201020004251,192.168.1.1/24,7
20201020004252,192.168.1.1/24,3
20201020004253,10.20.30.1/16,-
20201020004254,192.168.1.1/24,15
20201020004255,10.77.1.1/24,2
20201020004256,10.20.30.2/16,7
20201020004258,10.20.30.2/16,-
20201020004259,10.77.1.1/24,2
20201020004300,10.20.30.1/16,6
20201020004301,10.77.1.2/24,-
20201020004302,192.168.1.1/24,3
20201020004304,10.77.1.2/24,4
20201020004305,10.20.30.1/16,8
20201020004307,10.77.1.2/24,91
20201020004308,10.77.1.2/24,38
20201020004309,10.77.1.2/24,29
20201020004310,10.20.30.2/16,5
20201020004311,10.77.1.2/24,7
20201020004312,192.168.1.2/24,-
20201020004313,10.77.1.2/24,7
20201020004315,10.20.30.2/16,61
20201020004317,10.20.30.1/16,79
20201020004318,10.20.30.2/16,2
20201020004320,192.168.1.2/24,2
20201020004321,192.168.1.1/24,2
20201020004322,192.168.1.2/24,46
20201020004323,10.20.30.1/16,1
20201020004325,10.20.30.2/16,6
20201020004327,10.77.1.1/24,9
20201020004328,10.20.30.2/16,6
20201020004329,192.168.1.2/24,9
20201020004330,192.168.1.2/24,9
20201020004331,192.168.1.2/24,5
20201020004333,10.20.30.2/16,10
20201020004335,192.168.1.1/24,8
20201020004336,10.77.1.2/24,6
20201020004337,10.20.30.2/16,1
20201020004339,10.20.30.2/16,2
20201020004340,10.20.30.1/16,1
20201020004341,10.77.1.1/24,-
20201020004342,192.168.1.2/24,5
20201020004343,10.20.30.1/16,-
20201020004344,10.77.1.1/24,7
20201020004345,10.77.1.1/24,-
20201020004347,192.168.1.1/24,-
20201020004348,10.20.30.2/16,16
20201020004349,192.168.1.2/24,-
20201020004350,10.20.30.1/16,9
20201020004352,10.77.1.2/24,8
20201020004353,10.20.30.1/16,-
20201020004354,192.168.1.1/24,1
20201020004355,192.168.1.2/24,-
20201020004357,10.77.1.1/24,15
20201020004358,10.20.30.1/16,6
20201020004359,10.77.1.2/24,15
20201020004401,10.77.1.1/24,74
20201020004403,10.20.30.2/16,9
20201020004404,192.168.1.1/24,13
20201020004405,192.168.1.2/24,-
20201020004407,10.77.1.1/24,2
20201020004408,10.77.1.2/24,-
20201020004409,10.77.1.2/24,-
20201020004411,192.168.1.2/24,9
20201020004412,10.77.1.1/24,8
20201020004413,10.77.1.2/24,7
20201020004414,10.77.1.1/24,12
20201020004415,10.77.1.2/24,-
20201020004417,192.168.1.1/24,-
20201020004418,10.20.30.1/16,39
20201020004419,10.20.30.1/16,2
20201020004420,10.20.30.2/16,7
20201020004422,192.168.1.1/24,-
20201020004423,192.168.1.1/24,3
20201020004425,10.77.1.1/24,-
20201020004427,192.168.1.2/24,-
20201020004428,192.168.1.1/24,82
20201020004430,10.20.30.2/16,8
20201020004432,192.168.1.1/24,5
20201020004434,10.77.1.1/24,-
20201020004435,10.20.30.2/16,6
20201020004436,10.77.1.1/24,34
20201020004437,192.168.1.2/24,6
20201020004438,10.20.30.2/16,4
20201020004439,192.168.1.2/24,4
20201020004440,192.168.1.1/24,3
20201020004441,10.20.30.2/16,-
20201020004442,192.168.1.2/24,4
20201020004443,10.77.1.1/24,2
20201020004444,10.20.30.1/16,9
20201020004445,192.168.1.1/24,-
20201020004446,192.168.1.1/24,-
20201020004447,10.20.30.2/16,-
20201020004448,10.77.1.2/24,23
20201020004450,10.20.30.1/16,-
20201020004451,10.77.1.2/24,7
20201020004453,192.168.1.2/24,98
20201020004454,10.20.30.2/16,-
20201020004455,10.77.1.2/24,1
20201020004456,10.20.30.1/16,2
20201020004457,10.77.1.2/24,-
20201020004458,192.168.1.1/24,1
20201020004500,192.168.1.2/24,-
20201020004501,192.168.1.1/24,6
20201020004502,10.20.30.2/16,7
20201020004503,192.168.1.1/24,7
20201020004504,10.20.30.1/16,-
20201020004505,192.168.1.2/24,6
20201020004506,192.168.1.2/24,25
20201020004507,192.168.1.2/24,4
20201020004508,10.77.1.2/24,4
20201020004509,10.77.1.1/24,6
20201020004510,192.168.1.1/24,9
20201020004511,192.168.1.2/24,69
20201020004513,10.77.1.2/24,1
20201020004515,10.20.30.2/16,-
20201020004516,192.168.1.1/24,52
20201020004517,10.77.1.1/24,75
20201020004518,10.20.30.1/16,-
20201020004520,192.168.1.2/24,47
20201020004521,10.20.30.2/16,6
20201020004522,192.168.1.1/24,-
20201020004524,10.77.1.1/24,-
20201020004526,10.20.30.2/16,6
20201020004527,10.77.1.2/24,1
20201020004529,10.20.30.2/16,-
20201020004530,192.168.1.1/24,9
20201020004531,10.20.30.2/16,7
20201020004532,10.20.30.2/16,52
20201020004533,192.168.1.2/24,17
20201020004535,10.77.1.2/24,-
20201020004536,10.77.1.1/24,7
20201020004537,10.77.1.1/24,13
20201020004539,10.20.30.2/16,9
20201020004540,192.168.1.1/24,36
20201020004541,10.20.30.1/16,16
20201020004543,192.168.1.1/24,8
20201020004544,10.20.30.2/16,-
20201020004545,192.168.1.2/24,-
20201020004547,10.20.30.1/16,3
20201020004548,10.20.30.1/16,-
20201020004549,192.168.1.2/24,3
20201020004550,10.20.30.1/16,7
20201020004551,10.77.1.2/24,18
20201020004552,10.77.1.2/24,9
20201020004553,10.20.30.1/16,92
20201020004554,10.20.30.1/16,4
20201020004556,192.168.1.1/24,5
20201020004557,192.168.1.2/24,11
20201020004558,10.20.30.1/16,21
20201020004559,10.77.1.1/24,6
20201020004601,192.168.1.1/24,8
20201020004602,10.20.30.2/16,46
20201020004603,192.168.1.2/24,27
20201020004604,10.20.30.2/16,3
20201020004605,10.20.30.2/16,-
20201020004606,10.20.30.1/16,-
20201020004608,10.77.1.1/24,5
20201020004609,10.77.1.2/24,5
20201020004610,192.168.1.1/24,-
20201020004611,10.20.30.1/16,21
20201020004612,10.20.30.1/16,5
20201020004613,192.168.1.1/24,3
20201020004614,192.168.1.1/24,7
20201020004615,10.20.30.2/16,-
20201020004616,10.20.30.2/16,6
20201020004617,192.168.1.2/24,8
20201020004618,10.20.30.2/16,5
20201020004619,10.77.1.1/24,6
20201020004621,192.168.1.2/24,5
20201020004622,10.20.30.1/16,-
20201020004623,10.20.30.2/16,6
20201020004624,192.168.1.1/24,41
20201020004626,10.77.1.1/24,7
20201020004627,10.20.30.2/16,2
20201020004628,10.77.1.2/24,-
20201020004629,10.20.30.2/16,9
20201020004631,10.77.1.2/24,4
20201020004633,192.168.1.1/24,32
20201020004635,192.168.1.1/24,27
20201020004636,192.168.1.1/24,29
20201020004638,10.77.1.2/24,-
20201020004639,10.20.30.1/16,74
20201020004640,192.168.1.1/24,-
20201020004642,10.20.30.2/16,4
20201020004643,192.168.1.2/24,19
20201020004644,10.20.30.1/16,48
20201020004645,10.20.30.1/16,8
20201020004647,10.77.1.2/24,7
20201020004648,10.77.1.2/24,-
20201020004649,10.20.30.1/16,3
20201020004651,10.20.30.1/16,-
20201020004653,10.20.30.2/16,6
20201020004655,10.77.1.1/24,1
20201020004656,10.77.1.2/24,3
20201020004657,192.168.1.1/24,-
20201020004658,10.77.1.1/24,7
20201020004659,10.77.1.1/24,-
20201020004700,10.77.1.1/24,51
20201020004701,192.168.1.2/24,-
20201020004702,10.20.30.2/16,6
20201020004703,10.77.1.1/24,-
20201020004704,192.168.1.2/24,16
20201020004705,10.77.1.1/24,74
20201020004706,192.168.1.1/24,48
20201020004707,10.20.30.2/16,-
20201020004708,192.168.1.1/24,3
20201020004709,10.20.30.2/16,7
20201020004710,192.168.1.2/24,95
20201020004712,10.77.1.2/24,7
20201020004713,10.77.1.2/24,4
20201020004714,10.77.1.1/24,-
20201020004715,192.168.1.1/24,1
20201020004716,10.20.30.1/16,57
20201020004718,10.77.1.2/24,40
20201020004720,10.77.1.1/24,-
20201020004721,10.77.1.2/24,8
20201020004722,10.20.30.2/16,99
20201020004724,10.20.30.2/16,29
20201020004725,192.168.1.2/24,2
20201020004726,10.77.1.2/24,7
20201020004727,10.77.1.2/24,59
20201020004729,192.168.1.2/24,4
20201020004730,192.168.1.1/24,-
20201020004731,192.168.1.1/24,-
20201020004732,10.20.30.1/16,-
20201020004733,192.168.1.2/24,9
20201020004734,192.168.1.1/24,69
20201020004735,10.20.30.2/16,1
20201020004736,10.77.1.1/24,9
20201020004737,10.77.1.1/24,4
20201020004738,10.77.1.2/24,80
20201020004740,10.20.30.2/16,1
20201020004741,10.20.30.2/16,9
20201020004742,10.77.1.1/24,8
20201020004743,10.20.30.2/16,6
20201020004744,192.168.1.1/24,99
20201020004746,10.77.1.2/24,1
20201020004747,192.168.1.2/24,2
20201020004749,10.77.1.1/24,3
20201020004750,10.20.30.2/16,80
20201020004751,10.20.30.2/16,-
20201020004753,10.77.1.1/24,-
20201020004754,10.20.30.2/16,27
20201020004756,192.168.1.2/24,-
20201020004758,10.20.30.1/16,23
20201020004759,10.20.30.1/16,87
20201020004801,10.77.1.2/24,-
20201020004802,10.77.1.1/24,-
20201020004803,192.168.1.2/24,2
20201020004804,192.168.1.2/24,5
20201020004805,10.77.1.2/24,3
20201020004806,192.168.1.1/24,1
20201020004807,192.168.1.1/24,1
20201020004808,192.168.1.1/24,7
20201020004809,192.168.1.2/24,1
20201020004810,10.77.1.1/24,3
20201020004811,192.168.1.2/24,9
20201020004812,10.20.30.1/16,16
20201020004813,192.168.1.2/24,7
20201020004814,192.168.1.1/24,11
20201020004815,10.20.30.2/16,-
20201020004816,10.77.1.2/24,10
20201020004817,10.77.1.2/24,-
20201020004819,10.77.1.2/24,4
20201020004820,192.168.1.1/24,1
20201020004822,192.168.1.1/24,-
20201020004823,192.168.1.1/24,17
20201020004824,10.20.30.2/16,79
20201020004825,10.77.1.1/24,-
20201020004826,10.77.1.1/24,37
20201020004827,192.168.1.1/24,3
20201020004828,192.168.1.1/24,6
20201020004830,10.77.1.1/24,3
20201020004831,10.77.1.2/24,9
20201020004833,10.77.1.1/24,5
20201020004834,10.77.1.2/24,8
20201020004835,192.168.1.2/24,3
20201020004836,192.168.1.2/24,6
20201020004837,10.77.1.2/24,-
20201020004838,10.20.30.1/16,-
20201020004839,192.168.1.2/24,7
20201020004840,192.168.1.2/24,-
20201020004842,192.168.1.1/24,-
20201020004843,10.77.1.1/24,98
20201020004844,10.20.30.1/16,-
20201020004846,192.168.1.1/24,-
20201020004848,10.20.30.1/16,1
20201020004849,192.168.1.1/24,4
20201020004850,10.20.30.2/16,-
20201020004852,10.77.1.1/24,61
20201020004854,10.77.1.1/24,4
20201020004855,192.168.1.1/24,95
20201020004856,192.168.1.1/24,7
20201020004857,192.168.1.2/24,23
20201020004859,192.168.1.1/24,1
20201020004900,192.168.1.2/24,8
20201020004901,192.168.1.2/24,-
20201020004902,10.20.30.2/16,-
20201020004903,10.20.30.1/16,-
20201020004905,192.168.1.1/24,13
20201020004906,10.20.30.2/16,-
20201020004908,10.20.30.1/16,8
20201020004909,192.168.1.1/24,2
20201020004910,192.168.1.1/24,8
20201020004911,192.168.1.1/24,-
20201020004912,192.168.1.1/24,-
20201020004914,192.168.1.2/24,6
20201020004916,10.77.1.2/24,8
20201020004917,10.77.1.1/24,4
20201020004919,10.20.30.2/16,24
20201020004920,10.77.1.1/24,5
20201020004921,10.20.30.1/16,-
20201020004923,192.168.1.2/24,3
20201020004925,192.168.1.1/24,5
20201020004926,10.77.1.2/24,-
20201020004927,192.168.1.1/24,25
20201020004928,192.168.1.2/24,-
20201020004929,192.168.1.1/24,1
20201020004931,10.77.1.2/24,5
20201020004933,192.168.1.1/24,4
20201020004934,10.77.1.1/24,6
20201020004936,192.168.1.1/24,-
20201020004937,10.77.1.2/24,2
20201020004939,192.168.1.2/24,1
20201020004940,10.77.1.1/24,1
20201020004941,192.168.1.1/24,-
20201020004942,10.20.30.2/16,2
20201020004943,192.168.1.1/24,5
20201020004944,192.168.1.2/24,7
20201020004946,10.20.30.1/16,-
20201020004947,10.77.1.2/24,-
20201020004948,192.168.1.1/24,-
20201020004949,10.77.1.1/24,-
20201020004950,192.168.1.1/24,28
20201020004951,192.168.1.2/24,-
20201020004952,10.20.30.2/16,4
20201020004953,10.20.30.1/16,53
20201020004954,10.20.30.1/16,8
20201020004956,192.168.1.1/24,76
20201020004958,10.20.30.1/16,-
20201020004959,10.20.30.2/16,4
20201020005000,10.77.1.1/24,3
20201020005001,10.20.30.1/16,9
20201020005002,10.20.30.2/16,7
20201020005004,10.77.1.1/24,-
20201020005005,10.20.30.1/16,1
20201020005006,10.20.30.1/16,9
20201020005007,192.168.1.2/24,5
20201020005008,10.77.1.1/24,95
20201020005009,10.20.30.2/16,73
20201020005011,192.168.1.2/24,33
20201020005012,10.20.30.1/16,36
20201020005013,192.168.1.1/24,9
20201020005014,10.20.30.1/16,-
20201020005015,192.168.1.2/24,1
20201020005016,192.168.1.1/24,20
20201020005017,10.77.1.2/24,9
20201020005018,10.20.30.2/16,3
20201020005020,10.77.1.1/24,9
20201020005022,10.77.1.2/24,4
20201020005023,192.168.1.2/24,6
20201020005024,10.20.30.2/16,-
20201020005025,10.20.30.2/16,-
20201020005026,192.168.1.2/24,5
20201020005028,10.77.1.1/24,6
20201020005029,10.77.1.2/24,5
20201020005031,10.20.30.1/16,12
20201020005032,192.168.1.1/24,17
20201020005033,10.20.30.1/16,24
20201020005034,192.168.1.1/24,-
20201020005035,10.20.30.1/16,-
20201020005036,192.168.1.2/24,6
20201020005037,10.77.1.2/24,19
20201020005038,192.168.1.1/24,2
20201020005040,192.168.1.1/24,5
20201020005041,192.168.1.2/24,2
20201020005043,10.77.1.2/24,14
20201020005044,192.168.1.1/24,15
20201020005045,10.77.1.1/24,8
20201020005046,192.168.1.1/24,95
20201020005047,10.77.1.2/24,-
20201020005048,192.168.1.2/24,7
20201020005049,10.77.1.1/24,2
20201020005050,192.168.1.1/24,8
20201020005051,192.168.1.2/24,4
20201020005052,10.20.30.2/16,-
20201020005053,10.77.1.1/24,88
20201020005055,10.77.1.2/24,-
20201020005056,10.77.1.2/24,4
20201020005057,10.77.1.1/24,86
20201020005058,10.20.30.1/16,59
20201020005059,192.168.1.2/24,-
20201020005100,192.168.1.2/24,9
20201020005101,10.20.30.1/16,35
20201020005102,10.20.30.2/16,5
20201020005103,10.77.1.1/24,47
20201020005104,10.20.30.1/16,69
20201020005105,10.77.1.1/24,7
20201020005106,10.20.30.2/16,62
20201020005108,10.77.1.2/24,7
20201020005109,192.168.1.2/24,15
20201020005110,10.20.30.2/16,-
20201020005111,10.20.30.1/16,6
20201020005112,192.168.1.2/24,54
20201020005113,192.168.1.1/24,6
20201020005114,192.168.1.1/24,-
20201020005115,10.20.30.1/16,8
20201020005116,10.20.30.2/16,-
20201020005118,10.20.30.2/16,6
20201020005119,10.20.30.2/16,-
20201020005121,192.168.1.1/24,1
20201020005123,10.20.30.1/16,55
20201020005124,10.77.1.2/24,7
20201020005125,10.20.30.2/16,43
20201020005126,10.20.30.2/16,-
20201020005127,192.168.1.2/24,4
20201020005128,10.20.30.2/16,5
20201020005130,10.20.30.2/16,6
20201020005131,10.77.1.2/24,9
20201020005133,10.20.30.1/16,3
20201020005135,10.20.30.1/16,1
20201020005136,10.77.1.1/24,11
20201020005138,10.20.30.2/16,3
20201020005139,192.168.1.2/24,98
20201020005140,10.77.1.1/24,5
20201020005141,10.20.30.2/16,-
20201020005142,10.77.1.2/24,7
20201020005143,192.168.1.2/24,3
20201020005144,10.20.30.1/16,4
20201020005145,10.20.30.2/16,9
20201020005146,10.20.30.1/16,4
20201020005147,10.20.30.2/16,-
20201020005148,192.168.1.2/24,3
20201020005150,10.20.30.2/16,-
20201020005151,10.77.1.2/24,4
20201020005152,10.77.1.1/24,3
20201020005154,10.20.30.1/16,1
20201020005155,192.168.1.2/24,8
20201020005157,10.20.30.2/16,6
20201020005158,192.168.1.1/24,4
20201020005200,10.77.1.2/24,68
20201020005201,10.77.1.2/24,-
20201020005202,192.168.1.2/24,-
20201020005203,192.168.1.1/24,9
20201020005204,10.77.1.2/24,5
20201020005205,10.20.30.1/16,-
20201020005206,10.20.30.1/16,-
20201020005208,10.20.30.1/16,4
20201020005209,192.168.1.2/24,4
20201020005211,10.20.30.2/16,8
20201020005212,10.77.1.1/24,5
20201020005213,10.77.1.2/24,-
20201020005214,192.168.1.1/24,29
20201020005215,192.168.1.2/24,-
20201020005217,10.20.30.2/16,-
20201020005218,10.77.1.2/24,9
20201020005220,10.20.30.2/16,6
20201020005222,192.168.1.2/24,7
20201020005223,10.77.1.1/24,5
20201020005224,10.20.30.2/16,3
20201020005225,192.168.1.2/24,1
20201020005226,10.20.30.2/16,-
20201020005227,10.20.30.2/16,29
20201020005228,192.168.1.1/24,-
20201020005229,10.77.1.1/24,3
20201020005230,10.77.1.1/24,8
20201020005231,10.77.1.1/24,36
20201020005232,10.20.30.1/16,33
20201020005233,192.168.1.2/24,-
20201020005234,10.77.1.2/24,3
20201020005236,10.20.30.2/16,2
20201020005238,10.20.30.2/16,-
20201020005239,192.168.1.2/24,-
20201020005240,10.77.1.2/24,42
20201020005241,10.20.30.1/16,92
20201020005242,192.168.1.2/24,82
20201020005243,10.20.30.1/16,9
20201020005245,10.77.1.1/24,71
20201020005247,10.77.1.1/24,4
20201020005248,192.168.1.2/24,7
20201020005249,10.20.30.2/16,4
20201020005250,10.20.30.1/16,11
20201020005251,10.20.30.2/16,13
20201020005252,10.20.30.1/16,7
20201020005254,10.77.1.2/24,9
20201020005255,10.77.1.2/24,-
20201020005256,192.168.1.1/24,-
20201020005257,192.168.1.2/24,-
20201020005258,10.77.1.2/24,2
20201020005259,192.168.1.1/24,8
20201020005301,192.168.1.2/24,6
20201020005302,192.168.1.1/24,6
20201020005303,192.168.1.1/24,9
20201020005305,10.20.30.1/16,99
20201020005307,192.168.1.2/24,3
20201020005308,10.20.30.2/16,7
20201020005310,192.168.1.2/24,23
20201020005311,10.77.1.1/24,2
20201020005312,10.20.30.1/16,-
20201020005314,192.168.1.2/24,-
20201020005315,10.77.1.1/24,8
20201020005317,192.168.1.1/24,-
20201020005318,10.20.30.2/16,-
20201020005320,10.20.30.2/16,85
20201020005321,192.168.1.2/24,-
20201020005323,10.77.1.2/24,5
20201020005324,10.20.30.2/16,95
20201020005325,10.20.30.2/16,15
20201020005326,10.20.30.1/16,-
20201020005327,192.168.1.2/24,2
20201020005328,192.168.1.2/24,11
20201020005329,10.77.1.1/24,4
20201020005331,192.168.1.2/24,7
20201020005333,10.20.30.1/16,17
20201020005335,10.20.30.1/16,-
20201020005336,10.20.30.1/16,30
20201020005337,192.168.1.1/24,4
20201020005338,10.77.1.2/24,37
20201020005339,192.168.1.2/24,3
20201020005340,192.168.1.2/24,4
20201020005342,192.168.1.2/24,9
20201020005344,192.168.1.1/24,89
20201020005345,10.20.30.2/16,5
20201020005346,10.20.30.1/16,8
20201020005347,192.168.1.2/24,7
20201020005348,10.20.30.2/16,6
20201020005349,192.168.1.1/24,4
20201020005350,192.168.1.2/24,76
20201020005351,10.77.1.1/24,3
20201020005352,10.20.30.1/16,4
20201020005353,10.77.1.2/24,7
20201020005355,10.20.30.2/16,46
20201020005356,10.20.30.1/16,-
20201020005357,10.20.30.1/16,-
20201020005358,10.77.1.2/24,6
20201020005359,10.20.30.1/16,1
20201020005400,10.77.1.1/24,7
20201020005401,10.77.1.2/24,9
20201020005402,192.168.1.1/24,-
20201020005403,192.168.1.2/24,7
20201020005404,10.20.30.1/16,2
20201020005405,192.168.1.2/24,7
20201020005406,192.168.1.2/24,56
20201020005407,192.168.1.1/24,-
20201020005409,10.20.30.1/16,9
20201020005410,192.168.1.2/24,-
20201020005412,10.77.1.1/24,2
20201020005413,192.168.1.1/24,7
20201020005414,192.168.1.1/24,5
20201020005415,10.20.30.1/16,93
20201020005417,10.20.30.2/16,4
20201020005418,10.20.30.2/16,2
20201020005419,10.20.30.2/16,5
20201020005421,192.168.1.1/24,3
20201020005422,10.77.1.1/24,4
20201020005424,10.77.1.2/24,6
20201020005425,192.168.1.2/24,1
20201020005426,10.77.1.1/24,9
20201020005427,10.77.1.1/24,1
20201020005428,192.168.1.2/24,-
20201020005429,192.168.1.1/24,-
20201020005430,10.77.1.1/24,2
20201020005431,10.77.1.1/24,2
20201020005432,192.168.1.2/24,7
20201020005434,192.168.1.2/24,8
20201020005436,192.168.1.2/24,9
20201020005437,192.168.1.2/24,7
20201020005438,192.168.1.1/24,36
20201020005439,192.168.1.2/24,9
20201020005440,10.77.1.1/24,48
20201020005441,10.20.30.2/16,8
20201020005442,10.20.30.2/16,14
20201020005443,10.20.30.2/16,9
20201020005444,10.20.30.1/16,4
20201020005445,10.77.1.2/24,4
20201020005446,192.168.1.1/24,3
20201020005447,192.168.1.1/24,4
20201020005448,10.20.30.1/16,-
20201020005449,10.20.30.2/16,11
20201020005450,10.20.30.2/16,63
20201020005451,10.77.1.1/24,-
20201020005452,10.20.30.1/16,58
20201020005454,10.77.1.1/24,5
20201020005455,192.168.1.1/24,5
20201020005457,192.168.1.2/24,1
20201020005458,10.77.1.2/24,56
20201020005459,192.168.1.2/24,3
20201020005501,192.168.1.1/24,-
20201020005502,192.168.1.1/24,9
20201020005503,10.77.1.1/24,5
20201020005504,10.20.30.2/16,-
20201020005505,10.77.1.2/24,-
20201020005507,10.20.30.1/16,6
20201020005508,10.20.30.2/16,-
20201020005510,10.20.30.1/16,5
20201020005511,10.77.1.1/24,15
20201020005512,192.168.1.1/24,-
20201020005513,10.77.1.1/24,8
20201020005514,192.168.1.2/24,54
20201020005515,10.20.30.2/16,-
20201020005516,10.20.30.1/16,7
20201020005517,10.20.30.2/16,60
20201020005519,10.77.1.1/24,9
20201020005520,10.20.30.2/16,95
20201020005521,10.77.1.2/24,-
20201020005522,10.20.30.2/16,77
20201020005523,10.77.1.2/24,-
20201020005524,192.168.1.2/24,7
20201020005525,10.77.1.1/24,8
20201020005526,10.77.1.2/24,5
20201020005527,10.20.30.2/16,4
20201020005528,192.168.1.1/24,-
20201020005529,10.20.30.2/16,16
20201020005530,10.20.30.2/16,9
20201020005532,10.20.30.2/16,6
20201020005533,10.77.1.1/24,7
20201020005534,192.168.1.2/24,-
20201020005535,192.168.1.2/24,3
20201020005536,10.20.30.2/16,8
20201020005537,192.168.1.1/24,59
20201020005538,10.20.30.2/16,2
20201020005539,10.77.1.1/24,5
20201020005540,10.77.1.1/24,98
20201020005541,10.20.30.1/16,9
20201020005542,10.20.30.2/16,44
20201020005543,10.77.1.1/24,5
20201020005544,10.77.1.1/24,-
20201020005545,192.168.1.1/24,3
20201020005546,10.77.1.2/24,-
20201020005548,192.168.1.2/24,-
20201020005549,10.77.1.1/24,5
20201020005550,10.20.30.2/16,8
20201020005551,192.168.1.2/24,-
20201020005552,192.168.1.2/24,-
20201020005553,10.20.30.1/16,-
20201020005554,10.77.1.2/24,-
20201020005555,10.77.1.1/24,-
20201020005556,10.77.1.1/24,3
20201020005558,10.77.1.1/24,-
20201020005559,10.20.30.2/16,5
20201020005600,192.168.1.2/24,56
20201020005601,10.77.1.2/24,6
20201020005602,192.168.1.2/24,9
20201020005604,192.168.1.2/24,-
20201020005606,10.77.1.2/24,-
20201020005607,10.20.30.2/16,-
20201020005608,192.168.1.2/24,29
20201020005609,10.20.30.2/16,40
20201020005610,10.77.1.2/24,23
20201020005611,10.77.1.1/24,5
20201020005612,192.168.1.2/24,-
20201020005613,10.20.30.1/16,-
20201020005614,10.20.30.1/16,7
20201020005615,10.77.1.2/24,6
20201020005616,10.20.30.2/16,6
20201020005617,10.20.30.1/16,4
20201020005619,192.168.1.2/24,-
20201020005620,10.20.30.1/16,59
20201020005622,10.77.1.1/24,5
20201020005623,192.168.1.1/24,1
20201020005624,10.20.30.1/16,17
20201020005625,10.20.30.2/16,7
20201020005626,192.168.1.1/24,8
20201020005627,10.77.1.1/24,38
20201020005629,10.20.30.2/16,5
20201020005630,10.77.1.1/24,26
20201020005632,192.168.1.1/24,2
20201020005633,192.168.1.1/24,43
20201020005635,192.168.1.1/24,8
20201020005636,10.77.1.2/24,9
20201020005638,10.77.1.1/24,9
20201020005640,10.77.1.1/24,7
20201020005642,10.20.30.1/16,65
20201020005643,192.168.1.1/24,4
20201020005644,10.20.30.2/16,1
20201020005645,192.168.1.2/24,53
20201020005646,10.77.1.1/24,4
20201020005647,10.20.30.1/16,7
20201020005648,10.77.1.2/24,-
20201020005649,10.77.1.1/24,9
20201020005651,10.20.30.1/16,18
20201020005652,10.20.30.2/16,1
20201020005654,192.168.1.1/24,5
20201020005655,10.77.1.1/24,5
20201020005657,192.168.1.2/24,7
20201020005658,10.77.1.1/24,73
20201020005659,10.77.1.1/24,-
20201020005700,10.20.30.2/16,-
20201020005701,10.20.30.1/16,10
20201020005702,10.20.30.1/16,9
20201020005703,10.77.1.1/24,-
20201020005704,10.77.1.2/24,15
20201020005705,192.168.1.1/24,7
20201020005706,10.20.30.2/16,4
20201020005708,192.168.1.2/24,-
20201020005709,192.168.1.1/24,79
20201020005710,192.168.1.1/24,73
20201020005711,10.20.30.1/16,6
20201020005712,192.168.1.2/24,-
20201020005713,192.168.1.1/24,12
20201020005714,10.20.30.1/16,5
20201020005715,192.168.1.2/24,93
20201020005717,10.20.30.2/16,-
20201020005718,10.77.1.2/24,-
20201020005719,10.20.30.1/16,23
20201020005720,192.168.1.2/24,5
20201020005721,192.168.1.1/24,-
20201020005723,10.77.1.2/24,81
20201020005724,10.20.30.2/16,8
20201020005725,10.77.1.2/24,7
20201020005726,10.77.1.2/24,7
20201020005727,10.77.1.2/24,-
20201020005728,10.77.1.1/24,8
20201020005730,10.77.1.2/24,6
20201020005732,10.20.30.1/16,8
20201020005734,10.77.1.2/24,75
20201020005736,192.168.1.2/24,-
20201020005737,10.77.1.1/24,5
20201020005738,192.168.1.1/24,4
20201020005739,10.20.30.2/16,-
20201020005740,10.20.30.1/16,5
20201020005741,192.168.1.1/24,-
20201020005742,10.20.30.1/16,1
20201020005743,10.20.30.1/16,5
20201020005745,192.168.1.1/24,9
20201020005746,10.20.30.1/16,-
20201020005747,192.168.1.2/24,92
20201020005748,192.168.1.1/24,4
20201020005749,192.168.1.2/24,6
20201020005750,10.77.1.1/24,5
20201020005751,192.168.1.1/24,5
20201020005753,192.168.1.1/24,2
20201020005754,10.77.1.2/24,-
20201020005755,10.77.1.2/24,38
20201020005756,10.20.30.2/16,6
20201020005757,10.77.1.1/24,9
20201020005758,10.77.1.1/24,29
20201020005759,10.77.1.2/24,75
20201020005800,10.20.30.2/16,36
20201020005801,10.77.1.1/24,4
20201020005802,10.77.1.1/24,35
20201020005803,10.77.1.2/24,4
20201020005804,10.77.1.1/24,4
20201020005805,10.20.30.2/16,4
20201020005807,10.20.30.2/16,1
20201020005808,10.77.1.1/24,-
20201020005809,192.168.1.2/24,1
20201020005811,192.168.1.1/24,26
20201020005812,10.20.30.2/16,4
20201020005813,10.77.1.1/24,7
20201020005814,10.20.30.1/16,-
20201020005815,10.20.30.1/16,26
20201020005816,10.20.30.1/16,9
20201020005817,10.20.30.1/16,6
20201020005818,192.168.1.1/24,37
20201020005820,10.20.30.1/16,-
20201020005821,10.20.30.1/16,7
20201020005823,10.20.30.1/16,17
20201020005824,10.77.1.1/24,8
20201020005825,10.77.1.1/24,26
20201020005827,10.77.1.1/24,-
20201020005828,192.168.1.2/24,-
20201020005830,10.20.30.2/16,67
20201020005831,10.77.1.2/24,-
20201020005832,10.20.30.1/16,4
20201020005833,10.20.30.1/16,5
20201020005834,10.77.1.1/24,9
20201020005835,192.168.1.2/24,8
20201020005836,10.77.1.1/24,84
20201020005838,10.20.30.1/16,51
20201020005839,192.168.1.2/24,46
20201020005841,192.168.1.2/24,7
20201020005842,10.77.1.1/24,-
20201020005844,10.77.1.2/24,3
20201020005846,10.20.30.1/16,8
20201020005847,192.168.1.2/24,6
20201020005848,192.168.1.1/24,-
20201020005849,192.168.1.1/24,7
20201020005850,10.77.1.2/24,6
20201020005851,10.77.1.2/24,9
20201020005852,10.20.30.2/16,30
20201020005853,10.77.1.1/24,1
20201020005854,192.168.1.1/24,49
20201020005856,10.77.1.2/24,-
20201020005857,10.77.1.2/24,7
20201020005858,192.168.1.1/24,14
20201020005900,10.77.1.1/24,9
20201020005901,192.168.1.2/24,9
20201020005902,10.77.1.2/24,49
20201020005903,192.168.1.2/24,27
20201020005904,192.168.1.2/24,8
20201020005905,10.77.1.2/24,-
20201020005906,10.20.30.1/16,31
20201020005907,192.168.1.1/24,7
20201020005908,192.168.1.1/24,-
20201020005909,10.20.30.2/16,7
20201020005911,10.77.1.1/24,2
20201020005913,192.168.1.2/24,-
20201020005914,10.77.1.2/24,5
20201020005916,192.168.1.1/24,2
20201020005917,10.77.1.1/24,2
20201020005918,10.77.1.1/24,30
20201020005919,192.168.1.1/24,9
20201020005921,10.77.1.2/24,-
20201020005922,192.168.1.2/24,7
20201020005923,10.20.30.2/16,6
20201020005924,192.168.1.1/24,78
20201020005926,10.77.1.2/24,48
20201020005927,10.20.30.1/16,66
20201020005928,192.168.1.2/24,-
20201020005930,192.168.1.1/24,38
20201020005931,10.20.30.1/16,8
20201020005932,192.168.1.2/24,7
20201020005933,10.20.30.1/16,3
20201020005934,192.168.1.1/24,4
20201020005935,192.168.1.2/24,5
20201020005936,10.77.1.2/24,-
20201020005938,192.168.1.2/24,45
20201020005939,10.77.1.1/24,7
20201020005940,10.20.30.2/16,-
20201020005941,10.20.30.2/16,1
20201020005942,10.77.1.2/24,5
20201020005943,10.20.30.2/16,2
20201020005944,10.20.30.2/16,6
20201020005945,10.20.30.1/16,70
20201020005946,10.77.1.2/24,-
20201020005947,10.77.1.2/24,5
20201020005949,10.20.30.1/16,-
20201020005951,10.77.1.2/24,2
20201020005952,10.77.1.2/24,4
20201020005953,192.168.1.1/24,1
20201020005954,10.77.1.1/24,4
20201020005955,192.168.1.1/24,-
20201020005956,192.168.1.2/24,31
20201020005957,10.77.1.1/24,7
20201020005958,10.77.1.2/24,30
20201020005959,192.168.1.2/24,10
20201020010000,10.20.30.2/16,19
20201020010001,10.20.30.1/16,-
20201020010002,192.168.1.2/24,6
20201020010004,10.20.30.2/16,5
20201020010005,10.77.1.1/24,62
20201020010006,192.168.1.1/24,2
20201020010007,10.77.1.1/24,-
20201020010008,10.20.30.2/16,93
20201020010010,192.168.1.2/24,77
20201020010011,10.20.30.1/16,98
20201020010013,10.77.1.1/24,29
20201020010014,192.168.1.1/24,-
20201020010015,10.20.30.2/16,19
20201020010016,192.168.1.1/24,9
20201020010018,192.168.1.2/24,3
20201020010019,10.77.1.1/24,31
20201020010021,192.168.1.1/24,1
20201020010022,10.20.30.1/16,-
20201020010024,10.20.30.1/16,2
20201020010025,192.168.1.2/24,9
20201020010026,10.20.30.2/16,-
20201020010027,192.168.1.1/24,13
20201020010028,10.77.1.1/24,5
20201020010029,10.77.1.2/24,7
20201020010030,192.168.1.1/24,3
20201020010031,10.77.1.2/24,16
20201020010032,10.77.1.2/24,81
20201020010033,10.20.30.1/16,33
20201020010034,10.20.30.1/16,5
20201020010035,10.20.30.2/16,9
20201020010036,10.20.30.2/16,54
20201020010037,10.20.30.2/16,25
20201020010038,192.168.1.1/24,48
20201020010040,10.20.30.2/16,37
20201020010041,192.168.1.2/24,9
20201020010043,10.20.30.2/16,3
20201020010044,10.77.1.2/24,-
20201020010045,10.77.1.2/24,-
20201020010046,10.77.1.2/24,-
20201020010048,10.20.30.2/16,-
20201020010049,10.77.1.2/24,9
20201020010051,10.20.30.1/16,4
20201020010052,10.77.1.1/24,-
20201020010053,10.77.1.1/24,7
20201020010054,192.168.1.2/24,-
20201020010055,192.168.1.2/24,-
20201020010056,10.77.1.1/24,16
20201020010058,192.168.1.2/24,35
20201020010100,10.77.1.2/24,9
20201020010101,10.20.30.2/16,-
20201020010102,192.168.1.1/24,18
20201020010103,192.168.1.2/24,3
20201020010104,10.77.1.1/24,2
20201020010106,10.20.30.1/16,-
20201020010107,10.77.1.1/24,7
20201020010108,192.168.1.2/24,7
20201020010109,192.168.1.2/24,36
20201020010110,10.20.30.2/16,29
20201020010111,10.77.1.1/24,1
20201020010113,10.20.30.2/16,1
20201020010114,192.168.1.1/24,5
20201020010115,192.168.1.2/24,81
20201020010116,10.77.1.2/24,8
20201020010117,192.168.1.2/24,7
20201020010118,10.77.1.1/24,2
20201020010119,192.168.1.1/24,5
20201020010120,10.20.30.1/16,3
20201020010122,10.20.30.1/16,68
20201020010124,10.77.1.2/24,6
20201020010126,10.20.30.2/16,2
20201020010127,10.20.30.2/16,68
20201020010128,192.168.1.1/24,4
20201020010130,192.168.1.2/24,5
20201020010132,192.168.1.2/24,2
20201020010133,10.77.1.2/24,1
20201020010135,10.77.1.1/24,9
20201020010137,10.20.30.2/16,30
20201020010138,192.168.1.2/24,-
20201020010139,10.20.30.2/16,7
20201020010140,192.168.1.1/24,7
20201020010141,192.168.1.1/24,7
20201020010142,192.168.1.2/24,11
20201020010144,10.20.30.1/16,-
20201020010145,192.168.1.1/24,5
20201020010146,10.20.30.1/16,5
20201020010147,10.20.30.2/16,6
20201020010148,10.77.1.2/24,6
20201020010150,192.168.1.1/24,65
20201020010151,10.20.30.2/16,-
20201020010152,10.77.1.1/24,11
20201020010153,10.20.30.2/16,16
20201020010154,10.77.1.1/24,-
20201020010155,10.77.1.1/24,4
20201020010156,10.77.1.1/24,-
20201020010158,192.168.1.1/24,4
20201020010159,192.168.1.1/24,69
20201020010201,10.20.30.1/16,6
20201020010202,10.77.1.2/24,5
20201020010203,192.168.1.1/24,-
20201020010204,10.77.1.1/24,4
20201020010205,192.168.1.2/24,4
20201020010206,10.20.30.1/16,73
20201020010207,10.77.1.2/24,-
20201020010209,192.168.1.2/24,3
20201020010210,192.168.1.2/24,6
20201020010211,10.20.30.1/16,19
20201020010212,10.77.1.2/24,78
20201020010213,192.168.1.2/24,3
20201020010214,192.168.1.1/24,6
20201020010215,10.20.30.2/16,5
20201020010216,10.77.1.1/24,4
20201020010217,10.20.30.2/16,-
20201020010219,10.77.1.2/24,36
20201020010221,10.77.1.2/24,-
20201020010222,192.168.1.1/24,2
20201020010223,192.168.1.2/24,9
20201020010224,10.20.30.2/16,-
20201020010225,10.77.1.2/24,56
20201020010226,10.20.30.1/16,91
20201020010228,10.77.1.1/24,9
20201020010229,10.77.1.2/24,-
20201020010230,10.20.30.1/16,-
20201020010231,192.168.1.2/24,-
20201020010232,10.20.30.1/16,-
20201020010233,10.20.30.1/16,-
20201020010234,10.20.30.1/16,5
20201020010235,10.77.1.1/24,7
20201020010236,192.168.1.2/24,12
20201020010238,192.168.1.1/24,33
20201020010239,10.77.1.1/24,57
20201020010241,10.77.1.2/24,8
20201020010242,10.20.30.1/16,9
20201020010243,10.20.30.1/16,-
20201020010244,192.168.1.2/24,3
20201020010245,10.77.1.1/24,59
20201020010247,10.20.30.2/16,5
20201020010248,10.20.30.1/16,-
20201020010249,10.20.30.2/16,7
20201020010250,10.77.1.1/24,47
20201020010251,10.20.30.2/16,7
20201020010252,192.168.1.2/24,-
20201020010253,192.168.1.1/24,6
20201020010254,192.168.1.1/24,10
20201020010256,10.77.1.1/24,13
20201020010257,192.168.1.1/24,5
20201020010259,10.77.1.1/24,5
20201020010300,10.20.30.2/16,7
20201020010301,10.77.1.1/24,9
20201020010302,192.168.1.2/24,60
20201020010303,10.77.1.2/24,29
20201020010304,10.77.1.1/24,30
20201020010305,10.20.30.1/16,-
20201020010307,192.168.1.2/24,-
20201020010309,192.168.1.2/24,9
20201020010310,192.168.1.2/24,23
20201020010311,10.20.30.1/16,4
20201020010312,192.168.1.2/24,5
20201020010314,10.20.30.1/16,2
20201020010316,10.20.30.1/16,5
20201020010317,10.20.30.2/16,44
20201020010319,10.77.1.2/24,7
20201020010320,10.77.1.2/24,-
20201020010321,192.168.1.1/24,3
20201020010322,10.20.30.1/16,73
20201020010324,10.20.30.1/16,36
20201020010325,192.168.1.2/24,6
20201020010326,10.77.1.1/24,15
20201020010327,192.168.1.1/24,4
20201020010329,10.77.1.2/24,-
20201020010330,10.20.30.1/16,15
20201020010331,192.168.1.2/24,55
20201020010332,10.77.1.1/24,3
20201020010333,10.77.1.2/24,5
20201020010334,192.168.1.1/24,2
20201020010335,10.20.30.2/16,8
20201020010336,10.20.30.1/16,-
20201020010337,10.77.1.2/24,8
20201020010338,10.20.30.1/16,11
20201020010339,10.77.1.1/24,1
20201020010340,10.77.1.2/24,7
20201020010341,10.20.30.1/16,-
20201020010342,10.20.30.1/16,-
20201020010343,10.77.1.1/24,31
20201020010345,10.77.1.2/24,10
20201020010346,10.77.1.1/24,-
20201020010347,10.20.30.1/16,8
20201020010348,192.168.1.1/24,-
20201020010349,10.20.30.2/16,9
20201020010350,10.20.30.1/16,7
20201020010352,10.20.30.2/16,5
20201020010354,10.77.1.1/24,3
20201020010355,10.20.30.2/16,3
20201020010356,192.168.1.2/24,2
20201020010357,192.168.1.1/24,4
20201020010359,10.77.1.1/24,3
20201020010400,192.168.1.2/24,2
20201020010402,192.168.1.2/24,8
20201020010403,10.20.30.1/16,7
20201020010404,192.168.1.1/24,53
20201020010405,192.168.1.2/24,58
20201020010406,10.20.30.2/16,9
20201020010407,10.77.1.2/24,-
20201020010409,192.168.1.2/24,3
20201020010410,192.168.1.1/24,5
20201020010411,10.77.1.1/24,62
20201020010413,10.77.1.2/24,28
20201020010414,192.168.1.2/24,9
20201020010415,192.168.1.2/24,31
20201020010416,10.77.1.1/24,5
20201020010417,10.20.30.2/16,1
20201020010418,10.77.1.2/24,9
20201020010420,192.168.1.1/24,3
20201020010422,192.168.1.2/24,38
20201020010424,192.168.1.2/24,1
20201020010425,10.77.1.1/24,5
20201020010426,10.77.1.1/24,4
20201020010427,10.20.30.1/16,4
20201020010428,192.168.1.2/24,1
20201020010429,10.20.30.2/16,-
20201020010431,10.20.30.1/16,-
20201020010433,10.20.30.2/16,8
20201020010434,192.168.1.1/24,71
20201020010435,192.168.1.2/24,79
20201020010436,192.168.1.2/24,5
20201020010437,10.77.1.1/24,6
20201020010438,10.77.1.1/24,14
20201020010439,10.77.1.2/24,6
20201020010440,192.168.1.1/24,4
20201020010442,10.20.30.1/16,4
20201020010444,192.168.1.1/24,62
20201020010445,10.20.30.2/16,-
20201020010446,10.20.30.1/16,4
20201020010447,10.20.30.1/16,5
20201020010448,192.168.1.1/24,2
20201020010449,10.20.30.2/16,83
20201020010450,192.168.1.2/24,25
20201020010451,192.168.1.1/24,-
20201020010453,192.168.1.1/24,4
20201020010455,10.77.1.1/24,6
20201020010456,10.20.30.1/16,-
20201020010457,192.168.1.2/24,2
20201020010458,10.20.30.2/16,2
20201020010459,192.168.1.1/24,-
20201020010501,10.77.1.1/24,9
20201020010503,10.20.30.2/16,54
20201020010504,10.77.1.2/24,-
20201020010505,10.77.1.1/24,39
20201020010506,10.20.30.1/16,4
20201020010507,10.20.30.1/16,-
20201020010508,10.77.1.1/24,16
20201020010509,10.20.30.1/16,6
20201020010510,192.168.1.1/24,4
20201020010511,192.168.1.2/24,1
20201020010512,10.20.30.2/16,15
20201020010513,10.20.30.2/16,47
20201020010514,10.77.1.2/24,5
20201020010516,10.77.1.1/24,-
20201020010517,10.77.1.2/24,-
20201020010518,10.20.30.1/16,40
20201020010519,10.20.30.1/16,-
20201020010520,10.20.30.2/16,1
20201020010521,10.77.1.1/24,9
20201020010522,10.77.1.2/24,17
20201020010523,10.77.1.2/24,-
20201020010524,192.168.1.2/24,-
20201020010525,192.168.1.1/24,-
20201020010526,10.20.30.2/16,49
20201020010527,10.20.30.1/16,2
20201020010528,10.77.1.2/24,6
20201020010529,10.77.1.1/24,5
20201020010530,10.20.30.1/16,-
20201020010531,192.168.1.2/24,5
20201020010532,10.20.30.2/16,-
20201020010533,10.77.1.2/24,-
20201020010534,192.168.1.2/24,6
20201020010535,192.168.1.2/24,1
20201020010536,10.20.30.2/16,9
20201020010537,192.168.1.2/24,80
20201020010539,10.77.1.2/24,93
20201020010540,10.77.1.1/24,4
20201020010541,10.77.1.2/24,-
20201020010543,10.20.30.1/16,37
20201020010544,10.20.30.1/16,68
20201020010545,10.77.1.2/24,6
20201020010547,192.168.1.1/24,63
20201020010548,192.168.1.1/24,4
20201020010549,10.20.30.2/16,9
20201020010550,10.77.1.2/24,-
20201020010551,192.168.1.2/24,4
20201020010553,192.168.1.2/24,5
20201020010554,10.20.30.2/16,72
20201020010555,10.20.30.1/16,6
20201020010556,10.77.1.2/24,84
20201020010557,10.20.30.2/16,2
20201020010558,10.77.1.1/24,98
20201020010559,10.20.30.1/16,40
20201020010600,10.77.1.2/24,-
20201020010602,10.77.1.1/24,-
20201020010603,192.168.1.2/24,6
20201020010604,10.20.30.1/16,7
20201020010605,10.77.1.1/24,-
20201020010607,192.168.1.2/24,9
20201020010609,10.77.1.2/24,4
20201020010610,10.77.1.2/24,8
20201020010611,10.20.30.1/16,2
20201020010612,10.20.30.2/16,6
20201020010613,192.168.1.1/24,9
20201020010614,10.77.1.1/24,12
20201020010616,10.20.30.2/16,-
20201020010617,10.20.30.2/16,6
20201020010618,10.20.30.2/16,31
20201020010619,10.77.1.2/24,9
20201020010621,10.77.1.1/24,7
20201020010622,10.77.1.1/24,-
20201020010623,192.168.1.2/24,19
20201020010625,192.168.1.2/24,7
20201020010626,192.168.1.1/24,9
20201020010627,10.77.1.1/24,37
20201020010628,10.20.30.1/16,1
20201020010629,192.168.1.1/24,-
20201020010630,10.77.1.2/24,3
20201020010631,10.20.30.2/16,5
20201020010632,10.20.30.2/16,59
20201020010633,10.20.30.1/16,7
20201020010635,192.168.1.2/24,9
20201020010636,192.168.1.1/24,-
20201020010637,10.20.30.1/16,34
20201020010638,10.77.1.2/24,38
20201020010639,10.20.30.1/16,-
20201020010641,10.20.30.2/16,6
20201020010642,10.77.1.1/24,-
20201020010643,10.77.1.1/24,8
20201020010645,192.168.1.2/24,1
20201020010646,10.77.1.1/24,-
20201020010647,192.168.1.2/24,-
20201020010648,192.168.1.1/24,8
20201020010649,10.20.30.1/16,5
20201020010650,192.168.1.2/24,9
20201020010651,10.20.30.2/16,19
20201020010652,192.168.1.1/24,-
20201020010653,10.77.1.1/24,-
20201020010654,192.168.1.1/24,6
20201020010655,10.77.1.1/24,-
20201020010656,192.168.1.2/24,1
20201020010658,10.20.30.2/16,0
20201020010700,10.20.30.1/16,9
20201020010701,10.20.30.1/16,-
20201020010702,192.168.1.1/24,4
20201020010703,10.20.30.2/16,19
20201020010705,10.20.30.2/16,7
20201020010707,192.168.1.1/24,-
20201020010708,192.168.1.2/24,4
20201020010709,10.77.1.2/24,-
20201020010711,10.20.30.1/16,7
20201020010713,192.168.1.2/24,-
20201020010714,10.77.1.1/24,9
20201020010715,10.20.30.1/16,-
20201020010716,10.20.30.2/16,-
20201020010717,10.77.1.1/24,11
20201020010719,10.20.30.2/16,2
20201020010720,10.20.30.1/16,-
20201020010721,10.20.30.1/16,4
20201020010722,192.168.1.1/24,41
20201020010723,192.168.1.1/24,2
20201020010724,10.20.30.2/16,-
20201020010725,10.20.30.1/16,6
20201020010727,192.168.1.1/24,46
20201020010728,192.168.1.1/24,5
20201020010729,10.77.1.2/24,-
20201020010730,10.77.1.1/24,8
20201020010731,192.168.1.1/24,5
20201020010732,192.168.1.1/24,4
20201020010734,10.77.1.2/24,12
20201020010736,192.168.1.2/24,3
20201020010737,10.20.30.2/16,2
20201020010738,10.77.1.2/24,23
20201020010740,10.77.1.1/24,5
20201020010741,10.77.1.1/24,4
20201020010742,10.77.1.1/24,4
20201020010744,10.20.30.2/16,56
20201020010746,10.20.30.1/16,-
20201020010747,10.77.1.2/24,7
20201020010748,192.168.1.2/24,-
20201020010749,192.168.1.2/24,8
20201020010751,192.168.1.2/24,91
20201020010752,192.168.1.2/24,5
20201020010753,10.20.30.2/16,18
20201020010755,10.20.30.2/16,3
20201020010756,10.77.1.1/24,6
20201020010757,192.168.1.1/24,1
20201020010759,10.20.30.1/16,48
20201020010800,10.77.1.2/24,7
20201020010801,192.168.1.1/24,87
20201020010803,192.168.1.2/24,9
20201020010804,10.77.1.2/24,9
20201020010805,10.77.1.2/24,9
20201020010806,192.168.1.2/24,-
20201020010807,10.77.1.1/24,40
20201020010808,192.168.1.2/24,-
20201020010809,10.77.1.1/24,1
20201020010810,10.20.30.1/16,-
20201020010811,10.20.30.1/16,4
20201020010812,10.77.1.2/24,8
20201020010813,192.168.1.1/24,97
20201020010814,192.168.1.1/24,4
20201020010815,10.77.1.2/24,43
20201020010816,192.168.1.1/24,82
20201020010817,192.168.1.2/24,-
20201020010818,192.168.1.1/24,4
20201020010819,10.77.1.2/24,5
20201020010820,192.168.1.1/24,3
20201020010822,192.168.1.1/24,2
20201020010823,10.77.1.1/24,-
20201020010824,10.77.1.2/24,-
20201020010825,192.168.1.1/24,4
20201020010827,10.20.30.2/16,9
20201020010828,10.20.30.1/16,35
20201020010829,10.77.1.2/24,8
20201020010830,10.77.1.2/24,4
20201020010831,192.168.1.1/24,7
20201020010832,192.168.1.2/24,-
20201020010834,10.20.30.2/16,22
20201020010835,10.77.1.2/24,1
20201020010836,10.77.1.2/24,4
20201020010837,10.77.1.1/24,38
20201020010839,192.168.1.1/24,5
20201020010840,10.20.30.2/16,8
20201020010841,10.77.1.2/24,67
20201020010842,192.168.1.1/24,15
20201020010843,10.77.1.2/24,-
20201020010844,10.20.30.2/16,7
20201020010845,10.77.1.2/24,3
20201020010846,10.20.30.2/16,3
20201020010847,10.20.30.2/16,-
20201020010848,10.77.1.2/24,2
20201020010849,10.77.1.2/24,41
20201020010850,10.20.30.2/16,83
20201020010851,10.77.1.2/24,-
20201020010852,10.20.30.1/16,91
20201020010853,10.77.1.2/24,7
20201020010854,192.168.1.1/24,5
20201020010855,192.168.1.1/24,2
20201020010856,10.77.1.2/24,-
20201020010857,10.77.1.1/24,20
20201020010858,10.77.1.2/24,-
20201020010859,192.168.1.1/24,35
20201020010900,192.168.1.2/24,-
20201020010902,10.77.1.2/24,4
20201020010904,10.20.30.2/16,4
20201020010905,192.168.1.2/24,95
20201020010906,192.168.1.1/24,-
20201020010907,10.77.1.2/24,9
20201020010908,10.77.1.1/24,6
20201020010909,10.20.30.2/16,-
20201020010911,192.168.1.2/24,83
20201020010913,10.77.1.2/24,17
20201020010915,192.168.1.2/24,-
20201020010916,10.77.1.1/24,8
20201020010918,10.20.30.2/16,20
20201020010919,10.20.30.2/16,7
20201020010920,10.77.1.1/24,-
20201020010921,192.168.1.1/24,46
20201020010922,192.168.1.1/24,51
20201020010924,192.168.1.1/24,69
20201020010925,10.77.1.2/24,4
20201020010926,10.77.1.1/24,1
20201020010928,10.77.1.2/24,2
20201020010929,10.20.30.1/16,9
20201020010931,10.20.30.2/16,8
20201020010932,192.168.1.2/24,-
20201020010933,10.77.1.1/24,1
20201020010934,10.77.1.1/24,-
20201020010935,10.77.1.2/24,-
20201020010936,192.168.1.2/24,8
20201020010937,10.20.30.1/16,25
20201020010938,192.168.1.1/24,-
20201020010939,192.168.1.2/24,-
20201020010940,10.77.1.1/24,9
20201020010941,10.20.30.2/16,-
20201020010942,192.168.1.1/24,1
20201020010943,192.168.1.1/24,9
20201020010944,192.168.1.1/24,-
20201020010945,192.168.1.1/24,40
20201020010946,192.168.1.1/24,6
20201020010947,10.77.1.2/24,7
20201020010948,192.168.1.2/24,3
20201020010949,10.77.1.2/24,2
20201020010950,192.168.1.1/24,14
20201020010952,192.168.1.2/24,5
20201020010954,192.168.1.2/24,14
20201020010955,10.20.30.1/16,-
20201020010957,10.20.30.2/16,4
20201020010958,10.77.1.1/24,5
20201020010959,10.20.30.2/16,2
20201020011001,10.20.30.2/16,1
20201020011003,10.77.1.2/24,9
20201020011005,10.20.30.2/16,21
20201020011006,192.168.1.2/24,3
20201020011008,10.77.1.1/24,67
20201020011009,10.77.1.1/24,69
20201020011010,10.77.1.1/24,2
20201020011011,10.77.1.1/24,6
20201020011013,192.168.1.2/24,-
20201020011015,10.20.30.1/16,22
20201020011016,10.20.30.1/16,1
20201020011017,10.20.30.1/16,36
20201020011019,10.77.1.1/24,4
20201020011020,192.168.1.1/24,2
20201020011021,10.20.30.1/16,32
20201020011023,10.77.1.2/24,4
20201020011025,10.77.1.1/24,8
20201020011026,10.20.30.1/16,-
20201020011027,10.77.1.2/24,-
20201020011028,10.20.30.2/16,-
20201020011029,192.168.1.2/24,9
20201020011030,192.168.1.2/24,7
20201020011031,10.77.1.2/24,95
20201020011032,10.77.1.2/24,9
20201020011033,10.20.30.2/16,-
20201020011034,10.77.1.2/24,76
20201020011035,10.20.30.2/16,2
20201020011036,192.168.1.2/24,2
20201020011037,10.20.30.2/16,9
20201020011038,192.168.1.2/24,4
20201020011040,10.20.30.1/16,13
20201020011041,192.168.1.1/24,67
20201020011043,192.168.1.1/24,7
20201020011044,10.20.30.1/16,4
20201020011045,192.168.1.2/24,5
20201020011047,192.168.1.1/24,-
20201020011048,10.20.30.1/16,85
20201020011049,192.168.1.2/24,-
20201020011051,192.168.1.2/24,4
20201020011052,192.168.1.1/24,28
20201020011054,192.168.1.2/24,72
20201020011055,192.168.1.2/24,1
20201020011057,192.168.1.2/24,6
20201020011058,10.77.1.2/24,6
20201020011059,10.77.1.2/24,55
20201020011101,10.20.30.1/16,20
20201020011103,10.20.30.2/16,-
20201020011105,192.168.1.2/24,-
20201020011106,10.20.30.2/16,9
20201020011107,10.20.30.1/16,8
20201020011108,192.168.1.2/24,2
20201020011109,192.168.1.1/24,8
20201020011110,192.168.1.2/24,-
20201020011111,10.20.30.1/16,8
20201020011112,192.168.1.1/24,73
20201020011113,192.168.1.1/24,3
20201020011115,192.168.1.1/24,-
20201020011116,10.20.30.1/16,-
20201020011117,10.20.30.1/16,7
20201020011118,10.20.30.1/16,1
20201020011119,192.168.1.2/24,10
20201020011121,10.77.1.1/24,98
20201020011122,10.20.30.2/16,2
20201020011123,192.168.1.2/24,-
20201020011124,10.77.1.2/24,28
20201020011126,10.20.30.2/16,-
20201020011127,192.168.1.2/24,5
20201020011128,10.77.1.1/24,8
20201020011129,10.77.1.2/24,5
20201020011130,10.20.30.2/16,-
20201020011131,10.20.30.1/16,9
20201020011132,10.77.1.2/24,3
20201020011134,10.77.1.2/24,-
20201020011135,10.20.30.2/16,2
20201020011136,192.168.1.2/24,7
20201020011137,192.168.1.1/24,48
20201020011139,10.77.1.2/24,5
20201020011140,192.168.1.1/24,3
20201020011141,10.77.1.2/24,-
20201020011142,192.168.1.2/24,11
20201020011143,10.77.1.2/24,2
20201020011144,192.168.1.1/24,1
20201020011145,192.168.1.2/24,1
20201020011146,10.77.1.2/24,5
20201020011147,10.20.30.2/16,-
20201020011148,10.77.1.1/24,6
20201020011150,10.20.30.1/16,41
20201020011151,10.20.30.2/16,15
20201020011152,10.20.30.1/16,-
20201020011153,10.20.30.2/16,5
20201020011155,10.77.1.2/24,1
20201020011156,10.77.1.2/24,4
20201020011157,10.77.1.1/24,8
20201020011159,10.77.1.1/24,7
20201020011201,10.20.30.2/16,4
20201020011203,10.20.30.2/16,2
20201020011204,192.168.1.1/24,32
20201020011206,192.168.1.2/24,1
20201020011207,10.77.1.1/24,-
20201020011208,10.77.1.2/24,-
20201020011209,192.168.1.2/24,32
20201020011210,10.77.1.1/24,-
20201020011211,10.77.1.2/24,-
20201020011212,192.168.1.1/24,10
20201020011213,10.77.1.2/24,8
20201020011214,10.20.30.1/16,61
20201020011215,192.168.1.1/24,16
20201020011217,192.168.1.1/24,9
20201020011218,192.168.1.1/24,3
20201020011220,10.77.1.1/24,15
20201020011221,192.168.1.1/24,-
20201020011222,10.20.30.2/16,7
20201020011223,10.77.1.1/24,3
20201020011224,10.20.30.1/16,-
20201020011226,10.77.1.2/24,-
20201020011227,10.77.1.2/24,24
20201020011228,10.77.1.1/24,51
20201020011230,10.77.1.2/24,62
20201020011231,10.20.30.2/16,-
20201020011232,10.77.1.1/24,2
20201020011233,10.20.30.2/16,55
20201020011235,192.168.1.1/24,-
20201020011236,10.20.30.2/16,7
20201020011237,10.77.1.2/24,9
20201020011238,192.168.1.1/24,2
20201020011239,10.77.1.2/24,5
20201020011241,192.168.1.2/24,4
20201020011242,10.20.30.2/16,-
20201020011244,10.20.30.1/16,63
20201020011246,10.20.30.1/16,3
20201020011247,192.168.1.2/24,7
20201020011248,10.77.1.2/24,-
20201020011250,10.20.30.2/16,-
20201020011252,10.20.30.1/16,9
20201020011254,10.20.30.1/16,-
20201020011256,192.168.1.2/24,4
20201020011257,192.168.1.1/24,-
20201020011258,10.77.1.2/24,2
20201020011259,192.168.1.2/24,-
20201020011300,10.77.1.2/24,33
20201020011301,10.77.1.1/24,-
20201020011302,10.20.30.2/16,-
20201020011304,10.20.30.2/16,-
20201020011305,10.77.1.2/24,4
20201020011306,10.77.1.2/24,-
20201020011307,10.20.30.1/16,-
20201020011308,10.20.30.2/16,-
20201020011309,10.20.30.2/16,14
20201020011311,10.20.30.2/16,4
20201020011312,10.77.1.1/24,3
20201020011314,192.168.1.1/24,-
20201020011315,192.168.1.2/24,-
20201020011316,10.77.1.1/24,7
20201020011317,10.20.30.2/16,-
20201020011319,192.168.1.2/24,9
20201020011321,192.168.1.1/24,91
20201020011322,192.168.1.2/24,3
20201020011323,192.168.1.2/24,3
20201020011324,10.20.30.1/16,17
20201020011325,192.168.1.2/24,-
20201020011326,10.20.30.2/16,7
20201020011327,10.20.30.1/16,7
20201020011328,192.168.1.1/24,-
20201020011330,10.77.1.2/24,1
20201020011331,10.77.1.1/24,9
20201020011332,10.77.1.1/24,1
20201020011333,10.77.1.1/24,-
20201020011334,10.77.1.1/24,3
20201020011335,10.77.1.1/24,25
20201020011336,10.77.1.1/24,90
20201020011337,10.20.30.1/16,75
20201020011339,192.168.1.1/24,4
20201020011340,10.20.30.2/16,3
20201020011341,10.20.30.2/16,-
20201020011342,10.20.30.1/16,10
20201020011343,10.20.30.1/16,3
20201020011344,192.168.1.1/24,-
20201020011345,192.168.1.2/24,46
20201020011346,10.20.30.1/16,43
20201020011347,192.168.1.1/24,-
20201020011348,10.77.1.1/24,8
20201020011349,10.77.1.2/24,6
20201020011350,10.20.30.2/16,-
20201020011351,10.20.30.1/16,2
20201020011352,10.77.1.2/24,45
20201020011353,10.77.1.1/24,1
20201020011354,10.77.1.1/24,-
20201020011355,10.77.1.2/24,-
20201020011356,10.77.1.2/24,5
20201020011357,10.77.1.2/24,2
20201020011358,192.168.1.1/24,-
20201020011359,10.20.30.1/16,-
20201020011400,192.168.1.2/24,-
20201020011401,10.77.1.1/24,25
20201020011402,10.20.30.1/16,-
20201020011403,10.77.1.1/24,1
20201020011404,10.20.30.2/16,3
20201020011405,10.20.30.2/16,19
20201020011406,192.168.1.1/24,7
20201020011407,192.168.1.1/24,-
20201020011409,192.168.1.1/24,9
20201020011410,10.20.30.1/16,61
20201020011411,192.168.1.2/24,-
20201020011412,192.168.1.2/24,5
20201020011414,10.77.1.1/24,-
20201020011415,10.20.30.1/16,-
20201020011416,10.77.1.1/24,5
20201020011417,10.20.30.1/16,1
20201020011418,10.77.1.1/24,4
20201020011419,192.168.1.2/24,2
20201020011420,192.168.1.2/24,3
20201020011422,192.168.1.1/24,11
20201020011423,192.168.1.2/24,9
20201020011424,10.20.30.1/16,21
20201020011425,10.20.30.2/16,31
20201020011426,10.77.1.2/24,-
20201020011427,10.77.1.1/24,8
20201020011428,10.20.30.1/16,9
20201020011429,10.20.30.1/16,96
20201020011431,10.77.1.1/24,-
20201020011432,10.20.30.1/16,72
20201020011433,10.20.30.2/16,1
20201020011435,10.20.30.2/16,3
20201020011436,192.168.1.2/24,17
20201020011437,10.20.30.1/16,-
20201020011438,192.168.1.2/24,11
20201020011439,10.20.30.1/16,-
20201020011440,10.77.1.1/24,36
20201020011441,10.20.30.1/16,5
20201020011442,10.77.1.2/24,3
20201020011444,192.168.1.1/24,5
20201020011445,10.20.30.1/16,-
20201020011446,10.77.1.2/24,-
20201020011447,10.20.30.1/16,1
20201020011448,192.168.1.1/24,8
20201020011449,192.168.1.2/24,77
20201020011450,192.168.1.2/24,3
20201020011451,10.20.30.2/16,-
20201020011453,10.20.30.1/16,6
20201020011454,192.168.1.1/24,1
20201020011456,192.168.1.1/24,22
20201020011457,10.20.30.1/16,7
20201020011458,10.77.1.2/24,2
20201020011459,10.20.30.2/16,8
20201020011500,10.20.30.1/16,-
20201020011502,192.168.1.2/24,-
20201020011503,192.168.1.2/24,19
20201020011504,10.77.1.2/24,29
20201020011505,192.168.1.1/24,43
20201020011506,10.77.1.2/24,1
20201020011508,10.20.30.2/16,46
20201020011509,192.168.1.2/24,2
20201020011510,10.20.30.2/16,-
20201020011512,10.20.30.1/16,34
20201020011513,192.168.1.2/24,24
20201020011514,192.168.1.1/24,4
20201020011516,10.20.30.1/16,4
20201020011517,10.20.30.2/16,3
20201020011518,10.77.1.1/24,-
20201020011520,10.20.30.2/16,1
20201020011522,10.77.1.1/24,5
20201020011524,10.20.30.1/16,0
20201020011525,10.20.30.1/16,23
20201020011526,10.20.30.2/16,9
20201020011527,192.168.1.1/24,4
20201020011528,10.77.1.2/24,9
20201020011529,10.20.30.1/16,-
20201020011530,192.168.1.2/24,78
20201020011532,192.168.1.2/24,13
20201020011533,10.77.1.1/24,14
20201020011534,10.20.30.2/16,6
20201020011535,192.168.1.1/24,7
20201020011537,192.168.1.1/24,7
20201020011538,10.20.30.2/16,9
20201020011540,192.168.1.1/24,-
20201020011541,10.20.30.2/16,-
20201020011542,10.20.30.1/16,-
20201020011543,10.77.1.2/24,-
20201020011545,192.168.1.1/24,-
20201020011546,10.77.1.2/24,7
20201020011547,10.77.1.1/24,-
20201020011548,10.77.1.2/24,2
20201020011549,10.20.30.1/16,5
20201020011550,192.168.1.2/24,4
20201020011552,192.168.1.2/24,-
20201020011553,192.168.1.2/24,-
20201020011554,192.168.1.2/24,-
20201020011555,10.20.30.2/16,8
20201020011556,10.20.30.1/16,90
20201020011557,10.77.1.2/24,10
20201020011558,10.77.1.2/24,1
20201020011600,192.168.1.1/24,48
20201020011601,10.20.30.1/16,1
20201020011603,192.168.1.1/24,-
20201020011604,10.20.30.1/16,6
20201020011605,10.77.1.2/24,-
20201020011606,10.20.30.1/16,-
20201020011607,10.20.30.1/16,15
20201020011608,10.20.30.2/16,86
20201020011609,192.168.1.1/24,2
20201020011610,10.20.30.1/16,1
20201020011611,192.168.1.2/24,2
20201020011612,192.168.1.1/24,9
20201020011613,10.77.1.2/24,3
20201020011614,10.77.1.1/24,6
20201020011615,10.77.1.1/24,87
20201020011617,192.168.1.1/24,7
20201020011618,10.77.1.1/24,8
20201020011619,10.20.30.2/16,37
20201020011620,10.77.1.1/24,-
20201020011621,192.168.1.1/24,-
20201020011622,10.20.30.1/16,-
20201020011623,10.20.30.2/16,-
20201020011624,10.77.1.2/24,3
20201020011626,10.77.1.1/24,3
20201020011627,192.168.1.1/24,7
20201020011628,10.20.30.1/16,86
20201020011629,10.77.1.2/24,2
20201020011631,10.77.1.1/24,2
20201020011632,10.77.1.1/24,-
20201020011633,10.20.30.2/16,8
20201020011634,192.168.1.2/24,4
20201020011635,192.168.1.1/24,5
20201020011637,192.168.1.2/24,3
20201020011638,10.20.30.1/16,5
20201020011639,10.77.1.2/24,2
20201020011640,10.77.1.2/24,1
20201020011641,10.20.30.1/16,77
20201020011642,10.77.1.2/24,-
20201020011644,10.20.30.2/16,82
20201020011645,192.168.1.1/24,8
20201020011646,10.77.1.1/24,2
20201020011647,10.20.30.2/16,36
20201020011648,10.20.30.1/16,16
20201020011649,10.77.1.1/24,5
20201020011651,10.20.30.2/16,-
20201020011652,192.168.1.1/24,3
20201020011653,10.20.30.2/16,-
20201020011654,10.77.1.1/24,-
20201020011655,10.20.30.1/16,6
20201020011656,192.168.1.1/24,21
20201020011657,10.20.30.2/16,9
20201020011658,192.168.1.2/24,-
20201020011659,10.20.30.1/16,-
20201020011700,192.168.1.2/24,2
20201020011701,10.20.30.1/16,4
20201020011702,192.168.1.2/24,4
20201020011703,10.77.1.2/24,9
20201020011704,192.168.1.2/24,2
20201020011705,192.168.1.2/24,7
20201020011706,192.168.1.2/24,2
20201020011708,10.20.30.1/16,3
20201020011709,10.77.1.2/24,9
20201020011710,10.77.1.1/24,48
20201020011711,10.20.30.2/16,-
20201020011712,10.77.1.2/24,9
20201020011713,10.77.1.1/24,5
20201020011714,10.77.1.2/24,6
20201020011715,10.20.30.2/16,-
20201020011717,10.20.30.1/16,7
20201020011718,10.77.1.2/24,-
20201020011720,192.168.1.2/24,2
20201020011721,10.77.1.1/24,14
20201020011722,10.20.30.2/16,-
20201020011723,10.20.30.2/16,7
20201020011724,10.20.30.1/16,5
20201020011726,10.77.1.1/24,1
20201020011727,10.20.30.2/16,5
20201020011728,10.77.1.1/24,5
20201020011730,192.168.1.2/24,-
20201020011731,192.168.1.1/24,-
20201020011733,10.20.30.1/16,47
20201020011734,10.20.30.2/16,-
20201020011735,10.77.1.2/24,-
20201020011736,10.20.30.1/16,1
20201020011737,10.20.30.1/16,4
20201020011739,10.20.30.1/16,26
20201020011740,192.168.1.1/24,7
20201020011742,192.168.1.2/24,4
20201020011744,192.168.1.2/24,6
20201020011745,10.77.1.2/24,2
20201020011747,10.20.30.2/16,9
20201020011749,10.20.30.1/16,-
20201020011751,10.77.1.2/24,15
20201020011753,10.20.30.1/16,4
20201020011754,192.168.1.2/24,-
20201020011755,10.20.30.2/16,4
20201020011756,10.77.1.2/24,9
20201020011757,10.77.1.1/24,-
20201020011758,10.20.30.2/16,-
20201020011759,192.168.1.1/24,10
20201020011800,10.77.1.1/24,-
20201020011802,10.77.1.1/24,-
20201020011803,10.20.30.1/16,-
20201020011804,192.168.1.2/24,-
20201020011805,192.168.1.2/24,-
20201020011806,10.20.30.2/16,-
20201020011807,10.77.1.1/24,59
20201020011808,10.77.1.2/24,5
20201020011809,192.168.1.2/24,3
20201020011811,10.77.1.2/24,1
20201020011813,192.168.1.2/24,6
20201020011814,10.77.1.1/24,14
20201020011815,10.77.1.2/24,-
20201020011816,10.20.30.2/16,-
20201020011818,192.168.1.2/24,3
20201020011819,192.168.1.2/24,1
20201020011820,10.77.1.1/24,2
20201020011821,10.77.1.1/24,3
20201020011823,10.20.30.1/16,-
20201020011824,192.168.1.1/24,5
20201020011825,10.20.30.2/16,88
20201020011827,192.168.1.1/24,5
20201020011829,10.20.30.1/16,1
20201020011831,10.77.1.1/24,24
20201020011832,10.77.1.1/24,3
20201020011833,10.77.1.2/24,9
20201020011835,192.168.1.2/24,2
20201020011836,192.168.1.2/24,25
20201020011837,192.168.1.2/24,-
20201020011839,192.168.1.2/24,-
20201020011840,10.20.30.1/16,5
20201020011841,10.20.30.2/16,49
20201020011842,10.20.30.2/16,11
20201020011843,192.168.1.2/24,55
20201020011844,192.168.1.2/24,33
20201020011845,192.168.1.1/24,6
20201020011846,192.168.1.2/24,-
20201020011847,10.20.30.1/16,96
20201020011848,10.77.1.2/24,3
20201020011849,192.168.1.2/24,-
20201020011851,10.20.30.1/16,-
20201020011853,192.168.1.1/24,-
20201020011854,192.168.1.2/24,1
20201020011856,10.77.1.2/24,-
20201020011857,10.77.1.2/24,4
20201020011858,10.20.30.2/16,9
20201020011859,10.20.30.1/16,2
20201020011901,10.20.30.2/16,2
20201020011902,10.77.1.1/24,7
20201020011903,10.77.1.2/24,-
20201020011904,192.168.1.2/24,3
20201020011905,10.20.30.1/16,89
20201020011906,10.77.1.2/24,2
20201020011907,10.77.1.1/24,3
20201020011908,192.168.1.2/24,98
20201020011909,192.168.1.2/24,8
20201020011911,192.168.1.2/24,4
20201020011912,10.77.1.1/24,9
20201020011913,192.168.1.2/24,47
20201020011914,192.168.1.2/24,11
20201020011916,10.77.1.2/24,-
20201020011917,10.77.1.2/24,35
20201020011918,10.20.30.2/16,-
20201020011919,10.20.30.1/16,1
20201020011921,10.20.30.2/16,-
20201020011923,10.20.30.2/16,6
20201020011924,10.77.1.1/24,-
20201020011926,10.20.30.1/16,5
20201020011927,192.168.1.1/24,-
20201020011928,10.20.30.2/16,59
20201020011929,10.77.1.1/24,3
20201020011930,10.20.30.2/16,-
20201020011932,192.168.1.1/24,1
20201020011933,10.20.30.1/16,5
20201020011934,10.20.30.1/16,4
20201020011935,192.168.1.1/24,5
20201020011936,10.20.30.2/16,5
20201020011937,192.168.1.2/24,10
20201020011938,192.168.1.1/24,1
20201020011940,10.20.30.1/16,9
20201020011941,10.20.30.1/16,8
20201020011942,10.77.1.1/24,22
20201020011943,10.20.30.1/16,9
20201020011944,192.168.1.1/24,-
20201020011945,10.77.1.2/24,1
20201020011946,192.168.1.1/24,13
20201020011947,10.77.1.2/24,33
20201020011948,10.20.30.1/16,8
20201020011949,192.168.1.2/24,65
20201020011950,10.77.1.1/24,7
20201020011951,10.77.1.1/24,-
20201020011952,10.20.30.1/16,77
20201020011953,10.77.1.2/24,2
20201020011955,10.77.1.1/24,9
20201020011957,192.168.1.1/24,2
20201020011959,10.77.1.1/24,-
20201020012000,10.20.30.1/16,59
20201020012001,10.20.30.1/16,23
20201020012003,192.168.1.1/24,3
20201020012005,192.168.1.2/24,-
20201020012006,192.168.1.1/24,70
20201020012007,10.20.30.1/16,67
20201020012008,10.77.1.2/24,0
20201020012010,10.77.1.1/24,8
20201020012011,10.77.1.2/24,-
20201020012012,192.168.1.2/24,11
20201020012013,10.20.30.2/16,6
20201020012014,192.168.1.1/24,5
20201020012015,10.20.30.1/16,28
20201020012016,192.168.1.2/24,3
20201020012017,10.77.1.2/24,92
20201020012018,10.20.30.2/16,1
20201020012019,10.77.1.2/24,2
20201020012020,10.20.30.2/16,70
20201020012022,10.20.30.2/16,16
20201020012023,10.77.1.1/24,52
20201020012025,10.20.30.2/16,9
20201020012027,10.20.30.2/16,-
20201020012028,192.168.1.1/24,2
20201020012029,10.20.30.1/16,3
20201020012030,192.168.1.1/24,8
20201020012031,192.168.1.2/24,9
20201020012032,10.20.30.2/16,3
20201020012034,192.168.1.1/24,30
20201020012035,192.168.1.1/24,79
20201020012037,10.77.1.2/24,6
20201020012038,10.20.30.2/16,10
20201020012039,192.168.1.1/24,78
20201020012040,192.168.1.2/24,-
20201020012042,10.20.30.1/16,1
20201020012044,10.77.1.1/24,26
20201020012045,10.77.1.1/24,-
20201020012046,10.20.30.2/16,34
20201020012047,10.77.1.2/24,16
20201020012049,192.168.1.1/24,3
20201020012050,192.168.1.2/24,87
20201020012051,10.20.30.2/16,-
20201020012052,10.20.30.1/16,4
20201020012053,10.77.1.2/24,7
20201020012055,192.168.1.1/24,1
20201020012056,10.20.30.2/16,27
20201020012057,10.77.1.2/24,79
20201020012059,10.20.30.2/16,3
20201020012100,192.168.1.1/24,10
20201020012102,192.168.1.2/24,-
20201020012103,192.168.1.1/24,9
20201020012104,10.77.1.1/24,9
20201020012105,10.77.1.2/24,7
20201020012107,10.77.1.1/24,8
20201020012108,192.168.1.1/24,69
20201020012109,192.168.1.2/24,6
20201020012110,10.20.30.2/16,-
20201020012112,10.20.30.1/16,8
20201020012113,10.77.1.2/24,1
20201020012114,10.77.1.2/24,8
20201020012116,10.77.1.1/24,8
20201020012117,192.168.1.1/24,-
20201020012118,10.77.1.2/24,5
20201020012119,10.20.30.2/16,9
20201020012120,192.168.1.1/24,29
20201020012121,10.20.30.1/16,8
20201020012122,192.168.1.2/24,-
20201020012124,10.77.1.1/24,58
20201020012125,10.20.30.2/16,9
20201020012126,192.168.1.2/24,5
20201020012127,192.168.1.1/24,-
20201020012128,192.168.1.2/24,-
20201020012129,10.77.1.1/24,22
20201020012131,192.168.1.1/24,-
20201020012132,10.77.1.1/24,-
20201020012134,10.77.1.2/24,2
20201020012136,192.168.1.2/24,-
20201020012137,10.20.30.2/16,5
20201020012138,10.20.30.1/16,9
20201020012139,10.77.1.2/24,95
20201020012140,192.168.1.1/24,7
20201020012141,192.168.1.1/24,1
20201020012142,10.20.30.1/16,13
20201020012144,10.77.1.1/24,4
20201020012145,10.20.30.2/16,-
20201020012146,10.20.30.2/16,2
20201020012147,10.20.30.1/16,-
20201020012148,10.20.30.2/16,-
20201020012149,10.20.30.2/16,2
20201020012150,10.20.30.1/16,69
20201020012151,10.20.30.2/16,7
20201020012152,10.77.1.1/24,-
20201020012153,10.20.30.1/16,78
20201020012154,10.20.30.1/16,99
20201020012155,10.20.30.1/16,-
20201020012156,10.20.30.2/16,48
20201020012157,10.77.1.2/24,35
20201020012159,10.20.30.2/16,5
20201020012201,10.20.30.1/16,7
20201020012203,10.20.30.1/16,7
20201020012204,10.20.30.1/16,75
20201020012206,10.20.30.2/16,-
20201020012207,192.168.1.2/24,-
20201020012208,192.168.1.2/24,-
20201020012209,10.77.1.1/24,3
20201020012210,192.168.1.1/24,57
20201020012211,10.77.1.1/24,6
20201020012212,10.20.30.1/16,-
20201020012214,10.20.30.1/16,7
20201020012216,10.77.1.1/24,3
20201020012217,10.77.1.2/24,7
20201020012218,10.77.1.1/24,7
20201020012219,10.20.30.1/16,4
20201020012220,10.20.30.1/16,-
20201020012221,10.20.30.2/16,9
20201020012223,10.20.30.2/16,-
20201020012224,10.20.30.2/16,1
20201020012225,10.77.1.2/24,4
20201020012226,192.168.1.2/24,-
20201020012227,10.77.1.2/24,8
20201020012228,10.20.30.2/16,4
20201020012229,10.20.30.1/16,8
20201020012231,192.168.1.2/24,3
20201020012233,10.77.1.2/24,4
20201020012235,10.20.30.1/16,9
20201020012237,10.20.30.1/16,-
20201020012238,10.77.1.1/24,-
20201020012240,10.20.30.1/16,-
20201020012241,10.77.1.2/24,8
20201020012242,192.168.1.2/24,4
20201020012243,10.20.30.2/16,54
20201020012244,10.77.1.2/24,-
20201020012245,10.20.30.2/16,69
20201020012246,10.77.1.1/24,9
20201020012247,10.20.30.1/16,8
20201020012248,10.20.30.1/16,3
20201020012250,10.77.1.2/24,3
20201020012251,10.20.30.2/16,-
20201020012252,10.77.1.2/24,42
20201020012253,10.20.30.2/16,5
20201020012254,10.77.1.1/24,4
20201020012255,10.77.1.2/24,43
20201020012256,192.168.1.2/24,-
20201020012257,10.77.1.2/24,-
20201020012258,10.77.1.1/24,11
20201020012259,192.168.1.2/24,12
20201020012300,10.77.1.1/24,-
20201020012302,192.168.1.1/24,-
20201020012303,10.20.30.2/16,0
20201020012305,10.20.30.2/16,16
20201020012307,192.168.1.1/24,-
20201020012308,192.168.1.1/24,7
20201020012309,192.168.1.1/24,6
20201020012311,10.77.1.2/24,-
20201020012312,10.20.30.2/16,26
20201020012313,192.168.1.2/24,5
20201020012314,10.20.30.1/16,96
20201020012315,10.20.30.1/16,90
20201020012316,192.168.1.2/24,4
20201020012317,10.20.30.1/16,6
20201020012318,10.77.1.1/24,89
20201020012319,10.77.1.2/24,-
20201020012321,192.168.1.1/24,6
20201020012322,10.77.1.2/24,31
20201020012323,10.77.1.1/24,-
20201020012324,192.168.1.1/24,-
20201020012325,10.77.1.2/24,8
20201020012326,10.77.1.1/24,22
20201020012327,10.77.1.1/24,6
20201020012328,10.20.30.2/16,7
20201020012329,192.168.1.1/24,7
20201020012330,192.168.1.1/24,8
20201020012331,10.20.30.1/16,6
20201020012332,10.77.1.1/24,2
20201020012333,10.77.1.1/24,6
20201020012335,10.77.1.1/24,9
20201020012336,10.20.30.2/16,54
20201020012338,10.20.30.2/16,-
20201020012340,10.77.1.2/24,42
20201020012341,10.77.1.2/24,7
20201020012343,192.168.1.1/24,12
20201020012344,192.168.1.2/24,3
20201020012345,10.20.30.1/16,9
20201020012346,192.168.1.1/24,1
20201020012348,192.168.1.1/24,0
20201020012349,10.20.30.2/16,5
20201020012350,10.20.30.1/16,14
20201020012351,10.77.1.2/24,5
20201020012352,192.168.1.2/24,6
20201020012354,10.77.1.2/24,8
20201020012356,192.168.1.1/24,7
20201020012357,10.20.30.2/16,8
20201020012358,192.168.1.2/24,3
20201020012359,10.77.1.2/24,2
20201020012400,10.20.30.2/16,6
20201020012401,10.20.30.2/16,23
20201020012402,10.20.30.2/16,8
20201020012403,10.20.30.2/16,3
20201020012404,10.20.30.2/16,2
20201020012406,192.168.1.1/24,16
20201020012408,192.168.1.1/24,4
20201020012409,192.168.1.2/24,35
20201020012410,10.20.30.2/16,24
20201020012411,192.168.1.2/24,12
20201020012413,10.77.1.1/24,-
20201020012414,192.168.1.2/24,5
20201020012415,192.168.1.2/24,-
20201020012416,192.168.1.1/24,2
20201020012417,192.168.1.1/24,82
20201020012418,192.168.1.2/24,8
20201020012419,192.168.1.1/24,-
20201020012420,10.20.30.1/16,39
20201020012421,10.77.1.2/24,23
20201020012423,10.77.1.1/24,3
20201020012424,192.168.1.1/24,3
20201020012425,192.168.1.1/24,8
20201020012426,10.77.1.1/24,4
20201020012427,192.168.1.2/24,27
20201020012429,10.20.30.1/16,80
20201020012430,10.20.30.1/16,71
20201020012432,192.168.1.2/24,3
20201020012433,10.77.1.1/24,6
20201020012434,192.168.1.2/24,-
20201020012435,10.77.1.2/24,2
20201020012437,192.168.1.1/24,9
20201020012438,10.20.30.2/16,14
20201020012439,10.20.30.2/16,48
20201020012440,192.168.1.1/24,43
20201020012441,10.77.1.1/24,28
20201020012442,10.77.1.2/24,-
20201020012443,192.168.1.2/24,-
20201020012444,192.168.1.2/24,8
20201020012445,10.20.30.1/16,-
20201020012446,10.77.1.2/24,9
20201020012447,10.77.1.2/24,-
20201020012448,10.77.1.2/24,4
20201020012449,10.77.1.1/24,19
20201020012450,10.20.30.1/16,31
20201020012451,192.168.1.2/24,4
20201020012452,10.77.1.2/24,2
20201020012454,10.20.30.1/16,28
20201020012455,10.77.1.2/24,-
20201020012456,10.20.30.2/16,4
20201020012457,192.168.1.2/24,-
20201020012458,192.168.1.1/24,-
20201020012459,10.77.1.2/24,62
20201020012500,192.168.1.1/24,6
20201020012501,10.20.30.2/16,-
20201020012502,192.168.1.2/24,10
20201020012504,10.77.1.1/24,10
20201020012506,192.168.1.1/24,97
20201020012507,10.20.30.2/16,4
20201020012508,10.20.30.2/16,2
20201020012509,192.168.1.2/24,1
20201020012510,10.77.1.1/24,65
20201020012511,192.168.1.2/24,8
20201020012512,192.168.1.1/24,8
20201020012513,10.20.30.2/16,8
20201020012514,192.168.1.2/24,5
20201020012516,192.168.1.1/24,13
20201020012517,10.77.1.2/24,7
20201020012518,10.77.1.1/24,8
20201020012520,192.168.1.1/24,-
20201020012521,192.168.1.2/24,5
20201020012522,10.77.1.1/24,52
20201020012523,10.77.1.1/24,7
20201020012524,10.20.30.2/16,9
20201020012525,192.168.1.1/24,-
20201020012527,192.168.1.2/24,6
20201020012529,10.20.30.2/16,3
20201020012531,10.77.1.1/24,64
20201020012533,10.20.30.1/16,2
20201020012535,10.77.1.2/24,21
20201020012536,192.168.1.1/24,8
20201020012537,10.77.1.2/24,2
20201020012538,10.77.1.1/24,9
20201020012539,192.168.1.1/24,-
20201020012540,10.77.1.1/24,6
20201020012541,10.77.1.2/24,9
20201020012542,10.20.30.2/16,8
20201020012543,192.168.1.1/24,-
20201020012544,192.168.1.2/24,-
20201020012545,192.168.1.1/24,6
20201020012546,10.20.30.1/16,7
20201020012548,10.77.1.1/24,10
20201020012549,10.20.30.1/16,7
20201020012550,192.168.1.2/24,-
20201020012551,192.168.1.2/24,6
20201020012552,10.20.30.2/16,7
20201020012553,10.20.30.1/16,-
20201020012554,10.20.30.2/16,9
20201020012555,10.77.1.2/24,-
20201020012556,192.168.1.1/24,5
20201020012557,10.20.30.2/16,8
20201020012558,10.77.1.1/24,-
20201020012600,10.20.30.1/16,87
20201020012601,192.168.1.1/24,3
20201020012602,10.20.30.2/16,3
20201020012603,10.77.1.2/24,5
20201020012604,192.168.1.2/24,3
20201020012605,10.20.30.2/16,-
20201020012606,192.168.1.1/24,-
20201020012608,10.20.30.1/16,9
20201020012609,192.168.1.1/24,7
20201020012610,10.20.30.2/16,-
20201020012611,10.77.1.1/24,-
20201020012613,10.20.30.1/16,-
20201020012614,10.77.1.2/24,-
20201020012615,10.77.1.2/24,-
20201020012616,10.20.30.1/16,6
20201020012617,10.20.30.1/16,9
20201020012618,192.168.1.2/24,4
20201020012619,10.77.1.1/24,1
20201020012620,10.77.1.2/24,-
20201020012621,192.168.1.1/24,5
20201020012622,192.168.1.1/24,8
20201020012623,192.168.1.2/24,-
20201020012625,192.168.1.1/24,-
20201020012627,10.77.1.2/24,2
20201020012629,10.20.30.2/16,91
20201020012630,192.168.1.2/24,8
20201020012631,10.77.1.2/24,8
20201020012632,192.168.1.2/24,-
20201020012633,10.20.30.2/16,86
20201020012634,10.20.30.2/16,1
20201020012635,192.168.1.1/24,2
20201020012636,10.20.30.1/16,9
20201020012637,192.168.1.2/24,3
20201020012638,192.168.1.2/24,6
20201020012639,10.20.30.2/16,87
20201020012641,10.77.1.1/24,1
20201020012642,192.168.1.2/24,32
20201020012644,10.20.30.2/16,-
20201020012646,192.168.1.2/24,3
20201020012648,10.77.1.1/24,2
20201020012649,192.168.1.2/24,1
20201020012650,10.77.1.2/24,2
20201020012651,192.168.1.1/24,7
20201020012652,192.168.1.2/24,9
20201020012653,192.168.1.2/24,4
20201020012655,10.20.30.1/16,-
20201020012657,10.20.30.2/16,-
20201020012659,10.20.30.1/16,-
20201020012700,10.77.1.1/24,1
20201020012702,10.77.1.2/24,1
20201020012703,10.77.1.1/24,87
20201020012704,10.77.1.1/24,96
20201020012706,10.20.30.1/16,7
20201020012707,10.77.1.1/24,9
20201020012709,192.168.1.2/24,7
20201020012711,192.168.1.2/24,4
20201020012712,192.168.1.2/24,7
20201020012713,10.20.30.1/16,6
20201020012714,192.168.1.2/24,64
20201020012715,192.168.1.1/24,19
20201020012716,10.20.30.2/16,2
20201020012717,10.77.1.2/24,-
20201020012719,10.20.30.1/16,9
20201020012720,10.77.1.1/24,-
20201020012721,10.77.1.1/24,2
20201020012722,192.168.1.1/24,8
20201020012723,10.20.30.2/16,-
20201020012724,192.168.1.1/24,-
20201020012725,192.168.1.2/24,-
20201020012726,10.20.30.2/16,1
20201020012728,10.77.1.2/24,-
20201020012730,192.168.1.2/24,8
20201020012731,10.77.1.2/24,1
20201020012732,10.77.1.2/24,-
20201020012734,10.20.30.1/16,7
20201020012735,192.168.1.1/24,1
20201020012737,10.77.1.2/24,4
20201020012738,10.20.30.2/16,9
20201020012739,192.168.1.1/24,-
20201020012740,10.77.1.1/24,7
20201020012741,10.20.30.1/16,7
20201020012742,10.20.30.2/16,77
20201020012743,10.77.1.1/24,-
20201020012744,10.77.1.2/24,-
20201020012745,10.20.30.2/16,-
20201020012747,192.168.1.2/24,5
20201020012748,10.77.1.1/24,1
20201020012749,10.77.1.1/24,-
20201020012750,10.77.1.2/24,4
20201020012751,10.77.1.2/24,-
20201020012752,10.77.1.2/24,8
20201020012753,10.20.30.2/16,57
20201020012755,10.20.30.1/16,44
20201020012756,10.77.1.2/24,6
20201020012757,192.168.1.1/24,9
20201020012758,192.168.1.1/24,25
20201020012759,10.77.1.1/24,-
20201020012800,10.77.1.1/24,1
20201020012802,192.168.1.1/24,-
20201020012803,10.77.1.2/24,-
20201020012804,10.20.30.1/16,5
20201020012805,192.168.1.1/24,6
20201020012806,10.20.30.2/16,6
20201020012807,192.168.1.2/24,73
20201020012808,192.168.1.1/24,-
20201020012809,10.20.30.1/16,7
20201020012811,192.168.1.2/24,86
20201020012812,10.77.1.1/24,61
20201020012813,10.20.30.1/16,53
20201020012814,10.20.30.2/16,5
20201020012816,10.20.30.2/16,9
20201020012818,10.77.1.2/24,-
20201020012819,192.168.1.1/24,7
20201020012820,192.168.1.1/24,-
20201020012821,192.168.1.1/24,6
20201020012822,192.168.1.2/24,76
20201020012823,10.20.30.1/16,-
20201020012824,10.77.1.1/24,5
20201020012825,10.77.1.2/24,67
20201020012826,10.77.1.2/24,57
20201020012828,10.77.1.1/24,5
20201020012830,10.77.1.2/24,6
20201020012832,192.168.1.2/24,58
20201020012833,10.77.1.2/24,-
20201020012834,10.77.1.2/24,67
20201020012835,10.77.1.2/24,-
20201020012836,10.20.30.2/16,1
20201020012837,10.77.1.1/24,-
20201020012838,10.77.1.2/24,-
20201020012840,192.168.1.1/24,5
20201020012842,192.168.1.1/24,-
20201020012844,10.77.1.2/24,10
20201020012845,10.20.30.2/16,38
20201020012846,10.77.1.1/24,1
20201020012848,10.77.1.1/24,7
20201020012850,10.77.1.1/24,1
20201020012852,10.77.1.1/24,1
20201020012853,192.168.1.2/24,99
20201020012854,10.77.1.2/24,-
20201020012856,10.77.1.2/24,94
20201020012857,10.20.30.2/16,9
20201020012859,10.20.30.1/16,7
20201020012900,192.168.1.2/24,9
20201020012901,192.168.1.1/24,17
20201020012902,192.168.1.1/24,2
20201020012903,10.77.1.2/24,-
20201020012904,192.168.1.2/24,2
20201020012905,10.77.1.1/24,12
20201020012906,10.77.1.1/24,-
20201020012907,192.168.1.1/24,90
20201020012909,10.77.1.2/24,-
20201020012910,10.77.1.2/24,-
20201020012911,10.77.1.1/24,7
20201020012912,192.168.1.1/24,-
20201020012914,10.20.30.1/16,2
20201020012915,10.20.30.2/16,4
20201020012916,192.168.1.1/24,8
20201020012917,10.20.30.2/16,-
20201020012919,10.20.30.2/16,6
20201020012921,10.77.1.1/24,28
20201020012923,192.168.1.1/24,9
20201020012925,10.77.1.1/24,6
20201020012926,10.20.30.2/16,4
20201020012927,10.77.1.2/24,63
20201020012928,10.20.30.1/16,4
20201020012929,10.20.30.1/16,2
20201020012931,192.168.1.2/24,70
20201020012932,10.20.30.2/16,90
20201020012933,10.20.30.1/16,-
20201020012934,10.20.30.1/16,4
20201020012935,192.168.1.2/24,-
20201020012936,10.20.30.2/16,-
20201020012937,10.20.30.1/16,-
20201020012938,192.168.1.2/24,16
20201020012939,192.168.1.1/24,-
20201020012940,192.168.1.2/24,-
20201020012941,10.77.1.1/24,-
20201020012943,10.77.1.1/24,7
20201020012945,10.20.30.2/16,8
20201020012946,10.77.1.1/24,-
20201020012947,10.77.1.2/24,79
20201020012948,10.77.1.1/24,-
20201020012949,10.77.1.2/24,-
20201020012951,10.77.1.1/24,13
20201020012952,10.20.30.1/16,5
20201020012953,10.77.1.1/24,8
20201020012954,192.168.1.2/24,12
20201020012955,192.168.1.2/24,-
20201020012956,10.77.1.1/24,6
20201020012957,192.168.1.2/24,1
20201020012958,10.77.1.2/24,-
20201020012959,10.77.1.1/24,7
20201020013000,10.77.1.1/24,9
20201020013001,10.77.1.2/24,2
20201020013003,10.77.1.1/24,1
20201020013004,10.20.30.2/16,6
20201020013005,10.20.30.2/16,-
20201020013006,192.168.1.2/24,2
20201020013007,10.77.1.2/24,8
20201020013009,192.168.1.2/24,13
20201020013011,192.168.1.1/24,-
20201020013012,10.77.1.2/24,11
20201020013013,192.168.1.2/24,1
20201020013014,10.20.30.2/16,69
20201020013015,192.168.1.1/24,8
20201020013016,10.77.1.1/24,7
20201020013017,10.77.1.1/24,7
20201020013019,10.20.30.2/16,-
20201020013020,10.20.30.1/16,20
20201020013021,192.168.1.1/24,1
20201020013022,192.168.1.2/24,3
20201020013023,192.168.1.2/24,5
20201020013025,10.77.1.1/24,16
20201020013026,10.77.1.1/24,14
20201020013027,10.20.30.2/16,-
20201020013028,192.168.1.2/24,30
20201020013030,192.168.1.2/24,4
20201020013031,10.77.1.1/24,1
20201020013033,10.77.1.1/24,-
20201020013034,10.77.1.1/24,91
20201020013035,192.168.1.1/24,3
20201020013036,10.20.30.2/16,3
20201020013038,10.77.1.2/24,3
20201020013039,10.77.1.2/24,4
20201020013040,192.168.1.1/24,-
20201020013041,192.168.1.1/24,-
20201020013042,10.77.1.1/24,-
20201020013043,192.168.1.1/24,-
20201020013044,10.20.30.2/16,29
20201020013046,192.168.1.1/24,59
20201020013047,10.77.1.2/24,6
20201020013049,10.20.30.1/16,-
20201020013050,10.20.30.2/16,4
20201020013051,10.77.1.2/24,2
20201020013053,10.20.30.2/16,2
20201020013054,10.20.30.2/16,-
20201020013056,10.20.30.2/16,3
20201020013057,192.168.1.2/24,3
20201020013058,192.168.1.1/24,2
20201020013100,10.20.30.1/16,13
20201020013102,10.20.30.1/16,11
20201020013103,10.77.1.1/24,9
20201020013104,10.20.30.2/16,0
20201020013106,192.168.1.2/24,-
20201020013107,10.77.1.1/24,-
20201020013109,10.20.30.1/16,4
20201020013110,10.77.1.1/24,2
20201020013111,10.20.30.2/16,36
20201020013112,10.20.30.1/16,-
20201020013114,192.168.1.2/24,3
20201020013115,10.20.30.1/16,14
20201020013116,10.77.1.1/24,2
20201020013117,10.20.30.1/16,3
20201020013118,10.77.1.2/24,-
20201020013119,192.168.1.1/24,3
20201020013120,192.168.1.1/24,2
20201020013121,10.77.1.1/24,-
20201020013122,10.20.30.2/16,61
20201020013123,10.77.1.1/24,9
20201020013125,10.20.30.1/16,-
20201020013126,192.168.1.1/24,6
20201020013127,192.168.1.1/24,70
20201020013128,10.20.30.1/16,5
20201020013129,10.77.1.2/24,2
20201020013130,192.168.1.1/24,7
20201020013132,10.77.1.1/24,6
20201020013133,192.168.1.1/24,-
20201020013134,10.20.30.2/16,7
20201020013135,192.168.1.1/24,-
20201020013136,10.20.30.1/16,1
20201020013137,10.20.30.1/16,8
20201020013138,10.77.1.1/24,-
20201020013139,10.20.30.2/16,83
20201020013140,10.77.1.1/24,13
20201020013141,192.168.1.2/24,9
20201020013142,192.168.1.1/24,-
20201020013143,10.20.30.1/16,2
20201020013144,10.20.30.1/16,9
20201020013146,10.20.30.2/16,6
20201020013147,10.20.30.1/16,82
20201020013149,192.168.1.2/24,44
20201020013151,10.77.1.2/24,4
20201020013152,10.20.30.2/16,5
20201020013153,10.77.1.1/24,78
20201020013154,10.20.30.1/16,9
20201020013155,10.20.30.2/16,1
20201020013156,10.20.30.2/16,1
20201020013157,10.77.1.1/24,8
20201020013159,10.20.30.1/16,9
20201020013201,192.168.1.2/24,7
20201020013202,192.168.1.1/24,-
20201020013203,192.168.1.1/24,5
20201020013204,192.168.1.1/24,8
20201020013206,10.20.30.1/16,3
20201020013207,10.77.1.1/24,4
20201020013208,10.20.30.2/16,5
20201020013209,10.77.1.1/24,5
20201020013211,192.168.1.1/24,3
20201020013213,10.77.1.1/24,36
20201020013214,10.20.30.2/16,7
20201020013215,10.20.30.1/16,7
20201020013216,192.168.1.1/24,6
20201020013217,10.77.1.1/24,7
20201020013219,192.168.1.1/24,62
20201020013221,10.77.1.1/24,-
20201020013222,10.20.30.2/16,-
20201020013224,10.20.30.1/16,1
20201020013226,10.20.30.1/16,37
20201020013227,192.168.1.2/24,5
20201020013228,192.168.1.1/24,22
20201020013230,10.20.30.2/16,7
20201020013231,10.20.30.1/16,6
20201020013232,10.77.1.1/24,-
20201020013233,10.20.30.1/16,-
20201020013234,10.20.30.1/16,13
20201020013235,192.168.1.2/24,-
20201020013236,10.77.1.2/24,8
20201020013237,192.168.1.1/24,6
20201020013238,192.168.1.2/24,9
20201020013240,10.20.30.2/16,5
20201020013242,10.20.30.1/16,9
20201020013243,10.20.30.2/16,5
20201020013244,10.20.30.2/16,18
20201020013246,192.168.1.1/24,28
20201020013247,192.168.1.2/24,-
20201020013249,10.77.1.1/24,6
20201020013250,10.77.1.2/24,19
20201020013252,192.168.1.2/24,1
20201020013253,10.20.30.1/16,-
20201020013255,10.77.1.2/24,9
20201020013256,10.77.1.1/24,4
20201020013257,10.77.1.1/24,1
20201020013258,192.168.1.1/24,6
20201020013259,10.77.1.1/24,8
20201020013300,10.77.1.1/24,-
20201020013301,192.168.1.2/24,-
20201020013302,10.20.30.2/16,7
20201020013303,10.77.1.2/24,4
20201020013304,10.20.30.2/16,12
20201020013306,192.168.1.2/24,3
20201020013307,10.20.30.2/16,6
20201020013309,10.20.30.1/16,6
20201020013311,192.168.1.2/24,25
20201020013312,192.168.1.2/24,15
20201020013313,10.20.30.1/16,-
20201020013315,10.20.30.2/16,11
20201020013317,10.77.1.1/24,2
20201020013318,10.77.1.2/24,2
20201020013319,192.168.1.2/24,9
20201020013320,10.20.30.2/16,1
20201020013321,10.77.1.1/24,6
20201020013322,10.77.1.1/24,-
20201020013323,192.168.1.2/24,1
20201020013324,192.168.1.1/24,92
20201020013325,10.20.30.2/16,3
20201020013326,10.20.30.2/16,47
20201020013327,10.20.30.2/16,-
20201020013328,10.20.30.2/16,-
20201020013329,10.77.1.1/24,5
20201020013330,10.20.30.1/16,2
20201020013331,10.77.1.1/24,74
20201020013332,192.168.1.1/24,47
20201020013334,10.77.1.1/24,40
20201020013336,10.77.1.1/24,56
20201020013338,192.168.1.1/24,6
20201020013339,10.20.30.2/16,9
20201020013340,10.77.1.1/24,8
20201020013341,10.20.30.1/16,78
20201020013342,10.77.1.1/24,-
20201020013344,192.168.1.1/24,-
20201020013345,10.20.30.1/16,4
20201020013347,192.168.1.1/24,-
20201020013349,10.20.30.1/16,5
20201020013351,192.168.1.1/24,7
20201020013352,10.20.30.1/16,7
20201020013353,192.168.1.1/24,9
20201020013354,192.168.1.2/24,-
20201020013355,10.77.1.2/24,2
20201020013356,10.20.30.2/16,94
20201020013358,192.168.1.2/24,54
20201020013359,192.168.1.1/24,6
20201020013400,10.77.1.2/24,9
20201020013401,192.168.1.1/24,10
20201020013403,10.20.30.1/16,-
20201020013404,10.20.30.1/16,2
20201020013405,10.20.30.1/16,2
20201020013407,10.77.1.2/24,9
20201020013408,10.77.1.1/24,27
20201020013410,192.168.1.1/24,12
20201020013412,10.77.1.1/24,6
20201020013413,192.168.1.1/24,-
20201020013414,10.77.1.2/24,5
20201020013415,192.168.1.2/24,15
20201020013417,10.77.1.2/24,5
20201020013418,10.77.1.2/24,-
20201020013419,10.20.30.2/16,91
20201020013420,192.168.1.1/24,-
20201020013421,10.77.1.1/24,67
20201020013422,10.77.1.1/24,-
20201020013423,192.168.1.1/24,7
20201020013424,192.168.1.2/24,-
20201020013425,10.77.1.1/24,42
20201020013426,10.77.1.1/24,59
20201020013427,192.168.1.1/24,-
20201020013428,192.168.1.2/24,11
20201020013429,10.20.30.1/16,-
20201020013430,10.77.1.1/24,96
20201020013431,10.20.30.2/16,8
20201020013432,192.168.1.2/24,14
20201020013433,10.77.1.2/24,-
20201020013434,10.20.30.1/16,5
20201020013435,192.168.1.2/24,9
20201020013436,10.20.30.1/16,75
20201020013437,192.168.1.1/24,-
20201020013438,10.77.1.2/24,25
20201020013439,192.168.1.1/24,95
20201020013440,10.77.1.2/24,5
20201020013442,192.168.1.1/24,-
20201020013443,10.77.1.1/24,9
20201020013445,10.20.30.2/16,5
20201020013446,10.20.30.2/16,7
20201020013448,10.77.1.2/24,1
20201020013449,192.168.1.2/24,-
20201020013451,10.77.1.1/24,18
20201020013453,10.77.1.2/24,-
20201020013454,192.168.1.2/24,4
20201020013456,192.168.1.2/24,-
20201020013457,10.20.30.1/16,59
20201020013459,192.168.1.1/24,-
20201020013500,10.77.1.1/24,-
20201020013501,192.168.1.2/24,4
20201020013503,10.77.1.1/24,6
20201020013505,10.20.30.2/16,66
20201020013506,10.20.30.1/16,5
20201020013507,10.77.1.1/24,-
20201020013508,10.77.1.1/24,6
20201020013510,192.168.1.1/24,-
20201020013511,10.20.30.1/16,-
20201020013512,10.20.30.1/16,-
20201020013513,10.20.30.2/16,8
20201020013515,10.77.1.2/24,33
20201020013516,10.20.30.1/16,6
20201020013517,10.20.30.1/16,9
20201020013518,10.77.1.2/24,2
20201020013519,192.168.1.1/24,63
20201020013520,10.20.30.2/16,11
20201020013521,192.168.1.1/24,6
20201020013522,10.77.1.1/24,1
20201020013523,10.20.30.1/16,2
20201020013524,10.20.30.2/16,3
20201020013525,10.77.1.1/24,-
20201020013526,192.168.1.2/24,3
20201020013527,10.20.30.1/16,-
20201020013528,10.77.1.1/24,9
20201020013529,10.20.30.2/16,8
20201020013531,192.168.1.2/24,64
20201020013533,10.77.1.2/24,-
20201020013534,10.77.1.2/24,5
20201020013535,192.168.1.1/24,6
20201020013536,10.77.1.1/24,8
20201020013537,192.168.1.1/24,4
20201020013538,192.168.1.1/24,6
20201020013539,10.20.30.1/16,78
20201020013541,10.20.30.2/16,-
20201020013542,10.77.1.2/24,-
20201020013543,10.20.30.1/16,-
20201020013544,10.77.1.1/24,-
20201020013545,10.77.1.1/24,8
20201020013546,192.168.1.2/24,7
20201020013547,192.168.1.1/24,-
20201020013548,10.77.1.2/24,9
20201020013549,10.77.1.1/24,1
20201020013551,10.20.30.2/16,9
20201020013552,192.168.1.2/24,-
20201020013553,10.77.1.1/24,7
20201020013554,10.77.1.1/24,17
20201020013555,10.77.1.1/24,-
20201020013557,10.20.30.2/16,4
20201020013559,10.77.1.1/24,14
20201020013600,10.20.30.1/16,-
20201020013601,192.168.1.1/24,2
20201020013602,10.20.30.1/16,8
20201020013604,192.168.1.2/24,3
20201020013605,10.77.1.2/24,83
20201020013606,192.168.1.2/24,-
20201020013607,10.77.1.2/24,1
20201020013608,10.20.30.1/16,4
20201020013609,10.20.30.2/16,3
20201020013610,192.168.1.1/24,-
20201020013611,192.168.1.1/24,61
20201020013613,10.77.1.2/24,2
20201020013614,10.20.30.1/16,37
20201020013616,10.77.1.1/24,76
20201020013617,10.77.1.1/24,6
20201020013618,10.20.30.2/16,6
20201020013619,10.77.1.1/24,85
20201020013620,192.168.1.1/24,4
20201020013621,10.20.30.2/16,3
20201020013623,192.168.1.2/24,6
20201020013625,10.77.1.2/24,-
20201020013626,10.20.30.1/16,10
20201020013628,10.77.1.2/24,19
20201020013629,10.20.30.1/16,-
20201020013630,10.77.1.2/24,1
20201020013632,10.77.1.2/24,-
20201020013633,192.168.1.1/24,-
20201020013634,10.77.1.1/24,9
20201020013636,10.77.1.2/24,7
20201020013637,10.77.1.2/24,2
20201020013639,10.77.1.2/24,4
20201020013640,10.77.1.2/24,8
20201020013642,10.77.1.2/24,2
20201020013643,10.77.1.2/24,49
20201020013645,192.168.1.1/24,7
20201020013646,192.168.1.1/24,4
20201020013648,192.168.1.2/24,4
20201020013649,10.20.30.2/16,10
20201020013650,10.77.1.1/24,7
20201020013652,10.77.1.1/24,-
20201020013654,10.77.1.1/24,53
20201020013655,10.77.1.1/24,50
20201020013656,10.20.30.2/16,-
20201020013658,10.77.1.2/24,-
20201020013659,192.168.1.1/24,5
20201020013701,10.77.1.2/24,2
20201020013702,10.77.1.1/24,15
20201020013703,10.77.1.2/24,57
20201020013704,10.77.1.1/24,72
20201020013705,10.77.1.1/24,1
20201020013707,10.77.1.2/24,-
20201020013708,192.168.1.1/24,7
20201020013709,192.168.1.2/24,-
20201020013710,192.168.1.1/24,50
20201020013711,192.168.1.2/24,1
20201020013713,10.77.1.2/24,7
20201020013714,10.77.1.1/24,7
20201020013715,10.77.1.1/24,2
20201020013716,10.20.30.2/16,5
20201020013717,10.20.30.1/16,8
20201020013718,192.168.1.2/24,4
20201020013719,10.77.1.2/24,3
20201020013720,192.168.1.1/24,5
20201020013721,10.77.1.1/24,8
20201020013722,10.20.30.2/16,8
20201020013723,10.77.1.2/24,9
20201020013725,10.20.30.2/16,1
20201020013726,10.77.1.2/24,4
20201020013728,10.77.1.1/24,-
20201020013729,10.77.1.2/24,7
20201020013730,10.77.1.2/24,4
20201020013731,10.20.30.2/16,-
20201020013733,10.20.30.2/16,5
20201020013735,10.20.30.1/16,77
20201020013737,10.77.1.1/24,1
20201020013738,10.20.30.2/16,6
20201020013739,10.77.1.2/24,9
20201020013740,192.168.1.2/24,88
20201020013741,10.20.30.1/16,13
20201020013742,192.168.1.1/24,-
20201020013743,192.168.1.1/24,-
20201020013744,192.168.1.1/24,6
20201020013745,192.168.1.1/24,52
20201020013746,192.168.1.1/24,-
20201020013747,192.168.1.1/24,2
20201020013748,10.20.30.1/16,29
20201020013749,10.20.30.2/16,2
20201020013750,10.20.30.2/16,11
20201020013751,10.77.1.2/24,8
20201020013752,10.20.30.2/16,6
20201020013753,10.77.1.2/24,99
20201020013754,10.20.30.1/16,-
20201020013755,192.168.1.1/24,4
20201020013756,10.20.30.1/16,7
20201020013757,192.168.1.2/24,-
20201020013758,10.77.1.2/24,87
20201020013759,10.20.30.1/16,6
20201020013800,192.168.1.2/24,7
20201020013802,192.168.1.1/24,63
20201020013803,10.20.30.2/16,4
20201020013804,10.20.30.1/16,66
20201020013805,192.168.1.2/24,-
20201020013806,10.20.30.2/16,3
20201020013808,10.77.1.1/24,41
20201020013809,192.168.1.2/24,7
20201020013811,10.20.30.2/16,6
20201020013812,10.20.30.2/16,6
20201020013813,192.168.1.2/24,-
20201020013814,192.168.1.1/24,7
20201020013815,192.168.1.2/24,45
20201020013817,192.168.1.2/24,6
20201020013819,10.77.1.2/24,93
20201020013820,192.168.1.2/24,61
20201020013821,10.20.30.1/16,-
20201020013823,192.168.1.1/24,2
20201020013824,192.168.1.1/24,7
20201020013826,10.77.1.1/24,-
20201020013827,192.168.1.2/24,96
20201020013828,10.20.30.1/16,1
20201020013829,10.77.1.2/24,85
20201020013830,192.168.1.2/24,3
20201020013831,10.20.30.2/16,20
20201020013832,192.168.1.1/24,-
20201020013834,192.168.1.2/24,-
20201020013835,10.77.1.2/24,69
20201020013837,192.168.1.2/24,49
20201020013838,192.168.1.2/24,-
20201020013840,192.168.1.2/24,7
20201020013841,192.168.1.1/24,2
20201020013842,192.168.1.1/24,5
20201020013843,10.77.1.1/24,6
20201020013845,192.168.1.2/24,5
20201020013846,192.168.1.1/24,8
20201020013847,192.168.1.2/24,35
20201020013849,192.168.1.1/24,36
20201020013851,10.77.1.2/24,22
20201020013852,192.168.1.1/24,6
20201020013853,192.168.1.1/24,65
20201020013854,10.20.30.2/16,-
20201020013856,192.168.1.1/24,9
20201020013858,192.168.1.1/24,24
20201020013859,10.20.30.1/16,5
20201020013900,192.168.1.1/24,6
20201020013901,192.168.1.2/24,66
20201020013902,10.77.1.2/24,4
20201020013903,10.20.30.2/16,7
20201020013905,10.77.1.2/24,25
20201020013906,10.77.1.2/24,2
20201020013907,10.77.1.1/24,3
20201020013909,192.168.1.2/24,-
20201020013910,192.168.1.1/24,1
20201020013911,192.168.1.1/24,7
20201020013912,10.20.30.1/16,5
20201020013913,10.77.1.2/24,2
20201020013914,192.168.1.2/24,-
20201020013915,10.20.30.1/16,-
20201020013916,10.77.1.1/24,5
20201020013917,10.20.30.2/16,3
20201020013919,192.168.1.2/24,12
20201020013920,10.20.30.1/16,59
20201020013921,10.20.30.1/16,-
20201020013923,10.77.1.1/24,48
20201020013924,10.20.30.1/16,-
20201020013925,10.77.1.2/24,7
20201020013927,10.77.1.1/24,4
20201020013928,10.77.1.1/24,6
20201020013929,10.77.1.1/24,9
20201020013930,192.168.1.2/24,1
20201020013931,10.20.30.2/16,23
20201020013932,10.20.30.1/16,56
20201020013934,10.20.30.1/16,11
20201020013936,10.77.1.2/24,1
20201020013937,10.77.1.2/24,25
20201020013938,10.20.30.2/16,-
20201020013939,10.77.1.1/24,4
20201020013940,192.168.1.2/24,5
20201020013942,10.77.1.1/24,8
20201020013943,192.168.1.2/24,3
20201020013944,10.77.1.1/24,-
20201020013946,192.168.1.2/24,19
20201020013948,10.77.1.2/24,71
20201020013950,10.77.1.2/24,3
20201020013952,10.20.30.2/16,-
20201020013954,10.20.30.1/16,3
20201020013955,192.168.1.2/24,43
20201020013956,10.77.1.2/24,6
20201020013957,10.20.30.1/16,28
20201020013958,192.168.1.1/24,4
20201020013959,10.77.1.2/24,6
20201020014000,10.77.1.2/24,-
20201020014002,192.168.1.2/24,4
20201020014003,10.20.30.2/16,5
20201020014004,10.20.30.2/16,-
20201020014005,10.77.1.1/24,3
20201020014007,10.77.1.1/24,2
20201020014008,192.168.1.2/24,-
20201020014009,10.77.1.1/24,-
20201020014010,192.168.1.1/24,1
20201020014011,10.20.30.1/16,6
20201020014012,10.20.30.1/16,-
20201020014013,192.168.1.1/24,-
20201020014014,10.20.30.2/16,4
20201020014015,192.168.1.1/24,4
20201020014016,10.77.1.1/24,86
20201020014018,10.20.30.2/16,91
20201020014019,10.20.30.2/16,59
20201020014021,10.20.30.1/16,12
20201020014023,192.168.1.2/24,-
20201020014024,192.168.1.1/24,-
20201020014025,10.20.30.1/16,-
20201020014027,192.168.1.2/24,6
20201020014029,192.168.1.2/24,78
20201020014031,10.20.30.2/16,8
20201020014032,192.168.1.2/24,63
20201020014033,10.20.30.1/16,9
20201020014034,192.168.1.1/24,2
20201020014035,10.20.30.1/16,41
20201020014036,10.20.30.1/16,7
20201020014037,10.20.30.1/16,-
20201020014038,10.77.1.1/24,5
20201020014039,192.168.1.1/24,3
20201020014040,10.20.30.1/16,7
20201020014041,192.168.1.2/24,8
20201020014042,10.20.30.2/16,12
20201020014044,192.168.1.1/24,35
20201020014045,192.168.1.1/24,6
20201020014046,192.168.1.1/24,8
20201020014047,10.77.1.2/24,-
20201020014048,192.168.1.2/24,-
20201020014049,192.168.1.2/24,8
20201020014050,192.168.1.2/24,7
20201020014051,10.77.1.1/24,6
20201020014052,192.168.1.2/24,46
20201020014053,192.168.1.2/24,7
20201020014054,10.77.1.2/24,2
20201020014055,192.168.1.1/24,6
20201020014056,192.168.1.2/24,41
20201020014058,10.20.30.2/16,5
20201020014059,10.77.1.1/24,1
20201020014100,10.20.30.2/16,-
20201020014101,192.168.1.1/24,1
20201020014102,192.168.1.1/24,35
20201020014103,192.168.1.2/24,6
20201020014104,192.168.1.1/24,4
20201020014105,192.168.1.1/24,93
20201020014106,10.77.1.1/24,2
20201020014107,10.77.1.1/24,28
20201020014109,10.77.1.2/24,-
20201020014111,10.77.1.2/24,4
20201020014112,192.168.1.2/24,-
20201020014114,10.77.1.1/24,9
20201020014115,10.20.30.2/16,5
20201020014116,10.77.1.2/24,1
20201020014117,192.168.1.2/24,-
20201020014118,192.168.1.2/24,-
20201020014119,10.77.1.1/24,-
20201020014120,10.77.1.1/24,8
20201020014122,10.20.30.1/16,11
20201020014123,192.168.1.2/24,2
20201020014124,10.20.30.2/16,13
20201020014125,10.77.1.1/24,4
20201020014126,10.77.1.2/24,1
20201020014127,10.20.30.2/16,6
20201020014128,10.20.30.2/16,4
20201020014130,10.20.30.2/16,4
20201020014131,192.168.1.1/24,1
20201020014132,192.168.1.2/24,5
20201020014133,192.168.1.1/24,5
20201020014134,10.20.30.1/16,-
20201020014135,10.20.30.2/16,3
20201020014137,10.77.1.1/24,7
20201020014138,10.77.1.2/24,2
20201020014139,192.168.1.1/24,33
20201020014141,192.168.1.1/24,-
20201020014142,192.168.1.2/24,10
20201020014143,192.168.1.2/24,-
20201020014144,192.168.1.2/24,-
20201020014145,10.20.30.2/16,-
20201020014146,10.77.1.1/24,1
20201020014147,10.77.1.2/24,7
20201020014148,192.168.1.1/24,6
20201020014149,10.77.1.2/24,64
20201020014150,10.77.1.1/24,-
20201020014151,192.168.1.2/24,4
20201020014152,10.20.30.2/16,6
20201020014153,10.20.30.1/16,90
20201020014155,10.77.1.2/24,28
20201020014157,10.77.1.1/24,99
20201020014158,192.168.1.1/24,1
20201020014159,10.77.1.1/24,38
20201020014200,192.168.1.2/24,2
20201020014202,10.20.30.1/16,-
20201020014204,10.77.1.2/24,3
20201020014205,10.77.1.1/24,8
20201020014206,10.20.30.1/16,1
20201020014207,10.20.30.1/16,3
20201020014208,192.168.1.1/24,6
20201020014209,10.77.1.1/24,8
20201020014210,10.77.1.2/24,8
20201020014211,10.77.1.2/24,1
20201020014212,10.77.1.1/24,7
20201020014213,10.77.1.2/24,-
20201020014214,192.168.1.2/24,8
20201020014216,192.168.1.1/24,5
20201020014217,10.20.30.1/16,3
20201020014218,10.77.1.2/24,7
20201020014219,10.77.1.1/24,-
20201020014220,10.77.1.1/24,9
20201020014222,10.20.30.1/16,9
20201020014223,192.168.1.1/24,5
20201020014224,10.77.1.1/24,4
20201020014225,10.20.30.2/16,82
20201020014226,192.168.1.2/24,-
20201020014227,192.168.1.2/24,18
20201020014229,192.168.1.2/24,-
20201020014230,192.168.1.1/24,5
20201020014231,10.77.1.1/24,81
20201020014232,10.77.1.1/24,6
20201020014233,10.20.30.2/16,35
20201020014235,10.77.1.1/24,7
20201020014236,10.77.1.2/24,77
20201020014237,192.168.1.2/24,-
20201020014238,10.77.1.2/24,-
20201020014239,10.20.30.2/16,1
20201020014241,10.77.1.2/24,5
20201020014242,10.20.30.1/16,8
20201020014243,10.77.1.1/24,8
20201020014244,10.20.30.1/16,12
20201020014245,10.77.1.2/24,33
20201020014246,10.77.1.1/24,26
20201020014247,10.77.1.2/24,-
20201020014248,10.20.30.1/16,51
20201020014250,10.77.1.1/24,51
20201020014251,10.77.1.1/24,11
20201020014252,192.168.1.2/24,-
20201020014253,192.168.1.2/24,5
20201020014254,192.168.1.2/24,12
20201020014255,192.168.1.2/24,1
20201020014257,192.168.1.1/24,-
20201020014258,10.77.1.1/24,-
20201020014259,10.20.30.1/16,8
20201020014301,10.20.30.1/16,-
20201020014302,10.77.1.1/24,6
20201020014304,10.20.30.1/16,2
20201020014306,192.168.1.1/24,-
20201020014307,10.77.1.1/24,9
20201020014308,10.77.1.1/24,7
20201020014310,10.20.30.1/16,8
20201020014312,192.168.1.2/24,10
20201020014313,192.168.1.2/24,12
20201020014315,192.168.1.1/24,-
20201020014316,10.20.30.1/16,74
20201020014318,192.168.1.1/24,3
20201020014320,10.20.30.1/16,6
20201020014321,10.20.30.2/16,8
20201020014323,10.77.1.2/24,9
20201020014324,10.77.1.2/24,1
20201020014325,192.168.1.2/24,84
20201020014326,192.168.1.2/24,2
20201020014328,192.168.1.1/24,2
20201020014329,10.20.30.1/16,4
20201020014330,192.168.1.1/24,3
20201020014331,10.20.30.2/16,27
20201020014332,10.20.30.2/16,5
20201020014333,10.77.1.2/24,-
20201020014334,10.77.1.2/24,5
20201020014335,10.20.30.2/16,3
20201020014336,192.168.1.1/24,8
20201020014338,192.168.1.2/24,3
20201020014339,192.168.1.2/24,8
20201020014340,10.77.1.1/24,5
20201020014341,10.77.1.1/24,7
20201020014343,10.20.30.1/16,23
20201020014344,10.77.1.1/24,36
20201020014345,192.168.1.1/24,1
20201020014346,10.77.1.2/24,-
20201020014347,10.20.30.2/16,-
20201020014348,10.77.1.2/24,6
20201020014349,10.20.30.2/16,9
20201020014350,10.77.1.1/24,5
20201020014352,10.20.30.1/16,2
20201020014354,10.20.30.2/16,34
20201020014356,10.20.30.1/16,7
20201020014357,10.20.30.2/16,1
20201020014359,10.77.1.2/24,9
20201020014400,10.77.1.2/24,-
20201020014401,10.20.30.1/16,1
20201020014402,10.20.30.1/16,-
20201020014403,10.20.30.1/16,2
20201020014404,10.20.30.1/16,-
20201020014405,192.168.1.2/24,62
20201020014406,192.168.1.2/24,3
20201020014407,192.168.1.2/24,95
20201020014408,10.77.1.1/24,1
20201020014409,10.20.30.1/16,8
20201020014410,10.77.1.1/24,4
20201020014411,10.20.30.1/16,5
20201020014412,10.20.30.2/16,4
20201020014413,192.168.1.2/24,43
20201020014414,192.168.1.1/24,40
20201020014415,10.20.30.2/16,-
20201020014417,10.77.1.1/24,51
20201020014418,10.20.30.1/16,72
20201020014419,192.168.1.1/24,7
20201020014420,10.20.30.2/16,1
20201020014422,192.168.1.2/24,13
20201020014423,192.168.1.2/24,4
20201020014424,10.20.30.1/16,5
20201020014425,10.20.30.2/16,8
20201020014426,192.168.1.2/24,6
20201020014427,192.168.1.1/24,-
20201020014428,10.77.1.1/24,3
20201020014430,10.77.1.1/24,2
20201020014431,192.168.1.1/24,8
20201020014432,192.168.1.2/24,-
20201020014433,10.77.1.2/24,-
20201020014434,10.77.1.1/24,-
20201020014435,192.168.1.1/24,6
20201020014436,192.168.1.1/24,-
20201020014437,192.168.1.1/24,74
20201020014438,192.168.1.2/24,3
20201020014439,10.77.1.2/24,48
20201020014440,10.20.30.1/16,5
20201020014441,10.77.1.1/24,20
20201020014442,10.20.30.1/16,6
20201020014443,10.20.30.1/16,-
20201020014444,10.77.1.1/24,2
20201020014446,192.168.1.1/24,3
20201020014447,192.168.1.1/24,-
20201020014448,192.168.1.2/24,9
20201020014449,192.168.1.2/24,28
20201020014450,10.77.1.1/24,21
20201020014451,10.20.30.1/16,-
20201020014452,10.77.1.2/24,1
20201020014454,192.168.1.2/24,-
20201020014455,192.168.1.2/24,-
20201020014456,192.168.1.1/24,6
20201020014457,192.168.1.2/24,6
20201020014458,192.168.1.2/24,2
20201020014459,192.168.1.1/24,8
20201020014500,10.77.1.2/24,64
20201020014501,192.168.1.1/24,3
20201020014502,192.168.1.2/24,6
20201020014503,10.20.30.1/16,3
20201020014504,10.77.1.1/24,-
20201020014505,10.20.30.2/16,4
20201020014506,10.77.1.2/24,7
20201020014507,10.77.1.1/24,4
20201020014508,10.20.30.1/16,-
20201020014509,10.20.30.1/16,-
20201020014510,10.77.1.2/24,-
20201020014512,10.77.1.1/24,2
20201020014514,10.77.1.2/24,6
20201020014515,10.20.30.1/16,-
20201020014516,10.20.30.2/16,9
20201020014517,10.77.1.1/24,39
20201020014518,10.77.1.2/24,-
20201020014519,10.20.30.2/16,-
20201020014520,192.168.1.2/24,3
20201020014522,10.77.1.2/24,1
20201020014523,10.77.1.1/24,6
20201020014524,10.20.30.2/16,46
20201020014525,10.77.1.2/24,-
20201020014526,192.168.1.1/24,8
20201020014527,10.20.30.1/16,5
20201020014529,10.20.30.2/16,-
20201020014531,10.20.30.2/16,-
20201020014532,10.20.30.2/16,-
20201020014533,10.77.1.2/24,2
20201020014534,10.20.30.2/16,2
20201020014535,10.20.30.2/16,6
20201020014536,10.20.30.2/16,7
20201020014538,10.77.1.2/24,-
20201020014540,10.77.1.2/24,7
20201020014541,192.168.1.1/24,52
20201020014543,10.20.30.2/16,4
20201020014544,192.168.1.2/24,3
20201020014545,192.168.1.1/24,9
20201020014546,192.168.1.1/24,1
20201020014547,192.168.1.2/24,13
20201020014549,192.168.1.1/24,7
20201020014550,192.168.1.2/24,7
20201020014551,10.20.30.1/16,6
20201020014552,10.20.30.1/16,6
20201020014553,192.168.1.2/24,4
20201020014555,10.20.30.2/16,14
20201020014557,10.77.1.1/24,6
20201020014559,10.20.30.2/16,62
20201020014600,192.168.1.1/24,3
20201020014601,10.77.1.1/24,4
20201020014603,192.168.1.1/24,9
20201020014605,192.168.1.2/24,22
20201020014606,10.77.1.1/24,7
20201020014607,192.168.1.2/24,66
20201020014608,10.77.1.1/24,7
20201020014609,10.20.30.2/16,8
20201020014611,10.77.1.2/24,8
20201020014612,10.20.30.2/16,1
20201020014613,10.77.1.2/24,-
20201020014614,10.77.1.1/24,-
20201020014615,192.168.1.2/24,-
20201020014617,192.168.1.2/24,8
20201020014618,192.168.1.1/24,8
20201020014619,10.20.30.1/16,-
20201020014620,10.20.30.2/16,5
20201020014621,10.77.1.1/24,-
20201020014622,10.77.1.2/24,6
20201020014624,10.20.30.1/16,2
20201020014625,10.77.1.2/24,85
20201020014627,10.20.30.2/16,8
20201020014628,10.77.1.1/24,31
20201020014630,192.168.1.2/24,8
20201020014631,10.20.30.2/16,2
20201020014633,10.20.30.1/16,2
20201020014634,10.20.30.2/16,-
20201020014636,10.20.30.2/16,7
20201020014637,192.168.1.2/24,-
20201020014638,10.20.30.1/16,5
20201020014640,192.168.1.2/24,5
20201020014641,192.168.1.1/24,3
20201020014642,10.77.1.2/24,9
20201020014643,10.77.1.1/24,-
20201020014644,192.168.1.2/24,63
20201020014645,10.20.30.2/16,2
20201020014646,10.77.1.1/24,8
20201020014647,10.77.1.1/24,12
20201020014649,192.168.1.1/24,4
20201020014650,10.77.1.1/24,7
20201020014651,10.77.1.1/24,5
20201020014652,10.77.1.1/24,24
20201020014653,10.77.1.1/24,93
20201020014655,192.168.1.2/24,-
20201020014657,10.77.1.2/24,2
20201020014658,10.77.1.2/24,35
20201020014700,192.168.1.1/24,67
20201020014701,10.20.30.1/16,-
20201020014702,10.20.30.1/16,-
20201020014703,10.20.30.2/16,16
20201020014705,10.77.1.2/24,-
20201020014707,10.77.1.2/24,-
20201020014709,10.77.1.1/24,-
20201020014710,192.168.1.1/24,3
20201020014712,10.77.1.1/24,7
20201020014713,10.77.1.1/24,20
20201020014714,10.20.30.2/16,9
20201020014716,10.77.1.2/24,5
20201020014717,10.77.1.2/24,4
20201020014718,192.168.1.1/24,3
20201020014719,10.20.30.1/16,14
20201020014720,10.20.30.1/16,5
20201020014721,10.77.1.2/24,2
20201020014723,10.77.1.1/24,48
20201020014724,192.168.1.2/24,-
20201020014725,10.20.30.1/16,-
20201020014726,10.77.1.2/24,4
20201020014727,10.77.1.2/24,-
20201020014728,10.20.30.2/16,9
20201020014730,192.168.1.1/24,6
20201020014731,10.20.30.2/16,6
20201020014732,192.168.1.1/24,6
20201020014733,192.168.1.2/24,-
20201020014734,10.77.1.1/24,6
20201020014735,192.168.1.2/24,58
20201020014736,192.168.1.2/24,-
20201020014737,192.168.1.1/24,24
20201020014738,192.168.1.2/24,44
20201020014739,10.77.1.2/24,77
20201020014741,10.20.30.1/16,-
20201020014742,10.20.30.2/16,-
20201020014743,10.77.1.1/24,8
20201020014744,10.77.1.1/24,-
20201020014745,192.168.1.1/24,7
20201020014746,192.168.1.1/24,-
20201020014747,10.77.1.1/24,6
20201020014748,10.77.1.2/24,19
20201020014750,10.20.30.1/16,71
20201020014751,192.168.1.2/24,-
20201020014752,192.168.1.1/24,-
20201020014753,192.168.1.1/24,-
20201020014754,10.20.30.2/16,2
20201020014755,10.77.1.1/24,3
20201020014757,192.168.1.1/24,43
20201020014758,10.77.1.1/24,-
20201020014759,10.77.1.2/24,-
20201020014800,192.168.1.1/24,5
20201020014801,10.20.30.2/16,7
20201020014802,10.77.1.1/24,-
20201020014803,10.20.30.1/16,5
20201020014804,10.77.1.2/24,9
20201020014805,10.77.1.1/24,5
20201020014807,10.77.1.2/24,-
20201020014809,10.20.30.2/16,61
20201020014810,10.20.30.1/16,5
20201020014811,192.168.1.1/24,80
20201020014812,10.20.30.1/16,-
20201020014814,192.168.1.2/24,3
20201020014815,10.77.1.1/24,4
20201020014816,192.168.1.1/24,-
20201020014817,10.20.30.2/16,9
20201020014819,10.20.30.1/16,-
20201020014820,192.168.1.1/24,74
20201020014821,10.20.30.2/16,-
20201020014822,192.168.1.2/24,-
20201020014824,10.77.1.1/24,69
20201020014825,192.168.1.1/24,7
20201020014826,10.77.1.1/24,9
20201020014827,10.77.1.1/24,9
20201020014828,10.77.1.1/24,10
20201020014830,10.77.1.1/24,5
20201020014832,10.20.30.1/16,10
20201020014833,10.77.1.1/24,2
20201020014834,10.20.30.2/16,-
20201020014836,192.168.1.1/24,5
20201020014838,192.168.1.2/24,5
20201020014840,10.77.1.2/24,-
20201020014841,10.20.30.1/16,98
20201020014842,10.77.1.1/24,-
20201020014843,192.168.1.1/24,9
20201020014844,10.77.1.2/24,-
20201020014845,10.20.30.1/16,46
20201020014847,192.168.1.2/24,9
20201020014849,192.168.1.2/24,94
20201020014850,10.77.1.1/24,3
20201020014852,10.20.30.1/16,31
20201020014854,10.77.1.2/24,2
20201020014855,10.20.30.2/16,1
20201020014856,192.168.1.1/24,3
20201020014858,10.77.1.1/24,16
20201020014859,10.20.30.1/16,2
20201020014900,10.20.30.1/16,-
20201020014901,10.77.1.2/24,4
20201020014902,10.20.30.2/16,55
20201020014903,10.20.30.1/16,6
20201020014904,192.168.1.1/24,-
20201020014905,192.168.1.1/24,9
20201020014906,10.77.1.2/24,-
20201020014907,10.77.1.2/24,-
20201020014908,192.168.1.1/24,31
20201020014909,10.77.1.1/24,-
20201020014910,10.77.1.2/24,98
20201020014911,10.20.30.1/16,-
20201020014912,10.20.30.1/16,20
20201020014914,192.168.1.2/24,3
20201020014916,192.168.1.1/24,-
20201020014917,10.77.1.1/24,4
20201020014919,192.168.1.2/24,1
20201020014920,10.20.30.1/16,3
20201020014922,10.77.1.1/24,3
20201020014923,10.77.1.1/24,9
20201020014924,192.168.1.2/24,-
20201020014925,10.77.1.1/24,1
20201020014926,10.20.30.1/16,6
20201020014927,10.20.30.1/16,63
20201020014929,10.20.30.1/16,63
20201020014930,192.168.1.1/24,53
20201020014932,192.168.1.1/24,42
20201020014934,10.20.30.1/16,9
20201020014936,10.77.1.1/24,47
20201020014937,192.168.1.2/24,-
20201020014938,192.168.1.2/24,1
20201020014939,10.77.1.2/24,2
20201020014940,192.168.1.2/24,1
20201020014941,192.168.1.2/24,25
20201020014942,192.168.1.1/24,-
20201020014943,192.168.1.1/24,-
20201020014944,192.168.1.2/24,-
20201020014945,10.77.1.2/24,5
20201020014946,10.77.1.2/24,3
20201020014947,192.168.1.1/24,-
20201020014948,10.20.30.1/16,43
20201020014949,10.20.30.1/16,6
20201020014950,10.20.30.2/16,49
20201020014951,10.77.1.1/24,5
20201020014953,10.77.1.1/24,16
20201020014955,192.168.1.2/24,1
20201020014956,192.168.1.1/24,-
20201020014957,10.20.30.1/16,77
20201020014958,192.168.1.1/24,90
20201020014959,10.20.30.1/16,4
20201020015000,192.168.1.1/24,-
20201020015001,10.77.1.1/24,6
20201020015002,10.20.30.2/16,12
20201020015004,10.20.30.1/16,5
20201020015005,10.77.1.1/24,7
20201020015006,192.168.1.2/24,-
20201020015007,192.168.1.2/24,-
20201020015008,192.168.1.1/24,-
20201020015009,10.77.1.1/24,93
20201020015010,192.168.1.1/24,4
20201020015012,192.168.1.1/24,9
20201020015013,192.168.1.1/24,35
20201020015014,10.77.1.1/24,63
20201020015015,10.20.30.2/16,8
20201020015016,10.77.1.1/24,46
20201020015017,10.20.30.1/16,4
20201020015018,10.20.30.2/16,9
20201020015019,192.168.1.2/24,-
20201020015020,10.77.1.2/24,1
20201020015021,10.77.1.2/24,7
20201020015022,10.77.1.1/24,91
20201020015024,192.168.1.1/24,2
20201020015025,192.168.1.2/24,9
20201020015027,10.77.1.1/24,20
20201020015028,192.168.1.2/24,1
20201020015029,10.77.1.1/24,2
20201020015030,10.77.1.2/24,4
20201020015032,192.168.1.2/24,-
20201020015033,192.168.1.1/24,-
20201020015034,10.77.1.1/24,-
20201020015035,192.168.1.2/24,-
20201020015037,10.77.1.2/24,4
20201020015038,10.20.30.2/16,1
20201020015039,10.77.1.2/24,2
20201020015040,192.168.1.1/24,3
20201020015042,10.20.30.2/16,6
20201020015043,192.168.1.2/24,4
20201020015045,192.168.1.2/24,-
20201020015046,10.77.1.1/24,3
20201020015047,10.20.30.2/16,5
20201020015048,10.20.30.1/16,50
20201020015049,192.168.1.1/24,-
20201020015050,10.20.30.2/16,8
20201020015051,10.20.30.2/16,95
20201020015052,10.77.1.2/24,90
20201020015053,192.168.1.1/24,8
20201020015055,10.77.1.1/24,6
20201020015056,10.20.30.2/16,-
20201020015057,192.168.1.2/24,-
20201020015058,10.20.30.1/16,50
20201020015059,10.77.1.1/24,1
20201020015100,10.77.1.1/24,8
20201020015101,10.20.30.2/16,-
20201020015103,10.20.30.1/16,5
20201020015104,10.20.30.2/16,4
20201020015106,10.77.1.1/24,14
20201020015108,10.77.1.1/24,1
20201020015109,10.20.30.1/16,3
20201020015110,10.77.1.2/24,5
20201020015111,10.77.1.1/24,5
20201020015112,10.20.30.2/16,-
20201020015113,10.20.30.2/16,4
20201020015114,192.168.1.1/24,-
20201020015115,10.20.30.2/16,1
20201020015116,192.168.1.1/24,-
20201020015117,10.20.30.1/16,6
20201020015119,10.77.1.2/24,10
20201020015120,192.168.1.2/24,-
20201020015122,10.77.1.1/24,5
20201020015123,192.168.1.1/24,9
20201020015124,10.20.30.2/16,6
20201020015125,192.168.1.1/24,2
20201020015126,10.20.30.2/16,-
20201020015127,10.77.1.2/24,4
20201020015128,10.20.30.2/16,-
20201020015129,10.77.1.2/24,5
20201020015131,192.168.1.2/24,-
20201020015132,192.168.1.1/24,89
20201020015133,192.168.1.1/24,3
20201020015135,192.168.1.1/24,2
20201020015136,10.77.1.2/24,16
20201020015137,192.168.1.2/24,7
20201020015139,10.77.1.2/24,3
20201020015140,10.77.1.2/24,18
20201020015141,192.168.1.1/24,6
20201020015142,10.77.1.2/24,1
20201020015143,10.77.1.1/24,9
20201020015144,192.168.1.1/24,46
20201020015146,10.20.30.1/16,6
20201020015147,10.77.1.1/24,-
20201020015148,10.20.30.1/16,8
20201020015150,10.20.30.1/16,5
20201020015152,10.77.1.2/24,7
20201020015153,192.168.1.1/24,-
20201020015154,10.77.1.2/24,4
20201020015155,10.77.1.2/24,24
20201020015157,10.77.1.1/24,46
20201020015158,10.20.30.2/16,85
20201020015159,10.20.30.2/16,2
20201020015200,192.168.1.1/24,8
20201020015202,10.20.30.1/16,2
20201020015203,10.20.30.1/16,4
20201020015204,192.168.1.2/24,21
20201020015206,10.77.1.2/24,8
20201020015207,10.20.30.2/16,4
20201020015208,10.77.1.2/24,12
20201020015209,10.20.30.1/16,-
20201020015210,10.20.30.1/16,3
20201020015211,10.20.30.1/16,9
20201020015213,192.168.1.1/24,6
20201020015214,10.20.30.1/16,2
20201020015215,10.77.1.2/24,6
20201020015216,10.77.1.2/24,-
20201020015217,10.77.1.2/24,7
20201020015219,10.20.30.2/16,9
20201020015221,192.168.1.2/24,4
20201020015222,192.168.1.2/24,-
20201020015224,192.168.1.1/24,6
20201020015225,192.168.1.1/24,3
20201020015227,192.168.1.1/24,53
20201020015228,10.20.30.2/16,25
20201020015230,10.20.30.1/16,-
20201020015231,10.20.30.2/16,72
20201020015233,192.168.1.1/24,4
20201020015234,192.168.1.1/24,5
20201020015236,192.168.1.2/24,8
20201020015237,10.20.30.1/16,3
20201020015238,10.77.1.1/24,-
20201020015239,10.20.30.1/16,-
20201020015240,10.77.1.1/24,3
20201020015242,192.168.1.1/24,9
20201020015243,10.77.1.2/24,-
20201020015245,192.168.1.2/24,9
20201020015246,10.20.30.2/16,8
20201020015247,10.77.1.2/24,-
20201020015248,10.77.1.2/24,-
20201020015250,192.168.1.2/24,2
20201020015251,10.20.30.1/16,-
20201020015252,192.168.1.1/24,0
20201020015253,10.77.1.2/24,4
20201020015254,10.20.30.2/16,57
20201020015256,192.168.1.2/24,2
20201020015257,10.20.30.1/16,8
20201020015258,10.77.1.2/24,37
20201020015300,192.168.1.2/24,8
20201020015301,192.168.1.1/24,-
20201020015302,10.20.30.1/16,-
20201020015303,10.20.30.2/16,-
20201020015305,10.77.1.2/24,6
20201020015306,192.168.1.2/24,-
20201020015308,10.20.30.1/16,-
20201020015310,10.77.1.1/24,-
20201020015311,10.77.1.2/24,3
20201020015312,10.20.30.2/16,3
20201020015313,10.20.30.2/16,-
20201020015314,10.20.30.2/16,1
20201020015316,192.168.1.2/24,7
20201020015317,10.77.1.1/24,9
20201020015318,10.77.1.1/24,8
20201020015319,10.20.30.2/16,94
20201020015320,192.168.1.1/24,-
20201020015321,10.77.1.1/24,2
20201020015322,10.77.1.1/24,84
20201020015323,10.20.30.2/16,9
20201020015324,192.168.1.2/24,-
20201020015325,192.168.1.1/24,-
20201020015326,192.168.1.2/24,5
20201020015327,192.168.1.2/24,-
20201020015328,10.77.1.2/24,3
20201020015330,10.20.30.1/16,16
20201020015331,10.77.1.2/24,4
20201020015332,10.20.30.2/16,2
20201020015333,10.20.30.2/16,8
20201020015334,10.77.1.1/24,7
20201020015336,192.168.1.1/24,54
20201020015337,192.168.1.2/24,-
20201020015338,10.20.30.1/16,6
20201020015339,10.20.30.1/16,2
20201020015340,10.20.30.2/16,51
20201020015341,10.20.30.1/16,-
20201020015343,192.168.1.2/24,-
20201020015344,10.77.1.1/24,51
20201020015345,10.20.30.1/16,4
20201020015346,10.20.30.2/16,9
20201020015347,10.77.1.2/24,4
20201020015348,192.168.1.2/24,-
20201020015349,10.20.30.2/16,3
20201020015350,192.168.1.2/24,6
20201020015351,10.20.30.2/16,-
20201020015352,10.20.30.2/16,10
20201020015353,10.77.1.2/24,16
20201020015354,10.20.30.1/16,19
20201020015355,192.168.1.1/24,-
20201020015356,10.20.30.2/16,-
20201020015357,10.20.30.2/16,4
20201020015359,10.77.1.1/24,3
20201020015400,10.20.30.1/16,7
20201020015401,10.20.30.1/16,3
20201020015402,10.20.30.2/16,-
20201020015403,192.168.1.1/24,7
20201020015404,10.77.1.1/24,6
20201020015405,10.77.1.1/24,5
20201020015406,192.168.1.1/24,6
20201020015407,10.77.1.2/24,78
20201020015408,10.77.1.1/24,-
20201020015410,10.77.1.2/24,8
20201020015412,192.168.1.1/24,1
20201020015413,10.20.30.2/16,7
20201020015414,10.20.30.1/16,-
20201020015415,192.168.1.1/24,6
20201020015416,10.20.30.1/16,-
20201020015418,10.77.1.1/24,8
20201020015419,10.77.1.2/24,8
20201020015420,10.20.30.1/16,-
20201020015421,10.77.1.1/24,17
20201020015422,10.77.1.1/24,-
20201020015423,192.168.1.1/24,4
20201020015424,10.20.30.2/16,5
20201020015425,192.168.1.1/24,7
20201020015427,192.168.1.1/24,90
20201020015428,10.20.30.2/16,12
20201020015429,10.20.30.1/16,87
20201020015430,192.168.1.2/24,2
20201020015431,10.77.1.2/24,9
20201020015433,10.20.30.2/16,-
20201020015434,10.77.1.2/24,2
20201020015435,192.168.1.1/24,7
20201020015436,10.20.30.2/16,9
20201020015438,10.77.1.2/24,14
20201020015439,10.77.1.1/24,6
20201020015440,10.77.1.1/24,91
20201020015441,10.77.1.2/24,5
20201020015443,10.77.1.1/24,2
20201020015444,192.168.1.1/24,4
20201020015445,10.77.1.2/24,-
20201020015447,192.168.1.1/24,2
20201020015448,10.20.30.1/16,1
20201020015449,192.168.1.2/24,4
20201020015450,10.20.30.2/16,-
20201020015452,192.168.1.2/24,10
20201020015453,10.77.1.2/24,20
20201020015455,192.168.1.2/24,6
20201020015456,192.168.1.2/24,42
20201020015457,10.20.30.2/16,3
20201020015458,10.77.1.2/24,7
20201020015500,192.168.1.2/24,86
20201020015502,10.20.30.2/16,16
20201020015503,10.77.1.2/24,9
20201020015505,10.77.1.1/24,9
20201020015506,10.20.30.2/16,6
20201020015508,10.77.1.1/24,78
20201020015509,192.168.1.1/24,-
20201020015510,10.20.30.1/16,35
20201020015511,10.20.30.1/16,3
20201020015512,192.168.1.1/24,9
20201020015513,10.20.30.2/16,-
20201020015514,192.168.1.2/24,8
20201020015515,10.77.1.2/24,21
20201020015516,10.20.30.2/16,74
20201020015517,192.168.1.2/24,14
20201020015518,10.77.1.1/24,63
20201020015519,10.77.1.2/24,36
20201020015521,10.20.30.1/16,8
20201020015522,10.77.1.1/24,5
20201020015523,10.77.1.2/24,5
20201020015524,10.77.1.2/24,4
20201020015525,192.168.1.1/24,3
20201020015526,10.77.1.1/24,80
20201020015527,192.168.1.1/24,-
20201020015528,10.77.1.2/24,-
20201020015529,10.77.1.2/24,-
20201020015531,192.168.1.2/24,5
20201020015532,10.77.1.2/24,1
20201020015533,192.168.1.2/24,9
20201020015535,192.168.1.2/24,-
20201020015537,10.20.30.1/16,9
20201020015538,192.168.1.2/24,1
20201020015539,192.168.1.1/24,66
20201020015540,10.20.30.2/16,6
20201020015541,10.20.30.1/16,-
20201020015542,10.20.30.2/16,5
20201020015544,192.168.1.1/24,-
20201020015546,192.168.1.1/24,4
20201020015547,10.77.1.1/24,4
20201020015548,10.20.30.2/16,9
20201020015549,10.20.30.2/16,6
20201020015550,10.77.1.2/24,4
20201020015551,192.168.1.2/24,-
20201020015553,10.77.1.2/24,6
20201020015554,10.20.30.1/16,73
20201020015555,10.20.30.2/16,11
20201020015556,10.77.1.1/24,1
20201020015557,192.168.1.2/24,5
20201020015558,10.20.30.2/16,8
20201020015600,10.77.1.1/24,5
20201020015601,10.20.30.2/16,-
20201020015602,10.77.1.2/24,8
20201020015604,10.77.1.1/24,51
20201020015605,10.20.30.2/16,61
20201020015606,10.20.30.2/16,9
20201020015607,10.77.1.2/24,-
20201020015608,192.168.1.2/24,-
20201020015609,10.77.1.1/24,-
20201020015610,10.77.1.2/24,70
20201020015611,10.77.1.1/24,-
20201020015612,192.168.1.2/24,13
20201020015614,10.77.1.1/24,9
20201020015615,10.20.30.1/16,50
20201020015617,10.77.1.2/24,37
20201020015619,192.168.1.2/24,-
20201020015620,10.20.30.2/16,3
20201020015621,192.168.1.2/24,4
20201020015622,10.77.1.1/24,75
20201020015624,10.77.1.2/24,22
20201020015625,10.77.1.1/24,58
20201020015626,192.168.1.2/24,71
20201020015627,10.77.1.2/24,5
20201020015628,10.77.1.1/24,7
20201020015629,10.20.30.2/16,6
20201020015630,192.168.1.1/24,-
20201020015631,10.20.30.1/16,96
20201020015632,10.20.30.2/16,3
20201020015633,10.20.30.1/16,2
20201020015634,192.168.1.2/24,6
20201020015635,10.20.30.2/16,4
20201020015636,10.20.30.1/16,3
20201020015638,10.77.1.2/24,5
20201020015639,10.20.30.1/16,5
20201020015640,10.77.1.1/24,24
20201020015641,10.20.30.2/16,8
20201020015642,10.20.30.2/16,-
20201020015643,10.20.30.2/16,-
20201020015645,10.77.1.2/24,1
20201020015646,10.77.1.2/24,13
20201020015647,192.168.1.1/24,-
20201020015648,192.168.1.2/24,1
20201020015649,192.168.1.2/24,2
20201020015650,192.168.1.1/24,-
20201020015651,192.168.1.2/24,2
20201020015652,192.168.1.1/24,8
20201020015653,10.77.1.2/24,4
20201020015654,10.20.30.2/16,8
20201020015655,192.168.1.2/24,5
20201020015656,10.77.1.1/24,7
20201020015657,192.168.1.2/24,8
20201020015658,192.168.1.1/24,2
20201020015659,10.77.1.1/24,3
20201020015700,10.77.1.2/24,8
20201020015701,10.77.1.2/24,6
20201020015703,10.77.1.2/24,12
20201020015704,10.77.1.2/24,8
20201020015705,10.20.30.1/16,2
20201020015707,10.77.1.2/24,12
20201020015709,10.20.30.2/16,9
20201020015710,192.168.1.1/24,-
20201020015711,192.168.1.1/24,1
20201020015712,10.20.30.1/16,-
20201020015713,10.77.1.1/24,12
20201020015715,10.77.1.1/24,5
20201020015716,10.77.1.1/24,42
20201020015717,10.77.1.1/24,6
20201020015719,192.168.1.1/24,15
20201020015720,192.168.1.2/24,-
20201020015721,10.77.1.1/24,36
20201020015722,192.168.1.2/24,9
20201020015723,10.20.30.1/16,-
20201020015725,10.20.30.1/16,4
20201020015727,192.168.1.2/24,-
20201020015728,10.77.1.2/24,5
20201020015729,10.20.30.2/16,7
20201020015730,10.77.1.1/24,7
20201020015731,10.77.1.2/24,2
20201020015732,10.77.1.2/24,2
20201020015733,10.77.1.2/24,-
20201020015734,10.77.1.2/24,4
20201020015735,10.20.30.2/16,7
20201020015737,10.77.1.2/24,9
20201020015739,192.168.1.2/24,-
20201020015740,10.77.1.2/24,-
20201020015741,192.168.1.1/24,-
20201020015743,10.77.1.1/24,8
20201020015744,10.20.30.2/16,9
20201020015745,10.77.1.1/24,70
20201020015747,192.168.1.1/24,48
20201020015748,10.77.1.2/24,19
20201020015749,10.20.30.2/16,-
20201020015751,10.20.30.1/16,-
20201020015752,192.168.1.2/24,-
20201020015753,192.168.1.2/24,15
20201020015754,10.77.1.2/24,12
20201020015755,192.168.1.2/24,-
20201020015756,10.20.30.2/16,20
20201020015757,10.20.30.2/16,17
20201020015758,10.20.30.2/16,2
20201020015759,10.77.1.1/24,-
20201020015800,10.77.1.1/24,80
20201020015801,10.77.1.1/24,5
20201020015802,192.168.1.1/24,7
20201020015803,192.168.1.1/24,7
20201020015805,10.77.1.1/24,9
20201020015806,10.77.1.1/24,3
20201020015808,10.77.1.2/24,7
20201020015810,192.168.1.2/24,9
20201020015811,10.20.30.2/16,92
20201020015812,10.77.1.1/24,14
20201020015813,192.168.1.2/24,11
20201020015815,192.168.1.1/24,5
20201020015817,192.168.1.1/24,-
20201020015818,10.77.1.1/24,96
20201020015819,10.77.1.2/24,-
20201020015820,192.168.1.2/24,6
20201020015821,10.77.1.1/24,2
20201020015822,10.20.30.1/16,12
20201020015823,10.20.30.2/16,-
20201020015824,10.77.1.1/24,11
20201020015825,192.168.1.2/24,88
20201020015826,192.168.1.1/24,1
20201020015827,10.77.1.2/24,36
20201020015828,10.77.1.1/24,9
20201020015829,10.20.30.2/16,3
20201020015831,192.168.1.1/24,-
20201020015833,192.168.1.1/24,4
20201020015834,10.77.1.2/24,7
20201020015835,10.77.1.2/24,6
20201020015836,192.168.1.1/24,26
20201020015838,10.77.1.1/24,28
20201020015839,192.168.1.2/24,6
20201020015840,192.168.1.1/24,3
20201020015841,10.77.1.1/24,4
20201020015842,10.77.1.2/24,4
20201020015843,10.20.30.2/16,65
20201020015844,10.20.30.2/16,3
20201020015845,10.77.1.2/24,-
20201020015846,192.168.1.2/24,3
20201020015847,10.77.1.1/24,9
20201020015848,10.77.1.1/24,-
20201020015849,192.168.1.2/24,8
20201020015850,192.168.1.2/24,-
20201020015851,10.20.30.1/16,-
20201020015852,10.20.30.1/16,9
20201020015853,10.20.30.2/16,13
20201020015854,10.77.1.2/24,6
20201020015855,10.20.30.2/16,-
20201020015857,10.20.30.2/16,8
20201020015859,192.168.1.2/24,67
20201020015900,192.168.1.2/24,2
20201020015901,10.77.1.1/24,1
20201020015902,10.20.30.1/16,49
20201020015904,10.77.1.2/24,35
20201020015905,10.20.30.2/16,46
20201020015907,10.77.1.2/24,-
20201020015908,10.20.30.1/16,-
20201020015909,10.77.1.2/24,68
20201020015910,10.20.30.2/16,82
20201020015911,10.20.30.2/16,1
20201020015912,192.168.1.2/24,99
20201020015913,10.20.30.1/16,8
20201020015914,192.168.1.2/24,-
20201020015915,192.168.1.2/24,3
20201020015916,10.20.30.1/16,7
20201020015917,10.20.30.2/16,9
20201020015918,10.20.30.1/16,9
20201020015919,192.168.1.2/24,9
20201020015920,10.20.30.1/16,-
20201020015921,192.168.1.1/24,-
20201020015922,10.77.1.1/24,-
20201020015924,10.20.30.1/16,4
20201020015926,192.168.1.1/24,5
20201020015927,10.20.30.1/16,6
20201020015928,10.77.1.1/24,3
20201020015929,192.168.1.1/24,4
20201020015930,192.168.1.2/24,7
20201020015931,192.168.1.2/24,97
20201020015933,10.77.1.2/24,3
20201020015934,192.168.1.1/24,6
20201020015935,10.77.1.1/24,3
20201020015936,10.20.30.2/16,-
20201020015938,10.77.1.1/24,57
20201020015940,192.168.1.2/24,-
20201020015941,10.20.30.2/16,7
20201020015942,10.20.30.1/16,2
20201020015944,10.77.1.1/24,-
20201020015945,192.168.1.2/24,13
20201020015946,192.168.1.1/24,9
20201020015947,10.20.30.2/16,4
20201020015948,10.77.1.1/24,8
20201020015949,10.20.30.1/16,2
20201020015950,192.168.1.1/24,-
20201020015951,192.168.1.1/24,1
20201020015952,10.20.30.1/16,2
20201020015953,10.20.30.1/16,-
20201020015954,10.77.1.2/24,4
20201020015956,10.77.1.1/24,-
20201020015957,10.77.1.2/24,7
20201020015958,10.20.30.2/16,-
20201020015959,10.77.1.2/24,2
20201020020000,192.168.1.1/24,6
20201020020001,192.168.1.2/24,9
20201020020002,10.20.30.1/16,13
20201020020003,10.77.1.2/24,5
20201020020005,192.168.1.2/24,4
20201020020006,10.20.30.1/16,-
20201020020007,10.77.1.1/24,8
20201020020008,10.20.30.2/16,10
20201020020009,192.168.1.2/24,3
20201020020010,10.20.30.1/16,6
20201020020011,10.20.30.1/16,12
20201020020012,10.77.1.2/24,8
20201020020013,10.20.30.1/16,61
20201020020014,192.168.1.2/24,53
20201020020016,10.20.30.1/16,6
20201020020017,10.77.1.2/24,38
20201020020018,10.77.1.1/24,-
20201020020020,192.168.1.1/24,27
20201020020021,192.168.1.1/24,7
20201020020022,10.77.1.1/24,-
20201020020024,10.20.30.1/16,7
20201020020025,10.77.1.1/24,6
20201020020027,10.77.1.1/24,9
20201020020028,192.168.1.1/24,58
20201020020029,10.20.30.1/16,2
20201020020030,10.77.1.2/24,-
20201020020031,192.168.1.2/24,-
20201020020032,192.168.1.1/24,15
20201020020033,10.77.1.1/24,-
20201020020035,10.20.30.1/16,5
20201020020037,10.20.30.2/16,-
20201020020038,192.168.1.2/24,-
20201020020039,10.77.1.2/24,8
20201020020040,10.77.1.2/24,9
20201020020042,10.20.30.1/16,-
20201020020043,10.20.30.2/16,-
20201020020044,10.77.1.2/24,35
20201020020045,10.20.30.2/16,1
20201020020046,10.20.30.1/16,-
20201020020047,10.20.30.1/16,9
20201020020049,10.77.1.2/24,33
20201020020051,10.20.30.1/16,4
20201020020052,10.77.1.2/24,-
20201020020053,10.77.1.1/24,4
20201020020054,10.20.30.2/16,99
20201020020055,10.77.1.1/24,8
20201020020056,10.77.1.1/24,56
20201020020057,192.168.1.2/24,1
20201020020058,192.168.1.1/24,56
20201020020059,10.20.30.2/16,-
20201020020100,10.77.1.1/24,-
20201020020102,192.168.1.1/24,80
20201020020103,10.77.1.2/24,8
20201020020104,192.168.1.1/24,42
20201020020105,10.20.30.1/16,5
20201020020107,192.168.1.1/24,5
20201020020108,192.168.1.1/24,5
20201020020110,10.77.1.1/24,90
20201020020111,192.168.1.1/24,5
20201020020112,10.20.30.1/16,5
20201020020113,10.20.30.2/16,8
20201020020114,10.20.30.1/16,31
20201020020115,10.77.1.2/24,50
20201020020116,192.168.1.1/24,17
20201020020118,192.168.1.2/24,1
20201020020119,10.20.30.2/16,43
20201020020120,10.77.1.1/24,-
20201020020122,192.168.1.2/24,47
20201020020123,10.20.30.1/16,9
20201020020124,10.77.1.2/24,-
20201020020125,10.77.1.2/24,19
20201020020127,10.20.30.2/16,4
20201020020129,10.77.1.1/24,3
20201020020131,192.168.1.1/24,8
20201020020132,10.77.1.2/24,3
20201020020134,10.20.30.1/16,7
20201020020136,10.77.1.2/24,21
20201020020137,192.168.1.1/24,3
20201020020138,10.77.1.2/24,41
20201020020139,10.20.30.2/16,6
20201020020140,10.20.30.2/16,8
20201020020141,10.77.1.2/24,6
20201020020142,10.20.30.2/16,29
20201020020143,10.77.1.2/24,8
20201020020144,10.77.1.1/24,2
20201020020145,192.168.1.2/24,6
20201020020147,192.168.1.2/24,15
20201020020148,10.77.1.2/24,7
20201020020149,10.20.30.2/16,91
20201020020151,192.168.1.1/24,9
20201020020152,192.168.1.2/24,92
20201020020153,10.20.30.1/16,-
20201020020154,192.168.1.1/24,6
20201020020156,192.168.1.2/24,8
20201020020157,192.168.1.2/24,16
20201020020158,10.20.30.2/16,1
20201020020159,192.168.1.1/24,-
20201020020200,192.168.1.1/24,7
20201020020201,10.77.1.1/24,1
20201020020203,10.77.1.2/24,8
20201020020205,10.20.30.1/16,-
20201020020206,192.168.1.1/24,7
20201020020207,10.77.1.1/24,6
20201020020208,10.77.1.1/24,80
20201020020210,10.77.1.1/24,23
20201020020211,10.20.30.1/16,-
20201020020212,10.20.30.1/16,-
20201020020213,192.168.1.2/24,5
20201020020215,10.77.1.2/24,3
20201020020216,10.20.30.2/16,52
20201020020218,10.77.1.1/24,7
20201020020219,192.168.1.2/24,9
20201020020220,10.77.1.1/24,73
20201020020221,192.168.1.1/24,-
20201020020223,10.77.1.1/24,6
20201020020224,10.77.1.1/24,9
20201020020225,10.77.1.2/24,-
20201020020226,10.20.30.1/16,1
20201020020228,192.168.1.1/24,3
20201020020229,10.77.1.2/24,6
20201020020230,192.168.1.1/24,8
20201020020232,10.77.1.1/24,7
20201020020233,10.77.1.2/24,8
20201020020234,10.20.30.1/16,9
20201020020235,192.168.1.1/24,5
20201020020236,192.168.1.2/24,4
20201020020237,10.77.1.2/24,-
20201020020239,192.168.1.1/24,10
20201020020241,192.168.1.1/24,4
20201020020242,192.168.1.2/24,0
20201020020243,10.77.1.1/24,1
20201020020244,10.77.1.1/24,1
20201020020245,10.20.30.2/16,3
20201020020246,192.168.1.2/24,82
20201020020247,10.77.1.1/24,4
20201020020249,192.168.1.2/24,8
20201020020250,192.168.1.2/24,-
20201020020251,10.77.1.1/24,18
20201020020253,10.77.1.2/24,9
20201020020255,10.77.1.1/24,5
20201020020256,192.168.1.1/24,-
20201020020257,192.168.1.1/24,5
20201020020258,192.168.1.2/24,3
20201020020259,192.168.1.2/24,9
20201020020300,192.168.1.1/24,-
20201020020301,192.168.1.1/24,6
20201020020303,10.20.30.2/16,7
20201020020304,10.77.1.2/24,11
20201020020305,192.168.1.2/24,-
20201020020306,192.168.1.1/24,-
20201020020307,10.20.30.1/16,7
20201020020308,10.20.30.2/16,-
20201020020309,10.77.1.2/24,11
20201020020310,10.77.1.1/24,95
20201020020311,10.20.30.1/16,44
20201020020312,10.77.1.1/24,8
20201020020313,192.168.1.1/24,1
20201020020314,10.20.30.2/16,8
20201020020315,192.168.1.2/24,38
20201020020316,10.77.1.1/24,8
20201020020317,10.20.30.1/16,6
20201020020318,192.168.1.2/24,24
20201020020319,192.168.1.1/24,3
20201020020321,192.168.1.2/24,6
20201020020322,192.168.1.2/24,2
20201020020323,10.77.1.1/24,7
20201020020324,10.77.1.1/24,1
20201020020325,10.20.30.1/16,6
20201020020326,192.168.1.2/24,5
20201020020328,10.77.1.2/24,6
20201020020329,192.168.1.1/24,99
20201020020330,10.20.30.1/16,25
20201020020331,10.77.1.1/24,-
20201020020333,192.168.1.2/24,-
20201020020335,192.168.1.1/24,-
20201020020336,10.20.30.1/16,-
20201020020337,10.77.1.2/24,2
20201020020338,10.20.30.2/16,25
20201020020339,10.20.30.1/16,42
20201020020340,192.168.1.2/24,-
20201020020342,10.20.30.2/16,53
20201020020343,10.77.1.1/24,4
20201020020344,10.77.1.2/24,75
20201020020345,10.20.30.2/16,2
20201020020346,192.168.1.1/24,80
20201020020347,192.168.1.2/24,19
20201020020348,10.77.1.1/24,1
20201020020349,10.20.30.2/16,4
20201020020350,10.20.30.1/16,14
20201020020352,10.77.1.2/24,4
20201020020353,10.77.1.2/24,4
20201020020355,10.20.30.1/16,8
20201020020356,10.20.30.2/16,-
20201020020358,10.77.1.2/24,8
20201020020359,192.168.1.2/24,3
20201020020400,192.168.1.1/24,1
20201020020401,10.20.30.1/16,3
20201020020402,10.77.1.1/24,-
20201020020403,192.168.1.2/24,75
20201020020404,10.77.1.1/24,6
20201020020405,192.168.1.1/24,2
20201020020406,10.77.1.1/24,31
20201020020407,10.20.30.2/16,7
20201020020409,10.77.1.1/24,1
20201020020410,10.77.1.2/24,5
20201020020412,10.20.30.2/16,-
20201020020413,10.20.30.1/16,-
20201020020414,192.168.1.1/24,-
20201020020415,10.77.1.1/24,2
20201020020416,10.77.1.2/24,-
20201020020418,10.77.1.1/24,4
20201020020419,10.20.30.2/16,7
20201020020420,10.20.30.1/16,2
20201020020421,10.20.30.1/16,3
20201020020422,192.168.1.2/24,1
20201020020423,192.168.1.1/24,9
20201020020425,10.20.30.2/16,-
20201020020426,192.168.1.1/24,27
20201020020427,10.20.30.2/16,95
20201020020428,10.20.30.2/16,9
20201020020429,192.168.1.2/24,23
20201020020430,10.77.1.2/24,5
20201020020431,10.77.1.1/24,5
20201020020433,192.168.1.2/24,6
20201020020434,10.77.1.1/24,55
20201020020436,10.20.30.1/16,9
20201020020437,10.20.30.2/16,3
20201020020438,10.20.30.1/16,69
20201020020439,10.77.1.1/24,48
20201020020440,10.20.30.1/16,8
20201020020441,192.168.1.1/24,80
20201020020442,10.77.1.1/24,44
20201020020444,10.20.30.1/16,-
20201020020445,192.168.1.2/24,2
20201020020446,10.77.1.2/24,6
20201020020447,10.77.1.1/24,63
20201020020448,10.77.1.2/24,5
20201020020449,10.77.1.1/24,6
20201020020450,10.20.30.1/16,5
20201020020452,192.168.1.1/24,6
20201020020453,10.20.30.2/16,8
20201020020454,192.168.1.1/24,4
20201020020455,10.77.1.2/24,7
20201020020457,10.77.1.1/24,1
20201020020458,10.77.1.1/24,7
20201020020459,10.77.1.1/24,9
20201020020500,192.168.1.2/24,1
20201020020502,10.20.30.2/16,1
20201020020503,10.77.1.2/24,3
20201020020505,10.77.1.1/24,9
20201020020507,10.20.30.2/16,6
20201020020508,10.77.1.1/24,6
20201020020509,10.20.30.2/16,-
20201020020511,10.20.30.1/16,3
20201020020512,192.168.1.1/24,3
20201020020513,10.77.1.2/24,5
20201020020515,10.20.30.2/16,9
20201020020516,192.168.1.1/24,-
20201020020517,10.77.1.1/24,9
20201020020519,10.77.1.1/24,27
20201020020521,10.20.30.2/16,-
20201020020522,10.20.30.2/16,6
20201020020523,10.20.30.2/16,13
20201020020524,192.168.1.2/24,63
20201020020525,10.77.1.2/24,24
20201020020526,10.77.1.2/24,3
20201020020527,10.77.1.2/24,2
20201020020528,10.20.30.1/16,75
20201020020529,10.77.1.2/24,0
20201020020531,10.77.1.1/24,67
20201020020532,10.20.30.1/16,42
20201020020533,10.20.30.2/16,2
20201020020534,10.20.30.2/16,5
20201020020536,192.168.1.1/24,65
20201020020537,10.20.30.1/16,-
20201020020538,10.20.30.1/16,9
20201020020539,192.168.1.1/24,-
20201020020540,192.168.1.2/24,-
20201020020542,192.168.1.2/24,40
20201020020543,192.168.1.2/24,-
20201020020544,192.168.1.2/24,4
20201020020545,10.77.1.2/24,4
20201020020546,10.20.30.1/16,-
20201020020547,10.77.1.1/24,-
20201020020548,192.168.1.1/24,10
20201020020549,10.77.1.1/24,6
20201020020551,10.77.1.2/24,9
20201020020553,10.20.30.2/16,9
20201020020554,192.168.1.1/24,2
20201020020555,192.168.1.1/24,9
20201020020556,10.20.30.1/16,50
20201020020557,192.168.1.2/24,79
20201020020558,10.20.30.2/16,3
20201020020559,10.20.30.1/16,-
20201020020600,10.77.1.1/24,2
20201020020602,10.77.1.2/24,5
20201020020603,192.168.1.2/24,3
20201020020604,10.20.30.2/16,6
20201020020606,10.77.1.2/24,57
20201020020607,10.77.1.2/24,1
20201020020608,192.168.1.1/24,3
20201020020609,192.168.1.2/24,30
20201020020610,192.168.1.1/24,10
20201020020611,10.77.1.1/24,4
20201020020612,10.20.30.2/16,-
20201020020613,10.20.30.1/16,-
20201020020615,192.168.1.2/24,-
20201020020617,192.168.1.1/24,-
20201020020618,10.77.1.1/24,-
20201020020620,192.168.1.1/24,-
20201020020621,10.77.1.1/24,8
20201020020622,192.168.1.1/24,2
20201020020623,10.20.30.1/16,11
20201020020625,192.168.1.2/24,-
20201020020626,10.20.30.2/16,64
20201020020627,10.20.30.2/16,66
20201020020628,192.168.1.2/24,-
20201020020630,192.168.1.2/24,8
20201020020631,10.77.1.2/24,80
20201020020632,192.168.1.2/24,8
20201020020633,10.20.30.2/16,5
20201020020634,10.20.30.2/16,57
20201020020635,192.168.1.2/24,-
20201020020636,10.77.1.2/24,6
20201020020637,192.168.1.2/24,52
20201020020639,192.168.1.1/24,36
20201020020640,10.20.30.1/16,-
20201020020642,10.77.1.1/24,-
20201020020644,10.77.1.2/24,-
20201020020645,10.20.30.1/16,9
20201020020646,10.77.1.2/24,70
20201020020647,192.168.1.1/24,-
20201020020649,10.20.30.2/16,7
20201020020651,192.168.1.2/24,3
20201020020653,10.77.1.2/24,3
20201020020654,10.20.30.2/16,47
20201020020655,10.20.30.1/16,88
20201020020657,10.20.30.2/16,-
20201020020659,192.168.1.1/24,-
20201020020701,10.77.1.1/24,6
20201020020703,192.168.1.2/24,3
20201020020705,10.77.1.2/24,64
20201020020707,192.168.1.2/24,6
20201020020708,10.77.1.2/24,-
20201020020709,10.20.30.1/16,3
20201020020710,10.20.30.2/16,1
20201020020711,192.168.1.2/24,-
20201020020712,192.168.1.2/24,86
20201020020713,10.20.30.2/16,75
20201020020714,10.77.1.1/24,10
20201020020716,10.77.1.1/24,-
20201020020717,192.168.1.2/24,2
20201020020719,10.20.30.1/16,15
20201020020720,192.168.1.2/24,4
20201020020721,10.77.1.1/24,-
20201020020722,10.77.1.2/24,7
20201020020723,192.168.1.1/24,6
20201020020724,10.77.1.1/24,-
20201020020725,192.168.1.2/24,5
20201020020727,192.168.1.1/24,8
20201020020729,10.77.1.2/24,-
20201020020730,10.77.1.1/24,5
20201020020731,10.20.30.1/16,-
20201020020732,10.20.30.2/16,-
20201020020734,10.20.30.1/16,5
20201020020735,10.20.30.1/16,1
20201020020736,10.20.30.1/16,21
20201020020738,10.20.30.1/16,2
20201020020740,192.168.1.1/24,21
20201020020742,10.77.1.1/24,-
20201020020743,10.77.1.2/24,19
20201020020744,10.20.30.1/16,-
20201020020745,10.77.1.2/24,7
20201020020746,192.168.1.1/24,-
20201020020747,192.168.1.1/24,-
20201020020748,10.77.1.2/24,19
20201020020749,192.168.1.1/24,-
20201020020750,10.77.1.1/24,-
20201020020751,192.168.1.1/24,8
20201020020753,10.20.30.2/16,1
20201020020755,10.20.30.2/16,50
20201020020756,192.168.1.1/24,1
20201020020757,10.20.30.1/16,-
20201020020758,192.168.1.2/24,5
20201020020759,192.168.1.1/24,4
20201020020800,10.20.30.2/16,8
20201020020801,10.77.1.2/24,-
20201020020802,192.168.1.2/24,-
20201020020803,10.20.30.2/16,-
20201020020804,10.77.1.1/24,43
20201020020805,192.168.1.1/24,-
20201020020806,10.20.30.1/16,-
20201020020807,192.168.1.1/24,2
20201020020809,10.20.30.1/16,64
20201020020810,10.77.1.1/24,8
20201020020811,10.20.30.1/16,7
20201020020812,192.168.1.1/24,-
20201020020813,10.20.30.1/16,-
20201020020814,10.77.1.2/24,9
20201020020815,10.20.30.2/16,14
20201020020817,192.168.1.1/24,8
20201020020818,192.168.1.1/24,5
20201020020820,10.20.30.1/16,8
20201020020821,10.20.30.1/16,2
20201020020822,10.20.30.1/16,7
20201020020823,192.168.1.2/24,-
20201020020824,10.77.1.1/24,9
20201020020825,10.20.30.2/16,-
20201020020826,10.77.1.2/24,3
20201020020827,192.168.1.2/24,38
20201020020829,10.20.30.2/16,-
20201020020830,192.168.1.2/24,-
20201020020831,10.77.1.1/24,53
20201020020833,10.77.1.1/24,-
20201020020835,10.20.30.2/16,9
20201020020837,192.168.1.1/24,2
20201020020838,192.168.1.2/24,3
20201020020839,192.168.1.2/24,1
20201020020840,192.168.1.1/24,-
20201020020841,192.168.1.2/24,-
20201020020843,10.20.30.1/16,8
20201020020845,10.20.30.2/16,-
20201020020846,10.20.30.2/16,7
20201020020847,192.168.1.1/24,59
20201020020848,10.77.1.1/24,10
20201020020849,10.20.30.1/16,6
20201020020850,10.20.30.2/16,62
20201020020852,10.20.30.2/16,16
20201020020853,192.168.1.1/24,4
20201020020854,192.168.1.2/24,-
20201020020855,192.168.1.1/24,-
20201020020857,10.77.1.2/24,-
20201020020858,10.77.1.2/24,-
20201020020859,10.20.30.1/16,3
20201020020900,10.77.1.1/24,9
20201020020901,10.20.30.1/16,68
20201020020902,10.77.1.1/24,5
20201020020903,10.77.1.1/24,-
20201020020904,192.168.1.1/24,6
20201020020906,192.168.1.2/24,-
20201020020907,192.168.1.1/24,-
20201020020909,192.168.1.2/24,7
20201020020910,192.168.1.1/24,3
20201020020911,10.77.1.2/24,-
20201020020912,10.77.1.1/24,4
20201020020913,10.20.30.1/16,-
20201020020914,192.168.1.1/24,-
20201020020916,192.168.1.1/24,7
20201020020917,192.168.1.1/24,7
20201020020918,10.20.30.2/16,-
20201020020919,192.168.1.1/24,-
20201020020920,10.20.30.1/16,7
20201020020922,10.20.30.2/16,14
20201020020923,10.77.1.2/24,6
20201020020925,192.168.1.2/24,7
20201020020926,10.20.30.2/16,94
20201020020927,10.20.30.2/16,3
20201020020928,10.20.30.2/16,92
20201020020929,192.168.1.2/24,-
20201020020930,10.77.1.1/24,88
20201020020931,10.77.1.2/24,8
20201020020932,10.20.30.1/16,1
20201020020933,192.168.1.2/24,6
20201020020934,10.20.30.1/16,4
20201020020936,10.20.30.2/16,2
20201020020937,10.20.30.1/16,19
20201020020938,192.168.1.1/24,9
20201020020939,10.77.1.2/24,-
20201020020940,192.168.1.2/24,18
20201020020941,192.168.1.1/24,57
20201020020942,10.20.30.1/16,-
20201020020943,10.20.30.2/16,2
20201020020944,10.20.30.1/16,1
20201020020946,192.168.1.1/24,-
20201020020948,10.20.30.2/16,-
20201020020949,10.20.30.1/16,2
20201020020950,192.168.1.2/24,78
20201020020951,192.168.1.2/24,-
20201020020953,10.77.1.2/24,39
20201020020954,10.20.30.2/16,10
20201020020956,10.77.1.2/24,1
20201020020957,10.20.30.1/16,21
20201020020958,10.20.30.1/16,4
20201020020959,192.168.1.2/24,99
20201020021000,10.77.1.2/24,2
20201020021001,192.168.1.1/24,13
20201020021003,10.20.30.2/16,-
20201020021004,10.77.1.2/24,-
20201020021005,192.168.1.2/24,4
20201020021006,10.77.1.1/24,63
20201020021007,10.77.1.1/24,-
20201020021008,192.168.1.2/24,3
20201020021009,10.77.1.1/24,6
20201020021011,10.77.1.1/24,4
20201020021012,10.77.1.2/24,5
20201020021013,10.77.1.1/24,4
20201020021014,10.20.30.1/16,54
20201020021015,10.77.1.1/24,55
20201020021016,192.168.1.2/24,9
20201020021017,10.20.30.2/16,-
20201020021018,10.20.30.1/16,6
20201020021019,10.20.30.2/16,4
20201020021020,10.77.1.1/24,4
20201020021021,10.77.1.1/24,-
20201020021022,10.77.1.2/24,1
20201020021023,10.20.30.1/16,6
20201020021024,10.20.30.2/16,2
20201020021025,10.77.1.1/24,3
20201020021026,10.77.1.2/24,25
20201020021027,10.77.1.1/24,-
20201020021028,10.77.1.2/24,4
20201020021029,10.77.1.1/24,74
20201020021031,192.168.1.2/24,4
20201020021032,10.77.1.1/24,-
20201020021033,10.77.1.1/24,2
20201020021034,192.168.1.2/24,5
20201020021035,10.77.1.2/24,9
20201020021036,10.20.30.1/16,7
20201020021037,10.77.1.2/24,2
20201020021038,192.168.1.2/24,14
20201020021039,10.20.30.2/16,-
20201020021040,10.77.1.2/24,-
20201020021041,10.20.30.1/16,3
20201020021042,192.168.1.1/24,5
20201020021043,192.168.1.1/24,8
20201020021045,192.168.1.1/24,1
20201020021046,10.77.1.2/24,8
20201020021047,10.77.1.2/24,2
20201020021048,10.77.1.1/24,89
20201020021049,10.20.30.1/16,2
20201020021050,10.77.1.1/24,3
20201020021051,192.168.1.2/24,73
20201020021052,10.77.1.2/24,4
20201020021053,192.168.1.2/24,34
20201020021054,192.168.1.1/24,97
20201020021055,192.168.1.2/24,9
20201020021057,10.20.30.2/16,66
20201020021059,10.77.1.1/24,5
20201020021100,10.77.1.1/24,7
20201020021101,10.20.30.2/16,8
20201020021102,10.77.1.1/24,2
20201020021103,10.20.30.2/16,3
20201020021104,10.20.30.2/16,4
20201020021105,192.168.1.2/24,9
20201020021106,192.168.1.1/24,-
20201020021107,192.168.1.2/24,8
20201020021108,192.168.1.2/24,58
20201020021109,10.20.30.2/16,99
20201020021110,10.77.1.2/24,5
20201020021111,10.77.1.1/24,13
20201020021112,10.77.1.1/24,76
20201020021113,10.77.1.2/24,-
20201020021115,10.20.30.1/16,-
20201020021116,192.168.1.2/24,17
20201020021117,192.168.1.2/24,-
20201020021118,192.168.1.1/24,8
20201020021120,10.77.1.1/24,47
20201020021121,10.77.1.2/24,8
20201020021122,10.77.1.1/24,-
20201020021123,192.168.1.1/24,7
20201020021124,10.20.30.2/16,57
20201020021126,10.20.30.1/16,9
20201020021127,10.77.1.2/24,30
20201020021129,10.77.1.2/24,-
20201020021130,192.168.1.2/24,50
20201020021131,192.168.1.2/24,84
20201020021133,192.168.1.2/24,2
20201020021135,10.77.1.1/24,77
20201020021136,10.20.30.2/16,38
20201020021137,192.168.1.1/24,7
20201020021138,10.77.1.2/24,8
20201020021139,192.168.1.2/24,6
20201020021140,192.168.1.1/24,-
20201020021141,10.77.1.2/24,64
20201020021142,192.168.1.2/24,7
20201020021143,10.20.30.1/16,8
20201020021145,10.77.1.2/24,62
20201020021146,192.168.1.1/24,3
20201020021147,10.77.1.2/24,8
20201020021148,192.168.1.2/24,-
20201020021149,10.77.1.1/24,-
20201020021151,10.20.30.2/16,50
20201020021152,10.20.30.2/16,7
20201020021154,10.20.30.2/16,-
20201020021155,192.168.1.2/24,-
20201020021156,10.77.1.2/24,9
20201020021157,10.20.30.1/16,-
20201020021158,10.77.1.2/24,5
20201020021159,10.20.30.2/16,16
20201020021200,192.168.1.2/24,3
20201020021201,10.77.1.1/24,11
20201020021202,10.77.1.2/24,-
20201020021204,192.168.1.1/24,9
20201020021205,10.20.30.1/16,4
20201020021207,10.20.30.2/16,87
20201020021208,10.77.1.2/24,8
20201020021209,10.77.1.2/24,4
20201020021211,192.168.1.2/24,1
20201020021212,10.77.1.1/24,3
20201020021213,10.77.1.1/24,-
20201020021214,10.77.1.2/24,9
20201020021215,10.20.30.1/16,3
20201020021216,192.168.1.1/24,84
20201020021217,10.77.1.2/24,7
20201020021219,192.168.1.1/24,8
20201020021220,10.20.30.2/16,6
20201020021221,10.20.30.1/16,8
20201020021223,10.77.1.2/24,49
20201020021224,192.168.1.1/24,-
20201020021225,10.20.30.2/16,47
20201020021226,10.20.30.2/16,2
20201020021227,10.20.30.2/16,8
20201020021229,10.20.30.2/16,-
20201020021231,192.168.1.2/24,32
20201020021232,192.168.1.2/24,6
20201020021233,10.77.1.2/24,5
20201020021234,10.20.30.1/16,-
20201020021236,10.20.30.2/16,8
20201020021237,10.20.30.2/16,2
20201020021239,10.20.30.1/16,-
20201020021240,10.20.30.1/16,8
20201020021241,10.20.30.1/16,-
20201020021243,192.168.1.2/24,38
20201020021245,10.77.1.1/24,39
20201020021247,10.77.1.2/24,2
20201020021248,10.20.30.2/16,-
20201020021249,192.168.1.1/24,-
20201020021250,192.168.1.2/24,3
20201020021252,10.77.1.1/24,-
20201020021253,10.20.30.2/16,4
20201020021254,10.20.30.1/16,8
20201020021256,10.20.30.2/16,3
20201020021257,10.20.30.1/16,8
20201020021258,10.20.30.1/16,-
20201020021300,10.20.30.2/16,10
20201020021302,10.20.30.1/16,2
20201020021303,10.77.1.1/24,-
20201020021305,10.20.30.1/16,-
20201020021306,192.168.1.1/24,6
20201020021307,192.168.1.1/24,-
20201020021308,10.20.30.2/16,6
20201020021310,10.77.1.2/24,4
20201020021312,10.20.30.2/16,-
20201020021313,10.77.1.2/24,-
20201020021314,10.20.30.2/16,-
20201020021315,192.168.1.1/24,8
20201020021316,10.77.1.1/24,9
20201020021317,10.20.30.2/16,54
20201020021318,10.20.30.1/16,4
20201020021319,10.20.30.2/16,7
20201020021321,10.20.30.1/16,8
20201020021322,10.20.30.2/16,3
20201020021323,192.168.1.2/24,3
20201020021324,10.77.1.1/24,5
20201020021325,10.77.1.2/24,-
20201020021326,192.168.1.2/24,-
20201020021327,10.77.1.2/24,1
20201020021328,10.77.1.2/24,7
20201020021329,192.168.1.1/24,-
20201020021330,10.77.1.2/24,12
20201020021332,10.77.1.2/24,8
20201020021333,10.20.30.2/16,4
20201020021335,10.77.1.1/24,8
20201020021336,10.20.30.2/16,11
20201020021338,192.168.1.1/24,8
20201020021339,10.20.30.2/16,3
20201020021340,192.168.1.1/24,9
20201020021341,192.168.1.1/24,-
20201020021342,10.20.30.1/16,8
20201020021343,10.20.30.1/16,4
20201020021344,192.168.1.2/24,26
20201020021345,192.168.1.2/24,6
20201020021347,10.20.30.1/16,6
20201020021348,10.20.30.2/16,-
20201020021349,10.77.1.1/24,86
20201020021350,10.77.1.1/24,9
20201020021351,10.20.30.2/16,-
20201020021352,10.77.1.2/24,4
20201020021353,10.20.30.1/16,-
20201020021354,10.77.1.2/24,6
20201020021355,10.77.1.1/24,6
20201020021356,10.20.30.2/16,12
20201020021357,10.77.1.2/24,-
20201020021358,10.77.1.2/24,-
20201020021359,10.77.1.1/24,8
20201020021400,192.168.1.2/24,-
20201020021401,10.77.1.1/24,4
20201020021402,10.77.1.2/24,4
20201020021403,10.20.30.1/16,63
20201020021405,192.168.1.2/24,7
20201020021406,10.77.1.1/24,3
20201020021407,10.77.1.1/24,7
20201020021408,192.168.1.1/24,5
20201020021409,10.20.30.1/16,9
20201020021411,10.77.1.2/24,5
20201020021412,10.20.30.1/16,-
20201020021413,10.20.30.2/16,4
20201020021414,192.168.1.1/24,13
20201020021416,10.20.30.2/16,-
20201020021417,10.77.1.2/24,-
20201020021418,192.168.1.1/24,-
20201020021419,192.168.1.2/24,9
20201020021420,192.168.1.2/24,9
20201020021422,192.168.1.1/24,9
20201020021424,192.168.1.2/24,2
20201020021426,192.168.1.1/24,8
20201020021427,192.168.1.2/24,1
20201020021429,192.168.1.2/24,9
20201020021431,10.77.1.2/24,1
20201020021433,10.20.30.1/16,1
20201020021434,192.168.1.2/24,59
20201020021435,192.168.1.1/24,18
20201020021436,192.168.1.1/24,32
20201020021438,10.20.30.2/16,74
20201020021440,10.20.30.2/16,6
20201020021441,10.20.30.2/16,88
20201020021442,10.20.30.1/16,5
20201020021443,192.168.1.2/24,-
20201020021444,10.77.1.2/24,20
20201020021445,10.77.1.1/24,-
20201020021446,10.77.1.2/24,-
20201020021448,192.168.1.2/24,36
20201020021449,192.168.1.1/24,8
20201020021450,10.77.1.1/24,9
20201020021452,192.168.1.1/24,32
20201020021453,10.77.1.1/24,92
20201020021454,192.168.1.1/24,13
20201020021455,10.77.1.1/24,7
20201020021457,10.20.30.2/16,3
20201020021458,10.20.30.2/16,58
20201020021459,192.168.1.1/24,9
20201020021501,192.168.1.1/24,9
20201020021502,10.20.30.1/16,-
20201020021503,10.77.1.1/24,29
20201020021504,10.77.1.1/24,8
20201020021506,10.20.30.2/16,4
20201020021507,192.168.1.2/24,8
20201020021509,10.20.30.1/16,6
20201020021510,10.77.1.2/24,5
20201020021511,192.168.1.1/24,3
20201020021512,10.20.30.1/16,8
20201020021513,10.20.30.2/16,5
20201020021514,10.77.1.1/24,4
20201020021516,192.168.1.1/24,92
20201020021518,192.168.1.2/24,12
20201020021520,10.77.1.2/24,-
20201020021521,10.20.30.2/16,4
20201020021523,10.77.1.1/24,-
20201020021524,10.20.30.2/16,7
20201020021526,10.77.1.2/24,5
20201020021527,10.20.30.2/16,26
20201020021528,10.20.30.2/16,-
20201020021529,10.20.30.1/16,-
20201020021530,192.168.1.1/24,61
20201020021532,192.168.1.2/24,-
20201020021533,192.168.1.1/24,3
20201020021535,10.77.1.2/24,-
20201020021536,192.168.1.1/24,-
20201020021537,192.168.1.2/24,3
20201020021538,10.77.1.2/24,-
20201020021540,10.20.30.2/16,6
20201020021541,192.168.1.2/24,4
20201020021542,192.168.1.1/24,-
20201020021543,10.77.1.2/24,7
20201020021544,192.168.1.1/24,-
20201020021545,10.20.30.1/16,3
20201020021546,10.20.30.2/16,28
20201020021547,10.20.30.1/16,9
20201020021548,10.20.30.2/16,3
20201020021549,192.168.1.2/24,89
20201020021551,10.20.30.1/16,7
20201020021553,192.168.1.1/24,7
20201020021554,192.168.1.1/24,5
20201020021555,10.20.30.1/16,11
20201020021556,10.77.1.1/24,2
20201020021557,10.20.30.1/16,7
20201020021558,10.20.30.1/16,5
20201020021559,10.77.1.2/24,-
20201020021601,192.168.1.1/24,63
20201020021603,10.77.1.2/24,30
20201020021605,10.20.30.2/16,4
20201020021606,10.20.30.1/16,-
20201020021607,10.77.1.2/24,4
20201020021608,10.77.1.1/24,-
20201020021609,10.77.1.2/24,63
20201020021610,10.77.1.1/24,5
20201020021611,10.20.30.2/16,9
20201020021613,10.20.30.1/16,7
20201020021614,10.20.30.2/16,9
20201020021615,10.77.1.2/24,6
20201020021616,10.20.30.2/16,8
20201020021618,10.77.1.2/24,2
20201020021619,192.168.1.2/24,7
20201020021620,10.20.30.2/16,62
20201020021621,10.77.1.1/24,65
20201020021623,10.20.30.2/16,73
20201020021625,10.20.30.2/16,7
20201020021626,10.77.1.1/24,7
20201020021627,10.20.30.1/16,3
20201020021628,192.168.1.1/24,53
20201020021630,10.77.1.2/24,10
20201020021631,10.77.1.2/24,5
20201020021632,10.77.1.1/24,6
20201020021633,192.168.1.2/24,4
20201020021634,10.20.30.1/16,2
20201020021635,10.20.30.1/16,-
20201020021636,10.77.1.1/24,4
20201020021637,10.77.1.2/24,4
20201020021638,10.20.30.2/16,92
20201020021640,10.20.30.1/16,3
20201020021641,192.168.1.1/24,-
20201020021642,10.20.30.2/16,9
20201020021643,10.20.30.1/16,13
20201020021645,192.168.1.2/24,8
20201020021646,192.168.1.1/24,-
20201020021648,10.20.30.2/16,-
20201020021649,10.77.1.2/24,4
20201020021650,10.77.1.1/24,22
20201020021651,10.77.1.1/24,-
20201020021652,192.168.1.2/24,30
20201020021653,10.20.30.1/16,52
20201020021654,10.77.1.1/24,8
20201020021655,10.20.30.2/16,6
20201020021656,192.168.1.1/24,12
20201020021658,10.20.30.2/16,9
20201020021700,10.20.30.1/16,3
20201020021702,10.20.30.2/16,-
20201020021703,10.77.1.2/24,8
20201020021704,192.168.1.2/24,4
20201020021705,10.77.1.2/24,3
20201020021706,10.77.1.2/24,7
20201020021707,10.77.1.1/24,4
20201020021708,10.77.1.2/24,5
20201020021710,10.20.30.1/16,27
20201020021711,192.168.1.1/24,42
20201020021712,192.168.1.1/24,-
20201020021713,10.20.30.1/16,-
20201020021714,10.77.1.1/24,21
20201020021715,10.77.1.2/24,3
20201020021716,192.168.1.1/24,8
20201020021717,192.168.1.1/24,-
20201020021718,10.77.1.2/24,8
20201020021720,192.168.1.1/24,-
20201020021722,10.77.1.2/24,8
20201020021723,192.168.1.2/24,8
20201020021724,192.168.1.1/24,55
20201020021725,192.168.1.1/24,3
20201020021726,192.168.1.1/24,3
20201020021727,10.20.30.2/16,5
20201020021729,10.77.1.2/24,11
20201020021730,10.20.30.1/16,72
20201020021731,10.77.1.1/24,-
20201020021732,10.77.1.2/24,-
20201020021734,10.20.30.1/16,6
20201020021735,192.168.1.2/24,6
20201020021736,10.20.30.2/16,49
20201020021738,10.77.1.2/24,5
20201020021739,10.77.1.1/24,7
20201020021740,10.77.1.2/24,-
20201020021741,192.168.1.2/24,-
20201020021743,10.20.30.2/16,-
20201020021744,10.20.30.2/16,2
20201020021746,192.168.1.1/24,-
20201020021747,192.168.1.1/24,7
20201020021748,10.20.30.1/16,9
20201020021749,10.20.30.2/16,6
20201020021751,10.77.1.2/24,-
20201020021752,192.168.1.1/24,4
20201020021753,192.168.1.1/24,6
20201020021754,10.20.30.1/16,9
20201020021755,10.77.1.1/24,7
20201020021756,10.77.1.1/24,-
20201020021757,10.77.1.2/24,-
20201020021758,10.77.1.1/24,-
20201020021759,10.77.1.2/24,91
20201020021800,10.77.1.1/24,8
20201020021801,10.20.30.1/16,1
20201020021802,10.77.1.2/24,8
20201020021803,192.168.1.1/24,-
20201020021804,192.168.1.1/24,-
20201020021805,10.20.30.1/16,-
20201020021806,192.168.1.2/24,6
20201020021807,10.20.30.1/16,9
20201020021808,192.168.1.2/24,86
20201020021809,10.20.30.2/16,8
20201020021810,10.77.1.1/24,-
20201020021811,10.20.30.2/16,67
20201020021812,192.168.1.1/24,81
20201020021813,10.77.1.2/24,7
20201020021814,10.77.1.2/24,73
20201020021816,10.77.1.1/24,1
20201020021817,10.20.30.1/16,1
20201020021818,192.168.1.2/24,61
20201020021819,192.168.1.2/24,57
20201020021820,10.77.1.1/24,9
20201020021821,192.168.1.2/24,2
20201020021822,10.77.1.1/24,3
20201020021823,10.20.30.1/16,-
20201020021824,10.20.30.2/16,2
20201020021826,192.168.1.1/24,-
20201020021827,10.20.30.1/16,3
20201020021828,10.77.1.1/24,-
20201020021829,10.77.1.1/24,6
20201020021830,10.20.30.2/16,-
20201020021831,10.77.1.2/24,1
20201020021832,192.168.1.1/24,6
20201020021833,10.20.30.1/16,10
20201020021834,192.168.1.1/24,-
20201020021835,10.77.1.2/24,39
20201020021836,192.168.1.1/24,14
20201020021837,10.20.30.2/16,-
20201020021838,10.20.30.1/16,76
20201020021839,10.20.30.2/16,-
20201020021840,192.168.1.1/24,1
20201020021841,10.77.1.1/24,1
20201020021842,192.168.1.1/24,7
20201020021843,10.20.30.2/16,3
20201020021844,10.77.1.1/24,41
20201020021845,192.168.1.2/24,-
20201020021846,192.168.1.2/24,6
20201020021848,10.77.1.2/24,28
20201020021849,10.20.30.1/16,5
20201020021850,10.20.30.2/16,9
20201020021851,10.77.1.1/24,8
20201020021852,10.77.1.2/24,3
20201020021853,10.77.1.2/24,12
20201020021854,10.20.30.2/16,6
20201020021855,10.77.1.1/24,41
20201020021856,10.77.1.1/24,44
20201020021857,192.168.1.2/24,95
20201020021858,192.168.1.2/24,-
20201020021859,192.168.1.1/24,7
20201020021900,10.77.1.2/24,9
20201020021902,10.20.30.1/16,15
20201020021903,10.20.30.1/16,2
20201020021905,10.77.1.2/24,4
20201020021906,10.20.30.2/16,52
20201020021907,10.77.1.1/24,3
20201020021909,10.77.1.2/24,9
20201020021910,10.20.30.1/16,8
20201020021911,10.77.1.2/24,0
20201020021913,10.20.30.2/16,-
20201020021915,10.77.1.1/24,-
20201020021917,10.77.1.1/24,1
20201020021918,10.77.1.2/24,7
20201020021920,192.168.1.1/24,8
20201020021921,192.168.1.1/24,89
20201020021922,192.168.1.2/24,-
20201020021923,192.168.1.1/24,1
20201020021924,10.77.1.2/24,8
20201020021925,10.20.30.1/16,57
20201020021926,10.20.30.1/16,8
20201020021928,192.168.1.2/24,9
20201020021929,10.77.1.1/24,6
20201020021930,10.20.30.2/16,84
20201020021931,10.20.30.1/16,3
20201020021932,10.20.30.2/16,5
20201020021933,10.20.30.2/16,1
20201020021934,10.77.1.1/24,6
20201020021935,192.168.1.2/24,5
20201020021937,10.77.1.1/24,24
20201020021938,10.77.1.1/24,1
20201020021940,192.168.1.1/24,7
20201020021941,192.168.1.2/24,9
20201020021942,192.168.1.2/24,9
20201020021943,192.168.1.1/24,17
20201020021944,10.77.1.1/24,-
20201020021945,10.77.1.2/24,-
20201020021946,10.20.30.2/16,54
20201020021947,10.77.1.2/24,4
20201020021948,10.20.30.1/16,-
20201020021949,10.20.30.1/16,3
20201020021951,192.168.1.2/24,6
20201020021952,192.168.1.1/24,-
20201020021953,192.168.1.2/24,6
20201020021954,10.77.1.2/24,4
20201020021955,10.77.1.1/24,76
20201020021956,10.20.30.1/16,12
20201020021957,192.168.1.2/24,-
20201020021958,10.20.30.1/16,5
20201020021959,10.77.1.1/24,-
20201020022000,10.20.30.2/16,2
20201020022001,192.168.1.1/24,5
20201020022002,10.20.30.1/16,-
20201020022003,10.77.1.2/24,7
20201020022005,192.168.1.2/24,21
20201020022006,10.77.1.2/24,-
20201020022007,192.168.1.2/24,88
20201020022008,10.77.1.2/24,22
20201020022009,192.168.1.2/24,33
20201020022010,192.168.1.1/24,98
20201020022011,192.168.1.1/24,1
20201020022012,192.168.1.2/24,33
20201020022013,10.20.30.1/16,-
20201020022014,10.20.30.1/16,-
20201020022015,10.77.1.1/24,75
20201020022017,192.168.1.1/24,5
20201020022018,10.20.30.1/16,59
20201020022020,10.77.1.2/24,-
20201020022021,10.77.1.1/24,-
20201020022022,192.168.1.1/24,-
20201020022023,192.168.1.1/24,-
20201020022024,10.20.30.2/16,10
20201020022025,10.20.30.2/16,2
20201020022026,192.168.1.2/24,7
20201020022027,10.77.1.1/24,8
20201020022028,192.168.1.1/24,8
20201020022029,10.77.1.2/24,-
20201020022030,10.20.30.2/16,-
20201020022031,10.77.1.2/24,8
20201020022033,10.20.30.1/16,1
20201020022034,192.168.1.1/24,9
20201020022035,10.77.1.2/24,-
20201020022036,10.77.1.2/24,-
20201020022038,10.77.1.1/24,9
20201020022039,192.168.1.2/24,7
20201020022040,10.20.30.1/16,7
20201020022041,10.20.30.1/16,2
20201020022043,10.20.30.2/16,19
20201020022044,10.20.30.1/16,7
20201020022046,10.77.1.1/24,-
20201020022048,10.77.1.1/24,23
20201020022049,192.168.1.1/24,7
20201020022051,192.168.1.2/24,22
20201020022052,10.20.30.1/16,25
20201020022053,10.77.1.2/24,-
20201020022054,192.168.1.1/24,8
20201020022055,10.20.30.1/16,-
20201020022057,192.168.1.1/24,-
20201020022059,10.77.1.2/24,8
20201020022100,10.77.1.1/24,8
20201020022101,10.20.30.2/16,3
20201020022102,192.168.1.2/24,8
20201020022103,10.77.1.2/24,76
20201020022104,10.77.1.1/24,4
20201020022105,10.20.30.1/16,4
20201020022106,10.77.1.2/24,8
20201020022107,10.20.30.2/16,30
20201020022108,10.20.30.2/16,1
20201020022109,10.77.1.1/24,-
20201020022110,10.20.30.1/16,19
20201020022112,10.77.1.1/24,23
20201020022114,10.20.30.1/16,3
20201020022115,192.168.1.2/24,34
20201020022116,10.77.1.2/24,6
20201020022117,192.168.1.1/24,-
20201020022118,10.20.30.2/16,1
20201020022120,10.77.1.1/24,14
20201020022121,192.168.1.2/24,-
20201020022122,10.20.30.1/16,7
20201020022123,10.20.30.1/16,7
20201020022125,10.20.30.1/16,52
20201020022126,10.20.30.1/16,82
20201020022127,10.77.1.2/24,10
20201020022129,10.77.1.1/24,49
20201020022130,10.77.1.2/24,-
20201020022131,10.20.30.2/16,13
20201020022132,192.168.1.2/24,8
20201020022134,10.77.1.1/24,6
20201020022135,192.168.1.1/24,9
20201020022136,192.168.1.1/24,9
20201020022138,192.168.1.2/24,6
20201020022139,10.77.1.1/24,12
20201020022141,192.168.1.2/24,6
20201020022143,10.20.30.2/16,11
20201020022145,10.20.30.1/16,13
20201020022146,10.20.30.1/16,5
20201020022147,10.20.30.1/16,5
20201020022148,10.20.30.1/16,3
20201020022150,10.20.30.1/16,6
20201020022151,10.77.1.2/24,5
20201020022152,10.77.1.1/24,-
20201020022153,192.168.1.1/24,21
20201020022154,10.77.1.1/24,48
20201020022155,192.168.1.1/24,11
20201020022156,10.77.1.1/24,1
20201020022157,192.168.1.2/24,26
20201020022159,10.77.1.2/24,9
20201020022200,10.77.1.1/24,43
20201020022201,10.20.30.2/16,20
20201020022202,10.20.30.2/16,3
20201020022204,192.168.1.1/24,9
20201020022205,10.77.1.2/24,45
20201020022206,10.77.1.1/24,4
20201020022208,10.77.1.1/24,7
20201020022209,10.20.30.1/16,7
20201020022211,192.168.1.1/24,2
20201020022212,10.20.30.2/16,4
20201020022213,10.20.30.2/16,1
20201020022214,10.77.1.2/24,2
20201020022215,10.20.30.1/16,9
20201020022216,10.77.1.2/24,-
20201020022217,10.77.1.1/24,-
20201020022218,10.20.30.2/16,5
20201020022220,10.20.30.1/16,31
20201020022221,10.20.30.2/16,26
20201020022222,10.77.1.1/24,2
20201020022223,10.20.30.1/16,62
20201020022224,10.77.1.2/24,7
20201020022225,10.20.30.1/16,-
20201020022226,10.77.1.2/24,9
20201020022227,10.77.1.2/24,2
20201020022228,10.77.1.1/24,-
20201020022229,10.77.1.2/24,-
20201020022230,10.20.30.1/16,5
20201020022232,10.20.30.2/16,-
20201020022233,10.20.30.1/16,11
20201020022235,192.168.1.1/24,3
20201020022237,192.168.1.1/24,62
20201020022239,10.77.1.2/24,5
20201020022240,10.77.1.2/24,96
20201020022241,10.77.1.1/24,9
20201020022242,10.77.1.1/24,-
20201020022243,10.20.30.1/16,7
20201020022244,192.168.1.2/24,65
20201020022245,192.168.1.2/24,63
20201020022246,10.77.1.2/24,2
20201020022248,10.20.30.1/16,10
20201020022249,192.168.1.2/24,-
20201020022251,10.20.30.2/16,-
20201020022252,192.168.1.2/24,10
20201020022253,10.20.30.2/16,3
20201020022254,10.77.1.1/24,68
20201020022256,10.77.1.2/24,5
20201020022257,10.20.30.2/16,12
20201020022258,10.20.30.2/16,1
20201020022300,192.168.1.1/24,-
20201020022301,10.20.30.2/16,-
20201020022302,10.20.30.1/16,3
20201020022303,192.168.1.2/24,46
20201020022304,10.77.1.1/24,8
20201020022305,10.20.30.2/16,6
20201020022306,10.20.30.1/16,3
20201020022308,192.168.1.1/24,-
20201020022309,10.77.1.2/24,-
20201020022310,192.168.1.1/24,3
20201020022311,10.77.1.1/24,5
20201020022312,10.77.1.2/24,29
20201020022313,10.77.1.2/24,2
20201020022314,10.77.1.1/24,-
20201020022315,10.20.30.1/16,5
20201020022316,10.20.30.2/16,-
20201020022317,192.168.1.1/24,-
20201020022318,10.20.30.1/16,-
20201020022319,10.20.30.1/16,8
20201020022320,10.77.1.1/24,-
20201020022321,10.77.1.1/24,23
20201020022322,10.20.30.1/16,-
20201020022324,10.77.1.1/24,8
20201020022326,10.20.30.2/16,-
20201020022327,10.20.30.1/16,63
20201020022329,10.20.30.1/16,36
20201020022330,10.77.1.1/24,-
20201020022331,10.77.1.2/24,3
20201020022333,192.168.1.2/24,-
20201020022334,192.168.1.1/24,10
20201020022336,10.20.30.2/16,1
20201020022337,10.20.30.1/16,5
20201020022338,10.20.30.2/16,4
20201020022339,192.168.1.1/24,10
20201020022340,192.168.1.2/24,33
20201020022341,10.77.1.1/24,21
20201020022343,192.168.1.1/24,22
20201020022344,10.20.30.2/16,3
20201020022345,192.168.1.1/24,7
20201020022347,192.168.1.1/24,7
20201020022348,10.20.30.2/16,4
20201020022349,10.77.1.2/24,-
20201020022350,192.168.1.1/24,6
20201020022351,10.77.1.2/24,2
20201020022353,10.77.1.1/24,5
20201020022354,10.20.30.1/16,89
20201020022355,10.77.1.1/24,2
20201020022356,192.168.1.1/24,9
20201020022357,10.77.1.2/24,5
20201020022359,10.77.1.2/24,9
20201020022400,10.20.30.2/16,1
20201020022401,192.168.1.2/24,-
20201020022402,10.77.1.2/24,4
20201020022403,10.20.30.1/16,-
20201020022404,192.168.1.1/24,-
20201020022405,10.77.1.2/24,3
20201020022406,10.20.30.2/16,7
20201020022407,192.168.1.1/24,-
20201020022409,10.20.30.2/16,62
20201020022410,192.168.1.2/24,2
20201020022411,10.77.1.2/24,2
20201020022412,10.77.1.2/24,7
20201020022413,10.77.1.1/24,3
20201020022414,10.20.30.2/16,2
20201020022415,10.20.30.2/16,-
20201020022416,10.20.30.1/16,2
20201020022417,10.77.1.1/24,-
20201020022419,10.20.30.1/16,9
20201020022421,10.20.30.1/16,2
20201020022423,10.20.30.2/16,-
20201020022424,10.20.30.2/16,9
20201020022425,10.20.30.1/16,-
20201020022426,10.77.1.2/24,6
20201020022427,192.168.1.1/24,86
20201020022428,10.20.30.2/16,-
20201020022429,10.20.30.1/16,-
20201020022431,192.168.1.2/24,-
20201020022432,10.20.30.2/16,86
20201020022433,10.20.30.1/16,4
20201020022434,10.20.30.1/16,98
20201020022435,10.77.1.2/24,-
20201020022437,192.168.1.2/24,-
20201020022438,192.168.1.1/24,-
20201020022439,10.77.1.1/24,83
20201020022440,192.168.1.2/24,-
20201020022441,10.77.1.2/24,9
20201020022442,10.20.30.1/16,-
20201020022443,10.20.30.2/16,-
20201020022444,10.20.30.2/16,7
20201020022446,10.20.30.1/16,4
20201020022447,10.20.30.1/16,-
20201020022448,192.168.1.2/24,-
20201020022449,192.168.1.1/24,7
20201020022451,192.168.1.1/24,-
20201020022452,10.77.1.1/24,6
20201020022453,10.77.1.1/24,1
20201020022455,192.168.1.2/24,65
20201020022456,10.20.30.2/16,-
20201020022457,10.20.30.1/16,-
20201020022458,192.168.1.1/24,-
20201020022500,10.20.30.2/16,1
20201020022501,10.20.30.2/16,9
20201020022502,10.20.30.2/16,0
20201020022503,10.77.1.1/24,23
20201020022504,10.77.1.2/24,9
20201020022505,192.168.1.2/24,-
20201020022506,10.20.30.2/16,-
20201020022507,10.20.30.1/16,6
20201020022508,10.77.1.1/24,9
20201020022509,192.168.1.1/24,7
20201020022510,10.20.30.2/16,9
20201020022511,192.168.1.2/24,3
20201020022513,10.77.1.1/24,12
20201020022514,10.77.1.1/24,-
20201020022515,10.20.30.2/16,-
20201020022516,192.168.1.2/24,4
20201020022517,192.168.1.2/24,2
20201020022518,192.168.1.1/24,20
20201020022520,192.168.1.1/24,9
20201020022521,10.77.1.1/24,72
20201020022523,192.168.1.1/24,2
20201020022524,10.20.30.2/16,4
20201020022525,192.168.1.2/24,9
20201020022526,10.20.30.1/16,38
20201020022527,10.20.30.1/16,38
20201020022528,10.20.30.2/16,-
20201020022530,10.20.30.2/16,6
20201020022531,10.20.30.2/16,80
20201020022532,192.168.1.2/24,-
20201020022534,192.168.1.2/24,2
20201020022535,10.77.1.2/24,3
20201020022536,192.168.1.1/24,8
20201020022537,10.77.1.2/24,67
20201020022538,192.168.1.1/24,2
20201020022539,10.77.1.2/24,8
20201020022540,10.77.1.1/24,-
20201020022541,192.168.1.2/24,-
20201020022542,10.20.30.2/16,6
20201020022544,10.20.30.1/16,5
20201020022545,10.77.1.1/24,-
20201020022546,192.168.1.2/24,59
20201020022547,192.168.1.1/24,8
20201020022548,10.20.30.1/16,72
20201020022549,10.20.30.1/16,6
20201020022550,10.77.1.2/24,-
20201020022551,10.77.1.2/24,-
20201020022552,10.77.1.2/24,-
20201020022553,192.168.1.2/24,-
20201020022555,10.20.30.1/16,5
20201020022557,192.168.1.2/24,3
20201020022559,10.77.1.2/24,-
20201020022600,192.168.1.1/24,-
20201020022601,192.168.1.1/24,7
20201020022603,10.20.30.1/16,21
20201020022604,10.20.30.1/16,1
20201020022606,10.20.30.2/16,25
20201020022607,10.20.30.1/16,6
20201020022608,192.168.1.1/24,1
20201020022609,192.168.1.2/24,49
20201020022610,10.77.1.1/24,-
20201020022611,192.168.1.1/24,-
20201020022612,192.168.1.2/24,-
20201020022614,10.20.30.1/16,32
20201020022615,10.20.30.2/16,5
20201020022616,192.168.1.1/24,-
20201020022618,10.20.30.2/16,-
20201020022619,10.20.30.1/16,8
20201020022620,192.168.1.1/24,2
20201020022621,10.77.1.2/24,25
20201020022622,10.20.30.2/16,7
20201020022624,192.168.1.1/24,-
20201020022625,10.77.1.1/24,2
20201020022626,192.168.1.1/24,9
20201020022627,10.20.30.1/16,8
20201020022628,10.77.1.1/24,9
20201020022629,192.168.1.1/24,9
20201020022630,10.77.1.1/24,6
20201020022631,10.20.30.1/16,9
20201020022632,10.20.30.2/16,-
20201020022633,192.168.1.2/24,1
20201020022635,10.20.30.2/16,93
20201020022636,192.168.1.2/24,90
20201020022637,192.168.1.1/24,2
20201020022638,10.20.30.2/16,-
20201020022639,10.20.30.1/16,1
20201020022641,192.168.1.2/24,-
20201020022642,10.77.1.1/24,43
20201020022643,10.20.30.2/16,-
20201020022645,192.168.1.2/24,2
20201020022646,192.168.1.2/24,-
20201020022648,10.77.1.1/24,3
20201020022649,10.20.30.2/16,73
20201020022650,10.20.30.2/16,19
20201020022651,10.77.1.2/24,-
20201020022652,10.20.30.1/16,38
20201020022653,10.77.1.2/24,3
20201020022654,10.20.30.1/16,7
20201020022655,10.77.1.2/24,45
20201020022656,10.20.30.1/16,11
20201020022657,192.168.1.1/24,16
20201020022658,192.168.1.1/24,9
20201020022659,10.77.1.1/24,9
20201020022700,192.168.1.1/24,-
20201020022701,10.77.1.2/24,-
20201020022702,192.168.1.1/24,-
20201020022703,192.168.1.1/24,3
20201020022704,10.20.30.2/16,9
20201020022706,192.168.1.1/24,52
20201020022707,192.168.1.1/24,4
20201020022708,10.20.30.2/16,-
20201020022710,10.20.30.2/16,-
20201020022711,192.168.1.1/24,7
20201020022712,192.168.1.1/24,9
20201020022713,10.20.30.2/16,4
20201020022714,10.77.1.1/24,-
20201020022715,192.168.1.1/24,3
20201020022717,10.77.1.1/24,6
20201020022718,10.20.30.2/16,-
20201020022719,192.168.1.2/24,3
20201020022720,10.77.1.1/24,8
20201020022721,192.168.1.2/24,7
20201020022723,10.77.1.1/24,34
20201020022725,192.168.1.1/24,52
20201020022727,10.77.1.1/24,-
20201020022729,10.20.30.2/16,1
20201020022730,10.77.1.1/24,5
20201020022731,10.20.30.2/16,39
20201020022733,192.168.1.2/24,3
20201020022734,10.20.30.2/16,8
20201020022735,192.168.1.1/24,23
20201020022736,10.20.30.1/16,-
20201020022737,192.168.1.1/24,7
20201020022738,10.20.30.2/16,0
20201020022740,10.77.1.1/24,5
20201020022741,10.20.30.2/16,9
20201020022742,10.20.30.2/16,-
20201020022744,192.168.1.1/24,-
20201020022745,192.168.1.2/24,-
20201020022746,10.20.30.2/16,9
20201020022747,10.20.30.2/16,8
20201020022748,10.20.30.2/16,4
20201020022749,192.168.1.2/24,-
20201020022750,10.20.30.2/16,3
20201020022751,10.77.1.1/24,4
20201020022752,10.77.1.1/24,22
20201020022753,192.168.1.1/24,-
20201020022755,10.20.30.1/16,8
20201020022756,10.20.30.1/16,5
20201020022757,10.20.30.2/16,-
20201020022758,192.168.1.2/24,-
20201020022759,10.20.30.1/16,6
20201020022800,192.168.1.1/24,8
20201020022801,192.168.1.2/24,1
20201020022802,10.77.1.2/24,31
20201020022804,10.20.30.2/16,28
20201020022806,192.168.1.2/24,80
20201020022807,10.20.30.1/16,5
20201020022808,10.20.30.2/16,1
20201020022809,10.77.1.2/24,8
20201020022811,10.77.1.2/24,11
20201020022812,10.20.30.2/16,6
20201020022813,192.168.1.2/24,69
20201020022814,10.20.30.1/16,4
20201020022816,10.77.1.1/24,2
20201020022817,10.20.30.1/16,39
20201020022819,10.77.1.2/24,-
20201020022820,192.168.1.1/24,-
20201020022821,192.168.1.2/24,64
20201020022823,10.77.1.1/24,4
20201020022824,192.168.1.2/24,5
20201020022825,10.77.1.2/24,9
20201020022827,10.77.1.2/24,62
20201020022829,10.20.30.1/16,-
20201020022830,10.77.1.1/24,1
20201020022831,192.168.1.1/24,9
20201020022833,10.20.30.2/16,-
20201020022834,10.77.1.1/24,9
20201020022835,10.77.1.1/24,33
20201020022837,10.77.1.1/24,6
20201020022838,10.20.30.1/16,52
20201020022839,192.168.1.1/24,4
20201020022840,192.168.1.1/24,2
20201020022842,10.20.30.2/16,3
20201020022843,10.20.30.2/16,78
20201020022844,10.77.1.2/24,-
20201020022845,10.77.1.1/24,97
20201020022846,192.168.1.1/24,-
20201020022847,192.168.1.1/24,39
20201020022848,10.20.30.2/16,-
20201020022849,192.168.1.1/24,8
20201020022850,10.20.30.2/16,4
20201020022851,192.168.1.1/24,-
20201020022852,192.168.1.2/24,-
20201020022854,10.77.1.2/24,42
20201020022855,10.20.30.2/16,-
20201020022856,10.77.1.2/24,7
20201020022857,10.77.1.2/24,-
20201020022858,192.168.1.2/24,13
20201020022859,192.168.1.2/24,7
20201020022900,10.77.1.2/24,2
20201020022902,10.20.30.1/16,-
20201020022903,10.77.1.2/24,8
20201020022904,192.168.1.2/24,9
20201020022905,10.20.30.1/16,2
20201020022906,10.77.1.2/24,5
20201020022908,10.77.1.2/24,-
20201020022909,10.20.30.1/16,21
20201020022910,192.168.1.2/24,3
20201020022911,192.168.1.2/24,7
20201020022912,192.168.1.2/24,4
20201020022913,10.77.1.2/24,-
20201020022914,10.77.1.2/24,1
20201020022916,10.20.30.2/16,-
20201020022917,10.77.1.1/24,2
20201020022918,10.20.30.2/16,-
20201020022920,10.77.1.2/24,-
20201020022921,192.168.1.2/24,6
20201020022923,10.77.1.2/24,8
20201020022924,10.20.30.1/16,8
20201020022925,10.77.1.1/24,4
20201020022926,10.20.30.2/16,68
20201020022927,192.168.1.1/24,2
20201020022928,10.20.30.2/16,-
20201020022930,10.20.30.2/16,4
20201020022931,192.168.1.2/24,8
20201020022932,192.168.1.2/24,8
20201020022934,192.168.1.2/24,-
20201020022935,10.20.30.2/16,-
20201020022936,10.20.30.2/16,5
20201020022937,10.20.30.2/16,8
20201020022938,192.168.1.2/24,4
20201020022939,10.20.30.1/16,-
20201020022940,192.168.1.2/24,66
20201020022942,10.20.30.1/16,7
20201020022943,192.168.1.2/24,2
20201020022944,10.20.30.2/16,-
20201020022945,10.77.1.2/24,7
20201020022947,10.20.30.2/16,-
20201020022948,10.77.1.1/24,-
20201020022949,192.168.1.1/24,5
20201020022950,192.168.1.1/24,6
20201020022951,10.20.30.1/16,-
20201020022952,10.20.30.2/16,5
20201020022953,192.168.1.2/24,32
20201020022954,10.77.1.1/24,-
20201020022955,10.20.30.2/16,5
20201020022956,10.20.30.1/16,-
20201020022957,192.168.1.2/24,6
20201020022958,10.77.1.1/24,-
20201020022959,10.77.1.2/24,77
20201020023000,10.77.1.1/24,6
20201020023001,10.20.30.2/16,79
20201020023002,192.168.1.2/24,-
20201020023003,10.20.30.2/16,62
20201020023005,10.77.1.1/24,6
20201020023006,10.77.1.1/24,8
20201020023007,10.77.1.1/24,8
20201020023008,10.77.1.2/24,9
20201020023009,10.77.1.1/24,-
20201020023011,10.20.30.2/16,80
20201020023012,192.168.1.2/24,18
20201020023013,192.168.1.2/24,7
20201020023014,10.77.1.2/24,1
20201020023016,10.77.1.2/24,3
20201020023018,192.168.1.1/24,28
20201020023020,10.77.1.1/24,94
20201020023021,192.168.1.1/24,-
20201020023022,10.77.1.2/24,-
20201020023023,10.20.30.2/16,53
20201020023024,192.168.1.1/24,7
20201020023025,10.20.30.2/16,5
20201020023026,10.77.1.2/24,-
20201020023027,10.20.30.1/16,3
20201020023028,192.168.1.2/24,9
20201020023029,10.77.1.2/24,75
20201020023031,192.168.1.2/24,27
20201020023032,10.77.1.2/24,11
20201020023033,10.20.30.1/16,-
20201020023034,192.168.1.1/24,6
20201020023035,10.20.30.1/16,-
20201020023036,10.77.1.2/24,-
20201020023038,10.77.1.1/24,78
20201020023039,10.20.30.2/16,1
20201020023040,10.20.30.1/16,1
20201020023041,10.77.1.2/24,4
20201020023042,10.77.1.1/24,-
20201020023043,192.168.1.2/24,-
20201020023044,10.20.30.2/16,-
20201020023045,192.168.1.1/24,3
20201020023046,10.77.1.2/24,68
20201020023047,192.168.1.2/24,13
20201020023048,192.168.1.1/24,6
20201020023049,192.168.1.1/24,57
20201020023051,10.20.30.1/16,-
20201020023052,10.20.30.1/16,5
20201020023053,10.77.1.1/24,79
20201020023055,10.20.30.1/16,26
20201020023056,10.77.1.1/24,7
20201020023057,192.168.1.2/24,3
20201020023059,192.168.1.1/24,7
20201020023100,10.77.1.1/24,55
20201020023101,10.20.30.1/16,6
20201020023103,10.20.30.1/16,52
20201020023104,10.20.30.2/16,4
20201020023105,192.168.1.1/24,-
20201020023106,192.168.1.2/24,6
20201020023107,10.77.1.2/24,8
20201020023108,192.168.1.1/24,2
20201020023110,10.77.1.2/24,-
20201020023111,10.77.1.2/24,6
20201020023112,10.77.1.1/24,2
20201020023113,10.20.30.1/16,2
20201020023114,10.77.1.2/24,1
20201020023115,10.20.30.1/16,-
20201020023116,10.20.30.1/16,2
20201020023117,192.168.1.2/24,6
20201020023119,10.20.30.1/16,4
20201020023120,10.20.30.2/16,9
20201020023121,10.77.1.2/24,4
20201020023122,10.77.1.1/24,1
20201020023123,10.77.1.2/24,7
20201020023125,10.20.30.1/16,-
20201020023126,10.20.30.1/16,-
20201020023128,192.168.1.2/24,7
20201020023129,192.168.1.2/24,25
20201020023130,10.77.1.2/24,3
20201020023131,10.20.30.2/16,6
20201020023133,192.168.1.2/24,50
20201020023134,10.20.30.2/16,6
20201020023136,10.20.30.1/16,-
20201020023137,192.168.1.1/24,2
20201020023138,10.20.30.1/16,5
20201020023140,192.168.1.1/24,43
20201020023142,10.77.1.2/24,58
20201020023143,10.77.1.2/24,3
20201020023144,192.168.1.1/24,2
20201020023146,192.168.1.2/24,3
20201020023147,10.20.30.1/16,3
20201020023148,192.168.1.1/24,-
20201020023149,10.77.1.1/24,70
20201020023150,192.168.1.2/24,4
20201020023151,10.20.30.1/16,2
20201020023152,10.77.1.1/24,-
20201020023153,192.168.1.2/24,9
20201020023155,10.20.30.2/16,99
20201020023156,10.77.1.1/24,38
20201020023157,192.168.1.1/24,12
20201020023158,192.168.1.2/24,41
20201020023200,10.20.30.1/16,-
20201020023202,192.168.1.2/24,-
20201020023204,10.77.1.2/24,9
20201020023205,192.168.1.2/24,-
20201020023206,10.20.30.1/16,8
20201020023207,10.77.1.1/24,-
20201020023208,10.20.30.1/16,53
20201020023209,192.168.1.2/24,2
20201020023211,10.20.30.1/16,81
20201020023213,192.168.1.1/24,6
20201020023214,192.168.1.2/24,-
20201020023215,192.168.1.1/24,9
20201020023216,10.20.30.1/16,1
20201020023218,10.20.30.2/16,-
20201020023219,192.168.1.2/24,22
20201020023220,10.20.30.2/16,6
20201020023221,192.168.1.1/24,17
20201020023223,10.77.1.2/24,8
20201020023224,10.77.1.1/24,8
20201020023225,10.77.1.1/24,-
20201020023226,192.168.1.2/24,-
20201020023227,192.168.1.2/24,39
20201020023228,10.20.30.2/16,-
20201020023229,10.20.30.1/16,93
20201020023231,10.77.1.1/24,8
20201020023232,10.20.30.2/16,2
20201020023233,10.20.30.2/16,27
20201020023234,10.20.30.2/16,9
20201020023235,192.168.1.2/24,2
20201020023236,10.20.30.2/16,66
20201020023238,192.168.1.2/24,-
20201020023239,192.168.1.2/24,66
20201020023240,192.168.1.2/24,-
20201020023241,192.168.1.1/24,-
20201020023242,192.168.1.1/24,-
20201020023244,10.77.1.1/24,3
20201020023245,10.77.1.1/24,23
20201020023246,10.20.30.2/16,70
20201020023247,10.20.30.1/16,6
20201020023249,10.77.1.1/24,2
20201020023250,10.20.30.1/16,5
20201020023251,10.20.30.2/16,4
20201020023252,192.168.1.1/24,-
20201020023253,10.20.30.1/16,9
20201020023254,192.168.1.1/24,5
20201020023255,10.20.30.1/16,3
20201020023256,10.20.30.1/16,3
20201020023258,10.20.30.1/16,6
20201020023259,10.20.30.1/16,54
20201020023300,192.168.1.2/24,5
20201020023301,10.77.1.1/24,3
20201020023302,10.20.30.2/16,-
20201020023303,10.77.1.2/24,79
20201020023304,10.20.30.2/16,22
20201020023305,192.168.1.2/24,5
20201020023306,192.168.1.1/24,7
20201020023307,192.168.1.1/24,4
20201020023308,10.20.30.1/16,7
20201020023309,192.168.1.1/24,3
20201020023310,192.168.1.2/24,-
20201020023311,10.77.1.1/24,19
20201020023312,10.77.1.1/24,4
20201020023313,192.168.1.1/24,9
20201020023314,10.20.30.1/16,53
20201020023315,10.20.30.1/16,1
20201020023316,10.20.30.2/16,7
20201020023317,10.20.30.2/16,-
20201020023318,192.168.1.2/24,4
20201020023319,192.168.1.2/24,9
20201020023320,10.20.30.2/16,-
20201020023321,10.77.1.2/24,16
20201020023322,10.77.1.2/24,7
20201020023323,10.77.1.2/24,59
20201020023324,10.77.1.2/24,1
20201020023325,192.168.1.1/24,9
20201020023326,10.20.30.2/16,-
20201020023327,192.168.1.1/24,13
20201020023328,10.77.1.2/24,13
20201020023329,192.168.1.2/24,6
20201020023330,10.20.30.1/16,-
20201020023332,10.20.30.2/16,4
20201020023333,10.77.1.1/24,3
20201020023334,10.77.1.2/24,6
20201020023335,10.20.30.2/16,-
20201020023336,10.77.1.1/24,5
20201020023338,10.20.30.1/16,5
20201020023339,10.77.1.2/24,85
20201020023341,10.20.30.1/16,5
20201020023342,192.168.1.1/24,7
20201020023343,192.168.1.2/24,7
20201020023344,10.77.1.1/24,5
20201020023345,10.20.30.2/16,-
20201020023346,10.77.1.2/24,-
20201020023347,192.168.1.2/24,2
20201020023348,192.168.1.1/24,-
20201020023349,10.20.30.2/16,76
20201020023350,10.20.30.2/16,44
20201020023351,10.77.1.1/24,14
20201020023352,10.77.1.1/24,23
20201020023353,192.168.1.2/24,8
20201020023354,10.77.1.2/24,-
20201020023355,10.20.30.1/16,-
20201020023357,10.20.30.2/16,61
20201020023358,10.20.30.2/16,9
20201020023359,192.168.1.1/24,5
20201020023400,10.20.30.2/16,6
20201020023401,10.77.1.2/24,-
20201020023402,192.168.1.2/24,7
20201020023403,10.20.30.2/16,1
20201020023404,10.20.30.2/16,6
20201020023405,192.168.1.1/24,-
20201020023406,10.77.1.1/24,2
20201020023407,192.168.1.2/24,3
20201020023408,192.168.1.1/24,12
20201020023409,192.168.1.2/24,5
20201020023410,10.77.1.2/24,1
20201020023411,192.168.1.1/24,-
20201020023413,10.77.1.1/24,2
20201020023414,10.77.1.1/24,3
20201020023416,10.20.30.1/16,7
20201020023417,10.20.30.1/16,2
20201020023418,192.168.1.2/24,-
20201020023419,192.168.1.1/24,36
20201020023420,10.77.1.2/24,-
20201020023421,192.168.1.2/24,6
20201020023422,192.168.1.2/24,2
20201020023423,10.77.1.2/24,5
20201020023424,192.168.1.2/24,4
20201020023425,192.168.1.1/24,2
20201020023426,192.168.1.1/24,2
20201020023428,10.77.1.2/24,-
20201020023430,10.20.30.2/16,9
20201020023432,192.168.1.1/24,-
20201020023433,192.168.1.1/24,-
20201020023434,10.77.1.1/24,31
20201020023435,10.20.30.2/16,9
20201020023437,10.20.30.2/16,-
20201020023439,10.77.1.1/24,-
20201020023440,192.168.1.1/24,3
20201020023441,192.168.1.1/24,8
20201020023442,10.20.30.1/16,8
20201020023443,10.20.30.2/16,10
20201020023444,10.20.30.1/16,22
20201020023446,10.77.1.1/24,-
20201020023447,10.20.30.2/16,1
20201020023448,192.168.1.2/24,-
20201020023449,10.77.1.2/24,-
20201020023450,10.20.30.2/16,47
20201020023451,10.20.30.2/16,6
20201020023452,10.77.1.1/24,9
20201020023453,192.168.1.2/24,97
20201020023454,10.20.30.1/16,2
20201020023455,10.20.30.1/16,-
20201020023456,10.77.1.2/24,50
20201020023457,10.77.1.1/24,-
20201020023459,10.20.30.2/16,7
20201020023500,10.20.30.1/16,63
20201020023501,10.20.30.1/16,-
20201020023502,10.77.1.1/24,37
20201020023503,10.20.30.2/16,5
20201020023505,10.20.30.1/16,9
20201020023506,192.168.1.2/24,2
20201020023507,10.20.30.1/16,53
20201020023508,10.77.1.2/24,-
20201020023510,10.77.1.1/24,-
20201020023511,10.77.1.1/24,-
20201020023512,10.20.30.1/16,8
20201020023513,10.20.30.2/16,4
20201020023515,192.168.1.2/24,-
20201020023516,10.77.1.2/24,3
20201020023517,10.77.1.2/24,52
20201020023518,192.168.1.2/24,1
20201020023519,192.168.1.2/24,51
20201020023520,10.77.1.1/24,7
20201020023521,10.77.1.1/24,-
20201020023522,10.20.30.2/16,2
20201020023523,10.20.30.1/16,75
20201020023524,10.77.1.2/24,-
20201020023526,10.77.1.2/24,55
20201020023528,192.168.1.2/24,18
20201020023529,10.20.30.2/16,60
20201020023530,10.20.30.1/16,8
20201020023531,10.77.1.2/24,8
20201020023533,10.77.1.1/24,2
20201020023534,192.168.1.1/24,1
20201020023535,192.168.1.2/24,8
20201020023537,10.20.30.2/16,3
20201020023539,10.77.1.2/24,59
20201020023540,10.20.30.2/16,-
20201020023541,10.77.1.2/24,-
20201020023542,10.20.30.2/16,-
20201020023543,10.77.1.2/24,2
20201020023544,192.168.1.2/24,5
20201020023545,192.168.1.2/24,17
20201020023546,10.20.30.2/16,-
20201020023548,192.168.1.2/24,8
20201020023549,192.168.1.1/24,63
20201020023550,10.77.1.2/24,-
20201020023551,10.77.1.1/24,4
20201020023552,10.20.30.1/16,84
20201020023554,192.168.1.1/24,38
20201020023555,192.168.1.2/24,-
20201020023557,192.168.1.2/24,34
20201020023559,10.77.1.2/24,-
20201020023600,10.20.30.1/16,6
20201020023602,192.168.1.2/24,6
20201020023604,10.20.30.2/16,1
20201020023605,192.168.1.2/24,1
20201020023606,10.77.1.1/24,38
20201020023607,10.77.1.2/24,93
20201020023608,192.168.1.2/24,-
20201020023609,10.20.30.2/16,7
20201020023610,10.20.30.1/16,51
20201020023611,10.20.30.1/16,-
20201020023612,10.20.30.1/16,1
20201020023613,10.77.1.1/24,30
20201020023615,10.77.1.2/24,9
20201020023616,10.77.1.2/24,-
20201020023617,10.20.30.2/16,13
20201020023619,10.77.1.2/24,65
20201020023621,10.20.30.2/16,28
20201020023623,192.168.1.1/24,17
20201020023624,192.168.1.1/24,4
20201020023625,10.20.30.1/16,9
20201020023627,192.168.1.2/24,93
20201020023628,192.168.1.2/24,9
20201020023629,10.20.30.1/16,4
20201020023631,192.168.1.2/24,-
20201020023632,10.20.30.1/16,-
20201020023633,192.168.1.2/24,6
20201020023634,10.20.30.2/16,64
20201020023636,192.168.1.2/24,4
20201020023637,10.77.1.2/24,-
20201020023639,10.20.30.2/16,5
20201020023641,192.168.1.2/24,6
20201020023642,192.168.1.1/24,5
20201020023644,10.77.1.2/24,69
20201020023645,10.77.1.1/24,99
20201020023646,10.77.1.2/24,14
20201020023647,10.20.30.1/16,2
20201020023648,10.20.30.2/16,3
20201020023649,192.168.1.1/24,-
20201020023650,10.20.30.2/16,9
20201020023651,10.20.30.1/16,8
20201020023652,192.168.1.2/24,-
20201020023653,10.77.1.1/24,8
20201020023654,10.77.1.1/24,22
20201020023655,192.168.1.2/24,-
20201020023656,10.20.30.1/16,6
20201020023657,10.77.1.2/24,99
20201020023658,10.20.30.1/16,-
20201020023700,192.168.1.1/24,-
20201020023702,10.77.1.1/24,-
20201020023704,10.20.30.1/16,9
20201020023706,10.20.30.1/16,4
20201020023707,10.77.1.1/24,19
20201020023708,10.77.1.1/24,2
20201020023710,10.20.30.1/16,9
20201020023711,10.77.1.1/24,50
20201020023712,10.20.30.1/16,8
20201020023714,192.168.1.1/24,3
20201020023716,10.20.30.1/16,18
20201020023717,192.168.1.1/24,37
20201020023719,10.20.30.1/16,1
20201020023720,192.168.1.2/24,8
20201020023721,192.168.1.1/24,-
20201020023722,192.168.1.2/24,-
20201020023723,192.168.1.2/24,7
20201020023724,10.20.30.2/16,8
20201020023725,10.20.30.2/16,-
20201020023726,10.77.1.2/24,7
20201020023727,10.77.1.1/24,-
20201020023729,10.20.30.1/16,1
20201020023730,10.77.1.2/24,5
20201020023732,192.168.1.2/24,8
20201020023733,10.20.30.1/16,6
20201020023735,192.168.1.1/24,9
20201020023737,10.77.1.2/24,-
20201020023738,192.168.1.1/24,25
20201020023739,10.20.30.2/16,86
20201020023741,10.77.1.1/24,9
20201020023742,10.77.1.2/24,7
20201020023743,10.20.30.2/16,34
20201020023744,192.168.1.1/24,30
20201020023745,192.168.1.1/24,7
20201020023747,10.77.1.2/24,2
20201020023748,192.168.1.2/24,3
20201020023750,10.20.30.1/16,7
20201020023751,10.20.30.2/16,-
20201020023752,192.168.1.2/24,-
20201020023754,10.20.30.1/16,4
20201020023756,10.77.1.1/24,89
20201020023757,10.20.30.2/16,1
20201020023758,10.20.30.1/16,85
20201020023759,192.168.1.1/24,15
20201020023800,10.77.1.1/24,-
20201020023801,10.77.1.2/24,5
20201020023802,10.20.30.1/16,58
20201020023803,10.77.1.1/24,-
20201020023805,10.20.30.1/16,1
20201020023806,10.77.1.1/24,10
20201020023807,10.20.30.1/16,6
20201020023808,10.77.1.2/24,-
20201020023809,10.77.1.1/24,7
20201020023810,192.168.1.2/24,43
20201020023811,192.168.1.2/24,-
20201020023812,192.168.1.1/24,8
20201020023813,10.20.30.1/16,71
20201020023814,10.20.30.1/16,6
20201020023815,192.168.1.1/24,4
20201020023817,10.77.1.2/24,-
20201020023818,10.20.30.1/16,-
20201020023819,10.20.30.1/16,-
20201020023820,192.168.1.1/24,-
20201020023821,192.168.1.2/24,-
20201020023823,10.20.30.1/16,3
20201020023825,10.20.30.2/16,50
20201020023827,10.20.30.1/16,-
20201020023829,192.168.1.2/24,29
20201020023830,192.168.1.2/24,-
20201020023832,10.20.30.2/16,-
20201020023834,10.77.1.2/24,3
20201020023836,192.168.1.2/24,-
20201020023838,10.77.1.2/24,-
20201020023839,192.168.1.2/24,1
20201020023840,192.168.1.1/24,5
20201020023841,192.168.1.1/24,4
20201020023842,10.77.1.1/24,5
20201020023843,192.168.1.2/24,-
20201020023844,10.77.1.1/24,-
20201020023845,10.20.30.1/16,6
20201020023846,10.77.1.2/24,2
20201020023848,10.77.1.2/24,8
20201020023849,192.168.1.2/24,3
20201020023850,10.77.1.2/24,5
20201020023851,10.20.30.1/16,32
20201020023852,10.20.30.1/16,3
20201020023853,10.20.30.2/16,4
20201020023854,192.168.1.2/24,6
20201020023856,192.168.1.1/24,-
20201020023858,10.77.1.1/24,-
20201020023859,10.77.1.1/24,3
20201020023900,192.168.1.1/24,1
20201020023902,10.77.1.1/24,4
20201020023903,10.77.1.2/24,5
20201020023905,10.20.30.2/16,39
20201020023907,192.168.1.2/24,9
20201020023908,192.168.1.2/24,6
20201020023909,10.20.30.1/16,66
20201020023910,192.168.1.1/24,2
20201020023911,192.168.1.2/24,7
20201020023912,10.20.30.1/16,2
20201020023913,10.20.30.2/16,2
20201020023915,10.20.30.1/16,0
20201020023916,10.77.1.1/24,9
20201020023918,10.77.1.1/24,1
20201020023919,10.77.1.1/24,6
20201020023920,10.77.1.1/24,-
20201020023921,10.77.1.2/24,2
20201020023922,10.77.1.2/24,83
20201020023923,10.77.1.2/24,-
20201020023924,10.20.30.1/16,13
20201020023925,192.168.1.2/24,-
20201020023926,10.20.30.1/16,8
20201020023927,10.20.30.2/16,5
20201020023928,192.168.1.1/24,1
20201020023929,192.168.1.2/24,-
20201020023930,192.168.1.1/24,-
20201020023932,192.168.1.1/24,4
20201020023933,10.77.1.2/24,-
20201020023934,192.168.1.1/24,92
20201020023935,10.77.1.2/24,-
20201020023936,192.168.1.1/24,3
20201020023937,192.168.1.2/24,1
20201020023938,10.77.1.2/24,2
20201020023939,10.20.30.2/16,1
20201020023941,192.168.1.1/24,1
20201020023942,10.20.30.2/16,4
20201020023943,10.77.1.1/24,5
20201020023944,10.77.1.1/24,-
20201020023945,10.77.1.1/24,-
20201020023946,10.77.1.1/24,6
20201020023947,10.77.1.2/24,32
20201020023949,10.20.30.1/16,-
20201020023950,10.77.1.2/24,11
20201020023951,10.20.30.1/16,1
20201020023952,192.168.1.2/24,-
20201020023953,192.168.1.1/24,4
20201020023954,10.77.1.2/24,6
20201020023956,192.168.1.1/24,-
20201020023958,10.77.1.2/24,71
20201020023959,10.20.30.1/16,-
20201020024000,10.20.30.2/16,92
20201020024001,10.20.30.2/16,-
20201020024002,10.77.1.2/24,5
20201020024003,10.77.1.1/24,8
20201020024004,10.20.30.1/16,-
20201020024005,192.168.1.2/24,-
20201020024007,10.20.30.2/16,9
20201020024008,10.77.1.2/24,9
20201020024009,10.20.30.2/16,-
20201020024010,10.77.1.2/24,8
20201020024011,192.168.1.2/24,2
20201020024012,10.20.30.1/16,21
20201020024013,192.168.1.1/24,3
20201020024014,10.77.1.1/24,8
20201020024015,192.168.1.2/24,3
20201020024016,10.77.1.2/24,-
20201020024017,10.20.30.2/16,8
20201020024019,10.77.1.1/24,18
20201020024020,192.168.1.2/24,11
20201020024021,192.168.1.1/24,8
20201020024022,192.168.1.2/24,6
20201020024023,192.168.1.1/24,7
20201020024024,192.168.1.1/24,4
20201020024025,10.77.1.1/24,41
20201020024026,10.77.1.2/24,20
20201020024028,10.77.1.1/24,71
20201020024030,10.77.1.1/24,8
20201020024031,10.77.1.1/24,4
20201020024032,10.77.1.2/24,-
20201020024033,10.77.1.2/24,7
20201020024034,10.20.30.2/16,2
20201020024035,10.77.1.2/24,90
20201020024037,10.77.1.1/24,73
20201020024039,10.20.30.1/16,8
20201020024040,10.20.30.2/16,6
20201020024041,10.77.1.2/24,2
20201020024043,10.20.30.1/16,3
20201020024044,10.20.30.1/16,1
20201020024045,10.20.30.2/16,5
20201020024046,10.77.1.2/24,-
20201020024047,192.168.1.1/24,78
20201020024049,10.77.1.2/24,2
20201020024051,10.77.1.1/24,-
20201020024052,10.20.30.1/16,2
20201020024054,10.20.30.2/16,-
20201020024055,10.20.30.1/16,72
20201020024057,10.20.30.1/16,-
20201020024058,10.77.1.1/24,8
20201020024059,10.20.30.2/16,7
20201020024100,10.20.30.2/16,56
20201020024101,10.20.30.2/16,8
20201020024102,192.168.1.2/24,91
20201020024104,10.20.30.1/16,38
20201020024105,10.77.1.1/24,9
20201020024107,10.20.30.1/16,82
20201020024109,192.168.1.2/24,47
20201020024110,192.168.1.2/24,-
20201020024112,10.77.1.2/24,-
20201020024114,10.77.1.2/24,19
20201020024115,10.20.30.1/16,-
20201020024116,10.77.1.1/24,5
20201020024117,10.20.30.1/16,9
20201020024118,10.20.30.2/16,5
20201020024119,10.77.1.1/24,6
20201020024121,10.77.1.1/24,6
20201020024122,192.168.1.1/24,7
20201020024123,192.168.1.2/24,-
20201020024124,10.20.30.2/16,-
20201020024125,192.168.1.1/24,2
20201020024126,10.77.1.2/24,6
20201020024127,10.20.30.1/16,34
20201020024128,10.20.30.2/16,58
20201020024130,10.77.1.1/24,3
20201020024131,192.168.1.1/24,-
20201020024133,192.168.1.2/24,3
20201020024135,192.168.1.1/24,2
20201020024136,10.20.30.1/16,10
20201020024138,192.168.1.1/24,13
20201020024139,10.20.30.1/16,8
20201020024140,10.77.1.1/24,4
20201020024141,10.77.1.1/24,2
20201020024142,192.168.1.1/24,8
20201020024143,192.168.1.2/24,6
20201020024144,192.168.1.2/24,10
20201020024145,10.77.1.1/24,-
20201020024146,192.168.1.1/24,4
20201020024147,10.20.30.1/16,8
20201020024148,10.20.30.1/16,10
20201020024150,10.77.1.1/24,6
20201020024151,10.20.30.2/16,-
20201020024152,10.20.30.1/16,-
20201020024153,10.77.1.2/24,53
20201020024154,192.168.1.2/24,4
20201020024155,192.168.1.2/24,-
20201020024156,192.168.1.2/24,21
20201020024157,10.77.1.1/24,-
20201020024159,10.20.30.2/16,2
20201020024201,192.168.1.2/24,-
20201020024202,192.168.1.2/24,92
20201020024204,192.168.1.2/24,59
20201020024205,192.168.1.2/24,0
20201020024206,10.20.30.2/16,38
20201020024207,192.168.1.2/24,-
20201020024209,10.20.30.1/16,11
20201020024210,10.77.1.2/24,6
20201020024211,10.77.1.2/24,59
20201020024212,10.77.1.2/24,-
20201020024213,192.168.1.2/24,6
20201020024214,192.168.1.2/24,6
20201020024215,192.168.1.2/24,1
20201020024216,192.168.1.2/24,7
20201020024217,10.77.1.1/24,2
20201020024218,192.168.1.1/24,15
20201020024219,10.20.30.1/16,2
20201020024220,10.77.1.2/24,1
20201020024221,10.20.30.1/16,6
20201020024222,10.20.30.1/16,-
20201020024223,192.168.1.2/24,6
20201020024224,192.168.1.2/24,45
20201020024225,10.20.30.1/16,10
20201020024226,192.168.1.1/24,4
20201020024227,192.168.1.1/24,6
20201020024228,192.168.1.2/24,8
20201020024229,192.168.1.1/24,51
20201020024230,192.168.1.2/24,5
20201020024231,192.168.1.1/24,39
20201020024232,10.20.30.2/16,-
20201020024234,10.20.30.1/16,-
20201020024235,10.77.1.1/24,14
20201020024237,10.77.1.2/24,8
20201020024238,192.168.1.2/24,2
20201020024239,192.168.1.2/24,-
20201020024240,10.77.1.2/24,-
20201020024241,192.168.1.2/24,31
20201020024242,10.20.30.1/16,8
20201020024243,192.168.1.1/24,4
20201020024244,10.77.1.1/24,-
20201020024245,10.20.30.1/16,-
20201020024247,10.20.30.2/16,2
20201020024248,10.20.30.1/16,69
20201020024249,192.168.1.2/24,6
20201020024250,10.77.1.2/24,9
20201020024251,10.20.30.1/16,-
20201020024252,10.77.1.1/24,8
20201020024253,10.77.1.2/24,2
20201020024254,192.168.1.1/24,-
20201020024255,10.20.30.1/16,-
20201020024256,192.168.1.1/24,9
20201020024257,10.20.30.1/16,-
20201020024258,10.77.1.1/24,4
20201020024259,192.168.1.2/24,3
20201020024301,10.20.30.1/16,8
20201020024302,10.20.30.1/16,3
20201020024304,192.168.1.2/24,-
20201020024306,192.168.1.1/24,-
20201020024307,10.77.1.2/24,6
20201020024309,192.168.1.1/24,3
20201020024310,10.20.30.1/16,3
20201020024312,10.20.30.1/16,8
20201020024313,10.77.1.2/24,3
20201020024315,10.20.30.2/16,4
20201020024317,192.168.1.1/24,-
20201020024318,192.168.1.1/24,82
20201020024319,10.20.30.2/16,7
20201020024320,10.77.1.2/24,-
20201020024321,10.20.30.2/16,1
20201020024322,192.168.1.1/24,4
20201020024323,10.77.1.2/24,-
20201020024324,10.77.1.2/24,78
20201020024325,10.77.1.2/24,59
20201020024326,10.77.1.2/24,4
20201020024327,10.20.30.2/16,10
20201020024328,10.20.30.2/16,1
20201020024329,10.77.1.2/24,-
20201020024330,10.77.1.1/24,-
20201020024332,10.77.1.1/24,1
20201020024333,10.77.1.1/24,-
20201020024334,192.168.1.1/24,78
20201020024335,10.77.1.2/24,9
20201020024336,10.77.1.2/24,47
20201020024337,192.168.1.2/24,-
20201020024338,192.168.1.2/24,22
20201020024339,10.77.1.1/24,7
20201020024340,192.168.1.2/24,6
20201020024342,10.77.1.1/24,2
20201020024343,10.20.30.1/16,-
20201020024344,192.168.1.2/24,9
20201020024345,192.168.1.2/24,95
20201020024346,10.20.30.1/16,8
20201020024347,10.20.30.1/16,-
20201020024348,10.77.1.2/24,-
20201020024349,192.168.1.1/24,43
20201020024350,192.168.1.2/24,-
20201020024351,192.168.1.1/24,47
20201020024352,10.77.1.1/24,-
20201020024353,10.20.30.2/16,-
20201020024354,192.168.1.2/24,5
20201020024355,192.168.1.1/24,6
20201020024357,10.77.1.2/24,6
20201020024358,192.168.1.2/24,7
20201020024400,10.77.1.1/24,-
20201020024401,10.77.1.2/24,7
20201020024402,10.20.30.2/16,10
20201020024404,192.168.1.1/24,74
20201020024405,192.168.1.2/24,3
20201020024406,10.20.30.1/16,-
20201020024407,10.77.1.1/24,15
20201020024408,10.20.30.2/16,48
20201020024409,10.20.30.1/16,91
20201020024411,10.20.30.2/16,84
20201020024412,192.168.1.1/24,2
20201020024414,192.168.1.1/24,7
20201020024416,192.168.1.1/24,3
20201020024417,10.20.30.1/16,1
20201020024418,10.20.30.1/16,1
20201020024420,10.20.30.1/16,5
20201020024422,192.168.1.1/24,78
20201020024423,192.168.1.2/24,1
20201020024424,192.168.1.2/24,5
20201020024426,10.77.1.1/24,2
20201020024427,192.168.1.2/24,5
20201020024428,10.77.1.2/24,97
20201020024429,10.20.30.2/16,18
20201020024430,10.20.30.2/16,46
20201020024431,10.20.30.1/16,2
20201020024432,10.20.30.1/16,-
20201020024433,10.20.30.2/16,10
20201020024434,10.20.30.1/16,22
20201020024435,10.77.1.2/24,3
20201020024436,10.77.1.2/24,57
20201020024437,10.20.30.2/16,25
20201020024438,10.77.1.1/24,3
20201020024439,10.20.30.2/16,6
20201020024440,10.20.30.2/16,38
20201020024442,10.77.1.1/24,4
20201020024443,192.168.1.1/24,3
20201020024444,192.168.1.1/24,1
20201020024445,10.20.30.2/16,4
20201020024446,10.20.30.1/16,15
20201020024447,10.77.1.2/24,1
20201020024449,10.20.30.2/16,14
20201020024450,10.20.30.1/16,-
20201020024451,192.168.1.2/24,-
20201020024452,192.168.1.2/24,34
20201020024453,192.168.1.2/24,7
20201020024454,10.20.30.2/16,-
20201020024455,10.77.1.2/24,9
20201020024457,192.168.1.2/24,6
20201020024458,10.20.30.2/16,-
20201020024459,10.77.1.2/24,-
20201020024500,192.168.1.2/24,84
20201020024501,192.168.1.2/24,1
20201020024502,192.168.1.2/24,-
20201020024503,10.77.1.2/24,3
20201020024505,10.77.1.2/24,7
20201020024506,10.20.30.1/16,-
20201020024507,192.168.1.1/24,7
20201020024509,10.20.30.1/16,87
20201020024510,10.20.30.1/16,4
20201020024512,10.77.1.2/24,56
20201020024513,192.168.1.2/24,9
20201020024514,10.77.1.1/24,6
20201020024515,192.168.1.2/24,-
20201020024516,10.20.30.1/16,6
20201020024518,10.20.30.2/16,-
20201020024519,10.20.30.1/16,-
20201020024520,10.20.30.2/16,2
20201020024521,10.77.1.2/24,1
20201020024522,10.77.1.2/24,1
20201020024523,10.20.30.1/16,6
20201020024524,10.20.30.2/16,70
20201020024526,10.20.30.2/16,7
20201020024528,192.168.1.1/24,27
20201020024529,10.20.30.2/16,-
20201020024531,10.77.1.1/24,2
20201020024533,10.20.30.2/16,-
20201020024534,10.20.30.2/16,56
20201020024535,192.168.1.2/24,-
20201020024536,10.77.1.1/24,-
20201020024538,10.77.1.2/24,1
20201020024539,10.20.30.1/16,8
20201020024540,192.168.1.2/24,5
20201020024541,10.77.1.1/24,89
20201020024542,10.20.30.2/16,1
20201020024543,10.20.30.2/16,-
20201020024544,192.168.1.1/24,15
20201020024545,192.168.1.1/24,7
20201020024546,10.77.1.2/24,10
20201020024547,192.168.1.2/24,52
20201020024548,10.20.30.1/16,-
20201020024549,10.77.1.1/24,9
20201020024550,10.77.1.1/24,4
20201020024551,10.77.1.1/24,24
20201020024552,10.20.30.1/16,1
20201020024553,10.20.30.1/16,7
20201020024554,192.168.1.2/24,60
20201020024556,10.20.30.1/16,6
20201020024557,192.168.1.2/24,-
20201020024558,192.168.1.2/24,-
20201020024559,10.20.30.1/16,-
20201020024600,10.20.30.2/16,1
20201020024601,10.77.1.2/24,-
20201020024602,10.20.30.1/16,0
20201020024603,10.77.1.2/24,7
20201020024604,10.20.30.1/16,8
20201020024606,10.77.1.2/24,-
20201020024607,10.20.30.1/16,31
20201020024609,10.77.1.2/24,2
20201020024611,10.77.1.1/24,6
20201020024612,192.168.1.2/24,6
20201020024613,10.77.1.2/24,8
20201020024615,10.20.30.2/16,7
20201020024617,192.168.1.2/24,2
20201020024618,192.168.1.1/24,9
20201020024619,10.20.30.2/16,4
20201020024620,192.168.1.1/24,13
20201020024621,10.20.30.2/16,-
20201020024623,192.168.1.1/24,4
20201020024624,192.168.1.2/24,11
20201020024625,10.20.30.1/16,5
20201020024626,10.20.30.2/16,41
20201020024628,10.77.1.1/24,38
20201020024629,10.20.30.1/16,-
20201020024630,10.20.30.2/16,-
20201020024632,10.77.1.2/24,55
20201020024633,10.77.1.1/24,5
20201020024635,10.20.30.1/16,73
20201020024636,10.20.30.2/16,-
20201020024637,10.20.30.2/16,6
20201020024638,192.168.1.2/24,-
20201020024639,10.20.30.1/16,-
20201020024640,10.77.1.2/24,36
20201020024641,192.168.1.1/24,-
20201020024642,10.77.1.1/24,9
20201020024643,10.20.30.2/16,59
20201020024644,10.77.1.2/24,60
20201020024645,192.168.1.1/24,1
20201020024646,192.168.1.2/24,1
20201020024647,192.168.1.2/24,-
20201020024648,10.77.1.1/24,-
20201020024649,10.77.1.2/24,66
20201020024650,10.20.30.1/16,1
20201020024651,10.20.30.1/16,-
20201020024652,10.77.1.2/24,59
20201020024653,10.20.30.2/16,5
20201020024655,192.168.1.2/24,94
20201020024657,192.168.1.2/24,2
20201020024658,192.168.1.1/24,8
20201020024659,10.77.1.2/24,-
20201020024700,10.20.30.2/16,54
20201020024701,192.168.1.1/24,55
20201020024702,10.20.30.1/16,-
20201020024703,192.168.1.1/24,1
20201020024704,10.20.30.1/16,5
20201020024705,10.77.1.1/24,3
20201020024706,10.77.1.1/24,8
20201020024707,10.20.30.1/16,69
20201020024708,10.20.30.1/16,-
20201020024709,10.77.1.2/24,22
20201020024710,192.168.1.2/24,-
20201020024712,192.168.1.2/24,-
20201020024713,192.168.1.1/24,5
20201020024714,192.168.1.1/24,1
20201020024715,192.168.1.1/24,1
20201020024717,192.168.1.2/24,-
20201020024718,10.77.1.1/24,3
20201020024719,10.77.1.2/24,-
20201020024720,192.168.1.1/24,-
20201020024722,192.168.1.2/24,6
20201020024723,10.77.1.2/24,87
20201020024724,10.20.30.1/16,-
20201020024725,10.20.30.2/16,-
20201020024727,192.168.1.1/24,61
20201020024728,10.20.30.2/16,3
20201020024730,192.168.1.1/24,19
20201020024731,192.168.1.1/24,7
20201020024732,10.77.1.1/24,-
20201020024733,10.77.1.2/24,8
20201020024734,10.77.1.1/24,2
20201020024735,10.77.1.1/24,1
20201020024737,192.168.1.1/24,9
20201020024738,10.20.30.1/16,-
20201020024739,192.168.1.1/24,2
20201020024740,10.77.1.2/24,3
20201020024741,10.20.30.2/16,-
20201020024743,192.168.1.1/24,3
20201020024744,10.77.1.1/24,6
20201020024745,10.77.1.2/24,6
20201020024746,192.168.1.1/24,2
20201020024747,192.168.1.2/24,7
20201020024749,10.77.1.1/24,9
20201020024750,192.168.1.2/24,3
20201020024752,192.168.1.2/24,4
20201020024753,10.77.1.2/24,8
20201020024754,10.20.30.2/16,-
20201020024756,10.77.1.1/24,27
20201020024757,10.20.30.2/16,-
20201020024758,10.77.1.2/24,5
20201020024759,10.77.1.1/24,-
20201020024800,192.168.1.1/24,48
20201020024801,10.20.30.2/16,9
20201020024802,10.77.1.2/24,8
20201020024804,10.20.30.1/16,5
20201020024805,10.77.1.2/24,3
20201020024806,10.77.1.2/24,14
20201020024807,10.20.30.1/16,13
20201020024808,10.20.30.2/16,7
20201020024809,10.77.1.2/24,12
20201020024811,10.20.30.1/16,3
20201020024812,192.168.1.2/24,1
20201020024813,192.168.1.2/24,-
20201020024814,10.20.30.1/16,7
20201020024815,10.20.30.1/16,12
20201020024816,10.77.1.1/24,91
20201020024818,192.168.1.1/24,1
20201020024819,192.168.1.1/24,-
20201020024820,10.20.30.2/16,5
20201020024821,10.77.1.1/24,6
20201020024822,10.77.1.2/24,7
20201020024823,192.168.1.2/24,-
20201020024825,10.77.1.1/24,-
20201020024826,10.77.1.1/24,1
20201020024828,192.168.1.2/24,6
20201020024829,10.77.1.2/24,4
20201020024830,10.20.30.2/16,8
20201020024831,10.20.30.1/16,9
20201020024832,10.20.30.2/16,2
20201020024834,192.168.1.2/24,-
20201020024835,10.77.1.2/24,7
20201020024837,10.77.1.1/24,94
20201020024839,10.77.1.2/24,58
20201020024841,10.20.30.1/16,7
20201020024842,192.168.1.1/24,-
20201020024843,10.77.1.2/24,20
20201020024844,192.168.1.1/24,3
20201020024845,10.20.30.1/16,1
20201020024847,192.168.1.1/24,6
20201020024849,10.20.30.2/16,63
20201020024850,192.168.1.2/24,58
20201020024851,192.168.1.2/24,9
20201020024853,10.20.30.1/16,9
20201020024855,10.20.30.1/16,-
20201020024857,10.77.1.2/24,7
20201020024858,10.20.30.1/16,20
20201020024859,10.77.1.2/24,1
20201020024901,10.20.30.2/16,-
20201020024902,192.168.1.1/24,4
20201020024903,10.77.1.1/24,8
20201020024904,192.168.1.2/24,37
20201020024905,10.20.30.1/16,-
20201020024906,192.168.1.1/24,28
20201020024907,10.20.30.2/16,49
20201020024908,192.168.1.1/24,52
20201020024910,192.168.1.2/24,-
20201020024912,192.168.1.2/24,24
20201020024913,10.77.1.2/24,-
20201020024915,10.20.30.2/16,9
20201020024917,10.77.1.1/24,2
20201020024918,10.77.1.2/24,35
20201020024920,192.168.1.2/24,-
20201020024921,10.20.30.1/16,46
20201020024922,192.168.1.2/24,50
20201020024924,10.77.1.2/24,-
20201020024925,192.168.1.1/24,70
20201020024926,10.77.1.1/24,-
20201020024927,10.77.1.2/24,-
20201020024928,192.168.1.1/24,3
20201020024930,10.77.1.2/24,9
20201020024931,10.20.30.2/16,7
20201020024932,10.77.1.1/24,-
20201020024933,192.168.1.1/24,8
20201020024935,192.168.1.2/24,-
20201020024936,10.77.1.1/24,-
20201020024938,10.20.30.2/16,3
20201020024939,10.20.30.1/16,4
20201020024940,192.168.1.1/24,26
20201020024941,10.77.1.1/24,8
20201020024942,10.20.30.2/16,75
20201020024943,192.168.1.1/24,3
20201020024944,10.20.30.1/16,4
20201020024945,10.20.30.2/16,-
20201020024946,10.77.1.2/24,7
20201020024947,192.168.1.1/24,1
20201020024948,10.77.1.2/24,10
20201020024950,10.20.30.1/16,3
20201020024952,10.77.1.1/24,64
20201020024953,10.20.30.2/16,7
20201020024954,192.168.1.1/24,-
20201020024955,192.168.1.1/24,85
20201020024957,192.168.1.1/24,9
20201020024958,10.77.1.1/24,8
20201020024959,10.77.1.2/24,-
20201020025000,10.20.30.2/16,-
20201020025001,10.77.1.1/24,12
20201020025002,192.168.1.2/24,6
20201020025003,10.77.1.1/24,1
20201020025005,10.20.30.1/16,6
20201020025007,192.168.1.1/24,91
20201020025009,192.168.1.2/24,3
20201020025010,10.77.1.1/24,-
20201020025011,10.77.1.2/24,-
20201020025012,10.77.1.2/24,-
20201020025013,10.77.1.2/24,-
20201020025014,10.20.30.2/16,9
20201020025015,192.168.1.2/24,5
20201020025016,192.168.1.2/24,9
20201020025017,192.168.1.1/24,3
20201020025018,192.168.1.2/24,-
20201020025019,10.20.30.1/16,-
20201020025020,10.20.30.2/16,10
20201020025022,192.168.1.2/24,7
20201020025023,10.77.1.2/24,4
20201020025025,10.77.1.2/24,75
20201020025027,10.77.1.2/24,-
20201020025028,10.77.1.2/24,-
20201020025030,10.77.1.1/24,-
20201020025031,10.20.30.2/16,-
20201020025032,10.77.1.2/24,21
20201020025034,10.77.1.2/24,5
20201020025036,192.168.1.1/24,1
20201020025038,10.77.1.2/24,9
20201020025039,10.20.30.1/16,40
20201020025040,10.20.30.2/16,12
20201020025041,10.20.30.2/16,77
20201020025042,10.20.30.2/16,50
20201020025043,10.77.1.2/24,13
20201020025044,10.20.30.2/16,64
20201020025045,10.77.1.1/24,9
20201020025047,192.168.1.2/24,-
20201020025049,192.168.1.1/24,4
20201020025050,10.77.1.2/24,6
20201020025051,10.77.1.1/24,12
20201020025052,10.77.1.1/24,-
20201020025053,10.77.1.2/24,-
20201020025054,10.20.30.2/16,83
20201020025055,10.20.30.1/16,6
20201020025057,192.168.1.2/24,-
20201020025058,10.20.30.1/16,-
20201020025100,192.168.1.1/24,8
20201020025101,10.20.30.2/16,-
20201020025102,10.20.30.1/16,89
20201020025103,10.77.1.1/24,8
20201020025104,10.77.1.2/24,5
20201020025105,10.77.1.2/24,13
20201020025107,10.77.1.2/24,8
20201020025108,192.168.1.2/24,7
20201020025109,192.168.1.2/24,8
20201020025110,192.168.1.2/24,2
20201020025111,10.20.30.1/16,8
20201020025112,192.168.1.2/24,9
20201020025113,10.20.30.2/16,48
20201020025114,10.20.30.1/16,-
20201020025115,10.77.1.1/24,2
20201020025116,10.77.1.2/24,1
20201020025118,10.77.1.2/24,5
20201020025119,10.20.30.2/16,10
20201020025120,10.20.30.2/16,9
20201020025121,10.77.1.2/24,6
20201020025122,10.77.1.1/24,22
20201020025123,10.20.30.1/16,24
20201020025124,10.77.1.1/24,9
20201020025125,10.20.30.1/16,60
20201020025127,192.168.1.2/24,-
20201020025128,10.77.1.2/24,2
20201020025129,192.168.1.2/24,9
20201020025130,10.77.1.1/24,-
20201020025131,10.77.1.2/24,-
20201020025132,10.20.30.1/16,-
20201020025133,10.20.30.2/16,1
20201020025134,10.77.1.1/24,-
20201020025136,10.20.30.2/16,10
20201020025137,192.168.1.1/24,8
20201020025138,10.20.30.1/16,1
20201020025139,192.168.1.2/24,10
20201020025140,192.168.1.1/24,22
20201020025141,10.20.30.2/16,-
20201020025142,192.168.1.1/24,33
20201020025143,10.20.30.2/16,4
20201020025144,192.168.1.1/24,-
20201020025146,10.20.30.2/16,-
20201020025147,10.20.30.1/16,8
20201020025148,192.168.1.1/24,34
20201020025149,10.77.1.2/24,-
20201020025150,192.168.1.2/24,15
20201020025151,10.77.1.1/24,3
20201020025152,10.77.1.2/24,99
20201020025153,192.168.1.2/24,8
20201020025154,192.168.1.2/24,1
20201020025155,10.77.1.2/24,9
20201020025157,10.20.30.1/16,-
20201020025158,10.77.1.2/24,0
20201020025159,10.20.30.2/16,14
20201020025200,10.20.30.1/16,9
20201020025201,192.168.1.2/24,-
20201020025202,10.20.30.2/16,8
20201020025203,192.168.1.1/24,4
20201020025205,10.77.1.1/24,1
20201020025206,192.168.1.1/24,48
20201020025208,10.20.30.1/16,3
20201020025209,192.168.1.1/24,8
20201020025210,192.168.1.1/24,2
20201020025211,10.77.1.1/24,87
20201020025213,10.77.1.2/24,3
20201020025215,10.77.1.1/24,-
20201020025217,192.168.1.2/24,48
20201020025218,192.168.1.1/24,3
20201020025219,10.20.30.1/16,1
20201020025220,10.20.30.2/16,9
20201020025221,10.20.30.1/16,8
20201020025222,10.20.30.1/16,-
20201020025223,192.168.1.2/24,-
20201020025224,10.77.1.2/24,-
20201020025225,10.20.30.2/16,9
20201020025226,10.20.30.1/16,40
20201020025227,192.168.1.1/24,5
20201020025228,10.77.1.2/24,4
20201020025229,192.168.1.1/24,8
20201020025230,10.77.1.2/24,8
20201020025231,10.77.1.2/24,58
20201020025233,10.77.1.2/24,82
20201020025234,10.20.30.2/16,6
20201020025235,10.77.1.1/24,-
20201020025236,192.168.1.2/24,2
20201020025237,192.168.1.2/24,7
20201020025239,192.168.1.1/24,10
20201020025240,192.168.1.2/24,7
20201020025241,10.20.30.2/16,-
20201020025242,192.168.1.2/24,0
20201020025243,10.77.1.1/24,2
20201020025244,10.20.30.1/16,7
20201020025245,10.20.30.2/16,-
20201020025246,192.168.1.2/24,7
20201020025248,192.168.1.2/24,2
20201020025250,192.168.1.2/24,3
20201020025251,192.168.1.1/24,3
20201020025252,192.168.1.1/24,84
20201020025254,192.168.1.2/24,2
20201020025255,192.168.1.2/24,46
20201020025256,10.20.30.2/16,-
20201020025257,10.77.1.1/24,5
20201020025258,192.168.1.1/24,1
20201020025259,10.77.1.1/24,6
20201020025300,192.168.1.1/24,53
20201020025301,10.77.1.2/24,-
20201020025302,192.168.1.1/24,24
20201020025304,10.20.30.2/16,9
20201020025305,10.77.1.2/24,9
20201020025306,192.168.1.1/24,70
20201020025307,10.77.1.2/24,-
20201020025308,10.20.30.1/16,24
20201020025309,192.168.1.2/24,-
20201020025310,10.77.1.1/24,-
20201020025311,10.20.30.2/16,76
20201020025312,10.77.1.1/24,8
20201020025313,10.77.1.1/24,8
20201020025314,10.20.30.1/16,8
20201020025315,10.20.30.1/16,3
20201020025317,10.77.1.2/24,85
20201020025318,10.77.1.1/24,37
20201020025319,10.77.1.1/24,8
20201020025320,10.77.1.1/24,3
20201020025321,10.77.1.2/24,-
20201020025322,10.77.1.2/24,9
20201020025323,192.168.1.1/24,8
20201020025324,192.168.1.1/24,-
20201020025325,10.77.1.2/24,77
20201020025326,10.20.30.2/16,9
20201020025327,10.20.30.2/16,81
20201020025329,10.20.30.2/16,4
20201020025330,10.20.30.2/16,4
20201020025332,10.77.1.2/24,12
20201020025334,10.77.1.2/24,-
20201020025335,192.168.1.2/24,9
20201020025336,10.20.30.1/16,-
20201020025338,192.168.1.2/24,-
20201020025339,10.20.30.1/16,5
20201020025340,192.168.1.1/24,2
20201020025341,10.77.1.1/24,10
20201020025343,10.77.1.2/24,54
20201020025344,10.20.30.1/16,44
20201020025346,10.77.1.2/24,9
20201020025347,192.168.1.1/24,-
20201020025348,10.20.30.1/16,5
20201020025349,10.77.1.1/24,7
20201020025350,192.168.1.2/24,4
20201020025352,192.168.1.2/24,-
20201020025353,10.20.30.2/16,5
20201020025354,10.77.1.1/24,-
20201020025355,192.168.1.1/24,5
20201020025357,10.77.1.1/24,7
20201020025358,10.20.30.2/16,-
20201020025400,10.20.30.1/16,4
20201020025401,10.20.30.2/16,29
20201020025402,192.168.1.2/24,3
20201020025404,10.77.1.2/24,-
20201020025406,10.77.1.1/24,-
20201020025407,10.20.30.2/16,3
20201020025408,10.77.1.1/24,7
20201020025409,192.168.1.2/24,-
20201020025410,10.77.1.2/24,-
20201020025411,10.77.1.2/24,91
20201020025412,10.77.1.1/24,51
20201020025413,192.168.1.1/24,86
20201020025414,10.20.30.1/16,1
20201020025415,10.77.1.1/24,-
20201020025416,192.168.1.1/24,2
20201020025417,10.20.30.1/16,50
20201020025418,192.168.1.2/24,10
20201020025419,192.168.1.2/24,11
20201020025420,10.77.1.2/24,60
20201020025421,10.77.1.1/24,6
20201020025422,10.77.1.2/24,8
20201020025423,10.77.1.2/24,4
20201020025424,192.168.1.1/24,7
20201020025426,10.20.30.2/16,13
20201020025427,10.77.1.1/24,12
20201020025428,10.20.30.1/16,7
20201020025429,10.20.30.1/16,9
20201020025430,192.168.1.1/24,8
20201020025431,10.20.30.2/16,-
20201020025433,10.77.1.1/24,-
20201020025434,10.20.30.2/16,-
20201020025435,10.77.1.1/24,1
20201020025436,192.168.1.1/24,-
20201020025437,10.77.1.2/24,6
20201020025438,192.168.1.2/24,15
20201020025439,192.168.1.1/24,51
20201020025440,192.168.1.1/24,80
20201020025441,10.77.1.2/24,49
20201020025442,10.77.1.1/24,1
20201020025443,10.77.1.1/24,-
20201020025444,192.168.1.1/24,8
20201020025446,10.20.30.1/16,8
20201020025447,10.77.1.1/24,28
20201020025448,10.20.30.1/16,49
20201020025450,10.20.30.2/16,6
20201020025452,10.77.1.2/24,8
20201020025453,10.77.1.1/24,82
20201020025454,10.77.1.2/24,4
20201020025456,10.20.30.2/16,-
20201020025457,10.77.1.1/24,1
20201020025458,192.168.1.1/24,-
20201020025459,10.77.1.1/24,77
20201020025501,192.168.1.2/24,-
20201020025503,10.77.1.1/24,-
20201020025505,10.20.30.2/16,-
20201020025506,192.168.1.1/24,1
20201020025507,10.20.30.2/16,-
20201020025508,192.168.1.2/24,59
20201020025509,10.20.30.1/16,3
20201020025510,192.168.1.2/24,-
20201020025512,10.77.1.1/24,8
20201020025513,10.20.30.1/16,2
20201020025514,192.168.1.2/24,6
20201020025515,10.20.30.2/16,-
20201020025516,10.77.1.2/24,8
20201020025517,10.77.1.1/24,14
20201020025519,10.20.30.1/16,7
20201020025520,10.77.1.2/24,4
20201020025521,192.168.1.1/24,-
20201020025522,192.168.1.2/24,57
20201020025523,192.168.1.1/24,-
20201020025524,192.168.1.2/24,7
20201020025525,10.77.1.2/24,9
20201020025526,10.77.1.2/24,75
20201020025527,192.168.1.2/24,6
20201020025528,10.77.1.2/24,5
20201020025529,10.20.30.2/16,-
20201020025530,192.168.1.2/24,19
20201020025531,10.77.1.2/24,-
20201020025532,192.168.1.1/24,8
20201020025533,192.168.1.1/24,-
20201020025534,10.20.30.2/16,34
20201020025535,10.77.1.2/24,1
20201020025536,192.168.1.1/24,7
20201020025537,10.20.30.1/16,7
20201020025538,10.77.1.2/24,-
20201020025539,10.20.30.1/16,7
20201020025540,192.168.1.2/24,7
20201020025541,192.168.1.2/24,6
20201020025542,10.20.30.1/16,-
20201020025543,10.77.1.1/24,4
20201020025544,10.77.1.1/24,2
20201020025546,10.77.1.1/24,19
20201020025548,10.20.30.2/16,-
20201020025550,10.77.1.1/24,-
20201020025552,192.168.1.1/24,6
20201020025553,10.77.1.1/24,-
20201020025554,192.168.1.2/24,-
20201020025556,10.20.30.1/16,63
20201020025557,10.20.30.2/16,5
20201020025558,10.77.1.1/24,1
20201020025559,192.168.1.2/24,6
20201020025600,192.168.1.1/24,42
20201020025601,192.168.1.2/24,8
20201020025602,10.77.1.2/24,26
20201020025603,192.168.1.2/24,9
20201020025604,192.168.1.2/24,4
20201020025605,192.168.1.2/24,30
20201020025607,192.168.1.2/24,-
20201020025608,192.168.1.1/24,7
20201020025609,10.20.30.2/16,4
20201020025611,10.20.30.1/16,23
20201020025612,10.77.1.1/24,3
20201020025613,10.77.1.1/24,1
20201020025615,10.20.30.1/16,-
20201020025616,10.77.1.2/24,9
20201020025617,192.168.1.2/24,6
20201020025618,192.168.1.1/24,-
20201020025619,192.168.1.1/24,9
20201020025621,192.168.1.2/24,9
20201020025623,192.168.1.1/24,-
20201020025624,10.20.30.1/16,58
20201020025625,10.77.1.2/24,-
20201020025626,192.168.1.1/24,3
20201020025628,192.168.1.2/24,46
20201020025630,10.77.1.1/24,17
20201020025631,192.168.1.1/24,-
20201020025632,192.168.1.1/24,4
20201020025634,10.20.30.1/16,3
20201020025635,10.77.1.1/24,-
20201020025636,10.20.30.2/16,5
20201020025637,10.77.1.2/24,6
20201020025639,192.168.1.2/24,9
20201020025641,10.77.1.2/24,-
20201020025642,10.77.1.2/24,8
20201020025643,10.77.1.1/24,3
20201020025644,10.20.30.1/16,67
20201020025645,192.168.1.1/24,86
20201020025646,10.77.1.1/24,6
20201020025647,10.20.30.1/16,-
20201020025649,192.168.1.2/24,4
20201020025650,192.168.1.2/24,3
20201020025651,10.77.1.1/24,4
20201020025652,10.77.1.1/24,9
20201020025653,10.77.1.1/24,-
20201020025654,10.20.30.2/16,9
20201020025656,10.77.1.1/24,0
20201020025657,192.168.1.1/24,45
20201020025658,10.20.30.1/16,2
20201020025700,10.77.1.1/24,-
20201020025701,10.20.30.1/16,-
20201020025702,10.77.1.1/24,-
20201020025703,192.168.1.2/24,57
20201020025704,192.168.1.1/24,61
20201020025706,10.77.1.2/24,8
20201020025707,10.77.1.1/24,3
20201020025708,10.77.1.2/24,11
20201020025710,10.77.1.2/24,4
20201020025711,10.77.1.1/24,7
20201020025713,10.20.30.1/16,1
20201020025714,192.168.1.1/24,2
20201020025715,192.168.1.2/24,38
20201020025716,10.77.1.2/24,8
20201020025718,10.20.30.1/16,14
20201020025719,10.20.30.1/16,7
20201020025720,10.20.30.2/16,-
20201020025721,192.168.1.1/24,33
20201020025722,192.168.1.2/24,1
20201020025723,10.77.1.1/24,9
20201020025724,10.20.30.1/16,35
20201020025726,10.77.1.2/24,50
20201020025727,192.168.1.2/24,7
20201020025728,10.77.1.1/24,4
20201020025729,10.20.30.2/16,4
20201020025730,10.77.1.1/24,6
20201020025731,10.77.1.2/24,56
20201020025732,10.77.1.2/24,48
20201020025733,10.77.1.1/24,9
20201020025734,192.168.1.1/24,16
20201020025735,10.20.30.2/16,7
20201020025736,10.77.1.2/24,1
20201020025737,10.20.30.1/16,6
20201020025738,10.77.1.1/24,70
20201020025739,10.77.1.1/24,3
20201020025740,192.168.1.1/24,24
20201020025741,10.20.30.2/16,-
20201020025742,10.77.1.1/24,5
20201020025743,192.168.1.1/24,1
20201020025744,192.168.1.2/24,9
20201020025745,10.20.30.2/16,32
20201020025746,10.77.1.2/24,-
20201020025748,192.168.1.2/24,57
20201020025749,192.168.1.2/24,66
20201020025751,10.77.1.2/24,-
20201020025752,192.168.1.2/24,5
20201020025754,192.168.1.1/24,3
20201020025756,192.168.1.1/24,8
20201020025757,192.168.1.2/24,7
20201020025759,10.77.1.1/24,31
20201020025800,10.77.1.1/24,2
20201020025801,10.20.30.2/16,20
20201020025802,10.77.1.2/24,-
20201020025803,192.168.1.2/24,-
20201020025804,10.77.1.2/24,4
20201020025805,10.77.1.1/24,4
20201020025806,10.20.30.2/16,15
20201020025807,192.168.1.1/24,-
20201020025808,10.20.30.2/16,6
20201020025809,192.168.1.1/24,-
20201020025810,10.77.1.2/24,9
20201020025811,192.168.1.2/24,6
20201020025812,10.20.30.2/16,8
20201020025813,10.77.1.2/24,-
20201020025814,192.168.1.1/24,9
20201020025816,192.168.1.2/24,5
20201020025817,10.77.1.2/24,1
20201020025819,10.20.30.2/16,4
20201020025820,10.77.1.1/24,4
20201020025821,10.20.30.1/16,9
20201020025823,192.168.1.2/24,5
20201020025824,192.168.1.2/24,7
20201020025825,192.168.1.1/24,6
20201020025827,192.168.1.2/24,-
20201020025829,10.20.30.2/16,6
20201020025830,10.77.1.2/24,3
20201020025831,10.20.30.1/16,-
20201020025832,10.77.1.2/24,2
20201020025833,10.77.1.1/24,6
20201020025835,192.168.1.2/24,7
20201020025836,10.77.1.2/24,57
20201020025837,10.20.30.2/16,8
20201020025838,10.77.1.1/24,8
20201020025839,10.20.30.2/16,-
20201020025841,10.77.1.2/24,4
20201020025842,10.20.30.1/16,4
20201020025843,10.77.1.2/24,15
20201020025845,10.20.30.1/16,6
20201020025847,10.77.1.1/24,2
20201020025848,10.77.1.1/24,99
20201020025849,10.20.30.1/16,2
20201020025850,192.168.1.1/24,-
20201020025852,10.20.30.2/16,19
20201020025853,192.168.1.2/24,15
20201020025854,10.20.30.2/16,10
20201020025855,10.77.1.2/24,3
20201020025857,10.77.1.1/24,6
20201020025858,10.20.30.2/16,6
20201020025859,10.77.1.2/24,3
20201020025900,10.77.1.2/24,-
20201020025901,10.20.30.2/16,2
20201020025902,10.20.30.2/16,7
20201020025903,10.77.1.2/24,-
20201020025904,10.77.1.1/24,8
20201020025905,192.168.1.1/24,4
20201020025906,10.77.1.2/24,17
20201020025907,10.20.30.1/16,36
20201020025908,10.77.1.2/24,-
20201020025909,10.77.1.1/24,28
20201020025910,10.77.1.2/24,6
20201020025911,10.20.30.1/16,8
20201020025913,192.168.1.1/24,6
20201020025914,10.77.1.2/24,4
20201020025915,192.168.1.2/24,3
20201020025916,10.77.1.1/24,52
20201020025917,192.168.1.2/24,5
20201020025918,10.20.30.1/16,8
20201020025919,10.20.30.2/16,10
20201020025920,192.168.1.2/24,6
20201020025921,192.168.1.2/24,5
20201020025922,10.77.1.1/24,9
20201020025923,10.20.30.1/16,7
20201020025924,10.20.30.1/16,6
20201020025925,10.20.30.2/16,5
20201020025926,192.168.1.2/24,9
20201020025927,10.77.1.2/24,14
20201020025928,192.168.1.2/24,9
20201020025929,10.77.1.2/24,-
20201020025931,192.168.1.1/24,-
20201020025932,192.168.1.2/24,1
20201020025934,10.77.1.1/24,1
20201020025935,10.20.30.2/16,-
20201020025936,10.77.1.1/24,-
20201020025938,192.168.1.1/24,6
20201020025939,10.20.30.2/16,-
20201020025940,192.168.1.2/24,2
20201020025941,10.20.30.1/16,4
20201020025942,10.20.30.2/16,2
20201020025943,192.168.1.1/24,47
20201020025945,192.168.1.2/24,-
20201020025946,192.168.1.2/24,-
20201020025947,10.77.1.2/24,7
20201020025948,192.168.1.1/24,4
20201020025950,10.20.30.1/16,-
20201020025952,10.77.1.1/24,7
20201020025953,10.77.1.1/24,87
20201020025955,192.168.1.1/24,73
20201020025957,10.77.1.2/24,-
20201020025958,10.77.1.2/24,8
20201020025959,192.168.1.2/24,-
20201020030000,192.168.1.2/24,69
20201020030002,10.20.30.1/16,58
20201020030004,10.20.30.2/16,48
20201020030006,10.20.30.2/16,62
20201020030007,10.20.30.1/16,8
20201020030008,10.77.1.2/24,4
20201020030009,192.168.1.2/24,2
20201020030010,192.168.1.1/24,3
20201020030011,192.168.1.2/24,2
20201020030012,192.168.1.2/24,-
20201020030013,10.20.30.1/16,8
20201020030015,10.77.1.2/24,5
20201020030016,192.168.1.1/24,6
20201020030017,10.20.30.2/16,12
20201020030018,10.20.30.1/16,-
20201020030019,10.20.30.1/16,1
20201020030020,10.20.30.1/16,5
20201020030021,192.168.1.1/24,2
20201020030023,10.77.1.1/24,90
20201020030024,10.20.30.2/16,7
20201020030025,192.168.1.2/24,4
20201020030026,192.168.1.1/24,5
20201020030027,10.77.1.2/24,6
20201020030028,10.20.30.1/16,3
20201020030029,192.168.1.1/24,-
20201020030030,10.20.30.1/16,-
20201020030031,192.168.1.1/24,5
20201020030032,10.77.1.2/24,-
20201020030033,10.20.30.1/16,6
20201020030034,192.168.1.2/24,5
20201020030035,10.20.30.2/16,1
20201020030036,192.168.1.1/24,4
20201020030038,10.77.1.1/24,-
20201020030039,192.168.1.2/24,5
20201020030040,10.20.30.1/16,-
20201020030041,192.168.1.1/24,3
20201020030043,192.168.1.1/24,1
20201020030045,10.77.1.2/24,1
20201020030046,10.20.30.1/16,11
20201020030047,192.168.1.2/24,-
20201020030049,10.20.30.2/16,3
20201020030050,10.77.1.1/24,31
20201020030051,192.168.1.2/24,4
20201020030052,10.20.30.1/16,5
20201020030053,10.77.1.2/24,5
20201020030055,10.77.1.2/24,1
20201020030056,192.168.1.1/24,7
20201020030057,10.77.1.2/24,81
20201020030058,10.20.30.2/16,-
20201020030059,10.77.1.2/24,11
20201020030100,10.20.30.1/16,8
20201020030101,10.77.1.1/24,-
20201020030102,10.20.30.2/16,4
20201020030104,192.168.1.2/24,1
20201020030105,10.77.1.2/24,72
20201020030106,10.20.30.2/16,8
20201020030107,192.168.1.2/24,7
20201020030108,192.168.1.2/24,1
20201020030110,10.20.30.2/16,8
20201020030111,192.168.1.1/24,6
20201020030113,192.168.1.2/24,3
20201020030114,10.77.1.1/24,5
20201020030116,192.168.1.1/24,7
20201020030117,192.168.1.1/24,8
20201020030118,10.20.30.1/16,-
20201020030119,10.77.1.1/24,10
20201020030120,10.77.1.2/24,4
20201020030121,10.77.1.1/24,-
20201020030122,192.168.1.2/24,8
20201020030123,192.168.1.1/24,3
20201020030124,192.168.1.2/24,56
20201020030125,10.20.30.2/16,50
20201020030127,10.77.1.1/24,6
20201020030128,192.168.1.1/24,-
20201020030129,10.77.1.2/24,9
20201020030130,10.20.30.1/16,6
20201020030132,10.77.1.1/24,2
20201020030133,10.77.1.2/24,4
20201020030134,192.168.1.2/24,11
20201020030135,192.168.1.2/24,9
20201020030136,192.168.1.1/24,3
20201020030137,10.77.1.2/24,9
20201020030138,192.168.1.1/24,14
20201020030139,10.77.1.1/24,-
20201020030140,10.20.30.2/16,-
20201020030141,10.20.30.1/16,9
20201020030142,10.20.30.1/16,-
20201020030143,10.77.1.2/24,-
20201020030144,10.77.1.1/24,36
20201020030145,192.168.1.2/24,4
20201020030146,192.168.1.1/24,9
20201020030147,192.168.1.1/24,2
20201020030148,10.20.30.2/16,78
20201020030149,10.77.1.1/24,-
20201020030150,10.77.1.1/24,-
20201020030151,10.20.30.1/16,3
20201020030152,10.20.30.1/16,56
20201020030154,10.77.1.2/24,2
20201020030155,192.168.1.2/24,8
20201020030156,10.77.1.1/24,8
20201020030157,192.168.1.2/24,7
20201020030159,10.77.1.2/24,7
20201020030200,10.20.30.2/16,14
20201020030202,192.168.1.2/24,16
20201020030204,192.168.1.1/24,6
20201020030205,192.168.1.1/24,1
20201020030206,10.77.1.1/24,59
20201020030208,192.168.1.2/24,26
20201020030209,192.168.1.2/24,4
20201020030210,10.77.1.2/24,8
20201020030211,10.20.30.1/16,4
20201020030212,192.168.1.1/24,73
20201020030213,10.20.30.1/16,7
20201020030214,10.20.30.1/16,-
20201020030215,10.20.30.1/16,9
20201020030216,192.168.1.2/24,-
20201020030218,192.168.1.2/24,96
20201020030220,10.77.1.2/24,-
20201020030221,10.77.1.2/24,1
20201020030222,10.77.1.2/24,-
20201020030223,10.77.1.2/24,60
20201020030224,192.168.1.2/24,5
20201020030225,192.168.1.2/24,78
20201020030226,192.168.1.1/24,52
20201020030227,10.77.1.1/24,10
20201020030228,10.77.1.2/24,3
20201020030229,10.20.30.2/16,3
20201020030230,192.168.1.1/24,7
20201020030231,10.77.1.1/24,5
20201020030232,10.77.1.1/24,8
20201020030233,10.77.1.1/24,-
20201020030234,10.77.1.2/24,9
20201020030235,10.77.1.2/24,9
20201020030236,10.77.1.2/24,3
20201020030237,192.168.1.2/24,3
20201020030239,10.77.1.1/24,1
20201020030240,192.168.1.1/24,24
20201020030242,10.20.30.2/16,9
20201020030243,10.20.30.1/16,2
20201020030245,10.77.1.2/24,10
20201020030246,10.77.1.2/24,-
20201020030247,10.20.30.1/16,-
20201020030248,192.168.1.1/24,3
20201020030249,10.20.30.1/16,5
20201020030250,192.168.1.1/24,3
20201020030251,10.20.30.1/16,9
20201020030253,10.77.1.1/24,-
20201020030254,10.20.30.2/16,9
20201020030255,10.77.1.1/24,6
20201020030256,10.20.30.2/16,15
20201020030257,10.20.30.1/16,-
20201020030259,10.20.30.2/16,-
20201020030300,10.20.30.2/16,78
20201020030301,192.168.1.1/24,52
20201020030303,10.20.30.1/16,3
20201020030304,192.168.1.2/24,5
20201020030306,192.168.1.2/24,-
20201020030307,10.77.1.1/24,7
20201020030308,192.168.1.1/24,70
20201020030309,10.77.1.2/24,11
20201020030310,10.20.30.2/16,-
20201020030311,10.77.1.2/24,2
20201020030312,10.20.30.1/16,6
20201020030313,10.77.1.2/24,4
20201020030314,10.20.30.2/16,9
20201020030315,192.168.1.2/24,3
20201020030316,10.77.1.2/24,-
20201020030317,10.77.1.2/24,5
20201020030318,10.20.30.1/16,7
20201020030320,10.77.1.1/24,30
20201020030321,10.77.1.1/24,23
20201020030322,10.77.1.2/24,8
20201020030323,192.168.1.1/24,4
20201020030324,192.168.1.1/24,18
20201020030325,192.168.1.2/24,62
20201020030327,10.77.1.1/24,2
20201020030328,192.168.1.1/24,4
20201020030329,10.20.30.1/16,9
20201020030330,10.20.30.2/16,3
20201020030332,10.20.30.1/16,9
20201020030333,10.77.1.2/24,6
20201020030334,10.77.1.1/24,85
20201020030335,10.20.30.1/16,6
20201020030336,10.20.30.2/16,3
20201020030337,10.77.1.2/24,-
20201020030338,10.77.1.2/24,1
20201020030339,192.168.1.1/24,-
20201020030340,192.168.1.2/24,5
20201020030341,10.20.30.2/16,33
20201020030343,10.77.1.1/24,9
20201020030344,10.20.30.1/16,-
20201020030345,10.77.1.2/24,-
20201020030346,192.168.1.2/24,2
20201020030347,10.20.30.1/16,5
20201020030348,192.168.1.2/24,2
20201020030350,192.168.1.1/24,-
20201020030351,10.20.30.1/16,6
20201020030352,10.77.1.1/24,2
20201020030353,10.20.30.1/16,8
20201020030354,10.20.30.2/16,6
20201020030355,10.77.1.1/24,91
20201020030356,10.20.30.2/16,-
20201020030357,10.77.1.1/24,2
20201020030359,192.168.1.2/24,7
20201020030400,192.168.1.1/24,-
20201020030401,10.77.1.1/24,42
20201020030402,192.168.1.1/24,69
20201020030403,10.77.1.1/24,88
20201020030405,10.77.1.2/24,2
20201020030406,10.77.1.2/24,-
20201020030408,10.77.1.1/24,9
20201020030410,10.20.30.2/16,7
20201020030411,10.20.30.1/16,-
20201020030412,10.77.1.2/24,5
20201020030413,10.20.30.2/16,-
20201020030414,10.77.1.1/24,9
20201020030415,192.168.1.2/24,2
20201020030417,192.168.1.2/24,53
20201020030418,192.168.1.2/24,8
20201020030419,10.20.30.1/16,-
20201020030420,10.77.1.1/24,6
20201020030421,10.77.1.1/24,19
20201020030422,192.168.1.2/24,3
20201020030424,10.77.1.2/24,6
20201020030425,10.20.30.2/16,1
20201020030426,10.77.1.2/24,-
20201020030427,192.168.1.1/24,8
20201020030428,192.168.1.2/24,6
20201020030429,10.20.30.2/16,4
20201020030430,192.168.1.1/24,-
20201020030431,192.168.1.1/24,2
20201020030432,10.77.1.2/24,78
20201020030434,10.77.1.2/24,37
20201020030435,192.168.1.2/24,-
20201020030436,10.20.30.2/16,18
20201020030437,10.77.1.1/24,9
20201020030438,10.77.1.1/24,8
20201020030439,10.20.30.1/16,9
20201020030440,192.168.1.2/24,2
20201020030441,192.168.1.2/24,27
20201020030442,192.168.1.1/24,-
20201020030444,192.168.1.2/24,9
20201020030445,192.168.1.2/24,1
20201020030446,10.77.1.2/24,1
20201020030447,10.20.30.2/16,3
20201020030449,10.77.1.1/24,3
20201020030450,10.20.30.2/16,-
20201020030451,10.20.30.2/16,-
20201020030452,10.20.30.2/16,-
20201020030454,10.20.30.2/16,-
20201020030456,10.20.30.1/16,4
20201020030457,192.168.1.2/24,4
20201020030458,10.77.1.2/24,76
20201020030459,10.77.1.1/24,8
20201020030500,10.20.30.2/16,74
20201020030501,10.77.1.1/24,7
20201020030502,192.168.1.1/24,8
20201020030504,192.168.1.1/24,-
20201020030506,10.77.1.1/24,-
20201020030508,10.77.1.1/24,7
20201020030509,192.168.1.2/24,6
20201020030510,192.168.1.1/24,13
20201020030511,10.77.1.2/24,6
20201020030512,192.168.1.1/24,5
20201020030514,10.77.1.1/24,-
20201020030515,192.168.1.1/24,-
20201020030516,10.77.1.2/24,59
20201020030517,10.20.30.1/16,5
20201020030518,10.20.30.2/16,26
20201020030519,10.77.1.1/24,1
20201020030520,10.20.30.2/16,6
20201020030521,192.168.1.2/24,38
20201020030522,10.77.1.1/24,66
20201020030523,10.77.1.2/24,7
20201020030524,10.77.1.2/24,2
20201020030525,10.77.1.1/24,-
20201020030526,10.77.1.2/24,18
20201020030527,10.20.30.2/16,5
20201020030528,10.77.1.1/24,67
20201020030529,10.77.1.2/24,4
20201020030530,192.168.1.1/24,-
20201020030532,10.20.30.1/16,1
20201020030533,192.168.1.1/24,10
20201020030535,10.77.1.2/24,4
20201020030536,192.168.1.1/24,24
20201020030537,10.77.1.2/24,9
20201020030539,10.77.1.1/24,8
20201020030540,192.168.1.2/24,61
20201020030541,192.168.1.1/24,2
20201020030542,10.20.30.2/16,-
20201020030543,10.20.30.2/16,5
20201020030544,192.168.1.1/24,76
20201020030545,192.168.1.1/24,29
20201020030546,10.77.1.2/24,-
20201020030547,192.168.1.1/24,2
20201020030548,10.77.1.1/24,4
20201020030549,10.20.30.1/16,1
20201020030550,192.168.1.1/24,5
20201020030551,10.20.30.2/16,98
20201020030552,10.77.1.2/24,5
20201020030554,192.168.1.2/24,-
20201020030555,192.168.1.1/24,4
20201020030556,10.20.30.2/16,-
20201020030558,10.77.1.1/24,7
20201020030559,10.77.1.2/24,96
20201020030601,192.168.1.2/24,6
20201020030602,10.20.30.2/16,9
20201020030603,192.168.1.1/24,-
20201020030604,10.77.1.2/24,-
20201020030606,10.20.30.1/16,9
20201020030607,10.77.1.1/24,1
20201020030608,10.77.1.1/24,6
20201020030609,10.20.30.2/16,8
20201020030610,10.77.1.1/24,-
20201020030612,192.168.1.1/24,10
20201020030613,10.20.30.1/16,-
20201020030614,10.20.30.2/16,8
20201020030616,10.20.30.2/16,8
20201020030617,192.168.1.1/24,1
20201020030618,10.77.1.1/24,6
20201020030620,10.77.1.2/24,62
20201020030622,10.20.30.1/16,-
20201020030623,192.168.1.1/24,65
20201020030625,192.168.1.1/24,11
20201020030626,10.77.1.2/24,5
20201020030627,192.168.1.1/24,4
20201020030628,192.168.1.2/24,-
20201020030629,192.168.1.2/24,18
20201020030630,10.77.1.1/24,2
20201020030631,10.77.1.1/24,4
20201020030632,10.20.30.1/16,8
20201020030634,10.20.30.1/16,79
20201020030636,10.77.1.2/24,10
20201020030637,10.77.1.1/24,11
20201020030638,10.20.30.1/16,20
20201020030639,10.20.30.2/16,51
20201020030640,192.168.1.2/24,5
20201020030641,192.168.1.1/24,7
20201020030643,10.77.1.2/24,5
20201020030644,10.20.30.1/16,10
20201020030645,10.20.30.2/16,9
20201020030646,10.77.1.2/24,3
20201020030647,10.77.1.1/24,6
20201020030648,10.20.30.1/16,-
20201020030649,10.77.1.2/24,5
20201020030650,10.20.30.2/16,58
20201020030651,10.20.30.2/16,-
20201020030652,10.77.1.2/24,1
20201020030653,10.20.30.1/16,6
20201020030654,192.168.1.1/24,8
20201020030655,10.20.30.2/16,6
20201020030656,192.168.1.2/24,6
20201020030657,10.77.1.2/24,2
20201020030658,10.77.1.1/24,84
20201020030659,10.77.1.1/24,1
20201020030700,10.20.30.1/16,4
20201020030701,192.168.1.1/24,3
20201020030703,10.77.1.2/24,-
20201020030705,10.77.1.2/24,5
20201020030706,10.77.1.1/24,5
20201020030707,10.77.1.1/24,9
20201020030708,10.20.30.1/16,9
20201020030709,10.77.1.1/24,-
20201020030710,192.168.1.1/24,-
20201020030711,192.168.1.1/24,2
20201020030712,10.20.30.1/16,5
20201020030713,10.77.1.2/24,6
20201020030714,10.77.1.2/24,1
20201020030715,10.20.30.2/16,3
20201020030716,192.168.1.1/24,16
20201020030717,10.20.30.1/16,-
20201020030718,10.77.1.1/24,83
20201020030719,10.20.30.2/16,7
20201020030720,10.77.1.2/24,1
20201020030722,192.168.1.2/24,3
20201020030723,192.168.1.1/24,3
20201020030724,10.20.30.1/16,7
20201020030725,10.20.30.2/16,47
20201020030726,192.168.1.2/24,-
20201020030727,192.168.1.1/24,9
20201020030729,192.168.1.2/24,-
20201020030730,10.20.30.2/16,-
20201020030731,10.77.1.1/24,79
20201020030732,10.20.30.1/16,-
20201020030733,10.77.1.1/24,9
20201020030734,10.20.30.1/16,3
20201020030735,192.168.1.2/24,6
20201020030736,192.168.1.1/24,50
20201020030737,192.168.1.1/24,-
20201020030738,192.168.1.2/24,39
20201020030739,10.20.30.1/16,-
20201020030740,10.77.1.1/24,8
20201020030741,192.168.1.2/24,92
20201020030742,10.20.30.2/16,1
20201020030743,10.20.30.1/16,9
20201020030745,10.77.1.1/24,35
20201020030747,10.77.1.1/24,95
20201020030748,10.77.1.2/24,2
20201020030749,10.20.30.2/16,10
20201020030750,10.20.30.1/16,5
20201020030751,192.168.1.1/24,9
20201020030752,192.168.1.2/24,9
20201020030753,192.168.1.1/24,4
20201020030754,10.77.1.2/24,3
20201020030755,10.77.1.1/24,4
20201020030757,10.77.1.1/24,71
20201020030759,10.20.30.1/16,2
20201020030801,192.168.1.2/24,2
20201020030802,10.20.30.1/16,2
20201020030803,10.77.1.2/24,5
20201020030805,10.77.1.1/24,18
20201020030806,10.77.1.1/24,-
20201020030807,192.168.1.1/24,7
20201020030809,10.77.1.2/24,8
20201020030810,10.20.30.2/16,98
20201020030811,192.168.1.2/24,5
20201020030812,10.77.1.1/24,21
20201020030813,10.20.30.2/16,15
20201020030814,192.168.1.2/24,27
20201020030815,10.77.1.1/24,9
20201020030817,10.20.30.2/16,1
20201020030818,192.168.1.2/24,33
20201020030819,192.168.1.1/24,2
20201020030821,10.20.30.1/16,94
20201020030822,10.20.30.1/16,2
20201020030824,192.168.1.1/24,-
20201020030825,10.77.1.2/24,-
20201020030826,10.20.30.1/16,-
20201020030828,10.77.1.1/24,1
20201020030829,192.168.1.2/24,15
20201020030830,10.77.1.2/24,7
20201020030831,192.168.1.2/24,-
20201020030832,10.20.30.2/16,-
20201020030833,10.20.30.2/16,5
20201020030835,10.20.30.2/16,-
20201020030836,10.77.1.2/24,-
20201020030837,192.168.1.1/24,-
20201020030838,10.77.1.2/24,6
20201020030839,10.20.30.1/16,7
20201020030840,192.168.1.1/24,-
20201020030842,10.20.30.2/16,2
20201020030843,10.77.1.1/24,2
20201020030845,192.168.1.2/24,4
20201020030847,10.20.30.2/16,-
20201020030848,10.20.30.2/16,35
20201020030849,10.20.30.2/16,14
20201020030850,192.168.1.1/24,11
20201020030851,10.77.1.1/24,1
20201020030852,192.168.1.2/24,8
20201020030853,10.20.30.2/16,-
20201020030855,10.77.1.1/24,26
20201020030856,192.168.1.1/24,-
20201020030857,10.77.1.2/24,-
20201020030859,10.20.30.2/16,5
20201020030900,192.168.1.1/24,-
20201020030901,10.77.1.2/24,4
20201020030902,10.77.1.2/24,4
20201020030903,192.168.1.2/24,6
20201020030904,192.168.1.1/24,6
20201020030905,10.77.1.2/24,9
20201020030906,10.77.1.2/24,1
20201020030907,192.168.1.1/24,7
20201020030908,10.77.1.1/24,-
20201020030910,10.77.1.2/24,9
20201020030911,192.168.1.1/24,7
20201020030912,10.77.1.1/24,5
20201020030913,10.20.30.2/16,7
20201020030914,10.20.30.2/16,8
20201020030915,192.168.1.1/24,2
20201020030916,192.168.1.2/24,3
20201020030917,10.77.1.2/24,5
20201020030918,192.168.1.1/24,-
20201020030919,10.77.1.2/24,9
20201020030920,192.168.1.1/24,-
20201020030921,192.168.1.1/24,-
20201020030922,10.77.1.1/24,3
20201020030923,10.20.30.2/16,3
20201020030924,10.77.1.1/24,8
20201020030925,10.77.1.2/24,5
20201020030927,192.168.1.1/24,49
20201020030928,192.168.1.2/24,-
20201020030929,192.168.1.1/24,6
20201020030930,10.20.30.1/16,6
20201020030932,10.77.1.2/24,60
20201020030933,10.77.1.2/24,-
20201020030934,10.20.30.1/16,-
20201020030935,192.168.1.1/24,-
20201020030937,10.77.1.1/24,-
20201020030939,10.20.30.1/16,-
20201020030940,10.20.30.2/16,9
20201020030941,10.77.1.2/24,6
20201020030942,10.77.1.2/24,-
20201020030943,10.77.1.2/24,7
20201020030944,10.77.1.1/24,56
20201020030945,10.20.30.2/16,-
20201020030946,192.168.1.2/24,-
20201020030947,10.77.1.2/24,5
20201020030948,10.20.30.1/16,9
20201020030949,10.77.1.1/24,7
20201020030950,192.168.1.1/24,4
20201020030952,10.77.1.1/24,9
20201020030953,10.77.1.1/24,18
20201020030954,192.168.1.1/24,17
20201020030955,192.168.1.2/24,4
20201020030956,10.77.1.1/24,2
20201020030958,192.168.1.1/24,8
20201020030959,10.20.30.1/16,7
20201020031001,10.20.30.1/16,37
20201020031002,10.77.1.1/24,9
20201020031004,10.20.30.1/16,98
20201020031005,10.20.30.2/16,4
20201020031006,192.168.1.1/24,-
20201020031007,10.77.1.1/24,5
20201020031008,192.168.1.1/24,7
20201020031009,192.168.1.2/24,30
20201020031010,10.20.30.2/16,8
20201020031011,192.168.1.2/24,2
20201020031012,10.20.30.1/16,7
20201020031013,192.168.1.2/24,-
20201020031014,10.77.1.2/24,10
20201020031016,192.168.1.1/24,1
20201020031017,192.168.1.2/24,12
20201020031019,10.20.30.1/16,14
20201020031020,10.20.30.1/16,2
20201020031022,192.168.1.2/24,6
20201020031023,192.168.1.1/24,-
20201020031024,10.20.30.1/16,7
20201020031026,192.168.1.2/24,7
20201020031028,192.168.1.2/24,8
20201020031029,192.168.1.1/24,7
20201020031030,192.168.1.1/24,1
20201020031032,10.20.30.2/16,81
20201020031033,192.168.1.2/24,4
20201020031034,192.168.1.1/24,66
20201020031035,10.77.1.2/24,9
20201020031036,10.20.30.2/16,5
20201020031037,10.20.30.2/16,-
20201020031038,192.168.1.1/24,5
20201020031039,10.77.1.1/24,10
20201020031040,192.168.1.2/24,8
20201020031041,10.20.30.1/16,1
20201020031042,192.168.1.1/24,76
20201020031043,10.77.1.2/24,-
20201020031045,10.20.30.1/16,6
20201020031047,192.168.1.1/24,1
20201020031048,192.168.1.2/24,-
20201020031049,192.168.1.1/24,9
20201020031050,10.77.1.1/24,17
20201020031051,10.77.1.1/24,54
20201020031052,10.20.30.2/16,12
20201020031054,192.168.1.1/24,53
20201020031055,10.20.30.2/16,28
20201020031056,10.77.1.2/24,60
20201020031058,10.20.30.2/16,5
20201020031059,192.168.1.2/24,-
20201020031100,192.168.1.1/24,2
20201020031101,192.168.1.1/24,4
20201020031102,10.77.1.1/24,3
20201020031103,10.20.30.1/16,3
20201020031104,10.20.30.1/16,3
20201020031105,192.168.1.2/24,6
20201020031106,10.77.1.2/24,5
20201020031107,192.168.1.1/24,-
20201020031108,10.20.30.2/16,5
20201020031109,10.77.1.2/24,9
20201020031110,192.168.1.1/24,48
20201020031111,10.20.30.1/16,6
20201020031112,10.77.1.2/24,4
20201020031113,10.20.30.2/16,-
20201020031114,192.168.1.1/24,49
20201020031116,192.168.1.2/24,7
20201020031117,192.168.1.1/24,7
20201020031118,10.20.30.2/16,-
20201020031119,192.168.1.1/24,-
20201020031120,10.20.30.2/16,6
20201020031121,10.20.30.1/16,64
20201020031123,192.168.1.2/24,1
20201020031124,192.168.1.2/24,-
20201020031125,10.20.30.2/16,7
20201020031127,10.20.30.2/16,15
20201020031128,192.168.1.1/24,16
20201020031130,192.168.1.2/24,16
20201020031131,10.77.1.2/24,7
20201020031132,10.77.1.2/24,-
20201020031133,10.77.1.1/24,-
20201020031134,192.168.1.2/24,12
20201020031135,192.168.1.1/24,-
20201020031137,10.20.30.1/16,1
20201020031139,10.20.30.2/16,73
20201020031140,10.20.30.2/16,2
20201020031141,192.168.1.1/24,7
20201020031142,10.20.30.2/16,4
20201020031143,10.77.1.1/24,21
20201020031144,192.168.1.1/24,15
20201020031145,192.168.1.2/24,98
20201020031147,10.20.30.2/16,-
20201020031148,192.168.1.2/24,79
20201020031149,10.77.1.1/24,6
20201020031150,10.20.30.1/16,11
20201020031151,192.168.1.1/24,3
20201020031152,10.77.1.1/24,3
20201020031153,10.20.30.2/16,7
20201020031155,10.77.1.1/24,1
20201020031156,192.168.1.2/24,12
20201020031158,192.168.1.1/24,3
20201020031159,10.77.1.1/24,-
20201020031201,10.20.30.2/16,3
20201020031202,10.20.30.2/16,-
20201020031203,10.20.30.1/16,29
20201020031204,10.77.1.1/24,9
20201020031206,192.168.1.2/24,4
20201020031207,10.77.1.1/24,-
20201020031208,10.77.1.2/24,80
20201020031210,10.77.1.1/24,1
20201020031212,10.20.30.1/16,2
20201020031213,192.168.1.1/24,6
20201020031214,10.77.1.1/24,1
20201020031216,10.77.1.2/24,-
20201020031217,192.168.1.2/24,9
20201020031218,10.20.30.1/16,2
20201020031219,10.77.1.1/24,-
20201020031220,10.77.1.2/24,4
20201020031221,10.77.1.2/24,22
20201020031222,192.168.1.2/24,1
20201020031224,10.77.1.2/24,-
20201020031225,10.77.1.1/24,7
20201020031226,192.168.1.1/24,-
20201020031227,192.168.1.2/24,18
20201020031229,192.168.1.1/24,13
20201020031230,192.168.1.2/24,-
20201020031231,192.168.1.2/24,5
20201020031232,10.20.30.1/16,20
20201020031233,192.168.1.2/24,-
20201020031234,10.77.1.2/24,5
20201020031235,10.77.1.1/24,2
20201020031236,192.168.1.2/24,1
20201020031237,192.168.1.1/24,7
20201020031238,10.20.30.1/16,-
20201020031239,10.77.1.1/24,7
20201020031240,192.168.1.1/24,2
20201020031241,10.77.1.2/24,-
20201020031242,10.77.1.1/24,-
20201020031243,10.20.30.1/16,-
20201020031244,10.77.1.1/24,-
20201020031245,192.168.1.1/24,5
20201020031247,10.20.30.2/16,49
20201020031248,192.168.1.1/24,1
20201020031249,10.77.1.2/24,5
20201020031250,10.77.1.1/24,5
20201020031251,10.77.1.1/24,61
20201020031253,192.168.1.2/24,8
20201020031254,10.77.1.1/24,3
20201020031255,10.77.1.2/24,6
20201020031256,192.168.1.2/24,4
20201020031257,10.20.30.2/16,88
20201020031258,10.20.30.1/16,-
20201020031259,10.77.1.1/24,-
20201020031300,10.20.30.1/16,6
20201020031301,10.20.30.2/16,9
20201020031302,10.20.30.2/16,7
20201020031303,192.168.1.1/24,8
20201020031304,10.20.30.2/16,-
20201020031305,10.20.30.2/16,14
20201020031306,10.77.1.2/24,-
20201020031307,192.168.1.1/24,3
20201020031308,10.20.30.2/16,1
20201020031310,192.168.1.1/24,-
20201020031311,192.168.1.1/24,6
20201020031312,10.77.1.1/24,59
20201020031314,192.168.1.2/24,26
20201020031316,10.20.30.1/16,3
20201020031317,192.168.1.1/24,41
20201020031319,10.77.1.1/24,73
20201020031320,10.77.1.2/24,56
20201020031321,10.77.1.1/24,19
20201020031322,192.168.1.1/24,7
20201020031323,10.77.1.1/24,2
20201020031324,192.168.1.2/24,4
20201020031325,10.77.1.1/24,8
20201020031327,10.77.1.2/24,5
20201020031328,10.20.30.2/16,-
20201020031329,10.77.1.2/24,3
20201020031330,10.77.1.2/24,14
20201020031331,10.20.30.2/16,2
20201020031332,10.77.1.1/24,9
20201020031333,192.168.1.2/24,55
20201020031334,10.20.30.1/16,2
20201020031335,192.168.1.1/24,8
20201020031337,10.77.1.2/24,6
20201020031338,10.77.1.1/24,2
20201020031339,10.20.30.2/16,9
20201020031340,192.168.1.1/24,-
20201020031341,192.168.1.1/24,6
20201020031342,10.20.30.2/16,-
20201020031343,10.77.1.2/24,1
20201020031345,192.168.1.1/24,-
20201020031346,192.168.1.1/24,3
20201020031347,192.168.1.2/24,2
20201020031348,192.168.1.2/24,-
20201020031349,10.77.1.1/24,2
20201020031350,192.168.1.2/24,3
20201020031351,10.20.30.1/16,13
20201020031352,192.168.1.1/24,2
20201020031354,192.168.1.1/24,-
20201020031355,10.20.30.2/16,18
20201020031356,10.20.30.1/16,8
20201020031358,10.20.30.2/16,6
20201020031400,192.168.1.1/24,-
20201020031402,10.20.30.2/16,4
20201020031403,10.77.1.2/24,91
20201020031404,10.20.30.1/16,27
20201020031406,192.168.1.2/24,-
20201020031407,192.168.1.1/24,6
20201020031408,10.77.1.1/24,8
20201020031409,10.77.1.2/24,3
20201020031410,10.77.1.2/24,25
20201020031411,192.168.1.1/24,-
20201020031412,10.20.30.1/16,27
20201020031413,10.20.30.2/16,2
20201020031414,10.20.30.1/16,2
20201020031416,10.20.30.2/16,5
20201020031417,10.77.1.1/24,44
20201020031419,192.168.1.1/24,20
20201020031420,10.20.30.2/16,-
20201020031422,10.77.1.2/24,2
20201020031423,10.20.30.1/16,11
20201020031424,10.77.1.1/24,12
20201020031425,10.77.1.1/24,3
20201020031426,192.168.1.1/24,9
20201020031427,10.20.30.2/16,8
20201020031428,192.168.1.2/24,1
20201020031429,10.20.30.1/16,-
20201020031431,10.77.1.1/24,5
20201020031432,10.77.1.2/24,6
20201020031433,10.20.30.2/16,-
20201020031435,192.168.1.1/24,6
20201020031436,10.77.1.1/24,6
20201020031437,10.20.30.2/16,-
20201020031438,192.168.1.1/24,6
20201020031439,192.168.1.2/24,-
20201020031440,10.20.30.2/16,-
20201020031441,10.77.1.1/24,-
20201020031442,10.20.30.1/16,3
20201020031443,10.77.1.1/24,2
20201020031444,10.77.1.1/24,9
20201020031446,192.168.1.2/24,8
20201020031447,10.77.1.1/24,9
20201020031448,10.77.1.1/24,-
20201020031449,192.168.1.1/24,6
20201020031450,10.77.1.2/24,27
20201020031451,10.77.1.1/24,70
20201020031452,10.77.1.2/24,3
20201020031453,192.168.1.2/24,1
20201020031455,10.20.30.2/16,89
20201020031457,10.77.1.2/24,4
20201020031458,192.168.1.2/24,9
20201020031500,10.77.1.2/24,9
20201020031502,192.168.1.1/24,-
20201020031503,192.168.1.1/24,26
20201020031505,192.168.1.1/24,-
20201020031506,10.20.30.2/16,-
20201020031507,10.20.30.2/16,2
20201020031509,10.20.30.1/16,19
20201020031511,192.168.1.1/24,-
20201020031513,10.20.30.1/16,9
20201020031515,10.77.1.1/24,31
20201020031516,192.168.1.1/24,-
20201020031517,10.77.1.2/24,2
20201020031518,10.77.1.2/24,97
20201020031519,192.168.1.1/24,11
20201020031520,10.77.1.1/24,-
20201020031521,192.168.1.1/24,1
20201020031522,192.168.1.2/24,8
20201020031523,10.20.30.1/16,-
20201020031524,10.20.30.2/16,1
20201020031525,10.20.30.1/16,7
20201020031526,10.20.30.2/16,26
20201020031527,10.77.1.1/24,-
20201020031529,10.20.30.1/16,-
20201020031530,10.20.30.1/16,7
20201020031531,10.77.1.1/24,-
20201020031533,10.20.30.1/16,68
20201020031534,192.168.1.2/24,-
20201020031536,192.168.1.2/24,-
20201020031537,192.168.1.1/24,5
20201020031538,192.168.1.1/24,-
20201020031540,10.77.1.2/24,96
20201020031542,192.168.1.1/24,2
20201020031543,10.20.30.1/16,-
20201020031545,10.77.1.2/24,-
20201020031546,10.20.30.2/16,7
20201020031547,192.168.1.1/24,6
20201020031549,10.20.30.2/16,90
20201020031550,10.20.30.1/16,89
20201020031551,192.168.1.2/24,-
20201020031552,192.168.1.2/24,2
20201020031554,192.168.1.1/24,-
20201020031555,10.77.1.1/24,-
20201020031556,10.77.1.1/24,2
20201020031558,192.168.1.2/24,7
20201020031600,192.168.1.2/24,-
20201020031601,10.20.30.2/16,3
20201020031602,10.20.30.2/16,-
20201020031603,10.77.1.2/24,32
20201020031604,10.20.30.2/16,7
20201020031605,192.168.1.1/24,32
20201020031606,192.168.1.2/24,39
20201020031607,10.20.30.1/16,1
20201020031608,192.168.1.1/24,2
20201020031610,192.168.1.1/24,-
20201020031611,192.168.1.1/24,31
20201020031612,10.20.30.2/16,-
20201020031613,10.20.30.2/16,7
20201020031615,10.20.30.1/16,-
20201020031617,10.20.30.1/16,-
20201020031618,10.77.1.1/24,-
20201020031619,10.77.1.2/24,-
20201020031620,10.20.30.1/16,-
20201020031621,192.168.1.1/24,7
20201020031622,10.77.1.2/24,3
20201020031623,192.168.1.1/24,7
20201020031625,192.168.1.1/24,-
20201020031626,10.20.30.1/16,6
20201020031627,10.77.1.2/24,5
20201020031628,192.168.1.1/24,10
20201020031630,192.168.1.1/24,6
20201020031632,192.168.1.1/24,-
20201020031634,10.20.30.2/16,6
20201020031635,10.77.1.2/24,60
20201020031636,10.77.1.2/24,6
20201020031637,10.20.30.2/16,-
20201020031638,192.168.1.1/24,41
20201020031639,10.77.1.2/24,3
20201020031641,10.77.1.2/24,6
20201020031642,10.77.1.2/24,8
20201020031644,192.168.1.1/24,68
20201020031645,192.168.1.2/24,2
20201020031646,10.77.1.2/24,25
20201020031647,10.20.30.1/16,9
20201020031648,10.20.30.2/16,9
20201020031649,10.20.30.1/16,-
20201020031650,192.168.1.1/24,2
20201020031651,10.77.1.1/24,30
20201020031652,192.168.1.1/24,6
20201020031653,192.168.1.1/24,2
20201020031654,10.20.30.1/16,1
20201020031655,10.20.30.2/16,40
20201020031656,192.168.1.2/24,-
20201020031657,10.77.1.2/24,3
20201020031659,192.168.1.1/24,4
20201020031700,192.168.1.2/24,2
20201020031702,10.77.1.2/24,4
20201020031703,192.168.1.1/24,-
20201020031704,10.77.1.2/24,7
20201020031705,192.168.1.2/24,3
20201020031706,10.77.1.2/24,39
20201020031708,10.20.30.1/16,14
20201020031709,192.168.1.1/24,-
20201020031710,10.20.30.2/16,-
20201020031711,10.20.30.2/16,6
20201020031712,10.77.1.2/24,9
20201020031713,192.168.1.1/24,-
20201020031715,10.77.1.2/24,-
20201020031716,10.20.30.2/16,5
20201020031717,10.20.30.2/16,3
20201020031719,192.168.1.1/24,5
20201020031720,192.168.1.1/24,-
20201020031721,10.20.30.2/16,9
20201020031722,10.77.1.2/24,-
20201020031724,10.20.30.1/16,75
20201020031726,192.168.1.2/24,-
20201020031727,192.168.1.1/24,70
20201020031728,10.77.1.2/24,7
20201020031729,10.77.1.1/24,44
20201020031730,192.168.1.2/24,88
20201020031731,10.20.30.2/16,20
20201020031733,192.168.1.1/24,9
20201020031734,192.168.1.2/24,6
20201020031735,192.168.1.1/24,25
20201020031736,192.168.1.2/24,9
20201020031737,10.77.1.1/24,1
20201020031738,10.20.30.2/16,4
20201020031739,10.20.30.1/16,2
20201020031740,10.77.1.1/24,1
20201020031741,10.77.1.1/24,83
20201020031742,10.77.1.1/24,-
20201020031744,192.168.1.2/24,8
20201020031745,192.168.1.2/24,7
20201020031746,10.77.1.1/24,-
20201020031747,10.20.30.2/16,2
20201020031748,10.20.30.1/16,72
20201020031750,192.168.1.2/24,4
20201020031751,10.20.30.1/16,1
20201020031752,10.77.1.1/24,28
20201020031754,192.168.1.1/24,7
20201020031755,10.20.30.2/16,10
20201020031756,10.77.1.2/24,9
20201020031757,10.77.1.1/24,9
20201020031758,10.20.30.1/16,-
20201020031800,10.20.30.2/16,32
20201020031801,10.20.30.2/16,7
20201020031803,10.77.1.2/24,8
20201020031805,10.77.1.2/24,2
20201020031807,192.168.1.2/24,6
20201020031808,10.20.30.1/16,-
20201020031809,10.20.30.2/16,28
20201020031810,10.77.1.2/24,9
20201020031811,192.168.1.1/24,-
20201020031812,10.20.30.1/16,66
20201020031813,10.20.30.2/16,9
20201020031814,10.20.30.1/16,76
20201020031815,10.20.30.2/16,9
20201020031816,192.168.1.2/24,-
20201020031817,10.77.1.1/24,36
20201020031818,192.168.1.2/24,9
20201020031820,192.168.1.1/24,96
20201020031821,10.20.30.1/16,7
20201020031822,192.168.1.2/24,1
20201020031823,10.20.30.2/16,1
20201020031824,192.168.1.2/24,93
20201020031825,10.20.30.2/16,5
20201020031827,10.77.1.1/24,-
20201020031828,10.20.30.1/16,75
20201020031830,192.168.1.2/24,9
20201020031831,10.77.1.1/24,3
20201020031832,10.77.1.1/24,2
20201020031833,192.168.1.1/24,8
20201020031835,10.20.30.2/16,-
20201020031836,10.77.1.1/24,4
20201020031838,10.20.30.2/16,-
20201020031840,10.20.30.2/16,21
20201020031841,192.168.1.2/24,7
20201020031843,10.20.30.1/16,4
20201020031845,10.20.30.2/16,-
20201020031846,10.20.30.2/16,4
20201020031848,192.168.1.2/24,3
20201020031849,10.77.1.2/24,-
20201020031851,10.20.30.1/16,31
20201020031853,192.168.1.1/24,0
20201020031855,192.168.1.2/24,6
20201020031856,192.168.1.1/24,3
20201020031858,10.20.30.1/16,9
20201020031859,192.168.1.2/24,3
20201020031900,10.20.30.2/16,6
20201020031902,10.77.1.2/24,62
20201020031904,10.77.1.1/24,-
20201020031906,10.20.30.2/16,-
20201020031907,10.20.30.1/16,66
20201020031908,192.168.1.2/24,4
20201020031909,10.77.1.1/24,4
20201020031911,10.20.30.2/16,-
20201020031912,192.168.1.2/24,91
20201020031913,10.20.30.1/16,9
20201020031915,192.168.1.1/24,4
20201020031916,10.20.30.1/16,87
20201020031918,192.168.1.1/24,7
20201020031919,192.168.1.1/24,-
20201020031920,192.168.1.2/24,2
20201020031921,10.77.1.2/24,7
20201020031922,10.77.1.1/24,-
20201020031924,192.168.1.2/24,43
20201020031925,192.168.1.1/24,-
20201020031926,10.20.30.2/16,8
20201020031927,192.168.1.2/24,97
20201020031928,192.168.1.1/24,31
20201020031929,10.77.1.2/24,7
20201020031930,192.168.1.2/24,65
20201020031932,10.20.30.1/16,-
20201020031933,192.168.1.1/24,-
20201020031934,10.20.30.2/16,8
20201020031935,10.77.1.2/24,7
20201020031936,10.20.30.1/16,2
20201020031937,10.20.30.2/16,70
20201020031938,10.20.30.2/16,-
20201020031939,10.77.1.2/24,71
20201020031941,10.20.30.1/16,-
20201020031942,10.77.1.2/24,8
20201020031943,10.77.1.1/24,-
20201020031944,10.20.30.1/16,4
20201020031945,192.168.1.2/24,-
20201020031946,10.20.30.1/16,9
20201020031947,192.168.1.2/24,9
20201020031948,10.77.1.2/24,-
20201020031949,10.77.1.1/24,4
20201020031950,10.20.30.1/16,8
20201020031951,10.77.1.1/24,-
20201020031952,192.168.1.1/24,4
20201020031954,10.20.30.2/16,6
20201020031955,192.168.1.1/24,42
20201020031956,192.168.1.1/24,-
20201020031958,10.20.30.2/16,71
20201020031959,10.20.30.2/16,8
20201020032000,10.77.1.2/24,-
20201020032001,192.168.1.2/24,-
20201020032002,10.77.1.1/24,-
20201020032003,10.20.30.2/16,-
20201020032004,10.77.1.1/24,9
20201020032005,10.20.30.2/16,1
20201020032006,192.168.1.1/24,8
20201020032008,10.20.30.2/16,6
20201020032009,10.20.30.1/16,-
20201020032011,192.168.1.1/24,-
20201020032013,192.168.1.1/24,6
20201020032014,192.168.1.2/24,6
20201020032015,10.20.30.1/16,2
20201020032016,192.168.1.1/24,4
20201020032017,192.168.1.1/24,3
20201020032018,10.77.1.2/24,27
20201020032019,10.77.1.2/24,1
20201020032020,192.168.1.2/24,8
20201020032021,192.168.1.1/24,-
20201020032022,10.20.30.1/16,-
20201020032023,10.77.1.1/24,9
20201020032024,192.168.1.1/24,-
20201020032025,10.77.1.1/24,9
20201020032026,192.168.1.2/24,3
20201020032027,192.168.1.1/24,-
20201020032029,192.168.1.2/24,6
20201020032030,192.168.1.2/24,9
20201020032032,192.168.1.1/24,12
20201020032034,10.77.1.2/24,7
20201020032035,10.77.1.2/24,60
20201020032036,10.77.1.2/24,8
20201020032038,10.77.1.2/24,2
20201020032039,10.77.1.2/24,4
20201020032041,192.168.1.2/24,-
20201020032043,192.168.1.1/24,4
20201020032044,10.20.30.1/16,-
20201020032045,10.20.30.2/16,4
20201020032046,192.168.1.1/24,-
20201020032047,192.168.1.1/24,23
20201020032048,10.20.30.1/16,-
20201020032049,192.168.1.1/24,36
20201020032050,10.77.1.1/24,8
20201020032051,192.168.1.1/24,6
20201020032052,10.20.30.1/16,2
20201020032053,10.77.1.2/24,9
20201020032054,10.20.30.2/16,6
20201020032056,10.20.30.1/16,85
20201020032057,10.20.30.1/16,-
20201020032059,10.20.30.2/16,1
20201020032101,10.20.30.2/16,-
20201020032102,192.168.1.2/24,-
20201020032103,10.77.1.1/24,4
20201020032104,10.20.30.2/16,4
20201020032105,10.20.30.1/16,83
20201020032106,10.77.1.1/24,4
20201020032107,10.20.30.2/16,-
20201020032108,192.168.1.1/24,16
20201020032109,10.20.30.2/16,9
20201020032110,10.77.1.1/24,-
20201020032112,10.77.1.2/24,64
20201020032113,192.168.1.1/24,9
20201020032114,192.168.1.2/24,12
20201020032115,10.77.1.2/24,97
20201020032116,10.77.1.2/24,3
20201020032117,10.77.1.2/24,7
20201020032118,192.168.1.2/24,9
20201020032119,192.168.1.2/24,7
20201020032120,192.168.1.1/24,9
20201020032121,192.168.1.2/24,6
20201020032122,10.77.1.2/24,8
20201020032124,192.168.1.1/24,2
20201020032125,10.77.1.1/24,-
20201020032126,192.168.1.1/24,17
20201020032127,10.77.1.2/24,-
20201020032128,10.20.30.2/16,84
20201020032129,10.20.30.2/16,6
20201020032130,192.168.1.2/24,1
20201020032131,192.168.1.2/24,8
20201020032132,10.77.1.1/24,-
20201020032133,10.77.1.2/24,81
20201020032134,10.77.1.2/24,5
20201020032135,10.20.30.1/16,8
20201020032137,10.20.30.2/16,-
20201020032138,192.168.1.2/24,7
20201020032140,10.20.30.2/16,9
20201020032141,10.20.30.2/16,13
20201020032142,192.168.1.2/24,-
20201020032143,192.168.1.1/24,6
20201020032144,10.77.1.1/24,54
20201020032145,192.168.1.2/24,1
20201020032146,192.168.1.2/24,4
20201020032147,192.168.1.2/24,-
20201020032149,10.77.1.1/24,7
20201020032151,192.168.1.2/24,7
20201020032152,192.168.1.2/24,1
20201020032153,10.20.30.2/16,-
20201020032154,10.77.1.2/24,4
20201020032155,10.20.30.2/16,-
20201020032156,10.20.30.2/16,4
20201020032157,10.77.1.2/24,38
20201020032158,192.168.1.2/24,4
20201020032159,10.77.1.2/24,76
20201020032200,10.77.1.1/24,61
20201020032201,10.20.30.2/16,8
20201020032202,192.168.1.1/24,6
20201020032203,192.168.1.1/24,4
20201020032204,10.77.1.1/24,7
20201020032205,10.77.1.1/24,-
20201020032207,10.20.30.2/16,-
20201020032209,10.77.1.1/24,-
20201020032210,192.168.1.2/24,2
20201020032211,10.20.30.2/16,10
20201020032212,10.77.1.2/24,8
20201020032213,10.20.30.1/16,9
20201020032215,10.20.30.1/16,-
20201020032216,192.168.1.1/24,10
20201020032217,192.168.1.1/24,9
20201020032218,192.168.1.2/24,-
20201020032219,10.77.1.2/24,-
20201020032220,10.77.1.1/24,2
20201020032222,10.20.30.2/16,-
20201020032223,10.20.30.2/16,-
20201020032224,10.77.1.1/24,4
20201020032225,10.77.1.1/24,9
20201020032226,10.77.1.1/24,98
20201020032227,10.20.30.2/16,97
20201020032228,10.77.1.2/24,2
20201020032230,192.168.1.1/24,11
20201020032231,10.20.30.2/16,40
20201020032233,10.77.1.2/24,-
20201020032234,10.77.1.2/24,2
20201020032235,192.168.1.2/24,8
20201020032236,10.20.30.1/16,-
20201020032237,10.20.30.2/16,6
20201020032239,10.20.30.2/16,64
20201020032240,192.168.1.1/24,3
20201020032241,10.20.30.2/16,3
20201020032242,10.77.1.2/24,2
20201020032243,10.20.30.2/16,21
20201020032244,192.168.1.1/24,-
20201020032245,192.168.1.2/24,-
20201020032246,10.20.30.2/16,49
20201020032247,10.77.1.1/24,6
20201020032248,10.20.30.2/16,7
20201020032250,192.168.1.2/24,1
20201020032251,10.20.30.1/16,-
20201020032253,10.77.1.2/24,-
20201020032254,10.20.30.2/16,2
20201020032255,192.168.1.2/24,8
20201020032256,192.168.1.2/24,53
20201020032257,10.77.1.1/24,6
20201020032259,10.77.1.1/24,6
20201020032301,10.77.1.1/24,10
20201020032303,192.168.1.1/24,34
20201020032304,192.168.1.2/24,-
20201020032305,10.77.1.1/24,-
20201020032306,192.168.1.1/24,-
20201020032308,192.168.1.2/24,9
20201020032309,10.77.1.2/24,5
20201020032310,192.168.1.2/24,-
20201020032311,10.20.30.1/16,4
20201020032312,10.77.1.1/24,9
20201020032314,192.168.1.1/24,49
20201020032315,10.20.30.1/16,-
20201020032316,192.168.1.2/24,-
20201020032318,192.168.1.1/24,8
20201020032319,192.168.1.2/24,6
20201020032320,10.20.30.2/16,7
20201020032322,10.20.30.1/16,5
20201020032324,192.168.1.2/24,-
20201020032325,192.168.1.2/24,10
20201020032327,192.168.1.1/24,1
20201020032328,10.77.1.1/24,6
20201020032330,10.20.30.1/16,2
20201020032331,10.77.1.1/24,62
20201020032332,10.20.30.2/16,9
20201020032333,192.168.1.2/24,6
20201020032334,192.168.1.1/24,6
20201020032335,192.168.1.2/24,3
20201020032336,192.168.1.1/24,4
20201020032337,192.168.1.1/24,8
20201020032338,10.20.30.2/16,7
20201020032340,10.20.30.1/16,9
20201020032341,10.77.1.1/24,-
20201020032342,10.20.30.2/16,43
20201020032343,10.20.30.2/16,43
20201020032345,192.168.1.1/24,18
20201020032346,192.168.1.1/24,9
20201020032348,10.20.30.2/16,5
20201020032349,10.77.1.2/24,-
20201020032350,192.168.1.1/24,5
20201020032351,10.20.30.1/16,1
20201020032352,10.77.1.1/24,72
20201020032353,192.168.1.2/24,-
20201020032354,10.20.30.2/16,4
20201020032355,10.20.30.2/16,8
20201020032356,192.168.1.2/24,41
20201020032357,192.168.1.2/24,-
20201020032358,10.77.1.2/24,2
20201020032400,192.168.1.2/24,25
20201020032401,10.20.30.2/16,6
20201020032402,10.20.30.2/16,1
20201020032403,10.77.1.2/24,-
20201020032405,10.20.30.2/16,6
20201020032406,192.168.1.1/24,-
20201020032407,10.77.1.2/24,4
20201020032408,192.168.1.1/24,5
20201020032409,192.168.1.1/24,8
20201020032410,10.20.30.2/16,65
20201020032411,192.168.1.1/24,34
20201020032412,10.20.30.2/16,1
20201020032414,192.168.1.1/24,2
20201020032415,10.20.30.2/16,61
20201020032416,192.168.1.1/24,5
20201020032418,10.20.30.1/16,-
20201020032420,10.77.1.1/24,0
20201020032421,10.20.30.1/16,9
20201020032423,10.77.1.2/24,-
20201020032424,10.77.1.2/24,2
20201020032425,10.20.30.1/16,6
20201020032426,10.77.1.2/24,4
20201020032427,10.20.30.1/16,23
20201020032428,10.20.30.2/16,57
20201020032429,10.77.1.1/24,53
20201020032430,192.168.1.1/24,-
20201020032431,192.168.1.1/24,6
20201020032433,10.77.1.2/24,3
20201020032435,10.20.30.1/16,-
20201020032437,10.77.1.2/24,9
20201020032438,192.168.1.1/24,1
20201020032439,192.168.1.1/24,3
20201020032440,10.20.30.2/16,6
20201020032441,10.20.30.2/16,9
20201020032443,192.168.1.1/24,7
20201020032445,10.77.1.1/24,7
20201020032447,10.20.30.1/16,7
20201020032448,10.77.1.2/24,5
20201020032449,10.77.1.2/24,19
20201020032451,10.20.30.2/16,88
20201020032452,192.168.1.2/24,-
20201020032453,10.20.30.2/16,98
20201020032454,10.20.30.2/16,7
20201020032455,10.77.1.1/24,87
20201020032456,192.168.1.1/24,36
20201020032457,10.77.1.2/24,-
20201020032458,10.77.1.1/24,-
20201020032459,10.20.30.2/16,-
20201020032500,10.77.1.1/24,5
20201020032501,10.20.30.2/16,35
20201020032502,192.168.1.1/24,4
20201020032503,10.77.1.2/24,93
20201020032505,10.20.30.2/16,-
20201020032506,10.20.30.2/16,-
20201020032507,192.168.1.1/24,-
20201020032508,10.20.30.2/16,7
20201020032510,192.168.1.1/24,7
20201020032511,10.77.1.1/24,55
20201020032512,192.168.1.2/24,14
20201020032513,10.77.1.1/24,8
20201020032515,10.77.1.1/24,5
20201020032516,192.168.1.1/24,9
20201020032518,10.77.1.1/24,-
20201020032519,10.77.1.1/24,-
20201020032520,10.77.1.2/24,4
20201020032521,10.20.30.2/16,4
20201020032523,10.77.1.2/24,10
20201020032525,10.20.30.2/16,75
20201020032527,10.20.30.2/16,4
20201020032528,192.168.1.1/24,23
20201020032529,10.20.30.1/16,4
20201020032530,192.168.1.2/24,97
20201020032531,10.77.1.1/24,8
20201020032533,10.20.30.1/16,-
20201020032534,10.77.1.2/24,4
20201020032535,10.20.30.1/16,9
20201020032537,192.168.1.2/24,5
20201020032538,10.20.30.1/16,5
20201020032539,10.20.30.2/16,2
20201020032541,10.77.1.1/24,9
20201020032542,192.168.1.2/24,3
20201020032543,10.20.30.2/16,52
20201020032545,10.77.1.2/24,-
20201020032546,192.168.1.1/24,8
20201020032548,10.20.30.1/16,26
20201020032549,10.20.30.2/16,46
20201020032550,192.168.1.2/24,-
20201020032552,10.77.1.2/24,3
20201020032553,10.20.30.1/16,-
20201020032555,10.77.1.1/24,-
20201020032556,10.20.30.2/16,98
20201020032558,10.77.1.2/24,7
20201020032559,10.77.1.2/24,9
20201020032601,10.20.30.2/16,-
20201020032602,192.168.1.1/24,6
20201020032603,10.20.30.1/16,1
20201020032605,192.168.1.2/24,22
20201020032606,192.168.1.1/24,6
20201020032608,10.77.1.1/24,-
20201020032610,10.20.30.2/16,2
20201020032611,192.168.1.2/24,10
20201020032613,10.20.30.1/16,13
20201020032614,10.77.1.1/24,83
20201020032616,10.20.30.2/16,8
20201020032617,10.77.1.2/24,4
20201020032619,10.77.1.1/24,2
20201020032620,192.168.1.2/24,-
20201020032621,10.77.1.2/24,-
20201020032622,192.168.1.2/24,92
20201020032623,10.77.1.2/24,14
20201020032625,192.168.1.1/24,59
20201020032627,192.168.1.2/24,3
20201020032628,192.168.1.1/24,2
20201020032629,10.20.30.1/16,4
20201020032630,10.20.30.1/16,58
20201020032631,10.20.30.2/16,88
20201020032632,10.20.30.2/16,-
20201020032633,10.77.1.1/24,5
20201020032634,10.20.30.2/16,18
20201020032635,10.20.30.2/16,7
20201020032637,10.20.30.2/16,9
20201020032639,10.77.1.1/24,6
20201020032640,10.20.30.2/16,6
20201020032641,192.168.1.1/24,5
20201020032642,192.168.1.1/24,7
20201020032643,10.20.30.2/16,33
20201020032644,10.77.1.2/24,-
20201020032645,192.168.1.1/24,7
20201020032646,10.20.30.1/16,4
20201020032648,10.77.1.2/24,-
20201020032649,10.77.1.2/24,47
20201020032650,10.20.30.2/16,9
20201020032651,10.77.1.2/24,79
20201020032652,192.168.1.1/24,5
20201020032653,192.168.1.2/24,-
20201020032654,10.77.1.1/24,3
20201020032656,10.20.30.1/16,3
20201020032658,192.168.1.2/24,2
20201020032659,10.77.1.1/24,-
20201020032700,10.77.1.1/24,4
20201020032701,192.168.1.1/24,24
20201020032702,192.168.1.1/24,70
20201020032703,192.168.1.2/24,9
20201020032704,10.20.30.1/16,5
20201020032705,10.20.30.2/16,7
20201020032706,192.168.1.1/24,2
20201020032707,10.20.30.1/16,45
20201020032708,192.168.1.2/24,7
20201020032710,10.77.1.2/24,3
20201020032711,10.77.1.1/24,-
20201020032712,192.168.1.1/24,6
20201020032713,192.168.1.1/24,6
20201020032714,192.168.1.1/24,4
20201020032716,192.168.1.1/24,2
20201020032717,192.168.1.2/24,3
20201020032719,10.20.30.1/16,1
20201020032721,192.168.1.1/24,-
20201020032722,10.20.30.1/16,54
20201020032723,192.168.1.1/24,7
20201020032724,10.20.30.1/16,-
20201020032726,10.77.1.2/24,2
20201020032728,10.77.1.1/24,3
20201020032729,192.168.1.2/24,-
20201020032730,10.20.30.1/16,5
20201020032731,10.77.1.2/24,2
20201020032732,10.77.1.1/24,-
20201020032733,192.168.1.2/24,56
20201020032734,192.168.1.2/24,17
20201020032735,192.168.1.2/24,5
20201020032736,192.168.1.1/24,5
20201020032737,192.168.1.2/24,-
20201020032738,192.168.1.1/24,9
20201020032740,192.168.1.1/24,5
20201020032742,192.168.1.2/24,28
20201020032743,10.77.1.2/24,8
20201020032744,192.168.1.1/24,-
20201020032746,10.20.30.2/16,22
20201020032748,10.20.30.1/16,34
20201020032749,10.77.1.1/24,6
20201020032751,192.168.1.1/24,8
20201020032752,10.77.1.2/24,6
20201020032754,192.168.1.2/24,8
20201020032755,10.77.1.2/24,-
20201020032757,10.77.1.1/24,35
20201020032758,10.77.1.2/24,-
20201020032800,10.77.1.2/24,1
20201020032801,10.77.1.1/24,3
20201020032802,10.77.1.1/24,8
20201020032804,192.168.1.1/24,46
20201020032805,10.77.1.1/24,6
20201020032806,10.20.30.1/16,-
20201020032807,192.168.1.1/24,9
20201020032809,10.77.1.2/24,8
20201020032810,192.168.1.2/24,33
20201020032811,10.77.1.2/24,2
20201020032813,10.20.30.2/16,19
20201020032815,10.20.30.1/16,5
20201020032817,192.168.1.1/24,3
20201020032818,10.77.1.2/24,89
20201020032820,10.20.30.1/16,-
20201020032821,10.20.30.1/16,0
20201020032822,10.77.1.2/24,3
20201020032824,10.20.30.2/16,3
20201020032825,10.20.30.2/16,60
20201020032826,192.168.1.1/24,5
20201020032827,192.168.1.1/24,12
20201020032828,10.77.1.1/24,26
20201020032829,10.77.1.1/24,7
20201020032830,10.20.30.1/16,-
20201020032832,10.20.30.2/16,-
20201020032833,192.168.1.1/24,2
20201020032834,10.20.30.1/16,4
20201020032835,10.20.30.1/16,10
20201020032836,10.77.1.1/24,81
20201020032837,192.168.1.2/24,4
20201020032838,10.20.30.1/16,-
20201020032839,10.20.30.1/16,-
20201020032840,10.20.30.1/16,-
20201020032841,192.168.1.2/24,5
20201020032842,10.77.1.2/24,-
20201020032843,10.20.30.2/16,5
20201020032844,10.20.30.1/16,8
20201020032845,10.20.30.2/16,8
20201020032847,10.77.1.2/24,2
20201020032848,10.20.30.2/16,91
20201020032849,10.77.1.1/24,-
20201020032850,10.77.1.1/24,-
20201020032852,10.20.30.2/16,8
20201020032853,192.168.1.1/24,9
20201020032855,10.20.30.1/16,3
20201020032856,192.168.1.1/24,-
20201020032857,192.168.1.2/24,-
20201020032858,192.168.1.1/24,39
20201020032900,10.77.1.1/24,6
20201020032902,10.20.30.1/16,-
20201020032903,192.168.1.2/24,7
20201020032905,10.77.1.1/24,-
20201020032906,10.77.1.1/24,5
20201020032907,10.77.1.2/24,-
20201020032908,10.77.1.1/24,2
20201020032909,10.20.30.1/16,19
20201020032911,192.168.1.2/24,7
20201020032913,10.77.1.1/24,-
20201020032914,10.20.30.1/16,-
20201020032915,192.168.1.1/24,-
20201020032916,10.77.1.1/24,-
20201020032917,192.168.1.1/24,8
20201020032919,10.20.30.2/16,6
20201020032921,10.20.30.2/16,61
20201020032922,10.77.1.1/24,-
20201020032923,192.168.1.1/24,7
20201020032925,192.168.1.2/24,17
20201020032926,10.77.1.1/24,-
20201020032927,10.20.30.1/16,3
20201020032928,192.168.1.1/24,2
20201020032929,10.77.1.2/24,8
20201020032930,10.77.1.2/24,2
20201020032932,10.77.1.1/24,8
20201020032933,192.168.1.1/24,9
20201020032934,192.168.1.2/24,3
20201020032935,10.77.1.1/24,1
20201020032936,10.77.1.1/24,71
20201020032937,10.77.1.1/24,-
20201020032938,10.77.1.2/24,31
20201020032939,192.168.1.1/24,-
20201020032940,10.20.30.1/16,7
20201020032941,10.20.30.1/16,97
20201020032942,10.20.30.1/16,9
20201020032943,10.20.30.2/16,-
20201020032944,192.168.1.2/24,7
20201020032945,10.77.1.1/24,8
20201020032946,192.168.1.2/24,74
20201020032947,10.77.1.2/24,9
20201020032948,192.168.1.2/24,-
20201020032949,10.20.30.1/16,2
20201020032950,10.20.30.2/16,9
20201020032952,10.20.30.1/16,-
20201020032953,10.77.1.1/24,95
20201020032954,192.168.1.1/24,11
20201020032955,10.20.30.1/16,3
20201020032957,192.168.1.1/24,5
20201020032958,10.20.30.2/16,6
20201020032959,10.20.30.2/16,6
20201020033000,10.20.30.2/16,-
20201020033002,10.77.1.1/24,34
20201020033003,10.20.30.2/16,-
20201020033004,10.20.30.2/16,9
20201020033005,10.20.30.1/16,80
20201020033006,10.20.30.1/16,-
20201020033007,10.20.30.2/16,-
20201020033008,10.20.30.2/16,-
20201020033009,10.77.1.1/24,-
20201020033010,192.168.1.1/24,-
20201020033011,10.20.30.1/16,8
20201020033012,192.168.1.2/24,1
20201020033013,10.77.1.1/24,5
20201020033014,10.77.1.2/24,32
20201020033015,10.77.1.2/24,8
20201020033016,192.168.1.2/24,6
20201020033018,10.20.30.1/16,13
20201020033020,192.168.1.2/24,7
20201020033022,10.20.30.2/16,8
20201020033023,192.168.1.1/24,7
20201020033024,192.168.1.2/24,2
20201020033026,192.168.1.2/24,7
20201020033027,10.20.30.2/16,-
20201020033029,192.168.1.1/24,7
20201020033031,10.20.30.1/16,5
20201020033033,10.20.30.1/16,-
20201020033034,10.77.1.2/24,-
20201020033035,10.20.30.2/16,5
20201020033036,192.168.1.2/24,11
20201020033037,10.20.30.1/16,-
20201020033038,10.77.1.2/24,50
20201020033040,10.20.30.1/16,8
20201020033041,10.77.1.1/24,4
20201020033042,192.168.1.1/24,8
20201020033043,10.20.30.2/16,3
20201020033044,192.168.1.1/24,8
20201020033045,192.168.1.2/24,6
20201020033046,10.77.1.1/24,22
20201020033047,10.20.30.1/16,15
20201020033049,10.20.30.2/16,15
20201020033050,192.168.1.2/24,67
20201020033051,10.77.1.2/24,5
20201020033052,10.20.30.1/16,2
20201020033053,10.77.1.1/24,21
20201020033054,192.168.1.1/24,-
20201020033055,10.77.1.1/24,3
20201020033056,10.20.30.1/16,-
20201020033058,10.77.1.2/24,2
20201020033100,10.20.30.1/16,4
20201020033101,192.168.1.2/24,11
20201020033102,10.77.1.2/24,5
20201020033103,10.20.30.2/16,-
20201020033105,10.77.1.2/24,6
20201020033106,192.168.1.1/24,24
20201020033107,192.168.1.1/24,9
20201020033108,192.168.1.2/24,67
20201020033109,10.77.1.2/24,5
20201020033110,10.77.1.1/24,8
20201020033112,192.168.1.2/24,-
20201020033113,10.77.1.1/24,-
20201020033114,10.20.30.2/16,1
20201020033115,10.20.30.1/16,78
20201020033116,10.20.30.2/16,40
20201020033117,10.20.30.2/16,1
20201020033119,10.77.1.2/24,60
20201020033120,192.168.1.1/24,-
20201020033121,10.20.30.1/16,-
20201020033122,192.168.1.2/24,3
20201020033123,10.77.1.1/24,50
20201020033124,10.77.1.2/24,1
20201020033125,10.77.1.1/24,2
20201020033126,10.77.1.1/24,-
20201020033127,192.168.1.1/24,5
20201020033128,10.20.30.2/16,36
20201020033129,192.168.1.2/24,6
20201020033130,192.168.1.1/24,-
20201020033131,10.77.1.2/24,5
20201020033132,10.77.1.2/24,-
20201020033133,192.168.1.1/24,-
20201020033134,10.20.30.1/16,-
20201020033135,10.77.1.2/24,6
20201020033136,192.168.1.1/24,1
20201020033137,192.168.1.2/24,5
20201020033139,10.20.30.1/16,1
20201020033140,10.20.30.2/16,-
20201020033141,10.20.30.1/16,12
20201020033142,192.168.1.1/24,16
20201020033143,10.20.30.2/16,10
20201020033145,10.20.30.2/16,-
20201020033146,10.77.1.1/24,9
20201020033148,192.168.1.2/24,6
20201020033150,192.168.1.2/24,84
20201020033151,10.20.30.2/16,-
20201020033152,10.77.1.1/24,-
20201020033153,192.168.1.1/24,18
20201020033154,192.168.1.2/24,6
20201020033155,10.77.1.2/24,2
20201020033156,10.20.30.2/16,56
20201020033158,192.168.1.2/24,1
20201020033159,192.168.1.1/24,30
20201020033200,10.20.30.2/16,6
20201020033202,10.20.30.1/16,42
20201020033203,192.168.1.2/24,1
20201020033204,192.168.1.2/24,-
20201020033205,192.168.1.2/24,1
20201020033206,192.168.1.2/24,7
20201020033207,192.168.1.2/24,71
20201020033208,10.77.1.1/24,24
20201020033210,10.20.30.1/16,7
20201020033211,10.20.30.1/16,20
20201020033212,10.77.1.1/24,88
20201020033213,10.20.30.1/16,9
20201020033215,10.77.1.2/24,6
20201020033216,10.20.30.1/16,56
20201020033217,10.77.1.2/24,6
20201020033218,10.77.1.2/24,-
20201020033219,10.77.1.1/24,7
20201020033220,10.77.1.2/24,6
20201020033221,192.168.1.2/24,-
20201020033222,192.168.1.2/24,-
20201020033223,10.20.30.2/16,7
20201020033224,192.168.1.2/24,1
20201020033225,192.168.1.2/24,52
20201020033227,10.20.30.2/16,-
20201020033228,192.168.1.2/24,53
20201020033229,10.77.1.1/24,-
20201020033230,10.77.1.2/24,8
20201020033231,192.168.1.2/24,7
20201020033232,192.168.1.2/24,76
20201020033233,10.20.30.2/16,-
20201020033235,10.77.1.1/24,-
20201020033236,10.20.30.1/16,-
20201020033237,10.77.1.2/24,5
20201020033238,10.20.30.1/16,7
20201020033239,10.20.30.1/16,1
20201020033241,10.20.30.1/16,1
20201020033242,192.168.1.1/24,3
20201020033243,192.168.1.1/24,6
20201020033245,192.168.1.2/24,4
20201020033246,10.20.30.1/16,-
20201020033247,10.77.1.1/24,4
20201020033248,10.20.30.2/16,13
20201020033250,10.20.30.2/16,1
20201020033251,10.77.1.2/24,-
20201020033252,192.168.1.1/24,-
20201020033253,10.20.30.1/16,-
20201020033254,10.77.1.1/24,8
20201020033255,192.168.1.1/24,34
20201020033257,192.168.1.2/24,83
20201020033259,10.77.1.1/24,13
20201020033300,192.168.1.1/24,4
20201020033302,10.20.30.2/16,-
20201020033303,10.77.1.1/24,58
20201020033304,10.77.1.1/24,1
20201020033305,10.77.1.1/24,-
20201020033307,10.77.1.1/24,8
20201020033308,10.77.1.1/24,27
20201020033309,10.20.30.1/16,6
20201020033310,192.168.1.2/24,-
20201020033311,10.20.30.1/16,-
20201020033312,10.77.1.1/24,5
20201020033313,10.20.30.2/16,9
20201020033314,192.168.1.1/24,5
20201020033315,192.168.1.1/24,3
20201020033316,10.77.1.2/24,-
20201020033317,10.20.30.2/16,-
20201020033318,192.168.1.2/24,1
20201020033319,10.20.30.2/16,1
20201020033321,10.20.30.2/16,-
20201020033323,10.20.30.2/16,49
20201020033324,10.77.1.2/24,8
20201020033326,10.77.1.1/24,5
20201020033327,10.77.1.1/24,5
20201020033328,10.77.1.2/24,5
20201020033329,10.77.1.1/24,6
20201020033330,192.168.1.1/24,7
20201020033332,10.77.1.1/24,7
20201020033333,10.77.1.2/24,4
20201020033334,10.77.1.2/24,4
20201020033335,10.77.1.2/24,-
20201020033337,192.168.1.1/24,31
20201020033338,192.168.1.1/24,6
20201020033339,10.20.30.2/16,-
20201020033341,10.20.30.2/16,8
20201020033342,10.77.1.2/24,20
20201020033344,10.20.30.1/16,6
20201020033345,10.77.1.2/24,15
20201020033346,10.20.30.1/16,-
20201020033347,10.77.1.1/24,-
20201020033348,10.77.1.2/24,10
20201020033349,10.77.1.2/24,7
20201020033350,192.168.1.1/24,93
20201020033351,10.77.1.1/24,-
20201020033352,10.20.30.2/16,5
20201020033353,10.20.30.2/16,5
20201020033354,10.77.1.2/24,-
20201020033355,192.168.1.2/24,75
20201020033356,10.77.1.1/24,-
20201020033357,192.168.1.1/24,9
20201020033358,10.77.1.2/24,4
20201020033359,10.77.1.2/24,-
20201020033400,10.20.30.1/16,7
20201020033401,10.77.1.1/24,5
20201020033402,192.168.1.1/24,9
20201020033403,10.20.30.1/16,-
20201020033404,10.20.30.1/16,1
20201020033406,192.168.1.2/24,59
20201020033407,192.168.1.1/24,-
20201020033409,10.20.30.2/16,5
20201020033410,10.20.30.1/16,-
20201020033411,10.20.30.2/16,5
20201020033413,10.20.30.1/16,-
20201020033414,10.77.1.1/24,-
20201020033416,10.77.1.1/24,1
20201020033418,10.20.30.1/16,5
20201020033419,192.168.1.2/24,3
20201020033421,192.168.1.1/24,1
20201020033422,192.168.1.2/24,29
20201020033424,10.77.1.1/24,-
20201020033426,10.77.1.1/24,6
20201020033427,10.20.30.2/16,5
20201020033428,10.77.1.1/24,6
20201020033429,10.77.1.1/24,8
20201020033430,10.77.1.1/24,3
20201020033431,10.77.1.1/24,1
20201020033432,10.20.30.1/16,52
20201020033433,192.168.1.1/24,2
20201020033434,10.20.30.2/16,7
20201020033435,10.20.30.1/16,8
20201020033436,192.168.1.1/24,6
20201020033437,10.20.30.1/16,4
20201020033438,10.20.30.1/16,53
20201020033439,192.168.1.1/24,1
20201020033440,192.168.1.1/24,1
20201020033441,10.20.30.2/16,2
20201020033442,192.168.1.1/24,-
20201020033443,10.77.1.1/24,3
20201020033445,10.77.1.2/24,99
20201020033447,192.168.1.2/24,-
20201020033449,10.77.1.1/24,-
20201020033450,10.20.30.2/16,-
20201020033451,192.168.1.1/24,8
20201020033452,10.77.1.2/24,6
20201020033453,10.77.1.2/24,9
20201020033455,192.168.1.1/24,-
20201020033456,10.77.1.1/24,5
20201020033457,192.168.1.2/24,9
20201020033458,192.168.1.1/24,3
20201020033459,10.20.30.1/16,8
20201020033500,10.77.1.1/24,3
20201020033501,192.168.1.1/24,4
20201020033502,10.20.30.1/16,9
20201020033503,192.168.1.2/24,17
20201020033504,10.77.1.1/24,-
20201020033505,10.77.1.1/24,-
20201020033506,10.20.30.1/16,-
20201020033507,192.168.1.2/24,3
20201020033509,10.20.30.1/16,4
20201020033510,10.20.30.1/16,-
20201020033512,192.168.1.1/24,17
20201020033513,192.168.1.2/24,8
20201020033514,10.77.1.2/24,2
20201020033516,10.77.1.1/24,3
20201020033517,192.168.1.1/24,-
20201020033518,10.20.30.2/16,1
20201020033520,192.168.1.2/24,3
20201020033521,192.168.1.1/24,55
20201020033522,10.77.1.2/24,9
20201020033523,10.77.1.1/24,-
20201020033525,10.20.30.2/16,7
20201020033526,192.168.1.2/24,8
20201020033528,192.168.1.2/24,3
20201020033530,192.168.1.2/24,43
20201020033531,10.77.1.1/24,-
20201020033532,10.77.1.2/24,1
20201020033533,10.77.1.2/24,21
20201020033534,10.20.30.1/16,1
20201020033535,10.20.30.2/16,8
20201020033536,192.168.1.2/24,1
20201020033537,10.20.30.1/16,-
20201020033538,192.168.1.1/24,4
20201020033539,192.168.1.1/24,-
20201020033540,10.77.1.1/24,4
20201020033541,10.20.30.1/16,8
20201020033542,10.20.30.2/16,6
20201020033543,10.20.30.1/16,59
20201020033544,10.77.1.1/24,8
20201020033545,10.77.1.1/24,-
20201020033546,10.20.30.2/16,-
20201020033547,192.168.1.2/24,36
20201020033548,192.168.1.1/24,3
20201020033549,10.77.1.2/24,-
20201020033550,192.168.1.1/24,2
20201020033551,192.168.1.1/24,8
20201020033552,10.77.1.1/24,3
20201020033553,192.168.1.2/24,8
20201020033554,10.77.1.2/24,86
20201020033555,10.77.1.1/24,-
20201020033556,10.77.1.1/24,7
20201020033557,10.20.30.1/16,4
20201020033558,10.20.30.1/16,4
20201020033559,10.20.30.1/16,9
20201020033600,10.20.30.1/16,5
20201020033602,10.20.30.2/16,8
20201020033603,10.77.1.2/24,9
20201020033604,192.168.1.2/24,5
20201020033605,192.168.1.1/24,-
20201020033606,10.77.1.1/24,8
20201020033607,192.168.1.1/24,-
20201020033608,192.168.1.2/24,8
20201020033609,192.168.1.1/24,80
20201020033610,10.20.30.2/16,3
20201020033611,10.77.1.2/24,1
20201020033612,10.77.1.1/24,29
20201020033613,10.77.1.2/24,10
20201020033614,10.20.30.2/16,-
20201020033615,10.20.30.1/16,8
20201020033617,192.168.1.1/24,33
20201020033618,10.20.30.2/16,2
20201020033619,10.77.1.2/24,1
20201020033620,192.168.1.2/24,85
20201020033621,10.77.1.2/24,9
20201020033622,10.77.1.2/24,1
20201020033624,10.77.1.2/24,4
20201020033625,192.168.1.2/24,10
20201020033626,10.77.1.2/24,-
20201020033627,10.77.1.1/24,4
20201020033628,10.20.30.2/16,7
20201020033629,10.77.1.1/24,5
20201020033630,10.20.30.2/16,5
20201020033631,192.168.1.1/24,16
20201020033632,10.77.1.1/24,-
20201020033634,10.77.1.2/24,8
20201020033635,10.77.1.1/24,1
20201020033636,10.20.30.1/16,-
20201020033637,192.168.1.1/24,6
20201020033638,192.168.1.2/24,57
20201020033639,10.20.30.1/16,29
20201020033641,192.168.1.2/24,-
20201020033642,192.168.1.1/24,-
20201020033643,10.20.30.1/16,51
20201020033644,192.168.1.2/24,12
20201020033645,10.77.1.2/24,9
20201020033646,10.77.1.2/24,9
20201020033647,192.168.1.1/24,1
20201020033648,10.77.1.2/24,-
20201020033649,10.77.1.2/24,8
20201020033650,10.20.30.2/16,7
20201020033651,10.20.30.1/16,9
20201020033652,10.20.30.2/16,7
20201020033653,10.20.30.1/16,8
20201020033655,10.20.30.2/16,4
20201020033657,10.77.1.1/24,1
20201020033658,10.20.30.1/16,2
20201020033659,192.168.1.1/24,82
20201020033700,10.20.30.1/16,3
20201020033701,10.77.1.2/24,2
20201020033702,192.168.1.1/24,9
20201020033703,10.77.1.2/24,3
20201020033704,192.168.1.2/24,-
20201020033705,10.20.30.1/16,-
20201020033707,10.77.1.1/24,3
20201020033708,10.20.30.1/16,-
20201020033709,10.20.30.2/16,10
20201020033710,192.168.1.2/24,-
20201020033711,10.77.1.2/24,32
20201020033712,10.77.1.1/24,-
20201020033713,192.168.1.2/24,-
20201020033714,10.77.1.2/24,6
20201020033716,10.20.30.1/16,7
20201020033718,10.77.1.2/24,8
20201020033719,10.20.30.1/16,76
20201020033720,10.77.1.1/24,46
20201020033721,10.77.1.1/24,5
20201020033722,10.77.1.1/24,31
20201020033723,10.77.1.2/24,26
20201020033724,10.20.30.2/16,16
20201020033725,10.20.30.1/16,2
20201020033726,192.168.1.1/24,7
20201020033728,192.168.1.1/24,4
20201020033729,10.77.1.2/24,8
20201020033730,10.77.1.2/24,68
20201020033731,10.20.30.1/16,4
20201020033733,10.20.30.1/16,46
20201020033735,10.77.1.2/24,6
20201020033737,192.168.1.1/24,9
20201020033738,10.20.30.1/16,66
20201020033739,10.77.1.2/24,8
20201020033740,192.168.1.1/24,-
20201020033741,10.77.1.1/24,2
20201020033743,192.168.1.2/24,45
20201020033744,10.77.1.2/24,-
20201020033746,10.20.30.1/16,6
20201020033748,192.168.1.2/24,6
20201020033749,10.77.1.2/24,-
20201020033750,10.77.1.2/24,9
20201020033751,10.20.30.2/16,38
20201020033752,192.168.1.2/24,4
20201020033754,10.20.30.1/16,-
20201020033755,10.77.1.1/24,4
20201020033756,192.168.1.1/24,25
20201020033757,10.77.1.2/24,9
20201020033758,10.77.1.2/24,46
20201020033800,10.20.30.1/16,1
20201020033802,192.168.1.1/24,9
20201020033803,192.168.1.1/24,4
20201020033804,192.168.1.1/24,-
20201020033805,192.168.1.1/24,-
20201020033807,192.168.1.2/24,1
20201020033808,192.168.1.2/24,-
20201020033809,10.77.1.1/24,9
20201020033810,10.20.30.1/16,5
20201020033811,192.168.1.2/24,66
20201020033812,192.168.1.2/24,-
20201020033813,192.168.1.2/24,1
20201020033815,10.77.1.2/24,8
20201020033816,10.77.1.2/24,1
20201020033818,192.168.1.1/24,2
20201020033820,192.168.1.2/24,7
20201020033821,192.168.1.2/24,6
20201020033822,10.77.1.2/24,27
20201020033823,192.168.1.2/24,7
20201020033824,192.168.1.1/24,3
20201020033826,192.168.1.2/24,3
20201020033827,192.168.1.1/24,9
20201020033828,10.20.30.1/16,-
20201020033830,192.168.1.1/24,14
20201020033831,10.77.1.2/24,1
20201020033833,10.77.1.1/24,3
20201020033834,192.168.1.2/24,1
20201020033835,192.168.1.2/24,6
20201020033836,10.20.30.1/16,5
20201020033837,192.168.1.1/24,3
20201020033838,10.20.30.2/16,9
20201020033839,10.20.30.2/16,-
20201020033840,192.168.1.2/24,-
20201020033842,10.20.30.2/16,16
20201020033843,10.20.30.2/16,43
20201020033844,192.168.1.2/24,8
20201020033846,10.77.1.1/24,10
20201020033848,192.168.1.1/24,96
20201020033849,10.77.1.2/24,4
20201020033851,192.168.1.1/24,6
20201020033852,10.20.30.2/16,3
20201020033853,10.77.1.1/24,-
20201020033854,192.168.1.2/24,5
20201020033855,192.168.1.2/24,-
20201020033856,10.20.30.2/16,86
20201020033857,10.20.30.1/16,3
20201020033858,10.77.1.1/24,7
20201020033859,10.20.30.2/16,84
20201020033900,10.77.1.2/24,1
20201020033902,10.20.30.1/16,6
20201020033903,10.20.30.2/16,44
20201020033905,10.20.30.2/16,10
20201020033906,10.20.30.2/16,2
20201020033907,192.168.1.2/24,14
20201020033908,192.168.1.2/24,2
20201020033909,192.168.1.2/24,3
20201020033910,192.168.1.2/24,15
20201020033911,10.20.30.1/16,62
20201020033913,10.77.1.1/24,93
20201020033914,192.168.1.2/24,3
20201020033915,192.168.1.2/24,3
20201020033916,192.168.1.1/24,-
20201020033917,10.77.1.2/24,7
20201020033918,10.20.30.1/16,8
20201020033919,192.168.1.2/24,44
20201020033920,192.168.1.2/24,1
20201020033922,10.20.30.2/16,3
20201020033923,10.77.1.1/24,3
20201020033924,10.20.30.1/16,-
20201020033925,10.77.1.1/24,49
20201020033927,10.77.1.2/24,48
20201020033929,10.77.1.2/24,-
20201020033931,10.77.1.1/24,-
20201020033932,10.20.30.2/16,9
20201020033933,10.20.30.2/16,3
20201020033934,10.77.1.2/24,4
20201020033935,10.77.1.1/24,8
20201020033936,10.20.30.2/16,3
20201020033937,10.77.1.2/24,-
20201020033938,10.77.1.2/24,7
20201020033940,192.168.1.2/24,3
20201020033942,10.77.1.2/24,5
20201020033943,10.20.30.2/16,5
20201020033944,10.77.1.2/24,5
20201020033946,10.77.1.1/24,6
20201020033947,192.168.1.1/24,-
20201020033948,192.168.1.2/24,17
20201020033949,192.168.1.2/24,6
20201020033951,192.168.1.2/24,9
20201020033952,10.77.1.2/24,-
20201020033953,10.77.1.2/24,-
20201020033954,10.20.30.2/16,29
20201020033956,10.20.30.2/16,5
20201020033957,10.20.30.2/16,3
20201020033959,10.20.30.2/16,7
20201020034001,10.77.1.2/24,3
20201020034002,10.20.30.1/16,1
20201020034003,10.77.1.2/24,-
20201020034004,10.20.30.1/16,-
20201020034005,10.20.30.1/16,22
20201020034007,10.20.30.1/16,-
20201020034008,10.20.30.1/16,4
20201020034010,10.77.1.1/24,-
20201020034011,10.20.30.1/16,6
20201020034012,10.20.30.2/16,2
20201020034013,10.77.1.1/24,24
20201020034014,10.20.30.1/16,47
20201020034015,10.77.1.2/24,74
20201020034017,10.77.1.1/24,6
20201020034018,192.168.1.1/24,1
20201020034019,192.168.1.1/24,70
20201020034020,10.20.30.2/16,9
20201020034021,10.77.1.1/24,-
20201020034022,10.77.1.2/24,1
20201020034023,192.168.1.1/24,5
20201020034024,10.20.30.1/16,5
20201020034025,10.77.1.1/24,63
20201020034027,192.168.1.1/24,9
20201020034028,192.168.1.2/24,81
20201020034029,10.20.30.2/16,2
20201020034030,192.168.1.1/24,7
20201020034031,10.77.1.2/24,5
20201020034032,192.168.1.1/24,2
20201020034034,192.168.1.2/24,-
20201020034035,10.77.1.1/24,74
20201020034036,192.168.1.1/24,3
20201020034037,10.77.1.1/24,3
20201020034038,10.20.30.2/16,66
20201020034039,192.168.1.2/24,6
20201020034040,192.168.1.2/24,5
20201020034042,192.168.1.1/24,9
20201020034043,192.168.1.2/24,49
20201020034044,10.20.30.2/16,8
20201020034045,10.20.30.2/16,7
20201020034047,10.20.30.2/16,5
20201020034048,10.77.1.1/24,8
20201020034049,10.77.1.2/24,7
20201020034050,10.20.30.2/16,8
20201020034051,10.77.1.1/24,3
20201020034052,10.20.30.1/16,9
20201020034054,10.20.30.1/16,8
20201020034055,10.20.30.1/16,6
20201020034056,10.77.1.2/24,-
20201020034058,10.20.30.1/16,-
20201020034059,192.168.1.1/24,8
20201020034100,10.20.30.1/16,-
20201020034101,192.168.1.1/24,-
20201020034102,192.168.1.1/24,6
20201020034103,10.77.1.2/24,5
20201020034104,10.77.1.2/24,9
20201020034105,10.77.1.2/24,5
20201020034107,192.168.1.2/24,-
20201020034108,192.168.1.1/24,2
20201020034110,10.77.1.2/24,9
20201020034112,10.20.30.2/16,-
20201020034113,10.77.1.2/24,-
20201020034114,10.77.1.1/24,6
20201020034115,10.77.1.2/24,-
20201020034117,192.168.1.1/24,8
20201020034118,10.20.30.1/16,-
20201020034119,10.77.1.1/24,6
20201020034120,10.20.30.2/16,72
20201020034121,10.20.30.1/16,7
20201020034122,192.168.1.2/24,71
20201020034123,10.20.30.1/16,31
20201020034124,10.20.30.1/16,7
20201020034126,10.20.30.2/16,9
20201020034127,10.77.1.1/24,2
20201020034128,10.77.1.2/24,1
20201020034130,192.168.1.1/24,34
20201020034131,10.77.1.1/24,6
20201020034132,10.77.1.1/24,8
20201020034133,192.168.1.1/24,19
20201020034134,192.168.1.2/24,-
20201020034135,10.20.30.1/16,25
20201020034136,10.20.30.1/16,1
20201020034137,192.168.1.2/24,3
20201020034139,10.20.30.1/16,1
20201020034141,10.20.30.1/16,-
20201020034142,192.168.1.2/24,32
20201020034143,192.168.1.1/24,9
20201020034144,10.77.1.2/24,-
20201020034145,10.20.30.2/16,4
20201020034147,10.77.1.1/24,-
20201020034148,192.168.1.1/24,8
20201020034149,192.168.1.1/24,-
20201020034150,192.168.1.1/24,12
20201020034151,10.20.30.1/16,9
20201020034152,10.77.1.1/24,6
20201020034153,10.20.30.1/16,23
20201020034155,10.20.30.1/16,15
20201020034156,10.77.1.1/24,-
20201020034157,10.77.1.1/24,-
20201020034158,10.20.30.2/16,10
20201020034159,192.168.1.1/24,1
20201020034201,192.168.1.1/24,4
20201020034202,10.20.30.1/16,9
20201020034203,10.77.1.1/24,-
20201020034204,192.168.1.2/24,10
20201020034205,10.77.1.1/24,7
20201020034206,10.77.1.1/24,5
20201020034207,192.168.1.2/24,8
20201020034208,10.77.1.2/24,9
20201020034209,10.20.30.2/16,3
20201020034210,192.168.1.2/24,9
20201020034211,10.77.1.1/24,5
20201020034212,192.168.1.2/24,1
20201020034213,10.77.1.2/24,6
20201020034214,10.20.30.2/16,6
20201020034215,10.20.30.1/16,36
20201020034216,10.77.1.1/24,5
20201020034217,10.20.30.2/16,-
20201020034218,192.168.1.1/24,9
20201020034219,192.168.1.2/24,12
20201020034220,10.77.1.1/24,-
20201020034221,10.20.30.2/16,5
20201020034222,192.168.1.2/24,1
20201020034223,10.77.1.2/24,9
20201020034224,192.168.1.2/24,6
20201020034225,10.20.30.2/16,5
20201020034226,192.168.1.1/24,9
20201020034227,10.77.1.1/24,-
20201020034228,10.77.1.2/24,4
20201020034229,10.77.1.1/24,4
20201020034230,192.168.1.1/24,-
20201020034232,192.168.1.2/24,-
20201020034234,10.20.30.2/16,5
20201020034235,192.168.1.1/24,-
20201020034236,10.77.1.1/24,2
20201020034237,10.77.1.2/24,88
20201020034238,10.77.1.1/24,1
20201020034239,10.77.1.1/24,4
20201020034241,10.77.1.2/24,-
20201020034242,10.77.1.2/24,8
20201020034243,192.168.1.1/24,-
20201020034245,192.168.1.1/24,3
20201020034246,10.77.1.2/24,2
20201020034247,10.77.1.2/24,2
20201020034248,10.20.30.1/16,7
20201020034249,10.20.30.2/16,6
20201020034250,10.20.30.2/16,87
20201020034251,192.168.1.2/24,9
20201020034253,192.168.1.2/24,9
20201020034254,10.77.1.2/24,66
20201020034256,10.20.30.2/16,6
20201020034257,192.168.1.2/24,-
20201020034258,10.77.1.2/24,5
20201020034300,10.20.30.2/16,14
20201020034301,10.77.1.1/24,1
20201020034302,10.20.30.2/16,4
20201020034303,10.20.30.2/16,7
20201020034304,192.168.1.1/24,26
20201020034305,10.77.1.2/24,8
20201020034306,10.77.1.1/24,62
20201020034307,192.168.1.2/24,7
20201020034309,10.20.30.2/16,5
20201020034311,10.20.30.2/16,7
20201020034313,10.20.30.2/16,-
20201020034314,192.168.1.2/24,7
20201020034315,192.168.1.2/24,5
20201020034317,10.77.1.2/24,6
20201020034318,192.168.1.1/24,-
20201020034319,10.77.1.1/24,-
20201020034320,192.168.1.2/24,1
20201020034321,10.20.30.1/16,4
20201020034322,192.168.1.2/24,7
20201020034323,10.20.30.2/16,4
20201020034324,192.168.1.1/24,1
20201020034325,10.20.30.1/16,5
20201020034327,192.168.1.1/24,5
20201020034328,10.77.1.1/24,-
20201020034329,10.77.1.1/24,9
20201020034330,192.168.1.2/24,9
20201020034332,192.168.1.2/24,-
20201020034333,10.77.1.2/24,11
20201020034334,10.20.30.1/16,6
20201020034335,10.77.1.2/24,6
20201020034336,10.77.1.1/24,4
20201020034337,10.77.1.2/24,3
20201020034338,192.168.1.1/24,9
20201020034339,10.77.1.1/24,14
20201020034340,10.77.1.1/24,-
20201020034341,10.77.1.2/24,2
20201020034342,10.77.1.2/24,28
20201020034343,192.168.1.2/24,39
20201020034344,10.20.30.2/16,-
20201020034345,192.168.1.2/24,7
20201020034346,10.77.1.2/24,-
20201020034347,10.77.1.2/24,-
20201020034348,192.168.1.2/24,2
20201020034349,10.20.30.1/16,6
20201020034350,10.77.1.1/24,3
20201020034352,10.77.1.2/24,4
20201020034353,10.77.1.1/24,35
20201020034355,192.168.1.1/24,1
20201020034356,10.20.30.2/16,83
20201020034357,10.20.30.1/16,-
20201020034359,10.77.1.2/24,-
20201020034400,192.168.1.1/24,6
20201020034401,10.77.1.1/24,5
20201020034402,10.20.30.1/16,39
20201020034403,10.77.1.1/24,-
20201020034404,10.77.1.2/24,48
20201020034406,192.168.1.2/24,11
20201020034407,10.77.1.1/24,-
20201020034408,10.77.1.2/24,7
20201020034410,10.77.1.1/24,81
20201020034411,192.168.1.1/24,-
20201020034412,192.168.1.1/24,9
20201020034414,10.77.1.1/24,5
20201020034416,10.77.1.2/24,5
20201020034417,192.168.1.1/24,11
20201020034419,10.20.30.1/16,35
20201020034420,192.168.1.1/24,12
20201020034421,192.168.1.2/24,4
20201020034422,10.20.30.1/16,2
20201020034423,10.20.30.2/16,-
20201020034424,10.77.1.2/24,2
20201020034425,10.77.1.2/24,-
20201020034426,10.77.1.2/24,-
20201020034427,192.168.1.1/24,6
20201020034428,192.168.1.2/24,9
20201020034429,192.168.1.1/24,9
20201020034430,192.168.1.1/24,5
20201020034431,192.168.1.2/24,5
20201020034432,10.77.1.2/24,-
20201020034433,10.77.1.1/24,-
20201020034434,192.168.1.1/24,-
20201020034435,10.77.1.2/24,83
20201020034436,192.168.1.2/24,10
20201020034437,10.20.30.1/16,31
20201020034438,10.77.1.1/24,5
20201020034439,10.20.30.2/16,9
20201020034441,10.77.1.2/24,2
20201020034442,10.20.30.2/16,51
20201020034443,10.77.1.2/24,7
20201020034444,10.77.1.1/24,7
20201020034445,10.77.1.2/24,96
20201020034446,192.168.1.1/24,1
20201020034447,10.20.30.2/16,64
20201020034448,192.168.1.1/24,1
20201020034450,10.77.1.1/24,6
20201020034451,10.20.30.2/16,9
20201020034452,10.20.30.2/16,-
20201020034453,10.20.30.2/16,-
20201020034455,10.20.30.1/16,6
20201020034456,10.20.30.2/16,65
20201020034457,10.20.30.2/16,1
20201020034459,10.77.1.1/24,11
20201020034500,10.77.1.2/24,37
20201020034501,10.77.1.1/24,88
20201020034502,192.168.1.1/24,9
20201020034503,10.20.30.2/16,3
20201020034505,10.77.1.2/24,6
20201020034506,192.168.1.1/24,8
20201020034507,10.20.30.1/16,88
20201020034508,10.77.1.1/24,6
20201020034510,10.20.30.2/16,8
20201020034511,192.168.1.2/24,6
20201020034512,192.168.1.2/24,38
20201020034513,10.20.30.2/16,-
20201020034514,10.77.1.2/24,9
20201020034515,10.77.1.2/24,7
20201020034516,10.77.1.2/24,-
20201020034517,192.168.1.2/24,-
20201020034518,10.77.1.2/24,73
20201020034519,10.20.30.1/16,6
20201020034520,10.77.1.2/24,92
20201020034522,192.168.1.2/24,-
20201020034523,192.168.1.1/24,7
20201020034524,192.168.1.2/24,39
20201020034525,10.77.1.1/24,35
20201020034526,10.20.30.1/16,-
20201020034528,10.20.30.2/16,-
20201020034529,10.77.1.2/24,7
20201020034531,10.20.30.1/16,-
20201020034533,192.168.1.2/24,7
20201020034534,192.168.1.1/24,9
20201020034535,10.77.1.1/24,8
20201020034536,192.168.1.2/24,6
20201020034537,10.20.30.2/16,25
20201020034538,10.77.1.2/24,2
20201020034540,192.168.1.2/24,30
20201020034542,10.77.1.2/24,18
20201020034543,10.77.1.2/24,13
20201020034544,10.77.1.1/24,6
20201020034545,10.77.1.2/24,9
20201020034547,10.20.30.1/16,-
20201020034548,192.168.1.1/24,9
20201020034549,192.168.1.1/24,-
20201020034550,10.20.30.1/16,21
20201020034551,10.20.30.1/16,10
20201020034553,192.168.1.2/24,-
20201020034554,10.20.30.1/16,8
20201020034555,192.168.1.1/24,-
20201020034556,10.20.30.2/16,-
20201020034558,10.20.30.2/16,5
20201020034600,10.20.30.2/16,8
20201020034601,10.20.30.1/16,-
20201020034602,10.20.30.1/16,32
20201020034603,10.77.1.1/24,8
20201020034604,10.77.1.1/24,64
20201020034605,192.168.1.1/24,6
20201020034606,192.168.1.2/24,6
20201020034607,10.20.30.2/16,75
20201020034608,192.168.1.1/24,-
20201020034610,192.168.1.2/24,2
20201020034611,192.168.1.2/24,2
20201020034613,10.77.1.2/24,-
20201020034615,10.20.30.1/16,5
20201020034616,10.20.30.1/16,-
20201020034617,192.168.1.1/24,7
20201020034618,10.20.30.1/16,33
20201020034620,10.20.30.2/16,6
20201020034621,192.168.1.1/24,-
20201020034622,10.20.30.1/16,9
20201020034623,10.77.1.2/24,5
20201020034624,192.168.1.1/24,7
20201020034625,10.77.1.2/24,3
20201020034627,10.20.30.2/16,5
20201020034628,10.77.1.1/24,8
20201020034629,192.168.1.1/24,8
20201020034630,192.168.1.2/24,8
20201020034631,10.20.30.2/16,-
20201020034632,10.77.1.2/24,67
20201020034633,192.168.1.1/24,-
20201020034635,10.20.30.2/16,-
20201020034637,192.168.1.1/24,2
20201020034639,10.20.30.1/16,4
20201020034640,10.20.30.1/16,-
20201020034641,10.20.30.1/16,6
20201020034642,10.20.30.1/16,3
20201020034644,10.20.30.2/16,1
20201020034646,192.168.1.2/24,5
20201020034647,10.77.1.1/24,11
20201020034649,192.168.1.1/24,1
20201020034650,10.77.1.2/24,5
20201020034652,192.168.1.2/24,9
20201020034653,10.20.30.2/16,76
20201020034655,10.77.1.2/24,8
20201020034656,10.77.1.1/24,6
20201020034657,192.168.1.1/24,72
20201020034658,10.77.1.1/24,9
20201020034659,192.168.1.2/24,16
20201020034700,192.168.1.1/24,6
20201020034701,192.168.1.2/24,30
20201020034702,10.77.1.1/24,-
20201020034703,10.77.1.1/24,22
20201020034704,10.20.30.1/16,11
20201020034705,192.168.1.1/24,4
20201020034707,10.77.1.1/24,37
20201020034708,192.168.1.1/24,5
20201020034709,10.77.1.2/24,3
20201020034710,10.77.1.2/24,3
20201020034712,192.168.1.2/24,3
20201020034713,192.168.1.1/24,-
20201020034714,192.168.1.2/24,43
20201020034716,10.20.30.1/16,9
20201020034718,10.77.1.1/24,2
20201020034719,192.168.1.2/24,15
20201020034720,10.20.30.1/16,-
20201020034721,192.168.1.2/24,1
20201020034722,10.20.30.2/16,5
20201020034723,10.20.30.1/16,82
20201020034724,10.77.1.1/24,10
20201020034725,10.77.1.2/24,1
20201020034726,192.168.1.2/24,47
20201020034727,10.20.30.1/16,8
20201020034728,10.20.30.2/16,54
20201020034729,10.20.30.1/16,77
20201020034730,192.168.1.1/24,12
20201020034731,10.77.1.1/24,41
20201020034732,10.20.30.2/16,3
20201020034734,192.168.1.2/24,93
20201020034735,10.20.30.1/16,2
20201020034737,10.20.30.1/16,5
20201020034739,10.77.1.1/24,9
20201020034740,10.77.1.2/24,7
20201020034742,10.20.30.1/16,3
20201020034744,10.20.30.2/16,71
20201020034745,10.20.30.2/16,6
20201020034746,10.20.30.2/16,-
20201020034747,192.168.1.1/24,3
20201020034748,10.77.1.2/24,5
20201020034749,10.77.1.1/24,4
20201020034750,10.20.30.1/16,-
20201020034751,10.77.1.1/24,8
20201020034753,10.77.1.1/24,1
20201020034755,10.20.30.2/16,8
20201020034757,10.20.30.1/16,41
20201020034758,192.168.1.1/24,48
20201020034759,10.77.1.2/24,90
20201020034800,10.20.30.2/16,37
20201020034801,10.77.1.1/24,31
20201020034802,10.20.30.2/16,7
20201020034803,10.20.30.1/16,36
20201020034805,192.168.1.1/24,86
20201020034806,10.77.1.1/24,3
20201020034807,192.168.1.2/24,-
20201020034808,10.77.1.2/24,59
20201020034809,10.20.30.2/16,-
20201020034810,10.20.30.2/16,6
20201020034811,192.168.1.1/24,5
20201020034813,10.20.30.1/16,-
20201020034814,192.168.1.1/24,1
20201020034815,192.168.1.1/24,1
20201020034816,10.77.1.1/24,1
20201020034817,10.20.30.2/16,4
20201020034818,10.77.1.2/24,-
20201020034819,10.20.30.1/16,25
20201020034821,10.20.30.1/16,-
20201020034822,10.77.1.1/24,-
20201020034823,10.77.1.2/24,3
20201020034824,10.20.30.1/16,3
20201020034825,10.20.30.2/16,7
20201020034826,10.20.30.1/16,3
20201020034827,10.20.30.2/16,9
20201020034828,192.168.1.1/24,7
20201020034829,10.77.1.2/24,9
20201020034830,10.77.1.1/24,1
20201020034831,10.20.30.1/16,9
20201020034833,10.20.30.2/16,-
20201020034835,10.20.30.1/16,-
20201020034836,10.77.1.2/24,71
20201020034837,10.20.30.1/16,-
20201020034838,192.168.1.2/24,2
20201020034839,192.168.1.2/24,55
20201020034840,10.77.1.2/24,4
20201020034841,10.77.1.2/24,8
20201020034842,10.77.1.1/24,1
20201020034844,10.77.1.2/24,9
20201020034845,10.77.1.2/24,-
20201020034846,10.20.30.1/16,77
20201020034847,10.20.30.1/16,4
20201020034848,10.77.1.1/24,3
20201020034849,192.168.1.1/24,-
20201020034850,10.20.30.2/16,4
20201020034851,10.77.1.1/24,-
20201020034852,10.77.1.2/24,2
20201020034853,10.20.30.1/16,1
20201020034855,10.77.1.1/24,1
20201020034856,10.77.1.1/24,1
20201020034857,10.20.30.1/16,-
20201020034858,10.20.30.2/16,99
20201020034859,192.168.1.1/24,-
20201020034901,10.77.1.1/24,-
20201020034903,192.168.1.2/24,52
20201020034905,192.168.1.2/24,3
20201020034907,192.168.1.1/24,43
20201020034908,10.20.30.2/16,4
20201020034909,192.168.1.1/24,13
20201020034910,10.77.1.1/24,-
20201020034911,10.20.30.1/16,8
20201020034912,10.77.1.1/24,7
20201020034914,192.168.1.2/24,36
20201020034915,10.20.30.2/16,5
20201020034916,10.20.30.2/16,7
20201020034917,10.77.1.1/24,68
20201020034918,10.77.1.1/24,2
20201020034919,192.168.1.1/24,4
20201020034920,10.20.30.1/16,1
20201020034921,192.168.1.2/24,9
20201020034922,10.77.1.2/24,-
20201020034923,192.168.1.2/24,11
20201020034924,10.20.30.2/16,1
20201020034926,192.168.1.2/24,-
20201020034928,10.77.1.1/24,9
20201020034929,10.77.1.1/24,24
20201020034930,10.77.1.1/24,20
20201020034931,192.168.1.1/24,-
20201020034933,10.20.30.2/16,5
20201020034934,10.77.1.1/24,9
20201020034935,192.168.1.2/24,8
20201020034936,10.77.1.2/24,3
20201020034937,10.20.30.2/16,5
20201020034938,192.168.1.1/24,1
20201020034939,10.77.1.1/24,77
20201020034941,10.77.1.1/24,-
20201020034943,10.77.1.1/24,7
20201020034944,10.77.1.2/24,-
20201020034945,10.77.1.1/24,94
20201020034946,10.20.30.2/16,-
20201020034947,10.77.1.2/24,14
20201020034948,10.77.1.1/24,-
20201020034949,10.20.30.1/16,-
20201020034950,10.20.30.1/16,26
20201020034951,10.77.1.2/24,12
20201020034952,10.77.1.2/24,9
20201020034954,10.20.30.2/16,7
20201020034956,10.20.30.1/16,5
20201020034958,10.20.30.1/16,37
20201020034959,192.168.1.1/24,7
20201020035001,10.20.30.2/16,9
20201020035002,192.168.1.2/24,-
20201020035003,10.77.1.2/24,1
20201020035004,10.77.1.2/24,8
20201020035005,10.77.1.1/24,4
20201020035006,10.20.30.2/16,28
20201020035007,192.168.1.1/24,4
20201020035008,10.20.30.1/16,5
20201020035009,10.20.30.1/16,63
20201020035011,10.77.1.2/24,7
20201020035012,192.168.1.1/24,2
20201020035014,10.77.1.1/24,9
20201020035015,10.20.30.1/16,3
20201020035016,10.20.30.2/16,7
20201020035018,10.20.30.2/16,8
20201020035019,192.168.1.2/24,2
20201020035021,10.77.1.1/24,2
20201020035022,10.77.1.2/24,-
20201020035023,10.77.1.2/24,-
20201020035024,192.168.1.2/24,-
20201020035025,192.168.1.1/24,24
20201020035026,10.20.30.2/16,68
20201020035027,192.168.1.1/24,95
20201020035028,192.168.1.1/24,7
20201020035029,10.20.30.2/16,-
20201020035030,10.20.30.2/16,6
20201020035031,10.20.30.1/16,9
20201020035032,10.77.1.2/24,93
20201020035033,10.20.30.2/16,80
20201020035034,192.168.1.1/24,94
20201020035035,192.168.1.2/24,13
20201020035036,10.77.1.2/24,1
20201020035037,192.168.1.2/24,5
20201020035038,192.168.1.1/24,99
20201020035039,10.20.30.2/16,-
20201020035040,10.77.1.2/24,6
20201020035041,10.77.1.1/24,-
20201020035043,10.77.1.2/24,-
20201020035045,10.20.30.1/16,-
20201020035046,192.168.1.1/24,-
20201020035047,192.168.1.1/24,8
20201020035048,192.168.1.2/24,-
20201020035049,10.20.30.2/16,-
20201020035050,192.168.1.1/24,6
20201020035051,192.168.1.1/24,39
20201020035052,192.168.1.2/24,5
20201020035053,10.77.1.1/24,10
20201020035054,10.77.1.1/24,-
20201020035056,192.168.1.2/24,8
20201020035057,192.168.1.2/24,-
20201020035059,10.77.1.2/24,32
20201020035101,10.77.1.2/24,4
20201020035102,10.20.30.1/16,20
20201020035104,10.20.30.1/16,4
20201020035105,10.20.30.2/16,5
20201020035106,10.20.30.1/16,2
20201020035108,10.77.1.1/24,7
20201020035109,10.20.30.2/16,3
20201020035110,10.77.1.1/24,76
20201020035111,10.77.1.2/24,9
20201020035112,10.77.1.2/24,9
20201020035114,10.77.1.1/24,-
20201020035116,10.77.1.2/24,7
20201020035117,192.168.1.2/24,9
20201020035118,192.168.1.1/24,18
20201020035119,10.20.30.1/16,82
20201020035120,10.77.1.2/24,3
20201020035121,10.77.1.1/24,7
20201020035123,192.168.1.1/24,5
20201020035124,192.168.1.2/24,1
20201020035126,10.20.30.1/16,5
20201020035127,192.168.1.1/24,30
20201020035128,10.77.1.1/24,9
20201020035129,10.20.30.2/16,9
20201020035130,10.20.30.1/16,26
20201020035131,10.77.1.1/24,8
20201020035132,10.20.30.1/16,34
20201020035133,192.168.1.1/24,9
20201020035134,10.77.1.1/24,-
20201020035136,10.20.30.2/16,3
20201020035137,10.77.1.1/24,1
20201020035138,192.168.1.2/24,6
20201020035140,192.168.1.2/24,9
20201020035141,10.77.1.2/24,53
20201020035143,192.168.1.2/24,69
20201020035144,10.77.1.1/24,-
20201020035145,192.168.1.1/24,8
20201020035146,10.20.30.2/16,6
20201020035147,192.168.1.2/24,5
20201020035148,10.77.1.2/24,6
20201020035149,10.77.1.1/24,5
20201020035150,10.20.30.2/16,-
20201020035151,10.20.30.2/16,23
20201020035152,10.77.1.2/24,-
20201020035154,10.77.1.1/24,60
20201020035155,10.77.1.1/24,77
20201020035156,10.77.1.1/24,1
20201020035157,192.168.1.2/24,8
20201020035158,192.168.1.1/24,-
20201020035159,192.168.1.2/24,22
20201020035201,10.20.30.1/16,2
20201020035202,192.168.1.1/24,-
20201020035203,10.77.1.1/24,94
20201020035205,10.77.1.1/24,-
20201020035206,192.168.1.2/24,4
20201020035208,10.77.1.2/24,-
20201020035209,192.168.1.2/24,7
20201020035210,192.168.1.2/24,64
20201020035211,192.168.1.2/24,43
20201020035212,192.168.1.1/24,6
20201020035213,10.20.30.1/16,32
20201020035214,10.20.30.1/16,3
20201020035215,10.20.30.1/16,17
20201020035216,10.20.30.2/16,6
20201020035218,10.77.1.1/24,7
20201020035219,10.77.1.2/24,-
20201020035220,192.168.1.2/24,54
20201020035221,192.168.1.1/24,-
20201020035222,192.168.1.2/24,1
20201020035223,10.20.30.1/16,4
20201020035225,10.20.30.2/16,7
20201020035226,10.20.30.2/16,-
20201020035228,10.20.30.1/16,8
20201020035229,10.20.30.2/16,26
20201020035230,10.20.30.1/16,4
20201020035231,10.20.30.2/16,9
20201020035232,192.168.1.2/24,-
20201020035233,10.77.1.2/24,17
20201020035234,10.77.1.2/24,-
20201020035235,192.168.1.1/24,76
20201020035236,192.168.1.1/24,6
20201020035237,10.20.30.1/16,-
20201020035238,10.77.1.1/24,-
20201020035240,192.168.1.1/24,-
20201020035242,10.77.1.2/24,9
20201020035244,10.20.30.2/16,4
20201020035245,10.20.30.2/16,7
20201020035246,192.168.1.2/24,6
20201020035247,192.168.1.2/24,-
20201020035248,10.77.1.2/24,37
20201020035249,10.20.30.2/16,3
20201020035250,192.168.1.2/24,-
20201020035251,10.77.1.2/24,1
20201020035252,10.20.30.2/16,7
20201020035254,10.77.1.2/24,1
20201020035255,10.77.1.2/24,3
20201020035257,10.77.1.2/24,63
20201020035259,192.168.1.1/24,24
20201020035300,10.77.1.1/24,9
20201020035301,10.20.30.2/16,2
20201020035302,192.168.1.2/24,-
20201020035304,10.20.30.1/16,8
20201020035305,10.20.30.2/16,11
20201020035307,10.20.30.1/16,-
20201020035309,10.20.30.2/16,80
20201020035310,192.168.1.2/24,4
20201020035311,10.77.1.1/24,2
20201020035312,192.168.1.1/24,9
20201020035313,192.168.1.2/24,84
20201020035315,192.168.1.1/24,15
20201020035317,10.20.30.1/16,9
20201020035319,10.77.1.2/24,-
20201020035320,192.168.1.1/24,14
20201020035321,192.168.1.1/24,57
20201020035322,10.77.1.1/24,-
20201020035323,10.77.1.2/24,8
20201020035324,192.168.1.2/24,7
20201020035325,10.20.30.1/16,40
20201020035326,192.168.1.2/24,8
20201020035327,10.77.1.2/24,93
20201020035329,192.168.1.2/24,-
20201020035331,10.20.30.1/16,10
20201020035332,192.168.1.1/24,5
20201020035333,10.77.1.1/24,-
20201020035334,10.77.1.2/24,8
20201020035336,10.20.30.2/16,3
20201020035337,10.77.1.1/24,8
20201020035338,10.77.1.2/24,5
20201020035339,10.20.30.2/16,91
20201020035341,10.77.1.2/24,24
20201020035342,10.20.30.2/16,-
20201020035343,10.20.30.2/16,4
20201020035344,10.20.30.2/16,-
20201020035345,10.20.30.2/16,12
20201020035347,192.168.1.2/24,26
20201020035348,192.168.1.2/24,61
20201020035349,10.77.1.1/24,9
20201020035351,192.168.1.2/24,3
20201020035352,192.168.1.2/24,23
20201020035353,192.168.1.1/24,2
20201020035354,10.20.30.1/16,9
20201020035356,10.77.1.1/24,97
20201020035357,192.168.1.2/24,-
20201020035358,10.77.1.2/24,95
20201020035359,192.168.1.1/24,72
20201020035400,10.77.1.1/24,-
20201020035401,10.20.30.2/16,2
20201020035402,10.77.1.2/24,-
20201020035403,10.77.1.1/24,-
20201020035404,10.20.30.2/16,17
20201020035405,192.168.1.2/24,-
20201020035407,10.77.1.1/24,-
20201020035408,10.20.30.1/16,5
20201020035410,192.168.1.1/24,61
20201020035411,10.77.1.1/24,33
20201020035412,192.168.1.1/24,-
20201020035414,10.77.1.1/24,96
20201020035415,192.168.1.2/24,-
20201020035416,192.168.1.1/24,8
20201020035417,10.77.1.2/24,-
20201020035419,10.20.30.1/16,-
20201020035420,10.20.30.1/16,-
20201020035421,10.20.30.1/16,-
20201020035423,10.77.1.1/24,7
20201020035425,10.20.30.2/16,9
20201020035427,10.20.30.2/16,1
20201020035428,10.77.1.1/24,17
20201020035429,192.168.1.1/24,3
20201020035431,192.168.1.1/24,-
20201020035432,10.20.30.1/16,62
20201020035433,10.20.30.1/16,8
20201020035434,10.77.1.1/24,29
20201020035435,192.168.1.1/24,11
20201020035436,10.77.1.2/24,8
20201020035437,10.77.1.1/24,28
20201020035438,192.168.1.2/24,20
20201020035439,10.77.1.1/24,23
20201020035440,192.168.1.2/24,-
20201020035442,10.77.1.1/24,1
20201020035443,10.77.1.2/24,6
20201020035444,192.168.1.1/24,-
20201020035445,10.20.30.2/16,6
20201020035447,10.20.30.1/16,-
20201020035449,10.20.30.1/16,1
20201020035450,192.168.1.2/24,29
20201020035451,10.20.30.1/16,6
20201020035452,10.20.30.1/16,2
20201020035453,10.20.30.1/16,1
20201020035455,10.77.1.1/24,8
20201020035456,10.20.30.2/16,8
20201020035458,10.77.1.1/24,8
20201020035459,10.20.30.2/16,7
20201020035500,10.20.30.1/16,-
20201020035502,10.20.30.2/16,9
20201020035503,10.20.30.1/16,-
20201020035504,192.168.1.2/24,7
20201020035505,10.77.1.2/24,67
20201020035507,10.77.1.1/24,4
20201020035509,10.77.1.2/24,4
20201020035510,192.168.1.1/24,3
20201020035511,10.20.30.2/16,7
20201020035512,192.168.1.2/24,1
20201020035513,192.168.1.2/24,1
20201020035514,192.168.1.2/24,5
20201020035515,192.168.1.2/24,-
20201020035516,192.168.1.1/24,-
20201020035517,10.20.30.2/16,9
20201020035518,10.20.30.2/16,9
20201020035520,192.168.1.2/24,1
20201020035521,10.77.1.1/24,-
20201020035522,10.20.30.1/16,6
20201020035523,10.20.30.1/16,3
20201020035524,10.20.30.2/16,4
20201020035525,10.77.1.1/24,2
20201020035527,192.168.1.2/24,-
20201020035529,10.77.1.1/24,80
20201020035530,10.20.30.1/16,-
20201020035531,10.20.30.2/16,8
20201020035532,10.77.1.2/24,9
20201020035534,10.20.30.2/16,18
20201020035535,10.20.30.2/16,6
20201020035536,192.168.1.2/24,5
20201020035537,10.77.1.1/24,3
20201020035538,192.168.1.2/24,-
20201020035539,192.168.1.2/24,9
20201020035540,192.168.1.2/24,-
20201020035542,192.168.1.2/24,95
20201020035544,10.20.30.1/16,3
20201020035545,192.168.1.2/24,2
20201020035546,10.77.1.2/24,6
20201020035547,10.20.30.1/16,12
20201020035548,192.168.1.2/24,-
20201020035549,10.20.30.1/16,-
20201020035550,192.168.1.1/24,39
20201020035551,192.168.1.2/24,16
20201020035552,10.20.30.1/16,77
20201020035553,10.77.1.1/24,-
20201020035554,10.77.1.1/24,7
20201020035555,192.168.1.2/24,3
20201020035556,10.77.1.1/24,-
20201020035557,10.77.1.2/24,-
20201020035559,192.168.1.1/24,-
20201020035600,192.168.1.2/24,1
20201020035601,192.168.1.2/24,1
20201020035602,10.77.1.1/24,2
20201020035603,10.20.30.1/16,3
20201020035604,10.77.1.1/24,-
20201020035605,10.20.30.1/16,5
20201020035606,10.20.30.2/16,15
20201020035607,192.168.1.2/24,2
20201020035608,10.20.30.1/16,4
20201020035610,192.168.1.2/24,16
20201020035611,10.20.30.2/16,5
20201020035612,10.20.30.2/16,15
20201020035613,10.77.1.1/24,58
20201020035614,10.20.30.1/16,9
20201020035615,10.20.30.1/16,-
20201020035616,10.20.30.2/16,1
20201020035618,10.77.1.2/24,7
20201020035619,192.168.1.2/24,8
20201020035620,10.20.30.2/16,-
20201020035622,192.168.1.2/24,14
20201020035624,10.77.1.1/24,3
20201020035625,192.168.1.1/24,7
20201020035627,10.20.30.2/16,-
20201020035628,10.77.1.1/24,-
20201020035629,10.77.1.1/24,9
20201020035631,192.168.1.2/24,26
20201020035633,10.77.1.2/24,50
20201020035635,10.20.30.1/16,-
20201020035637,10.77.1.1/24,56
20201020035638,192.168.1.2/24,2
20201020035639,10.77.1.1/24,51
20201020035641,10.77.1.2/24,-
20201020035642,10.77.1.2/24,5
20201020035643,10.77.1.1/24,-
20201020035644,10.77.1.1/24,86
20201020035645,10.20.30.2/16,-
20201020035646,192.168.1.2/24,55
20201020035647,10.20.30.2/16,1
20201020035649,10.20.30.1/16,-
20201020035650,10.20.30.1/16,75
20201020035651,10.77.1.1/24,-
20201020035652,10.20.30.1/16,7
20201020035653,10.77.1.2/24,29
20201020035654,10.77.1.1/24,1
20201020035656,10.20.30.1/16,4
20201020035657,192.168.1.1/24,9
20201020035658,192.168.1.2/24,10
20201020035700,10.77.1.1/24,60
20201020035701,192.168.1.1/24,7
20201020035702,10.20.30.2/16,2
20201020035703,10.77.1.1/24,-
20201020035704,10.77.1.2/24,2
20201020035705,192.168.1.2/24,8
20201020035706,10.77.1.2/24,7
20201020035707,10.20.30.2/16,1
20201020035708,192.168.1.2/24,-
20201020035710,192.168.1.2/24,36
20201020035711,10.20.30.1/16,9
20201020035713,10.20.30.1/16,-
20201020035714,192.168.1.2/24,1
20201020035715,10.20.30.2/16,-
20201020035716,10.77.1.1/24,1
20201020035717,10.77.1.1/24,15
20201020035718,10.20.30.1/16,2
20201020035719,192.168.1.2/24,8
20201020035721,10.77.1.2/24,3
20201020035722,10.20.30.1/16,5
20201020035724,10.77.1.1/24,-
20201020035725,10.20.30.1/16,89
20201020035726,192.168.1.2/24,-
20201020035728,10.20.30.1/16,22
20201020035729,10.20.30.2/16,4
20201020035730,192.168.1.1/24,1
20201020035732,10.20.30.2/16,-
20201020035733,10.20.30.1/16,68
20201020035735,10.77.1.2/24,6
20201020035736,10.20.30.1/16,9
20201020035738,192.168.1.2/24,52
20201020035740,10.20.30.1/16,23
20201020035742,192.168.1.1/24,-
20201020035743,10.20.30.1/16,7
20201020035745,10.20.30.1/16,8
20201020035746,10.77.1.2/24,5
20201020035747,192.168.1.1/24,-
20201020035748,10.20.30.2/16,98
20201020035749,192.168.1.1/24,-
20201020035750,192.168.1.2/24,2
20201020035751,192.168.1.2/24,-
20201020035753,10.20.30.1/16,3
20201020035755,10.20.30.1/16,4
20201020035756,10.77.1.1/24,-
20201020035757,10.20.30.2/16,35
20201020035758,192.168.1.1/24,7
20201020035759,10.20.30.2/16,-
20201020035800,10.77.1.2/24,81
20201020035802,10.77.1.1/24,79
20201020035803,192.168.1.2/24,-
20201020035804,192.168.1.1/24,8
20201020035805,192.168.1.1/24,55
20201020035807,10.20.30.2/16,13
20201020035808,10.77.1.2/24,-
20201020035809,10.77.1.1/24,84
20201020035811,10.20.30.1/16,1
20201020035812,192.168.1.1/24,8
20201020035813,10.20.30.2/16,6
20201020035814,10.77.1.2/24,7
20201020035815,10.77.1.1/24,69
20201020035816,10.20.30.1/16,6
20201020035817,10.77.1.1/24,7
20201020035818,10.77.1.2/24,35
20201020035819,10.77.1.2/24,37
20201020035820,10.20.30.1/16,-
20201020035821,192.168.1.2/24,8
20201020035822,10.77.1.2/24,-
20201020035823,10.77.1.1/24,6
20201020035824,10.77.1.2/24,9
20201020035825,10.20.30.2/16,2
20201020035827,192.168.1.1/24,44
20201020035828,10.77.1.1/24,47
20201020035829,10.77.1.1/24,3
20201020035830,192.168.1.1/24,67
20201020035832,192.168.1.2/24,-
20201020035833,192.168.1.2/24,2
20201020035835,10.20.30.2/16,-
20201020035836,10.77.1.1/24,3
20201020035837,10.77.1.1/24,-
20201020035838,192.168.1.1/24,9
20201020035839,192.168.1.2/24,33
20201020035841,10.77.1.1/24,9
20201020035842,192.168.1.2/24,5
20201020035843,10.77.1.1/24,-
20201020035844,10.77.1.2/24,6
20201020035845,192.168.1.1/24,88
20201020035846,10.20.30.2/16,17
20201020035848,10.77.1.2/24,7
20201020035850,10.77.1.1/24,6
20201020035852,10.77.1.1/24,-
20201020035854,10.20.30.1/16,-
20201020035855,192.168.1.1/24,5
20201020035857,192.168.1.2/24,9
20201020035859,10.77.1.2/24,3
20201020035900,192.168.1.2/24,2
20201020035901,10.77.1.2/24,7
20201020035902,10.77.1.1/24,8
20201020035903,10.20.30.1/16,5
20201020035904,10.77.1.2/24,2
20201020035906,10.20.30.1/16,9
20201020035908,192.168.1.1/24,3
20201020035910,10.20.30.1/16,-
20201020035911,10.20.30.2/16,8
20201020035912,10.20.30.2/16,5
20201020035914,192.168.1.1/24,80
20201020035915,10.20.30.2/16,2
20201020035916,10.77.1.2/24,-
20201020035917,192.168.1.2/24,5
20201020035918,192.168.1.2/24,9
20201020035919,10.77.1.2/24,-
20201020035921,192.168.1.2/24,-
20201020035922,10.20.30.2/16,6
20201020035923,192.168.1.1/24,85
20201020035924,10.20.30.1/16,5
20201020035925,192.168.1.2/24,2
20201020035926,10.77.1.2/24,-
20201020035928,10.77.1.2/24,14
20201020035930,10.77.1.2/24,86
20201020035932,192.168.1.1/24,6
20201020035934,10.77.1.1/24,49
20201020035935,192.168.1.1/24,-
20201020035936,192.168.1.2/24,6
20201020035937,192.168.1.1/24,25
20201020035938,10.20.30.2/16,-
20201020035939,10.77.1.1/24,92
20201020035940,10.77.1.2/24,3
20201020035941,10.20.30.1/16,-
20201020035942,10.20.30.2/16,2
20201020035943,10.20.30.2/16,-
20201020035944,192.168.1.2/24,89
20201020035945,10.20.30.1/16,3
20201020035946,10.77.1.2/24,3
20201020035948,192.168.1.2/24,10
20201020035950,10.77.1.1/24,1
20201020035952,192.168.1.1/24,-
20201020035953,10.77.1.1/24,8
20201020035955,192.168.1.2/24,7
20201020035956,10.20.30.2/16,-
20201020035957,10.20.30.2/16,-
20201020035959,10.20.30.1/16,8
20201020040001,10.77.1.1/24,11
20201020040002,10.77.1.1/24,-
20201020040003,10.20.30.1/16,8
20201020040004,10.77.1.2/24,-
20201020040005,192.168.1.2/24,-
20201020040006,10.77.1.2/24,-
20201020040007,10.20.30.2/16,8
20201020040008,10.77.1.2/24,8
20201020040010,10.77.1.2/24,62
20201020040011,192.168.1.1/24,3
20201020040013,192.168.1.1/24,8
20201020040015,10.77.1.1/24,14
20201020040017,192.168.1.1/24,7
20201020040018,10.20.30.2/16,3
20201020040019,10.77.1.2/24,-
20201020040020,10.77.1.2/24,75
20201020040021,192.168.1.2/24,-
20201020040022,10.20.30.1/16,9
20201020040023,192.168.1.2/24,93
20201020040024,192.168.1.2/24,46
20201020040025,10.77.1.1/24,-
20201020040026,10.77.1.1/24,1
20201020040027,10.20.30.2/16,6
20201020040029,192.168.1.1/24,23
20201020040030,10.20.30.2/16,4
20201020040031,192.168.1.1/24,-
20201020040032,10.20.30.1/16,5
20201020040033,192.168.1.2/24,-
20201020040034,10.20.30.1/16,4
20201020040036,192.168.1.1/24,77
20201020040038,10.77.1.1/24,1
20201020040040,10.77.1.1/24,73
20201020040041,10.20.30.2/16,8
20201020040042,192.168.1.1/24,8
20201020040043,192.168.1.1/24,9
20201020040044,10.20.30.2/16,8
20201020040045,192.168.1.2/24,7
20201020040047,10.20.30.1/16,-
20201020040048,10.77.1.2/24,7
20201020040049,10.77.1.1/24,7
20201020040051,192.168.1.2/24,6
20201020040052,10.20.30.2/16,3
20201020040053,10.20.30.2/16,-
20201020040054,10.20.30.2/16,9
20201020040055,10.77.1.2/24,-
20201020040057,10.20.30.1/16,46
20201020040058,10.20.30.1/16,2
20201020040059,10.20.30.2/16,2
20201020040100,10.20.30.1/16,2
20201020040102,10.77.1.1/24,29
20201020040103,10.77.1.1/24,-
20201020040104,10.20.30.1/16,51
20201020040105,192.168.1.1/24,7
20201020040106,10.20.30.1/16,66
20201020040107,10.77.1.2/24,-
20201020040108,10.77.1.2/24,6
20201020040109,10.77.1.2/24,22
20201020040110,10.77.1.1/24,11
20201020040112,10.77.1.2/24,5
20201020040113,10.77.1.2/24,9
20201020040114,10.77.1.1/24,7
20201020040116,10.77.1.1/24,9
20201020040118,10.77.1.1/24,8
20201020040119,10.20.30.1/16,7
20201020040120,10.20.30.1/16,-
20201020040121,10.20.30.1/16,2
20201020040123,10.77.1.2/24,2
20201020040125,10.77.1.1/24,36
20201020040127,192.168.1.2/24,5
20201020040128,10.77.1.1/24,1
20201020040129,10.20.30.1/16,-
20201020040130,10.77.1.1/24,-
20201020040132,192.168.1.2/24,-
20201020040134,192.168.1.1/24,7
20201020040135,10.77.1.1/24,6
20201020040136,192.168.1.2/24,1
20201020040137,192.168.1.2/24,19
20201020040138,10.20.30.2/16,-
20201020040139,192.168.1.2/24,-
20201020040140,10.77.1.2/24,38
20201020040141,10.20.30.2/16,3
20201020040143,192.168.1.2/24,-
20201020040144,10.20.30.2/16,8
20201020040146,10.77.1.2/24,-
20201020040147,10.20.30.2/16,6
20201020040148,192.168.1.2/24,2
20201020040150,192.168.1.1/24,8
20201020040152,10.77.1.2/24,9
20201020040154,10.77.1.2/24,9
20201020040156,10.77.1.1/24,-
20201020040157,10.20.30.1/16,-
20201020040158,10.20.30.1/16,8
20201020040159,10.77.1.2/24,13
20201020040200,192.168.1.1/24,9
20201020040201,10.77.1.2/24,7
20201020040202,192.168.1.2/24,3
20201020040203,10.20.30.1/16,8
20201020040204,10.77.1.2/24,-
20201020040205,192.168.1.1/24,8
20201020040206,10.20.30.1/16,8
20201020040208,10.77.1.1/24,1
20201020040209,192.168.1.2/24,17
20201020040210,192.168.1.2/24,-
20201020040211,10.20.30.2/16,7
20201020040213,10.77.1.2/24,-
20201020040214,192.168.1.2/24,23
20201020040215,10.77.1.1/24,22
20201020040216,10.77.1.1/24,11
20201020040217,10.20.30.1/16,9
20201020040218,10.77.1.2/24,5
20201020040219,10.77.1.2/24,37
20201020040221,10.77.1.2/24,1
20201020040223,10.77.1.2/24,-
20201020040225,10.20.30.2/16,9
20201020040226,10.77.1.2/24,-
20201020040228,10.77.1.2/24,9
20201020040230,10.20.30.1/16,9
20201020040231,10.20.30.2/16,3
20201020040232,192.168.1.2/24,8
20201020040233,10.20.30.2/16,8
20201020040234,10.20.30.2/16,-
20201020040235,192.168.1.2/24,3
20201020040236,10.77.1.1/24,-
20201020040237,10.20.30.2/16,-
20201020040238,192.168.1.1/24,-
20201020040239,10.77.1.1/24,73
20201020040241,10.77.1.2/24,9
20201020040242,192.168.1.2/24,8
20201020040243,192.168.1.1/24,9
20201020040244,192.168.1.2/24,-
20201020040246,192.168.1.2/24,-
20201020040247,10.20.30.1/16,2
20201020040249,10.77.1.2/24,-
20201020040251,10.77.1.2/24,58
20201020040253,192.168.1.1/24,2
20201020040254,10.20.30.1/16,9
20201020040255,192.168.1.2/24,61
20201020040256,192.168.1.2/24,3
20201020040257,10.20.30.1/16,49
20201020040259,10.20.30.2/16,72
20201020040300,10.20.30.2/16,6
20201020040301,192.168.1.2/24,45
20201020040302,10.20.30.2/16,9
20201020040303,10.20.30.2/16,8
20201020040304,10.20.30.1/16,44
20201020040305,192.168.1.2/24,9
20201020040306,192.168.1.1/24,8
20201020040307,10.20.30.2/16,-
20201020040308,10.20.30.1/16,7
20201020040309,10.77.1.1/24,-
20201020040311,192.168.1.2/24,-
20201020040312,10.77.1.2/24,74
20201020040313,10.20.30.2/16,-
20201020040314,10.20.30.1/16,5
20201020040315,10.20.30.2/16,-
20201020040316,10.77.1.1/24,-
20201020040317,10.77.1.1/24,48
20201020040318,10.20.30.2/16,9
20201020040319,10.20.30.1/16,76
20201020040321,192.168.1.1/24,1
20201020040322,192.168.1.1/24,29
20201020040323,10.20.30.2/16,99
20201020040325,10.20.30.1/16,9
20201020040327,10.77.1.2/24,21
20201020040328,10.77.1.2/24,-
20201020040330,10.20.30.2/16,6
20201020040331,10.77.1.1/24,-
20201020040333,192.168.1.2/24,-
20201020040334,192.168.1.1/24,-
20201020040335,192.168.1.1/24,4
20201020040336,192.168.1.1/24,23
20201020040337,10.77.1.1/24,3
20201020040338,10.20.30.2/16,-
20201020040340,10.77.1.2/24,39
20201020040342,10.20.30.1/16,5
20201020040344,10.20.30.1/16,44
20201020040346,10.20.30.2/16,-
20201020040347,192.168.1.1/24,9
20201020040348,10.77.1.1/24,9
20201020040350,192.168.1.1/24,-
20201020040351,10.20.30.2/16,5
20201020040352,10.20.30.1/16,-
20201020040353,10.20.30.1/16,-
20201020040354,10.77.1.1/24,8
20201020040355,10.77.1.1/24,82
20201020040357,10.77.1.2/24,18
20201020040358,10.20.30.1/16,3
20201020040359,10.77.1.2/24,8
20201020040400,10.20.30.2/16,-
20201020040401,10.77.1.2/24,3
20201020040402,10.20.30.2/16,8
20201020040403,192.168.1.2/24,-
20201020040405,10.77.1.1/24,-
20201020040406,192.168.1.1/24,2
20201020040407,10.20.30.2/16,8
20201020040408,10.77.1.1/24,-
20201020040409,10.77.1.1/24,-
20201020040410,192.168.1.2/24,6
20201020040411,10.20.30.2/16,38
20201020040413,192.168.1.1/24,-
20201020040414,10.20.30.1/16,8
20201020040415,10.77.1.1/24,74
20201020040417,10.77.1.2/24,9
20201020040418,192.168.1.1/24,13
20201020040419,10.20.30.2/16,-
20201020040420,10.77.1.2/24,3
20201020040421,10.20.30.2/16,-
20201020040423,10.77.1.1/24,4
20201020040425,10.77.1.1/24,7
20201020040427,192.168.1.1/24,-
20201020040428,192.168.1.2/24,2
20201020040429,10.77.1.1/24,-
20201020040431,10.20.30.1/16,2
20201020040432,10.77.1.1/24,87
20201020040433,10.20.30.1/16,3
20201020040434,10.20.30.1/16,8
20201020040435,10.20.30.2/16,5
20201020040436,10.77.1.2/24,1
20201020040437,192.168.1.1/24,-
20201020040438,192.168.1.1/24,2
20201020040439,10.20.30.2/16,-
20201020040440,10.20.30.2/16,-
20201020040441,10.20.30.2/16,2
20201020040443,10.20.30.2/16,-
20201020040444,10.20.30.1/16,-
20201020040446,192.168.1.1/24,-
20201020040448,10.20.30.1/16,5
20201020040449,10.77.1.1/24,79
20201020040451,192.168.1.1/24,3
20201020040452,10.77.1.2/24,33
20201020040453,10.77.1.1/24,2
20201020040454,10.20.30.2/16,84
20201020040456,10.77.1.2/24,-
20201020040458,10.20.30.1/16,69
20201020040459,192.168.1.1/24,83
20201020040500,10.77.1.2/24,3
20201020040502,10.20.30.2/16,7
20201020040503,192.168.1.1/24,-
20201020040504,10.20.30.2/16,16
20201020040506,192.168.1.2/24,4
20201020040507,10.77.1.1/24,57
20201020040509,192.168.1.1/24,3
20201020040511,10.20.30.1/16,90
20201020040512,10.20.30.2/16,-
20201020040513,10.77.1.1/24,2
20201020040514,10.20.30.2/16,47
20201020040516,10.77.1.1/24,1
20201020040517,10.20.30.2/16,9
20201020040518,10.77.1.2/24,-
20201020040519,192.168.1.1/24,32
20201020040520,192.168.1.1/24,31
20201020040521,192.168.1.2/24,6
20201020040523,10.77.1.2/24,7
20201020040524,192.168.1.1/24,22
20201020040525,192.168.1.2/24,1
20201020040527,10.20.30.2/16,7
20201020040528,10.20.30.2/16,9
20201020040529,10.20.30.2/16,8
20201020040530,192.168.1.2/24,2
20201020040532,10.20.30.2/16,-
20201020040533,10.20.30.2/16,4
20201020040534,10.20.30.1/16,-
20201020040535,10.77.1.1/24,2
20201020040536,192.168.1.2/24,11
20201020040537,10.20.30.1/16,9
20201020040538,10.20.30.1/16,8
20201020040539,10.77.1.1/24,72
20201020040540,192.168.1.1/24,2
20201020040541,192.168.1.2/24,8
20201020040542,192.168.1.2/24,-
20201020040544,10.20.30.2/16,1
20201020040545,10.20.30.1/16,-
20201020040546,10.20.30.2/16,-
20201020040547,10.20.30.2/16,58
20201020040548,192.168.1.1/24,-
20201020040549,10.77.1.1/24,-
20201020040550,10.77.1.1/24,7
20201020040552,192.168.1.2/24,4
20201020040553,10.20.30.2/16,9
20201020040554,10.20.30.2/16,-
20201020040555,192.168.1.2/24,4
20201020040556,10.20.30.2/16,6
20201020040557,10.77.1.1/24,8
20201020040558,192.168.1.2/24,-
20201020040600,10.20.30.1/16,5
20201020040601,192.168.1.2/24,-
20201020040602,10.20.30.1/16,3
20201020040603,10.20.30.1/16,5
20201020040604,192.168.1.2/24,15
20201020040605,192.168.1.1/24,3
20201020040606,10.77.1.1/24,3
20201020040607,192.168.1.2/24,6
20201020040608,10.77.1.1/24,3
20201020040609,192.168.1.1/24,4
20201020040610,10.20.30.1/16,7
20201020040611,10.77.1.1/24,-
20201020040612,192.168.1.1/24,2
20201020040613,10.77.1.2/24,-
20201020040614,192.168.1.2/24,2
20201020040616,192.168.1.2/24,7
20201020040617,10.20.30.2/16,28
20201020040619,10.20.30.1/16,-
20201020040620,10.77.1.2/24,9
20201020040622,10.77.1.2/24,65
20201020040623,10.20.30.1/16,4
20201020040624,10.20.30.2/16,8
20201020040625,192.168.1.1/24,-
20201020040626,192.168.1.2/24,3
20201020040627,192.168.1.2/24,6
20201020040628,10.77.1.2/24,-
20201020040630,10.77.1.2/24,7
20201020040631,192.168.1.2/24,3
20201020040632,10.77.1.1/24,9
20201020040634,10.20.30.2/16,-
20201020040636,10.20.30.2/16,9
20201020040638,10.20.30.1/16,5
20201020040639,10.77.1.2/24,9
20201020040640,10.77.1.1/24,6
20201020040641,10.77.1.2/24,83
20201020040643,10.20.30.1/16,9
20201020040644,10.20.30.1/16,-
20201020040645,10.77.1.1/24,9
20201020040646,192.168.1.1/24,-
20201020040647,10.20.30.1/16,6
20201020040648,10.20.30.2/16,-
20201020040649,10.20.30.1/16,57
20201020040650,192.168.1.1/24,2
20201020040651,10.77.1.2/24,-
20201020040652,10.77.1.1/24,58
20201020040653,192.168.1.1/24,-
20201020040654,10.20.30.1/16,4
20201020040655,10.20.30.1/16,-
20201020040656,10.20.30.1/16,98
20201020040657,10.77.1.2/24,9
20201020040658,192.168.1.1/24,8
20201020040659,192.168.1.1/24,-
20201020040700,192.168.1.2/24,4
20201020040701,10.20.30.2/16,-
20201020040702,10.77.1.2/24,85
20201020040703,10.77.1.1/24,6
20201020040704,10.77.1.1/24,7
20201020040706,10.77.1.1/24,8
20201020040707,192.168.1.2/24,40
20201020040708,192.168.1.1/24,66
20201020040710,10.77.1.2/24,8
20201020040712,10.20.30.2/16,5
20201020040713,192.168.1.2/24,58
20201020040714,10.77.1.2/24,3
20201020040716,10.20.30.2/16,52
20201020040717,192.168.1.2/24,2
20201020040718,10.77.1.1/24,7
20201020040719,10.20.30.2/16,47
20201020040720,192.168.1.1/24,97
20201020040721,10.77.1.2/24,6
20201020040722,192.168.1.1/24,1
20201020040724,10.20.30.2/16,7
20201020040726,192.168.1.2/24,2
20201020040727,10.20.30.2/16,15
20201020040728,192.168.1.1/24,-
20201020040729,192.168.1.2/24,3
20201020040730,10.20.30.1/16,8
20201020040731,192.168.1.2/24,-
20201020040733,10.77.1.1/24,60
20201020040734,10.77.1.1/24,-
20201020040735,10.77.1.2/24,-
20201020040737,192.168.1.2/24,1
20201020040738,10.77.1.1/24,-
20201020040739,10.77.1.2/24,5
20201020040740,10.20.30.2/16,5
20201020040741,10.77.1.2/24,76
20201020040742,10.20.30.1/16,7
20201020040743,10.20.30.1/16,5
20201020040744,10.77.1.2/24,9
20201020040746,192.168.1.2/24,-
20201020040747,10.20.30.2/16,22
20201020040748,10.77.1.1/24,9
20201020040749,10.77.1.2/24,-
20201020040750,192.168.1.2/24,12
20201020040751,192.168.1.2/24,20
20201020040752,192.168.1.1/24,16
20201020040753,192.168.1.2/24,-
20201020040754,192.168.1.2/24,48
20201020040756,10.77.1.1/24,-
20201020040757,10.77.1.2/24,1
20201020040758,10.20.30.1/16,8
20201020040759,10.20.30.2/16,7
20201020040800,10.20.30.1/16,1
20201020040802,10.77.1.1/24,24
20201020040803,10.77.1.1/24,5
20201020040804,192.168.1.1/24,44
20201020040805,10.77.1.2/24,7
20201020040806,10.20.30.2/16,43
20201020040807,192.168.1.2/24,4
20201020040808,10.77.1.1/24,3
20201020040809,10.20.30.1/16,7
20201020040810,10.20.30.2/16,8
20201020040811,10.20.30.1/16,1
20201020040812,10.20.30.2/16,2
20201020040814,10.20.30.1/16,-
20201020040815,10.20.30.1/16,6
20201020040816,192.168.1.2/24,9
20201020040817,10.20.30.1/16,6
20201020040818,10.20.30.2/16,2
20201020040819,192.168.1.1/24,-
20201020040820,10.77.1.1/24,31
20201020040821,192.168.1.2/24,34
20201020040822,10.20.30.2/16,1
20201020040823,10.20.30.2/16,-
20201020040824,10.20.30.2/16,7
20201020040825,10.77.1.2/24,7
20201020040826,10.20.30.1/16,1
20201020040828,10.77.1.2/24,30
20201020040829,192.168.1.2/24,61
20201020040830,10.77.1.1/24,6
20201020040831,10.77.1.1/24,3
20201020040832,192.168.1.2/24,1
20201020040834,10.77.1.1/24,9
20201020040835,10.77.1.2/24,-
20201020040836,10.77.1.1/24,7
20201020040838,10.77.1.2/24,5
20201020040839,10.20.30.2/16,7
20201020040840,10.77.1.2/24,1
20201020040841,10.77.1.2/24,38
20201020040842,10.77.1.2/24,-
20201020040844,10.20.30.2/16,7
20201020040846,10.77.1.1/24,6
20201020040847,10.20.30.1/16,63
20201020040848,10.20.30.2/16,81
20201020040849,192.168.1.1/24,7
20201020040850,10.20.30.2/16,6
20201020040851,10.20.30.2/16,-
20201020040852,10.77.1.2/24,7
20201020040853,192.168.1.2/24,38
20201020040855,10.20.30.2/16,7
20201020040856,10.20.30.1/16,6
20201020040857,192.168.1.2/24,-
20201020040858,10.77.1.1/24,27
20201020040859,10.77.1.2/24,-
20201020040900,10.20.30.1/16,5
20201020040902,10.77.1.1/24,32
20201020040903,192.168.1.2/24,1
20201020040905,10.20.30.1/16,2
20201020040906,10.77.1.2/24,2
20201020040907,10.20.30.1/16,2
20201020040909,10.20.30.1/16,5
20201020040911,192.168.1.2/24,11
20201020040912,10.20.30.1/16,5
20201020040913,192.168.1.1/24,34
20201020040914,10.77.1.2/24,1
20201020040916,192.168.1.1/24,1
20201020040917,10.77.1.2/24,93
20201020040918,192.168.1.2/24,-
20201020040919,10.77.1.2/24,-
20201020040920,10.77.1.2/24,6
20201020040922,10.20.30.1/16,-
20201020040923,192.168.1.1/24,56
20201020040924,10.77.1.2/24,-
20201020040926,10.77.1.1/24,-
20201020040927,10.77.1.2/24,8
20201020040928,10.77.1.1/24,3
20201020040929,10.20.30.1/16,7
20201020040930,10.20.30.2/16,1
20201020040931,10.77.1.2/24,85
20201020040932,192.168.1.2/24,6
20201020040934,10.20.30.1/16,18
20201020040935,10.77.1.1/24,51
20201020040936,10.20.30.2/16,5
20201020040938,10.20.30.2/16,1
20201020040940,192.168.1.2/24,3
20201020040941,192.168.1.1/24,2
20201020040943,10.77.1.1/24,-
20201020040944,192.168.1.2/24,4
20201020040945,10.20.30.1/16,-
20201020040947,10.77.1.2/24,29
20201020040948,192.168.1.2/24,-
20201020040949,10.20.30.2/16,5
20201020040951,10.77.1.1/24,-
20201020040952,10.20.30.2/16,6
20201020040953,192.168.1.2/24,-
20201020040954,10.20.30.2/16,5
20201020040955,10.77.1.2/24,6
20201020040956,10.20.30.2/16,3
20201020040957,192.168.1.1/24,-
20201020040958,10.77.1.2/24,8
20201020040959,192.168.1.2/24,1
20201020041000,10.20.30.1/16,-
20201020041002,10.20.30.2/16,5
20201020041003,10.20.30.2/16,8
20201020041004,10.77.1.1/24,7
20201020041005,192.168.1.1/24,8
20201020041006,192.168.1.1/24,28
20201020041007,10.77.1.2/24,66
20201020041008,10.77.1.2/24,91
20201020041009,192.168.1.1/24,-
20201020041010,10.77.1.2/24,3
20201020041012,10.20.30.2/16,4
20201020041013,10.20.30.2/16,69
20201020041014,10.77.1.1/24,7
20201020041015,10.20.30.2/16,2
20201020041017,10.20.30.1/16,1
20201020041018,10.77.1.1/24,-
20201020041019,10.77.1.2/24,75
20201020041020,10.77.1.2/24,41
20201020041021,10.20.30.1/16,4
20201020041022,10.77.1.1/24,-
20201020041024,10.77.1.2/24,-
20201020041025,192.168.1.2/24,5
20201020041026,192.168.1.2/24,7
20201020041028,192.168.1.1/24,3
20201020041029,10.77.1.1/24,81
20201020041031,192.168.1.1/24,7
20201020041033,192.168.1.1/24,9
20201020041035,192.168.1.1/24,3
20201020041036,10.77.1.1/24,30
20201020041037,192.168.1.1/24,9
20201020041038,192.168.1.1/24,6
20201020041040,10.77.1.2/24,71
20201020041041,10.20.30.2/16,3
20201020041042,10.77.1.2/24,-
20201020041043,192.168.1.2/24,-
20201020041045,10.20.30.1/16,3
20201020041046,192.168.1.1/24,65
20201020041047,10.20.30.1/16,8
20201020041048,10.20.30.1/16,54
20201020041049,10.20.30.1/16,67
20201020041050,10.77.1.1/24,7
20201020041051,192.168.1.1/24,12
20201020041052,10.20.30.2/16,6
20201020041053,10.20.30.1/16,8
20201020041055,192.168.1.1/24,62
20201020041056,10.20.30.2/16,5
20201020041057,10.20.30.1/16,2
20201020041058,10.77.1.2/24,4
20201020041059,10.77.1.1/24,2
20201020041100,192.168.1.2/24,9
20201020041101,10.20.30.2/16,9
20201020041102,10.20.30.2/16,-
20201020041103,10.77.1.1/24,5
20201020041104,10.77.1.1/24,2
20201020041106,10.20.30.1/16,-
20201020041107,10.20.30.1/16,7
20201020041108,192.168.1.2/24,9
20201020041109,10.20.30.2/16,7
20201020041110,192.168.1.1/24,62
20201020041111,10.77.1.1/24,-
20201020041112,10.77.1.1/24,4
20201020041114,10.20.30.1/16,-
20201020041115,10.77.1.2/24,-
20201020041116,10.77.1.1/24,-
20201020041117,192.168.1.1/24,1
20201020041118,10.77.1.2/24,16
20201020041119,10.20.30.1/16,6
20201020041121,10.20.30.2/16,6
20201020041122,10.77.1.1/24,2
20201020041123,192.168.1.2/24,28
20201020041124,10.77.1.1/24,9
20201020041125,10.77.1.1/24,-
20201020041126,192.168.1.2/24,5
20201020041127,10.20.30.2/16,1
20201020041129,10.20.30.1/16,-
20201020041130,10.77.1.2/24,9
20201020041131,10.20.30.2/16,-
20201020041132,192.168.1.2/24,89
20201020041133,192.168.1.1/24,30
20201020041134,192.168.1.2/24,-
20201020041135,192.168.1.1/24,6
20201020041136,192.168.1.2/24,14
20201020041137,10.77.1.1/24,-
20201020041138,192.168.1.2/24,24
20201020041139,10.20.30.1/16,-
20201020041140,10.77.1.1/24,12
20201020041142,192.168.1.2/24,-
20201020041143,192.168.1.2/24,-
20201020041144,10.77.1.1/24,-
20201020041145,10.77.1.1/24,1
20201020041146,10.20.30.1/16,8
20201020041147,192.168.1.1/24,10
20201020041148,192.168.1.1/24,37
20201020041149,10.20.30.1/16,1
20201020041151,192.168.1.2/24,9
20201020041152,10.77.1.2/24,-
20201020041153,10.77.1.2/24,98
20201020041154,10.77.1.1/24,3
20201020041155,10.20.30.1/16,69
20201020041156,10.77.1.1/24,7
20201020041158,10.77.1.1/24,-
20201020041159,10.20.30.2/16,-
20201020041200,10.77.1.2/24,9
20201020041202,192.168.1.2/24,-
20201020041203,10.77.1.1/24,-
20201020041204,10.20.30.2/16,-
20201020041206,10.77.1.1/24,7
20201020041208,10.20.30.2/16,-
20201020041210,10.20.30.1/16,-
20201020041211,10.20.30.2/16,93
20201020041212,192.168.1.2/24,3
20201020041213,10.77.1.1/24,4
20201020041214,192.168.1.1/24,9
20201020041216,192.168.1.2/24,-
20201020041217,10.20.30.1/16,2
20201020041218,10.77.1.2/24,5
20201020041219,192.168.1.2/24,-
20201020041220,192.168.1.1/24,2
20201020041222,10.77.1.2/24,20
20201020041223,192.168.1.1/24,4
20201020041224,10.77.1.2/24,8
20201020041225,192.168.1.2/24,6
20201020041226,10.77.1.1/24,-
20201020041227,10.20.30.2/16,3
20201020041228,192.168.1.1/24,7
20201020041229,10.77.1.1/24,-
20201020041230,10.20.30.2/16,2
20201020041231,192.168.1.1/24,64
20201020041232,192.168.1.2/24,7
20201020041233,10.20.30.2/16,-
20201020041234,192.168.1.1/24,3
20201020041235,192.168.1.1/24,-
20201020041237,10.20.30.1/16,69
20201020041239,10.20.30.1/16,6
20201020041240,10.77.1.2/24,9
20201020041242,192.168.1.1/24,92
20201020041244,10.77.1.1/24,30
20201020041246,192.168.1.2/24,3
20201020041247,10.20.30.2/16,6
20201020041248,10.77.1.1/24,-
20201020041249,192.168.1.2/24,-
20201020041250,10.77.1.2/24,5
20201020041251,10.77.1.1/24,-
20201020041252,10.20.30.1/16,6
20201020041253,10.20.30.2/16,6
20201020041254,192.168.1.2/24,12
20201020041255,10.77.1.2/24,3
20201020041257,10.20.30.2/16,79
20201020041258,10.77.1.1/24,31
20201020041300,10.77.1.2/24,7
20201020041302,10.77.1.2/24,9
20201020041303,10.20.30.2/16,2
20201020041304,10.77.1.2/24,72
20201020041305,10.77.1.2/24,2
20201020041306,10.77.1.2/24,-
20201020041307,10.20.30.1/16,-
20201020041308,10.20.30.2/16,9
20201020041309,10.20.30.2/16,10
20201020041310,10.77.1.1/24,68
20201020041311,10.20.30.2/16,-
20201020041312,10.20.30.2/16,2
20201020041313,192.168.1.2/24,-
20201020041315,10.20.30.2/16,55
20201020041317,10.20.30.1/16,3
20201020041319,10.77.1.1/24,-
20201020041320,10.77.1.2/24,8
20201020041321,10.77.1.1/24,67
20201020041322,10.20.30.2/16,3
20201020041323,10.77.1.1/24,2
20201020041324,192.168.1.2/24,-
20201020041326,192.168.1.1/24,14
20201020041327,10.20.30.2/16,3
20201020041328,192.168.1.2/24,97
20201020041329,192.168.1.2/24,-
20201020041331,10.77.1.1/24,-
20201020041332,10.20.30.1/16,-
20201020041334,10.77.1.2/24,5
20201020041335,10.77.1.2/24,20
20201020041336,10.20.30.1/16,9
20201020041338,10.20.30.1/16,6
20201020041339,192.168.1.2/24,3
20201020041341,10.20.30.1/16,8
20201020041342,10.20.30.2/16,2
20201020041343,10.20.30.1/16,6
20201020041344,10.77.1.2/24,-
20201020041345,192.168.1.1/24,-
20201020041346,10.20.30.2/16,-
20201020041347,192.168.1.2/24,87
20201020041348,10.77.1.1/24,4
20201020041349,192.168.1.1/24,4
20201020041350,192.168.1.1/24,9
20201020041351,192.168.1.1/24,97
20201020041352,10.77.1.2/24,7
20201020041353,10.77.1.1/24,26
20201020041354,10.20.30.2/16,-
20201020041355,10.20.30.2/16,49
20201020041356,10.20.30.2/16,6
20201020041357,192.168.1.1/24,8
20201020041359,10.20.30.1/16,-
20201020041400,192.168.1.2/24,4
20201020041401,10.77.1.1/24,17
20201020041402,10.20.30.1/16,-
20201020041403,10.77.1.2/24,3
20201020041404,10.20.30.1/16,59
20201020041406,10.77.1.2/24,-
20201020041407,192.168.1.2/24,7
20201020041408,10.20.30.1/16,5
20201020041410,192.168.1.1/24,9
20201020041411,10.20.30.1/16,2
20201020041412,10.20.30.2/16,44
20201020041413,10.20.30.1/16,-
20201020041415,192.168.1.1/24,4
20201020041416,10.77.1.2/24,8
20201020041417,192.168.1.2/24,3
20201020041418,10.77.1.1/24,5
20201020041419,192.168.1.2/24,29
20201020041420,10.77.1.1/24,35
20201020041422,10.20.30.2/16,8
20201020041423,192.168.1.1/24,5
20201020041425,10.77.1.2/24,40
20201020041426,192.168.1.1/24,89
20201020041427,10.77.1.2/24,4
20201020041428,10.20.30.1/16,-
20201020041429,10.20.30.2/16,3
20201020041430,10.77.1.2/24,-
20201020041432,10.77.1.2/24,-
20201020041433,10.77.1.1/24,8
20201020041435,192.168.1.2/24,94
20201020041436,10.77.1.2/24,82
20201020041437,10.20.30.1/16,2
20201020041438,10.77.1.1/24,9
20201020041439,10.77.1.2/24,3
20201020041440,10.77.1.2/24,58
20201020041441,10.77.1.1/24,94
20201020041443,10.20.30.1/16,7
20201020041444,10.77.1.1/24,17
20201020041445,192.168.1.1/24,6
20201020041446,10.77.1.2/24,2
20201020041447,10.20.30.2/16,8
20201020041449,192.168.1.1/24,1
20201020041450,10.77.1.2/24,4
20201020041451,192.168.1.1/24,9
20201020041452,10.77.1.1/24,7
20201020041454,10.20.30.1/16,2
20201020041455,10.77.1.1/24,60
20201020041456,10.20.30.1/16,7
20201020041458,10.20.30.2/16,5
20201020041459,192.168.1.1/24,-
20201020041500,10.77.1.2/24,-
20201020041501,10.20.30.1/16,18
20201020041502,10.77.1.1/24,14
20201020041503,10.20.30.1/16,7
20201020041504,10.20.30.1/16,2
20201020041505,10.77.1.1/24,9
20201020041506,10.77.1.2/24,7
20201020041507,192.168.1.1/24,4
20201020041508,10.77.1.2/24,-
20201020041510,192.168.1.1/24,6
20201020041511,10.20.30.2/16,88
20201020041512,10.20.30.2/16,-
20201020041513,10.20.30.1/16,35
20201020041514,10.77.1.2/24,68
20201020041516,10.77.1.1/24,4
20201020041517,10.77.1.2/24,17
20201020041518,10.77.1.2/24,-
20201020041519,192.168.1.1/24,9
20201020041521,10.20.30.1/16,9
20201020041522,10.20.30.1/16,7
20201020041523,10.77.1.1/24,10
20201020041525,192.168.1.2/24,48
20201020041526,10.77.1.1/24,8
20201020041527,192.168.1.1/24,3
20201020041528,10.20.30.1/16,19
20201020041530,10.77.1.1/24,8
20201020041531,10.20.30.1/16,7
20201020041532,192.168.1.1/24,-
20201020041533,192.168.1.1/24,28
20201020041535,10.20.30.1/16,77
20201020041536,10.20.30.1/16,68
20201020041537,10.77.1.2/24,-
20201020041538,10.77.1.1/24,-
20201020041539,192.168.1.1/24,5
20201020041541,192.168.1.2/24,1
20201020041543,192.168.1.2/24,15
20201020041544,10.77.1.1/24,2
20201020041545,10.20.30.2/16,7
20201020041547,10.20.30.1/16,1
20201020041548,10.20.30.1/16,-
20201020041549,192.168.1.2/24,9
20201020041551,10.20.30.1/16,4
20201020041552,10.20.30.1/16,57
20201020041553,10.20.30.2/16,3
20201020041554,10.77.1.2/24,3
20201020041555,10.20.30.2/16,9
20201020041556,10.77.1.2/24,10
20201020041557,10.77.1.2/24,-
20201020041558,10.77.1.1/24,9
20201020041559,10.20.30.2/16,-
20201020041600,10.20.30.2/16,-
20201020041602,192.168.1.1/24,-
20201020041603,10.20.30.2/16,9
20201020041605,10.77.1.1/24,-
20201020041606,10.20.30.2/16,6
20201020041607,192.168.1.2/24,3
20201020041608,10.77.1.2/24,1
20201020041609,10.77.1.1/24,1
20201020041610,10.77.1.2/24,-
20201020041611,10.77.1.2/24,5
20201020041613,10.20.30.2/16,10
20201020041614,192.168.1.1/24,35
20201020041616,10.77.1.1/24,8
20201020041617,10.77.1.2/24,-
20201020041618,192.168.1.1/24,50
20201020041620,10.20.30.1/16,-
20201020041621,10.20.30.2/16,3
20201020041622,10.20.30.1/16,1
20201020041623,10.77.1.1/24,70
20201020041624,10.20.30.1/16,-
20201020041625,192.168.1.2/24,6
20201020041626,192.168.1.2/24,-
20201020041627,10.77.1.2/24,-
20201020041628,192.168.1.2/24,-
20201020041629,10.77.1.2/24,9
20201020041630,192.168.1.2/24,-
20201020041631,192.168.1.1/24,7
20201020041632,10.20.30.2/16,6
20201020041633,10.77.1.2/24,3
20201020041634,10.77.1.2/24,-
20201020041635,10.20.30.1/16,6
20201020041636,192.168.1.2/24,-
20201020041637,192.168.1.2/24,-
20201020041638,10.77.1.1/24,7
20201020041639,10.20.30.1/16,2
20201020041640,10.20.30.2/16,-
20201020041642,192.168.1.2/24,4
20201020041643,10.77.1.1/24,5
20201020041644,10.77.1.1/24,1
20201020041646,10.77.1.1/24,11
20201020041647,10.77.1.2/24,2
20201020041648,10.20.30.2/16,62
20201020041649,192.168.1.2/24,4
20201020041650,10.20.30.2/16,1
20201020041651,192.168.1.1/24,4
20201020041652,10.77.1.2/24,9
20201020041653,192.168.1.1/24,4
20201020041655,10.77.1.1/24,8
20201020041656,10.20.30.1/16,17
20201020041657,10.77.1.1/24,-
20201020041658,192.168.1.1/24,4
20201020041659,192.168.1.2/24,3
20201020041700,192.168.1.1/24,6
20201020041701,10.77.1.1/24,2
20201020041702,10.77.1.2/24,5
20201020041703,10.77.1.2/24,5
20201020041705,10.20.30.1/16,3
20201020041706,10.20.30.1/16,-
20201020041707,192.168.1.1/24,9
20201020041709,10.20.30.1/16,2
20201020041710,10.77.1.2/24,5
20201020041712,10.20.30.1/16,1
20201020041714,192.168.1.2/24,87
20201020041715,192.168.1.1/24,5
20201020041716,10.77.1.2/24,75
20201020041718,192.168.1.2/24,-
20201020041720,10.77.1.2/24,16
20201020041721,10.77.1.2/24,1
20201020041722,10.20.30.1/16,-
20201020041723,10.77.1.1/24,7
20201020041724,192.168.1.1/24,6
20201020041725,192.168.1.2/24,8
20201020041727,192.168.1.1/24,-
20201020041728,10.77.1.1/24,6
20201020041729,10.77.1.2/24,8
20201020041731,10.77.1.2/24,15
20201020041732,192.168.1.1/24,3
20201020041733,10.77.1.2/24,9
20201020041734,10.77.1.2/24,64
20201020041735,10.20.30.2/16,6
20201020041736,10.77.1.1/24,33
20201020041737,192.168.1.2/24,87
20201020041739,192.168.1.2/24,9
20201020041740,10.77.1.1/24,-
20201020041741,10.77.1.1/24,81
20201020041742,10.20.30.2/16,9
20201020041743,192.168.1.1/24,-
20201020041745,192.168.1.2/24,-
20201020041746,10.20.30.2/16,4
20201020041747,192.168.1.2/24,-
20201020041748,10.77.1.2/24,-
20201020041749,192.168.1.2/24,65
20201020041750,192.168.1.2/24,44
20201020041751,192.168.1.2/24,32
20201020041753,10.77.1.2/24,9
20201020041754,10.20.30.2/16,4
20201020041755,192.168.1.1/24,19
20201020041756,10.20.30.2/16,45
20201020041757,10.77.1.1/24,7
20201020041758,192.168.1.1/24,9
20201020041759,192.168.1.1/24,6
20201020041800,10.77.1.1/24,3
20201020041802,10.20.30.1/16,-
20201020041803,10.20.30.2/16,-
20201020041805,10.20.30.2/16,2
20201020041806,10.77.1.1/24,19
20201020041807,192.168.1.1/24,26
20201020041809,10.77.1.2/24,5
20201020041810,10.77.1.2/24,6
20201020041812,10.77.1.2/24,38
20201020041813,10.77.1.2/24,8
20201020041814,10.20.30.1/16,9
20201020041815,192.168.1.1/24,3
20201020041816,192.168.1.1/24,9
20201020041817,10.20.30.2/16,7
20201020041818,10.20.30.1/16,8
20201020041820,10.20.30.1/16,2
20201020041821,10.20.30.1/16,9
20201020041822,192.168.1.2/24,79
20201020041823,192.168.1.1/24,-
20201020041825,192.168.1.1/24,2
20201020041826,10.20.30.1/16,20
20201020041828,192.168.1.1/24,9
20201020041829,192.168.1.1/24,99
20201020041830,192.168.1.2/24,5
20201020041831,192.168.1.2/24,5
20201020041833,192.168.1.1/24,2
20201020041834,10.20.30.2/16,3
20201020041836,10.77.1.1/24,9
20201020041837,10.20.30.1/16,1
20201020041838,192.168.1.2/24,9
20201020041839,192.168.1.1/24,-
20201020041840,192.168.1.1/24,9
20201020041842,10.20.30.2/16,5
20201020041843,10.77.1.1/24,-
20201020041844,192.168.1.2/24,7
20201020041845,10.77.1.2/24,-
20201020041846,10.20.30.2/16,-
20201020041847,10.77.1.2/24,42
20201020041849,10.20.30.2/16,4
20201020041850,10.20.30.1/16,2
20201020041851,192.168.1.2/24,-
20201020041852,192.168.1.2/24,-
20201020041854,10.20.30.1/16,5
20201020041855,192.168.1.1/24,3
20201020041856,10.77.1.2/24,7
20201020041857,10.20.30.1/16,-
20201020041859,10.77.1.1/24,2
20201020041901,10.20.30.1/16,9
20201020041902,10.77.1.2/24,24
20201020041903,10.20.30.1/16,-
20201020041904,192.168.1.2/24,22
20201020041905,192.168.1.1/24,11
20201020041907,10.77.1.1/24,21
20201020041909,10.77.1.2/24,-
20201020041911,10.20.30.2/16,2
20201020041912,10.77.1.1/24,-
20201020041913,10.20.30.2/16,1
20201020041914,10.77.1.2/24,5
20201020041915,10.77.1.1/24,0
20201020041916,10.77.1.2/24,2
20201020041918,10.77.1.2/24,9
20201020041920,10.77.1.2/24,69
20201020041921,10.20.30.1/16,1
20201020041922,10.20.30.1/16,7
20201020041924,192.168.1.1/24,4
20201020041925,10.20.30.1/16,8
20201020041926,10.20.30.2/16,58
20201020041927,10.20.30.2/16,8
20201020041928,192.168.1.2/24,4
20201020041929,10.20.30.1/16,57
20201020041930,10.77.1.1/24,23
20201020041931,10.77.1.2/24,-
20201020041933,192.168.1.2/24,5
20201020041935,10.20.30.2/16,4
20201020041936,10.20.30.2/16,98
20201020041937,10.77.1.1/24,5
20201020041938,10.20.30.1/16,3
20201020041939,10.20.30.1/16,-
20201020041941,10.77.1.1/24,9
20201020041942,10.77.1.1/24,-
20201020041944,10.20.30.2/16,2
20201020041946,10.77.1.2/24,7
20201020041947,10.77.1.1/24,17
20201020041949,10.20.30.1/16,12
20201020041950,10.20.30.1/16,5
20201020041951,10.20.30.2/16,5
20201020041952,192.168.1.2/24,11
20201020041953,192.168.1.2/24,-
20201020041954,10.20.30.2/16,8
20201020041955,10.20.30.1/16,-
20201020041956,10.20.30.2/16,12
20201020041957,10.77.1.2/24,5
20201020041958,10.77.1.2/24,3
20201020041959,192.168.1.1/24,3
20201020042000,10.20.30.1/16,15
20201020042001,192.168.1.1/24,3
20201020042002,10.77.1.1/24,6
20201020042003,10.77.1.2/24,33
20201020042004,192.168.1.2/24,6
20201020042005,10.20.30.1/16,1
20201020042007,10.20.30.1/16,-
20201020042008,10.77.1.1/24,65
20201020042010,10.77.1.1/24,-
20201020042012,192.168.1.1/24,-
20201020042013,10.77.1.2/24,-
20201020042014,192.168.1.1/24,36
20201020042015,10.77.1.1/24,67
20201020042016,10.20.30.1/16,2
20201020042017,10.77.1.1/24,-
20201020042018,10.20.30.1/16,-
20201020042019,10.20.30.1/16,-
20201020042020,10.20.30.1/16,5
20201020042021,10.77.1.1/24,2
20201020042023,10.77.1.2/24,-
20201020042024,192.168.1.2/24,-
20201020042025,10.20.30.2/16,5
20201020042026,10.20.30.1/16,8
20201020042028,10.20.30.2/16,9
20201020042029,192.168.1.1/24,84
20201020042030,10.20.30.1/16,3
20201020042031,192.168.1.1/24,9
20201020042032,192.168.1.1/24,2
20201020042033,10.20.30.2/16,99
20201020042034,10.77.1.2/24,1
20201020042035,10.20.30.1/16,38
20201020042037,10.77.1.2/24,-
20201020042038,192.168.1.1/24,7
20201020042039,10.20.30.2/16,21
20201020042041,10.20.30.2/16,99
20201020042042,192.168.1.1/24,39
20201020042043,10.20.30.2/16,5
20201020042044,10.77.1.1/24,1
20201020042045,192.168.1.1/24,6
20201020042046,10.20.30.1/16,38
20201020042047,10.20.30.1/16,7
20201020042048,192.168.1.2/24,1
20201020042049,10.77.1.1/24,-
20201020042050,192.168.1.1/24,7
20201020042051,10.20.30.2/16,77
20201020042053,10.20.30.1/16,28
20201020042054,10.77.1.2/24,6
20201020042056,10.77.1.1/24,2
20201020042057,192.168.1.2/24,3
20201020042059,10.77.1.2/24,6
20201020042100,10.20.30.1/16,4
20201020042101,10.77.1.2/24,5
20201020042103,10.77.1.2/24,-
20201020042105,192.168.1.1/24,97
20201020042106,10.20.30.2/16,-
20201020042108,192.168.1.1/24,-
20201020042110,192.168.1.2/24,12
20201020042111,192.168.1.2/24,7
20201020042112,10.77.1.2/24,-
20201020042114,10.77.1.2/24,5
20201020042115,192.168.1.2/24,8
20201020042116,10.77.1.2/24,5
20201020042117,10.77.1.1/24,5
20201020042118,10.77.1.1/24,5
20201020042120,10.77.1.1/24,10
20201020042121,10.77.1.2/24,-
20201020042122,10.77.1.1/24,-
20201020042123,192.168.1.2/24,-
20201020042124,10.77.1.2/24,77
20201020042125,10.20.30.2/16,-
20201020042127,192.168.1.2/24,42
20201020042128,192.168.1.1/24,4
20201020042129,192.168.1.2/24,13
20201020042131,10.20.30.1/16,3
20201020042133,10.77.1.2/24,2
20201020042134,10.20.30.1/16,9
20201020042135,10.20.30.1/16,-
20201020042137,10.77.1.2/24,8
20201020042138,10.77.1.2/24,6
20201020042139,10.77.1.2/24,4
20201020042140,10.77.1.2/24,-
20201020042141,10.77.1.2/24,45
20201020042142,192.168.1.2/24,10
20201020042143,10.77.1.1/24,75
20201020042144,10.77.1.2/24,6
20201020042146,192.168.1.1/24,4
20201020042147,10.77.1.2/24,-
20201020042148,10.77.1.1/24,8
20201020042149,10.20.30.1/16,2
20201020042151,192.168.1.1/24,5
20201020042153,10.77.1.1/24,4
20201020042155,10.20.30.1/16,31
20201020042156,192.168.1.1/24,5
20201020042157,192.168.1.2/24,4
20201020042159,10.20.30.2/16,9
20201020042200,10.20.30.1/16,-
20201020042201,10.77.1.2/24,-
20201020042202,10.20.30.2/16,94
20201020042203,10.20.30.1/16,1
20201020042204,10.20.30.2/16,-
20201020042205,10.77.1.2/24,8
20201020042206,10.77.1.2/24,51
20201020042208,10.20.30.1/16,74
20201020042209,10.77.1.2/24,88
20201020042211,192.168.1.2/24,61
20201020042212,10.77.1.2/24,7
20201020042213,192.168.1.2/24,-
20201020042214,10.77.1.1/24,6
20201020042216,10.77.1.1/24,7
20201020042217,10.20.30.1/16,5
20201020042218,10.20.30.1/16,4
20201020042219,192.168.1.1/24,9
20201020042220,10.20.30.2/16,7
20201020042221,10.20.30.2/16,-
20201020042223,192.168.1.1/24,1
20201020042225,192.168.1.1/24,2
20201020042226,10.77.1.1/24,30
20201020042227,10.77.1.2/24,4
20201020042229,10.20.30.1/16,-
20201020042231,192.168.1.2/24,4
20201020042233,192.168.1.1/24,-
20201020042234,10.77.1.1/24,12
20201020042236,10.20.30.1/16,50
20201020042238,10.20.30.2/16,63
20201020042239,10.20.30.2/16,68
20201020042240,10.20.30.2/16,8
20201020042242,10.20.30.2/16,6
20201020042243,10.77.1.1/24,43
20201020042244,192.168.1.1/24,3
20201020042245,10.20.30.2/16,2
20201020042246,10.20.30.2/16,-
20201020042247,10.20.30.1/16,6
20201020042248,10.77.1.2/24,8
20201020042249,192.168.1.1/24,9
20201020042251,10.77.1.1/24,3
20201020042252,10.20.30.2/16,8
20201020042253,192.168.1.2/24,32
20201020042254,10.77.1.1/24,-
20201020042255,10.77.1.1/24,-
20201020042257,10.77.1.1/24,5
20201020042258,10.77.1.1/24,13
20201020042259,192.168.1.1/24,1
20201020042300,192.168.1.1/24,7
20201020042301,10.77.1.2/24,6
20201020042302,192.168.1.2/24,-
20201020042303,10.20.30.2/16,7
20201020042304,192.168.1.2/24,17
20201020042305,192.168.1.1/24,-
20201020042306,10.77.1.1/24,1
20201020042308,10.20.30.2/16,7
20201020042309,10.20.30.2/16,2
20201020042311,10.77.1.2/24,4
20201020042313,10.77.1.1/24,1
20201020042314,10.20.30.1/16,-
20201020042315,10.77.1.1/24,9
20201020042316,10.77.1.2/24,1
20201020042317,10.77.1.2/24,97
20201020042318,10.20.30.1/16,-
20201020042319,10.77.1.1/24,1
20201020042320,10.77.1.1/24,9
20201020042321,10.77.1.2/24,33
20201020042322,192.168.1.2/24,-
20201020042324,10.77.1.1/24,4
20201020042326,10.20.30.2/16,-
20201020042327,10.77.1.1/24,4
20201020042328,10.20.30.2/16,1
20201020042329,10.77.1.1/24,3
20201020042331,192.168.1.2/24,33
20201020042333,192.168.1.1/24,8
20201020042335,10.20.30.2/16,50
20201020042337,10.77.1.2/24,1
20201020042338,192.168.1.1/24,1
20201020042339,192.168.1.1/24,9
20201020042340,192.168.1.1/24,12
20201020042342,10.20.30.1/16,-
20201020042344,192.168.1.2/24,6
20201020042345,192.168.1.2/24,3
20201020042346,192.168.1.2/24,4
20201020042348,10.77.1.1/24,1
20201020042349,10.20.30.2/16,4
20201020042351,10.77.1.2/24,9
20201020042353,10.77.1.1/24,5
20201020042354,10.20.30.2/16,16
20201020042355,10.77.1.1/24,52
20201020042356,192.168.1.2/24,8
20201020042357,10.20.30.1/16,5
20201020042359,192.168.1.1/24,21
20201020042401,192.168.1.1/24,2
20201020042402,192.168.1.1/24,1
20201020042403,10.20.30.1/16,4
20201020042404,10.77.1.1/24,7
20201020042405,192.168.1.1/24,4
20201020042406,10.20.30.1/16,8
20201020042407,192.168.1.2/24,-
20201020042408,192.168.1.1/24,3
20201020042409,10.20.30.1/16,16
20201020042410,10.77.1.2/24,-
20201020042412,10.77.1.2/24,8
20201020042413,192.168.1.1/24,30
20201020042414,192.168.1.1/24,28
20201020042415,10.77.1.1/24,11
20201020042416,192.168.1.2/24,1
20201020042417,192.168.1.1/24,-
20201020042419,10.77.1.2/24,1
20201020042420,10.20.30.2/16,7
20201020042421,10.20.30.1/16,19
20201020042422,192.168.1.2/24,6
20201020042423,10.20.30.1/16,4
20201020042424,192.168.1.1/24,78
20201020042426,10.20.30.2/16,6
20201020042428,10.77.1.1/24,7
20201020042429,10.77.1.2/24,9
20201020042430,10.77.1.1/24,9
20201020042431,10.77.1.1/24,7
20201020042432,10.20.30.2/16,56
20201020042434,10.77.1.1/24,3
20201020042436,10.20.30.1/16,-
20201020042438,10.20.30.2/16,6
20201020042439,10.20.30.1/16,48
20201020042440,10.20.30.2/16,-
20201020042441,10.77.1.1/24,8
20201020042442,10.77.1.2/24,5
20201020042443,10.20.30.1/16,11
20201020042445,10.20.30.1/16,57
20201020042446,10.77.1.2/24,4
20201020042447,10.77.1.2/24,-
20201020042448,10.77.1.1/24,42
20201020042449,192.168.1.1/24,9
20201020042450,10.77.1.2/24,-
20201020042451,192.168.1.1/24,36
20201020042452,10.20.30.1/16,6
20201020042454,192.168.1.1/24,2
20201020042455,10.77.1.1/24,5
20201020042456,10.20.30.1/16,2
20201020042457,10.20.30.1/16,4
20201020042458,192.168.1.2/24,25
20201020042459,10.77.1.2/24,74
20201020042501,10.20.30.2/16,0
20201020042503,10.77.1.2/24,6
20201020042504,192.168.1.2/24,14
20201020042505,10.77.1.2/24,8
20201020042506,10.20.30.2/16,5
20201020042507,192.168.1.2/24,6
20201020042508,192.168.1.2/24,-
20201020042510,192.168.1.2/24,4
20201020042511,10.20.30.2/16,56
20201020042512,10.20.30.2/16,6
20201020042513,10.77.1.2/24,4
20201020042514,192.168.1.2/24,33
20201020042515,10.77.1.1/24,-
20201020042516,10.77.1.1/24,3
20201020042517,192.168.1.2/24,1
20201020042518,10.77.1.2/24,4
20201020042520,10.77.1.2/24,-
20201020042521,10.77.1.1/24,4
20201020042522,192.168.1.2/24,5
20201020042524,10.77.1.2/24,44
20201020042525,10.77.1.2/24,7
20201020042526,192.168.1.2/24,8
20201020042527,10.20.30.2/16,3
20201020042528,10.20.30.2/16,25
20201020042529,10.77.1.2/24,4
20201020042530,192.168.1.1/24,-
20201020042531,10.20.30.2/16,-
20201020042532,10.20.30.2/16,-
20201020042533,10.20.30.1/16,44
20201020042534,10.20.30.2/16,2
20201020042535,10.20.30.2/16,3
20201020042536,10.77.1.2/24,-
20201020042537,192.168.1.1/24,5
20201020042538,192.168.1.2/24,3
20201020042539,10.77.1.2/24,-
20201020042540,192.168.1.2/24,93
20201020042541,10.20.30.1/16,-
20201020042543,10.20.30.1/16,-
20201020042544,10.20.30.1/16,93
20201020042545,10.20.30.2/16,20
20201020042547,192.168.1.2/24,-
20201020042548,192.168.1.1/24,9
20201020042549,10.20.30.2/16,-
20201020042551,192.168.1.2/24,83
20201020042552,192.168.1.2/24,7
20201020042553,192.168.1.1/24,83
20201020042554,10.20.30.2/16,8
20201020042555,10.77.1.1/24,18
20201020042556,10.20.30.1/16,-
20201020042557,10.77.1.1/24,2
20201020042558,10.77.1.2/24,26
20201020042600,192.168.1.1/24,7
20201020042602,10.20.30.1/16,26
20201020042603,10.20.30.2/16,8
20201020042604,10.77.1.2/24,2
20201020042606,10.20.30.1/16,36
20201020042607,192.168.1.2/24,-
20201020042609,192.168.1.1/24,89
20201020042610,10.20.30.1/16,4
20201020042612,10.77.1.1/24,9
20201020042614,192.168.1.1/24,-
20201020042615,10.77.1.2/24,2
20201020042617,10.77.1.2/24,98
20201020042618,10.20.30.2/16,35
20201020042619,10.20.30.2/16,1
20201020042620,10.77.1.2/24,4
20201020042622,10.20.30.1/16,3
20201020042623,192.168.1.1/24,5
20201020042625,10.20.30.2/16,-
20201020042626,10.77.1.2/24,-
20201020042627,192.168.1.2/24,73
20201020042628,10.20.30.1/16,9
20201020042629,10.20.30.2/16,1
20201020042630,192.168.1.2/24,2
20201020042632,192.168.1.1/24,-
20201020042633,10.20.30.1/16,-
20201020042634,192.168.1.2/24,2
20201020042635,192.168.1.2/24,5
20201020042636,10.77.1.2/24,3
20201020042637,192.168.1.1/24,-
20201020042639,10.20.30.2/16,-
20201020042640,10.77.1.2/24,6
20201020042641,192.168.1.1/24,92
20201020042642,192.168.1.2/24,8
20201020042643,10.77.1.1/24,-
20201020042645,10.20.30.2/16,-
20201020042646,10.77.1.1/24,5
20201020042648,10.77.1.2/24,8
20201020042649,10.77.1.1/24,-
20201020042650,10.20.30.1/16,-
20201020042652,192.168.1.1/24,1
20201020042653,192.168.1.1/24,3
20201020042654,10.20.30.2/16,2
20201020042655,10.77.1.1/24,34
20201020042656,10.77.1.1/24,3
20201020042657,10.20.30.2/16,1
20201020042658,10.20.30.2/16,6
20201020042700,192.168.1.1/24,1
20201020042702,10.20.30.1/16,39
20201020042703,10.20.30.2/16,68
20201020042704,192.168.1.1/24,10
20201020042705,10.77.1.1/24,35
20201020042706,10.77.1.1/24,-
20201020042707,192.168.1.2/24,1
20201020042709,192.168.1.1/24,3
20201020042710,192.168.1.1/24,-
20201020042711,10.20.30.2/16,15
20201020042713,192.168.1.1/24,9
20201020042715,10.77.1.1/24,-
20201020042716,10.77.1.2/24,13
20201020042717,192.168.1.2/24,3
20201020042718,10.77.1.2/24,8
20201020042720,192.168.1.2/24,-
20201020042721,192.168.1.1/24,6
20201020042722,10.77.1.1/24,3
20201020042723,10.20.30.2/16,3
20201020042724,10.77.1.2/24,-
20201020042725,192.168.1.1/24,8
20201020042726,10.20.30.2/16,-
20201020042727,10.20.30.1/16,36
20201020042729,10.77.1.2/24,1
20201020042730,10.20.30.2/16,4
20201020042731,10.77.1.1/24,-
20201020042732,10.20.30.2/16,5
20201020042733,10.20.30.2/16,9
20201020042735,192.168.1.1/24,-
20201020042736,10.20.30.2/16,8
20201020042737,10.77.1.2/24,3
20201020042738,10.77.1.1/24,-
20201020042739,10.20.30.1/16,3
20201020042740,10.77.1.1/24,9
20201020042742,10.20.30.2/16,3
20201020042743,10.20.30.1/16,43
20201020042744,192.168.1.1/24,3
20201020042745,10.77.1.1/24,33
20201020042746,192.168.1.2/24,9
20201020042748,192.168.1.1/24,89
20201020042749,192.168.1.1/24,85
20201020042750,10.20.30.1/16,-
20201020042751,10.20.30.2/16,8
20201020042753,10.20.30.2/16,-
20201020042755,10.77.1.1/24,2
20201020042756,10.77.1.2/24,8
20201020042757,192.168.1.1/24,9
20201020042759,10.20.30.2/16,2
20201020042800,10.20.30.2/16,7
20201020042801,10.77.1.1/24,5
20201020042802,192.168.1.2/24,-
20201020042804,10.77.1.1/24,19
20201020042805,10.77.1.1/24,9
20201020042806,10.77.1.1/24,6
20201020042808,10.20.30.1/16,7
20201020042809,10.77.1.2/24,38
20201020042810,192.168.1.1/24,5
20201020042812,10.20.30.1/16,-
20201020042813,192.168.1.1/24,1
20201020042815,192.168.1.1/24,-
20201020042817,10.20.30.2/16,-
20201020042818,10.20.30.1/16,9
20201020042820,10.20.30.2/16,7
20201020042821,10.20.30.1/16,8
20201020042822,10.77.1.1/24,7
20201020042824,192.168.1.1/24,1
20201020042825,192.168.1.2/24,7
20201020042826,10.20.30.1/16,2
20201020042827,10.77.1.1/24,47
20201020042829,192.168.1.2/24,9
20201020042830,10.77.1.2/24,-
20201020042831,10.77.1.1/24,9
20201020042832,10.77.1.1/24,1
20201020042833,192.168.1.2/24,6
20201020042834,192.168.1.2/24,6
20201020042835,10.77.1.2/24,-
20201020042836,10.77.1.2/24,20
20201020042837,10.77.1.2/24,3
20201020042838,192.168.1.1/24,-
20201020042839,10.77.1.1/24,92
20201020042841,192.168.1.2/24,7
20201020042842,10.20.30.2/16,8
20201020042843,10.77.1.2/24,5
20201020042845,10.20.30.2/16,2
20201020042846,10.77.1.2/24,22
20201020042847,10.20.30.2/16,98
20201020042848,10.77.1.2/24,50
20201020042850,10.20.30.2/16,-
20201020042851,10.20.30.2/16,-
20201020042852,10.20.30.1/16,62
20201020042853,10.77.1.2/24,-
20201020042855,10.20.30.1/16,-
20201020042856,10.20.30.1/16,-
20201020042857,10.77.1.2/24,8
20201020042858,192.168.1.1/24,1
20201020042859,192.168.1.2/24,11
20201020042900,10.20.30.2/16,6
20201020042901,10.20.30.2/16,-
20201020042903,10.20.30.2/16,2
20201020042904,192.168.1.1/24,14
20201020042905,10.77.1.1/24,1
20201020042907,10.20.30.2/16,2
20201020042908,10.77.1.2/24,2
20201020042909,10.77.1.1/24,5
20201020042910,10.20.30.1/16,61
20201020042911,10.20.30.1/16,7
20201020042912,192.168.1.2/24,-
20201020042913,10.77.1.2/24,8
20201020042915,10.20.30.1/16,-
20201020042916,10.77.1.2/24,-
20201020042918,10.20.30.2/16,5
20201020042919,10.77.1.1/24,3
20201020042920,192.168.1.2/24,-
20201020042922,10.77.1.1/24,5
20201020042923,192.168.1.2/24,-
20201020042924,10.20.30.2/16,9
20201020042925,192.168.1.2/24,-
20201020042926,10.77.1.2/24,72
20201020042928,10.77.1.2/24,4
20201020042929,10.20.30.1/16,5
20201020042930,192.168.1.2/24,-
20201020042932,10.20.30.1/16,77
20201020042933,192.168.1.2/24,-
20201020042935,10.20.30.1/16,2
20201020042937,10.20.30.2/16,14
20201020042938,10.20.30.1/16,3
20201020042939,10.20.30.2/16,4
20201020042940,10.20.30.2/16,2
20201020042941,192.168.1.2/24,-
20201020042942,10.77.1.1/24,6
20201020042943,192.168.1.2/24,-
20201020042944,10.20.30.1/16,-
20201020042945,10.77.1.1/24,9
20201020042947,10.77.1.1/24,5
20201020042949,10.20.30.1/16,3
20201020042950,10.20.30.2/16,-
20201020042952,10.77.1.1/24,-
20201020042953,10.20.30.1/16,93
20201020042955,192.168.1.1/24,4
20201020042956,10.20.30.1/16,-
20201020042957,10.20.30.1/16,-
20201020042958,192.168.1.1/24,5
20201020042959,192.168.1.2/24,-
20201020043000,192.168.1.1/24,-
20201020043001,192.168.1.2/24,99
20201020043003,192.168.1.1/24,20
20201020043004,192.168.1.2/24,2
20201020043005,10.20.30.2/16,9
20201020043007,10.20.30.1/16,-
20201020043008,10.77.1.2/24,9
20201020043010,10.77.1.1/24,5
20201020043011,192.168.1.2/24,-
20201020043012,192.168.1.1/24,-
20201020043013,10.77.1.1/24,2
20201020043014,10.20.30.1/16,6
20201020043015,10.77.1.2/24,-
20201020043016,10.20.30.1/16,-
20201020043017,10.20.30.2/16,4
20201020043018,10.20.30.2/16,16
20201020043019,10.20.30.1/16,9
20201020043020,10.77.1.2/24,7
20201020043021,192.168.1.2/24,4
20201020043022,10.20.30.2/16,45
20201020043024,192.168.1.2/24,-
20201020043025,10.20.30.2/16,26
20201020043026,192.168.1.2/24,6
20201020043027,10.77.1.2/24,-
20201020043028,10.20.30.2/16,-
20201020043030,192.168.1.1/24,-
20201020043031,192.168.1.1/24,1
20201020043032,10.77.1.2/24,3
20201020043033,10.77.1.2/24,25
20201020043035,192.168.1.1/24,6
20201020043036,10.20.30.1/16,83
20201020043037,10.20.30.2/16,20
20201020043038,10.77.1.1/24,3
20201020043039,192.168.1.2/24,4
20201020043041,10.20.30.2/16,-
20201020043042,192.168.1.2/24,6
20201020043043,10.20.30.2/16,4
20201020043045,192.168.1.1/24,94
20201020043046,10.20.30.2/16,2
20201020043048,10.20.30.1/16,21
20201020043050,192.168.1.2/24,1
20201020043052,10.77.1.1/24,33
20201020043053,10.20.30.1/16,7
20201020043054,192.168.1.1/24,46
20201020043055,10.77.1.2/24,-
20201020043056,10.20.30.2/16,-
20201020043057,10.77.1.1/24,6
20201020043058,10.77.1.1/24,3
20201020043059,10.20.30.2/16,56
20201020043100,10.77.1.1/24,5
20201020043101,192.168.1.2/24,-
20201020043103,10.77.1.1/24,-
20201020043104,10.77.1.2/24,7
20201020043105,10.77.1.1/24,-
20201020043106,10.77.1.2/24,-
20201020043107,10.20.30.1/16,52
20201020043109,10.20.30.2/16,9
20201020043110,10.77.1.2/24,-
20201020043112,10.77.1.2/24,4
20201020043114,192.168.1.2/24,4
20201020043115,10.20.30.2/16,11
20201020043116,10.20.30.2/16,2
20201020043117,10.77.1.1/24,5
20201020043118,192.168.1.2/24,2
20201020043120,192.168.1.1/24,2
20201020043121,192.168.1.1/24,40
20201020043122,10.20.30.2/16,11
20201020043123,192.168.1.2/24,3
20201020043125,10.20.30.1/16,8
20201020043126,10.20.30.1/16,7
20201020043127,10.20.30.2/16,-
20201020043128,10.20.30.1/16,-
20201020043130,10.77.1.2/24,29
20201020043131,192.168.1.1/24,90
20201020043133,10.20.30.1/16,50
20201020043135,10.20.30.1/16,1
20201020043137,10.77.1.1/24,6
20201020043138,10.77.1.1/24,4
20201020043139,192.168.1.1/24,6
20201020043140,10.77.1.2/24,1
20201020043141,192.168.1.2/24,6
20201020043143,10.77.1.2/24,1
20201020043144,10.77.1.2/24,9
20201020043145,10.77.1.1/24,6
20201020043146,10.77.1.1/24,-
20201020043147,192.168.1.2/24,3
20201020043148,10.20.30.1/16,3
20201020043149,10.20.30.2/16,3
20201020043150,10.20.30.2/16,12
20201020043151,192.168.1.1/24,3
20201020043152,10.77.1.1/24,2
20201020043154,192.168.1.1/24,9
20201020043156,192.168.1.2/24,50
20201020043158,192.168.1.1/24,8
20201020043159,10.77.1.2/24,5
20201020043201,10.77.1.2/24,2
20201020043202,10.77.1.1/24,2
20201020043203,10.77.1.2/24,14
20201020043204,10.20.30.1/16,36
20201020043205,10.77.1.2/24,1
20201020043207,192.168.1.1/24,2
20201020043208,10.77.1.2/24,27
20201020043209,10.20.30.2/16,9
20201020043210,10.20.30.1/16,-
20201020043211,10.20.30.1/16,4
20201020043213,10.20.30.2/16,2
20201020043214,192.168.1.1/24,9
20201020043215,10.77.1.2/24,81
20201020043216,10.77.1.1/24,39
20201020043217,192.168.1.1/24,3
20201020043219,10.77.1.2/24,-
20201020043220,10.20.30.1/16,52
20201020043221,192.168.1.1/24,14
20201020043223,10.77.1.2/24,-
20201020043224,10.77.1.1/24,8
20201020043225,10.77.1.1/24,30
20201020043226,10.77.1.2/24,-
20201020043227,10.20.30.1/16,3
20201020043228,10.77.1.2/24,-
20201020043229,10.20.30.2/16,6
20201020043230,192.168.1.2/24,5
20201020043231,10.77.1.2/24,-
20201020043232,10.20.30.1/16,30
20201020043233,10.77.1.1/24,-
20201020043234,10.20.30.1/16,7
20201020043235,10.20.30.1/16,2
20201020043237,10.77.1.2/24,9
20201020043238,192.168.1.2/24,9
20201020043239,10.20.30.2/16,-
20201020043240,10.77.1.1/24,3
20201020043242,192.168.1.1/24,1
20201020043244,10.77.1.1/24,-
20201020043245,192.168.1.1/24,3
20201020043246,10.20.30.2/16,3
20201020043247,10.20.30.1/16,5
20201020043248,192.168.1.2/24,-
20201020043249,192.168.1.2/24,9
20201020043250,10.77.1.2/24,13
20201020043251,10.77.1.2/24,-
20201020043252,10.20.30.2/16,3
20201020043253,10.77.1.2/24,23
20201020043255,10.77.1.1/24,5
20201020043256,10.77.1.2/24,4
20201020043257,10.77.1.1/24,99
20201020043258,10.77.1.2/24,57
20201020043259,10.20.30.1/16,7
20201020043300,192.168.1.2/24,8
20201020043301,10.77.1.2/24,2
20201020043303,10.77.1.1/24,1
20201020043305,10.20.30.1/16,-
20201020043306,10.20.30.2/16,81
20201020043307,10.20.30.2/16,-
20201020043308,10.77.1.1/24,8
20201020043309,192.168.1.1/24,17
20201020043310,10.77.1.2/24,6
20201020043311,10.77.1.2/24,4
20201020043312,10.77.1.2/24,-
20201020043314,10.20.30.1/16,11
20201020043315,10.77.1.2/24,-
20201020043317,10.20.30.2/16,6
20201020043318,192.168.1.1/24,8
20201020043319,10.20.30.2/16,-
20201020043320,10.77.1.1/24,12
20201020043322,10.20.30.1/16,1
20201020043323,10.20.30.1/16,1
20201020043325,192.168.1.2/24,-
20201020043326,10.77.1.1/24,6
20201020043327,10.77.1.1/24,5
20201020043328,10.20.30.1/16,5
20201020043329,192.168.1.1/24,1
20201020043330,192.168.1.2/24,55
20201020043331,10.77.1.2/24,-
20201020043332,10.77.1.1/24,-
20201020043334,10.20.30.2/16,-
20201020043335,192.168.1.1/24,4
20201020043336,10.77.1.1/24,4
20201020043337,10.77.1.2/24,11
20201020043339,10.20.30.2/16,-
20201020043340,10.77.1.2/24,-
20201020043341,10.77.1.1/24,3
20201020043342,10.20.30.1/16,9
20201020043343,192.168.1.1/24,3
20201020043344,192.168.1.2/24,3
20201020043345,10.20.30.2/16,-
20201020043347,192.168.1.1/24,18
20201020043348,192.168.1.2/24,-
20201020043349,192.168.1.2/24,-
20201020043351,192.168.1.1/24,83
20201020043352,192.168.1.1/24,22
20201020043353,10.20.30.2/16,5
20201020043354,10.77.1.2/24,54
20201020043355,10.20.30.2/16,-
20201020043356,10.77.1.2/24,-
20201020043357,10.77.1.2/24,3
20201020043359,10.77.1.2/24,-
20201020043401,192.168.1.2/24,3
20201020043403,192.168.1.2/24,5
20201020043404,192.168.1.1/24,3
20201020043405,192.168.1.1/24,6
20201020043407,192.168.1.2/24,5
20201020043408,10.77.1.1/24,1
20201020043409,10.77.1.1/24,-
20201020043410,10.20.30.1/16,63
20201020043411,192.168.1.2/24,-
20201020043412,10.77.1.2/24,3
20201020043414,10.77.1.1/24,-
20201020043416,10.77.1.2/24,11
20201020043417,192.168.1.1/24,13
20201020043418,192.168.1.1/24,7
20201020043419,10.20.30.1/16,1
20201020043420,10.77.1.2/24,4
20201020043421,10.77.1.2/24,8
20201020043422,192.168.1.1/24,3
20201020043424,192.168.1.1/24,4
20201020043425,10.77.1.2/24,6
20201020043427,10.20.30.1/16,9
20201020043428,10.77.1.2/24,3
20201020043429,192.168.1.2/24,2
20201020043430,192.168.1.2/24,3
20201020043431,10.77.1.2/24,-
20201020043432,192.168.1.2/24,-
20201020043433,10.77.1.1/24,-
20201020043435,192.168.1.1/24,3
20201020043436,10.20.30.1/16,7
20201020043437,192.168.1.1/24,6
20201020043439,10.77.1.1/24,8
20201020043440,192.168.1.2/24,2
20201020043441,10.20.30.2/16,6
20201020043443,10.20.30.1/16,11
20201020043444,10.20.30.1/16,-
20201020043446,10.20.30.1/16,1
20201020043447,10.20.30.1/16,9
20201020043448,10.77.1.2/24,1
20201020043450,10.77.1.2/24,6
20201020043452,192.168.1.2/24,10
20201020043453,10.20.30.1/16,-
20201020043454,10.20.30.2/16,9
20201020043456,10.77.1.1/24,8
20201020043458,10.20.30.1/16,-
20201020043459,192.168.1.2/24,5
20201020043501,10.77.1.1/24,6
20201020043502,10.77.1.2/24,-
20201020043504,10.77.1.2/24,39
20201020043505,10.20.30.2/16,1
20201020043506,10.20.30.2/16,58
20201020043507,192.168.1.1/24,41
20201020043508,192.168.1.1/24,1
20201020043509,10.77.1.1/24,3
20201020043511,10.77.1.1/24,63
20201020043512,10.20.30.2/16,3
20201020043513,10.77.1.1/24,6
20201020043515,10.77.1.2/24,8
20201020043516,10.77.1.2/24,3
20201020043517,10.77.1.2/24,-
20201020043518,192.168.1.2/24,5
20201020043520,10.20.30.1/16,8
20201020043521,10.77.1.2/24,14
20201020043522,10.20.30.2/16,2
20201020043523,10.20.30.2/16,3
20201020043524,10.77.1.1/24,-
20201020043526,192.168.1.1/24,-
20201020043528,10.77.1.1/24,5
20201020043529,192.168.1.1/24,6
20201020043531,10.20.30.1/16,3
20201020043533,10.20.30.1/16,26
20201020043535,10.77.1.1/24,98
20201020043537,10.77.1.2/24,3
20201020043538,10.77.1.1/24,-
20201020043539,192.168.1.1/24,5
20201020043541,10.20.30.2/16,5
20201020043542,10.20.30.1/16,67
20201020043543,10.20.30.1/16,3
20201020043545,192.168.1.1/24,17
20201020043547,192.168.1.2/24,0
20201020043548,10.77.1.2/24,6
20201020043549,192.168.1.1/24,-
20201020043550,192.168.1.2/24,-
20201020043551,10.77.1.1/24,5
20201020043552,192.168.1.1/24,7
20201020043553,10.77.1.1/24,-
20201020043554,10.20.30.2/16,3
20201020043555,10.77.1.2/24,89
20201020043556,10.77.1.1/24,33
20201020043557,192.168.1.1/24,2
20201020043558,192.168.1.1/24,99
20201020043559,10.77.1.2/24,9
20201020043600,10.77.1.1/24,1
20201020043601,192.168.1.2/24,-
20201020043602,192.168.1.1/24,5
20201020043603,192.168.1.2/24,1
20201020043604,192.168.1.2/24,8
20201020043605,10.20.30.2/16,-
20201020043606,10.77.1.2/24,59
20201020043607,10.77.1.1/24,1
20201020043609,10.20.30.2/16,-
20201020043610,192.168.1.2/24,4
20201020043612,192.168.1.2/24,6
20201020043613,10.20.30.1/16,-
20201020043614,10.20.30.1/16,5
20201020043615,10.20.30.2/16,-
20201020043616,10.20.30.2/16,9
20201020043617,10.77.1.1/24,64
20201020043618,192.168.1.2/24,7
20201020043619,10.20.30.2/16,9
20201020043621,10.77.1.2/24,-
20201020043622,10.20.30.1/16,2
20201020043623,10.20.30.2/16,-
20201020043625,192.168.1.1/24,3
20201020043626,10.20.30.2/16,9
20201020043627,10.20.30.2/16,6
20201020043628,192.168.1.1/24,11
20201020043630,10.20.30.2/16,8
20201020043631,192.168.1.2/24,7
20201020043632,192.168.1.2/24,-
20201020043633,192.168.1.1/24,4
20201020043634,10.77.1.1/24,69
20201020043635,10.20.30.2/16,-
20201020043636,10.20.30.2/16,17
20201020043638,10.77.1.1/24,9
20201020043639,192.168.1.1/24,26
20201020043641,192.168.1.2/24,18
20201020043642,192.168.1.1/24,9
20201020043643,10.20.30.2/16,88
20201020043644,192.168.1.1/24,4
20201020043645,10.77.1.1/24,2
20201020043646,10.20.30.1/16,4
20201020043647,192.168.1.1/24,10
20201020043648,10.77.1.2/24,19
20201020043649,10.77.1.2/24,9
20201020043650,192.168.1.2/24,5
20201020043652,10.20.30.1/16,-
20201020043654,10.77.1.1/24,9
20201020043656,192.168.1.2/24,45
20201020043657,192.168.1.1/24,6
20201020043658,10.20.30.2/16,11
20201020043659,10.77.1.2/24,-
20201020043700,10.20.30.2/16,10
20201020043701,192.168.1.2/24,-
20201020043702,192.168.1.1/24,31
20201020043703,10.77.1.1/24,3
20201020043704,10.77.1.2/24,8
20201020043705,10.20.30.1/16,59
20201020043706,192.168.1.2/24,11
20201020043707,192.168.1.2/24,7
20201020043708,192.168.1.1/24,7
20201020043709,10.20.30.2/16,30
20201020043710,10.20.30.2/16,5
20201020043711,10.77.1.2/24,-
20201020043712,10.77.1.2/24,61
20201020043713,10.20.30.2/16,3
20201020043714,10.20.30.1/16,-
20201020043715,192.168.1.2/24,5
20201020043716,192.168.1.1/24,1
20201020043717,10.20.30.2/16,2
20201020043718,192.168.1.2/24,86
20201020043719,10.20.30.1/16,34
20201020043720,10.77.1.1/24,56
20201020043721,10.20.30.1/16,5
20201020043723,10.77.1.1/24,8
20201020043724,192.168.1.2/24,8
20201020043725,10.20.30.2/16,-
20201020043726,192.168.1.2/24,-
20201020043727,192.168.1.2/24,1
20201020043728,10.20.30.1/16,9
20201020043729,10.20.30.1/16,8
20201020043730,10.77.1.1/24,1
20201020043731,192.168.1.1/24,6
20201020043733,10.20.30.2/16,8
20201020043735,192.168.1.1/24,5
20201020043736,192.168.1.1/24,10
20201020043737,10.77.1.1/24,4
20201020043738,10.77.1.1/24,3
20201020043739,192.168.1.2/24,8
20201020043740,192.168.1.2/24,41
20201020043741,10.77.1.2/24,2
20201020043742,10.77.1.1/24,-
20201020043743,10.20.30.1/16,57
20201020043744,10.20.30.2/16,5
20201020043746,10.20.30.2/16,8
20201020043747,192.168.1.1/24,3
20201020043748,10.77.1.1/24,7
20201020043749,192.168.1.2/24,-
20201020043751,10.20.30.2/16,5
20201020043752,10.77.1.2/24,-
20201020043753,10.20.30.2/16,6
20201020043755,192.168.1.2/24,9
20201020043756,192.168.1.1/24,-
20201020043757,10.77.1.2/24,-
20201020043759,10.77.1.1/24,-
20201020043800,10.77.1.2/24,3
20201020043801,192.168.1.1/24,7
20201020043802,192.168.1.1/24,71
20201020043803,10.20.30.2/16,6
20201020043804,10.20.30.2/16,-
20201020043805,10.77.1.1/24,3
20201020043806,192.168.1.1/24,4
20201020043807,10.20.30.2/16,-
20201020043808,10.77.1.1/24,-
20201020043809,10.20.30.2/16,4
20201020043810,10.20.30.1/16,71
20201020043811,10.20.30.2/16,7
20201020043813,10.77.1.1/24,-
20201020043815,192.168.1.2/24,4
20201020043817,192.168.1.2/24,-
20201020043818,10.20.30.2/16,10
20201020043819,10.20.30.2/16,15
20201020043820,10.20.30.1/16,3
20201020043821,10.77.1.1/24,7
20201020043822,192.168.1.1/24,19
20201020043823,10.77.1.2/24,-
20201020043824,10.77.1.1/24,-
20201020043825,192.168.1.2/24,1
20201020043826,10.20.30.2/16,3
20201020043827,192.168.1.2/24,2
20201020043828,10.20.30.1/16,-
20201020043829,10.20.30.2/16,4
20201020043830,192.168.1.1/24,-
20201020043831,10.20.30.1/16,7
20201020043832,10.77.1.2/24,9
20201020043834,10.20.30.1/16,9
20201020043836,192.168.1.1/24,2
20201020043837,192.168.1.2/24,-
20201020043838,192.168.1.1/24,2
20201020043839,10.77.1.2/24,7
20201020043840,10.77.1.1/24,5
20201020043841,10.77.1.2/24,-
20201020043843,192.168.1.1/24,-
20201020043844,10.77.1.2/24,8
20201020043845,192.168.1.1/24,8
20201020043846,10.77.1.1/24,-
20201020043848,10.77.1.1/24,98
20201020043850,10.20.30.1/16,8
20201020043851,10.20.30.2/16,55
20201020043852,192.168.1.2/24,1
20201020043853,10.77.1.1/24,3
20201020043854,10.77.1.1/24,46
20201020043855,192.168.1.1/24,1
20201020043856,10.20.30.1/16,5
20201020043858,10.20.30.2/16,5
20201020043859,10.20.30.2/16,7
20201020043900,10.20.30.2/16,3
20201020043901,192.168.1.1/24,2
20201020043902,192.168.1.2/24,-
20201020043904,10.77.1.2/24,3
20201020043906,10.20.30.1/16,2
20201020043908,10.20.30.2/16,1
20201020043910,10.77.1.2/24,19
20201020043912,192.168.1.2/24,-
20201020043914,10.77.1.2/24,8
20201020043915,10.77.1.1/24,1
20201020043916,10.77.1.2/24,1
20201020043917,192.168.1.1/24,9
20201020043918,192.168.1.2/24,-
20201020043919,10.77.1.1/24,-
20201020043921,192.168.1.1/24,9
20201020043922,10.77.1.1/24,6
20201020043923,10.20.30.1/16,7
20201020043924,192.168.1.1/24,2
20201020043925,10.77.1.1/24,4
20201020043926,10.20.30.1/16,42
20201020043927,10.77.1.2/24,-
20201020043928,192.168.1.1/24,4
20201020043929,192.168.1.1/24,5
20201020043930,10.77.1.2/24,32
20201020043931,10.20.30.2/16,1
20201020043932,10.20.30.2/16,7
20201020043934,192.168.1.2/24,-
20201020043935,10.20.30.1/16,4
20201020043936,10.77.1.2/24,6
20201020043937,192.168.1.1/24,-
20201020043938,10.77.1.2/24,86
20201020043939,10.77.1.1/24,3
20201020043940,10.20.30.2/16,-
20201020043941,10.77.1.1/24,49
20201020043943,10.20.30.2/16,3
20201020043944,10.20.30.2/16,23
20201020043945,192.168.1.2/24,9
20201020043946,10.77.1.2/24,9
20201020043947,10.77.1.2/24,2
20201020043948,192.168.1.1/24,14
20201020043949,10.20.30.1/16,-
20201020043950,10.77.1.1/24,1
20201020043951,192.168.1.1/24,1
20201020043953,192.168.1.1/24,-
20201020043954,10.77.1.1/24,9
20201020043955,10.77.1.1/24,2
20201020043957,10.77.1.1/24,-
20201020043958,10.20.30.1/16,2
20201020043959,10.77.1.2/24,1
20201020044000,10.77.1.2/24,9
20201020044001,10.20.30.2/16,-
20201020044002,192.168.1.1/24,22
20201020044004,10.20.30.2/16,-
20201020044005,10.77.1.2/24,32
20201020044007,192.168.1.2/24,6
20201020044008,10.20.30.2/16,-
20201020044009,192.168.1.2/24,96
20201020044011,10.20.30.2/16,14
20201020044013,10.20.30.1/16,5
20201020044015,10.77.1.1/24,8
20201020044016,10.20.30.1/16,1
20201020044018,10.20.30.1/16,6
20201020044020,192.168.1.1/24,1
20201020044021,10.20.30.2/16,4
20201020044022,10.20.30.2/16,2
20201020044023,10.20.30.1/16,9
20201020044024,10.77.1.1/24,-
20201020044026,10.77.1.2/24,6
20201020044027,192.168.1.2/24,11
20201020044028,10.20.30.2/16,1
20201020044029,192.168.1.1/24,3
20201020044031,192.168.1.1/24,3
20201020044032,10.77.1.2/24,13
20201020044033,10.20.30.1/16,13
20201020044034,10.20.30.1/16,-
20201020044035,192.168.1.2/24,7
20201020044036,192.168.1.1/24,-
20201020044037,10.20.30.2/16,3
20201020044038,10.20.30.2/16,9
20201020044039,10.77.1.1/24,72
20201020044040,10.20.30.1/16,4
20201020044041,10.77.1.1/24,8
20201020044043,10.20.30.1/16,6
20201020044045,10.20.30.1/16,99
20201020044046,192.168.1.2/24,1
20201020044047,192.168.1.1/24,-
20201020044049,10.20.30.2/16,-
20201020044050,192.168.1.2/24,26
20201020044051,10.77.1.1/24,50
20201020044052,10.20.30.1/16,96
20201020044053,10.20.30.2/16,7
20201020044054,192.168.1.2/24,5
20201020044055,192.168.1.1/24,5
20201020044056,10.77.1.1/24,-
20201020044057,10.77.1.2/24,72
20201020044058,10.20.30.1/16,6
20201020044059,10.77.1.1/24,6
20201020044100,10.77.1.2/24,8
20201020044101,10.77.1.2/24,2
20201020044102,192.168.1.2/24,3
20201020044104,10.20.30.1/16,9
20201020044106,10.20.30.2/16,3
20201020044107,10.77.1.1/24,2
20201020044108,192.168.1.1/24,-
20201020044109,10.77.1.1/24,11
20201020044111,192.168.1.1/24,6
20201020044112,10.77.1.1/24,81
20201020044113,192.168.1.1/24,3
20201020044114,10.77.1.2/24,34
20201020044115,192.168.1.2/24,-
20201020044116,10.77.1.1/24,-
20201020044118,10.20.30.2/16,9
20201020044119,10.20.30.2/16,-
20201020044121,10.77.1.1/24,8
20201020044122,192.168.1.1/24,79
20201020044124,192.168.1.1/24,0
20201020044126,10.20.30.1/16,9
20201020044127,10.77.1.2/24,-
20201020044128,192.168.1.1/24,9
20201020044129,192.168.1.2/24,5
20201020044130,10.77.1.1/24,8
20201020044132,192.168.1.2/24,2
20201020044133,192.168.1.1/24,6
20201020044134,192.168.1.1/24,-
20201020044136,10.20.30.2/16,-
20201020044138,10.20.30.1/16,10
20201020044139,192.168.1.2/24,-
20201020044140,10.20.30.1/16,1
20201020044142,192.168.1.2/24,9
20201020044143,192.168.1.2/24,65
20201020044145,192.168.1.1/24,2
20201020044146,10.77.1.2/24,4
20201020044147,10.77.1.2/24,7
20201020044149,192.168.1.1/24,9
20201020044151,10.77.1.2/24,-
20201020044152,10.77.1.1/24,5
20201020044154,10.20.30.2/16,8
20201020044155,10.20.30.1/16,-
20201020044156,10.20.30.1/16,52
20201020044158,10.20.30.2/16,-
20201020044159,10.20.30.1/16,19
20201020044200,10.20.30.1/16,7
20201020044201,10.77.1.1/24,2
20201020044202,10.77.1.1/24,20
20201020044203,10.20.30.1/16,67
20201020044205,192.168.1.2/24,6
20201020044206,10.20.30.1/16,2
20201020044207,192.168.1.2/24,-
20201020044208,10.77.1.2/24,-
20201020044209,10.20.30.1/16,-
20201020044211,10.77.1.2/24,-
20201020044213,10.77.1.1/24,7
20201020044214,192.168.1.2/24,-
20201020044215,192.168.1.1/24,-
20201020044216,10.77.1.2/24,10
20201020044217,10.77.1.2/24,-
20201020044218,192.168.1.2/24,-
20201020044219,192.168.1.1/24,-
20201020044220,10.77.1.2/24,2
20201020044222,10.20.30.2/16,19
20201020044223,192.168.1.1/24,3
20201020044224,192.168.1.2/24,8
20201020044226,192.168.1.2/24,70
20201020044227,10.77.1.2/24,6
20201020044228,10.77.1.2/24,-
20201020044229,10.77.1.1/24,44
20201020044231,10.77.1.1/24,-
20201020044233,10.77.1.2/24,9
20201020044235,10.20.30.2/16,-
20201020044237,10.77.1.1/24,-
20201020044238,192.168.1.2/24,1
20201020044240,192.168.1.2/24,12
20201020044241,10.20.30.2/16,4
20201020044242,192.168.1.2/24,9
20201020044243,10.77.1.2/24,8
20201020044244,10.20.30.2/16,-
20201020044245,192.168.1.2/24,20
20201020044246,10.20.30.1/16,19
20201020044247,10.20.30.2/16,84
20201020044248,10.20.30.2/16,5
20201020044249,192.168.1.1/24,11
20201020044250,192.168.1.1/24,4
20201020044251,192.168.1.2/24,-
20201020044252,10.20.30.1/16,5
20201020044253,10.77.1.2/24,2
20201020044254,10.20.30.2/16,-
20201020044255,10.20.30.1/16,28
20201020044257,10.77.1.2/24,57
20201020044259,10.20.30.1/16,3
20201020044301,10.77.1.1/24,-
20201020044302,192.168.1.2/24,78
20201020044303,192.168.1.1/24,31
20201020044304,10.77.1.2/24,9
20201020044306,10.77.1.2/24,8
20201020044307,10.20.30.2/16,-
20201020044308,192.168.1.2/24,-
20201020044309,10.20.30.2/16,-
20201020044311,10.20.30.2/16,20
20201020044312,10.77.1.1/24,4
20201020044313,192.168.1.2/24,1
20201020044314,192.168.1.2/24,1
20201020044315,10.77.1.2/24,-
20201020044316,10.20.30.2/16,9
20201020044317,192.168.1.2/24,-
20201020044318,192.168.1.2/24,-
20201020044319,192.168.1.2/24,56
20201020044320,10.20.30.2/16,6
20201020044322,192.168.1.2/24,54
20201020044324,10.20.30.1/16,4
20201020044325,10.77.1.1/24,10
20201020044326,10.77.1.2/24,31
20201020044327,192.168.1.2/24,78
20201020044329,192.168.1.1/24,-
20201020044330,10.20.30.2/16,2
20201020044332,10.77.1.2/24,6
20201020044333,192.168.1.1/24,4
20201020044334,10.20.30.1/16,71
20201020044335,10.20.30.2/16,30
20201020044337,10.20.30.1/16,-
20201020044338,10.20.30.1/16,-
20201020044340,192.168.1.1/24,2
20201020044341,10.77.1.2/24,69
20201020044342,10.77.1.1/24,7
20201020044343,10.20.30.2/16,-
20201020044344,10.20.30.2/16,6
20201020044345,10.77.1.1/24,2
20201020044346,10.77.1.2/24,9
20201020044348,10.77.1.1/24,-
20201020044350,10.20.30.2/16,-
20201020044351,10.77.1.1/24,4
20201020044352,10.77.1.1/24,4
20201020044353,10.77.1.1/24,3
20201020044354,192.168.1.2/24,-
20201020044355,192.168.1.2/24,11
20201020044356,192.168.1.2/24,-
20201020044357,192.168.1.1/24,10
20201020044359,192.168.1.1/24,-
20201020044401,192.168.1.2/24,-
20201020044402,10.20.30.2/16,2
20201020044404,10.77.1.2/24,-
20201020044405,10.20.30.2/16,-
20201020044406,192.168.1.2/24,9
20201020044407,10.20.30.1/16,6
20201020044408,10.20.30.2/16,3
20201020044409,192.168.1.2/24,-
20201020044411,10.20.30.2/16,2
20201020044412,10.77.1.1/24,3
20201020044413,10.20.30.2/16,-
20201020044415,10.77.1.1/24,-
20201020044416,10.20.30.2/16,29
20201020044417,192.168.1.2/24,3
20201020044418,10.20.30.1/16,97
20201020044419,10.20.30.2/16,6
20201020044421,10.20.30.1/16,15
20201020044422,10.20.30.2/16,-
20201020044423,192.168.1.2/24,9
20201020044424,10.77.1.2/24,36
20201020044426,10.77.1.2/24,-
20201020044427,10.20.30.1/16,-
20201020044429,10.20.30.2/16,65
20201020044430,10.20.30.2/16,-
20201020044431,192.168.1.2/24,64
20201020044432,192.168.1.2/24,3
20201020044434,10.20.30.2/16,1
20201020044435,10.77.1.1/24,5
20201020044436,10.20.30.1/16,34
20201020044437,192.168.1.2/24,6
20201020044439,192.168.1.2/24,8
20201020044440,192.168.1.2/24,1
20201020044441,10.77.1.2/24,7
20201020044442,192.168.1.1/24,35
20201020044443,10.77.1.2/24,3
20201020044444,10.20.30.2/16,1
20201020044445,10.20.30.1/16,59
20201020044446,192.168.1.1/24,87
20201020044447,10.77.1.1/24,-
20201020044448,192.168.1.1/24,21
20201020044449,192.168.1.2/24,-
20201020044450,192.168.1.1/24,74
20201020044451,192.168.1.2/24,7
20201020044453,10.77.1.1/24,8
20201020044454,10.20.30.1/16,65
20201020044455,10.20.30.1/16,-
20201020044456,192.168.1.2/24,-
20201020044457,10.77.1.1/24,-
20201020044458,10.20.30.2/16,3
20201020044459,10.20.30.2/16,3
20201020044501,10.20.30.1/16,5
20201020044502,10.20.30.2/16,-
20201020044503,192.168.1.1/24,76
20201020044504,10.20.30.2/16,6
20201020044505,192.168.1.2/24,-
20201020044506,10.20.30.1/16,86
20201020044507,10.77.1.1/24,67
20201020044508,10.77.1.1/24,1
20201020044509,10.20.30.2/16,12
20201020044511,10.77.1.2/24,5
20201020044513,10.20.30.2/16,39
20201020044514,192.168.1.1/24,80
20201020044515,10.77.1.1/24,3
20201020044516,192.168.1.1/24,-
20201020044517,192.168.1.1/24,22
20201020044518,192.168.1.1/24,-
20201020044519,10.20.30.2/16,2
20201020044520,10.20.30.1/16,1
20201020044522,192.168.1.1/24,2
20201020044523,10.77.1.1/24,37
20201020044524,192.168.1.2/24,-
20201020044525,192.168.1.1/24,-
20201020044526,192.168.1.1/24,1
20201020044527,10.77.1.1/24,8
20201020044528,10.20.30.2/16,1
20201020044529,10.77.1.1/24,-
20201020044530,10.77.1.1/24,3
20201020044532,192.168.1.1/24,3
20201020044533,192.168.1.2/24,6
20201020044534,10.20.30.2/16,9
20201020044535,10.20.30.2/16,4
20201020044536,10.20.30.2/16,-
20201020044537,10.20.30.1/16,-
20201020044538,10.20.30.1/16,8
20201020044540,10.77.1.1/24,8
20201020044541,10.20.30.2/16,8
20201020044543,192.168.1.1/24,74
20201020044544,192.168.1.2/24,-
20201020044545,10.77.1.2/24,46
20201020044546,10.20.30.2/16,3
20201020044547,10.77.1.1/24,5
20201020044548,10.77.1.2/24,2
20201020044549,10.77.1.1/24,1
20201020044550,192.168.1.2/24,51
20201020044551,192.168.1.2/24,7
20201020044552,192.168.1.2/24,6
20201020044553,192.168.1.2/24,7
20201020044554,10.77.1.1/24,-
20201020044555,192.168.1.1/24,2
20201020044557,10.77.1.2/24,2
20201020044558,10.77.1.1/24,2
20201020044600,10.20.30.1/16,-
20201020044602,10.77.1.2/24,-
20201020044603,192.168.1.2/24,53
20201020044604,192.168.1.2/24,1
20201020044605,192.168.1.1/24,97
20201020044606,10.77.1.1/24,7
20201020044607,10.77.1.1/24,9
20201020044609,10.20.30.1/16,-
20201020044611,192.168.1.2/24,29
20201020044612,192.168.1.2/24,-
20201020044614,10.77.1.1/24,-
20201020044615,10.77.1.2/24,85
20201020044616,10.20.30.1/16,90
20201020044617,192.168.1.1/24,71
20201020044618,10.77.1.2/24,6
20201020044620,10.77.1.1/24,62
20201020044621,10.77.1.1/24,9
20201020044622,10.20.30.2/16,7
20201020044623,192.168.1.2/24,6
20201020044624,10.77.1.1/24,3
20201020044626,192.168.1.2/24,5
20201020044627,10.20.30.2/16,38
20201020044629,10.77.1.2/24,7
20201020044630,10.20.30.1/16,7
20201020044631,10.77.1.1/24,93
20201020044632,192.168.1.2/24,4
20201020044633,10.20.30.1/16,-
20201020044634,192.168.1.2/24,-
20201020044635,192.168.1.2/24,5
20201020044636,10.20.30.2/16,-
20201020044637,10.20.30.1/16,81
20201020044639,10.20.30.1/16,30
20201020044640,10.77.1.2/24,2
20201020044641,192.168.1.2/24,-
20201020044643,192.168.1.2/24,25
20201020044644,192.168.1.1/24,33
20201020044646,10.20.30.1/16,-
20201020044648,192.168.1.1/24,8
20201020044650,192.168.1.2/24,4
20201020044651,10.20.30.1/16,13
20201020044652,10.20.30.2/16,33
20201020044654,192.168.1.2/24,13
20201020044655,10.77.1.1/24,6
20201020044657,10.20.30.1/16,-
20201020044658,10.77.1.2/24,-
20201020044659,10.77.1.2/24,55
20201020044701,192.168.1.1/24,3
20201020044702,10.77.1.2/24,-
20201020044703,10.77.1.1/24,3
20201020044704,10.77.1.1/24,4
20201020044705,10.20.30.2/16,86
20201020044707,192.168.1.2/24,16
20201020044708,10.20.30.2/16,5
20201020044709,10.77.1.2/24,3
20201020044710,10.20.30.1/16,1
20201020044711,10.77.1.1/24,9
20201020044712,10.77.1.2/24,8
20201020044713,10.20.30.1/16,6
20201020044714,10.77.1.1/24,15
20201020044715,10.20.30.2/16,6
20201020044716,10.77.1.2/24,-
20201020044718,192.168.1.2/24,1
20201020044720,10.77.1.1/24,8
20201020044721,10.77.1.1/24,-
20201020044722,10.77.1.1/24,5
20201020044724,192.168.1.2/24,8
20201020044725,10.20.30.1/16,6
20201020044726,10.20.30.1/16,-
20201020044727,10.77.1.1/24,14
20201020044728,10.77.1.1/24,5
20201020044729,10.20.30.2/16,-
20201020044730,10.20.30.2/16,9
20201020044731,10.20.30.1/16,4
20201020044732,10.77.1.2/24,-
20201020044733,10.77.1.1/24,-
20201020044734,192.168.1.1/24,-
20201020044735,10.77.1.1/24,-
20201020044737,10.20.30.1/16,8
20201020044738,10.20.30.2/16,4
20201020044740,192.168.1.2/24,-
20201020044741,10.77.1.2/24,4
20201020044743,10.20.30.1/16,84
20201020044744,192.168.1.2/24,-
20201020044746,192.168.1.2/24,-
20201020044747,10.20.30.1/16,2
20201020044748,10.77.1.2/24,-
20201020044749,192.168.1.1/24,-
20201020044750,192.168.1.2/24,6
20201020044751,10.77.1.2/24,7
20201020044753,10.77.1.1/24,7
20201020044754,192.168.1.2/24,5
20201020044755,10.77.1.1/24,6
20201020044757,192.168.1.1/24,8
20201020044758,10.20.30.1/16,9
20201020044759,10.20.30.2/16,1
20201020044800,10.20.30.1/16,9
20201020044802,192.168.1.2/24,3
20201020044803,10.77.1.2/24,93
20201020044805,10.20.30.2/16,8
20201020044806,10.20.30.2/16,10
20201020044807,192.168.1.2/24,90
20201020044808,192.168.1.1/24,41
20201020044810,192.168.1.2/24,52
20201020044811,10.20.30.1/16,42
20201020044813,10.20.30.2/16,-
20201020044814,10.20.30.1/16,49
20201020044815,10.77.1.1/24,1
20201020044817,10.77.1.1/24,1
20201020044818,10.77.1.1/24,-
20201020044819,10.20.30.1/16,-
20201020044820,10.77.1.1/24,3
20201020044821,192.168.1.1/24,9
20201020044822,192.168.1.1/24,9
20201020044823,10.20.30.1/16,8
20201020044824,192.168.1.2/24,-
20201020044825,192.168.1.1/24,8
20201020044826,192.168.1.1/24,12
20201020044827,10.77.1.1/24,3
20201020044828,192.168.1.2/24,10
20201020044829,10.77.1.1/24,-
20201020044830,192.168.1.1/24,-
20201020044831,10.20.30.1/16,55
20201020044832,192.168.1.1/24,78
20201020044833,10.20.30.1/16,57
20201020044834,10.77.1.1/24,3
20201020044835,10.20.30.2/16,-
20201020044837,10.77.1.1/24,7
20201020044838,192.168.1.1/24,38
20201020044839,10.77.1.1/24,-
20201020044840,10.20.30.1/16,7
20201020044841,10.77.1.1/24,31
20201020044842,192.168.1.2/24,8
20201020044843,10.77.1.1/24,9
20201020044844,10.77.1.1/24,6
20201020044845,10.77.1.1/24,7
20201020044846,192.168.1.2/24,-
20201020044847,10.77.1.1/24,9
20201020044848,192.168.1.1/24,7
20201020044850,10.77.1.1/24,40
20201020044851,192.168.1.2/24,74
20201020044852,10.20.30.1/16,0
20201020044854,10.20.30.1/16,6
20201020044856,10.20.30.2/16,7
20201020044858,192.168.1.2/24,-
20201020044859,192.168.1.1/24,-
20201020044900,192.168.1.2/24,-
20201020044902,10.20.30.2/16,5
20201020044904,10.77.1.1/24,9
20201020044905,10.20.30.1/16,5
20201020044906,10.20.30.2/16,53
20201020044907,10.77.1.1/24,-
20201020044908,10.77.1.1/24,54
20201020044909,10.20.30.1/16,7
20201020044910,192.168.1.2/24,70
20201020044912,10.20.30.1/16,32
20201020044913,192.168.1.2/24,2
20201020044914,192.168.1.2/24,39
20201020044915,10.20.30.2/16,5
20201020044916,192.168.1.2/24,6
20201020044917,10.20.30.2/16,-
20201020044918,10.20.30.1/16,5
20201020044919,10.77.1.2/24,7
20201020044920,10.20.30.2/16,6
20201020044921,10.20.30.2/16,2
20201020044922,192.168.1.2/24,78
20201020044923,192.168.1.2/24,-
20201020044925,10.77.1.2/24,38
20201020044926,10.20.30.2/16,-
20201020044928,10.77.1.2/24,-
20201020044930,10.20.30.1/16,7
20201020044931,10.20.30.1/16,3
20201020044932,10.20.30.2/16,-
20201020044933,192.168.1.1/24,4
20201020044935,192.168.1.1/24,-
20201020044936,192.168.1.2/24,9
20201020044937,10.77.1.1/24,7
20201020044938,10.20.30.1/16,54
20201020044940,10.77.1.2/24,4
20201020044941,10.77.1.1/24,-
20201020044943,192.168.1.1/24,5
20201020044945,192.168.1.2/24,5
20201020044947,10.20.30.2/16,-
20201020044948,10.77.1.1/24,7
20201020044949,10.20.30.2/16,8
20201020044951,10.77.1.1/24,1
20201020044952,10.20.30.1/16,-
20201020044953,10.20.30.2/16,9
20201020044954,192.168.1.1/24,0
20201020044955,10.77.1.2/24,2
20201020044956,10.20.30.2/16,7
20201020044957,192.168.1.2/24,64
20201020044958,192.168.1.2/24,26
20201020044959,10.20.30.2/16,4
20201020045000,10.20.30.2/16,-
20201020045001,10.77.1.2/24,81
20201020045003,10.77.1.2/24,71
20201020045004,10.77.1.2/24,2
20201020045005,10.20.30.1/16,1
20201020045006,10.77.1.1/24,9
20201020045007,10.20.30.1/16,4
20201020045008,10.77.1.1/24,2
20201020045009,192.168.1.2/24,-
20201020045010,192.168.1.1/24,-
20201020045011,10.20.30.1/16,-
20201020045012,10.77.1.2/24,7
20201020045013,10.20.30.1/16,4
20201020045014,192.168.1.2/24,6
20201020045015,10.77.1.1/24,1
20201020045016,10.77.1.2/24,6
20201020045017,10.77.1.2/24,3
20201020045018,192.168.1.2/24,8
20201020045020,192.168.1.1/24,-
20201020045021,10.20.30.1/16,96
20201020045022,10.77.1.2/24,5
20201020045023,10.77.1.1/24,61
20201020045024,10.77.1.1/24,8
20201020045025,192.168.1.1/24,51
20201020045026,10.20.30.2/16,6
20201020045027,10.20.30.2/16,7
20201020045028,10.77.1.1/24,2
20201020045029,192.168.1.1/24,9
20201020045030,10.20.30.2/16,1
20201020045031,10.20.30.1/16,-
20201020045033,192.168.1.2/24,8
20201020045034,192.168.1.2/24,7
20201020045035,192.168.1.2/24,-
20201020045036,10.20.30.1/16,43
20201020045037,10.20.30.2/16,99
20201020045038,10.77.1.2/24,4
20201020045039,192.168.1.1/24,5
20201020045041,10.20.30.2/16,-
20201020045042,192.168.1.1/24,3
20201020045043,10.77.1.1/24,2
20201020045045,10.20.30.2/16,40
20201020045046,192.168.1.2/24,-
20201020045047,10.77.1.2/24,-
20201020045048,10.20.30.2/16,5
20201020045049,10.20.30.2/16,7
20201020045050,10.20.30.1/16,5
20201020045051,10.20.30.2/16,5
20201020045053,10.77.1.2/24,-
20201020045055,10.77.1.2/24,3
20201020045056,10.77.1.2/24,18
20201020045058,10.77.1.2/24,8
20201020045059,10.20.30.1/16,25
20201020045100,10.77.1.1/24,-
20201020045101,192.168.1.1/24,31
20201020045102,192.168.1.2/24,6
20201020045103,192.168.1.1/24,-
20201020045104,10.20.30.1/16,24
20201020045105,10.77.1.2/24,8
20201020045106,10.77.1.1/24,37
20201020045107,10.20.30.2/16,24
20201020045108,10.77.1.2/24,-
20201020045109,10.20.30.1/16,26
20201020045110,192.168.1.2/24,6
20201020045111,192.168.1.1/24,14
20201020045112,10.20.30.2/16,7
20201020045113,10.77.1.2/24,7
20201020045114,10.20.30.2/16,-
20201020045116,10.77.1.2/24,9
20201020045117,10.77.1.2/24,25
20201020045118,10.20.30.1/16,7
20201020045120,10.77.1.2/24,-
20201020045121,10.77.1.2/24,-
20201020045122,10.77.1.1/24,-
20201020045124,10.20.30.1/16,20
20201020045125,10.77.1.2/24,1
20201020045126,10.77.1.2/24,2
20201020045127,192.168.1.2/24,2
20201020045128,192.168.1.2/24,7
20201020045129,192.168.1.2/24,3
20201020045130,192.168.1.2/24,37
20201020045131,192.168.1.2/24,7
20201020045132,192.168.1.2/24,9
20201020045133,10.20.30.1/16,5
20201020045134,10.20.30.2/16,6
20201020045135,10.20.30.1/16,4
20201020045137,10.20.30.1/16,5
20201020045138,10.20.30.2/16,2
20201020045139,10.77.1.2/24,8
20201020045140,192.168.1.2/24,43
20201020045141,10.20.30.2/16,-
20201020045143,10.77.1.2/24,3
20201020045144,192.168.1.1/24,8
20201020045145,10.20.30.1/16,8
20201020045147,192.168.1.2/24,91
20201020045149,10.20.30.1/16,67
20201020045150,10.20.30.2/16,34
20201020045152,192.168.1.2/24,9
20201020045153,10.77.1.1/24,6
20201020045155,192.168.1.1/24,-
20201020045157,10.20.30.2/16,-
20201020045158,192.168.1.2/24,3
20201020045159,10.20.30.2/16,5
20201020045201,10.77.1.2/24,53
20201020045202,10.20.30.1/16,-
20201020045204,10.77.1.2/24,7
20201020045206,192.168.1.2/24,-
20201020045207,192.168.1.2/24,8
20201020045209,192.168.1.1/24,7
20201020045210,10.20.30.1/16,4
20201020045211,10.20.30.1/16,16
20201020045212,10.20.30.2/16,7
20201020045213,10.20.30.2/16,3
20201020045214,10.20.30.2/16,-
20201020045215,10.20.30.1/16,-
20201020045217,192.168.1.1/24,-
20201020045219,192.168.1.2/24,15
20201020045220,192.168.1.2/24,3
20201020045222,192.168.1.2/24,8
20201020045223,192.168.1.1/24,-
20201020045224,192.168.1.1/24,3
20201020045225,10.77.1.1/24,5
20201020045226,10.77.1.1/24,-
20201020045228,10.20.30.1/16,3
20201020045230,10.20.30.1/16,77
20201020045231,10.77.1.1/24,2
20201020045233,10.77.1.2/24,8
20201020045234,10.20.30.1/16,90
20201020045236,10.77.1.2/24,45
20201020045238,10.77.1.1/24,13
20201020045239,10.77.1.2/24,85
20201020045240,10.20.30.2/16,6
20201020045241,10.20.30.2/16,-
20201020045242,10.20.30.1/16,6
20201020045243,10.20.30.2/16,73
20201020045244,192.168.1.2/24,6
20201020045246,192.168.1.1/24,1
20201020045248,10.20.30.1/16,-
20201020045249,192.168.1.2/24,1
20201020045250,10.20.30.1/16,5
20201020045251,10.77.1.2/24,5
20201020045252,10.20.30.1/16,4
20201020045253,10.20.30.2/16,55
20201020045254,10.20.30.1/16,4
20201020045255,10.20.30.1/16,-
20201020045256,10.77.1.2/24,8
20201020045257,10.77.1.2/24,8
20201020045258,10.20.30.1/16,8
20201020045259,10.20.30.2/16,-
20201020045301,192.168.1.1/24,66
20201020045302,10.77.1.2/24,1
20201020045303,10.77.1.2/24,-
20201020045304,10.20.30.2/16,3
20201020045305,10.77.1.2/24,15
20201020045307,10.77.1.1/24,8
20201020045309,192.168.1.1/24,78
20201020045310,10.77.1.2/24,3
20201020045311,10.77.1.1/24,4
20201020045312,192.168.1.2/24,-
20201020045314,10.77.1.1/24,6
20201020045315,10.77.1.2/24,7
20201020045316,10.77.1.1/24,5
20201020045317,10.77.1.1/24,70
20201020045318,192.168.1.2/24,9
20201020045319,10.20.30.1/16,-
20201020045321,10.20.30.1/16,6
20201020045322,192.168.1.1/24,66
20201020045323,192.168.1.2/24,-
20201020045324,10.20.30.1/16,9
20201020045326,192.168.1.1/24,-
20201020045327,192.168.1.2/24,5
20201020045328,10.20.30.1/16,9
20201020045329,192.168.1.1/24,-
20201020045331,192.168.1.1/24,9
20201020045332,10.20.30.1/16,91
20201020045333,192.168.1.1/24,-
20201020045335,192.168.1.1/24,8
20201020045337,10.20.30.1/16,-
20201020045339,10.20.30.2/16,5
20201020045340,192.168.1.1/24,47
20201020045341,10.77.1.2/24,6
20201020045342,10.77.1.1/24,3
20201020045343,192.168.1.2/24,7
20201020045344,192.168.1.1/24,5
20201020045346,10.77.1.2/24,48
20201020045348,10.77.1.2/24,4
20201020045349,192.168.1.2/24,7
20201020045350,192.168.1.2/24,11
20201020045352,10.77.1.1/24,58
20201020045353,192.168.1.1/24,2
20201020045355,10.77.1.2/24,-
20201020045356,192.168.1.2/24,2
20201020045357,10.20.30.1/16,33
20201020045358,192.168.1.1/24,18
20201020045359,10.20.30.1/16,-
20201020045400,10.20.30.1/16,-
20201020045402,192.168.1.1/24,4
20201020045403,10.20.30.1/16,7
20201020045405,10.77.1.2/24,4
20201020045406,192.168.1.2/24,-
20201020045407,10.20.30.2/16,7
20201020045408,192.168.1.2/24,-
20201020045409,10.77.1.1/24,3
20201020045411,10.77.1.1/24,36
20201020045413,192.168.1.2/24,-
20201020045414,192.168.1.1/24,9
20201020045416,192.168.1.2/24,8
20201020045417,10.77.1.1/24,38
20201020045418,10.77.1.2/24,4
20201020045419,192.168.1.2/24,9
20201020045421,10.20.30.1/16,-
20201020045422,10.20.30.1/16,3
20201020045423,10.77.1.2/24,1
20201020045424,10.20.30.2/16,-
20201020045425,10.77.1.2/24,6
20201020045427,192.168.1.1/24,8
20201020045428,10.77.1.1/24,-
20201020045429,10.20.30.2/16,4
20201020045430,10.77.1.2/24,7
20201020045431,192.168.1.1/24,-
20201020045432,10.20.30.2/16,65
20201020045434,192.168.1.2/24,5
20201020045435,10.77.1.2/24,9
20201020045436,10.77.1.2/24,2
20201020045438,10.77.1.1/24,-
20201020045439,192.168.1.1/24,2
20201020045440,10.77.1.1/24,21
20201020045441,10.77.1.1/24,1
20201020045442,10.77.1.1/24,25
20201020045443,10.20.30.1/16,80
20201020045444,10.77.1.1/24,8
20201020045446,192.168.1.1/24,-
20201020045447,192.168.1.2/24,-
20201020045448,10.20.30.1/16,1
20201020045449,10.20.30.1/16,8
20201020045450,192.168.1.1/24,-
20201020045452,10.77.1.2/24,6
20201020045453,10.20.30.1/16,-
20201020045454,192.168.1.2/24,4
20201020045455,10.20.30.2/16,4
20201020045456,192.168.1.2/24,65
20201020045457,192.168.1.2/24,-
20201020045459,10.77.1.2/24,28
20201020045500,192.168.1.1/24,20
20201020045501,10.20.30.2/16,-
20201020045502,10.20.30.1/16,50
20201020045503,10.77.1.2/24,5
20201020045504,10.77.1.1/24,-
20201020045505,10.20.30.2/16,-
20201020045507,192.168.1.1/24,3
20201020045508,10.77.1.2/24,10
20201020045509,10.77.1.1/24,8
20201020045510,192.168.1.2/24,33
20201020045512,10.77.1.2/24,88
20201020045514,10.20.30.2/16,3
20201020045515,10.20.30.2/16,3
20201020045516,10.20.30.2/16,-
20201020045517,10.20.30.2/16,5
20201020045518,10.20.30.2/16,-
20201020045519,10.20.30.2/16,98
20201020045520,192.168.1.1/24,1
20201020045522,192.168.1.1/24,68
20201020045523,10.77.1.1/24,-
20201020045524,10.77.1.1/24,42
20201020045525,10.77.1.1/24,19
20201020045526,192.168.1.1/24,21
20201020045528,192.168.1.1/24,4
20201020045530,10.20.30.1/16,6
20201020045532,10.20.30.2/16,-
20201020045533,192.168.1.1/24,10
20201020045534,192.168.1.1/24,9
20201020045535,10.77.1.2/24,51
20201020045536,10.20.30.2/16,7
20201020045538,192.168.1.1/24,1
20201020045539,192.168.1.2/24,-
20201020045540,10.77.1.1/24,-
20201020045542,192.168.1.1/24,-
20201020045544,10.77.1.2/24,13
20201020045546,192.168.1.1/24,9
20201020045548,192.168.1.2/24,6
20201020045549,192.168.1.2/24,1
20201020045550,10.77.1.1/24,9
20201020045551,10.20.30.2/16,10
20201020045552,10.20.30.2/16,5
20201020045554,10.77.1.1/24,2
20201020045555,10.77.1.2/24,-
20201020045556,10.20.30.1/16,4
20201020045557,10.20.30.1/16,-
20201020045559,10.20.30.1/16,2
20201020045600,10.20.30.1/16,6
20201020045601,10.77.1.2/24,8
20201020045603,10.20.30.2/16,4
20201020045605,10.20.30.2/16,78
20201020045606,192.168.1.1/24,1
20201020045607,192.168.1.1/24,14
20201020045609,10.20.30.2/16,4
20201020045610,10.20.30.2/16,8
20201020045611,10.20.30.1/16,8
20201020045612,10.77.1.2/24,-
20201020045613,10.20.30.2/16,6
20201020045614,10.20.30.2/16,62
20201020045615,10.77.1.1/24,14
20201020045616,10.20.30.2/16,53
20201020045618,192.168.1.1/24,-
20201020045620,192.168.1.1/24,6
20201020045621,10.20.30.2/16,-
20201020045622,10.77.1.2/24,8
20201020045624,10.77.1.1/24,1
20201020045625,192.168.1.2/24,44
20201020045626,192.168.1.2/24,-
20201020045627,10.20.30.1/16,2
20201020045629,10.77.1.1/24,11
20201020045630,10.77.1.1/24,-
20201020045631,192.168.1.2/24,-
20201020045632,10.77.1.1/24,14
20201020045634,10.20.30.1/16,-
20201020045635,10.77.1.2/24,24
20201020045637,10.77.1.1/24,41
20201020045638,10.20.30.2/16,-
20201020045639,10.20.30.2/16,7
20201020045640,192.168.1.1/24,7
20201020045641,10.77.1.2/24,1
20201020045642,10.20.30.2/16,5
20201020045644,192.168.1.2/24,61
20201020045645,10.77.1.1/24,4
20201020045646,10.77.1.1/24,4
20201020045647,10.20.30.1/16,-
20201020045648,10.20.30.1/16,2
20201020045649,10.77.1.2/24,16
20201020045651,192.168.1.1/24,-
20201020045652,10.20.30.2/16,-
20201020045653,10.77.1.1/24,82
20201020045654,10.20.30.2/16,6
20201020045655,10.77.1.1/24,6
20201020045656,10.77.1.2/24,8
20201020045657,192.168.1.2/24,9
20201020045659,192.168.1.1/24,-
20201020045700,10.20.30.1/16,-
20201020045701,10.77.1.2/24,-
20201020045702,10.77.1.1/24,9
20201020045703,10.77.1.1/24,5
20201020045704,10.77.1.2/24,91
20201020045705,192.168.1.1/24,2
20201020045706,10.77.1.1/24,10
20201020045707,10.20.30.2/16,2
20201020045709,192.168.1.2/24,-
20201020045710,10.20.30.2/16,5
20201020045711,192.168.1.2/24,11
20201020045712,192.168.1.2/24,28
20201020045713,192.168.1.1/24,4
20201020045715,192.168.1.2/24,-
20201020045716,10.77.1.2/24,3
20201020045717,192.168.1.2/24,8
20201020045718,10.77.1.2/24,5
20201020045719,10.77.1.2/24,20
20201020045720,10.77.1.1/24,-
20201020045721,10.77.1.1/24,19
20201020045722,10.77.1.1/24,-
20201020045723,10.77.1.2/24,9
20201020045725,192.168.1.1/24,-
20201020045727,10.77.1.2/24,71
20201020045728,192.168.1.2/24,6
20201020045729,192.168.1.2/24,-
20201020045730,10.77.1.1/24,10
20201020045732,192.168.1.1/24,5
20201020045733,192.168.1.2/24,-
20201020045735,10.20.30.1/16,3
20201020045736,10.77.1.1/24,-
20201020045737,10.20.30.2/16,9
20201020045739,192.168.1.1/24,-
20201020045740,10.20.30.2/16,3
20201020045742,10.20.30.2/16,9
20201020045744,10.20.30.1/16,27
20201020045745,192.168.1.2/24,35
20201020045746,192.168.1.2/24,-
20201020045747,192.168.1.1/24,5
20201020045748,10.20.30.1/16,4
20201020045749,10.20.30.2/16,6
20201020045750,10.77.1.2/24,54
20201020045751,10.77.1.1/24,1
20201020045752,192.168.1.2/24,8
20201020045754,10.77.1.2/24,9
20201020045756,10.20.30.2/16,54
20201020045758,10.77.1.2/24,10
20201020045759,192.168.1.1/24,6
20201020045800,10.20.30.1/16,-
20201020045801,10.20.30.2/16,4
20201020045802,10.77.1.1/24,-
20201020045803,10.77.1.2/24,18
20201020045804,10.77.1.2/24,1
20201020045805,10.20.30.1/16,-
20201020045806,10.20.30.1/16,7
20201020045807,192.168.1.2/24,21
20201020045808,192.168.1.2/24,66
20201020045809,10.77.1.1/24,27
20201020045810,10.20.30.1/16,3
20201020045811,192.168.1.2/24,8
20201020045813,192.168.1.2/24,9
20201020045815,192.168.1.1/24,7
20201020045817,10.77.1.2/24,5
20201020045818,192.168.1.2/24,-
20201020045819,192.168.1.1/24,58
20201020045821,10.20.30.2/16,6
20201020045822,10.77.1.2/24,2
20201020045823,192.168.1.1/24,6
20201020045824,10.77.1.1/24,6
20201020045825,10.77.1.2/24,4
20201020045826,192.168.1.2/24,15
20201020045827,192.168.1.1/24,12
20201020045828,10.77.1.2/24,2
20201020045829,192.168.1.2/24,85
20201020045831,10.20.30.1/16,9
20201020045833,10.77.1.2/24,-
20201020045834,192.168.1.2/24,24
20201020045836,192.168.1.1/24,9
20201020045837,10.20.30.2/16,2
20201020045838,192.168.1.2/24,6
20201020045839,10.20.30.2/16,45
20201020045840,10.77.1.1/24,5
20201020045841,10.77.1.2/24,1
20201020045842,10.77.1.1/24,9
20201020045843,10.20.30.2/16,14
20201020045844,10.20.30.1/16,2
20201020045846,10.77.1.2/24,4
20201020045847,10.20.30.1/16,-
20201020045849,10.77.1.1/24,-
20201020045850,10.20.30.2/16,-
20201020045851,10.77.1.1/24,-
20201020045852,10.77.1.1/24,21
20201020045853,10.77.1.1/24,8
20201020045854,192.168.1.1/24,-
20201020045855,192.168.1.2/24,-
20201020045856,10.77.1.1/24,74
20201020045857,10.20.30.2/16,42
20201020045858,192.168.1.2/24,1
20201020045900,192.168.1.1/24,5
20201020045901,10.77.1.1/24,96
20201020045902,10.77.1.2/24,6
20201020045903,10.77.1.1/24,-
20201020045904,192.168.1.1/24,2
20201020045905,10.77.1.1/24,14
20201020045906,10.77.1.1/24,-
20201020045907,10.77.1.1/24,57
20201020045908,10.77.1.2/24,6
20201020045909,192.168.1.1/24,7
20201020045910,192.168.1.1/24,17
20201020045912,10.20.30.1/16,84
20201020045913,192.168.1.2/24,3
20201020045914,10.20.30.2/16,-
20201020045915,192.168.1.2/24,-
20201020045916,192.168.1.2/24,-
20201020045917,10.77.1.1/24,14
20201020045918,10.77.1.1/24,5
20201020045919,10.77.1.2/24,-
20201020045920,10.20.30.2/16,9
20201020045921,10.20.30.2/16,-
20201020045923,10.20.30.1/16,97
20201020045925,10.77.1.2/24,-
20201020045926,10.20.30.2/16,-
20201020045927,192.168.1.1/24,58
20201020045929,192.168.1.2/24,8
20201020045930,10.20.30.1/16,8
20201020045931,10.77.1.1/24,29
20201020045933,10.77.1.1/24,3
20201020045934,192.168.1.2/24,4
20201020045935,10.77.1.1/24,-
20201020045936,10.77.1.2/24,1
20201020045937,10.20.30.1/16,1
20201020045938,192.168.1.2/24,35
20201020045939,10.20.30.1/16,78
20201020045941,10.20.30.1/16,15
20201020045942,10.20.30.2/16,9
20201020045943,10.77.1.1/24,-
20201020045944,10.20.30.2/16,-
20201020045945,10.77.1.1/24,-
20201020045946,192.168.1.2/24,-
20201020045948,10.77.1.2/24,6
20201020045949,192.168.1.1/24,-
20201020045950,192.168.1.1/24,86
20201020045951,10.77.1.2/24,52
20201020045952,10.20.30.2/16,-
20201020045953,10.20.30.2/16,5
20201020045954,192.168.1.1/24,3
20201020045955,192.168.1.1/24,5
20201020045957,10.77.1.2/24,-
20201020045958,10.77.1.2/24,3
20201020050000,10.20.30.1/16,-
20201020050001,10.20.30.2/16,6
20201020050003,10.20.30.2/16,4
20201020050004,192.168.1.1/24,-
20201020050005,10.20.30.1/16,-
20201020050006,10.20.30.1/16,1
20201020050007,10.20.30.1/16,8
20201020050008,10.20.30.1/16,62
20201020050009,10.20.30.2/16,1
20201020050010,10.20.30.2/16,5
20201020050011,10.20.30.1/16,-
20201020050012,10.20.30.1/16,3
20201020050013,192.168.1.2/24,-
20201020050015,10.20.30.1/16,3
20201020050016,10.77.1.1/24,5
20201020050017,10.77.1.2/24,8
20201020050018,10.20.30.2/16,-
20201020050019,10.20.30.2/16,3
20201020050020,10.20.30.2/16,14
20201020050021,192.168.1.1/24,-
20201020050022,10.77.1.1/24,-
20201020050024,10.20.30.2/16,7
20201020050025,10.20.30.1/16,-
20201020050026,10.77.1.2/24,-
20201020050027,10.77.1.1/24,8
20201020050028,192.168.1.2/24,43
20201020050029,10.77.1.2/24,-
20201020050030,10.77.1.2/24,45
20201020050031,10.77.1.2/24,69
20201020050032,10.77.1.1/24,1
20201020050033,10.77.1.2/24,5
20201020050034,192.168.1.2/24,3
20201020050035,192.168.1.1/24,65
20201020050036,10.20.30.1/16,7
20201020050037,192.168.1.1/24,2
20201020050038,10.20.30.2/16,34
20201020050039,192.168.1.1/24,-
20201020050040,10.77.1.2/24,7
20201020050041,10.77.1.2/24,-
20201020050043,192.168.1.1/24,85
20201020050044,10.20.30.1/16,-
20201020050045,192.168.1.2/24,5
20201020050047,10.20.30.2/16,-
20201020050049,10.20.30.1/16,5
20201020050050,10.20.30.2/16,6
20201020050051,10.20.30.1/16,94
20201020050052,10.20.30.2/16,14
20201020050053,192.168.1.2/24,9
20201020050054,192.168.1.2/24,3
20201020050055,10.77.1.2/24,3
20201020050056,192.168.1.1/24,2
20201020050057,10.77.1.1/24,-
20201020050058,10.77.1.2/24,23
20201020050059,10.77.1.1/24,-
20201020050100,10.77.1.1/24,-
20201020050101,10.20.30.2/16,86
20201020050102,10.77.1.1/24,30
20201020050103,10.20.30.2/16,5
20201020050104,10.20.30.2/16,6
20201020050105,10.20.30.2/16,7
20201020050107,192.168.1.1/24,15
20201020050108,10.77.1.2/24,5
20201020050109,10.20.30.2/16,9
20201020050110,10.20.30.1/16,51
20201020050111,192.168.1.2/24,5
20201020050112,192.168.1.2/24,-
20201020050113,10.77.1.2/24,4
20201020050114,192.168.1.2/24,91
20201020050115,10.77.1.2/24,4
20201020050116,10.77.1.2/24,6
20201020050117,10.20.30.1/16,-
20201020050118,192.168.1.2/24,83
20201020050119,10.77.1.1/24,14
20201020050120,10.20.30.2/16,5
20201020050121,192.168.1.1/24,88
20201020050122,192.168.1.1/24,27
20201020050123,10.77.1.1/24,9
20201020050124,192.168.1.1/24,7
20201020050125,10.77.1.1/24,3
20201020050126,192.168.1.2/24,5
20201020050127,10.77.1.1/24,50
20201020050129,192.168.1.1/24,24
20201020050130,192.168.1.2/24,10
20201020050131,10.77.1.2/24,-
20201020050132,10.77.1.2/24,-
20201020050133,10.20.30.2/16,2
20201020050135,192.168.1.1/24,5
20201020050136,10.20.30.1/16,10
20201020050137,10.77.1.2/24,6
20201020050138,10.77.1.1/24,-
20201020050139,10.77.1.2/24,9
20201020050141,10.77.1.1/24,72
20201020050142,192.168.1.1/24,3
20201020050143,10.77.1.2/24,5
20201020050145,10.20.30.2/16,-
20201020050146,192.168.1.2/24,6
20201020050148,10.20.30.1/16,-
20201020050149,192.168.1.1/24,6
20201020050150,192.168.1.2/24,7
20201020050151,10.77.1.2/24,10
20201020050153,10.77.1.2/24,-
20201020050154,192.168.1.1/24,7
20201020050155,10.77.1.2/24,44
20201020050156,10.20.30.1/16,90
20201020050157,192.168.1.2/24,8
20201020050159,192.168.1.2/24,27
20201020050200,10.77.1.1/24,7
20201020050202,192.168.1.1/24,-
20201020050203,10.77.1.2/24,-
20201020050204,10.20.30.1/16,48
20201020050205,10.77.1.2/24,8
20201020050206,10.20.30.2/16,-
20201020050207,10.77.1.2/24,-
20201020050208,10.20.30.2/16,96
20201020050209,10.20.30.2/16,2
20201020050210,10.77.1.2/24,1
20201020050212,10.20.30.1/16,3
20201020050213,10.20.30.2/16,5
20201020050214,192.168.1.2/24,56
20201020050215,192.168.1.1/24,-
20201020050216,10.20.30.2/16,13
20201020050217,10.77.1.2/24,-
20201020050218,10.20.30.2/16,-
20201020050219,10.77.1.2/24,-
20201020050221,192.168.1.1/24,-
20201020050222,10.20.30.2/16,6
20201020050223,10.77.1.1/24,25
20201020050224,10.77.1.1/24,6
20201020050225,10.77.1.1/24,3
20201020050226,192.168.1.2/24,2
20201020050227,192.168.1.1/24,9
20201020050228,192.168.1.1/24,5
20201020050230,10.77.1.2/24,-
20201020050231,10.77.1.1/24,2
20201020050232,10.20.30.1/16,3
20201020050234,192.168.1.1/24,8
20201020050235,192.168.1.2/24,7
20201020050237,192.168.1.1/24,-
20201020050239,192.168.1.2/24,35
20201020050240,192.168.1.2/24,-
20201020050241,10.77.1.1/24,81
20201020050242,192.168.1.1/24,5
20201020050243,10.77.1.1/24,53
20201020050244,192.168.1.2/24,10
20201020050245,192.168.1.2/24,2
20201020050246,10.20.30.2/16,8
20201020050247,10.77.1.1/24,7
20201020050249,192.168.1.1/24,2
20201020050250,10.77.1.1/24,6
20201020050252,10.20.30.1/16,3
20201020050253,192.168.1.2/24,7
20201020050254,10.77.1.2/24,-
20201020050255,10.20.30.2/16,8
20201020050256,10.20.30.2/16,5
20201020050257,10.77.1.1/24,84
20201020050258,192.168.1.1/24,-
20201020050259,10.20.30.1/16,8
20201020050300,192.168.1.1/24,92
20201020050301,10.77.1.2/24,8
20201020050303,10.20.30.2/16,33
20201020050305,10.20.30.2/16,1
20201020050306,10.77.1.2/24,41
20201020050307,192.168.1.1/24,-
20201020050308,10.20.30.1/16,-
20201020050309,10.77.1.2/24,3
20201020050311,10.77.1.1/24,15
20201020050312,192.168.1.2/24,9
20201020050313,192.168.1.1/24,35
20201020050315,10.20.30.2/16,9
20201020050317,10.77.1.2/24,-
20201020050318,192.168.1.2/24,67
20201020050319,10.77.1.1/24,-
20201020050320,192.168.1.1/24,13
20201020050321,192.168.1.2/24,9
20201020050322,10.20.30.2/16,9
20201020050324,10.20.30.2/16,0
20201020050325,10.20.30.1/16,2
20201020050326,10.77.1.2/24,-
20201020050328,10.77.1.1/24,9
20201020050330,10.20.30.2/16,-
20201020050331,10.77.1.1/24,19
20201020050332,10.77.1.2/24,7
20201020050334,192.168.1.2/24,9
20201020050335,10.77.1.2/24,3
20201020050336,10.20.30.2/16,-
20201020050337,10.77.1.1/24,4
20201020050338,192.168.1.2/24,18
20201020050339,192.168.1.1/24,18
20201020050340,10.77.1.1/24,-
20201020050341,10.77.1.2/24,2
20201020050342,192.168.1.2/24,-
20201020050343,10.77.1.1/24,2
20201020050344,10.77.1.1/24,57
20201020050345,192.168.1.2/24,26
20201020050346,10.77.1.1/24,98
20201020050347,10.77.1.1/24,6
20201020050348,192.168.1.1/24,-
20201020050349,10.77.1.2/24,3
20201020050350,10.20.30.2/16,81
20201020050351,192.168.1.1/24,8
20201020050352,192.168.1.2/24,-
20201020050354,10.20.30.1/16,9
20201020050355,10.20.30.2/16,5
20201020050356,10.20.30.2/16,3
20201020050357,10.77.1.1/24,6
20201020050358,10.77.1.2/24,7
20201020050359,192.168.1.2/24,57
20201020050400,192.168.1.1/24,-
20201020050401,192.168.1.2/24,21
20201020050403,10.20.30.1/16,8
20201020050404,192.168.1.1/24,32
20201020050405,192.168.1.2/24,66
20201020050406,10.77.1.1/24,8
20201020050407,10.20.30.2/16,62
20201020050408,192.168.1.1/24,65
20201020050409,192.168.1.2/24,42
20201020050410,192.168.1.2/24,21
20201020050411,10.77.1.1/24,5
20201020050412,10.20.30.2/16,4
20201020050413,10.77.1.2/24,5
20201020050414,192.168.1.1/24,-
20201020050415,10.77.1.1/24,3
20201020050416,10.77.1.2/24,8
20201020050417,10.20.30.1/16,-
20201020050418,10.77.1.2/24,8
20201020050419,192.168.1.1/24,49
20201020050420,192.168.1.2/24,6
20201020050421,192.168.1.2/24,9
20201020050422,10.77.1.1/24,3
20201020050423,10.77.1.1/24,8
20201020050424,192.168.1.1/24,1
20201020050426,10.20.30.1/16,8
20201020050427,10.77.1.1/24,-
20201020050428,10.77.1.1/24,-
20201020050430,10.77.1.1/24,8
20201020050431,10.20.30.2/16,50
20201020050432,192.168.1.2/24,-
20201020050434,10.20.30.2/16,6
20201020050436,10.77.1.2/24,60
20201020050437,10.77.1.1/24,42
20201020050439,10.77.1.2/24,9
20201020050440,10.77.1.2/24,-
20201020050442,10.77.1.2/24,4
20201020050443,10.20.30.2/16,9
20201020050444,192.168.1.2/24,5
20201020050445,10.77.1.1/24,8
20201020050446,10.77.1.2/24,4
20201020050448,10.77.1.2/24,2
20201020050449,10.20.30.2/16,3
20201020050450,10.77.1.1/24,65
20201020050451,10.20.30.1/16,-
20201020050452,10.20.30.2/16,2
20201020050453,10.77.1.2/24,7
20201020050454,10.20.30.1/16,2
20201020050455,10.77.1.1/24,-
20201020050456,10.77.1.2/24,28
20201020050458,192.168.1.2/24,6
20201020050500,10.20.30.2/16,12
20201020050501,10.20.30.2/16,9
20201020050503,10.77.1.2/24,8
20201020050504,10.20.30.2/16,9
20201020050505,10.20.30.2/16,5
20201020050506,10.20.30.2/16,6
20201020050507,10.77.1.1/24,4
20201020050508,10.20.30.2/16,4
20201020050510,10.77.1.1/24,7
20201020050511,10.20.30.1/16,7
20201020050512,192.168.1.2/24,-
20201020050514,10.77.1.2/24,8
20201020050515,192.168.1.1/24,46
20201020050516,10.77.1.1/24,-
20201020050517,10.20.30.1/16,11
20201020050518,192.168.1.1/24,17
20201020050519,192.168.1.2/24,7
20201020050520,192.168.1.1/24,1
20201020050522,10.77.1.2/24,11
20201020050523,192.168.1.2/24,3
20201020050524,10.20.30.2/16,4
20201020050526,10.77.1.1/24,6
20201020050527,192.168.1.1/24,5
20201020050528,10.77.1.1/24,35
20201020050529,192.168.1.1/24,-
20201020050530,10.77.1.1/24,9
20201020050532,10.20.30.2/16,-
20201020050533,192.168.1.1/24,92
20201020050534,10.77.1.2/24,35
20201020050535,10.77.1.2/24,10
20201020050536,10.20.30.1/16,5
20201020050537,192.168.1.1/24,3
20201020050538,10.77.1.2/24,4
20201020050539,10.20.30.1/16,7
20201020050540,10.77.1.2/24,2
20201020050541,192.168.1.1/24,-
20201020050542,192.168.1.1/24,5
20201020050543,192.168.1.1/24,46
20201020050545,10.20.30.1/16,-
20201020050546,192.168.1.1/24,-
20201020050548,192.168.1.1/24,24
20201020050549,192.168.1.2/24,4
20201020050550,10.20.30.1/16,9
20201020050551,10.20.30.2/16,-
20201020050552,192.168.1.1/24,5
20201020050553,192.168.1.2/24,2
20201020050554,10.20.30.2/16,5
20201020050555,10.20.30.2/16,6
20201020050556,10.77.1.1/24,6
20201020050557,192.168.1.1/24,8
20201020050558,192.168.1.1/24,5
20201020050559,10.20.30.2/16,2
20201020050600,192.168.1.1/24,58
20201020050602,192.168.1.1/24,-
20201020050603,10.77.1.1/24,1
20201020050604,192.168.1.2/24,4
20201020050605,192.168.1.2/24,-
20201020050606,192.168.1.2/24,1
20201020050607,192.168.1.1/24,-
20201020050609,10.20.30.2/16,2
20201020050610,192.168.1.1/24,-
20201020050612,192.168.1.1/24,6
20201020050613,10.77.1.2/24,-
20201020050614,10.77.1.2/24,-
20201020050616,10.77.1.2/24,4
20201020050617,10.20.30.2/16,9
20201020050619,10.20.30.2/16,2
20201020050620,10.20.30.1/16,4
20201020050622,10.20.30.2/16,8
20201020050623,192.168.1.2/24,6
20201020050625,10.77.1.2/24,9
20201020050626,10.77.1.1/24,7
20201020050627,10.77.1.1/24,9
20201020050629,10.77.1.1/24,9
20201020050630,192.168.1.1/24,3
20201020050631,10.77.1.2/24,1
20201020050632,192.168.1.2/24,-
20201020050634,192.168.1.2/24,-
20201020050635,192.168.1.2/24,9
20201020050636,10.77.1.1/24,5
20201020050637,192.168.1.1/24,8
20201020050638,192.168.1.1/24,-
20201020050639,10.77.1.1/24,-
20201020050640,10.77.1.2/24,3
20201020050642,192.168.1.1/24,9
20201020050643,192.168.1.1/24,7
20201020050644,10.77.1.1/24,1
20201020050645,10.77.1.2/24,45
20201020050646,10.20.30.2/16,60
20201020050648,10.20.30.2/16,7
20201020050649,10.77.1.2/24,-
20201020050650,10.77.1.1/24,-
20201020050651,10.20.30.1/16,2
20201020050652,10.77.1.1/24,56
20201020050653,192.168.1.2/24,7
20201020050654,10.20.30.1/16,1
20201020050655,192.168.1.1/24,85
20201020050656,10.20.30.2/16,5
20201020050657,10.77.1.1/24,6
20201020050658,10.20.30.1/16,-
20201020050659,192.168.1.1/24,-
20201020050700,192.168.1.1/24,73
20201020050702,192.168.1.1/24,11
20201020050703,10.20.30.2/16,2
20201020050704,192.168.1.2/24,10
20201020050706,10.20.30.1/16,4
20201020050707,10.20.30.1/16,43
20201020050709,10.20.30.1/16,4
20201020050710,10.20.30.1/16,6
20201020050711,10.20.30.1/16,6
20201020050713,10.77.1.1/24,9
20201020050714,192.168.1.1/24,6
20201020050715,10.77.1.2/24,3
20201020050717,192.168.1.2/24,-
20201020050719,10.20.30.1/16,77
20201020050721,10.77.1.2/24,34
20201020050722,10.20.30.2/16,-
20201020050723,10.77.1.2/24,6
20201020050724,192.168.1.2/24,2
20201020050725,10.20.30.2/16,9
20201020050726,10.77.1.1/24,9
20201020050727,10.77.1.1/24,7
20201020050728,192.168.1.1/24,3
20201020050729,10.77.1.1/24,-
20201020050730,10.20.30.2/16,44
20201020050731,10.20.30.2/16,1
20201020050732,10.20.30.1/16,8
20201020050733,10.20.30.2/16,5
20201020050735,192.168.1.1/24,-
20201020050736,10.77.1.1/24,2
20201020050737,192.168.1.2/24,-
20201020050738,10.77.1.1/24,1
20201020050739,10.20.30.1/16,17
20201020050740,10.77.1.1/24,4
20201020050741,10.77.1.2/24,9
20201020050743,10.77.1.2/24,-
20201020050745,192.168.1.2/24,8
20201020050746,192.168.1.1/24,-
20201020050747,10.20.30.2/16,5
20201020050748,10.20.30.1/16,-
20201020050749,10.20.30.1/16,-
20201020050750,10.20.30.2/16,-
20201020050751,10.77.1.2/24,2
20201020050752,10.20.30.1/16,7
20201020050753,192.168.1.1/24,27
20201020050754,10.77.1.2/24,4
20201020050755,192.168.1.1/24,-
20201020050757,10.20.30.1/16,1
20201020050758,10.77.1.1/24,7
20201020050759,192.168.1.2/24,4
20201020050800,10.77.1.2/24,27
20201020050801,10.77.1.1/24,-
20201020050803,10.20.30.1/16,3
20201020050804,192.168.1.1/24,6
20201020050805,10.20.30.1/16,-
20201020050807,10.77.1.1/24,-
20201020050808,10.20.30.1/16,2
20201020050810,10.20.30.2/16,8
20201020050811,10.20.30.2/16,9
20201020050812,10.20.30.1/16,82
20201020050813,192.168.1.2/24,3
20201020050814,10.20.30.1/16,30
20201020050816,10.20.30.1/16,-
20201020050817,10.77.1.2/24,4
20201020050819,10.20.30.2/16,1
20201020050820,10.77.1.2/24,64
20201020050821,192.168.1.2/24,8
20201020050822,10.20.30.2/16,3
20201020050823,10.77.1.1/24,1
20201020050824,192.168.1.1/24,5
20201020050825,10.77.1.2/24,8
20201020050827,10.20.30.1/16,7
20201020050828,192.168.1.2/24,6
20201020050829,10.77.1.2/24,6
20201020050831,192.168.1.1/24,2
20201020050832,192.168.1.1/24,-
20201020050833,10.77.1.1/24,6
20201020050834,10.77.1.2/24,5
20201020050835,192.168.1.2/24,7
20201020050836,192.168.1.2/24,4
20201020050837,192.168.1.1/24,-
20201020050839,10.20.30.2/16,5
20201020050840,10.77.1.2/24,-
20201020050842,10.20.30.1/16,2
20201020050844,192.168.1.2/24,96
20201020050845,10.20.30.1/16,-
20201020050846,192.168.1.2/24,-
20201020050848,192.168.1.1/24,-
20201020050849,10.77.1.2/24,89
20201020050850,10.20.30.2/16,9
20201020050851,10.20.30.1/16,-
20201020050852,10.77.1.1/24,42
20201020050853,192.168.1.2/24,41
20201020050854,10.77.1.2/24,5
20201020050856,10.77.1.1/24,8
20201020050857,10.77.1.1/24,7
20201020050859,192.168.1.1/24,24
20201020050901,10.20.30.1/16,6
20201020050902,192.168.1.1/24,15
20201020050903,10.20.30.2/16,4
20201020050904,192.168.1.2/24,9
20201020050905,10.20.30.1/16,-
20201020050907,192.168.1.1/24,6
20201020050908,10.20.30.1/16,2
20201020050909,192.168.1.2/24,-
20201020050911,192.168.1.2/24,51
20201020050912,192.168.1.2/24,-
20201020050913,10.77.1.2/24,8
20201020050914,192.168.1.2/24,-
20201020050915,10.20.30.2/16,4
20201020050916,10.20.30.2/16,4
20201020050917,10.20.30.2/16,9
20201020050918,10.77.1.2/24,-
20201020050920,192.168.1.2/24,-
20201020050922,10.20.30.1/16,6
20201020050923,192.168.1.1/24,-
20201020050924,192.168.1.1/24,6
20201020050926,10.20.30.1/16,2
20201020050928,10.20.30.2/16,3
20201020050929,10.77.1.2/24,4
20201020050930,10.77.1.2/24,43
20201020050932,192.168.1.1/24,4
20201020050933,10.77.1.2/24,7
20201020050934,10.77.1.1/24,-
20201020050935,10.20.30.1/16,82
20201020050937,10.77.1.1/24,-
20201020050938,10.77.1.1/24,-
20201020050939,10.77.1.2/24,-
20201020050940,10.20.30.1/16,2
20201020050941,10.77.1.2/24,1
20201020050942,192.168.1.1/24,18
20201020050944,10.20.30.2/16,5
20201020050945,192.168.1.1/24,1
20201020050946,10.77.1.1/24,67
20201020050947,192.168.1.2/24,-
20201020050948,10.77.1.1/24,3
20201020050949,10.20.30.2/16,96
20201020050950,10.20.30.1/16,9
20201020050951,192.168.1.2/24,9
20201020050952,10.20.30.1/16,1
20201020050953,10.77.1.1/24,4
20201020050955,10.20.30.1/16,32
20201020050956,10.20.30.2/16,8
20201020050957,10.77.1.1/24,6
20201020050958,10.20.30.2/16,2
20201020051000,10.77.1.1/24,-
20201020051001,10.20.30.2/16,1
20201020051002,10.20.30.1/16,8
20201020051003,192.168.1.2/24,-
20201020051004,10.20.30.1/16,5
20201020051005,10.77.1.2/24,11
20201020051006,192.168.1.1/24,8
20201020051007,192.168.1.1/24,68
20201020051008,192.168.1.2/24,-
20201020051009,10.20.30.2/16,-
20201020051010,10.20.30.1/16,3
20201020051011,10.77.1.1/24,9
20201020051013,10.77.1.1/24,38
20201020051015,10.77.1.2/24,-
20201020051017,10.20.30.2/16,-
20201020051018,10.77.1.2/24,8
20201020051020,10.20.30.2/16,2
20201020051021,10.77.1.1/24,3
20201020051022,10.77.1.2/24,23
20201020051023,10.20.30.1/16,-
20201020051025,10.20.30.2/16,10
20201020051026,10.20.30.1/16,7
20201020051027,192.168.1.1/24,4
20201020051029,10.20.30.1/16,11
20201020051030,10.20.30.1/16,-
20201020051031,192.168.1.1/24,8
20201020051033,10.20.30.2/16,1
20201020051035,10.20.30.1/16,2
20201020051036,192.168.1.1/24,8
20201020051038,10.77.1.2/24,-
20201020051039,192.168.1.1/24,1
20201020051040,10.20.30.1/16,1
20201020051042,192.168.1.2/24,-
20201020051044,192.168.1.1/24,5
20201020051045,192.168.1.1/24,4
20201020051047,192.168.1.1/24,-
20201020051049,10.20.30.2/16,-
20201020051050,192.168.1.2/24,17
20201020051052,10.77.1.1/24,9
20201020051053,192.168.1.2/24,8
20201020051055,10.77.1.2/24,5
20201020051056,10.77.1.1/24,9
20201020051057,10.77.1.2/24,9
20201020051058,10.20.30.1/16,95
20201020051059,10.20.30.2/16,6
20201020051100,192.168.1.1/24,14
20201020051101,192.168.1.1/24,-
20201020051103,10.77.1.2/24,13
20201020051105,192.168.1.1/24,-
20201020051106,10.77.1.1/24,-
20201020051107,10.20.30.2/16,8
20201020051108,192.168.1.1/24,19
20201020051109,192.168.1.1/24,20
20201020051110,192.168.1.1/24,8
20201020051111,192.168.1.1/24,4
20201020051112,10.77.1.2/24,6
20201020051113,10.20.30.2/16,84
20201020051114,192.168.1.1/24,8
20201020051115,10.20.30.1/16,9
20201020051116,192.168.1.1/24,2
20201020051118,192.168.1.2/24,-
20201020051119,192.168.1.2/24,9
20201020051120,192.168.1.1/24,-
20201020051121,192.168.1.1/24,4
20201020051123,10.20.30.2/16,6
20201020051124,10.77.1.1/24,-
20201020051126,10.77.1.2/24,6
20201020051128,10.77.1.2/24,2
20201020051129,10.20.30.2/16,3
20201020051130,10.20.30.1/16,8
20201020051132,10.20.30.1/16,-
20201020051133,192.168.1.1/24,98
20201020051135,10.77.1.2/24,5
20201020051137,192.168.1.2/24,-
20201020051138,192.168.1.1/24,9
20201020051140,192.168.1.2/24,13
20201020051141,192.168.1.2/24,9
20201020051142,10.20.30.2/16,32
20201020051143,10.77.1.2/24,-
20201020051144,10.20.30.2/16,5
20201020051146,10.20.30.1/16,-
20201020051148,192.168.1.2/24,98
20201020051149,10.77.1.2/24,9
20201020051150,192.168.1.1/24,-
20201020051152,10.77.1.2/24,-
20201020051153,192.168.1.1/24,-
20201020051154,192.168.1.2/24,9
20201020051155,192.168.1.1/24,5
20201020051156,10.20.30.1/16,5
20201020051157,10.77.1.2/24,89
20201020051158,192.168.1.1/24,82
20201020051159,10.77.1.1/24,10
20201020051200,10.20.30.1/16,6
20201020051201,10.20.30.1/16,-
20201020051202,192.168.1.1/24,-
20201020051203,192.168.1.1/24,70
20201020051204,10.20.30.2/16,49
20201020051205,10.77.1.1/24,-
20201020051206,10.20.30.1/16,-
20201020051207,10.20.30.1/16,-
20201020051209,10.77.1.1/24,66
20201020051211,10.20.30.1/16,3
20201020051212,192.168.1.2/24,4
20201020051213,10.77.1.1/24,7
20201020051214,10.77.1.1/24,19
20201020051215,10.77.1.1/24,1
20201020051216,10.77.1.2/24,44
20201020051217,10.77.1.1/24,5
20201020051218,192.168.1.2/24,-
20201020051220,10.20.30.2/16,5
20201020051221,10.20.30.2/16,9
20201020051222,10.77.1.2/24,11
20201020051223,10.20.30.1/16,68
20201020051225,192.168.1.2/24,23
20201020051227,192.168.1.1/24,-
20201020051228,10.77.1.2/24,-
20201020051229,192.168.1.2/24,9
20201020051231,10.77.1.1/24,1
20201020051232,192.168.1.1/24,27
20201020051233,10.77.1.2/24,3
20201020051234,192.168.1.1/24,9
20201020051235,10.77.1.1/24,77
20201020051236,10.20.30.1/16,-
20201020051237,10.77.1.2/24,6
20201020051238,10.20.30.1/16,2
20201020051240,192.168.1.2/24,5
20201020051241,10.20.30.2/16,9
20201020051243,192.168.1.1/24,4
20201020051244,10.77.1.1/24,4
20201020051245,192.168.1.2/24,3
20201020051247,192.168.1.1/24,67
20201020051248,10.77.1.1/24,13
20201020051249,192.168.1.2/24,4
20201020051250,10.77.1.2/24,6
20201020051252,192.168.1.2/24,87
20201020051254,192.168.1.1/24,6
20201020051256,10.20.30.2/16,-
20201020051257,10.77.1.2/24,78
20201020051258,10.20.30.1/16,22
20201020051259,192.168.1.2/24,-
20201020051300,192.168.1.2/24,4
20201020051301,10.77.1.2/24,-
20201020051302,10.77.1.1/24,5
20201020051303,192.168.1.1/24,-
20201020051304,10.20.30.1/16,11
20201020051305,10.20.30.1/16,49
20201020051306,10.20.30.2/16,5
20201020051307,10.20.30.1/16,-
20201020051308,10.20.30.1/16,7
20201020051310,10.20.30.2/16,8
20201020051311,10.77.1.2/24,28
20201020051312,10.20.30.1/16,1
20201020051313,10.77.1.2/24,2
20201020051314,192.168.1.1/24,6
20201020051315,192.168.1.1/24,2
20201020051317,10.20.30.1/16,4
20201020051319,10.20.30.1/16,6
20201020051320,10.77.1.2/24,-
20201020051321,192.168.1.1/24,6
20201020051322,10.20.30.1/16,3
20201020051324,192.168.1.2/24,4
20201020051325,10.20.30.1/16,5
20201020051327,10.77.1.1/24,80
20201020051328,10.77.1.2/24,-
20201020051329,10.77.1.2/24,9
20201020051330,192.168.1.1/24,7
20201020051332,192.168.1.2/24,4
20201020051333,10.77.1.1/24,-
20201020051335,192.168.1.1/24,33
20201020051336,10.77.1.1/24,11
20201020051337,10.20.30.2/16,71
20201020051338,10.77.1.2/24,5
20201020051340,10.77.1.2/24,5
20201020051341,10.77.1.2/24,16
20201020051342,10.20.30.2/16,2
20201020051343,192.168.1.2/24,7
20201020051345,10.77.1.1/24,2
20201020051346,192.168.1.1/24,-
20201020051347,192.168.1.2/24,32
20201020051349,192.168.1.2/24,-
20201020051351,192.168.1.2/24,6
20201020051352,192.168.1.1/24,-
20201020051353,192.168.1.1/24,1
20201020051354,10.20.30.2/16,83
20201020051355,10.20.30.2/16,6
20201020051356,10.77.1.1/24,-
20201020051357,10.77.1.1/24,51
20201020051358,192.168.1.2/24,-
20201020051359,192.168.1.1/24,14
20201020051400,10.77.1.2/24,-
20201020051401,10.20.30.2/16,4
20201020051402,10.20.30.1/16,57
20201020051403,10.20.30.1/16,-
20201020051404,10.20.30.1/16,4
20201020051405,10.20.30.1/16,4
20201020051406,192.168.1.2/24,-
20201020051407,192.168.1.2/24,2
20201020051408,10.77.1.2/24,-
20201020051409,192.168.1.2/24,5
20201020051410,10.77.1.2/24,-
20201020051411,10.77.1.2/24,9
20201020051412,10.77.1.1/24,6
20201020051413,10.20.30.1/16,4
20201020051415,192.168.1.1/24,80
20201020051416,192.168.1.2/24,3
20201020051417,192.168.1.2/24,8
20201020051418,10.77.1.2/24,9
20201020051419,10.77.1.1/24,5
20201020051420,192.168.1.1/24,4
20201020051421,192.168.1.1/24,1
20201020051423,192.168.1.2/24,7
20201020051424,10.20.30.1/16,87
20201020051425,192.168.1.2/24,27
20201020051426,10.77.1.1/24,62
20201020051428,10.20.30.1/16,46
20201020051429,192.168.1.2/24,-
20201020051430,10.20.30.1/16,-
20201020051431,10.20.30.2/16,6
20201020051432,10.20.30.2/16,-
20201020051433,192.168.1.1/24,79
20201020051434,192.168.1.2/24,4
20201020051436,10.20.30.1/16,5
20201020051437,10.77.1.1/24,-
20201020051438,10.20.30.1/16,-
20201020051439,10.20.30.2/16,89
20201020051440,10.20.30.1/16,5
20201020051441,192.168.1.2/24,4
20201020051443,10.20.30.1/16,9
20201020051444,10.20.30.1/16,25
20201020051445,10.20.30.2/16,1
20201020051447,10.77.1.2/24,3
20201020051448,10.20.30.2/16,8
20201020051449,10.20.30.1/16,88
20201020051450,192.168.1.2/24,77
20201020051451,192.168.1.2/24,74
20201020051452,192.168.1.2/24,5
20201020051454,192.168.1.2/24,4
20201020051455,10.77.1.1/24,-
20201020051457,10.20.30.2/16,6
20201020051459,10.20.30.1/16,1
20201020051501,10.20.30.1/16,8
20201020051502,192.168.1.1/24,9
20201020051504,10.20.30.2/16,-
20201020051505,10.77.1.2/24,-
20201020051506,10.20.30.2/16,3
20201020051507,10.20.30.2/16,96
20201020051509,10.20.30.1/16,3
20201020051510,10.77.1.1/24,2
20201020051511,192.168.1.2/24,2
20201020051513,10.77.1.2/24,9
20201020051514,192.168.1.1/24,6
20201020051515,192.168.1.2/24,-
20201020051516,10.20.30.1/16,-
20201020051517,10.77.1.1/24,8
20201020051518,10.77.1.2/24,8
20201020051519,10.77.1.2/24,42
20201020051521,10.77.1.2/24,2
20201020051522,10.20.30.2/16,64
20201020051523,10.77.1.1/24,6
20201020051524,192.168.1.1/24,2
20201020051525,10.20.30.1/16,4
20201020051526,192.168.1.1/24,3
20201020051528,10.77.1.2/24,-
20201020051530,10.20.30.2/16,4
20201020051531,10.20.30.1/16,6
20201020051532,10.20.30.2/16,45
20201020051533,192.168.1.1/24,10
20201020051534,192.168.1.2/24,3
20201020051535,10.77.1.2/24,6
20201020051536,10.20.30.1/16,5
20201020051537,10.77.1.2/24,5
20201020051538,192.168.1.1/24,-
20201020051540,10.20.30.2/16,33
20201020051541,10.77.1.2/24,8
20201020051542,192.168.1.1/24,4
20201020051543,10.20.30.1/16,7
20201020051544,10.77.1.2/24,61
20201020051545,10.20.30.1/16,8
20201020051546,10.77.1.1/24,-
20201020051547,10.20.30.1/16,55
20201020051548,10.77.1.1/24,-
20201020051549,192.168.1.2/24,7
20201020051550,192.168.1.2/24,-
20201020051552,10.20.30.1/16,3
20201020051553,10.20.30.2/16,-
20201020051555,192.168.1.1/24,3
20201020051556,10.77.1.1/24,-
20201020051557,192.168.1.1/24,8
20201020051559,10.77.1.2/24,2
20201020051600,10.20.30.1/16,6
20201020051601,192.168.1.1/24,9
20201020051602,10.20.30.1/16,-
20201020051604,10.77.1.1/24,-
20201020051606,10.20.30.2/16,58
20201020051608,192.168.1.1/24,16
20201020051609,192.168.1.2/24,2
20201020051611,192.168.1.2/24,-
20201020051612,10.77.1.1/24,3
20201020051613,10.77.1.1/24,6
20201020051614,192.168.1.2/24,3
20201020051615,10.20.30.1/16,99
20201020051616,192.168.1.2/24,1
20201020051617,192.168.1.2/24,9
20201020051618,10.20.30.2/16,12
20201020051620,192.168.1.2/24,71
20201020051621,10.20.30.1/16,8
20201020051622,10.20.30.2/16,76
20201020051623,10.20.30.1/16,82
20201020051624,10.77.1.2/24,-
20201020051625,10.20.30.2/16,8
20201020051626,10.77.1.2/24,-
20201020051628,10.77.1.2/24,8
20201020051629,10.20.30.2/16,5
20201020051630,192.168.1.1/24,2
20201020051632,10.20.30.2/16,81
20201020051633,10.20.30.2/16,-
20201020051634,10.77.1.2/24,-
20201020051636,192.168.1.1/24,1
20201020051637,192.168.1.1/24,-
20201020051638,10.77.1.1/24,9
20201020051640,10.20.30.2/16,38
20201020051642,10.20.30.1/16,2
20201020051644,10.20.30.2/16,61
20201020051645,10.20.30.2/16,30
20201020051646,10.77.1.2/24,8
20201020051648,192.168.1.1/24,7
20201020051649,10.20.30.1/16,7
20201020051650,192.168.1.2/24,6
20201020051651,10.77.1.2/24,-
20201020051652,10.77.1.2/24,8
20201020051653,10.77.1.2/24,1
20201020051654,10.77.1.1/24,10
20201020051655,10.20.30.2/16,4
20201020051656,192.168.1.1/24,4
20201020051657,10.77.1.2/24,-
20201020051658,10.77.1.1/24,2
20201020051659,192.168.1.2/24,12
20201020051700,192.168.1.1/24,2
20201020051701,10.20.30.1/16,-
20201020051702,192.168.1.2/24,5
20201020051703,10.20.30.1/16,44
20201020051704,192.168.1.1/24,3
20201020051705,10.77.1.2/24,5
20201020051707,10.77.1.1/24,18
20201020051708,10.20.30.1/16,3
20201020051709,10.77.1.2/24,6
20201020051711,10.20.30.1/16,2
20201020051713,10.20.30.2/16,-
20201020051714,10.77.1.2/24,-
20201020051715,10.77.1.2/24,9
20201020051716,192.168.1.2/24,77
20201020051717,10.77.1.2/24,8
20201020051718,192.168.1.2/24,5
20201020051720,10.77.1.1/24,6
20201020051721,10.20.30.2/16,81
20201020051722,192.168.1.2/24,-
20201020051723,10.20.30.2/16,29
20201020051724,10.20.30.2/16,40
20201020051725,10.77.1.1/24,-
20201020051727,10.77.1.2/24,5
20201020051728,10.20.30.1/16,28
20201020051729,10.77.1.2/24,-
20201020051731,192.168.1.1/24,6
20201020051732,10.77.1.1/24,-
20201020051734,10.77.1.1/24,5
20201020051735,10.77.1.1/24,9
20201020051736,10.77.1.2/24,3
20201020051738,192.168.1.1/24,3
20201020051739,10.20.30.1/16,-
20201020051741,10.77.1.1/24,7
20201020051742,10.20.30.2/16,92
20201020051744,10.20.30.2/16,9
20201020051745,10.77.1.1/24,2
20201020051746,10.77.1.2/24,40
20201020051748,10.20.30.1/16,-
20201020051749,10.77.1.2/24,7
20201020051750,10.20.30.2/16,51
20201020051751,192.168.1.2/24,6
20201020051752,192.168.1.2/24,29
20201020051753,10.77.1.2/24,6
20201020051754,10.77.1.1/24,2
20201020051756,10.20.30.1/16,-
20201020051757,192.168.1.2/24,4
20201020051759,192.168.1.1/24,7
20201020051800,10.20.30.2/16,7
20201020051801,10.77.1.1/24,5
20201020051803,192.168.1.2/24,5
20201020051804,10.20.30.2/16,9
20201020051805,10.20.30.1/16,7
20201020051806,10.20.30.1/16,5
20201020051808,10.20.30.1/16,7
20201020051810,10.20.30.2/16,-
20201020051811,192.168.1.1/24,52
20201020051812,192.168.1.2/24,2
20201020051813,192.168.1.2/24,53
20201020051814,10.20.30.2/16,-
20201020051815,10.20.30.2/16,8
20201020051816,192.168.1.1/24,-
20201020051817,10.20.30.1/16,2
20201020051818,10.77.1.1/24,8
20201020051820,192.168.1.1/24,8
20201020051821,10.77.1.1/24,2
20201020051822,10.77.1.1/24,11
20201020051823,192.168.1.2/24,90
20201020051824,192.168.1.2/24,1
20201020051825,10.20.30.2/16,-
20201020051826,10.20.30.1/16,-
20201020051827,10.77.1.2/24,-
20201020051828,192.168.1.1/24,45
20201020051829,10.77.1.1/24,17
20201020051830,10.20.30.2/16,40
20201020051831,10.20.30.1/16,11
20201020051832,192.168.1.1/24,-
20201020051834,10.20.30.2/16,8
20201020051835,10.20.30.1/16,5
20201020051836,10.77.1.1/24,5
20201020051837,10.20.30.2/16,8
20201020051839,10.77.1.1/24,-
20201020051840,10.20.30.2/16,9
20201020051841,10.20.30.2/16,2
20201020051842,10.77.1.1/24,3
20201020051843,192.168.1.2/24,-
20201020051845,10.20.30.2/16,-
20201020051847,10.77.1.2/24,11
20201020051849,192.168.1.1/24,5
20201020051850,192.168.1.1/24,7
20201020051851,10.77.1.1/24,58
20201020051852,192.168.1.1/24,-
20201020051854,192.168.1.2/24,4
20201020051855,10.77.1.1/24,57
20201020051857,192.168.1.1/24,27
20201020051858,10.20.30.1/16,6
20201020051859,10.20.30.2/16,2
20201020051900,10.77.1.2/24,9
20201020051901,10.77.1.2/24,-
20201020051903,10.77.1.2/24,4
20201020051904,10.77.1.2/24,4
20201020051905,10.77.1.1/24,7
20201020051906,10.77.1.1/24,18
20201020051908,192.168.1.1/24,36
20201020051909,10.20.30.2/16,12
20201020051911,10.20.30.2/16,4
20201020051912,10.77.1.2/24,3
20201020051913,192.168.1.2/24,-
20201020051914,10.20.30.2/16,-
20201020051915,10.77.1.2/24,-
20201020051916,10.20.30.1/16,8
20201020051917,10.77.1.1/24,44
20201020051918,192.168.1.1/24,3
20201020051919,10.77.1.2/24,8
20201020051920,10.20.30.1/16,9
20201020051922,10.20.30.2/16,90
20201020051923,10.20.30.1/16,-
20201020051924,10.77.1.2/24,10
20201020051926,10.20.30.2/16,9
20201020051927,192.168.1.1/24,-
20201020051928,10.20.30.1/16,4
20201020051929,10.77.1.2/24,-
20201020051931,10.20.30.2/16,-
20201020051932,192.168.1.2/24,-
20201020051933,192.168.1.1/24,9
20201020051934,192.168.1.2/24,50
20201020051935,10.20.30.1/16,7
20201020051936,10.77.1.1/24,-
20201020051937,10.77.1.1/24,3
20201020051938,10.20.30.2/16,44
20201020051939,10.77.1.2/24,-
20201020051940,10.77.1.2/24,3
20201020051941,10.20.30.1/16,2
20201020051942,10.77.1.2/24,1
20201020051944,10.20.30.2/16,8
20201020051945,10.77.1.1/24,76
20201020051946,192.168.1.1/24,66
20201020051948,10.77.1.2/24,8
20201020051950,10.77.1.2/24,15
20201020051952,10.20.30.1/16,9
20201020051953,10.77.1.2/24,7
20201020051954,192.168.1.1/24,55
20201020051956,10.77.1.1/24,-
20201020051957,10.77.1.2/24,-
20201020051958,10.20.30.2/16,4
20201020051959,10.20.30.1/16,4
20201020052000,10.20.30.2/16,8
20201020052002,10.77.1.2/24,-
20201020052003,192.168.1.1/24,8
20201020052004,10.77.1.2/24,5
20201020052005,10.77.1.1/24,2
20201020052006,10.77.1.1/24,4
20201020052008,10.20.30.2/16,6
20201020052010,192.168.1.2/24,88
20201020052011,192.168.1.1/24,1
20201020052012,192.168.1.2/24,25
20201020052014,10.77.1.1/24,86
20201020052016,10.20.30.2/16,-
20201020052017,10.77.1.2/24,31
20201020052019,10.77.1.1/24,36
20201020052020,192.168.1.2/24,1
20201020052021,10.20.30.2/16,-
20201020052023,10.77.1.1/24,8
20201020052025,10.77.1.2/24,3
20201020052026,10.77.1.1/24,-
20201020052027,10.77.1.1/24,3
20201020052028,192.168.1.1/24,2
20201020052030,10.20.30.2/16,2
20201020052031,10.77.1.1/24,8
20201020052032,10.20.30.2/16,42
20201020052033,192.168.1.2/24,9
20201020052034,10.20.30.2/16,36
20201020052035,10.77.1.2/24,-
20201020052036,10.77.1.2/24,1
20201020052038,192.168.1.1/24,6
20201020052039,10.77.1.2/24,18
20201020052040,10.77.1.1/24,6
20201020052041,10.77.1.1/24,5
20201020052042,10.77.1.1/24,4
20201020052043,192.168.1.1/24,1
20201020052044,10.77.1.2/24,5
20201020052045,10.20.30.1/16,6
20201020052046,10.20.30.1/16,7
20201020052047,192.168.1.2/24,5
20201020052049,10.77.1.1/24,37
20201020052051,192.168.1.1/24,15
20201020052052,10.77.1.2/24,5
20201020052053,192.168.1.1/24,44
20201020052055,10.20.30.2/16,6
20201020052056,10.77.1.2/24,29
20201020052058,10.20.30.1/16,40
20201020052100,10.20.30.1/16,4
20201020052101,10.77.1.1/24,-
20201020052102,10.77.1.1/24,6
20201020052103,10.77.1.1/24,-
20201020052105,10.77.1.2/24,17
20201020052106,10.77.1.2/24,6
20201020052107,10.20.30.1/16,-
20201020052109,10.77.1.1/24,-
20201020052110,10.20.30.2/16,-
20201020052111,192.168.1.1/24,3
20201020052112,192.168.1.1/24,1
20201020052113,10.20.30.2/16,26
20201020052114,192.168.1.1/24,93
20201020052116,10.20.30.2/16,7
20201020052118,10.77.1.2/24,6
20201020052119,10.77.1.1/24,-
20201020052120,10.77.1.2/24,9
20201020052121,192.168.1.1/24,-
20201020052122,192.168.1.1/24,6
20201020052124,192.168.1.2/24,-
20201020052125,10.20.30.1/16,1
20201020052126,192.168.1.1/24,3
20201020052127,10.77.1.1/24,9
20201020052128,192.168.1.2/24,8
20201020052129,10.77.1.1/24,-
20201020052130,10.77.1.1/24,10
20201020052131,192.168.1.2/24,3
20201020052132,192.168.1.1/24,9
20201020052133,10.20.30.1/16,3
20201020052134,10.77.1.1/24,5
20201020052135,10.20.30.2/16,8
20201020052136,10.77.1.2/24,62
20201020052137,192.168.1.1/24,-
20201020052138,10.20.30.1/16,10
20201020052139,10.20.30.2/16,4
20201020052140,192.168.1.2/24,1
20201020052141,192.168.1.1/24,36
20201020052142,192.168.1.2/24,-
20201020052143,10.77.1.2/24,-
20201020052144,10.20.30.1/16,3
20201020052145,192.168.1.2/24,-
20201020052146,192.168.1.1/24,-
20201020052147,10.20.30.1/16,2
20201020052148,10.20.30.1/16,22
20201020052149,192.168.1.1/24,9
20201020052151,192.168.1.1/24,-
20201020052152,192.168.1.2/24,2
20201020052153,10.77.1.2/24,-
20201020052154,192.168.1.1/24,-
20201020052155,10.77.1.2/24,7
20201020052156,10.20.30.1/16,6
20201020052157,192.168.1.2/24,6
20201020052158,192.168.1.1/24,2
20201020052159,192.168.1.2/24,-
20201020052201,192.168.1.1/24,9
20201020052203,10.20.30.1/16,4
20201020052204,10.77.1.2/24,66
20201020052206,192.168.1.1/24,-
20201020052207,10.20.30.1/16,8
20201020052208,10.20.30.2/16,3
20201020052210,192.168.1.1/24,6
20201020052211,10.77.1.2/24,87
20201020052212,192.168.1.2/24,1
20201020052214,10.77.1.1/24,-
20201020052215,10.20.30.2/16,53
20201020052217,10.20.30.1/16,5
20201020052218,10.77.1.2/24,14
20201020052219,10.77.1.1/24,13
20201020052220,10.77.1.2/24,9
20201020052222,10.77.1.1/24,2
20201020052223,192.168.1.2/24,8
20201020052224,10.77.1.2/24,8
20201020052225,10.20.30.1/16,24
20201020052226,10.77.1.1/24,5
20201020052227,10.20.30.1/16,19
20201020052228,10.77.1.2/24,1
20201020052229,10.77.1.2/24,73
20201020052230,10.77.1.2/24,6
20201020052231,10.77.1.2/24,7
20201020052232,10.20.30.2/16,63
20201020052233,10.20.30.1/16,9
20201020052234,10.20.30.1/16,71
20201020052235,10.20.30.1/16,6
20201020052237,192.168.1.2/24,7
20201020052239,192.168.1.1/24,-
20201020052240,10.20.30.2/16,6
20201020052241,192.168.1.1/24,4
20201020052242,192.168.1.2/24,9
20201020052244,10.77.1.2/24,8
20201020052245,192.168.1.2/24,47
20201020052247,192.168.1.1/24,9
20201020052249,10.20.30.1/16,53
20201020052250,10.20.30.1/16,65
20201020052251,10.77.1.1/24,25
20201020052252,10.77.1.2/24,3
20201020052253,10.20.30.1/16,1
20201020052254,192.168.1.2/24,-
20201020052255,192.168.1.1/24,7
20201020052256,10.20.30.1/16,8
20201020052257,192.168.1.1/24,-
20201020052258,192.168.1.2/24,20
20201020052259,192.168.1.2/24,5
20201020052300,192.168.1.2/24,7
20201020052301,10.77.1.1/24,9
20201020052302,192.168.1.1/24,-
20201020052303,10.20.30.2/16,16
20201020052304,10.20.30.2/16,8
20201020052305,10.20.30.2/16,5
20201020052307,192.168.1.2/24,4
20201020052308,10.20.30.1/16,8
20201020052309,10.77.1.1/24,4
20201020052310,10.20.30.1/16,85
20201020052311,10.20.30.2/16,-
20201020052312,10.20.30.1/16,38
20201020052313,10.77.1.2/24,-
20201020052314,10.77.1.2/24,15
20201020052315,10.20.30.1/16,9
20201020052316,10.77.1.2/24,5
20201020052317,192.168.1.2/24,6
20201020052318,10.20.30.2/16,3
20201020052320,10.77.1.2/24,-
20201020052321,10.77.1.1/24,3
20201020052323,192.168.1.2/24,-
20201020052324,10.20.30.1/16,3
20201020052325,10.20.30.2/16,6
20201020052326,10.20.30.2/16,7
20201020052327,192.168.1.1/24,4
20201020052328,10.20.30.1/16,8
20201020052329,10.20.30.1/16,4
20201020052330,10.77.1.2/24,84
20201020052331,192.168.1.1/24,79
20201020052332,10.77.1.2/24,9
20201020052333,192.168.1.2/24,7
20201020052334,10.77.1.2/24,12
20201020052335,10.20.30.1/16,7
20201020052336,192.168.1.2/24,-
20201020052337,192.168.1.2/24,3
20201020052338,10.77.1.1/24,4
20201020052339,10.77.1.2/24,9
20201020052340,10.77.1.1/24,62
20201020052341,192.168.1.1/24,-
20201020052342,10.20.30.1/16,40
20201020052344,192.168.1.1/24,9
20201020052345,10.20.30.2/16,7
20201020052347,192.168.1.1/24,10
20201020052348,192.168.1.1/24,4
20201020052349,10.77.1.1/24,3
20201020052351,192.168.1.2/24,-
20201020052352,192.168.1.1/24,-
20201020052353,10.20.30.2/16,52
20201020052354,192.168.1.2/24,11
20201020052356,192.168.1.1/24,-
20201020052358,192.168.1.2/24,9
20201020052359,10.20.30.2/16,11
20201020052400,10.20.30.1/16,-
20201020052401,10.20.30.2/16,6
20201020052402,10.20.30.1/16,6
20201020052404,192.168.1.2/24,44
20201020052405,10.20.30.1/16,-
20201020052406,10.20.30.2/16,6
20201020052408,10.20.30.2/16,-
20201020052409,192.168.1.1/24,6
20201020052410,10.77.1.1/24,2
20201020052411,10.77.1.1/24,5
20201020052412,10.20.30.1/16,54
20201020052414,192.168.1.2/24,-
20201020052415,192.168.1.1/24,26
20201020052416,10.77.1.2/24,9
20201020052418,10.77.1.1/24,4
20201020052419,192.168.1.2/24,-
20201020052420,10.20.30.1/16,-
20201020052421,10.77.1.2/24,2
20201020052422,10.77.1.2/24,8
20201020052423,192.168.1.2/24,51
20201020052424,192.168.1.2/24,2
20201020052425,192.168.1.2/24,-
20201020052426,192.168.1.2/24,4
20201020052427,10.20.30.2/16,-
20201020052428,10.20.30.2/16,6
20201020052430,192.168.1.2/24,-
20201020052431,10.77.1.1/24,9
20201020052433,10.77.1.2/24,-
20201020052434,10.20.30.1/16,-
20201020052436,10.20.30.1/16,3
20201020052437,192.168.1.2/24,8
20201020052438,192.168.1.2/24,62
20201020052440,192.168.1.2/24,3
20201020052441,10.77.1.2/24,-
20201020052443,192.168.1.1/24,9
20201020052444,10.20.30.1/16,-
20201020052445,10.77.1.1/24,8
20201020052446,10.20.30.1/16,-
20201020052447,192.168.1.2/24,-
20201020052448,10.77.1.1/24,7
20201020052450,10.20.30.1/16,97
20201020052452,192.168.1.1/24,6
20201020052454,10.77.1.1/24,-
20201020052455,10.20.30.1/16,-
20201020052456,10.77.1.2/24,-
20201020052457,10.77.1.2/24,94
20201020052459,10.20.30.2/16,1
20201020052500,10.77.1.1/24,5
20201020052501,10.20.30.1/16,39
20201020052502,10.20.30.1/16,-
20201020052503,10.20.30.1/16,2
20201020052505,10.20.30.2/16,91
20201020052506,192.168.1.2/24,9
20201020052507,10.77.1.2/24,9
20201020052508,10.77.1.1/24,87
20201020052510,10.20.30.2/16,-
20201020052511,192.168.1.1/24,-
20201020052512,10.20.30.1/16,6
20201020052513,192.168.1.2/24,-
20201020052515,10.77.1.1/24,-
20201020052516,10.77.1.2/24,5
20201020052517,10.20.30.2/16,5
20201020052519,10.77.1.2/24,1
20201020052521,192.168.1.2/24,8
20201020052522,192.168.1.1/24,3
20201020052524,10.77.1.1/24,6
20201020052525,10.77.1.1/24,41
20201020052527,10.20.30.1/16,1
20201020052528,10.77.1.1/24,-
20201020052529,192.168.1.2/24,2
20201020052530,10.20.30.1/16,24
20201020052531,10.20.30.1/16,2
20201020052532,10.20.30.2/16,7
20201020052534,10.77.1.2/24,-
20201020052536,10.20.30.2/16,5
20201020052538,10.77.1.2/24,2
20201020052539,10.77.1.2/24,-
20201020052540,10.77.1.1/24,4
20201020052541,10.77.1.1/24,44
20201020052542,10.77.1.1/24,9
20201020052543,10.20.30.2/16,-
20201020052545,10.77.1.2/24,64
20201020052546,10.77.1.1/24,-
20201020052547,10.77.1.2/24,3
20201020052548,192.168.1.2/24,31
20201020052549,192.168.1.1/24,15
20201020052550,10.77.1.1/24,20
20201020052551,10.20.30.2/16,3
20201020052552,10.77.1.1/24,4
20201020052553,10.20.30.1/16,43
20201020052554,192.168.1.1/24,7
20201020052555,192.168.1.1/24,-
20201020052556,192.168.1.2/24,6
20201020052557,10.20.30.2/16,2
20201020052558,192.168.1.1/24,9
20201020052559,192.168.1.1/24,6
20201020052600,10.77.1.2/24,4
20201020052601,10.20.30.1/16,2
20201020052603,10.20.30.2/16,4
20201020052604,10.77.1.2/24,-
20201020052605,10.20.30.2/16,70
20201020052607,192.168.1.1/24,6
20201020052608,10.77.1.1/24,-
20201020052610,10.20.30.1/16,88
20201020052611,10.20.30.1/16,-
20201020052613,192.168.1.1/24,28
20201020052615,10.77.1.2/24,2
20201020052616,10.77.1.2/24,-
20201020052617,192.168.1.1/24,3
20201020052618,192.168.1.1/24,-
20201020052619,192.168.1.1/24,-
20201020052620,192.168.1.1/24,-
20201020052621,192.168.1.1/24,6
20201020052623,10.20.30.1/16,17
20201020052624,10.77.1.1/24,5
20201020052625,10.77.1.1/24,43
20201020052626,192.168.1.1/24,97
20201020052628,10.20.30.1/16,6
20201020052629,10.77.1.1/24,15
20201020052630,192.168.1.2/24,4
20201020052631,192.168.1.2/24,3
20201020052632,192.168.1.1/24,-
20201020052633,10.77.1.1/24,5
20201020052634,192.168.1.1/24,8
20201020052635,192.168.1.1/24,33
20201020052637,192.168.1.1/24,8
20201020052638,192.168.1.2/24,3
20201020052639,192.168.1.2/24,6
20201020052640,192.168.1.2/24,1
20201020052641,192.168.1.1/24,61
20201020052642,10.20.30.2/16,93
20201020052643,10.77.1.1/24,4
20201020052644,10.77.1.2/24,7
20201020052646,192.168.1.2/24,9
20201020052647,10.77.1.1/24,-
20201020052649,10.77.1.1/24,51
20201020052650,10.77.1.2/24,4
20201020052651,10.77.1.1/24,5
20201020052652,192.168.1.1/24,76
20201020052653,10.77.1.2/24,-
20201020052654,10.20.30.1/16,8
20201020052655,10.77.1.2/24,3
20201020052656,10.20.30.2/16,-
20201020052657,192.168.1.2/24,29
20201020052658,10.20.30.1/16,-
20201020052659,192.168.1.2/24,5
20201020052700,192.168.1.1/24,9
20201020052702,10.20.30.2/16,28
20201020052703,10.20.30.1/16,94
20201020052704,10.77.1.1/24,1
20201020052705,192.168.1.1/24,39
20201020052707,10.77.1.1/24,12
20201020052709,10.77.1.1/24,33
20201020052710,192.168.1.2/24,2
20201020052711,10.77.1.1/24,12
20201020052712,192.168.1.1/24,-
20201020052713,10.20.30.1/16,5
20201020052715,192.168.1.1/24,-
20201020052716,10.77.1.1/24,-
20201020052718,192.168.1.1/24,-
20201020052719,10.77.1.2/24,8
20201020052720,10.77.1.2/24,4
20201020052721,10.20.30.2/16,46
20201020052722,192.168.1.2/24,-
20201020052723,10.20.30.1/16,8
20201020052725,10.20.30.1/16,69
20201020052726,10.77.1.1/24,-
20201020052727,10.20.30.2/16,-
20201020052728,192.168.1.1/24,-
20201020052729,10.77.1.2/24,-
20201020052731,10.20.30.2/16,-
20201020052733,192.168.1.1/24,6
20201020052734,10.77.1.1/24,11
20201020052735,192.168.1.2/24,-
20201020052736,10.77.1.2/24,5
20201020052737,10.20.30.1/16,-
20201020052739,10.77.1.2/24,20
20201020052740,192.168.1.2/24,99
20201020052741,10.77.1.2/24,5
20201020052742,192.168.1.2/24,-
20201020052743,192.168.1.1/24,3
20201020052744,192.168.1.1/24,3
20201020052745,10.77.1.1/24,-
20201020052746,10.20.30.2/16,7
20201020052748,10.77.1.1/24,5
20201020052749,10.77.1.1/24,-
20201020052751,192.168.1.1/24,-
20201020052752,10.20.30.1/16,-
20201020052753,10.77.1.2/24,5
20201020052754,10.77.1.2/24,31
20201020052755,192.168.1.2/24,-
20201020052756,10.77.1.2/24,-
20201020052757,10.77.1.1/24,5
20201020052758,10.77.1.1/24,-
20201020052759,10.20.30.1/16,81
20201020052800,10.20.30.1/16,8
20201020052801,10.20.30.2/16,19
20201020052803,10.20.30.1/16,-
20201020052804,192.168.1.1/24,38
20201020052805,10.20.30.1/16,80
20201020052806,10.20.30.2/16,7
20201020052807,10.20.30.2/16,1
20201020052808,10.77.1.1/24,8
20201020052809,192.168.1.1/24,8
20201020052810,10.77.1.1/24,-
20201020052811,192.168.1.2/24,8
20201020052812,10.20.30.2/16,-
20201020052814,10.77.1.1/24,-
20201020052816,192.168.1.1/24,8
20201020052817,10.77.1.1/24,-
20201020052819,10.20.30.1/16,49
20201020052820,10.77.1.1/24,-
20201020052821,10.20.30.2/16,4
20201020052822,10.20.30.2/16,8
20201020052823,192.168.1.1/24,4
20201020052824,192.168.1.1/24,-
20201020052826,192.168.1.1/24,6
20201020052827,10.77.1.2/24,-
20201020052828,192.168.1.1/24,1
20201020052829,10.20.30.2/16,12
20201020052830,10.77.1.2/24,7
20201020052831,10.20.30.1/16,6
20201020052833,192.168.1.1/24,6
20201020052835,10.77.1.2/24,47
20201020052836,192.168.1.2/24,3
20201020052837,10.77.1.2/24,-
20201020052838,192.168.1.1/24,29
20201020052839,192.168.1.2/24,6
20201020052840,10.20.30.2/16,16
20201020052841,10.20.30.2/16,2
20201020052842,10.20.30.2/16,3
20201020052843,192.168.1.1/24,8
20201020052844,10.20.30.1/16,2
20201020052845,192.168.1.2/24,5
20201020052846,192.168.1.2/24,72
20201020052848,10.20.30.2/16,8
20201020052849,10.20.30.1/16,-
20201020052850,10.77.1.2/24,4
20201020052852,10.77.1.1/24,-
20201020052853,192.168.1.2/24,8
20201020052855,192.168.1.2/24,7
20201020052856,192.168.1.2/24,2
20201020052857,10.20.30.1/16,-
20201020052858,10.77.1.1/24,4
20201020052900,10.20.30.1/16,5
20201020052901,192.168.1.1/24,-
20201020052903,10.20.30.1/16,-
20201020052904,10.20.30.2/16,16
20201020052905,10.20.30.1/16,47
20201020052906,192.168.1.1/24,-
20201020052907,10.77.1.1/24,5
20201020052908,10.77.1.2/24,41
20201020052909,10.20.30.1/16,1
20201020052910,192.168.1.1/24,72
20201020052911,10.77.1.1/24,1
20201020052913,192.168.1.2/24,9
20201020052914,10.20.30.2/16,3
20201020052915,10.77.1.2/24,-
20201020052916,10.20.30.1/16,8
20201020052917,192.168.1.1/24,7
20201020052918,10.77.1.1/24,-
20201020052919,10.20.30.2/16,-
20201020052920,10.77.1.1/24,7
20201020052921,192.168.1.2/24,8
20201020052922,10.20.30.1/16,-
20201020052923,192.168.1.2/24,-
20201020052924,10.77.1.1/24,19
20201020052926,10.20.30.1/16,5
20201020052928,10.20.30.2/16,9
20201020052929,10.77.1.2/24,-
20201020052931,10.77.1.2/24,87
20201020052932,192.168.1.1/24,5
20201020052933,10.20.30.1/16,3
20201020052934,10.77.1.1/24,3
20201020052935,10.77.1.2/24,-
20201020052936,192.168.1.2/24,-
20201020052937,192.168.1.1/24,7
20201020052938,10.20.30.2/16,4
20201020052939,10.20.30.2/16,2
20201020052940,10.20.30.2/16,9
20201020052941,10.20.30.2/16,3
20201020052942,10.20.30.1/16,41
20201020052943,192.168.1.1/24,6
20201020052944,10.77.1.1/24,8
20201020052945,192.168.1.1/24,9
20201020052946,10.20.30.1/16,3
20201020052947,10.20.30.1/16,-
20201020052948,10.20.30.2/16,-
20201020052950,10.77.1.1/24,6
20201020052951,192.168.1.2/24,-
20201020052952,10.20.30.2/16,6
20201020052953,10.20.30.1/16,6
20201020052954,192.168.1.1/24,4
20201020052955,10.77.1.1/24,7
20201020052956,10.77.1.1/24,-
20201020052958,10.77.1.2/24,6
20201020052959,10.20.30.1/16,15
20201020053000,192.168.1.2/24,-
20201020053001,192.168.1.1/24,1
20201020053003,10.20.30.1/16,25
20201020053004,192.168.1.1/24,6
20201020053006,10.20.30.2/16,67
20201020053007,10.20.30.2/16,-
20201020053009,10.20.30.1/16,92
20201020053010,192.168.1.1/24,8
20201020053011,10.20.30.2/16,5
20201020053013,10.20.30.2/16,6
20201020053014,10.77.1.1/24,-
20201020053015,10.20.30.2/16,9
20201020053016,10.77.1.2/24,-
20201020053017,10.77.1.1/24,9
20201020053018,10.20.30.1/16,49
20201020053020,10.20.30.1/16,99
20201020053021,10.77.1.2/24,6
20201020053023,192.168.1.2/24,6
20201020053024,192.168.1.1/24,4
20201020053025,10.77.1.2/24,17
20201020053026,10.20.30.1/16,5
20201020053027,192.168.1.2/24,5
20201020053029,192.168.1.2/24,18
20201020053030,10.77.1.1/24,-
20201020053031,10.20.30.2/16,3
20201020053032,10.77.1.2/24,7
20201020053033,10.77.1.2/24,53
20201020053034,10.20.30.1/16,1
20201020053035,10.77.1.1/24,-
20201020053037,192.168.1.1/24,2
20201020053039,192.168.1.1/24,6
20201020053040,10.20.30.1/16,3
20201020053041,10.20.30.1/16,17
20201020053042,192.168.1.2/24,1
20201020053043,10.77.1.1/24,-
20201020053044,10.20.30.2/16,41
20201020053045,10.77.1.1/24,-
20201020053046,10.77.1.1/24,2
20201020053047,10.77.1.2/24,-
20201020053048,10.77.1.1/24,3
20201020053049,10.20.30.2/16,10
20201020053051,10.77.1.2/24,-
20201020053052,10.20.30.2/16,-
20201020053053,10.20.30.1/16,-
20201020053054,192.168.1.2/24,-
20201020053055,10.20.30.1/16,-
20201020053056,10.77.1.1/24,8
20201020053057,10.20.30.2/16,44
20201020053058,10.20.30.1/16,-
20201020053059,10.20.30.2/16,1
20201020053100,10.20.30.1/16,5
20201020053101,10.20.30.2/16,59
20201020053102,192.168.1.2/24,-
20201020053103,10.77.1.1/24,-
20201020053104,10.77.1.2/24,-
20201020053106,192.168.1.2/24,93
20201020053107,192.168.1.1/24,-
20201020053108,192.168.1.2/24,2
20201020053109,10.77.1.2/24,72
20201020053110,10.77.1.2/24,3
20201020053111,192.168.1.2/24,-
20201020053112,10.20.30.2/16,3
20201020053113,10.77.1.2/24,-
20201020053114,10.20.30.2/16,2
20201020053115,10.20.30.1/16,6
20201020053116,192.168.1.2/24,2
20201020053117,10.77.1.2/24,11
20201020053118,10.77.1.1/24,-
20201020053119,192.168.1.1/24,8
20201020053120,192.168.1.1/24,9
20201020053121,10.20.30.1/16,7
20201020053122,10.77.1.2/24,8
20201020053123,192.168.1.2/24,7
20201020053124,10.20.30.1/16,-
20201020053125,10.20.30.2/16,-
20201020053126,10.20.30.2/16,1
20201020053128,10.77.1.2/24,18
20201020053129,192.168.1.2/24,5
20201020053130,10.20.30.1/16,68
20201020053132,10.77.1.2/24,7
20201020053133,10.20.30.2/16,17
20201020053134,10.77.1.2/24,2
20201020053135,10.77.1.2/24,-
20201020053136,192.168.1.2/24,-
20201020053137,10.20.30.1/16,3
20201020053138,192.168.1.1/24,8
20201020053139,192.168.1.1/24,8
20201020053140,192.168.1.2/24,8
20201020053141,192.168.1.1/24,1
20201020053142,192.168.1.2/24,-
20201020053143,192.168.1.1/24,6
20201020053144,192.168.1.2/24,-
20201020053145,10.20.30.1/16,8
20201020053146,192.168.1.1/24,8
20201020053148,10.20.30.2/16,7
20201020053149,10.77.1.1/24,-
20201020053150,10.77.1.2/24,-
20201020053151,10.77.1.1/24,4
20201020053152,192.168.1.2/24,-
20201020053153,10.77.1.2/24,64
20201020053154,192.168.1.1/24,-
20201020053156,192.168.1.1/24,8
20201020053158,10.77.1.1/24,50
20201020053159,10.77.1.1/24,97
20201020053200,10.20.30.1/16,-
20201020053201,192.168.1.1/24,4
20201020053202,192.168.1.2/24,-
20201020053203,192.168.1.1/24,17
20201020053204,10.77.1.2/24,9
20201020053205,10.77.1.1/24,38
20201020053206,192.168.1.2/24,11
20201020053207,10.20.30.1/16,61
20201020053208,10.77.1.2/24,4
20201020053209,192.168.1.1/24,13
20201020053210,192.168.1.2/24,-
20201020053211,10.77.1.1/24,-
20201020053213,10.77.1.1/24,30
20201020053214,192.168.1.1/24,-
20201020053215,192.168.1.1/24,7
20201020053216,10.20.30.1/16,46
20201020053217,192.168.1.1/24,5
20201020053219,192.168.1.2/24,3
20201020053220,10.77.1.2/24,5
20201020053221,192.168.1.2/24,9
20201020053222,192.168.1.1/24,5
20201020053224,10.77.1.2/24,7
20201020053225,10.77.1.1/24,74
20201020053227,192.168.1.2/24,7
20201020053228,10.20.30.1/16,2
20201020053229,10.20.30.1/16,5
20201020053230,192.168.1.1/24,22
20201020053231,10.20.30.2/16,-
20201020053232,10.20.30.1/16,6
20201020053233,192.168.1.2/24,10
20201020053235,192.168.1.2/24,-
20201020053236,192.168.1.2/24,2
20201020053237,10.20.30.2/16,-
20201020053238,10.77.1.2/24,2
20201020053239,192.168.1.1/24,-
20201020053241,10.77.1.1/24,32
20201020053242,10.77.1.2/24,7
20201020053244,10.20.30.2/16,9
20201020053245,10.20.30.1/16,56
20201020053246,10.20.30.1/16,-
20201020053247,10.77.1.1/24,1
20201020053248,10.20.30.1/16,2
20201020053249,10.20.30.1/16,90
20201020053250,10.20.30.1/16,1
20201020053251,192.168.1.1/24,19
20201020053252,10.20.30.1/16,-
20201020053253,192.168.1.1/24,61
20201020053254,192.168.1.2/24,-
20201020053255,10.20.30.2/16,3
20201020053256,10.20.30.2/16,5
20201020053257,192.168.1.2/24,4
20201020053258,10.20.30.2/16,5
20201020053259,10.77.1.1/24,-
20201020053300,10.20.30.2/16,-
20201020053302,192.168.1.1/24,3
20201020053303,10.77.1.2/24,-
20201020053305,10.20.30.2/16,2
20201020053306,10.77.1.1/24,-
20201020053307,192.168.1.1/24,3
20201020053308,192.168.1.2/24,-
20201020053309,192.168.1.1/24,-
20201020053310,10.77.1.1/24,34
20201020053312,10.77.1.2/24,-
20201020053313,10.20.30.1/16,51
20201020053314,10.77.1.1/24,5
20201020053316,10.20.30.2/16,-
20201020053317,10.77.1.2/24,-
20201020053319,10.77.1.1/24,81
20201020053320,10.77.1.2/24,4
20201020053322,10.20.30.1/16,4
20201020053323,192.168.1.1/24,2
20201020053325,10.20.30.1/16,13
20201020053326,192.168.1.1/24,7
20201020053327,192.168.1.1/24,5
20201020053329,10.20.30.2/16,10
20201020053330,192.168.1.2/24,-
20201020053331,10.20.30.1/16,5
20201020053333,192.168.1.1/24,5
20201020053335,10.77.1.1/24,59
20201020053336,192.168.1.1/24,9
20201020053337,10.20.30.2/16,8
20201020053339,10.77.1.2/24,6
20201020053340,10.20.30.1/16,9
20201020053341,192.168.1.1/24,12
20201020053343,192.168.1.2/24,74
20201020053344,10.77.1.1/24,4
20201020053345,192.168.1.2/24,-
20201020053346,192.168.1.1/24,6
20201020053348,192.168.1.1/24,8
20201020053349,10.20.30.2/16,5
20201020053351,10.77.1.2/24,-
20201020053353,10.77.1.1/24,-
20201020053355,10.77.1.1/24,4
20201020053356,10.20.30.1/16,-
20201020053358,192.168.1.1/24,7
20201020053359,10.77.1.1/24,8
20201020053400,192.168.1.2/24,2
20201020053402,10.20.30.2/16,-
20201020053403,10.77.1.1/24,96
20201020053405,192.168.1.2/24,97
20201020053406,192.168.1.2/24,27
20201020053407,192.168.1.1/24,24
20201020053408,192.168.1.1/24,5
20201020053409,192.168.1.1/24,53
20201020053410,10.20.30.1/16,6
20201020053411,10.77.1.2/24,-
20201020053412,192.168.1.2/24,1
20201020053413,10.20.30.2/16,6
20201020053414,10.77.1.2/24,-
20201020053415,10.20.30.2/16,87
20201020053416,10.77.1.2/24,4
20201020053417,10.20.30.2/16,9
20201020053418,10.77.1.1/24,-
20201020053419,10.77.1.1/24,1
20201020053421,10.20.30.1/16,86
20201020053423,192.168.1.1/24,41
20201020053425,10.20.30.2/16,4
20201020053426,10.20.30.2/16,90
20201020053427,192.168.1.2/24,-
20201020053428,10.77.1.1/24,62
20201020053430,10.77.1.1/24,69
20201020053431,192.168.1.1/24,-
20201020053432,10.77.1.1/24,12
20201020053433,10.20.30.1/16,59
20201020053435,192.168.1.1/24,7
20201020053437,10.20.30.1/16,94
20201020053438,10.20.30.1/16,6
20201020053439,10.77.1.2/24,3
20201020053441,10.20.30.1/16,62
20201020053442,192.168.1.2/24,16
20201020053443,192.168.1.1/24,9
20201020053444,10.20.30.2/16,6
20201020053445,192.168.1.1/24,9
20201020053446,192.168.1.2/24,2
20201020053448,192.168.1.1/24,10
20201020053449,10.77.1.1/24,91
20201020053450,10.77.1.2/24,8
20201020053451,192.168.1.1/24,15
20201020053452,192.168.1.2/24,1
20201020053453,10.20.30.1/16,6
20201020053454,192.168.1.1/24,1
20201020053455,10.77.1.2/24,-
20201020053457,10.20.30.2/16,-
20201020053459,10.20.30.1/16,4
20201020053501,10.20.30.1/16,-
20201020053502,192.168.1.2/24,2
20201020053503,192.168.1.1/24,67
20201020053504,10.77.1.1/24,-
20201020053505,10.20.30.1/16,-
20201020053507,10.77.1.1/24,26
20201020053508,10.77.1.2/24,-
20201020053509,10.20.30.1/16,-
20201020053510,10.77.1.2/24,7
20201020053511,192.168.1.2/24,-
20201020053512,10.20.30.1/16,-
20201020053513,192.168.1.2/24,9
20201020053515,10.77.1.1/24,2
20201020053516,10.20.30.2/16,-
20201020053517,192.168.1.2/24,6
20201020053519,10.77.1.2/24,3
20201020053520,192.168.1.2/24,-
20201020053522,10.20.30.1/16,2
20201020053523,10.77.1.1/24,11
20201020053524,10.77.1.2/24,-
20201020053525,192.168.1.1/24,1
20201020053526,10.20.30.2/16,6
20201020053528,10.20.30.2/16,6
20201020053529,192.168.1.1/24,2
20201020053530,192.168.1.2/24,3
20201020053531,10.77.1.1/24,63
20201020053532,10.77.1.1/24,1
20201020053533,10.20.30.1/16,27
20201020053535,192.168.1.1/24,7
20201020053537,10.77.1.2/24,-
20201020053538,10.20.30.2/16,10
20201020053539,192.168.1.2/24,1
20201020053541,10.77.1.2/24,2
20201020053543,192.168.1.2/24,6
20201020053545,192.168.1.1/24,32
20201020053546,10.77.1.2/24,95
20201020053548,192.168.1.1/24,-
20201020053549,10.77.1.1/24,58
20201020053550,192.168.1.1/24,-
20201020053551,10.77.1.1/24,-
20201020053553,10.20.30.2/16,1
20201020053554,10.20.30.2/16,53
20201020053555,10.20.30.2/16,72
20201020053556,10.77.1.1/24,6
20201020053557,10.20.30.1/16,59
20201020053558,192.168.1.1/24,9
20201020053559,192.168.1.1/24,5
20201020053600,10.77.1.2/24,2
20201020053601,192.168.1.1/24,7
20201020053602,192.168.1.2/24,-
20201020053603,192.168.1.2/24,71
20201020053605,192.168.1.1/24,3
20201020053607,192.168.1.2/24,26
20201020053609,192.168.1.1/24,35
20201020053611,10.77.1.1/24,-
20201020053613,10.20.30.1/16,46
20201020053615,192.168.1.2/24,7
20201020053616,10.20.30.2/16,1
20201020053617,10.20.30.1/16,-
20201020053618,10.77.1.2/24,-
20201020053619,192.168.1.2/24,4
20201020053620,10.77.1.1/24,17
20201020053621,192.168.1.2/24,9
20201020053622,192.168.1.2/24,44
20201020053623,192.168.1.1/24,-
20201020053624,10.77.1.2/24,7
20201020053625,10.77.1.2/24,6
20201020053626,10.20.30.1/16,17
20201020053627,10.77.1.1/24,-
20201020053629,10.77.1.2/24,-
20201020053630,10.20.30.1/16,-
20201020053631,192.168.1.2/24,23
20201020053633,192.168.1.1/24,34
20201020053635,192.168.1.2/24,6
20201020053636,10.20.30.2/16,72
20201020053637,10.77.1.1/24,-
20201020053639,10.77.1.1/24,-
20201020053640,10.20.30.2/16,83
20201020053641,10.77.1.1/24,10
20201020053642,10.77.1.1/24,-
20201020053643,10.77.1.1/24,-
20201020053645,192.168.1.1/24,-
20201020053646,10.77.1.1/24,1
20201020053647,10.20.30.1/16,5
20201020053648,10.20.30.2/16,9
20201020053649,10.77.1.1/24,-
20201020053650,10.77.1.2/24,4
20201020053651,10.20.30.2/16,88
20201020053652,10.20.30.1/16,1
20201020053653,192.168.1.2/24,64
20201020053655,192.168.1.2/24,8
20201020053656,10.77.1.1/24,-
20201020053658,10.20.30.2/16,2
20201020053700,192.168.1.2/24,-
20201020053701,10.77.1.2/24,68
20201020053702,10.20.30.1/16,4
20201020053703,10.77.1.1/24,5
20201020053704,10.20.30.1/16,7
20201020053705,10.77.1.1/24,6
20201020053706,192.168.1.2/24,-
20201020053707,10.20.30.2/16,43
20201020053708,10.20.30.2/16,-
20201020053709,10.77.1.2/24,66
20201020053710,192.168.1.2/24,15
20201020053711,10.20.30.1/16,9
20201020053712,10.77.1.2/24,-
20201020053713,192.168.1.1/24,9
20201020053715,10.20.30.1/16,-
20201020053717,192.168.1.1/24,8
20201020053718,192.168.1.1/24,8
20201020053719,192.168.1.2/24,16
20201020053720,10.77.1.2/24,12
20201020053721,10.77.1.2/24,9
20201020053722,192.168.1.2/24,65
20201020053723,10.20.30.2/16,5
20201020053724,10.20.30.1/16,-
20201020053726,10.20.30.1/16,3
20201020053728,10.20.30.2/16,48
20201020053729,10.20.30.2/16,2
20201020053730,10.20.30.2/16,17
20201020053731,10.77.1.2/24,-
20201020053732,10.20.30.1/16,5
20201020053733,10.77.1.2/24,-
20201020053735,10.77.1.1/24,40
20201020053736,192.168.1.2/24,-
20201020053737,10.20.30.2/16,4
20201020053738,192.168.1.1/24,8
20201020053739,10.20.30.1/16,35
20201020053740,10.20.30.1/16,-
20201020053741,10.20.30.1/16,69
20201020053742,10.20.30.1/16,9
20201020053743,10.77.1.2/24,-
20201020053744,192.168.1.2/24,8
20201020053745,10.77.1.2/24,-
20201020053746,192.168.1.1/24,9
20201020053747,192.168.1.1/24,1
20201020053748,10.77.1.2/24,4
20201020053749,10.20.30.2/16,4
20201020053750,10.20.30.2/16,68
20201020053751,192.168.1.2/24,-
20201020053753,10.20.30.1/16,5
20201020053754,10.20.30.2/16,-
20201020053755,10.20.30.1/16,2
20201020053756,10.20.30.2/16,-
20201020053758,10.77.1.2/24,4
20201020053800,192.168.1.1/24,-
20201020053801,10.20.30.1/16,6
20201020053802,10.20.30.2/16,56
20201020053804,10.77.1.2/24,7
20201020053805,10.77.1.1/24,44
20201020053806,192.168.1.2/24,9
20201020053807,192.168.1.1/24,97
20201020053808,10.20.30.1/16,8
20201020053810,10.77.1.1/24,4
20201020053811,10.77.1.1/24,7
20201020053812,10.20.30.2/16,8
20201020053813,192.168.1.2/24,6
20201020053815,10.77.1.2/24,4
20201020053816,192.168.1.2/24,-
20201020053817,10.20.30.1/16,-
20201020053818,10.20.30.2/16,3
20201020053819,192.168.1.1/24,-
20201020053820,10.77.1.1/24,6
20201020053821,10.20.30.2/16,2
20201020053822,10.77.1.2/24,82
20201020053823,10.77.1.1/24,9
20201020053825,192.168.1.1/24,-
20201020053827,10.77.1.2/24,74
20201020053828,10.77.1.2/24,6
20201020053829,192.168.1.1/24,7
20201020053830,192.168.1.1/24,6
20201020053832,10.20.30.1/16,7
20201020053833,10.20.30.2/16,93
20201020053835,10.77.1.2/24,27
20201020053836,192.168.1.2/24,75
20201020053838,10.20.30.1/16,1
20201020053839,10.20.30.1/16,24
20201020053840,10.20.30.1/16,2
20201020053841,192.168.1.1/24,-
20201020053842,10.77.1.2/24,2
20201020053843,192.168.1.1/24,8
20201020053844,10.20.30.1/16,3
20201020053845,192.168.1.1/24,4
20201020053846,10.20.30.1/16,3
20201020053847,10.77.1.2/24,8
20201020053848,10.77.1.1/24,1
20201020053849,10.77.1.1/24,9
20201020053850,10.20.30.2/16,2
20201020053852,192.168.1.2/24,2
20201020053853,10.77.1.2/24,8
20201020053854,10.20.30.2/16,7
20201020053855,10.77.1.2/24,32
20201020053856,10.77.1.2/24,9
20201020053857,192.168.1.1/24,-
20201020053858,192.168.1.1/24,-
20201020053859,10.77.1.1/24,2
20201020053901,10.77.1.2/24,10
20201020053903,10.77.1.1/24,-
20201020053905,10.20.30.1/16,5
20201020053906,10.77.1.1/24,3
20201020053907,10.20.30.1/16,5
20201020053908,10.77.1.1/24,5
20201020053909,10.20.30.1/16,6
20201020053911,10.77.1.1/24,2
20201020053912,10.77.1.2/24,1
20201020053913,10.77.1.1/24,11
20201020053914,10.20.30.1/16,76
20201020053915,10.77.1.1/24,4
20201020053916,192.168.1.1/24,1
20201020053918,10.20.30.1/16,-
20201020053919,10.20.30.2/16,-
20201020053921,10.77.1.2/24,-
20201020053922,192.168.1.1/24,3
20201020053923,10.20.30.2/16,9
20201020053924,192.168.1.2/24,37
20201020053925,10.20.30.1/16,3
20201020053926,10.20.30.1/16,39
20201020053927,192.168.1.2/24,-
20201020053929,10.20.30.2/16,2
20201020053930,10.77.1.1/24,3
20201020053932,10.20.30.1/16,8
20201020053934,192.168.1.2/24,6
20201020053935,192.168.1.2/24,-
20201020053937,192.168.1.2/24,3
20201020053938,192.168.1.2/24,8
20201020053939,10.20.30.2/16,-
20201020053940,10.20.30.2/16,2
20201020053941,10.20.30.2/16,-
20201020053942,10.77.1.1/24,8
20201020053943,10.20.30.2/16,-
20201020053944,192.168.1.2/24,8
20201020053945,10.77.1.2/24,-
20201020053947,10.20.30.1/16,1
20201020053948,10.20.30.1/16,5
20201020053949,192.168.1.1/24,-
20201020053950,192.168.1.1/24,48
20201020053951,192.168.1.2/24,4
20201020053952,10.77.1.2/24,8
20201020053953,10.77.1.2/24,18
20201020053954,10.77.1.2/24,25
20201020053955,10.77.1.1/24,1
20201020053957,192.168.1.2/24,83
20201020053958,10.77.1.2/24,-
20201020053959,10.77.1.1/24,8
20201020054000,192.168.1.2/24,-
20201020054002,10.20.30.2/16,3
20201020054003,10.20.30.1/16,70
20201020054004,10.20.30.1/16,85
20201020054005,192.168.1.2/24,-
20201020054006,10.77.1.1/24,-
20201020054007,10.77.1.2/24,30
20201020054009,10.77.1.2/24,4
20201020054011,10.20.30.2/16,15
20201020054012,192.168.1.1/24,-
20201020054013,192.168.1.1/24,1
20201020054014,192.168.1.1/24,47
20201020054016,10.20.30.1/16,14
20201020054017,192.168.1.2/24,5
20201020054018,10.77.1.1/24,83
20201020054020,192.168.1.2/24,66
20201020054021,10.20.30.2/16,5
20201020054022,10.77.1.1/24,1
20201020054023,192.168.1.1/24,8
20201020054024,10.20.30.2/16,1
20201020054026,10.20.30.1/16,-
20201020054027,192.168.1.1/24,9
20201020054028,192.168.1.2/24,16
20201020054030,10.77.1.2/24,4
20201020054031,10.77.1.1/24,1
20201020054033,10.77.1.1/24,15
20201020054034,192.168.1.2/24,5
20201020054035,10.77.1.1/24,7
20201020054037,10.77.1.1/24,4
20201020054038,10.20.30.2/16,18
20201020054039,10.77.1.2/24,56
20201020054040,192.168.1.2/24,7
20201020054041,192.168.1.2/24,20
20201020054042,10.77.1.2/24,2
20201020054043,192.168.1.2/24,12
20201020054045,192.168.1.1/24,-
20201020054047,10.77.1.2/24,9
20201020054049,10.20.30.1/16,4
20201020054050,10.20.30.1/16,20
20201020054051,10.20.30.2/16,-
20201020054053,10.20.30.1/16,88
20201020054054,10.20.30.2/16,4
20201020054055,10.77.1.1/24,-
20201020054056,10.20.30.2/16,9
20201020054057,192.168.1.2/24,97
20201020054059,10.20.30.1/16,5
20201020054100,10.77.1.2/24,4
20201020054102,192.168.1.1/24,5
20201020054103,192.168.1.1/24,-
20201020054104,10.20.30.1/16,4
20201020054105,10.20.30.2/16,60
20201020054106,10.77.1.1/24,4
20201020054107,10.77.1.1/24,-
20201020054108,10.20.30.2/16,15
20201020054109,10.20.30.2/16,1
20201020054110,10.77.1.2/24,54
20201020054111,10.77.1.2/24,9
20201020054112,10.20.30.2/16,8
20201020054113,10.77.1.1/24,-
20201020054115,192.168.1.2/24,7
20201020054116,10.77.1.1/24,35
20201020054117,192.168.1.1/24,97
20201020054119,10.20.30.2/16,42
20201020054120,10.20.30.1/16,10
20201020054121,192.168.1.2/24,8
20201020054123,10.20.30.1/16,10
20201020054124,192.168.1.1/24,9
20201020054125,10.77.1.1/24,26
20201020054127,10.20.30.2/16,-
20201020054128,192.168.1.1/24,-
20201020054129,192.168.1.2/24,5
20201020054130,10.20.30.2/16,-
20201020054131,10.20.30.2/16,5
20201020054133,10.77.1.2/24,4
20201020054134,192.168.1.2/24,-
20201020054135,10.20.30.1/16,20
20201020054136,192.168.1.2/24,95
20201020054137,10.20.30.1/16,8
20201020054139,10.77.1.2/24,84
20201020054140,10.77.1.2/24,28
20201020054141,10.20.30.1/16,3
20201020054143,10.77.1.1/24,3
20201020054144,192.168.1.1/24,7
20201020054145,10.77.1.1/24,4
20201020054146,10.20.30.1/16,69
20201020054147,192.168.1.1/24,45
20201020054148,192.168.1.1/24,11
20201020054149,10.77.1.1/24,-
20201020054151,10.77.1.2/24,-
20201020054152,192.168.1.2/24,4
20201020054154,10.77.1.2/24,8
20201020054155,10.20.30.1/16,5
20201020054156,10.20.30.1/16,-
20201020054158,10.20.30.2/16,2
20201020054200,10.20.30.2/16,-
20201020054201,192.168.1.2/24,-
20201020054202,10.20.30.2/16,-
20201020054203,192.168.1.2/24,-
20201020054204,192.168.1.2/24,76
20201020054205,10.77.1.1/24,-
20201020054207,192.168.1.1/24,8
20201020054209,10.20.30.1/16,3
20201020054210,10.20.30.2/16,-
20201020054211,10.77.1.2/24,-
20201020054212,10.20.30.1/16,6
20201020054213,192.168.1.1/24,72
20201020054214,192.168.1.1/24,19
20201020054216,10.77.1.1/24,44
20201020054218,192.168.1.1/24,-
20201020054219,10.20.30.2/16,2
20201020054220,10.77.1.2/24,35
20201020054221,10.20.30.1/16,-
20201020054222,192.168.1.2/24,-
20201020054223,10.20.30.1/16,2
20201020054224,192.168.1.1/24,-
20201020054225,10.77.1.1/24,5
20201020054226,10.77.1.2/24,-
20201020054227,10.20.30.1/16,3
20201020054228,192.168.1.2/24,7
20201020054229,10.77.1.2/24,-
20201020054230,10.20.30.2/16,6
20201020054231,10.77.1.2/24,2
20201020054232,192.168.1.1/24,11
20201020054233,192.168.1.1/24,7
20201020054234,192.168.1.1/24,6
20201020054235,10.77.1.1/24,-
20201020054236,10.77.1.2/24,55
20201020054237,10.20.30.2/16,-
20201020054238,10.77.1.2/24,-
20201020054239,10.77.1.1/24,4
20201020054240,10.77.1.2/24,9
20201020054241,10.77.1.1/24,-
20201020054242,10.20.30.2/16,3
20201020054243,10.20.30.2/16,95
20201020054244,192.168.1.2/24,31
20201020054246,192.168.1.2/24,44
20201020054247,192.168.1.1/24,6
20201020054248,10.20.30.2/16,11
20201020054249,10.20.30.2/16,-
20201020054251,10.20.30.1/16,4
20201020054252,10.77.1.2/24,-
20201020054254,10.20.30.2/16,-
20201020054256,10.20.30.1/16,7
20201020054257,192.168.1.1/24,24
20201020054258,192.168.1.2/24,8
20201020054259,192.168.1.2/24,4
20201020054300,10.77.1.2/24,6
20201020054301,10.77.1.1/24,15
20201020054303,192.168.1.2/24,25
20201020054304,10.77.1.2/24,34
20201020054305,10.20.30.2/16,6
20201020054306,192.168.1.1/24,63
20201020054308,192.168.1.2/24,-
20201020054309,10.20.30.2/16,5
20201020054310,10.20.30.2/16,12
20201020054312,10.77.1.1/24,-
20201020054313,192.168.1.2/24,-
20201020054314,192.168.1.2/24,18
20201020054315,192.168.1.2/24,71
20201020054316,10.20.30.2/16,4
20201020054318,10.77.1.1/24,8
20201020054319,192.168.1.1/24,1
20201020054320,10.77.1.1/24,57
20201020054321,10.77.1.1/24,6
20201020054323,192.168.1.2/24,-
20201020054324,10.77.1.1/24,-
20201020054325,10.77.1.1/24,2
20201020054326,10.20.30.1/16,8
20201020054327,192.168.1.2/24,2
20201020054329,192.168.1.1/24,8
20201020054330,10.77.1.1/24,4
20201020054331,192.168.1.2/24,-
20201020054332,192.168.1.1/24,6
20201020054333,192.168.1.2/24,84
20201020054334,192.168.1.1/24,5
20201020054336,10.20.30.1/16,2
20201020054337,10.77.1.2/24,6
20201020054339,192.168.1.2/24,5
20201020054340,192.168.1.1/24,4
20201020054341,192.168.1.2/24,-
20201020054342,10.20.30.2/16,2
20201020054344,10.77.1.2/24,6
20201020054345,10.20.30.1/16,-
20201020054347,10.77.1.1/24,40
20201020054348,10.20.30.1/16,7
20201020054349,10.20.30.1/16,7
20201020054350,192.168.1.1/24,-
20201020054352,10.20.30.2/16,3
20201020054353,192.168.1.2/24,8
20201020054354,10.77.1.1/24,-
20201020054355,192.168.1.1/24,16
20201020054356,192.168.1.2/24,-
20201020054357,10.20.30.2/16,74
20201020054358,192.168.1.1/24,19
20201020054359,10.77.1.1/24,-
20201020054401,10.20.30.1/16,-
20201020054402,10.20.30.1/16,4
20201020054404,192.168.1.1/24,5
20201020054405,192.168.1.1/24,3
20201020054406,10.20.30.1/16,-
20201020054407,10.20.30.1/16,7
20201020054408,10.77.1.1/24,71
20201020054410,10.77.1.2/24,64
20201020054411,10.77.1.1/24,9
20201020054413,10.20.30.2/16,33
20201020054414,10.20.30.1/16,8
20201020054415,192.168.1.2/24,5
20201020054416,10.20.30.1/16,7
20201020054418,10.20.30.2/16,7
20201020054419,10.77.1.1/24,19
20201020054420,192.168.1.1/24,7
20201020054421,10.20.30.2/16,28
20201020054423,192.168.1.2/24,0
20201020054424,192.168.1.2/24,4
20201020054425,10.77.1.1/24,4
20201020054426,192.168.1.2/24,9
20201020054428,10.77.1.2/24,-
20201020054429,10.77.1.1/24,7
20201020054431,10.77.1.1/24,58
20201020054432,10.20.30.1/16,2
20201020054433,10.77.1.2/24,-
20201020054434,192.168.1.2/24,-
20201020054435,192.168.1.1/24,-
20201020054436,10.77.1.1/24,31
20201020054437,192.168.1.2/24,-
20201020054438,10.20.30.1/16,3
20201020054439,10.20.30.2/16,1
20201020054440,10.20.30.1/16,18
20201020054441,10.20.30.1/16,8
20201020054442,192.168.1.2/24,6
20201020054444,10.77.1.1/24,8
20201020054445,10.20.30.1/16,3
20201020054447,192.168.1.1/24,6
20201020054448,192.168.1.2/24,42
20201020054449,192.168.1.2/24,-
20201020054450,10.77.1.2/24,-
20201020054452,10.77.1.1/24,-
20201020054453,10.77.1.1/24,59
20201020054454,10.77.1.2/24,5
20201020054455,10.77.1.1/24,93
20201020054457,192.168.1.2/24,4
20201020054458,10.77.1.2/24,7
20201020054500,10.20.30.1/16,89
20201020054502,10.20.30.1/16,-
20201020054503,10.20.30.2/16,-
20201020054505,10.77.1.2/24,-
20201020054506,10.20.30.1/16,6
20201020054508,10.20.30.2/16,35
20201020054510,192.168.1.2/24,2
20201020054511,10.77.1.2/24,1
20201020054512,10.20.30.1/16,6
20201020054513,192.168.1.2/24,-
20201020054514,10.20.30.2/16,9
20201020054515,10.77.1.2/24,4
20201020054516,10.20.30.2/16,1
20201020054517,192.168.1.1/24,44
20201020054519,10.77.1.2/24,5
20201020054521,10.77.1.2/24,9
20201020054522,10.20.30.2/16,-
20201020054523,10.20.30.2/16,-
20201020054524,192.168.1.1/24,-
20201020054525,192.168.1.2/24,60
20201020054526,10.20.30.1/16,4
20201020054527,192.168.1.2/24,1
20201020054528,10.77.1.2/24,5
20201020054529,10.77.1.1/24,83
20201020054530,10.77.1.2/24,60
20201020054531,192.168.1.2/24,-
20201020054533,192.168.1.1/24,80
20201020054535,192.168.1.2/24,7
20201020054537,10.77.1.1/24,16
20201020054538,10.20.30.2/16,5
20201020054539,192.168.1.2/24,5
20201020054540,10.77.1.2/24,8
20201020054541,10.20.30.1/16,7
20201020054543,10.20.30.1/16,8
20201020054545,192.168.1.1/24,29
20201020054546,10.77.1.2/24,6
20201020054548,10.20.30.2/16,18
20201020054550,10.20.30.1/16,5
20201020054552,10.20.30.1/16,-
20201020054553,10.20.30.1/16,-
20201020054554,10.20.30.1/16,63
20201020054555,10.20.30.1/16,1
20201020054556,10.20.30.1/16,2
20201020054557,10.77.1.2/24,5
20201020054558,10.77.1.2/24,9
20201020054600,10.20.30.2/16,-
20201020054601,192.168.1.1/24,4
20201020054603,10.20.30.2/16,-
20201020054604,10.20.30.1/16,9
20201020054606,10.20.30.2/16,47
20201020054608,10.20.30.2/16,9
20201020054609,192.168.1.2/24,-
20201020054610,10.20.30.1/16,71
20201020054611,10.77.1.1/24,4
20201020054612,10.77.1.2/24,5
20201020054613,10.20.30.2/16,-
20201020054614,192.168.1.1/24,6
20201020054615,192.168.1.1/24,9
20201020054617,10.77.1.1/24,77
20201020054618,10.20.30.1/16,-
20201020054619,10.77.1.1/24,34
20201020054620,10.77.1.2/24,6
20201020054621,10.77.1.2/24,5
20201020054622,192.168.1.2/24,3
20201020054624,10.20.30.2/16,-
20201020054625,10.77.1.2/24,3
20201020054626,10.77.1.2/24,-
20201020054627,192.168.1.1/24,7
20201020054628,192.168.1.1/24,-
20201020054629,10.20.30.2/16,7
20201020054630,192.168.1.1/24,8
20201020054631,192.168.1.2/24,-
20201020054633,10.77.1.1/24,4
20201020054634,10.77.1.1/24,-
20201020054635,10.20.30.1/16,-
20201020054636,10.20.30.1/16,-
20201020054637,10.77.1.1/24,5
20201020054639,192.168.1.2/24,72
20201020054641,10.20.30.2/16,4
20201020054642,10.20.30.2/16,6
20201020054643,10.20.30.1/16,9
20201020054644,192.168.1.2/24,9
20201020054645,192.168.1.1/24,3
20201020054646,192.168.1.1/24,8
20201020054647,192.168.1.2/24,2
20201020054648,10.20.30.1/16,2
20201020054650,10.77.1.2/24,4
20201020054651,192.168.1.2/24,3
20201020054652,192.168.1.2/24,36
20201020054653,10.20.30.1/16,8
20201020054655,192.168.1.1/24,-
20201020054656,192.168.1.1/24,-
20201020054657,192.168.1.2/24,6
20201020054658,192.168.1.2/24,9
20201020054700,10.20.30.1/16,1
20201020054701,10.77.1.2/24,69
20201020054702,10.77.1.1/24,-
20201020054703,10.20.30.2/16,16
20201020054704,192.168.1.1/24,19
20201020054705,10.20.30.1/16,-
20201020054706,10.20.30.2/16,26
20201020054708,192.168.1.1/24,-
20201020054709,10.77.1.1/24,3
20201020054710,10.20.30.2/16,1
20201020054711,10.77.1.2/24,-
20201020054712,192.168.1.2/24,-
20201020054713,192.168.1.2/24,75
20201020054714,10.77.1.2/24,6
20201020054715,10.77.1.2/24,4
20201020054716,10.20.30.2/16,-
20201020054717,10.77.1.1/24,-
20201020054719,192.168.1.2/24,1
20201020054721,10.77.1.1/24,10
20201020054722,10.20.30.2/16,6
20201020054723,192.168.1.1/24,1
20201020054724,192.168.1.1/24,2
20201020054726,192.168.1.2/24,7
20201020054727,192.168.1.2/24,-
20201020054728,10.20.30.2/16,-
20201020054729,10.20.30.2/16,5
20201020054731,192.168.1.2/24,3
20201020054733,10.77.1.1/24,53
20201020054735,10.20.30.2/16,3
20201020054736,192.168.1.1/24,37
20201020054737,10.77.1.1/24,35
20201020054738,10.20.30.2/16,98
20201020054740,10.20.30.2/16,7
20201020054741,10.20.30.2/16,-
20201020054742,10.20.30.2/16,3
20201020054743,10.20.30.1/16,8
20201020054744,10.20.30.2/16,6
20201020054745,192.168.1.2/24,6
20201020054746,192.168.1.2/24,7
20201020054747,10.20.30.1/16,9
20201020054748,192.168.1.2/24,2
20201020054749,10.77.1.2/24,30
20201020054750,10.20.30.1/16,77
20201020054752,192.168.1.2/24,7
20201020054753,10.20.30.1/16,53
20201020054754,10.20.30.1/16,1
20201020054755,10.20.30.1/16,-
20201020054757,10.77.1.1/24,-
20201020054758,10.20.30.1/16,32
20201020054759,192.168.1.2/24,-
20201020054800,10.77.1.1/24,-
20201020054802,10.77.1.2/24,97
20201020054803,192.168.1.2/24,54
20201020054804,10.20.30.2/16,-
20201020054805,192.168.1.2/24,4
20201020054807,10.20.30.1/16,6
20201020054808,10.77.1.2/24,-
20201020054809,192.168.1.2/24,77
20201020054811,192.168.1.2/24,6
20201020054812,192.168.1.2/24,28
20201020054813,10.20.30.2/16,-
20201020054814,192.168.1.2/24,35
20201020054816,192.168.1.2/24,7
20201020054817,10.77.1.2/24,4
20201020054818,10.20.30.1/16,4
20201020054820,10.77.1.1/24,8
20201020054821,10.20.30.2/16,32
20201020054822,10.20.30.1/16,78
20201020054823,192.168.1.2/24,-
20201020054824,10.20.30.2/16,-
20201020054826,192.168.1.1/24,26
20201020054827,10.20.30.1/16,77
20201020054828,10.77.1.2/24,44
20201020054829,192.168.1.2/24,5
20201020054830,192.168.1.1/24,6
20201020054832,10.20.30.1/16,8
20201020054833,10.20.30.2/16,4
20201020054834,10.77.1.1/24,-
20201020054836,10.77.1.2/24,6
20201020054837,10.20.30.1/16,68
20201020054838,192.168.1.1/24,14
20201020054839,10.20.30.2/16,-
20201020054841,192.168.1.2/24,-
20201020054842,10.77.1.1/24,-
20201020054843,10.20.30.1/16,-
20201020054844,10.20.30.2/16,8
20201020054846,192.168.1.1/24,5
20201020054848,192.168.1.2/24,-
20201020054849,192.168.1.2/24,14
20201020054850,10.20.30.1/16,9
20201020054851,192.168.1.1/24,9
20201020054853,10.77.1.1/24,26
20201020054854,10.77.1.2/24,82
20201020054856,10.20.30.2/16,2
20201020054857,10.20.30.1/16,-
20201020054858,10.20.30.2/16,8
20201020054859,10.20.30.2/16,31
20201020054900,10.20.30.2/16,2
20201020054901,10.20.30.1/16,1
20201020054902,192.168.1.1/24,36
20201020054904,10.20.30.1/16,2
20201020054905,10.20.30.2/16,5
20201020054906,192.168.1.2/24,1
20201020054907,192.168.1.1/24,1
20201020054909,10.77.1.2/24,41
20201020054910,10.77.1.2/24,-
20201020054911,10.77.1.1/24,4
20201020054912,10.77.1.1/24,2
20201020054914,10.77.1.2/24,2
20201020054916,192.168.1.2/24,-
20201020054917,10.77.1.2/24,-
20201020054918,10.77.1.2/24,85
20201020054920,10.77.1.2/24,12
20201020054921,10.77.1.1/24,7
20201020054922,10.77.1.1/24,-
20201020054924,10.20.30.2/16,59
20201020054925,10.77.1.1/24,1
20201020054926,10.77.1.1/24,9
20201020054927,10.77.1.1/24,7
20201020054928,10.20.30.2/16,8
20201020054930,192.168.1.2/24,1
20201020054931,192.168.1.2/24,29
20201020054932,10.77.1.1/24,-
20201020054933,192.168.1.2/24,7
20201020054934,10.77.1.2/24,-
20201020054935,10.20.30.1/16,8
20201020054936,192.168.1.2/24,-
20201020054937,10.77.1.1/24,-
20201020054939,10.77.1.1/24,9
20201020054940,192.168.1.2/24,8
20201020054941,10.20.30.1/16,9
20201020054942,10.20.30.1/16,5
20201020054944,192.168.1.2/24,7
20201020054945,10.77.1.1/24,9
20201020054946,10.20.30.2/16,40
20201020054948,10.77.1.2/24,8
20201020054949,10.77.1.1/24,7
20201020054951,192.168.1.2/24,8
20201020054952,10.20.30.2/16,-
20201020054953,10.20.30.2/16,55
20201020054954,10.77.1.1/24,28
20201020054955,10.77.1.1/24,2
20201020054956,10.20.30.1/16,24
20201020054958,192.168.1.2/24,9
20201020055000,10.77.1.2/24,6
20201020055001,10.20.30.1/16,59
20201020055002,10.20.30.2/16,7
20201020055003,10.20.30.2/16,-
20201020055004,10.77.1.2/24,66
20201020055005,10.20.30.1/16,5
20201020055006,10.77.1.2/24,-
20201020055008,192.168.1.2/24,4
20201020055009,192.168.1.1/24,-
20201020055010,10.77.1.1/24,2
20201020055011,10.20.30.2/16,5
20201020055012,10.20.30.1/16,61
20201020055013,192.168.1.2/24,41
20201020055014,10.20.30.2/16,8
20201020055015,192.168.1.2/24,7
20201020055016,10.77.1.1/24,14
20201020055017,192.168.1.2/24,7
20201020055019,10.20.30.2/16,-
20201020055020,10.77.1.1/24,-
20201020055021,10.77.1.2/24,97
20201020055022,10.20.30.1/16,7
20201020055023,10.20.30.1/16,16
20201020055025,10.20.30.1/16,7
20201020055026,10.77.1.2/24,7
20201020055027,10.77.1.1/24,5
20201020055028,192.168.1.2/24,28
20201020055029,192.168.1.2/24,68
20201020055030,10.77.1.1/24,-
20201020055031,10.20.30.2/16,1
20201020055032,192.168.1.1/24,33
20201020055033,10.20.30.1/16,8
20201020055035,192.168.1.1/24,-
20201020055036,10.77.1.1/24,3
20201020055038,192.168.1.1/24,93
20201020055039,192.168.1.2/24,8
20201020055040,10.20.30.1/16,-
20201020055041,10.20.30.1/16,9
20201020055042,10.20.30.1/16,5
20201020055043,192.168.1.2/24,5
20201020055044,10.20.30.2/16,2
20201020055046,192.168.1.2/24,1
20201020055047,10.20.30.1/16,50
20201020055048,10.20.30.2/16,-
20201020055050,10.20.30.1/16,67
20201020055052,10.77.1.2/24,-
20201020055053,10.20.30.2/16,25
20201020055054,10.77.1.1/24,-
20201020055055,10.20.30.2/16,5
20201020055056,10.77.1.1/24,7
20201020055057,10.77.1.2/24,14
20201020055058,192.168.1.1/24,18
20201020055059,10.20.30.1/16,6
20201020055100,10.77.1.2/24,2
20201020055101,10.20.30.1/16,8
20201020055102,10.20.30.2/16,-
20201020055103,192.168.1.2/24,4
20201020055104,10.77.1.1/24,7
20201020055105,10.77.1.1/24,9
20201020055107,192.168.1.1/24,69
20201020055109,10.77.1.1/24,-
20201020055111,10.20.30.2/16,9
20201020055113,10.20.30.2/16,2
20201020055114,10.77.1.1/24,9
20201020055115,10.77.1.1/24,13
20201020055117,192.168.1.2/24,43
20201020055118,10.77.1.2/24,12
20201020055119,10.77.1.2/24,9
20201020055120,10.20.30.1/16,-
20201020055121,10.77.1.1/24,5
20201020055122,10.20.30.1/16,38
20201020055124,10.77.1.1/24,6
20201020055126,10.20.30.1/16,7
20201020055127,10.77.1.1/24,18
20201020055128,10.77.1.2/24,-
20201020055129,10.77.1.1/24,-
20201020055130,10.77.1.2/24,2
20201020055131,192.168.1.1/24,82
20201020055132,192.168.1.1/24,23
20201020055133,10.77.1.1/24,-
20201020055134,10.77.1.2/24,64
20201020055135,10.77.1.1/24,4
20201020055137,10.20.30.1/16,28
20201020055138,10.20.30.1/16,74
20201020055139,10.20.30.1/16,69
20201020055140,192.168.1.2/24,-
20201020055141,10.20.30.2/16,1
20201020055142,192.168.1.1/24,-
20201020055143,10.20.30.2/16,9
20201020055144,10.20.30.2/16,7
20201020055145,10.20.30.2/16,6
20201020055147,10.77.1.1/24,6
20201020055148,10.77.1.2/24,5
20201020055150,10.77.1.1/24,11
20201020055151,10.77.1.1/24,-
20201020055152,192.168.1.1/24,-
20201020055154,10.20.30.1/16,-
20201020055155,10.20.30.1/16,5
20201020055156,10.77.1.1/24,8
20201020055157,10.77.1.1/24,6
20201020055158,10.20.30.1/16,5
20201020055159,10.20.30.1/16,70
20201020055201,10.20.30.1/16,9
20201020055203,10.20.30.2/16,70
20201020055204,10.77.1.1/24,8
20201020055205,192.168.1.2/24,19
20201020055206,10.77.1.1/24,7
20201020055208,192.168.1.1/24,5
20201020055209,192.168.1.2/24,-
20201020055210,10.77.1.1/24,1
20201020055211,192.168.1.2/24,18
20201020055212,10.20.30.2/16,6
20201020055213,192.168.1.1/24,10
20201020055214,10.77.1.1/24,-
20201020055215,10.77.1.2/24,1
20201020055217,10.20.30.1/16,-
20201020055218,10.20.30.1/16,-
20201020055219,192.168.1.2/24,9
20201020055220,10.77.1.2/24,86
20201020055221,10.20.30.2/16,4
20201020055222,192.168.1.2/24,2
20201020055223,10.77.1.2/24,7
20201020055224,192.168.1.1/24,6
20201020055225,10.20.30.1/16,34
20201020055226,192.168.1.2/24,-
20201020055228,192.168.1.2/24,38
20201020055229,10.20.30.2/16,9
20201020055230,10.77.1.1/24,5
20201020055231,192.168.1.2/24,2
20201020055232,10.20.30.2/16,6
20201020055233,192.168.1.1/24,49
20201020055234,10.20.30.2/16,8
20201020055235,10.77.1.2/24,45
20201020055236,10.20.30.1/16,-
20201020055238,192.168.1.1/24,6
20201020055240,10.20.30.1/16,45
20201020055241,192.168.1.2/24,25
20201020055242,10.77.1.2/24,7
20201020055243,192.168.1.2/24,3
20201020055245,10.77.1.2/24,82
20201020055246,10.77.1.1/24,-
20201020055247,10.77.1.2/24,5
20201020055248,10.20.30.1/16,6
20201020055249,192.168.1.1/24,7
20201020055250,10.20.30.1/16,10
20201020055251,10.77.1.1/24,1
20201020055252,10.77.1.2/24,7
20201020055253,192.168.1.2/24,4
20201020055254,192.168.1.2/24,1
20201020055256,10.77.1.1/24,5
20201020055257,10.20.30.2/16,12
20201020055258,192.168.1.1/24,-
20201020055259,10.77.1.1/24,92
20201020055300,10.77.1.1/24,44
20201020055301,192.168.1.2/24,-
20201020055302,10.20.30.1/16,4
20201020055303,10.77.1.1/24,9
20201020055304,192.168.1.1/24,-
20201020055305,10.20.30.1/16,2
20201020055306,10.20.30.2/16,64
20201020055307,10.77.1.2/24,64
20201020055308,10.20.30.1/16,8
20201020055309,10.77.1.2/24,73
20201020055310,10.20.30.1/16,4
20201020055312,10.20.30.1/16,4
20201020055313,10.77.1.2/24,80
20201020055314,10.20.30.2/16,-
20201020055315,10.77.1.2/24,36
20201020055316,192.168.1.1/24,7
20201020055317,10.20.30.1/16,-
20201020055318,10.20.30.2/16,3
20201020055319,10.77.1.2/24,8
20201020055320,10.77.1.1/24,9
20201020055321,10.77.1.2/24,3
20201020055322,192.168.1.2/24,82
20201020055323,10.77.1.1/24,6
20201020055324,10.77.1.1/24,32
20201020055325,10.77.1.1/24,-
20201020055327,10.77.1.1/24,4
20201020055328,10.20.30.1/16,5
20201020055330,192.168.1.1/24,-
20201020055332,10.20.30.1/16,1
20201020055333,10.20.30.2/16,4
20201020055334,192.168.1.1/24,1
20201020055335,192.168.1.2/24,9
20201020055336,192.168.1.1/24,10
20201020055338,192.168.1.1/24,9
20201020055339,10.20.30.2/16,9
20201020055340,192.168.1.2/24,45
20201020055341,192.168.1.1/24,32
20201020055342,10.20.30.2/16,7
20201020055344,192.168.1.1/24,-
20201020055346,10.77.1.2/24,12
20201020055347,192.168.1.1/24,9
20201020055348,10.77.1.1/24,4
20201020055349,10.20.30.2/16,55
20201020055351,10.20.30.1/16,6
20201020055353,10.20.30.1/16,2
20201020055354,10.20.30.1/16,-
20201020055356,192.168.1.2/24,17
20201020055358,192.168.1.1/24,2
20201020055359,10.20.30.1/16,8
20201020055400,192.168.1.2/24,7
20201020055401,10.77.1.2/24,6
20201020055402,192.168.1.2/24,-
20201020055403,192.168.1.1/24,15
20201020055404,192.168.1.2/24,8
20201020055405,192.168.1.1/24,1
20201020055406,192.168.1.2/24,-
20201020055407,192.168.1.1/24,29
20201020055409,192.168.1.1/24,4
20201020055410,192.168.1.1/24,7
20201020055411,10.20.30.2/16,13
20201020055412,10.77.1.2/24,3
20201020055413,10.20.30.2/16,-
20201020055415,10.20.30.2/16,6
20201020055416,10.77.1.2/24,4
20201020055417,10.20.30.1/16,-
20201020055418,10.77.1.1/24,1
20201020055419,10.77.1.1/24,-
20201020055420,192.168.1.1/24,-
20201020055421,10.20.30.1/16,7
20201020055422,192.168.1.1/24,-
20201020055423,192.168.1.1/24,63
20201020055424,10.20.30.1/16,-
20201020055426,192.168.1.2/24,13
20201020055427,192.168.1.2/24,65
20201020055428,10.20.30.1/16,9
20201020055430,10.77.1.1/24,-
20201020055432,192.168.1.2/24,9
20201020055433,10.20.30.1/16,-
20201020055434,192.168.1.1/24,5
20201020055435,10.77.1.2/24,7
20201020055437,192.168.1.1/24,2
20201020055438,10.20.30.2/16,71
20201020055439,10.77.1.1/24,7
20201020055441,10.20.30.2/16,13
20201020055442,10.20.30.2/16,6
20201020055444,10.77.1.2/24,-
20201020055446,10.77.1.2/24,-
20201020055447,10.77.1.1/24,-
20201020055448,10.77.1.1/24,95
20201020055449,10.77.1.1/24,6
20201020055451,10.77.1.1/24,-
20201020055452,10.77.1.1/24,-
20201020055453,10.20.30.1/16,-
20201020055454,192.168.1.1/24,-
20201020055455,192.168.1.1/24,81
20201020055457,192.168.1.1/24,5
20201020055458,10.77.1.2/24,4
20201020055459,10.20.30.1/16,7
20201020055501,10.20.30.1/16,1
20201020055502,10.77.1.1/24,7
20201020055503,10.20.30.1/16,4
20201020055505,192.168.1.1/24,6
20201020055506,10.77.1.2/24,3
20201020055507,10.77.1.2/24,-
20201020055509,10.20.30.1/16,9
20201020055510,10.20.30.2/16,6
20201020055512,192.168.1.2/24,28
20201020055513,192.168.1.2/24,9
20201020055515,10.77.1.2/24,81
20201020055516,10.77.1.2/24,5
20201020055518,10.20.30.2/16,5
20201020055519,192.168.1.2/24,-
20201020055520,10.20.30.2/16,-
20201020055522,10.77.1.1/24,7
20201020055523,10.77.1.1/24,-
20201020055524,10.77.1.1/24,3
20201020055525,192.168.1.1/24,2
20201020055526,192.168.1.2/24,-
20201020055527,192.168.1.2/24,-
20201020055528,10.20.30.1/16,14
20201020055529,10.20.30.1/16,9
20201020055530,10.77.1.2/24,20
20201020055531,10.20.30.2/16,31
20201020055532,10.77.1.2/24,1
20201020055534,192.168.1.1/24,-
20201020055536,10.77.1.1/24,11
20201020055538,10.77.1.2/24,-
20201020055539,10.20.30.2/16,38
20201020055540,10.77.1.2/24,3
20201020055541,10.77.1.1/24,68
20201020055542,10.20.30.1/16,59
20201020055543,192.168.1.2/24,9
20201020055544,10.77.1.1/24,5
20201020055545,192.168.1.2/24,7
20201020055547,192.168.1.1/24,-
20201020055549,192.168.1.1/24,-
20201020055550,192.168.1.1/24,-
20201020055551,192.168.1.2/24,5
20201020055552,10.77.1.1/24,9
20201020055553,10.77.1.2/24,3
20201020055554,10.77.1.2/24,5
20201020055555,10.77.1.1/24,4
20201020055556,192.168.1.1/24,24
20201020055557,10.77.1.2/24,1
20201020055558,10.20.30.2/16,6
20201020055559,192.168.1.1/24,97
20201020055600,10.20.30.1/16,2
20201020055601,192.168.1.1/24,1
20201020055603,192.168.1.2/24,3
20201020055604,192.168.1.2/24,14
20201020055606,192.168.1.2/24,-
20201020055607,10.77.1.2/24,3
20201020055608,192.168.1.2/24,4
20201020055609,10.77.1.2/24,4
20201020055611,10.20.30.1/16,6
20201020055612,10.20.30.2/16,2
20201020055613,192.168.1.1/24,15
20201020055614,10.20.30.2/16,82
20201020055615,10.20.30.2/16,-
20201020055616,10.20.30.2/16,7
20201020055617,10.20.30.2/16,2
20201020055618,10.77.1.2/24,77
20201020055619,10.77.1.2/24,5
20201020055620,10.77.1.1/24,33
20201020055621,10.77.1.2/24,6
20201020055622,192.168.1.1/24,0
20201020055623,10.20.30.1/16,51
20201020055624,10.20.30.1/16,9
20201020055625,192.168.1.1/24,2
20201020055626,10.20.30.1/16,-
20201020055627,10.77.1.1/24,6
20201020055628,10.77.1.1/24,-
20201020055630,10.77.1.1/24,5
20201020055631,10.77.1.1/24,6
20201020055632,10.77.1.2/24,9
20201020055633,10.77.1.1/24,6
20201020055635,192.168.1.1/24,5
20201020055636,192.168.1.1/24,5
20201020055637,192.168.1.2/24,5
20201020055638,10.77.1.2/24,9
20201020055639,192.168.1.1/24,77
20201020055640,10.77.1.1/24,2
20201020055641,192.168.1.1/24,3
20201020055642,192.168.1.2/24,6
20201020055644,192.168.1.2/24,-
20201020055646,10.20.30.2/16,25
20201020055647,10.77.1.1/24,5
20201020055648,10.20.30.2/16,10
20201020055650,192.168.1.2/24,5
20201020055651,10.77.1.1/24,8
20201020055652,192.168.1.2/24,8
20201020055654,10.77.1.2/24,19
20201020055656,10.20.30.2/16,-
20201020055658,192.168.1.2/24,-
20201020055659,192.168.1.2/24,3
20201020055700,10.77.1.2/24,-
20201020055702,10.20.30.1/16,4
20201020055703,192.168.1.1/24,6
20201020055705,192.168.1.2/24,5
20201020055706,10.77.1.2/24,3
20201020055707,10.77.1.1/24,61
20201020055708,10.20.30.2/16,6
20201020055709,10.20.30.2/16,-
20201020055710,10.20.30.2/16,34
20201020055711,192.168.1.1/24,8
20201020055712,10.20.30.1/16,-
20201020055713,10.77.1.2/24,7
20201020055715,10.20.30.1/16,5
20201020055716,10.77.1.2/24,62
20201020055717,10.20.30.2/16,-
20201020055718,10.77.1.2/24,24
20201020055719,10.77.1.1/24,-
20201020055720,10.77.1.1/24,8
20201020055721,192.168.1.2/24,9
20201020055722,192.168.1.2/24,-
20201020055724,10.20.30.2/16,26
20201020055725,192.168.1.2/24,81
20201020055726,10.20.30.2/16,8
20201020055727,10.20.30.2/16,29
20201020055728,192.168.1.1/24,4
20201020055729,10.77.1.1/24,-
20201020055730,10.20.30.2/16,51
20201020055731,10.20.30.2/16,-
20201020055732,10.77.1.2/24,6
20201020055734,10.77.1.1/24,38
20201020055735,10.20.30.2/16,-
20201020055736,10.77.1.2/24,-
20201020055737,192.168.1.1/24,6
20201020055738,10.20.30.2/16,8
20201020055739,10.20.30.1/16,59
20201020055741,10.20.30.2/16,2
20201020055742,10.20.30.1/16,-
20201020055743,192.168.1.1/24,2
20201020055744,192.168.1.1/24,71
20201020055745,10.77.1.1/24,2
20201020055746,10.77.1.1/24,55
20201020055747,10.77.1.2/24,94
20201020055748,10.20.30.1/16,5
20201020055749,10.77.1.1/24,93
20201020055751,192.168.1.1/24,-
20201020055752,10.77.1.1/24,41
20201020055753,192.168.1.1/24,7
20201020055754,10.20.30.1/16,2
20201020055755,10.77.1.1/24,43
20201020055756,10.20.30.1/16,4
20201020055757,10.77.1.2/24,9
20201020055759,10.20.30.1/16,-
20201020055800,192.168.1.2/24,9
20201020055801,192.168.1.1/24,9
20201020055803,192.168.1.1/24,11
20201020055805,192.168.1.1/24,-
20201020055807,192.168.1.1/24,18
20201020055809,10.20.30.1/16,3
20201020055810,192.168.1.1/24,7
20201020055811,10.77.1.2/24,66
20201020055813,10.77.1.1/24,9
20201020055814,10.20.30.2/16,9
20201020055815,10.20.30.2/16,64
20201020055816,10.20.30.2/16,6
20201020055817,192.168.1.1/24,14
20201020055818,10.77.1.2/24,7
20201020055819,192.168.1.2/24,16
20201020055820,10.20.30.2/16,-
20201020055821,10.20.30.1/16,17
20201020055822,192.168.1.2/24,-
20201020055824,10.20.30.1/16,7
20201020055825,10.77.1.1/24,46
20201020055826,10.20.30.1/16,1
20201020055828,192.168.1.1/24,1
20201020055829,10.77.1.1/24,2
20201020055830,192.168.1.1/24,65
20201020055831,10.77.1.1/24,13
20201020055832,192.168.1.1/24,1
20201020055833,192.168.1.2/24,5
20201020055834,10.77.1.1/24,-
20201020055835,192.168.1.2/24,2
20201020055836,10.20.30.1/16,7
20201020055837,192.168.1.1/24,65
20201020055838,192.168.1.1/24,33
20201020055840,10.20.30.1/16,30
20201020055841,10.77.1.2/24,4
20201020055842,192.168.1.1/24,1
20201020055844,192.168.1.2/24,63
20201020055846,192.168.1.2/24,3
20201020055848,10.20.30.2/16,57
20201020055849,192.168.1.1/24,2
20201020055850,10.77.1.2/24,-
20201020055851,192.168.1.2/24,63
20201020055852,192.168.1.2/24,-
20201020055854,192.168.1.2/24,-
20201020055856,10.20.30.2/16,68
20201020055857,10.77.1.2/24,73
20201020055858,10.20.30.1/16,-
20201020055859,10.20.30.1/16,7
20201020055900,10.20.30.1/16,-
20201020055901,192.168.1.2/24,-
20201020055902,10.77.1.1/24,3
20201020055903,10.20.30.1/16,8
20201020055904,10.20.30.1/16,9
20201020055905,192.168.1.1/24,44
20201020055907,10.77.1.1/24,53
20201020055908,192.168.1.1/24,-
20201020055909,192.168.1.2/24,-
20201020055910,10.77.1.2/24,-
20201020055911,192.168.1.1/24,2
20201020055912,192.168.1.2/24,1
20201020055913,192.168.1.1/24,4
20201020055914,192.168.1.2/24,2
20201020055916,10.77.1.2/24,27
20201020055917,192.168.1.1/24,7
20201020055919,10.77.1.1/24,10
20201020055920,10.77.1.2/24,1
20201020055921,10.77.1.2/24,3
20201020055922,192.168.1.2/24,5
20201020055923,192.168.1.1/24,15
20201020055924,192.168.1.1/24,3
20201020055926,192.168.1.1/24,-
20201020055928,10.77.1.1/24,4
20201020055929,10.77.1.1/24,-
20201020055931,10.20.30.1/16,5
20201020055932,192.168.1.2/24,77
20201020055933,192.168.1.1/24,-
20201020055934,10.20.30.2/16,6
20201020055936,192.168.1.1/24,25
20201020055937,192.168.1.1/24,9
20201020055938,192.168.1.2/24,3
20201020055939,192.168.1.2/24,3
20201020055941,192.168.1.2/24,4
20201020055942,10.77.1.2/24,-
20201020055944,192.168.1.1/24,3
20201020055945,10.77.1.1/24,-
20201020055946,192.168.1.2/24,4
20201020055947,10.77.1.2/24,5
20201020055949,10.20.30.1/16,8
20201020055950,10.77.1.1/24,81
20201020055952,10.77.1.1/24,54
20201020055954,10.77.1.2/24,10
20201020055955,10.20.30.1/16,-
20201020055957,192.168.1.1/24,89
20201020055958,192.168.1.2/24,-
20201020055959,10.20.30.2/16,50
20201020060001,192.168.1.1/24,-
20201020060002,10.77.1.1/24,2
20201020060003,10.77.1.2/24,5
20201020060004,10.20.30.1/16,6
20201020060005,10.20.30.1/16,6
20201020060006,10.77.1.2/24,-
20201020060007,192.168.1.1/24,-
20201020060009,10.77.1.1/24,-
20201020060010,10.20.30.2/16,32
20201020060012,10.77.1.1/24,2
20201020060013,10.20.30.1/16,14
20201020060014,192.168.1.2/24,-
20201020060015,10.20.30.1/16,3
20201020060016,10.77.1.2/24,-
20201020060018,10.77.1.2/24,1
20201020060019,10.20.30.1/16,6
20201020060020,10.20.30.1/16,9
20201020060021,192.168.1.2/24,-
20201020060022,10.77.1.2/24,-
20201020060023,192.168.1.2/24,17
20201020060025,10.77.1.1/24,10
20201020060026,10.77.1.2/24,5
20201020060027,192.168.1.2/24,-
20201020060028,10.77.1.2/24,7
20201020060029,192.168.1.1/24,57
20201020060030,10.20.30.1/16,-
20201020060031,192.168.1.1/24,14
20201020060032,192.168.1.2/24,62
20201020060033,10.77.1.2/24,9
20201020060034,10.20.30.2/16,21
20201020060036,10.77.1.1/24,33
20201020060037,10.20.30.1/16,-
20201020060038,192.168.1.2/24,3
20201020060039,10.20.30.2/16,14
20201020060040,10.77.1.2/24,8
20201020060042,10.77.1.1/24,-
20201020060043,10.77.1.1/24,-
20201020060044,10.20.30.2/16,2
20201020060045,192.168.1.2/24,91
20201020060046,10.20.30.2/16,-
20201020060047,192.168.1.2/24,-
20201020060048,192.168.1.1/24,-
20201020060050,10.20.30.2/16,4
20201020060051,10.20.30.2/16,93
20201020060052,192.168.1.2/24,-
20201020060053,10.20.30.1/16,24
20201020060054,10.20.30.1/16,-
20201020060056,192.168.1.1/24,86
20201020060057,10.20.30.2/16,5
20201020060058,10.77.1.2/24,3
20201020060059,10.77.1.2/24,-
20201020060100,10.77.1.2/24,5
20201020060101,192.168.1.2/24,2
20201020060102,10.77.1.2/24,7
20201020060103,10.20.30.2/16,1
20201020060104,10.20.30.1/16,0
20201020060105,10.77.1.1/24,-
20201020060106,192.168.1.2/24,7
20201020060107,10.77.1.2/24,9
20201020060108,10.77.1.1/24,1
20201020060109,10.77.1.1/24,5
20201020060111,10.20.30.2/16,35
20201020060112,10.77.1.1/24,4
20201020060113,10.77.1.2/24,-
20201020060114,10.20.30.2/16,3
20201020060115,10.20.30.1/16,-
20201020060116,10.20.30.1/16,7
20201020060117,10.20.30.1/16,-
20201020060118,10.20.30.1/16,9
20201020060119,192.168.1.2/24,4
20201020060120,10.77.1.1/24,4
20201020060122,192.168.1.1/24,1
20201020060123,192.168.1.2/24,9
20201020060124,10.77.1.2/24,12
20201020060125,10.77.1.2/24,6
20201020060126,10.77.1.2/24,2
20201020060127,192.168.1.2/24,-
20201020060128,10.20.30.1/16,62
20201020060129,10.77.1.2/24,1
20201020060130,10.20.30.2/16,9
20201020060131,10.20.30.2/16,-
20201020060132,192.168.1.2/24,2
20201020060134,192.168.1.2/24,1
20201020060135,10.20.30.1/16,-
20201020060136,10.77.1.2/24,3
20201020060137,192.168.1.1/24,4
20201020060138,192.168.1.1/24,43
20201020060139,192.168.1.1/24,7
20201020060140,192.168.1.1/24,33
20201020060142,192.168.1.2/24,2
20201020060144,10.77.1.1/24,8
20201020060145,192.168.1.2/24,-
20201020060146,10.77.1.1/24,-
20201020060147,192.168.1.2/24,2
20201020060148,192.168.1.1/24,1
20201020060149,10.20.30.2/16,9
20201020060150,192.168.1.1/24,3
20201020060151,10.77.1.2/24,4
20201020060152,192.168.1.2/24,1
20201020060153,10.20.30.1/16,81
20201020060155,192.168.1.1/24,9
20201020060156,10.77.1.1/24,67
20201020060157,10.77.1.2/24,9
20201020060158,10.20.30.2/16,2
20201020060159,10.77.1.2/24,13
20201020060200,10.77.1.1/24,5
20201020060201,192.168.1.1/24,-
20201020060202,192.168.1.1/24,4
20201020060203,10.77.1.1/24,-
20201020060205,10.20.30.1/16,95
20201020060206,192.168.1.2/24,9
20201020060207,10.77.1.1/24,-
20201020060208,10.77.1.1/24,65
20201020060209,10.20.30.2/16,5
20201020060210,192.168.1.2/24,5
20201020060211,192.168.1.1/24,5
20201020060213,10.20.30.1/16,2
20201020060214,10.77.1.2/24,9
20201020060215,10.77.1.2/24,17
20201020060216,10.20.30.2/16,2
20201020060217,192.168.1.2/24,5
20201020060218,10.77.1.2/24,62
20201020060219,192.168.1.2/24,-
20201020060220,192.168.1.2/24,75
20201020060221,10.20.30.2/16,-
20201020060222,192.168.1.2/24,2
20201020060223,10.77.1.2/24,8
20201020060224,10.77.1.2/24,2
20201020060225,10.77.1.1/24,4
20201020060227,192.168.1.1/24,10
20201020060228,10.77.1.1/24,6
20201020060229,192.168.1.1/24,4
20201020060230,10.77.1.2/24,29
20201020060231,192.168.1.1/24,-
20201020060232,10.20.30.2/16,46
20201020060233,10.77.1.1/24,9
20201020060234,192.168.1.2/24,15
20201020060235,10.77.1.2/24,1
20201020060236,192.168.1.2/24,-
20201020060237,192.168.1.2/24,1
20201020060238,10.20.30.1/16,8
20201020060239,192.168.1.1/24,6
20201020060241,192.168.1.1/24,-
20201020060242,10.20.30.1/16,-
20201020060243,10.77.1.2/24,12
20201020060244,10.20.30.2/16,2
20201020060245,10.20.30.1/16,6
20201020060246,192.168.1.2/24,-
20201020060247,10.77.1.2/24,8
20201020060249,192.168.1.1/24,6
20201020060251,192.168.1.2/24,5
20201020060253,10.77.1.1/24,2
20201020060254,10.77.1.1/24,28
20201020060255,192.168.1.1/24,5
20201020060256,10.20.30.1/16,5
20201020060257,10.20.30.2/16,8
20201020060258,10.77.1.1/24,7
20201020060259,10.20.30.2/16,1
20201020060300,10.20.30.1/16,15
20201020060301,10.20.30.1/16,-
20201020060302,10.77.1.2/24,-
20201020060303,10.77.1.2/24,1
20201020060304,10.20.30.2/16,1
20201020060306,10.20.30.1/16,8
20201020060307,192.168.1.2/24,8
20201020060308,10.77.1.1/24,-
20201020060309,10.77.1.2/24,2
20201020060310,192.168.1.1/24,6
20201020060311,10.77.1.2/24,-
20201020060312,192.168.1.1/24,7
20201020060314,10.20.30.1/16,89
20201020060315,192.168.1.1/24,37
20201020060316,10.77.1.2/24,1
20201020060317,192.168.1.2/24,2
20201020060318,192.168.1.2/24,4
20201020060319,192.168.1.2/24,14
20201020060320,10.20.30.2/16,-
20201020060322,10.77.1.2/24,-
20201020060324,10.20.30.2/16,1
20201020060325,10.77.1.1/24,6
20201020060326,10.20.30.2/16,4
20201020060327,10.20.30.2/16,1
20201020060328,10.20.30.1/16,48
20201020060329,10.20.30.2/16,7
20201020060330,192.168.1.2/24,-
20201020060332,192.168.1.2/24,-
20201020060333,192.168.1.1/24,4
20201020060334,10.77.1.2/24,7
20201020060336,10.77.1.1/24,7
20201020060337,10.77.1.2/24,-
20201020060338,192.168.1.2/24,77
20201020060340,192.168.1.2/24,21
20201020060341,10.77.1.2/24,6
20201020060342,10.77.1.2/24,4
20201020060344,10.77.1.1/24,78
20201020060345,10.77.1.1/24,7
20201020060346,192.168.1.1/24,-
20201020060347,192.168.1.1/24,2
20201020060348,10.20.30.2/16,4
20201020060349,192.168.1.2/24,76
20201020060351,192.168.1.1/24,-
20201020060352,10.20.30.2/16,4
20201020060353,10.20.30.2/16,1
20201020060354,192.168.1.1/24,7
20201020060355,10.20.30.2/16,49
20201020060356,10.77.1.1/24,10
20201020060357,10.20.30.2/16,21
20201020060358,10.77.1.2/24,-
20201020060359,10.20.30.1/16,5
20201020060400,10.77.1.1/24,14
20201020060401,10.20.30.1/16,-
20201020060402,10.20.30.1/16,18
20201020060404,192.168.1.2/24,74
20201020060405,192.168.1.2/24,1
20201020060406,192.168.1.2/24,33
20201020060407,192.168.1.2/24,5
20201020060408,10.20.30.1/16,5
20201020060409,192.168.1.1/24,23
20201020060410,192.168.1.1/24,5
20201020060411,10.20.30.2/16,-
20201020060412,10.77.1.1/24,8
20201020060413,10.77.1.1/24,7
20201020060414,10.77.1.1/24,7
20201020060415,10.77.1.1/24,6
20201020060416,10.77.1.2/24,-
20201020060417,10.20.30.2/16,6
20201020060418,192.168.1.1/24,-
20201020060419,10.20.30.1/16,8
20201020060421,10.20.30.1/16,9
20201020060422,192.168.1.1/24,-
20201020060423,10.20.30.2/16,4
20201020060424,192.168.1.2/24,2
20201020060425,192.168.1.2/24,6
20201020060426,192.168.1.1/24,-
20201020060427,10.20.30.2/16,5
20201020060429,192.168.1.1/24,3
20201020060431,192.168.1.2/24,2
20201020060432,192.168.1.2/24,9
20201020060433,10.77.1.2/24,-
20201020060434,192.168.1.1/24,8
20201020060435,10.20.30.2/16,2
20201020060436,192.168.1.1/24,6
20201020060438,10.77.1.2/24,45
20201020060439,10.20.30.1/16,-
20201020060440,10.20.30.1/16,7
20201020060441,10.20.30.1/16,9
20201020060442,192.168.1.1/24,67
20201020060443,10.20.30.1/16,84
20201020060444,10.20.30.2/16,22
20201020060445,10.77.1.2/24,9
20201020060446,10.77.1.2/24,-
20201020060447,192.168.1.2/24,2
20201020060448,10.20.30.2/16,5
20201020060449,10.77.1.1/24,1
20201020060450,10.20.30.2/16,8
20201020060451,10.77.1.1/24,9
20201020060453,10.77.1.1/24,24
20201020060455,10.77.1.1/24,16
20201020060456,10.20.30.2/16,8
20201020060457,10.20.30.1/16,-
20201020060458,10.20.30.2/16,-
20201020060459,10.77.1.2/24,-
20201020060500,10.20.30.1/16,4
20201020060501,10.20.30.2/16,7
20201020060502,192.168.1.1/24,28
20201020060503,10.20.30.1/16,98
20201020060504,10.77.1.1/24,5
20201020060506,10.20.30.2/16,9
20201020060507,10.77.1.1/24,8
20201020060508,192.168.1.2/24,-
20201020060510,10.77.1.2/24,-
20201020060511,192.168.1.2/24,-
20201020060512,10.20.30.1/16,4
20201020060513,10.77.1.1/24,2
20201020060515,192.168.1.1/24,4
20201020060516,192.168.1.2/24,8
20201020060517,192.168.1.1/24,6
20201020060518,192.168.1.2/24,2
20201020060519,10.20.30.1/16,-
20201020060520,10.77.1.1/24,8
20201020060521,192.168.1.1/24,-
20201020060522,10.20.30.1/16,1
20201020060523,192.168.1.1/24,-
20201020060524,10.20.30.1/16,-
20201020060525,192.168.1.1/24,27
20201020060526,10.77.1.2/24,4
20201020060527,10.77.1.1/24,1
20201020060529,10.77.1.2/24,8
20201020060530,10.77.1.2/24,2
20201020060531,10.77.1.1/24,-
20201020060533,192.168.1.2/24,4
20201020060534,10.77.1.1/24,3
20201020060535,10.77.1.1/24,4
20201020060537,192.168.1.2/24,-
20201020060539,10.77.1.1/24,36
20201020060540,10.20.30.2/16,1
20201020060541,192.168.1.1/24,4
20201020060542,10.77.1.2/24,-
20201020060543,192.168.1.2/24,6
20201020060544,10.20.30.2/16,6
20201020060545,10.20.30.1/16,13
20201020060546,10.20.30.1/16,8
20201020060547,192.168.1.1/24,9
20201020060548,10.77.1.1/24,2
20201020060549,192.168.1.2/24,81
20201020060550,10.77.1.1/24,-
20201020060551,192.168.1.1/24,-
20201020060552,192.168.1.1/24,88
20201020060553,10.20.30.2/16,-
20201020060554,10.20.30.1/16,2
20201020060555,192.168.1.1/24,6
20201020060556,10.20.30.2/16,3
20201020060557,10.20.30.1/16,7
20201020060558,192.168.1.2/24,6
20201020060559,10.77.1.2/24,4
20201020060600,192.168.1.1/24,3
20201020060601,192.168.1.1/24,7
20201020060602,10.20.30.1/16,75
20201020060603,10.77.1.2/24,-
20201020060604,10.77.1.2/24,94
20201020060605,10.20.30.1/16,7
20201020060606,10.77.1.2/24,6
20201020060607,10.20.30.2/16,-
20201020060609,10.77.1.2/24,2
20201020060610,192.168.1.2/24,-
20201020060611,192.168.1.2/24,6
20201020060612,10.77.1.2/24,17
20201020060614,10.77.1.1/24,5
20201020060615,10.20.30.1/16,7
20201020060616,10.77.1.2/24,4
20201020060617,10.20.30.2/16,8
20201020060618,10.20.30.2/16,-
20201020060619,192.168.1.1/24,1
20201020060620,10.20.30.1/16,-
20201020060621,10.20.30.2/16,-
20201020060622,10.20.30.1/16,-
20201020060623,192.168.1.1/24,-
20201020060624,10.77.1.2/24,-
20201020060625,192.168.1.2/24,-
20201020060626,10.77.1.2/24,28
20201020060627,192.168.1.2/24,8
20201020060628,10.77.1.1/24,7
20201020060629,10.20.30.2/16,5
20201020060630,10.20.30.1/16,69
20201020060631,10.77.1.1/24,9
20201020060632,10.77.1.1/24,93
20201020060633,10.77.1.1/24,-
20201020060634,10.77.1.1/24,8
20201020060635,10.20.30.2/16,9
20201020060636,10.20.30.2/16,2
20201020060637,10.77.1.2/24,6
20201020060638,10.20.30.2/16,48
20201020060639,10.77.1.1/24,-
20201020060641,10.77.1.2/24,1
20201020060642,10.77.1.2/24,-
20201020060643,10.77.1.1/24,5
20201020060644,192.168.1.2/24,44
20201020060645,192.168.1.2/24,7
20201020060646,10.77.1.2/24,8
20201020060647,10.77.1.1/24,3
20201020060648,192.168.1.1/24,17
20201020060649,10.20.30.2/16,5
20201020060650,10.77.1.1/24,3
20201020060651,192.168.1.2/24,-
20201020060652,10.77.1.2/24,9
20201020060653,192.168.1.1/24,-
20201020060654,10.77.1.2/24,-
20201020060656,192.168.1.1/24,-
20201020060658,192.168.1.2/24,7
20201020060659,10.77.1.2/24,8
20201020060700,10.20.30.1/16,-
20201020060701,10.77.1.2/24,1
20201020060702,10.20.30.2/16,3
20201020060703,192.168.1.2/24,7
20201020060704,192.168.1.1/24,8
20201020060705,10.77.1.1/24,7
20201020060706,192.168.1.2/24,2
20201020060707,10.77.1.1/24,8
20201020060709,10.77.1.1/24,1
20201020060711,10.77.1.2/24,-
20201020060712,10.77.1.1/24,8
20201020060713,192.168.1.1/24,34
20201020060714,10.77.1.1/24,70
20201020060715,10.20.30.1/16,10
20201020060716,10.77.1.1/24,-
20201020060717,10.77.1.2/24,30
20201020060718,192.168.1.2/24,7
20201020060719,10.20.30.1/16,6
20201020060720,10.20.30.2/16,5
20201020060721,10.20.30.1/16,4
20201020060722,10.77.1.1/24,4
20201020060723,10.77.1.1/24,1
20201020060725,192.168.1.1/24,12
20201020060726,10.20.30.2/16,8
20201020060727,10.20.30.2/16,9
20201020060728,10.77.1.2/24,8
20201020060729,10.77.1.1/24,2
20201020060730,10.20.30.1/16,44
20201020060732,10.77.1.1/24,16
20201020060733,192.168.1.2/24,54
20201020060734,10.77.1.1/24,23
20201020060735,10.77.1.1/24,1
20201020060736,192.168.1.2/24,6
20201020060737,192.168.1.1/24,-
20201020060738,10.77.1.1/24,8
20201020060739,10.77.1.2/24,33
20201020060740,10.77.1.1/24,7
20201020060742,192.168.1.2/24,5
20201020060743,10.20.30.2/16,7
20201020060745,10.20.30.2/16,3
20201020060746,10.20.30.1/16,2
20201020060747,10.20.30.2/16,69
20201020060748,192.168.1.2/24,6
20201020060749,192.168.1.2/24,79
20201020060750,10.77.1.1/24,9
20201020060751,10.77.1.1/24,70
20201020060753,10.77.1.1/24,5
20201020060754,10.20.30.2/16,4
20201020060756,10.77.1.2/24,6
20201020060757,10.20.30.2/16,2
20201020060758,192.168.1.2/24,48
20201020060759,192.168.1.2/24,11
20201020060800,10.20.30.2/16,4
20201020060801,192.168.1.1/24,-
20201020060803,10.77.1.1/24,2
20201020060804,192.168.1.1/24,-
20201020060805,10.77.1.2/24,-
20201020060806,10.20.30.2/16,-
20201020060808,10.20.30.2/16,19
20201020060810,10.20.30.2/16,-
20201020060812,192.168.1.1/24,-
20201020060813,192.168.1.1/24,34
20201020060814,10.77.1.2/24,7
20201020060816,10.20.30.1/16,-
20201020060817,10.20.30.2/16,3
20201020060818,10.20.30.1/16,8
20201020060819,10.77.1.1/24,61
20201020060820,10.20.30.1/16,90
20201020060821,10.20.30.2/16,79
20201020060822,10.77.1.1/24,72
20201020060824,10.77.1.1/24,56
20201020060825,10.77.1.2/24,-
20201020060826,192.168.1.2/24,89
20201020060827,192.168.1.2/24,-
20201020060829,192.168.1.1/24,3
20201020060831,192.168.1.2/24,3
20201020060832,192.168.1.1/24,2
20201020060833,10.20.30.2/16,6
20201020060834,10.77.1.2/24,77
20201020060835,10.20.30.1/16,-
20201020060836,10.20.30.2/16,12
20201020060837,192.168.1.2/24,1
20201020060839,10.20.30.2/16,-
20201020060840,10.77.1.1/24,4
20201020060841,192.168.1.1/24,-
20201020060843,10.77.1.1/24,-
20201020060844,10.77.1.2/24,6
20201020060845,10.20.30.1/16,-
20201020060846,10.20.30.2/16,2
20201020060847,192.168.1.2/24,-
20201020060848,10.77.1.1/24,3
20201020060849,192.168.1.2/24,-
20201020060850,10.77.1.1/24,22
20201020060851,10.20.30.1/16,24
20201020060852,10.20.30.1/16,-
20201020060853,192.168.1.2/24,83
20201020060854,10.20.30.2/16,1
20201020060855,10.77.1.2/24,97
20201020060856,192.168.1.1/24,5
20201020060857,10.77.1.1/24,16
20201020060858,10.20.30.2/16,2
20201020060859,192.168.1.2/24,3
20201020060900,10.77.1.2/24,3
20201020060901,10.77.1.1/24,31
20201020060902,10.20.30.1/16,8
20201020060903,10.77.1.1/24,-
20201020060904,10.77.1.2/24,-
20201020060905,192.168.1.1/24,-
20201020060906,10.20.30.2/16,6
20201020060907,192.168.1.1/24,8
20201020060909,192.168.1.2/24,5
20201020060910,10.20.30.2/16,83
20201020060911,10.77.1.2/24,-
20201020060912,10.20.30.1/16,28
20201020060914,10.77.1.1/24,-
20201020060916,192.168.1.1/24,2
20201020060917,10.77.1.1/24,9
20201020060919,192.168.1.2/24,1
20201020060920,10.20.30.1/16,2
20201020060922,10.20.30.1/16,1
20201020060923,10.77.1.1/24,-
20201020060924,10.77.1.1/24,7
20201020060926,192.168.1.1/24,2
20201020060927,192.168.1.2/24,1
20201020060928,10.77.1.1/24,7
20201020060929,10.20.30.2/16,8
20201020060930,192.168.1.1/24,-
20201020060931,192.168.1.2/24,9
20201020060932,192.168.1.2/24,6
20201020060933,10.20.30.2/16,7
20201020060934,10.20.30.1/16,13
20201020060936,10.20.30.2/16,6
20201020060937,10.20.30.1/16,9
20201020060938,192.168.1.1/24,-
20201020060939,10.77.1.1/24,76
20201020060940,192.168.1.1/24,-
20201020060941,10.20.30.2/16,77
20201020060942,10.77.1.2/24,4
20201020060943,192.168.1.2/24,54
20201020060944,10.20.30.1/16,40
20201020060945,10.77.1.1/24,88
20201020060947,192.168.1.1/24,7
20201020060948,10.77.1.2/24,45
20201020060949,192.168.1.2/24,-
20201020060950,192.168.1.1/24,42
20201020060951,192.168.1.2/24,5
20201020060952,10.20.30.2/16,2
20201020060954,192.168.1.1/24,8
20201020060955,10.20.30.1/16,5
20201020060957,10.77.1.2/24,6
20201020060958,10.20.30.1/16,-
20201020061000,10.20.30.2/16,4
20201020061001,10.77.1.2/24,8
20201020061003,10.20.30.2/16,2
20201020061004,10.77.1.2/24,2
20201020061005,192.168.1.2/24,29
20201020061007,10.20.30.2/16,4
20201020061009,192.168.1.1/24,3
20201020061010,10.20.30.1/16,-
20201020061012,192.168.1.2/24,8
20201020061013,10.20.30.1/16,7
20201020061014,10.77.1.2/24,3
20201020061015,192.168.1.1/24,3
20201020061016,192.168.1.1/24,86
20201020061017,10.77.1.1/24,26
20201020061019,10.20.30.1/16,3
20201020061020,10.20.30.2/16,-
20201020061021,10.77.1.1/24,3
20201020061022,10.20.30.1/16,75
20201020061023,10.77.1.2/24,94
20201020061024,10.20.30.2/16,-
20201020061026,192.168.1.2/24,-
20201020061028,192.168.1.1/24,5
20201020061029,192.168.1.2/24,-
20201020061031,10.20.30.1/16,-
20201020061032,10.77.1.2/24,-
20201020061033,10.77.1.2/24,22
20201020061035,10.77.1.2/24,3
20201020061037,10.20.30.1/16,8
20201020061038,10.77.1.2/24,5
20201020061039,10.20.30.1/16,1
20201020061041,10.77.1.1/24,7
20201020061043,10.77.1.2/24,28
20201020061044,10.77.1.1/24,7
20201020061045,10.77.1.1/24,28
20201020061046,10.20.30.2/16,7
20201020061048,192.168.1.1/24,15
20201020061049,192.168.1.1/24,-
20201020061050,192.168.1.1/24,-
20201020061051,192.168.1.2/24,3
20201020061053,192.168.1.2/24,-
20201020061054,10.77.1.2/24,-
20201020061055,10.77.1.1/24,84
20201020061056,10.77.1.2/24,2
20201020061058,10.20.30.1/16,3
20201020061059,10.20.30.2/16,44
20201020061101,10.20.30.2/16,2
20201020061102,192.168.1.2/24,-
20201020061103,10.20.30.2/16,9
20201020061104,10.77.1.2/24,8
20201020061105,10.77.1.2/24,-
20201020061107,10.20.30.2/16,4
20201020061108,192.168.1.1/24,6
20201020061110,10.77.1.1/24,-
20201020061111,192.168.1.2/24,-
20201020061112,10.20.30.1/16,8
20201020061114,10.20.30.1/16,5
20201020061115,192.168.1.2/24,7
20201020061116,10.20.30.1/16,-
20201020061117,10.20.30.1/16,-
20201020061118,10.20.30.1/16,1
20201020061120,192.168.1.2/24,2
20201020061121,10.20.30.2/16,3
20201020061122,10.77.1.2/24,9
20201020061123,10.20.30.1/16,2
20201020061124,192.168.1.1/24,-
20201020061125,10.20.30.1/16,4
20201020061127,192.168.1.2/24,5
20201020061128,10.20.30.2/16,-
20201020061129,10.77.1.1/24,4
20201020061130,10.77.1.1/24,12
20201020061131,10.77.1.1/24,9
20201020061132,10.77.1.1/24,49
20201020061133,10.77.1.2/24,19
20201020061135,192.168.1.2/24,6
20201020061136,10.20.30.2/16,1
20201020061137,10.20.30.2/16,-
20201020061138,192.168.1.2/24,4
20201020061139,192.168.1.1/24,4
20201020061141,10.20.30.2/16,-
20201020061143,192.168.1.1/24,2
20201020061145,192.168.1.1/24,4
20201020061146,10.20.30.1/16,6
20201020061147,192.168.1.1/24,66
20201020061148,10.77.1.2/24,-
20201020061149,10.77.1.2/24,56
20201020061150,192.168.1.1/24,1
20201020061152,192.168.1.1/24,19
20201020061153,10.77.1.1/24,8
20201020061154,192.168.1.1/24,5
20201020061155,192.168.1.1/24,8
20201020061156,10.20.30.2/16,85
20201020061157,192.168.1.2/24,92
20201020061159,10.77.1.1/24,7
20201020061200,10.20.30.2/16,-
20201020061201,10.20.30.2/16,3
20201020061202,10.20.30.2/16,15
20201020061203,10.20.30.1/16,1
20201020061204,10.20.30.1/16,-
20201020061205,10.77.1.1/24,-
20201020061206,10.77.1.1/24,9
20201020061208,10.20.30.2/16,2
20201020061210,10.77.1.1/24,9
20201020061212,10.20.30.2/16,-
20201020061213,192.168.1.1/24,73
20201020061214,10.77.1.2/24,9
20201020061215,10.20.30.2/16,78
20201020061216,10.20.30.1/16,45
20201020061217,192.168.1.1/24,9
20201020061218,10.77.1.2/24,3
20201020061220,192.168.1.1/24,5
20201020061221,10.20.30.1/16,25
20201020061222,10.20.30.2/16,3
20201020061223,192.168.1.2/24,-
20201020061225,192.168.1.2/24,7
20201020061226,10.20.30.2/16,-
20201020061228,10.20.30.1/16,9
20201020061229,10.77.1.1/24,12
20201020061230,192.168.1.1/24,6
20201020061231,10.77.1.1/24,8
20201020061232,192.168.1.2/24,5
20201020061233,10.77.1.2/24,87
20201020061234,10.20.30.1/16,7
20201020061235,192.168.1.2/24,15
20201020061237,10.20.30.2/16,4
20201020061238,10.77.1.1/24,3
20201020061239,10.20.30.1/16,4
20201020061240,10.77.1.1/24,6
20201020061241,10.77.1.1/24,-
20201020061243,10.20.30.1/16,-
20201020061244,192.168.1.1/24,7
20201020061245,192.168.1.2/24,-
20201020061247,10.20.30.2/16,4
20201020061248,192.168.1.2/24,-
20201020061249,192.168.1.2/24,1
20201020061250,10.77.1.2/24,76
20201020061251,192.168.1.1/24,90
20201020061252,10.77.1.1/24,9
20201020061253,10.20.30.1/16,3
20201020061254,10.20.30.1/16,7
20201020061255,10.77.1.1/24,-
20201020061256,192.168.1.2/24,73
20201020061257,10.20.30.2/16,9
20201020061258,192.168.1.1/24,9
20201020061259,10.77.1.2/24,-
20201020061300,10.77.1.2/24,5
20201020061301,10.20.30.1/16,53
20201020061302,192.168.1.1/24,3
20201020061303,10.77.1.1/24,4
20201020061305,10.20.30.1/16,1
20201020061306,192.168.1.1/24,-
20201020061307,10.77.1.2/24,36
20201020061309,10.20.30.1/16,-
20201020061310,192.168.1.1/24,-
20201020061312,10.20.30.1/16,-
20201020061313,10.20.30.1/16,3
20201020061314,10.20.30.1/16,7
20201020061315,10.77.1.2/24,7
20201020061316,10.77.1.1/24,-
20201020061317,10.77.1.1/24,2
20201020061319,192.168.1.1/24,2
20201020061320,192.168.1.2/24,-
20201020061321,10.77.1.2/24,7
20201020061322,10.77.1.1/24,9
20201020061323,192.168.1.2/24,5
20201020061324,192.168.1.2/24,9
20201020061325,10.20.30.1/16,12
20201020061326,10.20.30.2/16,4
20201020061327,10.20.30.1/16,-
20201020061328,192.168.1.1/24,92
20201020061330,10.20.30.2/16,3
20201020061331,10.20.30.1/16,9
20201020061333,192.168.1.1/24,8
20201020061335,10.77.1.2/24,-
20201020061336,10.20.30.2/16,-
20201020061337,192.168.1.2/24,-
20201020061339,10.20.30.2/16,-
20201020061340,192.168.1.1/24,9
20201020061341,192.168.1.1/24,-
20201020061342,10.77.1.2/24,2
20201020061343,192.168.1.2/24,1
20201020061344,10.77.1.1/24,21
20201020061346,192.168.1.1/24,6
20201020061348,192.168.1.1/24,-
20201020061350,10.77.1.2/24,31
20201020061352,10.77.1.2/24,5
20201020061353,10.20.30.2/16,-
20201020061354,10.77.1.1/24,4
20201020061356,10.77.1.1/24,-
20201020061357,10.77.1.2/24,2
20201020061358,10.20.30.2/16,5
20201020061359,10.77.1.2/24,43
20201020061400,10.20.30.1/16,21
20201020061401,192.168.1.2/24,-
20201020061402,10.77.1.1/24,-
20201020061403,192.168.1.2/24,-
20201020061404,10.77.1.1/24,4
20201020061406,10.77.1.1/24,8
20201020061407,192.168.1.1/24,-
20201020061408,192.168.1.2/24,9
20201020061409,192.168.1.2/24,98
20201020061410,192.168.1.2/24,38
20201020061411,192.168.1.1/24,98
20201020061413,10.20.30.2/16,4
20201020061414,10.77.1.2/24,5
20201020061415,10.77.1.2/24,4
20201020061417,10.77.1.2/24,7
20201020061418,10.77.1.1/24,4
20201020061419,192.168.1.2/24,9
20201020061421,10.77.1.1/24,-
20201020061422,10.20.30.2/16,6
20201020061424,192.168.1.1/24,2
20201020061425,10.77.1.1/24,6
20201020061426,10.20.30.2/16,-
20201020061427,10.20.30.1/16,2
20201020061428,192.168.1.1/24,-
20201020061429,192.168.1.1/24,8
20201020061431,192.168.1.1/24,-
20201020061432,10.77.1.1/24,-
20201020061433,10.77.1.1/24,99
20201020061434,10.77.1.1/24,1
20201020061435,10.77.1.2/24,2
20201020061437,10.20.30.1/16,-
20201020061439,192.168.1.2/24,1
20201020061440,192.168.1.1/24,86
20201020061441,10.20.30.1/16,1
20201020061443,10.77.1.2/24,-
20201020061445,10.77.1.1/24,1
20201020061446,192.168.1.1/24,-
20201020061447,192.168.1.1/24,55
20201020061448,192.168.1.2/24,99
20201020061449,10.77.1.2/24,5
20201020061450,192.168.1.2/24,5
20201020061451,192.168.1.1/24,8
20201020061452,10.20.30.2/16,5
20201020061453,10.20.30.1/16,7
20201020061454,10.20.30.2/16,-
20201020061455,10.20.30.1/16,3
20201020061456,10.20.30.2/16,98
20201020061457,192.168.1.2/24,5
20201020061458,10.77.1.1/24,27
20201020061500,10.20.30.1/16,-
20201020061501,192.168.1.1/24,3
20201020061502,10.77.1.2/24,5
20201020061504,192.168.1.1/24,9
20201020061505,192.168.1.2/24,-
20201020061507,10.77.1.2/24,15
20201020061509,10.77.1.2/24,8
20201020061510,10.20.30.1/16,50
20201020061511,10.77.1.1/24,35
20201020061512,10.20.30.2/16,66
20201020061513,192.168.1.2/24,83
20201020061514,192.168.1.2/24,7
20201020061515,192.168.1.1/24,77
20201020061516,10.20.30.2/16,4
20201020061518,10.77.1.1/24,45
20201020061520,192.168.1.1/24,46
20201020061522,192.168.1.2/24,87
20201020061523,192.168.1.1/24,9
20201020061525,192.168.1.1/24,-
20201020061526,192.168.1.2/24,99
20201020061527,10.20.30.2/16,9
20201020061529,10.77.1.2/24,6
20201020061530,10.77.1.2/24,-
20201020061531,10.20.30.2/16,4
20201020061532,192.168.1.1/24,-
20201020061533,192.168.1.1/24,10
20201020061534,10.20.30.2/16,3
20201020061536,192.168.1.1/24,86
20201020061538,192.168.1.1/24,27
20201020061539,192.168.1.1/24,4
20201020061540,10.77.1.2/24,36
20201020061541,10.20.30.2/16,9
20201020061542,10.20.30.1/16,6
20201020061543,10.77.1.2/24,3
20201020061544,192.168.1.1/24,6
20201020061545,10.20.30.2/16,7
20201020061546,10.77.1.2/24,-
20201020061547,192.168.1.1/24,4
20201020061548,192.168.1.1/24,1
20201020061549,10.20.30.1/16,-
20201020061550,192.168.1.2/24,8
20201020061551,10.20.30.2/16,52
20201020061552,10.20.30.2/16,9
20201020061553,192.168.1.1/24,7
20201020061554,10.20.30.2/16,-
20201020061555,10.20.30.2/16,55
20201020061557,10.77.1.2/24,10
20201020061558,192.168.1.1/24,28
20201020061600,10.20.30.1/16,5
20201020061601,192.168.1.2/24,9
20201020061602,192.168.1.1/24,9
20201020061603,10.20.30.1/16,24
20201020061604,10.77.1.2/24,6
20201020061605,10.20.30.1/16,6
20201020061607,192.168.1.1/24,9
20201020061608,10.77.1.1/24,6
20201020061609,10.77.1.1/24,1
20201020061611,192.168.1.2/24,6
20201020061612,192.168.1.1/24,7
20201020061613,10.77.1.1/24,8
20201020061614,10.77.1.2/24,-
20201020061615,10.20.30.2/16,26
20201020061617,192.168.1.1/24,-
20201020061619,192.168.1.2/24,8
20201020061620,10.20.30.2/16,2
20201020061621,192.168.1.1/24,3
20201020061622,192.168.1.2/24,-
20201020061623,10.77.1.1/24,73
20201020061625,10.77.1.1/24,-
20201020061626,10.77.1.2/24,3
20201020061627,10.77.1.1/24,6
20201020061628,10.20.30.2/16,9
20201020061629,192.168.1.1/24,8
20201020061630,192.168.1.1/24,-
20201020061631,10.77.1.2/24,1
20201020061632,10.77.1.1/24,3
20201020061634,10.77.1.1/24,4
20201020061635,10.20.30.2/16,-
20201020061636,192.168.1.1/24,37
20201020061637,10.20.30.1/16,8
20201020061638,10.20.30.2/16,-
20201020061639,10.20.30.1/16,58
20201020061640,10.20.30.2/16,-
20201020061642,192.168.1.2/24,5
20201020061644,10.20.30.2/16,6
20201020061646,192.168.1.2/24,3
20201020061647,10.77.1.2/24,-
20201020061648,10.77.1.1/24,7
20201020061650,10.20.30.1/16,4
20201020061651,192.168.1.1/24,7
20201020061652,10.77.1.2/24,3
20201020061653,10.20.30.1/16,75
20201020061654,10.20.30.2/16,6
20201020061656,10.20.30.2/16,7
20201020061657,10.77.1.2/24,9
20201020061658,10.20.30.2/16,2
20201020061700,10.20.30.2/16,-
20201020061701,10.77.1.2/24,-
20201020061702,192.168.1.1/24,3
20201020061704,192.168.1.1/24,-
20201020061705,10.20.30.1/16,4
20201020061706,10.20.30.2/16,5
20201020061707,10.20.30.1/16,6
20201020061708,10.77.1.2/24,-
20201020061709,10.77.1.2/24,60
20201020061710,10.77.1.1/24,6
20201020061711,10.77.1.1/24,29
20201020061712,192.168.1.1/24,-
20201020061714,10.20.30.1/16,46
20201020061716,10.77.1.2/24,1
20201020061717,192.168.1.2/24,4
20201020061718,192.168.1.1/24,-
20201020061719,192.168.1.2/24,6
20201020061720,10.20.30.1/16,2
20201020061721,10.77.1.1/24,8
20201020061722,10.77.1.1/24,-
20201020061724,192.168.1.2/24,-
20201020061726,10.77.1.1/24,2
20201020061727,10.20.30.1/16,5
20201020061728,10.20.30.2/16,30
20201020061730,10.20.30.1/16,-
20201020061731,192.168.1.2/24,-
20201020061732,10.77.1.2/24,-
20201020061733,192.168.1.2/24,7
20201020061734,10.20.30.2/16,1
20201020061735,10.20.30.1/16,1
20201020061736,192.168.1.1/24,87
20201020061738,10.77.1.1/24,-
20201020061740,10.20.30.2/16,3
20201020061741,192.168.1.1/24,71
20201020061742,10.20.30.2/16,1
20201020061744,10.77.1.2/24,48
20201020061745,192.168.1.1/24,9
20201020061746,10.77.1.1/24,46
20201020061747,10.77.1.2/24,-
20201020061748,10.77.1.2/24,5
20201020061749,192.168.1.2/24,-
20201020061750,10.77.1.2/24,4
20201020061751,10.20.30.2/16,-
20201020061753,192.168.1.2/24,1
20201020061754,10.77.1.2/24,4
20201020061755,192.168.1.1/24,11
20201020061756,10.77.1.1/24,8
20201020061757,10.77.1.1/24,-
20201020061759,10.20.30.2/16,5
20201020061800,192.168.1.2/24,23
20201020061801,10.77.1.1/24,11
20201020061803,10.77.1.1/24,9
20201020061805,192.168.1.2/24,6
20201020061806,192.168.1.1/24,-
20201020061807,10.77.1.1/24,4
20201020061808,10.77.1.1/24,1
20201020061809,10.20.30.2/16,9
20201020061810,192.168.1.2/24,3
20201020061812,10.77.1.2/24,0
20201020061813,192.168.1.1/24,2
20201020061815,10.20.30.2/16,11
20201020061816,10.20.30.2/16,30
20201020061817,192.168.1.2/24,2
20201020061819,10.77.1.2/24,9
20201020061820,10.20.30.1/16,6
20201020061822,10.77.1.2/24,-
20201020061823,10.20.30.1/16,1
20201020061824,10.20.30.2/16,60
20201020061825,10.20.30.1/16,1
20201020061826,10.77.1.1/24,5
20201020061827,10.20.30.1/16,2
20201020061828,192.168.1.1/24,-
20201020061829,192.168.1.2/24,1
20201020061831,192.168.1.1/24,37
20201020061832,10.20.30.2/16,-
20201020061833,10.20.30.2/16,81
20201020061834,10.77.1.2/24,1
20201020061835,192.168.1.1/24,28
20201020061836,10.77.1.2/24,-
20201020061837,10.77.1.2/24,2
20201020061838,192.168.1.1/24,-
20201020061839,10.20.30.2/16,7
20201020061840,10.77.1.1/24,8
20201020061841,10.77.1.1/24,5
20201020061842,10.20.30.2/16,-
20201020061843,10.20.30.2/16,4
20201020061845,192.168.1.1/24,-
20201020061846,10.20.30.1/16,4
20201020061848,192.168.1.1/24,26
20201020061849,10.20.30.1/16,-
20201020061851,10.77.1.2/24,80
20201020061852,192.168.1.2/24,11
20201020061853,192.168.1.1/24,4
20201020061854,10.77.1.1/24,-
20201020061855,192.168.1.2/24,-
20201020061856,10.77.1.2/24,-
20201020061857,10.20.30.2/16,-
20201020061858,10.20.30.1/16,4
20201020061900,10.20.30.1/16,2
20201020061901,10.77.1.1/24,11
20201020061902,10.77.1.1/24,3
20201020061903,10.20.30.2/16,7
20201020061905,192.168.1.1/24,-
20201020061906,192.168.1.2/24,4
20201020061907,192.168.1.1/24,-
20201020061909,10.77.1.1/24,4
20201020061910,192.168.1.1/24,8
20201020061912,192.168.1.1/24,8
20201020061913,10.77.1.2/24,8
20201020061914,10.77.1.2/24,12
20201020061915,192.168.1.2/24,75
20201020061916,192.168.1.1/24,5
20201020061917,192.168.1.1/24,8
20201020061919,192.168.1.2/24,7
20201020061921,10.77.1.1/24,8
20201020061922,10.77.1.1/24,-
20201020061924,10.20.30.1/16,5
20201020061926,10.20.30.2/16,6
20201020061927,10.20.30.1/16,-
20201020061928,192.168.1.2/24,4
20201020061929,10.77.1.1/24,15
20201020061930,10.77.1.1/24,2
20201020061931,192.168.1.1/24,55
20201020061933,192.168.1.1/24,1
20201020061935,10.77.1.1/24,3
20201020061937,10.20.30.2/16,8
20201020061938,10.77.1.2/24,49
20201020061940,192.168.1.2/24,2
20201020061941,10.20.30.1/16,-
20201020061942,10.77.1.1/24,3
20201020061943,192.168.1.2/24,7
20201020061945,10.20.30.1/16,-
20201020061946,10.77.1.1/24,97
20201020061947,192.168.1.2/24,7
20201020061949,10.77.1.2/24,4
20201020061950,10.20.30.2/16,23
20201020061951,10.77.1.2/24,4
20201020061952,10.20.30.1/16,9
20201020061954,192.168.1.2/24,7
20201020061956,192.168.1.1/24,-
20201020061957,192.168.1.2/24,-
20201020061958,10.77.1.2/24,-
20201020061959,10.77.1.1/24,-
20201020062000,10.20.30.1/16,2
20201020062001,192.168.1.1/24,6
20201020062002,10.77.1.1/24,-
20201020062003,10.20.30.2/16,-
20201020062004,10.77.1.2/24,14
20201020062006,10.77.1.1/24,4
20201020062007,10.20.30.2/16,9
20201020062008,192.168.1.2/24,6
20201020062009,10.20.30.2/16,8
20201020062011,10.20.30.2/16,4
20201020062012,10.77.1.2/24,-
20201020062014,192.168.1.1/24,-
20201020062016,10.20.30.2/16,8
20201020062017,10.20.30.2/16,9
20201020062018,10.77.1.2/24,6
20201020062019,10.20.30.1/16,46
20201020062020,10.77.1.1/24,29
20201020062021,10.77.1.2/24,9
20201020062022,10.77.1.1/24,-
20201020062023,10.77.1.2/24,64
20201020062024,192.168.1.1/24,2
20201020062025,192.168.1.2/24,-
20201020062027,192.168.1.2/24,46
20201020062028,10.77.1.1/24,3
20201020062029,192.168.1.1/24,0
20201020062030,10.20.30.1/16,-
20201020062032,192.168.1.1/24,14
20201020062034,192.168.1.1/24,-
20201020062035,192.168.1.2/24,16
20201020062037,10.20.30.1/16,-
20201020062038,10.20.30.1/16,-
20201020062039,10.77.1.2/24,30
20201020062040,10.20.30.1/16,5
20201020062041,192.168.1.2/24,6
20201020062042,10.20.30.1/16,95
20201020062043,10.77.1.1/24,52
20201020062045,192.168.1.2/24,-
20201020062046,192.168.1.1/24,22
20201020062047,10.77.1.1/24,-
20201020062048,192.168.1.1/24,7
20201020062050,10.77.1.2/24,2
20201020062052,10.77.1.2/24,-
20201020062053,192.168.1.1/24,7
20201020062054,10.77.1.1/24,8
20201020062055,10.77.1.1/24,-
20201020062056,10.20.30.1/16,8
20201020062058,10.77.1.2/24,9
20201020062100,10.20.30.1/16,8
20201020062101,192.168.1.2/24,8
20201020062102,192.168.1.1/24,3
20201020062103,10.77.1.2/24,9
20201020062104,10.20.30.2/16,4
20201020062105,192.168.1.1/24,50
20201020062106,192.168.1.1/24,7
20201020062108,10.77.1.1/24,7
20201020062110,10.20.30.2/16,-
20201020062111,192.168.1.2/24,84
20201020062112,192.168.1.1/24,76
20201020062113,10.20.30.1/16,4
20201020062114,10.77.1.2/24,-
20201020062116,10.77.1.1/24,13
20201020062118,192.168.1.2/24,-
20201020062119,10.20.30.1/16,2
20201020062121,192.168.1.2/24,10
20201020062122,10.20.30.1/16,2
20201020062123,10.20.30.2/16,2
20201020062125,10.20.30.1/16,9
20201020062126,10.77.1.2/24,-
20201020062127,10.77.1.2/24,90
20201020062128,10.77.1.1/24,73
20201020062129,10.20.30.2/16,4
20201020062130,10.20.30.1/16,3
20201020062131,10.20.30.1/16,8
20201020062133,10.77.1.1/24,92
20201020062135,10.20.30.1/16,-
20201020062136,192.168.1.2/24,19
20201020062137,10.77.1.1/24,-
20201020062138,192.168.1.2/24,62
20201020062139,10.20.30.1/16,-
20201020062140,10.20.30.2/16,27
20201020062142,10.20.30.1/16,7
20201020062143,10.20.30.2/16,1
20201020062144,10.77.1.2/24,-
20201020062146,10.20.30.2/16,3
20201020062147,10.77.1.1/24,9
20201020062148,10.20.30.2/16,-
20201020062149,192.168.1.1/24,9
20201020062150,10.20.30.2/16,1
20201020062151,10.77.1.1/24,8
20201020062153,10.20.30.1/16,5
20201020062154,192.168.1.1/24,2
20201020062155,192.168.1.1/24,-
20201020062156,192.168.1.1/24,65
20201020062157,192.168.1.2/24,8
20201020062159,10.77.1.2/24,2
20201020062201,10.77.1.2/24,3
20201020062203,192.168.1.1/24,7
20201020062204,10.20.30.1/16,5
20201020062205,10.77.1.1/24,5
20201020062206,10.20.30.2/16,8
20201020062207,10.77.1.1/24,8
20201020062208,192.168.1.1/24,20
20201020062209,10.20.30.1/16,7
20201020062210,10.77.1.2/24,41
20201020062211,10.77.1.1/24,-
20201020062212,192.168.1.1/24,-
20201020062214,10.20.30.2/16,1
20201020062215,10.77.1.1/24,64
20201020062216,10.20.30.2/16,-
20201020062218,10.77.1.2/24,13
20201020062219,10.77.1.1/24,-
20201020062221,10.20.30.1/16,-
20201020062223,10.77.1.2/24,34
20201020062225,10.20.30.2/16,1
20201020062226,10.77.1.2/24,-
20201020062227,10.77.1.2/24,4
20201020062229,10.77.1.1/24,-
20201020062231,10.77.1.2/24,4
20201020062232,10.77.1.2/24,2
20201020062234,10.20.30.2/16,4
20201020062235,192.168.1.1/24,-
20201020062236,192.168.1.2/24,17
20201020062237,10.77.1.1/24,-
20201020062238,10.77.1.2/24,5
20201020062239,10.20.30.2/16,3
20201020062241,192.168.1.2/24,57
20201020062242,192.168.1.1/24,54
20201020062244,192.168.1.1/24,9
20201020062245,192.168.1.2/24,18
20201020062247,10.20.30.1/16,88
20201020062248,192.168.1.1/24,12
20201020062249,192.168.1.1/24,9
20201020062250,10.20.30.2/16,4
20201020062252,192.168.1.2/24,5
20201020062254,192.168.1.1/24,-
20201020062255,192.168.1.2/24,1
20201020062256,10.77.1.1/24,3
20201020062257,192.168.1.2/24,97
20201020062258,10.20.30.1/16,63
20201020062300,10.20.30.2/16,1
20201020062302,192.168.1.2/24,15
20201020062304,10.20.30.1/16,3
20201020062305,10.20.30.2/16,-
20201020062307,10.20.30.1/16,9
20201020062308,192.168.1.2/24,2
20201020062309,10.20.30.1/16,-
20201020062310,10.77.1.2/24,8
20201020062312,10.77.1.1/24,10
20201020062313,192.168.1.2/24,7
20201020062314,10.77.1.1/24,6
20201020062316,192.168.1.2/24,4
20201020062318,192.168.1.1/24,2
20201020062319,10.77.1.1/24,87
20201020062321,10.77.1.1/24,1
20201020062322,10.20.30.2/16,5
20201020062324,10.20.30.2/16,6
20201020062325,10.77.1.1/24,3
20201020062326,10.20.30.2/16,7
20201020062328,192.168.1.1/24,7
20201020062330,10.20.30.2/16,-
20201020062331,192.168.1.2/24,5
20201020062332,10.77.1.1/24,5
20201020062333,192.168.1.2/24,72
20201020062334,10.77.1.1/24,8
20201020062336,10.20.30.1/16,4
20201020062337,192.168.1.1/24,5
20201020062338,10.77.1.1/24,8
20201020062339,10.77.1.1/24,71
20201020062341,10.77.1.1/24,-
20201020062343,10.77.1.2/24,9
20201020062344,10.20.30.2/16,15
20201020062345,10.20.30.2/16,8
20201020062346,10.77.1.1/24,-
20201020062347,10.77.1.1/24,1
20201020062348,10.20.30.2/16,-
20201020062349,192.168.1.2/24,9
20201020062350,192.168.1.2/24,66
20201020062352,192.168.1.1/24,3
20201020062353,10.20.30.1/16,11
20201020062354,10.20.30.1/16,3
20201020062355,10.77.1.1/24,16
20201020062356,10.20.30.2/16,59
20201020062357,10.77.1.2/24,35
20201020062359,192.168.1.2/24,57
20201020062400,10.20.30.2/16,2
20201020062402,10.77.1.1/24,98
20201020062404,10.20.30.1/16,4
20201020062405,192.168.1.2/24,3
20201020062406,192.168.1.1/24,9
20201020062408,10.77.1.2/24,-
20201020062409,192.168.1.1/24,3
20201020062411,10.20.30.2/16,4
20201020062412,192.168.1.1/24,-
20201020062413,192.168.1.1/24,-
20201020062414,10.77.1.2/24,1
20201020062415,10.77.1.1/24,-
20201020062416,10.77.1.2/24,1
20201020062417,10.20.30.1/16,1
20201020062419,192.168.1.1/24,52
20201020062420,10.77.1.1/24,31
20201020062421,10.77.1.1/24,23
20201020062422,10.77.1.2/24,75
20201020062423,192.168.1.2/24,3
20201020062424,192.168.1.1/24,6
20201020062425,10.77.1.1/24,5
20201020062426,10.77.1.1/24,4
20201020062427,192.168.1.1/24,8
20201020062428,10.77.1.1/24,5
20201020062429,192.168.1.1/24,6
20201020062430,10.20.30.1/16,66
20201020062431,10.20.30.1/16,64
20201020062432,192.168.1.1/24,2
20201020062434,10.77.1.2/24,-
20201020062435,192.168.1.1/24,3
20201020062436,192.168.1.2/24,-
20201020062437,192.168.1.1/24,8
20201020062438,192.168.1.1/24,-
20201020062439,10.20.30.1/16,1
20201020062441,10.20.30.1/16,3
20201020062442,192.168.1.2/24,3
20201020062443,10.20.30.2/16,-
20201020062444,10.20.30.2/16,5
20201020062445,10.77.1.2/24,8
20201020062446,10.77.1.1/24,1
20201020062447,10.20.30.1/16,8
20201020062448,10.77.1.1/24,3
20201020062449,10.20.30.1/16,7
20201020062450,10.20.30.1/16,9
20201020062451,192.168.1.2/24,-
20201020062452,10.77.1.1/24,1
20201020062454,10.20.30.1/16,9
20201020062455,10.77.1.1/24,5
20201020062456,192.168.1.1/24,6
20201020062457,10.20.30.1/16,1
20201020062459,192.168.1.1/24,7
20201020062500,10.20.30.2/16,5
20201020062501,10.20.30.2/16,-
20201020062502,192.168.1.1/24,7
20201020062504,10.20.30.2/16,9
20201020062505,10.77.1.2/24,-
20201020062506,10.77.1.1/24,42
20201020062507,192.168.1.2/24,-
20201020062508,10.20.30.2/16,67
20201020062509,192.168.1.1/24,-
20201020062510,10.77.1.2/24,-
20201020062511,10.77.1.2/24,93
20201020062512,192.168.1.2/24,89
20201020062513,10.20.30.1/16,3
20201020062514,10.20.30.2/16,-
20201020062515,10.77.1.1/24,8
20201020062516,192.168.1.1/24,6
20201020062517,10.20.30.1/16,68
20201020062518,192.168.1.1/24,4
20201020062519,192.168.1.1/24,52
20201020062520,10.77.1.1/24,-
20201020062521,10.77.1.1/24,-
20201020062522,10.77.1.2/24,2
20201020062523,10.20.30.2/16,6
20201020062524,10.20.30.2/16,66
20201020062525,192.168.1.1/24,8
20201020062526,10.77.1.2/24,-
20201020062527,10.77.1.2/24,-
20201020062528,10.77.1.1/24,-
20201020062529,10.77.1.1/24,2
20201020062530,10.20.30.2/16,2
20201020062531,10.20.30.2/16,7
20201020062532,10.20.30.2/16,-
20201020062533,192.168.1.1/24,-
20201020062534,192.168.1.1/24,8
20201020062535,10.77.1.1/24,-
20201020062536,192.168.1.2/24,1
20201020062538,10.20.30.1/16,8
20201020062539,192.168.1.1/24,23
20201020062540,10.77.1.1/24,10
20201020062542,10.20.30.1/16,52
20201020062543,192.168.1.2/24,8
20201020062545,10.77.1.2/24,1
20201020062546,192.168.1.2/24,2
20201020062547,192.168.1.1/24,8
20201020062549,10.20.30.1/16,-
20201020062550,10.77.1.1/24,-
20201020062551,192.168.1.1/24,-
20201020062553,192.168.1.1/24,-
20201020062554,10.20.30.2/16,88
20201020062555,10.20.30.2/16,6
20201020062556,192.168.1.1/24,7
20201020062557,10.77.1.2/24,5
20201020062559,10.20.30.1/16,11
20201020062600,10.77.1.1/24,8
20201020062602,10.20.30.1/16,4
20201020062603,10.77.1.1/24,1
20201020062604,10.20.30.1/16,2
20201020062605,10.20.30.1/16,59
20201020062606,10.77.1.1/24,4
20201020062607,10.77.1.2/24,9
20201020062608,192.168.1.1/24,9
20201020062609,192.168.1.2/24,50
20201020062610,10.77.1.1/24,5
20201020062611,192.168.1.1/24,8
20201020062613,10.20.30.1/16,3
20201020062614,10.77.1.1/24,4
20201020062615,10.77.1.2/24,7
20201020062616,192.168.1.2/24,-
20201020062617,10.77.1.1/24,75
20201020062618,10.77.1.2/24,16
20201020062619,10.77.1.2/24,11
20201020062620,10.20.30.2/16,7
20201020062622,10.20.30.1/16,6
20201020062623,192.168.1.2/24,71
20201020062624,10.77.1.2/24,2
20201020062625,10.77.1.2/24,1
20201020062627,10.20.30.1/16,36
20201020062628,10.20.30.2/16,9
20201020062629,192.168.1.1/24,-
20201020062630,192.168.1.1/24,-
20201020062631,10.20.30.2/16,-
20201020062632,192.168.1.1/24,3
20201020062633,10.77.1.1/24,4
20201020062634,10.20.30.1/16,4
20201020062635,192.168.1.2/24,-
20201020062636,192.168.1.1/24,15
20201020062637,10.77.1.2/24,-
20201020062638,10.20.30.2/16,-
20201020062639,10.20.30.2/16,2
20201020062641,10.77.1.2/24,-
20201020062642,10.20.30.2/16,1
20201020062643,10.77.1.1/24,-
20201020062644,10.77.1.1/24,-
20201020062645,10.77.1.2/24,-
20201020062646,192.168.1.2/24,7
20201020062647,10.77.1.2/24,20
20201020062648,10.77.1.1/24,-
20201020062649,192.168.1.1/24,4
20201020062650,10.20.30.2/16,-
20201020062651,10.20.30.2/16,6
20201020062653,10.77.1.1/24,1
20201020062654,192.168.1.1/24,62
20201020062656,192.168.1.2/24,5
20201020062657,10.20.30.2/16,3
20201020062659,10.20.30.2/16,-
20201020062700,10.20.30.2/16,1
20201020062702,192.168.1.2/24,8
20201020062703,10.77.1.2/24,60
20201020062704,10.77.1.1/24,7
20201020062705,10.77.1.2/24,-
20201020062706,192.168.1.1/24,-
20201020062707,10.77.1.2/24,65
20201020062709,10.77.1.1/24,-
20201020062710,10.77.1.2/24,2
20201020062711,10.20.30.2/16,-
20201020062712,10.77.1.2/24,-
20201020062713,10.20.30.1/16,-
20201020062714,192.168.1.2/24,94
20201020062716,10.20.30.1/16,1
20201020062717,192.168.1.2/24,15
20201020062718,192.168.1.2/24,-
20201020062719,192.168.1.2/24,4
20201020062720,10.20.30.1/16,-
20201020062721,10.77.1.2/24,7
20201020062722,192.168.1.1/24,-
20201020062723,10.20.30.2/16,1
20201020062725,10.20.30.2/16,3
20201020062726,10.20.30.2/16,4
20201020062727,10.20.30.1/16,1
20201020062728,10.20.30.1/16,4
20201020062729,10.77.1.2/24,8
20201020062730,192.168.1.1/24,-
20201020062731,10.77.1.2/24,8
20201020062732,192.168.1.1/24,7
20201020062733,10.20.30.1/16,58
20201020062734,10.20.30.1/16,5
20201020062735,10.20.30.2/16,6
20201020062736,10.20.30.1/16,3
20201020062737,192.168.1.1/24,8
20201020062738,10.20.30.1/16,-
20201020062739,10.77.1.2/24,28
20201020062740,10.77.1.2/24,7
20201020062741,10.77.1.2/24,1
20201020062742,10.77.1.2/24,2
20201020062743,192.168.1.2/24,6
20201020062744,192.168.1.2/24,2
20201020062745,192.168.1.1/24,1
20201020062746,10.77.1.1/24,2
20201020062747,10.77.1.1/24,24
20201020062748,192.168.1.1/24,24
20201020062749,192.168.1.1/24,9
20201020062751,10.20.30.2/16,8
20201020062752,10.20.30.2/16,-
20201020062753,10.20.30.2/16,3
20201020062754,10.20.30.1/16,38
20201020062755,192.168.1.2/24,37
20201020062756,10.20.30.2/16,9
20201020062757,192.168.1.2/24,2
20201020062758,10.20.30.1/16,45
20201020062759,192.168.1.1/24,4
20201020062801,10.20.30.1/16,90
20201020062803,10.77.1.2/24,9
20201020062804,192.168.1.1/24,5
20201020062806,10.20.30.1/16,2
20201020062807,192.168.1.2/24,4
20201020062808,10.77.1.2/24,2
20201020062810,192.168.1.1/24,-
20201020062811,192.168.1.1/24,5
20201020062812,192.168.1.2/24,-
20201020062813,10.20.30.1/16,2
20201020062814,192.168.1.2/24,-
20201020062815,192.168.1.2/24,-
20201020062816,10.20.30.1/16,44
20201020062817,192.168.1.1/24,1
20201020062818,10.77.1.1/24,-
20201020062819,10.20.30.1/16,53
20201020062820,10.20.30.1/16,4
20201020062821,10.20.30.1/16,6
20201020062822,10.77.1.2/24,11
20201020062823,10.20.30.1/16,8
20201020062825,10.20.30.1/16,18
20201020062826,10.77.1.1/24,1
20201020062827,10.20.30.2/16,-
20201020062828,10.20.30.1/16,11
20201020062829,192.168.1.1/24,-
20201020062830,192.168.1.1/24,1
20201020062831,192.168.1.2/24,85
20201020062832,10.77.1.2/24,6
20201020062833,10.77.1.1/24,2
20201020062834,192.168.1.2/24,8
20201020062835,10.77.1.2/24,-
20201020062836,192.168.1.1/24,-
20201020062837,10.20.30.2/16,6
20201020062838,10.77.1.2/24,2
20201020062839,10.77.1.2/24,4
20201020062840,10.77.1.1/24,78
20201020062841,192.168.1.1/24,5
20201020062842,10.20.30.1/16,9
20201020062843,10.20.30.1/16,45
20201020062844,10.77.1.2/24,6
20201020062845,10.77.1.1/24,4
20201020062847,10.77.1.1/24,5
20201020062848,10.20.30.1/16,5
20201020062849,10.20.30.1/16,2
20201020062850,192.168.1.2/24,1
20201020062851,192.168.1.1/24,22
20201020062852,10.20.30.2/16,6
20201020062853,192.168.1.2/24,-
20201020062854,192.168.1.2/24,75
20201020062855,192.168.1.1/24,23
20201020062856,10.20.30.1/16,5
20201020062857,10.20.30.1/16,-
20201020062859,10.20.30.1/16,2
20201020062900,10.77.1.1/24,27
20201020062901,192.168.1.2/24,4
20201020062902,192.168.1.2/24,5
20201020062903,10.20.30.1/16,-
20201020062904,192.168.1.1/24,91
20201020062906,192.168.1.1/24,5
20201020062908,10.20.30.1/16,41
20201020062909,10.20.30.2/16,7
20201020062911,192.168.1.2/24,84
20201020062913,10.77.1.2/24,7
20201020062915,10.20.30.1/16,-
20201020062916,10.20.30.1/16,2
20201020062917,10.20.30.2/16,87
20201020062918,192.168.1.1/24,3
20201020062919,10.20.30.1/16,26
20201020062920,10.20.30.2/16,10
20201020062921,192.168.1.2/24,1
20201020062923,192.168.1.1/24,-
20201020062924,192.168.1.1/24,75
20201020062925,10.20.30.1/16,4
20201020062926,10.20.30.2/16,4
20201020062927,192.168.1.1/24,69
20201020062928,10.20.30.1/16,6
20201020062929,10.77.1.1/24,55
20201020062930,10.77.1.1/24,8
20201020062932,10.77.1.2/24,21
20201020062933,10.77.1.2/24,-
20201020062934,192.168.1.2/24,7
20201020062935,10.20.30.1/16,6
20201020062936,192.168.1.2/24,64
20201020062937,10.77.1.2/24,20
20201020062938,10.77.1.2/24,1
20201020062939,192.168.1.2/24,6
20201020062940,10.77.1.1/24,6
20201020062942,10.20.30.2/16,4
20201020062943,10.77.1.2/24,12
20201020062944,192.168.1.2/24,4
20201020062945,192.168.1.2/24,5
20201020062946,10.20.30.1/16,8
20201020062948,10.20.30.1/16,-
20201020062949,10.77.1.2/24,4
20201020062951,10.20.30.2/16,-
20201020062952,10.77.1.2/24,3
20201020062953,192.168.1.1/24,29
20201020062954,10.20.30.1/16,-
20201020062956,10.77.1.2/24,4
20201020062957,10.20.30.2/16,-
20201020062958,10.77.1.2/24,2
20201020062959,10.20.30.2/16,5
20201020063000,10.20.30.2/16,-
20201020063001,192.168.1.2/24,51
20201020063002,10.77.1.2/24,66
20201020063003,192.168.1.2/24,7
20201020063004,10.20.30.1/16,10
20201020063006,192.168.1.1/24,-
20201020063007,10.77.1.2/24,25
20201020063008,10.20.30.2/16,4
20201020063009,192.168.1.1/24,7
20201020063010,192.168.1.1/24,3
20201020063011,192.168.1.2/24,-
20201020063012,192.168.1.1/24,16
20201020063013,192.168.1.2/24,7
20201020063014,10.77.1.2/24,8
20201020063015,10.77.1.1/24,6
20201020063017,10.20.30.2/16,9
20201020063019,192.168.1.2/24,8
20201020063021,192.168.1.2/24,-
20201020063022,10.20.30.2/16,7
20201020063023,10.77.1.1/24,-
20201020063025,192.168.1.2/24,1
20201020063027,10.77.1.1/24,8
20201020063028,10.77.1.2/24,-
20201020063029,10.77.1.2/24,63
20201020063030,10.20.30.1/16,4
20201020063031,10.20.30.2/16,91
20201020063032,10.20.30.1/16,58
20201020063033,192.168.1.2/24,-
20201020063034,192.168.1.2/24,-
20201020063035,192.168.1.2/24,5
20201020063036,10.20.30.1/16,9
20201020063037,192.168.1.2/24,5
20201020063038,10.77.1.2/24,-
20201020063039,10.20.30.1/16,-
20201020063040,192.168.1.1/24,3
20201020063041,192.168.1.2/24,71
20201020063042,192.168.1.2/24,-
20201020063043,192.168.1.2/24,2
20201020063044,10.20.30.2/16,7
20201020063045,10.20.30.1/16,-
20201020063046,10.77.1.1/24,-
20201020063048,10.77.1.1/24,12
20201020063049,10.77.1.2/24,2
20201020063050,10.20.30.2/16,6
20201020063051,10.77.1.2/24,22
20201020063052,10.20.30.2/16,67
20201020063054,10.77.1.2/24,5
20201020063056,10.20.30.2/16,-
20201020063057,192.168.1.2/24,7
20201020063058,10.20.30.1/16,9
20201020063100,192.168.1.1/24,-
20201020063101,10.77.1.2/24,-
20201020063102,10.20.30.2/16,7
20201020063104,10.20.30.1/16,78
20201020063105,10.20.30.2/16,25
20201020063106,10.20.30.1/16,7
20201020063107,192.168.1.2/24,3
20201020063108,10.77.1.2/24,14
20201020063109,10.77.1.2/24,7
20201020063111,10.20.30.2/16,-
20201020063112,192.168.1.1/24,3
20201020063113,10.20.30.1/16,1
20201020063115,10.20.30.2/16,14
20201020063116,10.20.30.1/16,4
20201020063117,10.20.30.2/16,6
20201020063119,10.20.30.2/16,7
20201020063120,192.168.1.1/24,-
20201020063121,10.77.1.2/24,1
20201020063122,192.168.1.2/24,58
20201020063123,10.77.1.2/24,-
20201020063124,10.77.1.2/24,30
20201020063125,192.168.1.1/24,45
20201020063126,192.168.1.2/24,1
20201020063127,192.168.1.1/24,2
20201020063128,10.77.1.1/24,20
20201020063129,10.77.1.1/24,72
20201020063130,10.77.1.2/24,9
20201020063131,10.20.30.1/16,7
20201020063132,10.77.1.1/24,8
20201020063133,192.168.1.1/24,-
20201020063134,10.77.1.2/24,3
20201020063135,192.168.1.2/24,1
20201020063136,10.77.1.2/24,9
20201020063137,192.168.1.2/24,-
20201020063139,192.168.1.2/24,5
20201020063140,10.20.30.2/16,5
20201020063141,10.77.1.2/24,29
20201020063142,192.168.1.2/24,-
20201020063143,10.77.1.1/24,5
20201020063145,10.77.1.1/24,-
20201020063146,10.20.30.2/16,2
20201020063148,10.20.30.1/16,-
20201020063150,192.168.1.1/24,-
20201020063151,10.20.30.1/16,6
20201020063152,10.20.30.2/16,-
20201020063154,10.77.1.1/24,-
20201020063155,10.20.30.2/16,-
20201020063156,10.20.30.1/16,8
20201020063157,192.168.1.1/24,1
20201020063159,192.168.1.2/24,8
20201020063200,10.20.30.1/16,12
20201020063201,192.168.1.1/24,48
20201020063202,10.20.30.1/16,4
20201020063203,10.77.1.1/24,3
20201020063205,10.20.30.1/16,-
20201020063207,10.20.30.1/16,6
20201020063208,10.77.1.1/24,38
20201020063209,192.168.1.2/24,8
20201020063210,10.77.1.1/24,22
20201020063211,10.77.1.2/24,9
20201020063212,10.20.30.1/16,7
20201020063213,10.20.30.1/16,-
20201020063214,192.168.1.1/24,11
20201020063216,192.168.1.1/24,17
20201020063217,192.168.1.2/24,8
20201020063218,192.168.1.1/24,4
20201020063219,10.20.30.2/16,36
20201020063220,10.77.1.2/24,1
20201020063221,10.20.30.2/16,7
20201020063222,10.77.1.2/24,-
20201020063224,10.20.30.2/16,-
20201020063226,10.20.30.1/16,15
20201020063227,192.168.1.1/24,-
20201020063228,192.168.1.1/24,5
20201020063230,10.77.1.2/24,8
20201020063231,192.168.1.2/24,23
20201020063232,192.168.1.1/24,-
20201020063233,192.168.1.2/24,5
20201020063234,10.20.30.2/16,13
20201020063235,10.77.1.2/24,13
20201020063236,192.168.1.2/24,4
20201020063238,10.20.30.2/16,2
20201020063240,192.168.1.1/24,-
20201020063242,192.168.1.1/24,31
20201020063243,10.77.1.1/24,-
20201020063244,192.168.1.2/24,38
20201020063245,10.20.30.1/16,5
20201020063247,10.77.1.2/24,36
20201020063248,192.168.1.2/24,9
20201020063249,10.20.30.2/16,1
20201020063250,10.20.30.2/16,17
20201020063251,10.77.1.2/24,9
20201020063253,10.20.30.1/16,7
20201020063254,192.168.1.2/24,-
20201020063255,10.77.1.1/24,4
20201020063257,192.168.1.2/24,7
20201020063258,10.20.30.2/16,2
20201020063259,192.168.1.1/24,4
20201020063300,10.20.30.1/16,40
20201020063301,192.168.1.1/24,70
20201020063303,10.77.1.2/24,7
20201020063304,192.168.1.2/24,2
20201020063305,10.77.1.2/24,9
20201020063306,10.77.1.2/24,77
20201020063308,192.168.1.1/24,-
20201020063309,10.20.30.2/16,2
20201020063310,192.168.1.2/24,-
20201020063311,10.77.1.1/24,6
20201020063312,10.20.30.2/16,-
20201020063314,10.77.1.2/24,8
20201020063315,192.168.1.1/24,-
20201020063316,10.77.1.2/24,2
20201020063317,192.168.1.2/24,6
20201020063318,10.20.30.1/16,9
20201020063319,10.77.1.2/24,30
20201020063320,192.168.1.2/24,6
20201020063321,10.77.1.1/24,9
20201020063322,10.77.1.1/24,9
20201020063324,192.168.1.1/24,-
20201020063325,10.77.1.1/24,9
20201020063326,10.20.30.2/16,-
20201020063327,10.77.1.1/24,-
20201020063328,192.168.1.2/24,-
20201020063330,192.168.1.2/24,12
20201020063332,192.168.1.1/24,9
20201020063334,10.77.1.1/24,6
20201020063335,10.20.30.2/16,4
20201020063336,10.20.30.2/16,74
20201020063337,10.20.30.1/16,3
20201020063339,192.168.1.2/24,-
20201020063340,192.168.1.1/24,8
20201020063341,192.168.1.1/24,-
20201020063342,10.20.30.1/16,5
20201020063344,192.168.1.1/24,-
20201020063345,192.168.1.2/24,8
20201020063346,10.20.30.1/16,10
20201020063347,10.20.30.2/16,6
20201020063348,10.20.30.2/16,46
20201020063350,10.20.30.1/16,5
20201020063352,10.77.1.2/24,-
20201020063353,192.168.1.1/24,9
20201020063355,10.77.1.2/24,4
20201020063356,192.168.1.2/24,2
20201020063357,192.168.1.2/24,2
20201020063359,192.168.1.1/24,7
20201020063400,10.20.30.2/16,7
20201020063401,192.168.1.1/24,8
20201020063402,10.77.1.1/24,6
20201020063404,10.77.1.2/24,29
20201020063405,192.168.1.2/24,8
20201020063406,10.77.1.1/24,9
20201020063408,192.168.1.2/24,8
20201020063409,192.168.1.2/24,65
20201020063410,10.77.1.2/24,2
20201020063411,10.20.30.1/16,2
20201020063413,10.77.1.1/24,4
20201020063414,192.168.1.1/24,82
20201020063415,10.20.30.1/16,4
20201020063416,10.77.1.1/24,1
20201020063417,10.20.30.2/16,1
20201020063419,10.20.30.2/16,4
20201020063420,10.77.1.2/24,2
20201020063421,192.168.1.1/24,6
20201020063422,10.20.30.1/16,18
20201020063423,192.168.1.2/24,-
20201020063424,10.77.1.2/24,9
20201020063425,10.77.1.1/24,-
20201020063426,10.20.30.2/16,5
20201020063427,10.77.1.2/24,11
20201020063428,10.20.30.2/16,-
20201020063429,10.77.1.1/24,1
20201020063430,192.168.1.2/24,67
20201020063431,10.77.1.2/24,5
20201020063432,10.20.30.2/16,57
20201020063433,10.20.30.1/16,-
20201020063434,10.20.30.1/16,77
20201020063435,192.168.1.1/24,5
20201020063436,192.168.1.2/24,-
20201020063438,192.168.1.2/24,9
20201020063439,192.168.1.1/24,5
20201020063440,10.20.30.2/16,6
20201020063441,10.20.30.2/16,-
20201020063442,10.20.30.1/16,36
20201020063443,192.168.1.1/24,6
20201020063444,10.20.30.2/16,8
20201020063445,192.168.1.1/24,-
20201020063446,192.168.1.1/24,4
20201020063447,10.77.1.1/24,6
20201020063448,10.77.1.1/24,9
20201020063449,192.168.1.1/24,13
20201020063450,10.20.30.2/16,-
20201020063452,192.168.1.2/24,7
20201020063453,192.168.1.1/24,25
20201020063454,192.168.1.1/24,9
20201020063455,192.168.1.1/24,1
20201020063456,10.77.1.1/24,-
20201020063458,10.20.30.2/16,6
20201020063500,10.20.30.1/16,31
20201020063501,192.168.1.2/24,-
20201020063502,192.168.1.1/24,42
20201020063503,10.77.1.2/24,-
20201020063504,10.20.30.2/16,-
20201020063505,10.77.1.1/24,11
20201020063506,192.168.1.2/24,-
20201020063507,192.168.1.2/24,8
20201020063508,10.77.1.2/24,6
20201020063509,192.168.1.2/24,4
20201020063510,192.168.1.1/24,6
20201020063512,192.168.1.1/24,7
20201020063514,10.77.1.2/24,4
20201020063515,10.20.30.2/16,3
20201020063516,192.168.1.1/24,93
20201020063518,192.168.1.1/24,50
20201020063519,10.20.30.2/16,1
20201020063520,10.77.1.2/24,5
20201020063522,10.20.30.1/16,42
20201020063523,192.168.1.1/24,-
20201020063524,10.20.30.1/16,7
20201020063525,10.77.1.2/24,-
20201020063526,192.168.1.2/24,10
20201020063527,192.168.1.2/24,-
20201020063528,10.77.1.2/24,2
20201020063529,192.168.1.2/24,-
20201020063530,192.168.1.2/24,-
20201020063531,10.20.30.1/16,2
20201020063532,10.20.30.1/16,2
20201020063533,192.168.1.1/24,9
20201020063535,10.77.1.1/24,8
20201020063536,10.20.30.1/16,-
20201020063538,10.77.1.1/24,14
20201020063539,10.77.1.1/24,-
20201020063540,192.168.1.1/24,8
20201020063542,10.77.1.2/24,7
20201020063543,10.77.1.1/24,-
20201020063544,10.20.30.1/16,9
20201020063545,10.77.1.1/24,-
20201020063546,192.168.1.1/24,14
20201020063548,10.20.30.1/16,8
20201020063549,10.77.1.2/24,3
20201020063550,10.20.30.1/16,-
20201020063552,192.168.1.1/24,7
20201020063554,10.77.1.2/24,9
20201020063555,10.20.30.2/16,5
20201020063556,10.77.1.2/24,-
20201020063557,10.77.1.2/24,7
20201020063558,10.20.30.2/16,-
20201020063559,192.168.1.2/24,-
20201020063600,192.168.1.2/24,71
20201020063601,10.77.1.2/24,-
20201020063602,192.168.1.2/24,10
20201020063603,10.77.1.1/24,5
20201020063604,10.77.1.1/24,9
20201020063606,10.20.30.1/16,7
20201020063607,192.168.1.1/24,8
20201020063609,192.168.1.1/24,-
20201020063610,10.77.1.1/24,2
20201020063612,10.20.30.2/16,30
20201020063613,192.168.1.1/24,6
20201020063614,10.77.1.1/24,7
20201020063616,10.20.30.2/16,4
20201020063617,192.168.1.1/24,3
20201020063618,10.77.1.1/24,4
20201020063619,10.20.30.1/16,4
20201020063620,10.77.1.2/24,9
20201020063621,10.77.1.2/24,-
20201020063622,10.20.30.2/16,4
20201020063623,10.20.30.2/16,7
20201020063624,10.77.1.1/24,-
20201020063625,10.20.30.1/16,2
20201020063626,192.168.1.1/24,3
20201020063628,10.20.30.2/16,10
20201020063630,10.77.1.1/24,-
20201020063632,10.77.1.1/24,6
20201020063633,10.20.30.2/16,4
20201020063634,10.77.1.2/24,-
20201020063635,192.168.1.1/24,3
20201020063636,10.77.1.2/24,-
20201020063637,192.168.1.1/24,-
20201020063638,192.168.1.1/24,5
20201020063639,192.168.1.2/24,6
20201020063640,192.168.1.2/24,6
20201020063641,10.77.1.1/24,32
20201020063642,10.77.1.2/24,-
20201020063643,10.77.1.2/24,12
20201020063644,192.168.1.2/24,16
20201020063645,10.20.30.1/16,3
20201020063646,10.77.1.1/24,1
20201020063647,192.168.1.2/24,-
20201020063648,10.77.1.2/24,-
20201020063649,192.168.1.2/24,-
20201020063650,192.168.1.2/24,18
20201020063651,10.20.30.1/16,3
20201020063652,10.77.1.1/24,1
20201020063653,10.77.1.2/24,3
20201020063654,192.168.1.1/24,9
20201020063655,10.20.30.1/16,1
20201020063656,10.77.1.1/24,7
20201020063657,10.20.30.1/16,15
20201020063659,10.20.30.1/16,30
20201020063700,10.77.1.2/24,3
20201020063701,10.77.1.2/24,1
20201020063702,10.20.30.2/16,40
20201020063704,10.20.30.1/16,-
20201020063705,10.20.30.2/16,59
20201020063706,10.77.1.1/24,-
20201020063707,192.168.1.1/24,7
20201020063708,10.77.1.2/24,12
20201020063709,192.168.1.1/24,8
20201020063710,10.77.1.2/24,45
20201020063711,192.168.1.2/24,3
20201020063712,192.168.1.2/24,1
20201020063713,192.168.1.1/24,51
20201020063714,10.77.1.2/24,7
20201020063715,10.20.30.2/16,1
20201020063716,192.168.1.1/24,-
20201020063717,192.168.1.1/24,-
20201020063718,10.20.30.1/16,88
20201020063720,10.77.1.2/24,6
20201020063721,10.20.30.1/16,2
20201020063723,10.20.30.2/16,2
20201020063725,10.20.30.2/16,51
20201020063727,192.168.1.1/24,3
20201020063728,192.168.1.2/24,9
20201020063729,10.20.30.2/16,-
20201020063730,192.168.1.1/24,40
20201020063732,10.77.1.1/24,75
20201020063734,10.20.30.2/16,7
20201020063736,10.20.30.2/16,6
20201020063737,10.20.30.1/16,37
20201020063738,192.168.1.1/24,2
20201020063739,192.168.1.1/24,-
20201020063740,192.168.1.1/24,-
20201020063741,192.168.1.1/24,5
20201020063742,192.168.1.1/24,2
20201020063743,192.168.1.1/24,35
20201020063744,10.77.1.1/24,30
20201020063746,192.168.1.1/24,-
20201020063747,192.168.1.2/24,8
20201020063749,192.168.1.1/24,9
20201020063750,192.168.1.2/24,7
20201020063751,192.168.1.2/24,75
20201020063752,10.77.1.2/24,-
20201020063754,10.77.1.2/24,-
20201020063755,10.77.1.2/24,12
20201020063756,192.168.1.2/24,82
20201020063757,10.77.1.2/24,2
20201020063758,10.20.30.2/16,75
20201020063759,192.168.1.2/24,9
20201020063800,192.168.1.2/24,8
20201020063802,10.20.30.2/16,1
20201020063803,10.77.1.1/24,38
20201020063804,10.77.1.2/24,-
20201020063805,10.77.1.1/24,55
20201020063806,192.168.1.1/24,95
20201020063808,192.168.1.2/24,6
20201020063809,192.168.1.2/24,1
20201020063810,10.20.30.2/16,4
20201020063812,10.20.30.1/16,5
20201020063813,192.168.1.1/24,-
20201020063814,10.77.1.2/24,-
20201020063815,192.168.1.1/24,7
20201020063816,192.168.1.1/24,8
20201020063817,192.168.1.2/24,-
20201020063819,10.20.30.1/16,-
20201020063820,192.168.1.1/24,2
20201020063821,192.168.1.2/24,5
20201020063822,192.168.1.1/24,4
20201020063823,10.20.30.1/16,4
20201020063825,10.20.30.1/16,4
20201020063827,192.168.1.1/24,8
20201020063828,10.77.1.1/24,1
20201020063829,10.77.1.1/24,5
20201020063830,10.77.1.1/24,8
20201020063831,10.20.30.1/16,1
20201020063832,10.20.30.1/16,4
20201020063833,10.20.30.2/16,-
20201020063835,10.20.30.1/16,74
20201020063836,10.77.1.1/24,8
20201020063837,192.168.1.2/24,4
20201020063838,10.20.30.1/16,3
20201020063839,10.20.30.2/16,-
20201020063841,10.77.1.1/24,1
20201020063842,10.20.30.2/16,-
20201020063844,10.77.1.1/24,80
20201020063845,192.168.1.2/24,-
20201020063846,192.168.1.2/24,-
20201020063847,10.20.30.2/16,44
20201020063848,10.77.1.1/24,8
20201020063849,192.168.1.1/24,8
20201020063850,10.20.30.2/16,82
20201020063851,10.77.1.1/24,5
20201020063852,192.168.1.2/24,-
20201020063853,192.168.1.1/24,28
20201020063854,192.168.1.2/24,8
20201020063856,10.77.1.2/24,85
20201020063858,10.77.1.1/24,-
20201020063859,10.20.30.2/16,-
20201020063900,10.77.1.1/24,-
20201020063902,10.77.1.1/24,-
20201020063904,192.168.1.2/24,3
20201020063905,10.77.1.2/24,69
20201020063907,192.168.1.2/24,5
20201020063908,10.20.30.1/16,9
20201020063910,192.168.1.1/24,1
20201020063911,10.77.1.1/24,-
20201020063912,10.77.1.2/24,1
20201020063913,10.77.1.2/24,1
20201020063914,10.20.30.2/16,87
20201020063915,10.77.1.1/24,-
20201020063916,10.20.30.1/16,6
20201020063917,10.77.1.1/24,-
20201020063918,10.20.30.2/16,-
20201020063919,192.168.1.2/24,-
20201020063921,10.20.30.2/16,5
20201020063922,10.20.30.1/16,8
20201020063923,192.168.1.2/24,-
20201020063925,10.77.1.2/24,84
20201020063926,10.77.1.2/24,-
20201020063927,10.20.30.1/16,-
20201020063929,10.77.1.1/24,6
20201020063930,10.20.30.1/16,-
20201020063932,192.168.1.2/24,9
20201020063933,192.168.1.1/24,-
20201020063935,10.77.1.2/24,19
20201020063936,10.20.30.1/16,-
20201020063937,10.77.1.2/24,2
20201020063938,10.77.1.1/24,9
20201020063940,192.168.1.1/24,1
20201020063942,10.77.1.2/24,9
20201020063943,10.77.1.2/24,11
20201020063944,10.20.30.1/16,9
20201020063945,10.77.1.1/24,4
20201020063946,10.20.30.2/16,57
20201020063947,10.77.1.2/24,2
20201020063948,192.168.1.2/24,-
20201020063949,10.20.30.2/16,4
20201020063950,192.168.1.1/24,23
20201020063951,10.77.1.2/24,2
20201020063952,192.168.1.1/24,-
20201020063953,10.77.1.1/24,41
20201020063955,10.20.30.2/16,4
20201020063956,10.20.30.2/16,9
20201020063957,10.20.30.2/16,4
20201020063958,192.168.1.2/24,5
20201020063959,10.77.1.1/24,7
20201020064001,192.168.1.2/24,-
20201020064003,10.77.1.1/24,4
20201020064005,192.168.1.2/24,6
20201020064006,192.168.1.1/24,-
20201020064007,10.77.1.1/24,8
20201020064008,10.77.1.2/24,-
20201020064009,10.20.30.2/16,8
20201020064010,10.77.1.2/24,8
20201020064011,192.168.1.1/24,52
20201020064012,10.77.1.1/24,6
20201020064013,192.168.1.1/24,-
20201020064014,10.77.1.1/24,4
20201020064015,192.168.1.2/24,4
20201020064016,10.77.1.2/24,-
20201020064017,10.77.1.2/24,-
20201020064019,10.20.30.1/16,9
20201020064020,10.77.1.1/24,1
20201020064021,10.77.1.2/24,3
20201020064022,192.168.1.1/24,9
20201020064024,192.168.1.2/24,16
20201020064025,192.168.1.2/24,13
20201020064026,10.77.1.2/24,4
20201020064027,192.168.1.2/24,1
20201020064028,10.77.1.1/24,4
20201020064029,192.168.1.2/24,3
20201020064030,10.77.1.1/24,7
20201020064031,192.168.1.1/24,6
20201020064033,10.20.30.2/16,3
20201020064034,10.77.1.1/24,4
20201020064035,10.77.1.2/24,-
20201020064037,192.168.1.1/24,3
20201020064038,10.20.30.2/16,4
20201020064039,10.77.1.2/24,5
20201020064040,192.168.1.2/24,25
20201020064041,10.77.1.2/24,-
20201020064042,10.77.1.2/24,35
20201020064043,10.20.30.2/16,-
20201020064044,10.20.30.2/16,7
20201020064046,10.20.30.1/16,5
20201020064048,192.168.1.1/24,2
20201020064049,10.20.30.2/16,-
20201020064050,10.77.1.2/24,6
20201020064051,10.77.1.1/24,-
20201020064052,10.20.30.2/16,9
20201020064053,10.77.1.2/24,3
20201020064055,10.77.1.1/24,6
20201020064057,10.77.1.1/24,86
20201020064058,10.77.1.2/24,27
20201020064100,192.168.1.2/24,9
20201020064101,10.77.1.1/24,4
20201020064103,192.168.1.2/24,47
20201020064104,10.20.30.2/16,-
20201020064106,192.168.1.1/24,7
20201020064108,10.77.1.2/24,-
20201020064109,10.77.1.1/24,9
20201020064111,192.168.1.1/24,7
20201020064112,10.77.1.2/24,2
20201020064113,10.20.30.2/16,-
20201020064114,10.77.1.2/24,5
20201020064115,192.168.1.2/24,8
20201020064117,192.168.1.2/24,22
20201020064118,10.77.1.1/24,-
20201020064119,10.20.30.2/16,3
20201020064121,192.168.1.2/24,3
20201020064122,10.20.30.1/16,9
20201020064123,192.168.1.1/24,20
20201020064125,10.77.1.1/24,7
20201020064126,10.20.30.2/16,-
20201020064127,10.77.1.1/24,-
20201020064128,10.20.30.1/16,3
20201020064129,192.168.1.1/24,9
20201020064130,10.20.30.2/16,22
20201020064131,10.20.30.2/16,4
20201020064132,10.77.1.2/24,4
20201020064133,10.77.1.2/24,-
20201020064134,10.20.30.1/16,4
20201020064135,10.77.1.2/24,28
20201020064136,192.168.1.2/24,4
20201020064137,10.20.30.2/16,9
20201020064138,192.168.1.2/24,47
20201020064139,10.77.1.2/24,-
20201020064140,10.77.1.1/24,77
20201020064141,10.20.30.2/16,66
20201020064143,10.77.1.2/24,1
20201020064144,10.77.1.1/24,2
20201020064145,192.168.1.2/24,3
20201020064146,10.20.30.2/16,-
20201020064147,10.20.30.1/16,6
20201020064148,192.168.1.1/24,3
20201020064149,10.77.1.2/24,-
20201020064150,192.168.1.1/24,12
20201020064151,192.168.1.1/24,45
20201020064152,10.20.30.2/16,-
20201020064153,10.77.1.1/24,-
20201020064154,10.20.30.2/16,7
20201020064155,192.168.1.1/24,9
20201020064157,192.168.1.1/24,98
20201020064159,192.168.1.1/24,-
20201020064200,10.77.1.2/24,66
20201020064201,10.77.1.1/24,2
20201020064202,10.20.30.1/16,8
20201020064203,192.168.1.2/24,8
20201020064204,10.20.30.1/16,-
20201020064205,192.168.1.1/24,35
20201020064206,10.20.30.1/16,-
20201020064207,192.168.1.1/24,7
20201020064208,10.77.1.2/24,1
20201020064209,10.20.30.1/16,4
20201020064210,192.168.1.2/24,1
20201020064211,10.20.30.1/16,12
20201020064212,10.77.1.2/24,9
20201020064213,10.77.1.2/24,79
20201020064214,10.20.30.2/16,71
20201020064215,192.168.1.2/24,8
20201020064216,192.168.1.1/24,2
20201020064217,192.168.1.2/24,-
20201020064219,192.168.1.1/24,5
20201020064220,10.77.1.2/24,-
20201020064221,10.20.30.2/16,8
20201020064222,10.20.30.2/16,1
20201020064223,10.20.30.1/16,-
20201020064224,10.20.30.2/16,6
20201020064225,192.168.1.1/24,-
20201020064226,192.168.1.1/24,74
20201020064227,10.77.1.1/24,-
20201020064229,192.168.1.2/24,2
20201020064230,192.168.1.2/24,-
20201020064231,192.168.1.2/24,5
20201020064233,192.168.1.2/24,9
20201020064234,192.168.1.2/24,-
20201020064236,10.20.30.1/16,-
20201020064237,10.20.30.1/16,3
20201020064238,10.20.30.2/16,6
20201020064240,10.20.30.1/16,4
20201020064242,10.77.1.1/24,8
20201020064243,10.20.30.2/16,4
20201020064244,192.168.1.1/24,-
20201020064245,10.20.30.1/16,2
20201020064246,192.168.1.1/24,7
20201020064247,192.168.1.1/24,3
20201020064249,10.20.30.1/16,8
20201020064250,192.168.1.1/24,9
20201020064251,192.168.1.1/24,9
20201020064252,10.77.1.1/24,4
20201020064253,10.77.1.2/24,-
20201020064254,10.77.1.1/24,-
20201020064255,10.77.1.2/24,4
20201020064257,10.77.1.2/24,3
20201020064258,192.168.1.1/24,5
20201020064259,192.168.1.1/24,8
20201020064300,10.77.1.2/24,6
20201020064301,192.168.1.2/24,1
20201020064302,10.20.30.1/16,2
20201020064303,10.77.1.2/24,4
20201020064304,192.168.1.2/24,5
20201020064305,10.20.30.2/16,4
20201020064306,10.20.30.1/16,13
20201020064307,10.20.30.1/16,9
20201020064308,192.168.1.2/24,7
20201020064309,10.20.30.1/16,-
20201020064310,10.20.30.1/16,77
20201020064311,10.77.1.1/24,31
20201020064312,10.77.1.1/24,1
20201020064313,192.168.1.2/24,-
20201020064314,192.168.1.2/24,98
20201020064315,10.20.30.2/16,-
20201020064316,192.168.1.2/24,7
20201020064318,192.168.1.1/24,-
20201020064320,192.168.1.1/24,11
20201020064321,192.168.1.1/24,3
20201020064322,10.77.1.2/24,6
20201020064323,10.20.30.1/16,-
20201020064324,10.20.30.1/16,44
20201020064326,10.77.1.1/24,59
20201020064327,192.168.1.2/24,-
20201020064328,10.77.1.1/24,68
20201020064330,10.77.1.2/24,13
20201020064332,10.20.30.1/16,4
20201020064333,10.77.1.1/24,1
20201020064334,10.20.30.1/16,9
20201020064335,10.20.30.1/16,5
20201020064336,192.168.1.2/24,-
20201020064337,10.77.1.2/24,6
20201020064339,10.77.1.2/24,-
20201020064340,192.168.1.2/24,-
20201020064342,10.77.1.1/24,5
20201020064343,10.77.1.1/24,8
20201020064345,10.77.1.1/24,88
20201020064346,192.168.1.1/24,6
20201020064347,10.77.1.2/24,7
20201020064348,10.20.30.1/16,8
20201020064349,10.77.1.2/24,5
20201020064351,192.168.1.2/24,75
20201020064352,10.20.30.1/16,9
20201020064354,10.77.1.2/24,-
20201020064356,192.168.1.1/24,6
20201020064357,192.168.1.1/24,6
20201020064358,10.20.30.2/16,-
20201020064359,10.77.1.2/24,23
20201020064400,192.168.1.2/24,-
20201020064401,10.20.30.2/16,-
20201020064402,10.77.1.1/24,96
20201020064403,10.20.30.2/16,4
20201020064404,192.168.1.1/24,-
20201020064405,10.20.30.1/16,5
20201020064407,10.20.30.1/16,33
20201020064408,192.168.1.1/24,-
20201020064409,192.168.1.2/24,1
20201020064411,10.77.1.2/24,6
20201020064412,192.168.1.2/24,5
20201020064413,10.77.1.1/24,10
20201020064415,192.168.1.2/24,18
20201020064416,10.77.1.1/24,30
20201020064417,10.20.30.1/16,1
20201020064418,192.168.1.2/24,18
20201020064419,10.20.30.1/16,-
20201020064420,10.77.1.1/24,-
20201020064421,10.77.1.1/24,7
20201020064422,10.77.1.2/24,-
20201020064423,10.77.1.1/24,7
20201020064424,10.20.30.2/16,75
20201020064425,10.20.30.2/16,-
20201020064426,10.77.1.2/24,1
20201020064427,10.20.30.1/16,94
20201020064428,10.20.30.2/16,-
20201020064430,10.20.30.2/16,2
20201020064431,192.168.1.2/24,5
20201020064433,10.20.30.1/16,7
20201020064434,192.168.1.2/24,5
20201020064435,10.77.1.1/24,-
20201020064436,10.20.30.2/16,38
20201020064437,10.20.30.1/16,16
20201020064438,10.20.30.2/16,-
20201020064439,192.168.1.1/24,30
20201020064440,10.20.30.2/16,33
20201020064441,10.20.30.2/16,49
20201020064442,10.77.1.1/24,1
20201020064443,10.20.30.2/16,13
20201020064444,10.77.1.1/24,-
20201020064445,10.20.30.2/16,-
20201020064447,10.20.30.2/16,-
20201020064448,10.77.1.1/24,8
20201020064449,10.77.1.2/24,3
20201020064450,10.77.1.2/24,-
20201020064452,10.77.1.2/24,-
20201020064453,10.77.1.1/24,9
20201020064454,10.77.1.2/24,-
20201020064455,192.168.1.2/24,52
20201020064457,10.77.1.2/24,6
20201020064458,192.168.1.1/24,7
20201020064459,192.168.1.1/24,-
20201020064500,10.77.1.1/24,2
20201020064502,10.77.1.1/24,8
20201020064503,10.77.1.1/24,4
20201020064505,192.168.1.2/24,-
20201020064507,10.20.30.1/16,79
20201020064508,10.77.1.2/24,8
20201020064509,10.77.1.1/24,2
20201020064510,192.168.1.2/24,45
20201020064511,10.20.30.1/16,51
20201020064512,192.168.1.1/24,3
20201020064513,192.168.1.2/24,8
20201020064515,192.168.1.1/24,3
20201020064516,192.168.1.2/24,-
20201020064517,10.77.1.2/24,-
20201020064518,10.77.1.1/24,8
20201020064519,192.168.1.1/24,52
20201020064520,10.20.30.1/16,-
20201020064521,192.168.1.2/24,8
20201020064522,10.20.30.2/16,5
20201020064523,10.20.30.2/16,9
20201020064524,10.20.30.2/16,20
20201020064525,10.20.30.2/16,3
20201020064526,10.20.30.1/16,3
20201020064527,10.77.1.1/24,6
20201020064528,192.168.1.1/24,9
20201020064529,10.20.30.1/16,-
20201020064530,10.77.1.1/24,-
20201020064531,10.77.1.2/24,44
20201020064532,192.168.1.2/24,14
20201020064533,10.77.1.1/24,4
20201020064534,10.20.30.2/16,-
20201020064536,192.168.1.2/24,-
20201020064537,10.20.30.2/16,8
20201020064539,10.77.1.2/24,2
20201020064540,10.20.30.2/16,-
20201020064541,192.168.1.2/24,10
20201020064542,10.77.1.1/24,-
20201020064543,192.168.1.2/24,-
20201020064544,10.20.30.2/16,70
20201020064546,10.20.30.2/16,1
20201020064547,10.20.30.1/16,2
20201020064549,192.168.1.1/24,5
20201020064550,10.77.1.1/24,65
20201020064552,192.168.1.1/24,2
20201020064553,10.77.1.2/24,70
20201020064554,192.168.1.1/24,11
20201020064556,192.168.1.1/24,9
20201020064558,10.77.1.2/24,-
20201020064559,10.20.30.2/16,-
20201020064601,10.77.1.1/24,75
20201020064603,192.168.1.1/24,99
20201020064604,10.20.30.2/16,-
20201020064605,192.168.1.2/24,-
20201020064607,10.77.1.2/24,5
20201020064608,10.77.1.2/24,6
20201020064609,10.77.1.2/24,1
20201020064610,192.168.1.1/24,11
20201020064612,10.77.1.2/24,1
20201020064613,10.77.1.1/24,4
20201020064614,10.77.1.1/24,7
20201020064615,10.77.1.2/24,9
20201020064616,10.77.1.1/24,78
20201020064617,192.168.1.2/24,32
20201020064618,10.20.30.1/16,-
20201020064619,192.168.1.1/24,3
20201020064620,10.77.1.2/24,1
20201020064622,10.77.1.1/24,63
20201020064623,192.168.1.1/24,7
20201020064624,10.77.1.1/24,1
20201020064625,10.20.30.2/16,57
20201020064626,192.168.1.1/24,4
20201020064627,10.20.30.1/16,-
20201020064628,10.77.1.2/24,-
20201020064629,192.168.1.1/24,-
20201020064630,10.77.1.2/24,-
20201020064632,192.168.1.1/24,-
20201020064633,192.168.1.2/24,59
20201020064634,10.77.1.1/24,-
20201020064636,10.77.1.1/24,14
20201020064637,192.168.1.1/24,5
20201020064639,10.77.1.2/24,5
20201020064641,10.20.30.2/16,-
20201020064642,10.20.30.2/16,9
20201020064643,192.168.1.2/24,-
20201020064644,10.77.1.1/24,87
20201020064646,192.168.1.1/24,6
20201020064648,10.77.1.2/24,-
20201020064649,10.77.1.2/24,8
20201020064650,10.20.30.1/16,-
20201020064652,192.168.1.1/24,-
20201020064654,10.20.30.2/16,16
20201020064656,10.77.1.2/24,-
20201020064658,10.77.1.2/24,40
20201020064700,192.168.1.1/24,8
20201020064701,10.77.1.1/24,-
20201020064703,192.168.1.2/24,4
20201020064704,192.168.1.1/24,76
20201020064705,192.168.1.1/24,22
20201020064706,192.168.1.2/24,96
20201020064707,10.20.30.2/16,64
20201020064708,192.168.1.2/24,15
20201020064709,10.20.30.2/16,1
20201020064710,10.20.30.1/16,-
20201020064711,10.20.30.2/16,2
20201020064712,10.77.1.1/24,99
20201020064714,10.20.30.2/16,9
20201020064715,10.20.30.1/16,86
20201020064717,10.20.30.2/16,-
20201020064719,192.168.1.2/24,6
20201020064721,10.20.30.2/16,21
20201020064722,10.77.1.2/24,4
20201020064723,192.168.1.1/24,-
20201020064725,192.168.1.1/24,39
20201020064726,192.168.1.1/24,15
20201020064727,10.77.1.1/24,7
20201020064728,192.168.1.1/24,78
20201020064729,10.20.30.1/16,5
20201020064731,10.77.1.2/24,7
20201020064732,10.77.1.2/24,5
20201020064734,192.168.1.2/24,9
20201020064736,192.168.1.2/24,9
20201020064737,10.20.30.1/16,-
20201020064739,10.20.30.2/16,3
20201020064740,10.20.30.2/16,8
20201020064742,10.20.30.1/16,4
20201020064744,10.20.30.2/16,4
20201020064745,192.168.1.1/24,3
20201020064746,192.168.1.2/24,4
20201020064747,10.77.1.2/24,68
20201020064748,10.20.30.2/16,-
20201020064749,10.20.30.2/16,8
20201020064750,10.20.30.1/16,8
20201020064751,10.20.30.2/16,-
20201020064752,10.77.1.1/24,4
20201020064754,10.77.1.1/24,7
20201020064756,192.168.1.2/24,87
20201020064757,192.168.1.2/24,-
20201020064758,10.77.1.2/24,32
20201020064759,10.20.30.1/16,63
20201020064801,10.20.30.2/16,2
20201020064802,192.168.1.2/24,-
20201020064803,10.77.1.1/24,68
20201020064804,10.20.30.1/16,2
20201020064806,10.20.30.2/16,4
20201020064807,10.20.30.1/16,6
20201020064809,192.168.1.1/24,-
20201020064810,10.20.30.2/16,75
20201020064811,192.168.1.2/24,7
20201020064813,10.77.1.1/24,4
20201020064814,192.168.1.1/24,10
20201020064815,10.77.1.2/24,2
20201020064816,10.77.1.1/24,3
20201020064817,192.168.1.1/24,5
20201020064818,10.20.30.2/16,10
20201020064819,10.77.1.2/24,-
20201020064820,10.20.30.1/16,83
20201020064822,10.20.30.1/16,74
20201020064823,10.20.30.2/16,62
20201020064824,10.77.1.2/24,-
20201020064825,10.77.1.1/24,28
20201020064826,10.77.1.2/24,-
20201020064827,10.77.1.2/24,3
20201020064828,192.168.1.2/24,3
20201020064829,192.168.1.1/24,-
20201020064830,10.77.1.1/24,2
20201020064832,10.20.30.1/16,-
20201020064833,192.168.1.1/24,1
20201020064835,10.20.30.1/16,-
20201020064836,10.20.30.2/16,4
20201020064837,192.168.1.2/24,8
20201020064839,10.20.30.2/16,6
20201020064841,10.77.1.2/24,8
20201020064842,192.168.1.1/24,6
20201020064843,10.20.30.1/16,79
20201020064844,192.168.1.1/24,6
20201020064845,192.168.1.1/24,9
20201020064847,192.168.1.1/24,8
20201020064848,10.77.1.1/24,81
20201020064849,192.168.1.2/24,-
20201020064850,192.168.1.2/24,2
20201020064852,10.77.1.1/24,6
20201020064853,10.20.30.2/16,8
20201020064854,10.20.30.2/16,-
20201020064855,10.20.30.2/16,76
20201020064856,192.168.1.1/24,15
20201020064857,192.168.1.2/24,4
20201020064858,10.77.1.1/24,92
20201020064859,10.77.1.1/24,2
20201020064901,10.20.30.1/16,23
20201020064902,10.77.1.1/24,-
20201020064903,10.20.30.1/16,17
20201020064905,10.20.30.1/16,71
20201020064907,192.168.1.1/24,57
20201020064908,10.20.30.2/16,32
20201020064910,10.20.30.1/16,-
20201020064912,10.20.30.2/16,1
20201020064914,192.168.1.2/24,9
20201020064915,10.20.30.1/16,5
20201020064916,192.168.1.1/24,3
20201020064917,10.77.1.1/24,9
20201020064918,10.20.30.1/16,3
20201020064919,10.77.1.1/24,-
20201020064920,10.77.1.1/24,4
20201020064922,10.77.1.1/24,5
20201020064923,10.20.30.1/16,66
20201020064924,10.20.30.1/16,-
20201020064926,10.20.30.1/16,9
20201020064928,10.20.30.1/16,6
20201020064929,10.20.30.1/16,4
20201020064930,10.77.1.1/24,4
20201020064931,10.20.30.2/16,9
20201020064932,10.77.1.1/24,19
20201020064933,10.20.30.1/16,-
20201020064934,10.77.1.1/24,9
20201020064935,192.168.1.1/24,1
20201020064936,10.77.1.1/24,4
20201020064937,192.168.1.1/24,7
20201020064938,10.77.1.2/24,-
20201020064939,10.20.30.1/16,7
20201020064940,10.20.30.1/16,-
20201020064941,10.20.30.2/16,8
20201020064942,10.77.1.1/24,-
20201020064944,10.20.30.2/16,9
20201020064946,192.168.1.2/24,2
20201020064947,192.168.1.2/24,-
20201020064948,10.20.30.2/16,-
20201020064949,10.20.30.1/16,52
20201020064950,192.168.1.2/24,16
20201020064951,10.77.1.1/24,80
20201020064952,10.20.30.2/16,-
20201020064954,192.168.1.2/24,44
20201020064955,10.77.1.2/24,-
20201020064956,10.77.1.1/24,9
20201020064957,192.168.1.1/24,3
20201020064958,10.20.30.1/16,2
20201020065000,10.77.1.2/24,4
20201020065001,192.168.1.1/24,-
20201020065002,10.20.30.2/16,14
20201020065003,192.168.1.2/24,2
20201020065004,10.77.1.1/24,4
20201020065005,192.168.1.2/24,4
20201020065007,192.168.1.1/24,4
20201020065008,10.20.30.1/16,25
20201020065009,192.168.1.1/24,-
20201020065011,192.168.1.2/24,5
20201020065012,10.77.1.2/24,-
20201020065013,192.168.1.2/24,3
20201020065014,10.77.1.2/24,48
20201020065015,10.20.30.2/16,28
20201020065016,10.77.1.1/24,1
20201020065017,10.77.1.1/24,-
20201020065018,192.168.1.2/24,10
20201020065019,10.77.1.1/24,52
20201020065020,10.20.30.1/16,-
20201020065021,192.168.1.2/24,1
20201020065023,10.77.1.2/24,3
20201020065024,192.168.1.2/24,1
20201020065025,192.168.1.1/24,-
20201020065026,10.20.30.1/16,-
20201020065028,192.168.1.1/24,-
20201020065029,192.168.1.2/24,-
20201020065030,10.20.30.2/16,-
20201020065031,10.77.1.1/24,9
20201020065032,10.20.30.1/16,8
20201020065033,10.77.1.1/24,4
20201020065035,192.168.1.2/24,-
20201020065036,192.168.1.1/24,-
20201020065038,10.20.30.1/16,-
20201020065039,192.168.1.1/24,5
20201020065040,192.168.1.1/24,-
20201020065041,10.77.1.2/24,19
20201020065042,10.20.30.2/16,9
20201020065044,10.20.30.2/16,9
20201020065046,10.77.1.1/24,6
20201020065047,10.20.30.1/16,-
20201020065048,192.168.1.1/24,35
20201020065049,10.77.1.1/24,4
20201020065050,10.77.1.1/24,6
20201020065051,10.77.1.1/24,-
20201020065052,10.20.30.2/16,3
20201020065053,192.168.1.1/24,8
20201020065054,10.20.30.2/16,-
20201020065055,10.77.1.1/24,-
20201020065056,192.168.1.1/24,9
20201020065057,192.168.1.1/24,-
20201020065058,10.77.1.1/24,84
20201020065100,192.168.1.1/24,4
20201020065101,10.20.30.1/16,4
20201020065102,192.168.1.1/24,3
20201020065104,192.168.1.1/24,2
20201020065105,10.77.1.2/24,7
20201020065106,10.77.1.1/24,46
20201020065107,10.77.1.1/24,8
20201020065108,10.20.30.1/16,5
20201020065109,10.20.30.1/16,31
20201020065111,192.168.1.1/24,-
20201020065112,192.168.1.2/24,3
20201020065113,10.77.1.2/24,6
20201020065114,10.77.1.2/24,-
20201020065116,192.168.1.1/24,4
20201020065117,10.77.1.2/24,7
20201020065119,10.20.30.2/16,2
20201020065120,10.77.1.2/24,-
20201020065121,192.168.1.2/24,12
20201020065122,10.77.1.2/24,7
20201020065123,10.77.1.2/24,7
20201020065124,10.20.30.1/16,9
20201020065125,10.20.30.2/16,2
20201020065127,192.168.1.2/24,8
20201020065128,10.20.30.1/16,1
20201020065129,192.168.1.2/24,6
20201020065130,192.168.1.2/24,4
20201020065131,192.168.1.1/24,4
20201020065133,192.168.1.1/24,6
20201020065134,10.20.30.2/16,65
20201020065135,10.77.1.1/24,15
20201020065136,10.20.30.2/16,-
20201020065137,10.77.1.1/24,0
20201020065138,10.77.1.2/24,1
20201020065139,192.168.1.2/24,8
20201020065141,10.77.1.2/24,3
20201020065143,10.20.30.2/16,8
20201020065144,192.168.1.1/24,1
20201020065146,10.77.1.2/24,7
20201020065147,10.20.30.1/16,5
20201020065148,10.77.1.2/24,-
20201020065149,10.77.1.2/24,82
20201020065150,10.77.1.1/24,5
20201020065151,10.77.1.1/24,59
20201020065152,192.168.1.1/24,70
20201020065154,10.77.1.1/24,-
20201020065155,10.77.1.2/24,9
20201020065156,10.20.30.1/16,-
20201020065157,192.168.1.2/24,8
20201020065158,10.77.1.2/24,-
20201020065200,10.77.1.2/24,1
20201020065201,10.20.30.2/16,7
20201020065202,10.77.1.1/24,1
20201020065203,10.20.30.2/16,4
20201020065205,10.77.1.2/24,6
20201020065206,10.20.30.2/16,6
20201020065207,192.168.1.2/24,-
20201020065209,192.168.1.2/24,6
20201020065210,10.20.30.2/16,-
20201020065211,10.20.30.1/16,3
20201020065212,10.77.1.2/24,5
20201020065214,192.168.1.2/24,37
20201020065215,10.77.1.1/24,53
20201020065217,10.77.1.1/24,-
20201020065219,192.168.1.2/24,8
20201020065220,10.20.30.1/16,3
20201020065222,10.77.1.2/24,9
20201020065223,192.168.1.1/24,-
20201020065224,10.77.1.2/24,-
20201020065225,10.77.1.1/24,-
20201020065227,192.168.1.1/24,30
20201020065228,10.20.30.2/16,8
20201020065229,192.168.1.2/24,9
20201020065230,10.20.30.2/16,3
20201020065231,10.77.1.2/24,19
20201020065232,192.168.1.1/24,2
20201020065233,10.77.1.1/24,-
20201020065234,192.168.1.2/24,9
20201020065235,192.168.1.1/24,-
20201020065236,10.20.30.1/16,77
20201020065237,10.20.30.2/16,9
20201020065238,10.20.30.1/16,3
20201020065239,10.77.1.1/24,-
20201020065240,192.168.1.2/24,3
20201020065242,10.77.1.1/24,6
20201020065243,10.77.1.2/24,5
20201020065244,10.77.1.1/24,2
20201020065245,10.20.30.1/16,7
20201020065246,10.77.1.1/24,9
20201020065247,192.168.1.2/24,22
20201020065248,10.77.1.2/24,16
20201020065249,192.168.1.1/24,-
20201020065251,192.168.1.1/24,-
20201020065252,10.77.1.1/24,-
20201020065253,192.168.1.1/24,43
20201020065254,10.20.30.1/16,6
20201020065255,10.77.1.2/24,-
20201020065256,10.20.30.2/16,-
20201020065257,10.20.30.1/16,5
20201020065259,192.168.1.1/24,62
20201020065300,10.20.30.1/16,16
20201020065301,10.77.1.1/24,-
20201020065302,10.77.1.1/24,7
20201020065304,10.20.30.2/16,59
20201020065305,10.20.30.2/16,-
20201020065306,192.168.1.2/24,3
20201020065307,10.20.30.1/16,-
20201020065308,192.168.1.1/24,8
20201020065309,10.77.1.1/24,96
20201020065310,10.20.30.2/16,1
20201020065311,10.20.30.1/16,-
20201020065312,10.20.30.2/16,8
20201020065313,192.168.1.2/24,47
20201020065315,10.77.1.1/24,4
20201020065316,10.77.1.1/24,-
20201020065318,192.168.1.2/24,3
20201020065319,10.77.1.2/24,70
20201020065320,192.168.1.1/24,73
20201020065321,10.77.1.2/24,82
20201020065322,192.168.1.1/24,9
20201020065323,10.77.1.2/24,-
20201020065324,10.20.30.2/16,1
20201020065326,192.168.1.2/24,2
20201020065328,10.77.1.1/24,4
20201020065329,10.77.1.2/24,-
20201020065330,10.20.30.1/16,47
20201020065331,192.168.1.2/24,8
20201020065332,192.168.1.1/24,9
20201020065333,10.77.1.2/24,9
20201020065334,10.20.30.2/16,5
20201020065336,192.168.1.2/24,-
20201020065337,10.77.1.1/24,7
20201020065339,192.168.1.1/24,4
20201020065340,10.77.1.1/24,7
20201020065342,192.168.1.1/24,10
20201020065343,192.168.1.1/24,31
20201020065344,10.20.30.2/16,15
20201020065345,10.20.30.1/16,55
20201020065346,192.168.1.2/24,7
20201020065347,10.77.1.1/24,8
20201020065349,10.77.1.2/24,94
20201020065350,10.20.30.1/16,82
20201020065351,10.77.1.1/24,3
20201020065352,192.168.1.1/24,4
20201020065353,10.20.30.1/16,4
20201020065354,192.168.1.1/24,-
20201020065355,10.77.1.2/24,79
20201020065357,192.168.1.2/24,95
20201020065359,192.168.1.2/24,12
20201020065400,10.77.1.2/24,13
20201020065401,10.20.30.1/16,-
20201020065403,10.77.1.2/24,7
20201020065404,10.77.1.2/24,-
20201020065405,10.77.1.2/24,-
20201020065407,10.20.30.2/16,73
20201020065408,10.20.30.1/16,3
20201020065410,192.168.1.2/24,8
20201020065411,192.168.1.2/24,62
20201020065413,192.168.1.2/24,1
20201020065414,10.77.1.1/24,-
20201020065415,10.20.30.2/16,13
20201020065417,192.168.1.1/24,-
20201020065418,10.77.1.1/24,80
20201020065419,10.77.1.2/24,39
20201020065421,192.168.1.2/24,-
20201020065422,10.77.1.1/24,8
20201020065423,192.168.1.1/24,18
20201020065424,10.20.30.1/16,-
20201020065425,192.168.1.2/24,2
20201020065426,10.77.1.1/24,9
20201020065427,10.20.30.2/16,80
20201020065428,192.168.1.1/24,16
20201020065430,10.77.1.1/24,52
20201020065431,10.20.30.1/16,-
20201020065432,10.77.1.1/24,3
20201020065433,192.168.1.1/24,-
20201020065434,10.77.1.1/24,9
20201020065435,10.77.1.2/24,-
20201020065437,10.20.30.1/16,8
20201020065438,192.168.1.2/24,-
20201020065439,10.20.30.1/16,-
20201020065440,10.20.30.2/16,5
20201020065441,10.20.30.2/16,7
20201020065442,10.77.1.2/24,9
20201020065443,10.77.1.2/24,12
20201020065444,10.20.30.1/16,2
20201020065445,10.77.1.1/24,8
20201020065446,10.77.1.1/24,20
20201020065447,192.168.1.2/24,5
20201020065448,10.77.1.1/24,3
20201020065449,10.77.1.1/24,3
20201020065451,10.20.30.2/16,6
20201020065452,10.20.30.1/16,20
20201020065453,192.168.1.2/24,29
20201020065454,10.20.30.2/16,2
20201020065455,10.20.30.2/16,6
20201020065457,10.77.1.1/24,6
20201020065458,192.168.1.1/24,2
20201020065459,10.77.1.1/24,-
20201020065501,10.20.30.2/16,9
20201020065502,10.20.30.2/16,9
20201020065504,10.77.1.1/24,-
20201020065505,10.77.1.1/24,9
20201020065506,192.168.1.1/24,5
20201020065507,10.20.30.2/16,9
20201020065508,192.168.1.1/24,9
20201020065509,10.20.30.2/16,-
20201020065511,10.20.30.1/16,9
20201020065512,10.77.1.2/24,57
20201020065513,10.20.30.1/16,-
20201020065514,10.77.1.2/24,6
20201020065515,10.20.30.2/16,6
20201020065516,192.168.1.1/24,86
20201020065517,10.20.30.2/16,7
20201020065518,192.168.1.2/24,2
20201020065519,192.168.1.1/24,5
20201020065520,192.168.1.1/24,-
20201020065521,192.168.1.2/24,64
20201020065522,192.168.1.1/24,5
20201020065523,192.168.1.1/24,79
20201020065524,10.20.30.1/16,86
20201020065525,10.20.30.1/16,59
20201020065526,10.20.30.1/16,9
20201020065527,192.168.1.1/24,-
20201020065528,192.168.1.2/24,5
20201020065529,192.168.1.2/24,36
20201020065530,10.77.1.2/24,-
20201020065531,192.168.1.1/24,3
20201020065532,192.168.1.1/24,-
20201020065533,10.20.30.1/16,2
20201020065534,10.77.1.2/24,17
20201020065536,192.168.1.1/24,2
20201020065538,10.77.1.1/24,13
20201020065539,10.77.1.2/24,38
20201020065540,192.168.1.1/24,5
20201020065542,10.20.30.2/16,7
20201020065544,192.168.1.1/24,6
20201020065546,10.20.30.2/16,-
20201020065547,10.77.1.1/24,1
20201020065548,192.168.1.1/24,8
20201020065549,192.168.1.1/24,55
20201020065551,10.77.1.1/24,8
20201020065553,10.77.1.2/24,10
20201020065554,10.77.1.2/24,9
20201020065556,10.20.30.2/16,3
20201020065557,192.168.1.2/24,-
20201020065558,192.168.1.1/24,12
20201020065559,10.20.30.1/16,7
20201020065601,192.168.1.2/24,6
20201020065603,10.77.1.2/24,1
20201020065604,10.20.30.2/16,-
20201020065605,10.20.30.1/16,5
20201020065606,192.168.1.1/24,15
20201020065607,10.77.1.1/24,1
20201020065608,10.77.1.2/24,3
20201020065609,10.20.30.2/16,7
20201020065610,10.20.30.2/16,-
20201020065611,10.77.1.1/24,13
20201020065613,10.77.1.2/24,7
20201020065614,10.77.1.2/24,3
20201020065615,10.77.1.1/24,74
20201020065616,10.20.30.2/16,4
20201020065617,192.168.1.1/24,10
20201020065618,10.20.30.2/16,4
20201020065619,192.168.1.1/24,9
20201020065620,192.168.1.2/24,9
20201020065622,10.77.1.2/24,3
20201020065624,10.20.30.2/16,21
20201020065625,10.20.30.2/16,7
20201020065626,10.77.1.1/24,-
20201020065627,192.168.1.1/24,5
20201020065628,10.77.1.2/24,1
20201020065630,10.20.30.1/16,8
20201020065631,10.20.30.1/16,4
20201020065632,192.168.1.1/24,7
20201020065634,192.168.1.2/24,1
20201020065635,10.20.30.2/16,3
20201020065637,10.77.1.1/24,5
20201020065638,10.20.30.1/16,3
20201020065640,10.20.30.2/16,7
20201020065641,10.77.1.2/24,-
20201020065642,10.77.1.1/24,17
20201020065643,192.168.1.2/24,3
20201020065644,192.168.1.1/24,3
20201020065645,10.20.30.2/16,1
20201020065646,10.77.1.2/24,-
20201020065648,10.77.1.1/24,3
20201020065650,10.77.1.1/24,8
20201020065651,192.168.1.1/24,5
20201020065653,192.168.1.1/24,2
20201020065654,192.168.1.1/24,7
20201020065656,10.20.30.1/16,8
20201020065657,10.20.30.1/16,-
20201020065658,10.77.1.2/24,-
20201020065659,10.77.1.1/24,15
20201020065700,10.77.1.1/24,25
20201020065702,10.20.30.1/16,80
20201020065703,10.20.30.1/16,9
20201020065704,192.168.1.1/24,-
20201020065705,192.168.1.2/24,-
20201020065706,10.20.30.2/16,10
20201020065708,10.20.30.2/16,-
20201020065709,10.77.1.1/24,8
20201020065710,192.168.1.1/24,5
20201020065711,10.20.30.2/16,3
20201020065712,10.77.1.1/24,-
20201020065713,192.168.1.1/24,5
20201020065715,10.20.30.1/16,8
20201020065716,10.20.30.2/16,7
20201020065717,192.168.1.2/24,5
20201020065718,192.168.1.2/24,1
20201020065719,192.168.1.1/24,-
20201020065721,10.77.1.1/24,3
20201020065722,192.168.1.2/24,38
20201020065723,192.168.1.1/24,8
20201020065724,10.20.30.2/16,-
20201020065726,10.20.30.1/16,-
20201020065727,192.168.1.1/24,-
20201020065729,10.77.1.2/24,7
20201020065730,192.168.1.1/24,52
20201020065731,10.20.30.1/16,5
20201020065732,192.168.1.1/24,2
20201020065733,10.77.1.1/24,4
20201020065734,10.20.30.2/16,83
20201020065735,10.77.1.1/24,8
20201020065737,10.77.1.2/24,6
20201020065738,10.77.1.1/24,-
20201020065739,192.168.1.2/24,-
20201020065741,192.168.1.1/24,36
20201020065742,10.77.1.2/24,7
20201020065743,192.168.1.2/24,5
20201020065745,10.77.1.1/24,8
20201020065746,10.20.30.2/16,-
20201020065747,10.20.30.2/16,49
20201020065748,10.20.30.2/16,9
20201020065749,10.20.30.1/16,8
20201020065751,10.20.30.1/16,8
20201020065753,10.77.1.1/24,1
20201020065754,192.168.1.1/24,3
20201020065755,10.77.1.2/24,86
20201020065756,10.20.30.2/16,8
20201020065757,10.77.1.1/24,-
20201020065759,192.168.1.2/24,11
20201020065800,10.20.30.1/16,7
20201020065801,10.77.1.2/24,-
20201020065803,192.168.1.1/24,26
20201020065804,192.168.1.1/24,5
20201020065805,10.20.30.1/16,4
20201020065806,10.77.1.1/24,-
20201020065807,10.77.1.2/24,4
20201020065808,10.77.1.2/24,-
20201020065809,192.168.1.1/24,-
20201020065810,192.168.1.2/24,78
20201020065812,10.20.30.1/16,5
20201020065814,192.168.1.2/24,10
20201020065816,10.77.1.2/24,4
20201020065817,10.77.1.2/24,6
20201020065818,10.20.30.2/16,-
20201020065819,192.168.1.1/24,2
20201020065821,10.20.30.2/16,-
20201020065823,192.168.1.2/24,40
20201020065824,10.20.30.2/16,1
20201020065826,10.20.30.1/16,8
20201020065828,10.77.1.1/24,-
20201020065829,10.77.1.1/24,5
20201020065830,10.77.1.1/24,4
20201020065831,192.168.1.1/24,67
20201020065832,192.168.1.2/24,54
20201020065833,10.77.1.2/24,7
20201020065834,192.168.1.2/24,-
20201020065835,10.20.30.2/16,-
20201020065837,10.20.30.1/16,23
20201020065839,192.168.1.1/24,2
20201020065840,192.168.1.2/24,59
20201020065841,10.20.30.1/16,6
20201020065843,10.20.30.1/16,1
20201020065844,10.77.1.2/24,-
20201020065845,10.77.1.1/24,1
20201020065846,10.20.30.2/16,-
20201020065847,10.77.1.2/24,3
20201020065848,10.20.30.1/16,-
20201020065849,10.77.1.2/24,-
20201020065850,192.168.1.1/24,24
20201020065852,10.20.30.1/16,53
20201020065853,10.20.30.2/16,6
20201020065854,10.77.1.1/24,4
20201020065855,10.77.1.2/24,-
20201020065856,192.168.1.1/24,8
20201020065857,10.20.30.1/16,9
20201020065859,192.168.1.1/24,6
20201020065900,10.20.30.2/16,10
20201020065902,192.168.1.1/24,27
20201020065903,10.77.1.1/24,7
20201020065904,10.77.1.1/24,-
20201020065905,10.20.30.2/16,5
20201020065906,10.20.30.1/16,20
20201020065907,10.77.1.1/24,-
20201020065908,10.20.30.2/16,3
20201020065910,10.20.30.2/16,3
20201020065911,10.20.30.1/16,-
20201020065912,192.168.1.1/24,21
20201020065914,10.77.1.1/24,-
20201020065916,10.20.30.1/16,4
20201020065917,10.20.30.1/16,48
20201020065918,10.77.1.1/24,5
20201020065920,192.168.1.1/24,3
20201020065921,10.20.30.2/16,1
20201020065922,10.20.30.2/16,6
20201020065923,10.20.30.1/16,2
20201020065924,192.168.1.1/24,3
20201020065926,10.20.30.1/16,9
20201020065927,192.168.1.1/24,16
20201020065928,192.168.1.2/24,4
20201020065930,10.20.30.1/16,-
20201020065932,10.77.1.2/24,-
20201020065934,10.77.1.1/24,-
20201020065935,10.77.1.1/24,9
20201020065936,10.77.1.2/24,40
20201020065937,192.168.1.2/24,7
20201020065938,10.20.30.1/16,36
20201020065939,192.168.1.2/24,93
20201020065941,10.20.30.1/16,-
20201020065942,10.20.30.1/16,-
20201020065943,192.168.1.1/24,9
20201020065944,192.168.1.2/24,3
20201020065946,192.168.1.1/24,2
20201020065947,10.20.30.1/16,-
20201020065948,10.20.30.1/16,4
20201020065949,192.168.1.2/24,11
20201020065950,10.20.30.2/16,2
20201020065952,10.77.1.1/24,4
20201020065953,10.20.30.2/16,5
20201020065955,192.168.1.1/24,3
20201020065956,10.77.1.1/24,12
20201020065957,10.20.30.1/16,31
20201020065958,10.20.30.1/16,-
20201020065959,10.20.30.2/16,14
20201020070000,10.20.30.1/16,7
20201020070001,192.168.1.2/24,45
20201020070002,10.77.1.1/24,17
20201020070003,10.20.30.1/16,2
20201020070005,10.77.1.1/24,44
20201020070007,192.168.1.2/24,5
20201020070008,10.77.1.1/24,2
20201020070009,10.77.1.1/24,4
20201020070010,10.20.30.2/16,6
20201020070011,192.168.1.2/24,6
20201020070012,10.77.1.1/24,13
20201020070013,10.20.30.1/16,-
20201020070014,10.20.30.2/16,9
20201020070015,10.20.30.2/16,10
20201020070016,10.77.1.2/24,-
20201020070018,10.20.30.1/16,-
20201020070019,10.20.30.1/16,5
20201020070020,10.20.30.2/16,10
20201020070021,10.20.30.1/16,20
20201020070022,192.168.1.1/24,7
20201020070023,10.20.30.2/16,10
20201020070024,192.168.1.2/24,-
20201020070025,10.77.1.2/24,-
20201020070026,10.20.30.1/16,3
20201020070027,10.77.1.1/24,-
20201020070028,10.77.1.2/24,4
20201020070029,10.20.30.1/16,36
20201020070031,10.77.1.1/24,-
20201020070032,10.20.30.1/16,2
20201020070033,10.77.1.2/24,5
20201020070034,192.168.1.2/24,-
20201020070035,10.20.30.2/16,4
20201020070036,192.168.1.2/24,5
20201020070037,10.77.1.1/24,1
20201020070038,10.20.30.2/16,5
20201020070039,10.20.30.2/16,8
20201020070040,192.168.1.1/24,4
20201020070041,10.77.1.1/24,12
20201020070043,10.20.30.1/16,9
20201020070044,10.77.1.1/24,5
20201020070045,192.168.1.2/24,3
20201020070046,10.77.1.1/24,6
20201020070047,10.77.1.1/24,3
20201020070048,192.168.1.1/24,18
20201020070049,10.77.1.2/24,31
20201020070051,10.20.30.1/16,6
20201020070053,192.168.1.2/24,23
20201020070054,10.77.1.2/24,4
20201020070055,192.168.1.1/24,6
20201020070056,192.168.1.1/24,8
20201020070057,10.20.30.2/16,24
20201020070058,10.77.1.2/24,1
20201020070100,10.77.1.1/24,8
20201020070101,10.77.1.1/24,5
20201020070102,10.20.30.1/16,2
20201020070103,10.20.30.2/16,1
20201020070104,10.20.30.1/16,44
20201020070105,10.77.1.1/24,9
20201020070106,10.20.30.2/16,-
20201020070108,192.168.1.1/24,18
20201020070109,10.20.30.1/16,10
20201020070110,10.20.30.2/16,1
20201020070111,192.168.1.1/24,-
20201020070112,10.77.1.2/24,7
20201020070113,192.168.1.1/24,40
20201020070114,10.77.1.1/24,76
20201020070116,10.20.30.1/16,-
20201020070117,10.77.1.1/24,8
20201020070118,10.20.30.2/16,-
20201020070119,10.20.30.1/16,-
20201020070120,192.168.1.2/24,9
20201020070122,10.20.30.2/16,6
20201020070124,10.20.30.1/16,3
20201020070125,10.20.30.2/16,4
20201020070126,10.20.30.2/16,2
20201020070127,192.168.1.2/24,84
20201020070128,10.77.1.1/24,-
20201020070130,10.77.1.2/24,2
20201020070132,10.20.30.2/16,6
20201020070133,10.77.1.1/24,-
20201020070134,10.77.1.2/24,56
20201020070135,10.77.1.1/24,7
20201020070136,10.20.30.1/16,-
20201020070137,192.168.1.2/24,5
20201020070138,192.168.1.2/24,14
20201020070140,10.77.1.1/24,55
20201020070141,10.20.30.2/16,7
20201020070142,10.20.30.2/16,-
20201020070143,10.77.1.2/24,2
20201020070145,10.77.1.2/24,-
20201020070146,10.20.30.1/16,3
20201020070147,10.77.1.1/24,2
20201020070148,192.168.1.1/24,70
20201020070150,10.20.30.1/16,6
20201020070151,192.168.1.1/24,42
20201020070152,10.77.1.1/24,7
20201020070153,10.20.30.1/16,9
20201020070154,10.77.1.1/24,21
20201020070155,10.20.30.2/16,6
20201020070156,10.77.1.1/24,2
20201020070157,192.168.1.1/24,9
20201020070158,10.20.30.1/16,-
20201020070159,192.168.1.1/24,6
20201020070201,10.20.30.1/16,6
20201020070202,10.77.1.2/24,1
20201020070203,192.168.1.1/24,-
20201020070204,192.168.1.2/24,6
20201020070205,10.20.30.2/16,44
20201020070207,10.77.1.1/24,-
20201020070208,10.77.1.1/24,-
20201020070209,192.168.1.1/24,8
20201020070211,10.20.30.2/16,9
20201020070213,10.20.30.1/16,7
20201020070214,10.20.30.1/16,61
20201020070215,10.20.30.1/16,87
20201020070217,10.77.1.1/24,90
20201020070218,10.77.1.1/24,-
20201020070219,10.77.1.2/24,3
20201020070220,10.77.1.2/24,3
20201020070221,192.168.1.2/24,6
20201020070222,192.168.1.2/24,-
20201020070223,10.20.30.1/16,-
20201020070224,10.77.1.2/24,6
20201020070226,10.20.30.2/16,1
20201020070227,10.20.30.2/16,-
20201020070228,10.77.1.1/24,5
20201020070230,192.168.1.1/24,7
20201020070232,10.77.1.2/24,79
20201020070233,192.168.1.1/24,93
20201020070234,10.20.30.2/16,3
20201020070235,10.77.1.2/24,95
20201020070236,10.20.30.1/16,93
20201020070237,192.168.1.2/24,20
20201020070238,10.20.30.2/16,9
20201020070239,192.168.1.1/24,6
20201020070240,192.168.1.2/24,15
20201020070241,192.168.1.1/24,5
20201020070243,192.168.1.1/24,74
20201020070244,10.20.30.2/16,3
20201020070245,10.20.30.2/16,-
20201020070246,10.77.1.2/24,8
20201020070247,10.77.1.2/24,-
20201020070248,192.168.1.1/24,-
20201020070249,192.168.1.1/24,81
20201020070250,10.20.30.2/16,8
20201020070251,10.20.30.1/16,-
20201020070252,10.77.1.2/24,-
20201020070254,10.77.1.2/24,5
20201020070255,10.20.30.1/16,8
20201020070257,10.20.30.2/16,39
20201020070258,192.168.1.1/24,8
20201020070259,192.168.1.1/24,64
20201020070300,10.20.30.2/16,3
20201020070301,192.168.1.1/24,6
20201020070302,10.77.1.1/24,-
20201020070303,10.77.1.2/24,9
20201020070305,192.168.1.1/24,-
20201020070307,10.20.30.1/16,2
20201020070308,10.20.30.2/16,1
20201020070309,10.77.1.1/24,1
20201020070311,10.20.30.1/16,9
20201020070313,10.20.30.1/16,-
20201020070314,10.77.1.1/24,11
20201020070316,192.168.1.1/24,-
20201020070317,10.20.30.1/16,2
20201020070319,10.20.30.2/16,-
20201020070320,192.168.1.1/24,6
20201020070321,192.168.1.2/24,9
20201020070323,10.77.1.2/24,9
20201020070324,10.20.30.2/16,2
20201020070325,10.20.30.1/16,3
20201020070326,10.20.30.1/16,4
20201020070327,10.20.30.2/16,11
20201020070328,10.77.1.2/24,-
20201020070329,192.168.1.2/24,18
20201020070331,192.168.1.2/24,1
20201020070332,10.77.1.1/24,98
20201020070333,192.168.1.2/24,-
20201020070334,10.77.1.2/24,-
20201020070335,10.20.30.1/16,20
20201020070336,10.77.1.1/24,7
20201020070337,10.77.1.2/24,-
20201020070339,192.168.1.1/24,9
20201020070340,10.20.30.1/16,-
20201020070341,192.168.1.2/24,-
20201020070342,10.77.1.2/24,-
20201020070343,192.168.1.2/24,1
20201020070344,10.20.30.2/16,4
20201020070346,10.77.1.1/24,5
20201020070347,10.20.30.1/16,9
20201020070348,10.20.30.1/16,1
20201020070349,10.77.1.1/24,77
20201020070351,10.20.30.2/16,50
20201020070353,10.77.1.1/24,-
20201020070354,192.168.1.2/24,4
20201020070356,192.168.1.1/24,5
20201020070357,10.77.1.1/24,93
20201020070358,10.77.1.1/24,8
20201020070400,10.20.30.2/16,12
20201020070401,10.77.1.2/24,6
20201020070402,10.20.30.1/16,43
20201020070403,192.168.1.1/24,-
20201020070404,10.77.1.2/24,6
20201020070405,10.77.1.2/24,-
20201020070406,192.168.1.1/24,5
20201020070407,10.20.30.2/16,-
20201020070409,10.20.30.2/16,-
20201020070411,10.77.1.2/24,4
20201020070412,10.77.1.2/24,9
20201020070413,10.20.30.2/16,8
20201020070414,10.20.30.2/16,2
20201020070415,192.168.1.2/24,39
20201020070416,192.168.1.1/24,7
20201020070418,10.20.30.1/16,1
20201020070419,192.168.1.2/24,-
20201020070420,10.77.1.1/24,-
20201020070421,10.77.1.1/24,69
20201020070422,10.77.1.2/24,4
20201020070423,192.168.1.1/24,9
20201020070424,192.168.1.1/24,9
20201020070425,10.77.1.2/24,1
20201020070427,192.168.1.1/24,-
20201020070428,10.20.30.2/16,9
20201020070429,10.20.30.2/16,-
20201020070430,10.20.30.1/16,-
20201020070431,192.168.1.1/24,-
20201020070432,192.168.1.2/24,7
20201020070433,10.20.30.2/16,8
20201020070434,192.168.1.2/24,51
20201020070435,192.168.1.1/24,87
20201020070436,192.168.1.2/24,7
20201020070438,10.20.30.2/16,8
20201020070440,10.77.1.1/24,8
20201020070441,10.77.1.2/24,-
20201020070442,10.20.30.1/16,-
20201020070443,10.20.30.2/16,59
20201020070444,10.20.30.2/16,1
20201020070446,10.77.1.2/24,7
20201020070447,10.77.1.2/24,8
20201020070448,10.20.30.2/16,8
20201020070450,10.77.1.2/24,-
20201020070451,10.20.30.1/16,6
20201020070453,10.77.1.2/24,-
20201020070454,10.20.30.1/16,-
20201020070456,192.168.1.1/24,-
20201020070457,10.77.1.1/24,2
20201020070458,10.77.1.1/24,12
20201020070500,10.20.30.2/16,4
20201020070501,192.168.1.1/24,-
20201020070502,10.77.1.2/24,7
20201020070503,10.20.30.2/16,36
20201020070505,10.20.30.1/16,8
20201020070506,10.20.30.2/16,-
20201020070507,192.168.1.2/24,4
20201020070508,10.20.30.1/16,8
20201020070509,192.168.1.1/24,3
20201020070510,10.20.30.1/16,4
20201020070511,10.77.1.1/24,32
20201020070513,192.168.1.2/24,2
20201020070514,10.77.1.1/24,10
20201020070515,10.20.30.1/16,4
20201020070516,192.168.1.1/24,5
20201020070517,192.168.1.2/24,-
20201020070518,10.20.30.2/16,5
20201020070519,192.168.1.1/24,-
20201020070520,192.168.1.2/24,23
20201020070521,10.20.30.1/16,92
20201020070522,10.20.30.2/16,-
20201020070524,192.168.1.1/24,3
20201020070525,10.77.1.1/24,4
20201020070526,192.168.1.2/24,1
20201020070527,10.20.30.2/16,42
20201020070528,10.20.30.2/16,15
20201020070529,10.20.30.2/16,2
20201020070531,10.77.1.2/24,1
20201020070532,10.20.30.1/16,44
20201020070533,10.20.30.2/16,88
20201020070535,10.77.1.2/24,63
20201020070536,192.168.1.1/24,-
20201020070538,10.77.1.1/24,6
20201020070540,192.168.1.1/24,-
20201020070541,10.77.1.2/24,1
20201020070542,10.77.1.1/24,5
20201020070544,10.77.1.2/24,5
20201020070546,192.168.1.2/24,2
20201020070547,10.77.1.1/24,7
20201020070548,10.20.30.2/16,6
20201020070549,192.168.1.2/24,6
20201020070550,192.168.1.2/24,6
20201020070551,10.20.30.2/16,-
20201020070553,10.20.30.1/16,5
20201020070554,10.20.30.2/16,-
20201020070555,10.77.1.2/24,-
20201020070556,10.20.30.2/16,-
20201020070557,10.77.1.2/24,-
20201020070559,10.77.1.1/24,4
20201020070600,10.77.1.1/24,9
20201020070601,10.20.30.1/16,6
20201020070602,192.168.1.1/24,3
20201020070603,10.20.30.2/16,-
20201020070604,10.77.1.2/24,7
20201020070606,192.168.1.1/24,4
20201020070607,10.20.30.2/16,-
20201020070608,192.168.1.1/24,-
20201020070609,10.20.30.1/16,-
20201020070610,10.20.30.1/16,3
20201020070611,192.168.1.2/24,20
20201020070613,192.168.1.1/24,4
20201020070614,10.77.1.1/24,-
20201020070615,192.168.1.2/24,9
20201020070617,10.77.1.2/24,70
20201020070618,10.20.30.1/16,9
20201020070619,10.20.30.2/16,3
20201020070620,10.77.1.1/24,-
20201020070621,192.168.1.2/24,4
20201020070622,10.77.1.2/24,10
20201020070623,192.168.1.1/24,57
20201020070624,10.20.30.1/16,6
20201020070625,192.168.1.2/24,6
20201020070626,192.168.1.1/24,33
20201020070627,10.20.30.1/16,9
20201020070628,10.77.1.2/24,5
20201020070629,192.168.1.2/24,12
20201020070631,10.20.30.2/16,11
20201020070632,10.77.1.2/24,75
20201020070633,10.77.1.1/24,-
20201020070634,10.77.1.1/24,6
20201020070635,10.77.1.1/24,5
20201020070637,10.20.30.2/16,85
20201020070638,192.168.1.1/24,9
20201020070639,192.168.1.1/24,-
20201020070640,10.20.30.1/16,9
20201020070641,10.77.1.2/24,9
20201020070642,10.77.1.1/24,8
20201020070643,192.168.1.2/24,9
20201020070644,192.168.1.1/24,61
20201020070645,10.77.1.1/24,1
20201020070646,10.20.30.2/16,7
20201020070648,10.77.1.1/24,5
20201020070649,192.168.1.2/24,-
20201020070650,10.20.30.1/16,3
20201020070651,10.77.1.2/24,-
20201020070652,10.77.1.1/24,7
20201020070653,10.77.1.1/24,8
20201020070654,10.77.1.1/24,82
20201020070655,10.77.1.2/24,-
20201020070656,192.168.1.2/24,4
20201020070658,10.77.1.1/24,-
20201020070659,10.20.30.2/16,-
20201020070700,10.77.1.2/24,9
20201020070701,10.77.1.2/24,1
20201020070703,192.168.1.2/24,8
20201020070704,192.168.1.2/24,10
20201020070706,10.77.1.2/24,5
20201020070708,10.20.30.2/16,-
20201020070710,10.20.30.2/16,-
20201020070711,192.168.1.2/24,2
20201020070712,10.20.30.2/16,-
20201020070713,10.77.1.2/24,81
20201020070714,192.168.1.1/24,-
20201020070715,10.20.30.2/16,3
20201020070716,10.20.30.1/16,63
20201020070717,10.77.1.2/24,60
20201020070718,192.168.1.2/24,2
20201020070719,10.20.30.2/16,26
20201020070720,10.20.30.1/16,2
20201020070722,192.168.1.1/24,8
20201020070724,10.77.1.1/24,-
20201020070725,192.168.1.1/24,2
20201020070726,10.20.30.1/16,2
20201020070728,10.77.1.2/24,4
20201020070729,10.77.1.2/24,7
20201020070731,10.20.30.1/16,5
20201020070732,10.20.30.2/16,6
20201020070734,10.20.30.1/16,61
20201020070735,192.168.1.1/24,7
20201020070737,192.168.1.2/24,38
20201020070738,192.168.1.1/24,35
20201020070739,192.168.1.2/24,1
20201020070740,10.20.30.2/16,-
20201020070742,10.20.30.1/16,8
20201020070744,10.77.1.1/24,5
20201020070745,10.20.30.2/16,4
20201020070747,10.77.1.1/24,2
20201020070748,192.168.1.1/24,7
20201020070749,10.77.1.2/24,36
20201020070750,10.20.30.2/16,4
20201020070751,10.77.1.1/24,4
20201020070752,10.20.30.2/16,2
20201020070753,10.77.1.1/24,2
20201020070754,192.168.1.2/24,64
20201020070755,10.77.1.2/24,-
20201020070756,10.20.30.1/16,-
20201020070757,10.77.1.2/24,-
20201020070758,10.77.1.2/24,-
20201020070759,192.168.1.2/24,1
20201020070800,10.77.1.2/24,30
20201020070801,10.77.1.2/24,6
20201020070802,10.20.30.1/16,3
20201020070803,10.20.30.1/16,13
20201020070804,10.77.1.1/24,6
20201020070806,192.168.1.1/24,-
20201020070807,192.168.1.2/24,1
20201020070808,192.168.1.2/24,1
20201020070809,192.168.1.1/24,-
20201020070810,10.20.30.2/16,14
20201020070811,192.168.1.2/24,5
20201020070812,10.77.1.2/24,43
20201020070813,10.20.30.1/16,61
20201020070814,192.168.1.1/24,3
20201020070816,10.77.1.2/24,8
20201020070817,192.168.1.1/24,78
20201020070818,10.20.30.1/16,11
20201020070819,10.77.1.2/24,45
20201020070821,192.168.1.1/24,-
20201020070822,192.168.1.2/24,6
20201020070823,10.20.30.1/16,8
20201020070824,10.77.1.1/24,5
20201020070825,10.20.30.1/16,6
20201020070826,10.77.1.1/24,-
20201020070828,192.168.1.2/24,8
20201020070829,192.168.1.2/24,86
20201020070830,192.168.1.2/24,55
20201020070831,192.168.1.2/24,-
20201020070832,192.168.1.2/24,76
20201020070833,10.20.30.1/16,-
20201020070834,192.168.1.1/24,9
20201020070836,10.20.30.2/16,79
20201020070837,10.20.30.2/16,5
20201020070839,10.20.30.2/16,3
20201020070840,192.168.1.1/24,7
20201020070841,10.20.30.1/16,25
20201020070843,10.77.1.1/24,65
20201020070844,10.77.1.1/24,-
20201020070846,10.77.1.1/24,8
20201020070848,10.20.30.2/16,-
20201020070849,10.20.30.2/16,94
20201020070850,10.77.1.2/24,7
20201020070851,10.77.1.1/24,1
20201020070853,10.77.1.2/24,2
20201020070854,10.20.30.2/16,-
20201020070855,10.20.30.2/16,9
20201020070856,10.77.1.2/24,-
20201020070857,192.168.1.1/24,34
20201020070858,10.20.30.2/16,-
20201020070900,10.77.1.1/24,-
20201020070901,10.77.1.2/24,74
20201020070902,10.77.1.1/24,-
20201020070903,10.77.1.1/24,9
20201020070905,192.168.1.1/24,4
20201020070906,10.77.1.1/24,3
20201020070907,192.168.1.1/24,-
20201020070908,10.20.30.2/16,9
20201020070910,192.168.1.1/24,94
20201020070911,10.77.1.1/24,72
20201020070912,10.20.30.2/16,1
20201020070913,192.168.1.1/24,-
20201020070914,10.77.1.1/24,-
20201020070916,192.168.1.2/24,3
20201020070917,10.77.1.1/24,5
20201020070918,10.20.30.1/16,8
20201020070919,10.77.1.2/24,19
20201020070920,10.20.30.2/16,-
20201020070922,10.20.30.2/16,-
20201020070924,10.77.1.1/24,-
20201020070925,10.20.30.1/16,6
20201020070926,192.168.1.2/24,58
20201020070927,192.168.1.1/24,-
20201020070929,192.168.1.2/24,-
20201020070930,192.168.1.1/24,-
20201020070931,10.20.30.2/16,-
20201020070932,10.20.30.2/16,7
20201020070933,10.77.1.1/24,4
20201020070934,192.168.1.2/24,7
20201020070936,10.20.30.1/16,6
20201020070937,192.168.1.1/24,7
20201020070938,10.77.1.1/24,6
20201020070939,192.168.1.1/24,-
20201020070940,192.168.1.1/24,29
20201020070941,10.20.30.1/16,-
20201020070943,10.77.1.2/24,-
20201020070945,192.168.1.2/24,8
20201020070946,10.77.1.1/24,17
20201020070947,192.168.1.1/24,15
20201020070948,10.20.30.2/16,92
20201020070949,192.168.1.2/24,2
20201020070950,192.168.1.2/24,9
20201020070951,192.168.1.1/24,-
20201020070952,10.20.30.2/16,9
20201020070954,192.168.1.1/24,-
20201020070955,10.77.1.1/24,93
20201020070957,10.20.30.2/16,8
20201020070958,10.77.1.2/24,3
20201020070959,192.168.1.2/24,10
20201020071000,10.20.30.1/16,-
20201020071001,192.168.1.2/24,32
20201020071002,10.20.30.1/16,6
20201020071003,192.168.1.2/24,6
20201020071004,10.77.1.2/24,4
20201020071005,10.20.30.2/16,95
20201020071007,10.77.1.1/24,79
20201020071008,10.20.30.1/16,33
20201020071010,10.77.1.1/24,4
20201020071011,10.77.1.1/24,4
20201020071013,10.77.1.2/24,-
20201020071014,10.77.1.2/24,7
20201020071016,192.168.1.1/24,2
20201020071017,10.77.1.1/24,7
20201020071018,10.77.1.1/24,5
20201020071019,10.20.30.2/16,-
20201020071020,10.77.1.1/24,16
20201020071021,192.168.1.2/24,7
20201020071022,10.20.30.1/16,1
20201020071023,192.168.1.2/24,6
20201020071025,10.20.30.2/16,-
20201020071026,10.77.1.1/24,56
20201020071027,10.20.30.2/16,6
20201020071028,10.20.30.2/16,8
20201020071029,10.77.1.1/24,19
20201020071030,10.20.30.1/16,-
20201020071031,192.168.1.1/24,1
20201020071032,10.20.30.2/16,-
20201020071034,10.20.30.2/16,4
20201020071036,192.168.1.2/24,4
20201020071037,10.20.30.1/16,90
20201020071038,192.168.1.2/24,7
20201020071040,10.20.30.2/16,4
20201020071041,10.77.1.1/24,10
20201020071042,10.20.30.2/16,8
20201020071043,10.77.1.1/24,4
20201020071044,10.20.30.1/16,54
20201020071045,192.168.1.2/24,-
20201020071047,192.168.1.1/24,5
20201020071048,192.168.1.1/24,-
20201020071049,192.168.1.2/24,9
20201020071050,192.168.1.1/24,5
20201020071051,192.168.1.1/24,42
20201020071052,10.20.30.2/16,6
20201020071053,10.20.30.2/16,74
20201020071054,10.77.1.2/24,55
20201020071055,10.77.1.2/24,-
20201020071056,10.77.1.1/24,9
20201020071057,192.168.1.2/24,2
20201020071058,10.77.1.1/24,73
20201020071100,10.77.1.1/24,9
20201020071102,10.20.30.1/16,3
20201020071103,10.77.1.1/24,94
20201020071104,10.20.30.2/16,5
20201020071105,10.77.1.2/24,91
20201020071106,10.77.1.1/24,7
20201020071108,192.168.1.2/24,1
20201020071109,10.20.30.2/16,-
20201020071110,192.168.1.2/24,-
20201020071111,10.77.1.2/24,-
20201020071112,10.20.30.1/16,5
20201020071113,10.77.1.2/24,-
20201020071114,10.77.1.2/24,-
20201020071116,192.168.1.1/24,8
20201020071117,10.77.1.1/24,-
20201020071118,192.168.1.2/24,79
20201020071119,10.77.1.1/24,63
20201020071120,10.20.30.1/16,7
20201020071122,10.20.30.2/16,28
20201020071123,10.20.30.1/16,36
20201020071124,10.77.1.1/24,4
20201020071125,192.168.1.2/24,3
20201020071126,10.20.30.2/16,3
20201020071127,192.168.1.2/24,35
20201020071128,10.20.30.2/16,61
20201020071129,10.20.30.2/16,3
20201020071130,192.168.1.1/24,3
20201020071131,10.20.30.1/16,9
20201020071133,192.168.1.1/24,2
20201020071134,10.20.30.2/16,3
20201020071135,192.168.1.2/24,-
20201020071136,192.168.1.2/24,-
20201020071138,192.168.1.2/24,13
20201020071139,10.77.1.1/24,10
20201020071140,10.77.1.2/24,-
20201020071141,10.77.1.2/24,15
20201020071142,10.77.1.2/24,29
20201020071143,10.77.1.2/24,5
20201020071144,10.20.30.1/16,-
20201020071145,192.168.1.1/24,-
20201020071146,10.77.1.1/24,9
20201020071147,10.77.1.1/24,2
20201020071148,192.168.1.2/24,7
20201020071150,192.168.1.2/24,61
20201020071151,10.77.1.2/24,4
20201020071152,192.168.1.2/24,53
20201020071154,10.20.30.1/16,-
20201020071155,192.168.1.1/24,58
20201020071156,10.77.1.2/24,3
20201020071157,10.20.30.2/16,2
20201020071158,10.20.30.2/16,8
20201020071159,10.77.1.1/24,-
20201020071200,10.77.1.2/24,6
20201020071201,10.77.1.1/24,3
20201020071202,10.77.1.1/24,6
20201020071203,10.77.1.1/24,6
20201020071204,192.168.1.1/24,22
20201020071205,192.168.1.2/24,86
20201020071206,10.77.1.1/24,71
20201020071207,10.77.1.2/24,74
20201020071208,10.20.30.2/16,3
20201020071209,192.168.1.1/24,5
20201020071210,192.168.1.2/24,-
20201020071211,10.77.1.2/24,-
20201020071212,192.168.1.1/24,1
20201020071213,10.20.30.2/16,25
20201020071214,10.77.1.2/24,7
20201020071216,10.77.1.2/24,5
20201020071217,192.168.1.2/24,13
20201020071218,10.77.1.2/24,2
20201020071219,10.20.30.2/16,8
20201020071220,192.168.1.1/24,8
20201020071221,192.168.1.2/24,42
20201020071222,192.168.1.1/24,2
20201020071223,10.77.1.1/24,-
20201020071225,10.20.30.1/16,-
20201020071226,10.77.1.1/24,-
20201020071228,10.77.1.2/24,47
20201020071229,10.77.1.1/24,49
20201020071231,10.77.1.1/24,5
20201020071232,10.77.1.2/24,1
20201020071233,192.168.1.2/24,1
20201020071234,10.20.30.2/16,2
20201020071235,10.77.1.1/24,9
20201020071236,192.168.1.1/24,1
20201020071237,10.20.30.1/16,2
20201020071239,192.168.1.1/24,8
20201020071240,192.168.1.2/24,4
20201020071241,10.20.30.1/16,5
20201020071243,10.77.1.2/24,-
20201020071244,192.168.1.2/24,6
20201020071246,10.20.30.1/16,0
20201020071248,10.20.30.2/16,-
20201020071250,192.168.1.1/24,-
20201020071251,10.20.30.1/16,-
20201020071252,10.77.1.2/24,8
20201020071253,10.20.30.1/16,-
20201020071255,10.77.1.2/24,44
20201020071257,192.168.1.2/24,6
20201020071258,192.168.1.2/24,16
20201020071259,10.20.30.2/16,2
20201020071301,10.20.30.1/16,-
20201020071303,10.20.30.1/16,-
20201020071304,10.20.30.2/16,-
20201020071306,10.20.30.2/16,2
20201020071307,10.20.30.2/16,6
20201020071308,10.77.1.1/24,6
20201020071309,192.168.1.1/24,5
20201020071310,192.168.1.2/24,9
20201020071311,10.20.30.2/16,7
20201020071312,10.20.30.1/16,-
20201020071313,192.168.1.2/24,29
20201020071314,192.168.1.1/24,9
20201020071315,192.168.1.2/24,22
20201020071316,10.77.1.2/24,-
20201020071317,192.168.1.2/24,76
20201020071318,10.77.1.2/24,18
20201020071319,10.77.1.1/24,78
20201020071320,10.77.1.1/24,-
20201020071321,10.20.30.1/16,-
20201020071323,10.77.1.1/24,4
20201020071324,192.168.1.1/24,-
20201020071325,10.20.30.1/16,3
20201020071326,192.168.1.2/24,22
20201020071327,10.77.1.2/24,-
20201020071329,10.20.30.1/16,12
20201020071330,10.77.1.2/24,-
20201020071331,192.168.1.2/24,43
20201020071332,10.20.30.2/16,1
20201020071333,10.20.30.2/16,-
20201020071334,10.77.1.1/24,14
20201020071335,10.77.1.1/24,-
20201020071336,10.20.30.1/16,19
20201020071337,10.20.30.2/16,-
20201020071338,10.20.30.1/16,2
20201020071339,10.77.1.2/24,5
20201020071340,10.20.30.2/16,62
20201020071341,10.77.1.1/24,7
20201020071343,192.168.1.1/24,6
20201020071344,10.77.1.2/24,5
20201020071345,10.20.30.2/16,7
20201020071346,10.77.1.1/24,9
20201020071348,10.77.1.2/24,5
20201020071349,192.168.1.1/24,12
20201020071350,10.77.1.2/24,2
20201020071351,192.168.1.2/24,-
20201020071352,10.20.30.2/16,9
20201020071353,192.168.1.2/24,3
20201020071354,10.20.30.1/16,-
20201020071355,10.20.30.2/16,8
20201020071356,10.77.1.2/24,-
20201020071357,192.168.1.1/24,22
20201020071358,10.20.30.1/16,6
20201020071359,10.77.1.1/24,-
20201020071400,192.168.1.2/24,1
20201020071401,10.77.1.2/24,9
20201020071402,10.77.1.1/24,8
20201020071403,10.77.1.2/24,47
20201020071405,10.20.30.1/16,3
20201020071406,192.168.1.2/24,1
20201020071407,192.168.1.1/24,6
20201020071408,10.77.1.1/24,47
20201020071410,192.168.1.1/24,3
20201020071411,192.168.1.1/24,4
20201020071412,10.77.1.1/24,-
20201020071413,10.77.1.2/24,9
20201020071415,10.77.1.2/24,-
20201020071416,10.20.30.2/16,9
20201020071417,192.168.1.2/24,-
20201020071418,10.77.1.1/24,8
20201020071419,10.20.30.1/16,66
20201020071421,10.20.30.2/16,-
20201020071422,192.168.1.1/24,8
20201020071424,10.20.30.2/16,4
20201020071425,10.77.1.1/24,9
20201020071426,10.77.1.1/24,1
20201020071427,10.77.1.1/24,-
20201020071428,192.168.1.1/24,44
20201020071429,10.20.30.1/16,-
20201020071430,192.168.1.2/24,4
20201020071432,192.168.1.1/24,4
20201020071434,10.77.1.1/24,4
20201020071435,192.168.1.1/24,46
20201020071437,10.77.1.2/24,7
20201020071438,192.168.1.2/24,47
20201020071440,10.20.30.1/16,-
20201020071441,10.77.1.1/24,1
20201020071443,10.77.1.2/24,2
20201020071445,10.20.30.2/16,-
20201020071447,10.77.1.2/24,1
20201020071448,10.77.1.2/24,-
20201020071449,192.168.1.2/24,84
20201020071451,10.77.1.1/24,6
20201020071453,10.77.1.2/24,27
20201020071455,192.168.1.1/24,-
20201020071456,192.168.1.2/24,3
20201020071457,10.20.30.2/16,8
20201020071458,10.77.1.1/24,-
20201020071459,10.20.30.1/16,59
20201020071500,10.20.30.2/16,94
20201020071501,192.168.1.1/24,-
20201020071502,192.168.1.2/24,-
20201020071503,10.20.30.2/16,5
20201020071504,192.168.1.1/24,41
20201020071505,10.77.1.2/24,0
20201020071506,10.20.30.2/16,-
20201020071507,192.168.1.2/24,8
20201020071508,10.77.1.2/24,3
20201020071510,10.20.30.1/16,2
20201020071511,10.20.30.2/16,54
20201020071512,192.168.1.1/24,47
20201020071513,10.20.30.2/16,23
20201020071514,192.168.1.2/24,-
20201020071515,192.168.1.2/24,2
20201020071517,10.20.30.1/16,-
20201020071518,192.168.1.1/24,3
20201020071519,10.20.30.1/16,-
20201020071520,10.77.1.1/24,1
20201020071522,10.20.30.2/16,-
20201020071523,10.77.1.1/24,-
20201020071525,10.77.1.1/24,4
20201020071526,10.20.30.2/16,8
20201020071527,192.168.1.1/24,-
20201020071528,10.20.30.2/16,-
20201020071529,192.168.1.1/24,-
20201020071531,192.168.1.1/24,-
20201020071532,192.168.1.2/24,3
20201020071533,192.168.1.2/24,72
20201020071534,192.168.1.2/24,8
20201020071535,192.168.1.1/24,8
20201020071537,10.77.1.2/24,4
20201020071538,192.168.1.1/24,9
20201020071539,10.20.30.1/16,8
20201020071540,192.168.1.1/24,56
20201020071541,10.77.1.1/24,17
20201020071542,10.77.1.1/24,70
20201020071543,192.168.1.2/24,72
20201020071545,10.20.30.2/16,-
20201020071547,10.20.30.2/16,11
20201020071548,10.77.1.1/24,9
20201020071550,10.20.30.1/16,7
20201020071552,10.77.1.2/24,5
20201020071553,10.20.30.1/16,39
20201020071554,192.168.1.2/24,6
20201020071555,192.168.1.1/24,41
20201020071556,10.77.1.1/24,8
20201020071558,10.20.30.1/16,3
20201020071559,10.77.1.1/24,3
20201020071600,10.77.1.1/24,-
20201020071601,192.168.1.1/24,-
20201020071602,192.168.1.1/24,-
20201020071604,10.77.1.2/24,46
20201020071605,10.20.30.2/16,10
20201020071607,192.168.1.1/24,4
20201020071608,10.77.1.1/24,7
20201020071609,10.20.30.1/16,6
20201020071610,192.168.1.1/24,13
20201020071611,10.77.1.2/24,4
20201020071612,10.77.1.2/24,4
20201020071613,192.168.1.2/24,20
20201020071614,10.77.1.1/24,8
20201020071615,192.168.1.1/24,2
20201020071617,192.168.1.1/24,11
20201020071618,192.168.1.2/24,5
20201020071619,192.168.1.2/24,15
20201020071620,10.77.1.2/24,97
20201020071622,192.168.1.2/24,1
20201020071623,10.20.30.1/16,5
20201020071624,10.77.1.2/24,3
20201020071625,192.168.1.1/24,7
20201020071627,192.168.1.1/24,6
20201020071629,192.168.1.2/24,7
20201020071631,10.20.30.2/16,63
20201020071633,10.20.30.2/16,6
20201020071635,10.20.30.1/16,73
20201020071637,192.168.1.2/24,35
20201020071638,192.168.1.1/24,1
20201020071639,10.77.1.2/24,5
20201020071640,10.77.1.1/24,-
20201020071641,10.77.1.2/24,62
20201020071642,10.20.30.1/16,6
20201020071643,10.20.30.2/16,-
20201020071644,192.168.1.2/24,4
20201020071645,192.168.1.2/24,7
20201020071646,10.20.30.1/16,5
20201020071647,10.20.30.2/16,1
20201020071648,10.77.1.1/24,40
20201020071649,10.20.30.1/16,7
20201020071651,10.77.1.1/24,7
20201020071653,10.77.1.2/24,26
20201020071654,192.168.1.1/24,8
20201020071655,10.20.30.1/16,6
20201020071657,192.168.1.1/24,1
20201020071658,10.20.30.2/16,-
20201020071659,10.77.1.1/24,6
20201020071700,10.20.30.1/16,3
20201020071701,192.168.1.1/24,-
20201020071702,10.77.1.1/24,-
20201020071703,192.168.1.2/24,8
20201020071704,10.20.30.2/16,4
20201020071705,192.168.1.1/24,4
20201020071706,10.20.30.2/16,7
20201020071707,10.77.1.1/24,9
20201020071708,10.77.1.2/24,-
20201020071709,10.77.1.1/24,6
20201020071711,10.77.1.2/24,-
20201020071712,192.168.1.2/24,2
20201020071713,10.77.1.1/24,1
20201020071714,10.20.30.2/16,45
20201020071715,10.77.1.2/24,4
20201020071717,10.77.1.2/24,8
20201020071718,10.77.1.2/24,1
20201020071719,192.168.1.2/24,1
20201020071720,10.20.30.2/16,-
20201020071721,10.20.30.2/16,4
20201020071722,10.20.30.2/16,4
20201020071723,10.77.1.1/24,-
20201020071724,10.20.30.2/16,42
20201020071725,10.77.1.1/24,7
20201020071726,10.20.30.2/16,-
20201020071727,10.77.1.2/24,-
20201020071728,192.168.1.1/24,4
20201020071729,10.77.1.1/24,7
20201020071730,192.168.1.2/24,-
20201020071732,10.20.30.2/16,2
20201020071734,10.77.1.1/24,4
20201020071735,10.77.1.1/24,1
20201020071736,192.168.1.1/24,6
20201020071738,10.77.1.1/24,3
20201020071739,10.20.30.1/16,5
20201020071741,192.168.1.1/24,61
20201020071742,192.168.1.1/24,8
20201020071743,10.20.30.2/16,4
20201020071744,10.20.30.2/16,31
20201020071745,10.77.1.2/24,-
20201020071747,192.168.1.1/24,1
20201020071748,192.168.1.2/24,79
20201020071749,10.77.1.2/24,95
20201020071751,10.20.30.1/16,8
20201020071752,192.168.1.1/24,2
20201020071754,10.77.1.2/24,30
20201020071756,10.20.30.2/16,6
20201020071757,10.77.1.2/24,-
20201020071758,192.168.1.1/24,-
20201020071759,192.168.1.1/24,-
20201020071800,192.168.1.2/24,1
20201020071801,10.77.1.1/24,69
20201020071803,192.168.1.1/24,6
20201020071804,192.168.1.1/24,-
20201020071806,10.20.30.1/16,92
20201020071807,192.168.1.2/24,6
20201020071808,10.20.30.1/16,3
20201020071809,192.168.1.1/24,-
20201020071810,192.168.1.2/24,5
20201020071811,192.168.1.1/24,2
20201020071812,10.77.1.1/24,40
20201020071813,192.168.1.2/24,2
20201020071815,192.168.1.1/24,-
20201020071816,10.77.1.2/24,8
20201020071817,192.168.1.2/24,5
20201020071818,10.77.1.2/24,7
20201020071819,10.77.1.2/24,4
20201020071820,10.20.30.1/16,98
20201020071821,10.20.30.2/16,23
20201020071822,10.20.30.2/16,7
20201020071823,192.168.1.2/24,-
20201020071824,10.20.30.1/16,-
20201020071825,192.168.1.1/24,41
20201020071826,192.168.1.1/24,7
20201020071828,10.20.30.1/16,6
20201020071829,10.77.1.2/24,47
20201020071831,10.77.1.2/24,33
20201020071832,192.168.1.1/24,79
20201020071833,192.168.1.1/24,8
20201020071834,192.168.1.2/24,1
20201020071836,10.20.30.2/16,3
20201020071837,10.77.1.2/24,-
20201020071838,10.20.30.2/16,9
20201020071839,192.168.1.1/24,-
20201020071840,10.20.30.2/16,-
20201020071841,192.168.1.1/24,19
20201020071842,192.168.1.2/24,-
20201020071844,192.168.1.2/24,1
20201020071845,10.77.1.2/24,10
20201020071846,10.20.30.2/16,5
20201020071847,10.77.1.2/24,67
20201020071849,10.20.30.1/16,11
20201020071850,10.20.30.1/16,39
20201020071852,192.168.1.1/24,1
20201020071853,192.168.1.1/24,6
20201020071854,10.20.30.2/16,-
20201020071856,192.168.1.2/24,15
20201020071857,10.77.1.1/24,7
20201020071858,10.77.1.2/24,-
20201020071900,10.77.1.2/24,9
20201020071901,10.77.1.1/24,-
20201020071902,192.168.1.2/24,2
20201020071903,192.168.1.1/24,26
20201020071904,192.168.1.1/24,8
20201020071905,192.168.1.1/24,5
20201020071906,10.20.30.1/16,31
20201020071907,10.20.30.1/16,63
20201020071908,10.77.1.1/24,-
20201020071910,10.77.1.2/24,99
20201020071911,10.20.30.1/16,8
20201020071912,192.168.1.1/24,16
20201020071914,10.77.1.1/24,1
20201020071915,10.20.30.1/16,19
20201020071916,10.77.1.2/24,-
20201020071917,192.168.1.1/24,60
20201020071918,10.77.1.2/24,76
20201020071919,10.77.1.2/24,-
20201020071920,10.77.1.1/24,7
20201020071921,10.77.1.1/24,-
20201020071922,192.168.1.1/24,38
20201020071923,192.168.1.2/24,4
20201020071924,10.20.30.2/16,-
20201020071925,10.77.1.2/24,3
20201020071926,10.20.30.1/16,-
20201020071928,10.20.30.1/16,13
20201020071930,192.168.1.1/24,7
20201020071931,10.20.30.2/16,3
20201020071932,10.77.1.2/24,87
20201020071933,192.168.1.2/24,2
20201020071934,192.168.1.1/24,2
20201020071935,10.20.30.1/16,-
20201020071936,10.77.1.1/24,39
20201020071938,192.168.1.2/24,6
20201020071940,10.77.1.2/24,-
20201020071941,10.77.1.2/24,8
20201020071942,10.20.30.1/16,-
20201020071944,10.77.1.1/24,9
20201020071945,192.168.1.2/24,13
20201020071946,10.20.30.2/16,5
20201020071947,10.77.1.1/24,3
20201020071948,10.77.1.2/24,9
20201020071949,10.77.1.2/24,9
20201020071950,192.168.1.1/24,11
20201020071951,192.168.1.1/24,-
20201020071952,10.20.30.2/16,9
20201020071953,192.168.1.2/24,13
20201020071954,10.20.30.1/16,-
20201020071956,10.77.1.2/24,27
20201020071958,192.168.1.2/24,22
20201020071959,192.168.1.2/24,5
20201020072001,192.168.1.1/24,92
20201020072003,192.168.1.1/24,14
20201020072004,192.168.1.2/24,-
20201020072005,192.168.1.2/24,62
20201020072007,192.168.1.1/24,7
20201020072008,10.77.1.2/24,1
20201020072009,192.168.1.1/24,5
20201020072010,10.77.1.2/24,-
20201020072011,192.168.1.1/24,5
20201020072012,10.77.1.2/24,-
20201020072014,10.77.1.2/24,9
20201020072015,192.168.1.2/24,1
20201020072016,10.77.1.1/24,-
20201020072017,192.168.1.1/24,1
20201020072019,10.77.1.2/24,3
20201020072020,192.168.1.2/24,64
20201020072022,10.20.30.1/16,56
20201020072023,10.77.1.1/24,79
20201020072024,192.168.1.1/24,2
20201020072025,10.77.1.1/24,-
20201020072027,192.168.1.1/24,8
20201020072029,10.77.1.2/24,-
20201020072030,10.77.1.2/24,16
20201020072031,192.168.1.2/24,2
20201020072032,192.168.1.2/24,25
20201020072033,10.20.30.1/16,3
20201020072034,192.168.1.1/24,-
20201020072036,192.168.1.1/24,8
20201020072038,10.20.30.2/16,-
20201020072040,10.20.30.1/16,8
20201020072041,192.168.1.1/24,25
20201020072042,10.20.30.1/16,-
20201020072043,10.77.1.2/24,-
20201020072044,192.168.1.2/24,-
20201020072045,192.168.1.1/24,10
20201020072046,10.77.1.2/24,2
20201020072047,192.168.1.1/24,8
20201020072048,10.77.1.1/24,83
20201020072049,10.20.30.2/16,16
20201020072050,10.20.30.2/16,-
20201020072051,192.168.1.1/24,9
20201020072053,192.168.1.1/24,2
20201020072054,10.77.1.2/24,4
20201020072055,10.20.30.2/16,-
20201020072057,10.77.1.2/24,-
20201020072058,192.168.1.2/24,-
20201020072100,10.20.30.1/16,-
20201020072102,192.168.1.2/24,-
20201020072103,192.168.1.1/24,4
20201020072105,192.168.1.2/24,-
20201020072107,192.168.1.1/24,6
20201020072109,192.168.1.1/24,15
20201020072110,192.168.1.2/24,-
20201020072111,10.77.1.2/24,9
20201020072112,192.168.1.1/24,74
20201020072113,192.168.1.2/24,98
20201020072114,10.20.30.2/16,5
20201020072115,10.77.1.1/24,-
20201020072116,192.168.1.1/24,1
20201020072117,10.20.30.2/16,4
20201020072119,10.77.1.1/24,-
20201020072120,10.77.1.2/24,20
20201020072122,10.77.1.2/24,2
20201020072123,192.168.1.1/24,8
20201020072124,192.168.1.2/24,1
20201020072125,192.168.1.2/24,7
20201020072126,192.168.1.1/24,5
20201020072127,10.20.30.2/16,12
20201020072128,10.77.1.1/24,2
20201020072130,192.168.1.2/24,4
20201020072131,192.168.1.1/24,8
20201020072132,192.168.1.2/24,-
20201020072133,10.20.30.1/16,27
20201020072134,10.20.30.2/16,-
20201020072136,10.77.1.2/24,9
20201020072137,10.77.1.2/24,7
20201020072138,10.20.30.2/16,9
20201020072139,10.20.30.2/16,-
20201020072141,10.20.30.2/16,-
20201020072142,10.77.1.1/24,74
20201020072143,192.168.1.2/24,4
20201020072144,10.20.30.2/16,7
20201020072145,192.168.1.2/24,3
20201020072147,10.77.1.2/24,6
20201020072148,192.168.1.1/24,17
20201020072149,192.168.1.1/24,5
20201020072150,192.168.1.2/24,9
20201020072151,10.20.30.2/16,-
20201020072152,192.168.1.2/24,25
20201020072153,192.168.1.2/24,3
20201020072155,10.77.1.1/24,-
20201020072156,10.77.1.2/24,-
20201020072157,192.168.1.1/24,8
20201020072158,192.168.1.2/24,8
20201020072159,192.168.1.2/24,3
20201020072200,192.168.1.2/24,10
20201020072201,10.20.30.1/16,2
20201020072202,10.77.1.2/24,9
20201020072203,192.168.1.1/24,5
20201020072205,192.168.1.1/24,4
20201020072206,192.168.1.2/24,85
20201020072207,10.77.1.2/24,8
20201020072208,10.77.1.1/24,19
20201020072209,10.20.30.2/16,65
20201020072211,192.168.1.1/24,53
20201020072212,10.20.30.1/16,6
20201020072213,10.20.30.2/16,90
20201020072214,10.20.30.1/16,64
20201020072215,10.20.30.2/16,8
20201020072217,10.77.1.2/24,9
20201020072218,192.168.1.1/24,29
20201020072219,10.77.1.2/24,-
20201020072220,10.77.1.1/24,3
20201020072221,10.20.30.1/16,7
20201020072222,10.20.30.1/16,2
20201020072224,192.168.1.1/24,46
20201020072226,10.77.1.1/24,-
20201020072227,10.77.1.1/24,2
20201020072228,10.77.1.1/24,70
20201020072229,10.20.30.1/16,6
20201020072230,10.20.30.2/16,2
20201020072231,10.20.30.2/16,2
20201020072232,192.168.1.1/24,2
20201020072233,192.168.1.1/24,52
20201020072234,10.20.30.1/16,29
20201020072235,192.168.1.2/24,9
20201020072236,192.168.1.1/24,-
20201020072237,192.168.1.2/24,5
20201020072239,10.20.30.1/16,-
20201020072241,192.168.1.1/24,4
20201020072242,10.20.30.1/16,2
20201020072243,10.20.30.2/16,-
20201020072244,10.77.1.2/24,5
20201020072245,192.168.1.2/24,7
20201020072246,192.168.1.2/24,6
20201020072247,10.20.30.2/16,-
20201020072248,10.77.1.1/24,-
20201020072250,10.77.1.2/24,7
20201020072251,10.20.30.2/16,-
20201020072253,10.20.30.1/16,6
20201020072254,192.168.1.2/24,-
20201020072256,192.168.1.2/24,4
20201020072257,10.77.1.1/24,5
20201020072258,10.20.30.1/16,-
20201020072300,192.168.1.2/24,3
20201020072301,10.77.1.1/24,-
20201020072302,10.20.30.1/16,4
20201020072303,192.168.1.1/24,9
20201020072304,10.77.1.1/24,-
20201020072305,192.168.1.1/24,29
20201020072306,10.77.1.1/24,-
20201020072307,192.168.1.1/24,5
20201020072309,10.20.30.2/16,38
20201020072310,10.77.1.1/24,71
20201020072311,192.168.1.2/24,-
20201020072312,10.20.30.1/16,6
20201020072313,10.20.30.1/16,23
20201020072314,10.77.1.2/24,-
20201020072315,10.20.30.1/16,8
20201020072316,10.77.1.1/24,7
20201020072317,10.20.30.1/16,-
20201020072318,10.77.1.1/24,-
20201020072319,192.168.1.2/24,10
20201020072321,10.20.30.1/16,-
20201020072322,192.168.1.1/24,5
20201020072323,192.168.1.2/24,8
20201020072324,10.20.30.2/16,4
20201020072325,192.168.1.1/24,-
20201020072326,10.77.1.2/24,-
20201020072327,10.20.30.2/16,2
20201020072328,10.77.1.2/24,8
20201020072330,192.168.1.2/24,1
20201020072331,192.168.1.1/24,-
20201020072332,10.77.1.1/24,-
20201020072333,10.20.30.1/16,9
20201020072334,192.168.1.2/24,2
20201020072336,10.20.30.2/16,7
20201020072337,192.168.1.1/24,23
20201020072339,192.168.1.2/24,-
20201020072340,10.20.30.2/16,4
20201020072341,10.20.30.2/16,-
20201020072342,10.77.1.2/24,96
20201020072344,192.168.1.2/24,5
20201020072345,10.77.1.1/24,9
20201020072346,192.168.1.2/24,85
20201020072348,10.77.1.2/24,7
20201020072349,10.77.1.2/24,9
20201020072350,192.168.1.2/24,5
20201020072351,10.77.1.1/24,3
20201020072353,192.168.1.2/24,-
20201020072354,10.77.1.2/24,2
20201020072355,192.168.1.2/24,65
20201020072356,10.77.1.2/24,66
20201020072358,10.20.30.2/16,10
20201020072400,10.20.30.1/16,7
20201020072401,192.168.1.1/24,9
20201020072402,10.77.1.2/24,4
20201020072403,10.77.1.2/24,-
20201020072405,10.77.1.1/24,8
20201020072406,10.77.1.2/24,3
20201020072407,192.168.1.2/24,4
20201020072409,192.168.1.1/24,7
20201020072410,192.168.1.2/24,1
20201020072411,10.20.30.2/16,-
20201020072412,10.20.30.1/16,2
20201020072413,10.77.1.1/24,31
20201020072415,192.168.1.2/24,48
20201020072416,10.20.30.2/16,1
20201020072417,10.20.30.2/16,-
20201020072418,10.77.1.2/24,59
20201020072420,10.20.30.2/16,12
20201020072421,192.168.1.2/24,-
20201020072422,192.168.1.1/24,4
20201020072424,10.20.30.2/16,90
20201020072425,10.20.30.1/16,2
20201020072426,10.77.1.1/24,2
20201020072427,10.20.30.1/16,-
20201020072428,10.77.1.2/24,6
20201020072430,10.20.30.1/16,83
20201020072431,10.77.1.1/24,-
20201020072433,10.77.1.1/24,12
20201020072434,10.77.1.1/24,16
20201020072435,10.20.30.1/16,-
20201020072437,192.168.1.2/24,45
20201020072439,10.77.1.2/24,41
20201020072441,192.168.1.1/24,5
20201020072442,192.168.1.1/24,-
20201020072443,10.20.30.1/16,93
20201020072444,10.20.30.1/16,6
20201020072445,192.168.1.1/24,8
20201020072446,10.77.1.2/24,-
20201020072447,10.77.1.2/24,2
20201020072449,10.20.30.2/16,-
20201020072450,10.20.30.2/16,-
20201020072452,10.20.30.1/16,9
20201020072453,192.168.1.2/24,4
20201020072454,10.20.30.2/16,5
20201020072455,10.20.30.2/16,77
20201020072456,10.20.30.1/16,55
20201020072457,10.77.1.1/24,9
20201020072459,10.77.1.1/24,-
20201020072501,192.168.1.1/24,6
20201020072502,10.20.30.1/16,4
20201020072503,10.20.30.2/16,-
20201020072504,10.77.1.1/24,-
20201020072505,10.77.1.1/24,69
20201020072506,10.77.1.1/24,5
20201020072507,192.168.1.2/24,6
20201020072509,10.20.30.2/16,-
20201020072510,10.77.1.1/24,9
20201020072511,192.168.1.2/24,11
20201020072512,192.168.1.2/24,9
20201020072513,10.77.1.2/24,5
20201020072514,10.77.1.1/24,7
20201020072515,10.77.1.2/24,39
20201020072516,10.20.30.1/16,98
20201020072517,10.20.30.1/16,7
20201020072519,10.20.30.2/16,3
20201020072520,192.168.1.1/24,-
20201020072521,192.168.1.2/24,22
20201020072522,10.77.1.1/24,5
20201020072524,192.168.1.1/24,87
20201020072526,192.168.1.1/24,17
20201020072527,10.77.1.1/24,5
20201020072529,192.168.1.1/24,5
20201020072530,10.77.1.2/24,2
20201020072531,10.20.30.1/16,8
20201020072532,10.77.1.1/24,6
20201020072533,10.20.30.1/16,-
20201020072534,10.77.1.2/24,-
20201020072535,10.77.1.2/24,5
20201020072536,10.77.1.2/24,1
20201020072537,10.77.1.1/24,3
20201020072538,10.77.1.1/24,1
20201020072539,10.77.1.1/24,9
20201020072540,10.77.1.1/24,-
20201020072541,10.77.1.2/24,2
20201020072542,10.20.30.2/16,73
20201020072543,192.168.1.2/24,7
20201020072544,10.20.30.1/16,9
20201020072545,10.77.1.1/24,75
20201020072546,192.168.1.2/24,49
20201020072547,10.77.1.1/24,-
20201020072548,10.77.1.1/24,7
20201020072549,192.168.1.1/24,5
20201020072550,10.20.30.2/16,-
20201020072551,10.77.1.1/24,3
20201020072552,10.77.1.2/24,2
20201020072554,192.168.1.1/24,-
20201020072555,10.77.1.2/24,-
20201020072556,10.77.1.2/24,-
20201020072557,10.20.30.2/16,8
20201020072558,10.77.1.2/24,-
20201020072600,10.77.1.1/24,-
20201020072601,192.168.1.2/24,7
20201020072602,192.168.1.1/24,-
20201020072603,10.77.1.1/24,-
20201020072604,192.168.1.1/24,-
20201020072606,10.77.1.1/24,-
20201020072607,10.20.30.2/16,4
20201020072608,192.168.1.1/24,-
20201020072609,192.168.1.2/24,-
20201020072611,10.20.30.2/16,2
20201020072613,192.168.1.1/24,4
20201020072615,10.77.1.1/24,5
20201020072616,10.77.1.1/24,30
20201020072617,192.168.1.1/24,9
20201020072618,192.168.1.2/24,-
20201020072620,192.168.1.1/24,3
20201020072621,10.20.30.2/16,9
20201020072623,192.168.1.2/24,1
20201020072624,10.20.30.1/16,-
20201020072625,10.20.30.2/16,8
20201020072626,10.20.30.1/16,20
20201020072627,192.168.1.2/24,4
20201020072628,192.168.1.1/24,42
20201020072629,10.77.1.2/24,6
20201020072630,10.20.30.2/16,-
20201020072631,10.20.30.2/16,92
20201020072632,10.77.1.1/24,-
20201020072633,10.77.1.1/24,4
20201020072635,10.20.30.1/16,9
20201020072636,10.77.1.1/24,1
20201020072638,10.20.30.1/16,-
20201020072640,192.168.1.2/24,22
20201020072641,10.77.1.1/24,-
20201020072642,10.77.1.2/24,5
20201020072643,192.168.1.2/24,1
20201020072644,10.77.1.1/24,3
20201020072646,192.168.1.1/24,51
20201020072647,192.168.1.1/24,2
20201020072648,10.77.1.1/24,5
20201020072649,10.77.1.1/24,37
20201020072650,192.168.1.2/24,4
20201020072651,10.20.30.1/16,3
20201020072652,192.168.1.1/24,2
20201020072653,10.77.1.1/24,-
20201020072654,10.20.30.1/16,4
20201020072655,192.168.1.2/24,-
20201020072656,192.168.1.2/24,90
20201020072657,10.77.1.1/24,-
20201020072658,10.77.1.2/24,9
20201020072659,10.20.30.1/16,27
20201020072700,10.77.1.1/24,-
20201020072701,10.77.1.2/24,8
20201020072702,10.77.1.2/24,-
20201020072703,10.77.1.1/24,6
20201020072704,192.168.1.1/24,-
20201020072705,192.168.1.1/24,5
20201020072706,192.168.1.2/24,4
20201020072708,10.20.30.2/16,3
20201020072709,10.77.1.2/24,74
20201020072710,10.20.30.1/16,2
20201020072711,10.77.1.1/24,-
20201020072712,192.168.1.2/24,9
20201020072713,10.77.1.1/24,1
20201020072714,10.77.1.2/24,4
20201020072715,10.20.30.1/16,-
20201020072716,10.20.30.2/16,2
20201020072717,192.168.1.1/24,-
20201020072718,10.20.30.2/16,-
20201020072719,10.77.1.1/24,3
20201020072721,10.20.30.1/16,6
20201020072722,10.20.30.2/16,-
20201020072723,192.168.1.1/24,-
20201020072724,192.168.1.2/24,4
20201020072725,192.168.1.1/24,4
20201020072726,10.20.30.1/16,8
20201020072727,10.20.30.1/16,-
20201020072728,10.77.1.1/24,3
20201020072729,192.168.1.2/24,9
20201020072730,10.20.30.2/16,1
20201020072731,192.168.1.2/24,1
20201020072732,10.20.30.1/16,-
20201020072733,10.20.30.2/16,36
20201020072734,10.20.30.2/16,7
20201020072735,10.77.1.1/24,-
20201020072736,10.77.1.2/24,3
20201020072737,10.20.30.2/16,6
20201020072738,10.77.1.2/24,72
20201020072739,10.77.1.2/24,38
20201020072740,10.77.1.2/24,5
20201020072741,192.168.1.2/24,25
20201020072742,192.168.1.1/24,9
20201020072743,10.77.1.2/24,9
20201020072744,192.168.1.2/24,2
20201020072745,192.168.1.1/24,9
20201020072746,10.77.1.2/24,97
20201020072748,192.168.1.1/24,-
20201020072749,10.20.30.2/16,5
20201020072750,192.168.1.2/24,4
20201020072751,192.168.1.1/24,-
20201020072753,10.77.1.1/24,3
20201020072755,10.77.1.2/24,-
20201020072756,10.77.1.1/24,7
20201020072757,10.20.30.1/16,5
20201020072758,10.77.1.1/24,-
20201020072800,192.168.1.1/24,7
20201020072801,10.20.30.1/16,9
20201020072803,192.168.1.1/24,3
20201020072804,10.77.1.2/24,-
20201020072805,192.168.1.2/24,7
20201020072806,10.20.30.1/16,-
20201020072807,192.168.1.2/24,86
20201020072809,192.168.1.2/24,6
20201020072810,10.77.1.2/24,6
20201020072811,10.77.1.2/24,-
20201020072812,192.168.1.1/24,5
20201020072813,10.20.30.1/16,21
20201020072814,10.77.1.2/24,7
20201020072816,192.168.1.2/24,5
20201020072817,10.77.1.1/24,7
20201020072819,10.77.1.2/24,27
20201020072821,10.20.30.2/16,8
20201020072823,192.168.1.1/24,7
20201020072825,10.77.1.1/24,-
20201020072826,10.20.30.2/16,-
20201020072827,10.77.1.2/24,-
20201020072828,192.168.1.1/24,8
20201020072829,192.168.1.1/24,-
20201020072830,10.77.1.2/24,4
20201020072832,10.20.30.2/16,-
20201020072834,10.20.30.2/16,7
20201020072836,10.77.1.2/24,-
20201020072838,10.20.30.2/16,7
20201020072840,10.77.1.1/24,3
20201020072841,10.20.30.2/16,5
20201020072842,10.77.1.2/24,61
20201020072843,10.77.1.1/24,10
20201020072844,192.168.1.2/24,8
20201020072845,192.168.1.1/24,9
20201020072846,10.77.1.2/24,3
20201020072847,192.168.1.1/24,-
20201020072848,192.168.1.2/24,-
20201020072850,10.77.1.2/24,57
20201020072851,10.77.1.1/24,7
20201020072852,10.77.1.2/24,-
20201020072854,10.77.1.1/24,6
20201020072855,192.168.1.2/24,2
20201020072856,10.20.30.2/16,86
20201020072857,192.168.1.1/24,-
20201020072858,10.20.30.1/16,8
20201020072859,10.20.30.1/16,-
20201020072900,10.77.1.1/24,5
20201020072901,10.77.1.2/24,29
20201020072902,192.168.1.1/24,9
20201020072904,10.77.1.1/24,46
20201020072905,192.168.1.1/24,9
20201020072907,10.20.30.2/16,74
20201020072908,10.20.30.2/16,94
20201020072909,192.168.1.2/24,3
20201020072910,192.168.1.2/24,-
20201020072911,10.77.1.1/24,1
20201020072912,192.168.1.1/24,8
20201020072913,192.168.1.1/24,47
20201020072915,10.20.30.2/16,10
20201020072916,10.20.30.1/16,-
20201020072917,10.20.30.1/16,7
20201020072918,10.20.30.2/16,-
20201020072919,10.20.30.1/16,9
20201020072920,10.77.1.1/24,-
20201020072921,192.168.1.1/24,8
20201020072922,10.77.1.2/24,4
20201020072923,192.168.1.2/24,21
20201020072924,192.168.1.1/24,2
20201020072925,192.168.1.1/24,-
20201020072926,192.168.1.2/24,3
20201020072928,192.168.1.2/24,8
20201020072929,10.20.30.1/16,-
20201020072930,10.20.30.2/16,-
20201020072931,192.168.1.2/24,6
20201020072932,10.77.1.2/24,8
20201020072933,10.77.1.1/24,8
20201020072935,10.20.30.1/16,5
20201020072936,10.20.30.1/16,17
20201020072937,10.20.30.2/16,-
20201020072938,192.168.1.2/24,17
20201020072939,10.20.30.1/16,51
20201020072940,10.77.1.1/24,3
20201020072942,10.20.30.2/16,3
20201020072943,10.20.30.1/16,6
20201020072944,10.77.1.2/24,9
20201020072945,192.168.1.2/24,7
20201020072946,10.77.1.2/24,6
20201020072947,10.77.1.2/24,-
20201020072949,192.168.1.1/24,24
20201020072950,192.168.1.1/24,-
20201020072951,10.77.1.2/24,5
20201020072952,192.168.1.2/24,3
20201020072953,10.20.30.2/16,1
20201020072954,10.20.30.2/16,3
20201020072955,192.168.1.2/24,6
20201020072956,10.77.1.2/24,9
20201020072957,192.168.1.1/24,-
20201020072959,10.77.1.1/24,-
20201020073001,192.168.1.1/24,3
20201020073002,10.20.30.1/16,-
20201020073003,192.168.1.1/24,15
20201020073005,192.168.1.2/24,90
20201020073007,192.168.1.1/24,1
20201020073008,10.20.30.2/16,-
20201020073009,10.77.1.1/24,7
20201020073010,10.77.1.2/24,70
20201020073011,10.20.30.2/16,-
20201020073012,192.168.1.2/24,6
20201020073013,10.77.1.2/24,63
20201020073014,10.77.1.1/24,22
20201020073015,10.20.30.1/16,-
20201020073016,192.168.1.1/24,9
20201020073017,10.77.1.2/24,2
20201020073018,10.20.30.2/16,7
20201020073020,192.168.1.1/24,7
20201020073021,192.168.1.1/24,-
20201020073022,10.20.30.1/16,6
20201020073023,10.77.1.2/24,71
20201020073024,10.77.1.1/24,1
20201020073025,10.20.30.2/16,-
20201020073026,10.20.30.2/16,7
20201020073028,10.20.30.1/16,35
20201020073029,192.168.1.2/24,2
20201020073031,10.77.1.1/24,5
20201020073032,10.20.30.2/16,4
20201020073034,192.168.1.2/24,-
20201020073035,10.20.30.2/16,96
20201020073036,192.168.1.2/24,4
20201020073037,192.168.1.2/24,3
20201020073038,10.20.30.2/16,9
20201020073039,192.168.1.1/24,-
20201020073041,10.20.30.2/16,9
20201020073043,10.77.1.1/24,-
20201020073045,192.168.1.2/24,59
20201020073046,10.20.30.1/16,9
20201020073047,192.168.1.1/24,30
20201020073048,192.168.1.2/24,1
20201020073050,10.20.30.2/16,3
20201020073051,192.168.1.2/24,1
20201020073053,10.77.1.2/24,-
20201020073054,10.20.30.1/16,-
20201020073055,10.20.30.1/16,47
20201020073056,10.20.30.2/16,72
20201020073057,192.168.1.1/24,59
20201020073059,10.77.1.1/24,1
20201020073100,10.77.1.2/24,50
20201020073101,10.77.1.2/24,7
20201020073103,10.77.1.2/24,-
20201020073105,192.168.1.1/24,5
20201020073106,10.20.30.2/16,5
20201020073107,192.168.1.1/24,9
20201020073108,192.168.1.2/24,2
20201020073110,10.77.1.1/24,8
20201020073112,10.77.1.1/24,-
20201020073113,10.20.30.1/16,7
20201020073114,10.77.1.2/24,9
20201020073115,192.168.1.1/24,4
20201020073116,192.168.1.1/24,80
20201020073118,10.77.1.2/24,9
20201020073119,10.20.30.2/16,6
20201020073120,192.168.1.2/24,2
20201020073121,10.77.1.2/24,2
20201020073122,10.77.1.2/24,-
20201020073124,192.168.1.1/24,95
20201020073125,192.168.1.1/24,-
20201020073126,192.168.1.1/24,-
20201020073127,192.168.1.2/24,9
20201020073128,10.20.30.2/16,-
20201020073129,10.77.1.2/24,15
20201020073130,10.20.30.1/16,-
20201020073132,10.77.1.2/24,38
20201020073133,10.20.30.1/16,67
20201020073134,10.20.30.1/16,4
20201020073135,192.168.1.2/24,-
20201020073136,10.20.30.1/16,50
20201020073138,10.20.30.2/16,9
20201020073140,10.20.30.1/16,3
20201020073141,192.168.1.1/24,-
20201020073142,192.168.1.2/24,7
20201020073143,192.168.1.1/24,90
20201020073144,10.77.1.2/24,74
20201020073146,192.168.1.2/24,3
20201020073147,192.168.1.2/24,-
20201020073148,10.77.1.2/24,-
20201020073150,10.77.1.2/24,-
20201020073151,10.20.30.2/16,-
20201020073152,192.168.1.2/24,28
20201020073154,10.20.30.1/16,33
20201020073155,10.20.30.1/16,-
20201020073156,192.168.1.2/24,-
20201020073157,192.168.1.1/24,4
20201020073158,10.77.1.2/24,42
20201020073159,10.77.1.2/24,5
20201020073201,192.168.1.2/24,86
20201020073202,10.77.1.1/24,78
20201020073203,10.77.1.2/24,45
20201020073204,192.168.1.2/24,6
20201020073205,10.77.1.1/24,6
20201020073207,192.168.1.2/24,3
20201020073208,10.20.30.2/16,3
20201020073209,192.168.1.2/24,58
20201020073210,10.77.1.1/24,22
20201020073212,192.168.1.2/24,-
20201020073214,10.20.30.2/16,-
20201020073215,10.20.30.2/16,-
20201020073217,10.20.30.1/16,20
20201020073219,10.77.1.1/24,82
20201020073220,10.20.30.1/16,1
20201020073221,192.168.1.2/24,8
20201020073222,192.168.1.2/24,5
20201020073223,192.168.1.2/24,24
20201020073224,10.77.1.1/24,7
20201020073225,192.168.1.2/24,8
20201020073226,10.20.30.2/16,6
20201020073228,192.168.1.2/24,6
20201020073229,10.20.30.2/16,3
20201020073231,10.77.1.1/24,5
20201020073232,10.20.30.1/16,68
20201020073233,10.20.30.1/16,-
20201020073234,10.77.1.1/24,7
20201020073236,10.20.30.2/16,81
20201020073237,192.168.1.2/24,53
20201020073238,10.77.1.1/24,5
20201020073240,192.168.1.2/24,-
20201020073241,10.77.1.2/24,25
20201020073242,192.168.1.2/24,-
20201020073243,10.20.30.1/16,3
20201020073244,10.77.1.1/24,16
20201020073245,10.20.30.1/16,4
20201020073246,10.77.1.1/24,69
20201020073247,10.20.30.2/16,9
20201020073248,192.168.1.2/24,-
20201020073249,10.77.1.2/24,8
20201020073250,192.168.1.2/24,-
20201020073252,10.77.1.2/24,-
20201020073253,10.20.30.1/16,3
20201020073254,10.20.30.2/16,-
20201020073255,10.77.1.2/24,-
20201020073256,192.168.1.1/24,99
20201020073257,192.168.1.2/24,46
20201020073259,192.168.1.1/24,23
20201020073300,192.168.1.2/24,87
20201020073302,192.168.1.2/24,6
20201020073303,192.168.1.2/24,4
20201020073304,10.20.30.1/16,4
20201020073305,192.168.1.2/24,6
20201020073306,10.77.1.2/24,-
20201020073307,192.168.1.1/24,1
20201020073308,192.168.1.1/24,0
20201020073310,10.20.30.1/16,3
20201020073311,10.20.30.1/16,-
20201020073312,10.20.30.1/16,3
20201020073314,10.77.1.2/24,4
20201020073315,10.20.30.2/16,3
20201020073316,10.20.30.1/16,18
20201020073317,192.168.1.2/24,17
20201020073319,10.20.30.1/16,-
20201020073321,192.168.1.1/24,-
20201020073322,10.77.1.2/24,58
20201020073323,10.20.30.1/16,94
20201020073324,10.77.1.2/24,61
20201020073325,192.168.1.1/24,7
20201020073326,192.168.1.2/24,9
20201020073327,192.168.1.1/24,57
20201020073328,10.77.1.1/24,4
20201020073329,10.77.1.1/24,-
20201020073330,10.20.30.2/16,7
20201020073332,10.77.1.2/24,-
20201020073333,192.168.1.2/24,37
20201020073334,10.20.30.2/16,11
20201020073335,10.20.30.2/16,1
20201020073336,192.168.1.1/24,97
20201020073337,192.168.1.1/24,-
20201020073338,10.77.1.2/24,89
20201020073339,10.20.30.1/16,82
20201020073340,10.77.1.1/24,6
20201020073342,10.77.1.1/24,1
20201020073343,10.20.30.1/16,-
20201020073344,10.20.30.1/16,-
20201020073346,10.77.1.2/24,33
20201020073348,192.168.1.1/24,7
20201020073349,10.20.30.1/16,8
20201020073350,192.168.1.2/24,5
20201020073351,192.168.1.1/24,3
20201020073353,192.168.1.2/24,-
20201020073354,192.168.1.2/24,4
20201020073355,10.20.30.1/16,-
20201020073356,192.168.1.1/24,2
20201020073357,192.168.1.2/24,40
20201020073358,192.168.1.1/24,4
20201020073359,10.77.1.2/24,-
20201020073400,192.168.1.2/24,2
20201020073402,10.77.1.2/24,-
20201020073404,10.77.1.2/24,-
20201020073405,10.77.1.1/24,7
20201020073406,192.168.1.2/24,5
20201020073408,192.168.1.1/24,82
20201020073410,10.20.30.2/16,-
20201020073411,10.20.30.1/16,6
20201020073412,10.20.30.2/16,6
20201020073413,192.168.1.2/24,-
20201020073414,192.168.1.1/24,39
20201020073415,192.168.1.2/24,5
20201020073416,192.168.1.2/24,-
20201020073417,10.20.30.1/16,-
20201020073418,192.168.1.1/24,4
20201020073419,10.20.30.2/16,3
20201020073420,10.20.30.2/16,-
20201020073421,192.168.1.1/24,8
20201020073422,10.20.30.1/16,42
20201020073423,10.77.1.2/24,51
20201020073424,192.168.1.1/24,-
20201020073425,10.77.1.2/24,-
20201020073427,10.77.1.1/24,6
20201020073428,10.20.30.1/16,-
20201020073429,10.77.1.1/24,68
20201020073431,192.168.1.2/24,10
20201020073432,192.168.1.1/24,4
20201020073433,192.168.1.1/24,-
20201020073434,10.20.30.1/16,7
20201020073436,10.20.30.1/16,4
20201020073437,192.168.1.2/24,9
20201020073439,10.77.1.2/24,-
20201020073441,10.77.1.2/24,-
20201020073442,10.77.1.2/24,-
20201020073443,10.77.1.2/24,2
20201020073444,10.77.1.2/24,7
20201020073445,10.77.1.2/24,4
20201020073446,10.20.30.2/16,2
20201020073447,10.77.1.1/24,3
20201020073448,10.20.30.1/16,3
20201020073449,10.20.30.2/16,7
20201020073450,10.77.1.2/24,7
20201020073451,192.168.1.1/24,-
20201020073452,10.20.30.1/16,84
20201020073453,10.20.30.2/16,2
20201020073454,192.168.1.1/24,-
20201020073455,10.77.1.1/24,2
20201020073456,10.77.1.1/24,62
20201020073457,10.20.30.2/16,8
20201020073459,10.77.1.2/24,7
20201020073500,10.20.30.2/16,-
20201020073501,192.168.1.2/24,74
20201020073502,192.168.1.1/24,5
20201020073503,192.168.1.1/24,7
20201020073504,192.168.1.1/24,60
20201020073505,10.20.30.2/16,-
20201020073506,192.168.1.1/24,7
20201020073507,192.168.1.2/24,7
20201020073509,10.77.1.2/24,-
20201020073510,10.20.30.2/16,1
20201020073511,10.20.30.2/16,86
20201020073512,192.168.1.2/24,8
20201020073513,192.168.1.1/24,-
20201020073514,192.168.1.1/24,2
20201020073515,10.77.1.1/24,2
20201020073516,192.168.1.1/24,7
20201020073518,10.20.30.1/16,-
20201020073519,10.77.1.2/24,9
20201020073520,192.168.1.2/24,14
20201020073521,10.77.1.1/24,35
20201020073522,10.20.30.1/16,-
20201020073523,10.77.1.1/24,49
20201020073525,10.20.30.2/16,61
20201020073527,192.168.1.2/24,4
20201020073528,10.77.1.2/24,8
20201020073530,10.20.30.1/16,3
20201020073531,10.20.30.1/16,7
20201020073532,10.77.1.1/24,9
20201020073534,192.168.1.1/24,4
20201020073535,10.20.30.1/16,35
20201020073536,10.77.1.2/24,12
20201020073537,10.77.1.1/24,7
20201020073538,10.77.1.1/24,36
20201020073539,192.168.1.2/24,-
20201020073540,10.20.30.2/16,4
20201020073541,192.168.1.1/24,-
20201020073542,10.77.1.2/24,6
20201020073543,10.77.1.1/24,4
20201020073544,10.20.30.1/16,3
20201020073545,10.77.1.2/24,1
20201020073546,10.77.1.1/24,-
20201020073548,10.20.30.2/16,7
20201020073549,10.20.30.1/16,2
20201020073551,10.77.1.1/24,-
20201020073552,192.168.1.2/24,76
20201020073553,10.20.30.1/16,28
20201020073555,10.20.30.2/16,8
20201020073556,10.77.1.1/24,3
20201020073558,10.77.1.2/24,2
20201020073559,10.77.1.2/24,2
20201020073600,10.77.1.2/24,-
20201020073601,192.168.1.2/24,6
20201020073603,10.77.1.2/24,5
20201020073605,192.168.1.1/24,9
20201020073606,192.168.1.2/24,-
20201020073608,192.168.1.1/24,86
20201020073610,192.168.1.2/24,55
20201020073611,192.168.1.1/24,10
20201020073613,192.168.1.1/24,6
20201020073615,10.20.30.2/16,2
20201020073616,10.20.30.2/16,8
20201020073617,192.168.1.1/24,2
20201020073618,192.168.1.2/24,4
20201020073619,192.168.1.2/24,7
20201020073621,10.77.1.1/24,4
20201020073622,10.77.1.2/24,20
20201020073624,192.168.1.1/24,69
20201020073625,10.20.30.2/16,-
20201020073627,10.20.30.1/16,68
20201020073629,10.20.30.1/16,-
20201020073631,10.77.1.2/24,-
20201020073633,10.20.30.2/16,-
20201020073634,10.77.1.2/24,65
20201020073636,10.20.30.1/16,47
20201020073638,10.77.1.1/24,99
20201020073640,10.77.1.2/24,5
20201020073642,10.20.30.1/16,23
20201020073643,192.168.1.1/24,8
20201020073645,10.20.30.2/16,-
20201020073646,10.20.30.1/16,-
20201020073647,10.77.1.2/24,16
20201020073648,10.20.30.1/16,5
20201020073649,10.20.30.1/16,67
20201020073650,10.20.30.1/16,7
20201020073651,192.168.1.1/24,3
20201020073652,10.77.1.1/24,8
20201020073654,10.20.30.2/16,1
20201020073655,10.20.30.1/16,-
20201020073656,192.168.1.1/24,42
20201020073657,10.20.30.1/16,6
20201020073659,10.20.30.1/16,4
20201020073700,10.20.30.1/16,12
20201020073701,10.20.30.2/16,48
20201020073702,10.77.1.1/24,-
20201020073704,10.77.1.1/24,-
20201020073705,192.168.1.2/24,76
20201020073706,10.20.30.2/16,78
20201020073707,10.20.30.1/16,3
20201020073708,10.77.1.1/24,64
20201020073709,10.77.1.2/24,-
20201020073710,10.20.30.1/16,-
20201020073711,10.20.30.2/16,1
20201020073712,10.20.30.2/16,90
20201020073713,192.168.1.1/24,-
20201020073714,10.77.1.1/24,-
20201020073716,10.77.1.2/24,7
20201020073717,192.168.1.1/24,1
20201020073718,192.168.1.2/24,-
20201020073719,10.77.1.2/24,12
20201020073720,10.20.30.1/16,3
20201020073721,10.20.30.1/16,-
20201020073722,10.77.1.2/24,-
20201020073724,192.168.1.2/24,1
20201020073725,10.77.1.1/24,45
20201020073726,192.168.1.1/24,3
20201020073728,10.77.1.1/24,6
20201020073729,10.20.30.1/16,4
20201020073730,10.77.1.2/24,18
20201020073731,10.20.30.1/16,4
20201020073732,10.20.30.2/16,8
20201020073733,10.77.1.1/24,4
20201020073734,10.20.30.2/16,6
20201020073735,192.168.1.1/24,6
20201020073736,192.168.1.1/24,-
20201020073737,10.77.1.1/24,13
20201020073738,10.20.30.1/16,8
20201020073739,10.20.30.1/16,6
20201020073740,10.77.1.1/24,-
20201020073741,10.20.30.1/16,1
20201020073742,10.20.30.2/16,9
20201020073743,192.168.1.1/24,5
20201020073745,192.168.1.1/24,61
20201020073747,10.77.1.1/24,-
20201020073748,192.168.1.1/24,7
20201020073749,192.168.1.2/24,7
20201020073750,10.77.1.2/24,5
20201020073751,192.168.1.2/24,4
20201020073752,192.168.1.2/24,36
20201020073753,10.20.30.2/16,7
20201020073755,10.77.1.1/24,6
20201020073756,192.168.1.1/24,7
20201020073757,10.20.30.1/16,-
20201020073758,10.77.1.1/24,-
20201020073759,10.20.30.2/16,13
20201020073800,10.77.1.1/24,90
20201020073801,192.168.1.1/24,3
20201020073802,192.168.1.2/24,-
20201020073803,192.168.1.1/24,2
20201020073804,10.77.1.2/24,1
20201020073806,10.20.30.1/16,8
20201020073808,10.20.30.1/16,-
20201020073809,10.20.30.1/16,-
20201020073810,10.20.30.2/16,3
20201020073812,192.168.1.1/24,97
20201020073813,10.20.30.1/16,5
20201020073814,10.20.30.2/16,90
20201020073816,10.20.30.1/16,2
20201020073818,10.77.1.1/24,8
20201020073819,192.168.1.1/24,-
20201020073820,192.168.1.1/24,9
20201020073821,10.77.1.2/24,-
20201020073822,10.77.1.2/24,93
20201020073823,10.77.1.1/24,43
20201020073824,10.20.30.2/16,3
20201020073825,10.20.30.2/16,23
20201020073826,10.20.30.2/16,6
20201020073827,192.168.1.2/24,9
20201020073828,192.168.1.2/24,-
20201020073829,10.77.1.2/24,3
20201020073830,192.168.1.1/24,65
20201020073831,192.168.1.2/24,2
20201020073832,192.168.1.1/24,9
20201020073834,10.77.1.1/24,-
20201020073835,192.168.1.1/24,1
20201020073836,192.168.1.1/24,8
20201020073837,10.20.30.2/16,5
20201020073838,192.168.1.1/24,1
20201020073839,10.77.1.1/24,0
20201020073840,192.168.1.2/24,-
20201020073841,192.168.1.1/24,2
20201020073842,192.168.1.1/24,8
20201020073844,192.168.1.1/24,4
20201020073845,192.168.1.1/24,31
20201020073846,10.77.1.1/24,88
20201020073847,10.77.1.2/24,6
20201020073848,192.168.1.1/24,8
20201020073849,192.168.1.1/24,-
20201020073851,192.168.1.2/24,94
20201020073852,192.168.1.2/24,5
20201020073854,192.168.1.2/24,-
20201020073855,192.168.1.2/24,3
20201020073856,10.20.30.1/16,-
20201020073857,10.20.30.2/16,22
20201020073858,10.20.30.2/16,2
20201020073859,10.77.1.2/24,-
20201020073901,10.20.30.2/16,-
20201020073902,10.20.30.1/16,19
20201020073903,192.168.1.2/24,1
20201020073904,10.77.1.1/24,6
20201020073905,10.20.30.1/16,4
20201020073906,10.20.30.1/16,9
20201020073907,192.168.1.2/24,2
20201020073908,192.168.1.1/24,4
20201020073909,10.20.30.2/16,1
20201020073910,10.20.30.1/16,-
20201020073911,10.20.30.2/16,6
20201020073912,10.77.1.1/24,5
20201020073914,192.168.1.1/24,9
20201020073915,10.20.30.1/16,66
20201020073916,10.77.1.2/24,-
20201020073918,10.20.30.2/16,2
20201020073919,10.77.1.1/24,76
20201020073920,10.20.30.1/16,1
20201020073921,10.77.1.2/24,-
20201020073922,10.20.30.2/16,2
20201020073923,192.168.1.2/24,-
20201020073925,10.77.1.2/24,4
20201020073926,192.168.1.1/24,1
20201020073927,10.20.30.1/16,2
20201020073928,10.77.1.2/24,2
20201020073929,10.77.1.1/24,2
20201020073930,10.77.1.2/24,0
20201020073932,192.168.1.1/24,3
20201020073934,10.20.30.2/16,-
20201020073936,10.77.1.2/24,-
20201020073937,10.77.1.2/24,-
20201020073939,10.77.1.1/24,2
20201020073941,192.168.1.1/24,15
20201020073942,192.168.1.1/24,-
20201020073944,192.168.1.1/24,-
20201020073945,192.168.1.2/24,-
20201020073947,10.20.30.2/16,-
20201020073948,10.20.30.1/16,-
20201020073949,10.77.1.1/24,2
20201020073950,192.168.1.2/24,5
20201020073951,10.20.30.1/16,-
20201020073952,10.20.30.2/16,3
20201020073953,192.168.1.1/24,8
20201020073955,10.20.30.1/16,69
20201020073956,10.20.30.2/16,-
20201020073958,10.20.30.1/16,5
20201020074000,10.77.1.2/24,-
20201020074001,192.168.1.2/24,8
20201020074002,10.20.30.2/16,-
20201020074003,10.77.1.2/24,84
20201020074005,192.168.1.2/24,42
20201020074006,10.20.30.2/16,9
20201020074008,10.20.30.2/16,98
20201020074009,10.77.1.2/24,9
20201020074011,10.20.30.2/16,7
20201020074012,192.168.1.2/24,9
20201020074013,10.20.30.1/16,-
20201020074015,10.77.1.2/24,-
20201020074016,10.77.1.1/24,13
20201020074017,10.77.1.1/24,-
20201020074018,10.77.1.2/24,20
20201020074019,192.168.1.2/24,9
20201020074021,192.168.1.2/24,9
20201020074023,10.77.1.1/24,2
20201020074024,192.168.1.2/24,4
20201020074025,10.77.1.2/24,7
20201020074026,10.77.1.1/24,26
20201020074027,10.77.1.1/24,1
20201020074029,10.20.30.1/16,5
20201020074030,10.77.1.2/24,50
20201020074031,10.77.1.1/24,24
20201020074032,192.168.1.1/24,6
20201020074033,10.77.1.2/24,6
20201020074034,10.77.1.1/24,8
20201020074035,10.77.1.2/24,6
20201020074037,10.77.1.2/24,2
20201020074038,10.20.30.2/16,9
20201020074039,192.168.1.2/24,-
20201020074040,10.77.1.1/24,6
20201020074041,10.20.30.1/16,2
20201020074043,10.20.30.1/16,6
20201020074044,192.168.1.1/24,1
20201020074046,192.168.1.2/24,2
20201020074047,10.20.30.1/16,5
20201020074048,10.77.1.1/24,-
20201020074049,10.20.30.1/16,-
20201020074050,10.20.30.1/16,54
20201020074051,10.20.30.2/16,81
20201020074052,192.168.1.2/24,-
20201020074053,192.168.1.2/24,-
20201020074054,10.77.1.2/24,6
20201020074055,192.168.1.2/24,58
20201020074057,192.168.1.2/24,4
20201020074059,192.168.1.1/24,1
20201020074100,10.20.30.1/16,-
20201020074101,10.77.1.2/24,7
20201020074102,192.168.1.1/24,9
20201020074103,192.168.1.2/24,-
20201020074104,10.20.30.2/16,-
20201020074105,192.168.1.1/24,97
20201020074106,192.168.1.2/24,2
20201020074108,10.77.1.1/24,-
20201020074110,192.168.1.2/24,1
20201020074111,10.20.30.2/16,9
20201020074112,192.168.1.2/24,3
20201020074113,192.168.1.2/24,9
20201020074114,192.168.1.1/24,9
20201020074115,10.77.1.2/24,9
20201020074116,10.77.1.2/24,2
20201020074118,10.77.1.1/24,-
20201020074119,192.168.1.1/24,-
20201020074121,192.168.1.1/24,11
20201020074122,192.168.1.2/24,26
20201020074123,192.168.1.2/24,1
20201020074124,10.77.1.1/24,56
20201020074125,192.168.1.2/24,-
20201020074126,10.77.1.1/24,9
20201020074127,192.168.1.1/24,2
20201020074128,192.168.1.2/24,7
20201020074129,192.168.1.2/24,6
20201020074130,10.77.1.2/24,-
20201020074132,10.20.30.2/16,-
20201020074133,192.168.1.2/24,8
20201020074134,10.20.30.1/16,82
20201020074135,192.168.1.2/24,11
20201020074136,10.20.30.2/16,-
20201020074137,192.168.1.1/24,6
20201020074138,10.20.30.1/16,56
20201020074140,10.20.30.2/16,49
20201020074141,10.77.1.2/24,4
20201020074142,10.20.30.2/16,19
20201020074143,10.77.1.1/24,4
20201020074145,192.168.1.2/24,2
20201020074146,10.77.1.1/24,64
20201020074147,192.168.1.2/24,-
20201020074149,192.168.1.2/24,-
20201020074151,10.77.1.1/24,-
20201020074152,10.77.1.2/24,3
20201020074153,10.20.30.2/16,5
20201020074154,10.77.1.2/24,9
20201020074155,192.168.1.1/24,-
20201020074157,10.20.30.1/16,-
20201020074159,10.77.1.1/24,51
20201020074201,10.77.1.1/24,-
20201020074202,10.77.1.1/24,-
20201020074204,10.77.1.1/24,2
20201020074205,10.77.1.1/24,5
20201020074206,10.77.1.2/24,62
20201020074207,10.20.30.1/16,6
20201020074208,192.168.1.1/24,86
20201020074209,10.77.1.2/24,61
20201020074211,192.168.1.2/24,63
20201020074212,192.168.1.2/24,6
20201020074213,192.168.1.1/24,24
20201020074214,10.20.30.2/16,32
20201020074215,10.20.30.1/16,14
20201020074216,192.168.1.1/24,6
20201020074217,10.20.30.2/16,-
20201020074219,192.168.1.2/24,10
20201020074220,10.77.1.2/24,7
20201020074222,192.168.1.1/24,1
20201020074223,10.77.1.2/24,9
20201020074224,192.168.1.2/24,8
20201020074225,10.20.30.1/16,9
20201020074226,10.77.1.1/24,6
20201020074227,10.20.30.1/16,37
20201020074228,10.77.1.2/24,3
20201020074230,10.20.30.1/16,5
20201020074231,10.77.1.1/24,5
20201020074233,10.20.30.1/16,-
20201020074234,192.168.1.1/24,1
20201020074235,192.168.1.2/24,6
20201020074236,10.77.1.1/24,21
20201020074237,10.77.1.2/24,3
20201020074238,10.77.1.1/24,1
20201020074240,192.168.1.2/24,8
20201020074242,10.20.30.1/16,-
20201020074244,10.20.30.1/16,6
20201020074245,10.20.30.2/16,8
20201020074246,10.20.30.1/16,84
20201020074248,10.77.1.2/24,4
20201020074250,192.168.1.1/24,5
20201020074251,10.77.1.1/24,62
20201020074252,10.20.30.2/16,-
20201020074253,10.20.30.2/16,2
20201020074254,192.168.1.1/24,48
20201020074255,192.168.1.2/24,74
20201020074257,192.168.1.2/24,22
20201020074258,10.20.30.1/16,6
20201020074259,192.168.1.1/24,-
20201020074300,10.77.1.1/24,1
20201020074301,10.77.1.1/24,9
20201020074302,192.168.1.1/24,6
20201020074303,10.20.30.1/16,78
20201020074305,10.77.1.1/24,6
20201020074306,10.77.1.1/24,6
20201020074307,10.20.30.2/16,3
20201020074308,10.20.30.1/16,5
20201020074309,10.20.30.2/16,4
20201020074310,10.20.30.2/16,-
20201020074311,10.20.30.1/16,-
20201020074312,10.77.1.1/24,7
20201020074313,192.168.1.2/24,3
20201020074314,192.168.1.1/24,14
20201020074315,192.168.1.1/24,5
20201020074316,10.20.30.1/16,5
20201020074317,10.77.1.1/24,-
20201020074318,10.20.30.1/16,-
20201020074319,192.168.1.1/24,-
20201020074320,192.168.1.1/24,12
20201020074322,10.20.30.2/16,8
20201020074323,192.168.1.2/24,4
20201020074325,10.20.30.1/16,8
20201020074327,192.168.1.1/24,-
20201020074328,10.77.1.2/24,-
20201020074329,10.77.1.1/24,94
20201020074330,192.168.1.2/24,-
20201020074331,10.77.1.1/24,81
20201020074332,10.77.1.1/24,-
20201020074333,192.168.1.1/24,3
20201020074334,10.77.1.2/24,8
20201020074336,10.20.30.2/16,54
20201020074337,10.77.1.1/24,8
20201020074338,10.77.1.2/24,-
20201020074340,192.168.1.2/24,-
20201020074341,192.168.1.2/24,9
20201020074342,10.77.1.2/24,7
20201020074343,10.77.1.2/24,5
20201020074344,10.20.30.1/16,7
20201020074345,10.20.30.2/16,71
20201020074346,10.20.30.2/16,56
20201020074348,10.20.30.1/16,4
20201020074349,10.20.30.2/16,2
20201020074350,192.168.1.2/24,6
20201020074351,10.77.1.2/24,6
20201020074352,10.77.1.1/24,9
20201020074353,10.20.30.1/16,3
20201020074354,10.77.1.2/24,-
20201020074355,10.20.30.2/16,7
20201020074357,192.168.1.2/24,3
20201020074358,10.77.1.1/24,1
20201020074359,10.20.30.1/16,4
20201020074400,10.77.1.1/24,8
20201020074401,10.20.30.1/16,-
20201020074403,10.20.30.1/16,7
20201020074404,192.168.1.1/24,4
20201020074406,10.77.1.2/24,-
20201020074407,192.168.1.2/24,-
20201020074409,192.168.1.2/24,3
20201020074410,192.168.1.2/24,7
20201020074411,10.20.30.1/16,50
20201020074412,10.77.1.1/24,4
20201020074413,10.20.30.1/16,5
20201020074414,10.77.1.1/24,0
20201020074415,192.168.1.2/24,14
20201020074416,10.77.1.2/24,1
20201020074418,192.168.1.1/24,8
20201020074419,10.20.30.1/16,29
20201020074420,192.168.1.2/24,6
20201020074421,10.20.30.1/16,9
20201020074422,10.77.1.2/24,4
20201020074423,192.168.1.2/24,7
20201020074424,192.168.1.1/24,9
20201020074426,10.77.1.1/24,13
20201020074427,192.168.1.2/24,54
20201020074428,10.20.30.1/16,-
20201020074429,10.20.30.1/16,15
20201020074430,10.20.30.1/16,6
20201020074431,192.168.1.1/24,66
20201020074432,192.168.1.2/24,8
20201020074434,10.77.1.2/24,3
20201020074435,10.77.1.1/24,-
20201020074436,10.20.30.1/16,9
20201020074437,10.77.1.2/24,2
20201020074439,192.168.1.2/24,-
20201020074440,10.20.30.2/16,9
20201020074441,10.20.30.2/16,43
20201020074442,10.20.30.2/16,7
20201020074443,10.20.30.1/16,-
20201020074444,10.20.30.2/16,-
20201020074445,10.77.1.2/24,-
20201020074447,10.20.30.1/16,42
20201020074448,10.77.1.1/24,4
20201020074449,192.168.1.2/24,-
20201020074450,192.168.1.2/24,5
20201020074452,10.20.30.2/16,42
20201020074453,192.168.1.2/24,6
20201020074454,192.168.1.1/24,89
20201020074455,10.77.1.2/24,4
20201020074456,10.77.1.1/24,40
20201020074457,192.168.1.2/24,6
20201020074458,10.20.30.1/16,37
20201020074459,10.20.30.2/16,10
20201020074500,10.20.30.1/16,5
20201020074501,192.168.1.1/24,7
20201020074502,192.168.1.2/24,7
20201020074503,192.168.1.1/24,7
20201020074504,10.20.30.1/16,-
20201020074505,192.168.1.2/24,-
20201020074507,192.168.1.2/24,-
20201020074508,192.168.1.2/24,-
20201020074509,10.20.30.1/16,69
20201020074510,10.20.30.1/16,87
20201020074511,192.168.1.1/24,59
20201020074512,10.20.30.2/16,-
20201020074514,192.168.1.1/24,3
20201020074516,10.77.1.1/24,5
20201020074518,10.77.1.2/24,7
20201020074519,192.168.1.2/24,5
20201020074521,192.168.1.2/24,6
20201020074523,10.20.30.2/16,2
20201020074524,10.20.30.1/16,88
20201020074525,192.168.1.2/24,3
20201020074526,10.20.30.2/16,46
20201020074527,10.20.30.2/16,5
20201020074528,10.77.1.1/24,39
20201020074529,192.168.1.1/24,96
20201020074530,10.20.30.1/16,1
20201020074531,10.77.1.2/24,60
20201020074532,10.20.30.1/16,43
20201020074534,10.77.1.2/24,-
20201020074535,10.20.30.2/16,5
20201020074537,10.20.30.2/16,9
20201020074538,192.168.1.1/24,5
20201020074539,10.20.30.1/16,79
20201020074540,10.20.30.1/16,3
20201020074541,10.77.1.2/24,5
20201020074543,10.77.1.1/24,8
20201020074545,10.77.1.2/24,8
20201020074546,10.20.30.1/16,28
20201020074547,192.168.1.2/24,-
20201020074548,10.77.1.2/24,2
20201020074549,192.168.1.1/24,4
20201020074550,192.168.1.2/24,-
20201020074552,10.77.1.1/24,-
20201020074553,10.20.30.1/16,2
20201020074554,10.20.30.1/16,99
20201020074556,10.77.1.2/24,-
20201020074557,10.77.1.2/24,8
20201020074558,10.20.30.2/16,6
20201020074559,10.20.30.1/16,11
20201020074601,10.20.30.2/16,4
20201020074602,192.168.1.2/24,6
20201020074603,10.77.1.2/24,-
20201020074604,10.20.30.2/16,9
20201020074605,192.168.1.1/24,65
20201020074606,10.77.1.2/24,11
20201020074607,10.77.1.2/24,7
20201020074608,10.77.1.1/24,5
20201020074609,192.168.1.2/24,-
20201020074611,192.168.1.1/24,1
20201020074612,192.168.1.1/24,10
20201020074613,10.20.30.2/16,-
20201020074614,10.77.1.1/24,6
20201020074615,192.168.1.1/24,18
20201020074616,192.168.1.2/24,97
20201020074617,192.168.1.2/24,9
20201020074618,192.168.1.1/24,1
20201020074619,192.168.1.1/24,-
20201020074620,192.168.1.2/24,-
20201020074621,10.77.1.1/24,69
20201020074623,10.20.30.2/16,-
20201020074624,192.168.1.1/24,57
20201020074625,10.77.1.2/24,-
20201020074627,10.20.30.1/16,5
20201020074628,10.77.1.1/24,2
20201020074629,192.168.1.2/24,5
20201020074630,10.77.1.1/24,3
20201020074631,10.77.1.1/24,28
20201020074632,10.20.30.1/16,-
20201020074633,10.77.1.1/24,45
20201020074634,10.77.1.2/24,7
20201020074635,10.20.30.1/16,83
20201020074637,10.77.1.2/24,3
20201020074638,192.168.1.1/24,6
20201020074639,192.168.1.2/24,-
20201020074640,10.77.1.2/24,39
20201020074641,192.168.1.2/24,6
20201020074642,192.168.1.2/24,6
20201020074643,192.168.1.2/24,26
20201020074644,10.20.30.1/16,1
20201020074646,192.168.1.2/24,-
20201020074647,192.168.1.2/24,-
20201020074648,10.20.30.1/16,-
20201020074649,192.168.1.1/24,-
20201020074651,10.20.30.1/16,20
20201020074652,10.20.30.2/16,4
20201020074653,192.168.1.1/24,-
20201020074654,192.168.1.2/24,39
20201020074656,192.168.1.2/24,-
20201020074658,10.77.1.2/24,-
20201020074659,10.77.1.2/24,5
20201020074700,192.168.1.1/24,-
20201020074701,10.20.30.1/16,12
20201020074702,10.20.30.1/16,2
20201020074703,192.168.1.2/24,9
20201020074704,192.168.1.2/24,79
20201020074705,10.20.30.1/16,14
20201020074706,10.77.1.2/24,5
20201020074707,10.20.30.1/16,9
20201020074709,10.77.1.1/24,18
20201020074710,192.168.1.2/24,5
20201020074711,10.77.1.1/24,1
20201020074712,192.168.1.2/24,8
20201020074713,192.168.1.2/24,-
20201020074714,10.77.1.1/24,57
20201020074715,10.20.30.2/16,4
20201020074716,10.77.1.2/24,9
20201020074717,192.168.1.2/24,4
20201020074718,192.168.1.2/24,2
20201020074720,10.20.30.1/16,9
20201020074722,10.77.1.2/24,6
20201020074723,10.77.1.2/24,-
20201020074724,10.77.1.1/24,20
20201020074726,10.20.30.2/16,6
20201020074727,192.168.1.2/24,-
20201020074728,10.77.1.2/24,10
20201020074729,192.168.1.2/24,-
20201020074730,10.77.1.1/24,4
20201020074731,192.168.1.2/24,3
20201020074732,10.77.1.1/24,1
20201020074733,10.20.30.2/16,-
20201020074734,192.168.1.2/24,-
20201020074735,192.168.1.2/24,53
20201020074737,192.168.1.1/24,58
20201020074738,192.168.1.2/24,10
20201020074740,10.77.1.1/24,4
20201020074741,192.168.1.2/24,8
20201020074742,10.77.1.1/24,-
20201020074743,192.168.1.1/24,-
20201020074744,10.77.1.1/24,-
20201020074746,10.77.1.1/24,87
20201020074747,10.77.1.2/24,-
20201020074748,10.20.30.2/16,41
20201020074749,192.168.1.1/24,-
20201020074750,10.77.1.1/24,7
20201020074752,10.20.30.2/16,3
20201020074754,192.168.1.1/24,15
20201020074755,192.168.1.1/24,6
20201020074756,10.77.1.1/24,2
20201020074757,10.20.30.2/16,2
20201020074758,10.77.1.2/24,9
20201020074759,192.168.1.2/24,6
20201020074800,192.168.1.1/24,-
20201020074802,10.77.1.2/24,1
20201020074803,10.77.1.1/24,9
20201020074804,192.168.1.1/24,6
20201020074806,10.77.1.2/24,-
20201020074808,10.20.30.1/16,7
20201020074810,192.168.1.2/24,3
20201020074811,192.168.1.2/24,4
20201020074813,192.168.1.2/24,-
20201020074814,192.168.1.1/24,10
20201020074815,10.77.1.1/24,8
20201020074816,192.168.1.1/24,5
20201020074817,192.168.1.2/24,4
20201020074818,10.77.1.2/24,6
20201020074819,10.77.1.2/24,83
20201020074821,10.20.30.1/16,7
20201020074822,10.20.30.1/16,11
20201020074823,192.168.1.1/24,66
20201020074824,10.77.1.2/24,-
20201020074825,192.168.1.2/24,1
20201020074827,10.20.30.1/16,4
20201020074828,192.168.1.2/24,1
20201020074829,10.20.30.1/16,13
20201020074831,10.20.30.1/16,90
20201020074832,10.20.30.1/16,-
20201020074833,192.168.1.2/24,6
20201020074834,192.168.1.1/24,24
20201020074835,192.168.1.2/24,-
20201020074836,192.168.1.1/24,1
20201020074837,192.168.1.1/24,-
20201020074839,10.77.1.1/24,6
20201020074840,10.20.30.1/16,7
20201020074841,10.20.30.1/16,90
20201020074842,192.168.1.2/24,57
20201020074843,192.168.1.2/24,7
20201020074844,10.77.1.1/24,19
20201020074846,10.20.30.1/16,8
20201020074847,192.168.1.1/24,4
20201020074848,10.77.1.1/24,3
20201020074849,192.168.1.2/24,18
20201020074850,192.168.1.2/24,-
20201020074852,192.168.1.1/24,58
20201020074853,10.20.30.1/16,-
20201020074855,192.168.1.1/24,23
20201020074856,10.20.30.2/16,1
20201020074857,10.77.1.2/24,15
20201020074859,10.20.30.1/16,-
20201020074901,192.168.1.1/24,8
20201020074902,10.20.30.2/16,20
20201020074903,10.20.30.2/16,11
20201020074905,10.77.1.2/24,23
20201020074906,10.20.30.1/16,5
20201020074907,10.77.1.2/24,-
20201020074908,10.20.30.2/16,2
20201020074910,192.168.1.2/24,9
20201020074911,10.77.1.1/24,51
20201020074912,10.20.30.2/16,-
20201020074913,10.77.1.1/24,3
20201020074915,10.77.1.2/24,-
20201020074917,192.168.1.1/24,-
20201020074919,10.20.30.1/16,1
20201020074920,10.77.1.1/24,9
20201020074922,192.168.1.1/24,8
20201020074923,192.168.1.2/24,55
20201020074924,10.77.1.2/24,5
20201020074925,10.77.1.2/24,3
20201020074927,10.77.1.2/24,8
20201020074928,192.168.1.1/24,-
20201020074929,10.20.30.1/16,4
20201020074931,10.77.1.1/24,5
20201020074932,192.168.1.2/24,-
20201020074933,10.20.30.2/16,8
20201020074935,10.20.30.2/16,2
20201020074936,10.20.30.1/16,4
20201020074937,192.168.1.1/24,1
20201020074938,10.20.30.1/16,4
20201020074939,10.20.30.2/16,75
20201020074940,10.77.1.1/24,3
20201020074941,10.20.30.1/16,-
20201020074942,192.168.1.2/24,13
20201020074944,10.77.1.1/24,2
20201020074945,10.20.30.1/16,8
20201020074946,192.168.1.2/24,7
20201020074947,192.168.1.1/24,8
20201020074948,10.77.1.1/24,-
20201020074949,10.20.30.1/16,-
20201020074951,10.77.1.1/24,9
20201020074953,10.77.1.1/24,19
20201020074954,192.168.1.2/24,-
20201020074955,10.77.1.2/24,4
20201020074956,192.168.1.2/24,-
20201020074957,10.77.1.2/24,-
20201020074958,192.168.1.1/24,17
20201020074959,10.77.1.1/24,7
20201020075000,192.168.1.1/24,-
20201020075001,10.77.1.2/24,3
20201020075003,10.77.1.2/24,8
20201020075004,10.20.30.1/16,8
20201020075006,10.20.30.2/16,4
20201020075008,10.77.1.1/24,-
20201020075009,10.77.1.1/24,6
20201020075010,10.20.30.1/16,-
20201020075011,192.168.1.2/24,43
20201020075012,10.20.30.1/16,-
20201020075013,10.77.1.2/24,29
20201020075014,10.20.30.2/16,-
20201020075015,192.168.1.2/24,6
20201020075016,10.20.30.1/16,-
20201020075017,192.168.1.1/24,3
20201020075018,10.20.30.2/16,9
20201020075019,10.20.30.2/16,51
20201020075020,10.20.30.1/16,20
20201020075021,10.77.1.2/24,2
20201020075022,10.77.1.1/24,-
20201020075023,192.168.1.1/24,-
20201020075025,192.168.1.1/24,-
20201020075026,10.20.30.1/16,8
20201020075027,192.168.1.2/24,-
20201020075029,10.20.30.2/16,-
20201020075030,10.77.1.2/24,-
20201020075031,10.20.30.1/16,6
20201020075033,192.168.1.1/24,-
20201020075035,192.168.1.2/24,3
20201020075036,10.20.30.2/16,3
20201020075037,10.20.30.2/16,1
20201020075038,10.77.1.1/24,-
20201020075039,192.168.1.2/24,15
20201020075040,10.77.1.2/24,-
20201020075041,10.77.1.2/24,19
20201020075042,10.20.30.2/16,1
20201020075043,10.77.1.2/24,9
20201020075044,10.77.1.2/24,7
20201020075045,192.168.1.1/24,79
20201020075047,192.168.1.2/24,5
20201020075048,192.168.1.2/24,8
20201020075049,192.168.1.2/24,1
20201020075050,10.77.1.1/24,8
20201020075051,10.20.30.1/16,2
20201020075052,10.77.1.2/24,12
20201020075054,10.77.1.2/24,2
20201020075056,10.20.30.2/16,2
20201020075057,10.77.1.1/24,8
20201020075058,192.168.1.2/24,5
20201020075059,192.168.1.2/24,5
20201020075101,10.77.1.2/24,10
20201020075102,192.168.1.1/24,-
20201020075103,10.20.30.1/16,25
20201020075104,192.168.1.2/24,-
20201020075106,192.168.1.2/24,-
20201020075107,10.20.30.2/16,5
20201020075109,192.168.1.2/24,7
20201020075111,10.20.30.2/16,-
20201020075113,192.168.1.2/24,30
20201020075114,192.168.1.1/24,-
20201020075116,10.77.1.1/24,6
20201020075117,10.20.30.1/16,7
20201020075118,192.168.1.1/24,17
20201020075119,192.168.1.2/24,-
20201020075121,192.168.1.2/24,15
20201020075122,10.77.1.2/24,5
20201020075123,10.20.30.1/16,-
20201020075124,192.168.1.1/24,14
20201020075125,10.20.30.2/16,40
20201020075127,192.168.1.1/24,-
20201020075129,10.20.30.1/16,34
20201020075130,10.20.30.2/16,7
20201020075131,10.20.30.1/16,3
20201020075133,10.77.1.2/24,5
20201020075134,192.168.1.1/24,2
20201020075135,10.77.1.1/24,10
20201020075136,10.20.30.1/16,-
20201020075137,10.20.30.1/16,-
20201020075138,10.77.1.2/24,22
20201020075139,10.77.1.2/24,2
20201020075140,192.168.1.2/24,55
20201020075141,10.20.30.2/16,-
20201020075142,10.77.1.2/24,97
20201020075143,192.168.1.1/24,2
20201020075144,10.77.1.1/24,4
20201020075145,10.20.30.2/16,5
20201020075146,10.77.1.2/24,4
20201020075147,192.168.1.1/24,2
20201020075148,10.20.30.2/16,6
20201020075149,192.168.1.1/24,1
20201020075150,10.77.1.2/24,4
20201020075152,10.77.1.1/24,-
20201020075153,192.168.1.2/24,6
20201020075154,10.20.30.1/16,76
20201020075155,10.77.1.2/24,5
20201020075157,10.20.30.2/16,37
20201020075158,10.20.30.1/16,7
20201020075159,10.77.1.1/24,1
20201020075200,192.168.1.2/24,3
20201020075201,192.168.1.1/24,5
20201020075202,10.20.30.2/16,-
20201020075203,192.168.1.2/24,-
20201020075204,10.77.1.1/24,-
20201020075205,10.20.30.2/16,7
20201020075207,192.168.1.1/24,-
20201020075208,10.77.1.2/24,-
20201020075209,10.77.1.1/24,8
20201020075210,192.168.1.1/24,47
20201020075212,192.168.1.2/24,-
20201020075213,10.77.1.1/24,-
20201020075214,10.77.1.2/24,51
20201020075215,10.77.1.2/24,-
20201020075216,10.20.30.1/16,20
20201020075218,192.168.1.2/24,-
20201020075219,10.77.1.1/24,32
20201020075220,192.168.1.2/24,2
20201020075222,10.20.30.2/16,71
20201020075223,192.168.1.1/24,7
20201020075224,10.20.30.1/16,1
20201020075226,192.168.1.2/24,9
20201020075228,192.168.1.2/24,-
20201020075229,10.20.30.2/16,9
20201020075231,10.20.30.1/16,5
20201020075233,10.20.30.2/16,1
20201020075234,192.168.1.1/24,5
20201020075235,10.77.1.2/24,-
20201020075236,10.20.30.2/16,5
20201020075237,10.77.1.2/24,24
20201020075238,10.20.30.2/16,1
20201020075239,10.77.1.2/24,-
20201020075240,10.77.1.2/24,53
20201020075242,10.77.1.2/24,-
20201020075243,10.77.1.2/24,73
20201020075244,192.168.1.2/24,5
20201020075246,10.77.1.2/24,10
20201020075248,10.20.30.2/16,5
20201020075249,10.20.30.2/16,9
20201020075251,192.168.1.1/24,8
20201020075253,192.168.1.2/24,6
20201020075254,10.20.30.2/16,9
20201020075255,10.77.1.2/24,1
20201020075256,10.77.1.2/24,3
20201020075257,192.168.1.2/24,-
20201020075258,10.20.30.1/16,43
20201020075300,10.20.30.2/16,-
20201020075301,10.20.30.2/16,27
20201020075302,10.77.1.2/24,-
20201020075303,10.77.1.1/24,-
20201020075304,10.20.30.2/16,21
20201020075305,10.20.30.2/16,-
20201020075307,192.168.1.1/24,1
20201020075308,10.20.30.2/16,9
20201020075309,10.20.30.2/16,-
20201020075311,10.20.30.1/16,-
20201020075313,192.168.1.2/24,20
20201020075314,10.20.30.1/16,1
20201020075315,10.77.1.1/24,-
20201020075316,10.77.1.1/24,19
20201020075317,10.20.30.1/16,3
20201020075318,10.77.1.2/24,3
20201020075319,10.20.30.2/16,-
20201020075321,10.20.30.2/16,3
20201020075322,10.77.1.2/24,3
20201020075323,10.20.30.2/16,17
20201020075324,10.77.1.1/24,-
20201020075325,192.168.1.1/24,-
20201020075326,10.20.30.1/16,-
20201020075327,10.20.30.2/16,-
20201020075328,10.20.30.2/16,9
20201020075329,10.77.1.2/24,31
20201020075330,10.20.30.2/16,68
20201020075331,10.77.1.1/24,49
20201020075333,192.168.1.1/24,-
20201020075334,10.20.30.1/16,4
20201020075335,10.77.1.2/24,-
20201020075336,192.168.1.1/24,9
20201020075337,10.20.30.1/16,2
20201020075338,10.20.30.1/16,3
20201020075339,192.168.1.2/24,4
20201020075340,192.168.1.1/24,7
20201020075341,192.168.1.1/24,2
20201020075342,10.20.30.1/16,4
20201020075344,10.20.30.2/16,-
20201020075345,192.168.1.1/24,-
20201020075346,192.168.1.2/24,7
20201020075347,10.77.1.2/24,-
20201020075348,10.77.1.1/24,-
20201020075349,10.77.1.1/24,1
20201020075350,10.20.30.2/16,17
20201020075351,10.20.30.2/16,7
20201020075352,10.77.1.1/24,36
20201020075353,10.20.30.1/16,30
20201020075354,10.20.30.2/16,18
20201020075356,192.168.1.1/24,7
20201020075357,192.168.1.2/24,8
20201020075359,10.77.1.1/24,36
20201020075400,10.77.1.2/24,6
20201020075401,10.77.1.2/24,4
20201020075402,10.20.30.1/16,7
20201020075403,192.168.1.2/24,64
20201020075404,192.168.1.1/24,10
20201020075406,10.20.30.2/16,13
20201020075408,10.77.1.2/24,9
20201020075409,192.168.1.1/24,45
20201020075410,192.168.1.2/24,13
20201020075412,192.168.1.2/24,6
20201020075413,10.20.30.1/16,1
20201020075414,10.20.30.1/16,71
20201020075415,10.20.30.2/16,6
20201020075416,10.77.1.2/24,11
20201020075417,192.168.1.2/24,-
20201020075418,10.20.30.1/16,6
20201020075419,192.168.1.2/24,-
20201020075420,10.20.30.1/16,52
20201020075421,192.168.1.1/24,-
20201020075422,10.77.1.1/24,99
20201020075423,10.20.30.1/16,6
20201020075424,10.20.30.1/16,5
20201020075425,192.168.1.1/24,5
20201020075426,192.168.1.1/24,59
20201020075427,10.20.30.1/16,-
20201020075428,10.20.30.2/16,38
20201020075429,10.77.1.1/24,8
20201020075430,10.77.1.1/24,9
20201020075431,10.77.1.1/24,1
20201020075432,192.168.1.2/24,0
20201020075433,10.77.1.1/24,2
20201020075434,192.168.1.1/24,9
20201020075436,10.20.30.2/16,8
20201020075437,10.77.1.1/24,4
20201020075438,10.77.1.1/24,-
20201020075439,10.77.1.2/24,4
20201020075441,10.20.30.2/16,11
20201020075442,192.168.1.2/24,6
20201020075443,10.20.30.1/16,1
20201020075444,10.20.30.2/16,2
20201020075445,10.20.30.1/16,-
20201020075446,192.168.1.1/24,7
20201020075448,10.20.30.1/16,6
20201020075449,192.168.1.1/24,86
20201020075450,10.77.1.2/24,4
20201020075451,10.77.1.1/24,1
20201020075452,10.77.1.1/24,3
20201020075453,10.20.30.2/16,-
20201020075454,192.168.1.2/24,-
20201020075455,10.77.1.2/24,-
20201020075457,192.168.1.1/24,26
20201020075458,10.77.1.2/24,2
20201020075459,192.168.1.2/24,6
20201020075500,10.77.1.2/24,1
20201020075502,192.168.1.2/24,6
20201020075503,10.20.30.1/16,8
20201020075504,192.168.1.1/24,7
20201020075505,10.20.30.2/16,6
20201020075507,192.168.1.2/24,7
20201020075508,10.20.30.2/16,-
20201020075510,10.20.30.2/16,7
20201020075511,10.20.30.1/16,38
20201020075513,192.168.1.1/24,-
20201020075515,192.168.1.2/24,8
20201020075516,192.168.1.2/24,9
20201020075517,192.168.1.1/24,7
20201020075518,10.77.1.1/24,1
20201020075519,10.20.30.2/16,-
20201020075520,10.20.30.1/16,5
20201020075521,192.168.1.1/24,31
20201020075522,10.20.30.1/16,22
20201020075523,10.20.30.2/16,29
20201020075524,10.20.30.1/16,83
20201020075525,192.168.1.1/24,44
20201020075526,10.77.1.2/24,69
20201020075527,10.20.30.2/16,4
20201020075528,192.168.1.2/24,5
20201020075529,10.77.1.2/24,10
20201020075530,10.77.1.1/24,7
20201020075531,10.20.30.1/16,60
20201020075532,192.168.1.1/24,17
20201020075533,192.168.1.2/24,5
20201020075534,10.77.1.2/24,17
20201020075535,192.168.1.2/24,15
20201020075536,10.20.30.2/16,4
20201020075537,192.168.1.1/24,1
20201020075538,10.20.30.2/16,-
20201020075539,192.168.1.2/24,33
20201020075541,192.168.1.2/24,-
20201020075542,192.168.1.2/24,4
20201020075543,10.77.1.2/24,53
20201020075544,10.77.1.1/24,7
20201020075545,10.20.30.1/16,-
20201020075546,10.20.30.1/16,7
20201020075547,10.77.1.2/24,77
20201020075548,192.168.1.2/24,45
20201020075549,192.168.1.1/24,2
20201020075550,10.20.30.1/16,-
20201020075551,192.168.1.2/24,-
20201020075552,10.77.1.2/24,8
20201020075553,192.168.1.2/24,-
20201020075554,10.77.1.2/24,-
20201020075555,10.77.1.1/24,4
20201020075556,192.168.1.2/24,-
20201020075557,192.168.1.1/24,11
20201020075558,192.168.1.2/24,1
20201020075559,10.20.30.2/16,-
20201020075600,10.77.1.2/24,7
20201020075601,192.168.1.2/24,9
20201020075602,10.20.30.2/16,34
20201020075603,10.77.1.1/24,3
20201020075604,10.77.1.1/24,2
20201020075605,10.77.1.2/24,47
20201020075606,192.168.1.1/24,21
20201020075607,10.20.30.2/16,64
20201020075608,10.20.30.1/16,2
20201020075609,10.77.1.2/24,1
20201020075611,10.77.1.2/24,-
20201020075612,192.168.1.1/24,7
20201020075613,10.20.30.2/16,-
20201020075614,192.168.1.2/24,36
20201020075615,10.20.30.2/16,9
20201020075616,10.77.1.1/24,3
20201020075617,192.168.1.1/24,8
20201020075618,10.77.1.1/24,63
20201020075619,10.77.1.1/24,4
20201020075620,192.168.1.1/24,5
20201020075622,192.168.1.1/24,79
20201020075623,192.168.1.2/24,-
20201020075624,10.77.1.2/24,2
20201020075625,10.77.1.2/24,-
20201020075626,10.77.1.1/24,-
20201020075627,192.168.1.1/24,-
20201020075628,192.168.1.1/24,18
20201020075629,10.20.30.2/16,-
20201020075630,192.168.1.1/24,-
20201020075631,10.20.30.1/16,27
20201020075633,10.20.30.2/16,5
20201020075634,192.168.1.2/24,81
20201020075635,10.20.30.2/16,7
20201020075636,192.168.1.2/24,6
20201020075637,10.20.30.1/16,-
20201020075638,10.20.30.1/16,5
20201020075639,192.168.1.2/24,3
20201020075640,10.77.1.1/24,3
20201020075641,192.168.1.2/24,97
20201020075642,192.168.1.1/24,47
20201020075644,10.20.30.2/16,-
20201020075645,192.168.1.2/24,83
20201020075646,10.77.1.2/24,-
20201020075647,10.20.30.1/16,7
20201020075648,10.77.1.1/24,5
20201020075649,192.168.1.2/24,1
20201020075650,10.77.1.1/24,-
20201020075651,192.168.1.2/24,2
20201020075652,192.168.1.2/24,-
20201020075653,192.168.1.1/24,96
20201020075654,192.168.1.2/24,3
20201020075655,192.168.1.1/24,8
20201020075656,10.77.1.1/24,3
20201020075657,10.20.30.1/16,-
20201020075658,10.77.1.2/24,-
20201020075700,10.20.30.2/16,23
20201020075701,10.77.1.1/24,86
20201020075702,192.168.1.1/24,2
20201020075703,192.168.1.1/24,27
20201020075704,192.168.1.1/24,-
20201020075705,10.20.30.1/16,7
20201020075707,192.168.1.1/24,5
20201020075708,192.168.1.1/24,18
20201020075709,192.168.1.2/24,-
20201020075710,10.77.1.1/24,5
20201020075711,10.77.1.1/24,1
20201020075712,10.20.30.1/16,8
20201020075713,10.20.30.1/16,-
20201020075715,10.20.30.1/16,5
20201020075716,10.20.30.1/16,3
20201020075717,10.20.30.1/16,-
20201020075719,10.20.30.1/16,9
20201020075720,192.168.1.2/24,7
20201020075721,192.168.1.1/24,16
20201020075722,192.168.1.1/24,58
20201020075724,10.77.1.1/24,26
20201020075726,10.20.30.2/16,2
20201020075728,10.20.30.1/16,-
20201020075730,192.168.1.2/24,4
20201020075731,10.77.1.2/24,2
20201020075732,192.168.1.1/24,7
20201020075734,192.168.1.2/24,2
20201020075735,10.20.30.2/16,1
20201020075736,10.77.1.1/24,7
20201020075737,192.168.1.2/24,-
20201020075739,10.77.1.2/24,-
20201020075740,10.77.1.2/24,34
20201020075741,10.20.30.2/16,22
20201020075742,192.168.1.1/24,-
20201020075743,10.20.30.2/16,3
20201020075744,10.20.30.1/16,6
20201020075745,10.20.30.2/16,4
20201020075747,192.168.1.2/24,11
20201020075748,10.20.30.1/16,52
20201020075749,192.168.1.2/24,73
20201020075750,10.77.1.2/24,-
20201020075751,10.77.1.2/24,-
20201020075752,10.20.30.2/16,9
20201020075754,10.20.30.1/16,6
20201020075755,192.168.1.1/24,1
20201020075756,10.20.30.1/16,3
20201020075757,10.77.1.2/24,7
20201020075758,192.168.1.2/24,-
20201020075759,192.168.1.2/24,-
20201020075800,10.20.30.1/16,9
20201020075802,10.77.1.2/24,6
20201020075803,10.77.1.2/24,-
20201020075804,10.77.1.2/24,9
20201020075805,192.168.1.2/24,29
20201020075807,10.77.1.1/24,5
20201020075808,192.168.1.1/24,52
20201020075809,10.20.30.1/16,86
20201020075811,192.168.1.2/24,7
20201020075812,192.168.1.2/24,5
20201020075813,192.168.1.1/24,7
20201020075814,10.77.1.1/24,8
20201020075815,10.20.30.2/16,-
20201020075816,192.168.1.1/24,8
20201020075817,10.20.30.2/16,5
20201020075818,10.20.30.2/16,27
20201020075820,192.168.1.2/24,4
20201020075821,10.77.1.1/24,-
20201020075822,10.20.30.2/16,15
20201020075823,10.77.1.1/24,9
20201020075825,192.168.1.2/24,2
20201020075826,192.168.1.2/24,-
20201020075828,10.20.30.2/16,-
20201020075829,10.20.30.2/16,5
20201020075830,192.168.1.2/24,88
20201020075832,10.20.30.2/16,2
20201020075833,10.77.1.1/24,6
20201020075834,192.168.1.1/24,-
20201020075835,192.168.1.2/24,-
20201020075836,10.20.30.1/16,-
20201020075837,192.168.1.1/24,-
20201020075838,10.77.1.1/24,52
20201020075840,10.20.30.2/16,5
20201020075841,192.168.1.2/24,-
20201020075842,10.20.30.1/16,9
20201020075844,10.20.30.2/16,4
20201020075845,10.77.1.2/24,3
20201020075846,10.20.30.2/16,-
20201020075847,192.168.1.1/24,6
20201020075849,10.20.30.1/16,1
20201020075850,192.168.1.2/24,4
20201020075852,192.168.1.1/24,4
20201020075853,10.20.30.2/16,8
20201020075854,192.168.1.2/24,5
20201020075855,10.77.1.1/24,4
20201020075857,10.20.30.2/16,7
20201020075858,10.20.30.2/16,5
20201020075859,10.77.1.1/24,37
20201020075900,10.20.30.2/16,9
20201020075902,192.168.1.1/24,-
20201020075903,10.77.1.2/24,5
20201020075905,10.20.30.1/16,5
20201020075906,10.20.30.2/16,28
20201020075907,192.168.1.2/24,6
20201020075908,10.77.1.2/24,-
20201020075909,10.20.30.2/16,1
20201020075910,192.168.1.1/24,74
20201020075912,10.77.1.1/24,-
20201020075913,10.77.1.2/24,14
20201020075914,10.20.30.2/16,5
20201020075916,192.168.1.1/24,70
20201020075917,10.20.30.2/16,-
20201020075918,10.77.1.2/24,97
20201020075919,10.77.1.1/24,-
20201020075920,10.20.30.1/16,8
20201020075921,10.20.30.2/16,79
20201020075922,10.20.30.2/16,9
20201020075923,192.168.1.2/24,-
20201020075925,192.168.1.2/24,16
20201020075926,10.77.1.2/24,19
20201020075928,192.168.1.1/24,8
20201020075929,10.20.30.1/16,8
20201020075930,10.77.1.2/24,23
20201020075931,10.20.30.2/16,11
20201020075933,10.20.30.1/16,-
20201020075934,10.20.30.2/16,5
20201020075935,10.77.1.1/24,77
20201020075936,10.20.30.2/16,4
20201020075938,10.77.1.2/24,5
20201020075939,10.20.30.2/16,2
20201020075940,10.77.1.2/24,45
20201020075941,192.168.1.2/24,-
20201020075942,10.20.30.1/16,12
20201020075943,192.168.1.1/24,15
20201020075944,192.168.1.2/24,-
20201020075946,10.77.1.2/24,38
20201020075947,10.20.30.2/16,5
20201020075948,10.20.30.2/16,5
20201020075949,192.168.1.1/24,65
20201020075950,10.20.30.2/16,5
20201020075951,10.77.1.2/24,15
20201020075952,192.168.1.2/24,5
20201020075953,192.168.1.1/24,7
20201020075954,10.20.30.2/16,-
20201020075956,192.168.1.2/24,2
20201020075957,10.77.1.1/24,9
20201020075959,192.168.1.1/24,-
20201020080000,10.77.1.2/24,-
20201020080001,192.168.1.2/24,32
20201020080002,192.168.1.1/24,-
20201020080004,192.168.1.1/24,11
20201020080005,192.168.1.1/24,47
20201020080006,192.168.1.1/24,-
20201020080007,10.77.1.1/24,4
20201020080009,10.77.1.1/24,2
20201020080010,192.168.1.1/24,69
20201020080011,10.20.30.1/16,7
20201020080013,192.168.1.1/24,-
20201020080015,10.77.1.2/24,2
20201020080016,10.20.30.1/16,-
20201020080018,10.77.1.1/24,4
20201020080019,10.20.30.1/16,4
20201020080020,10.77.1.2/24,65
20201020080021,10.20.30.1/16,2
20201020080023,10.77.1.2/24,4
20201020080024,192.168.1.1/24,1
20201020080026,10.77.1.1/24,-
20201020080028,192.168.1.2/24,1
20201020080029,10.77.1.1/24,3
20201020080030,192.168.1.2/24,17
20201020080031,10.77.1.2/24,10
20201020080033,10.20.30.2/16,-
20201020080034,10.20.30.2/16,76
20201020080035,192.168.1.2/24,3
20201020080036,10.20.30.2/16,2
20201020080037,10.20.30.1/16,-
20201020080039,10.77.1.2/24,39
20201020080040,192.168.1.1/24,7
20201020080041,192.168.1.2/24,-
20201020080042,10.20.30.1/16,-
20201020080043,10.77.1.2/24,4
20201020080045,192.168.1.1/24,14
20201020080046,192.168.1.2/24,-
20201020080047,10.77.1.2/24,92
20201020080049,10.77.1.1/24,-
20201020080050,192.168.1.2/24,4
20201020080052,10.20.30.2/16,3
20201020080053,192.168.1.2/24,1
20201020080054,10.20.30.2/16,62
20201020080056,10.77.1.2/24,-
20201020080058,192.168.1.1/24,7
20201020080059,192.168.1.1/24,93
20201020080100,10.20.30.2/16,5
20201020080102,10.77.1.1/24,4
20201020080103,10.77.1.1/24,-
20201020080105,10.77.1.1/24,4
20201020080106,10.20.30.2/16,9
20201020080107,10.77.1.1/24,7
20201020080108,10.20.30.1/16,5
20201020080109,192.168.1.1/24,-
20201020080110,192.168.1.2/24,4
20201020080112,10.20.30.1/16,2
20201020080113,10.77.1.2/24,-
20201020080115,10.77.1.2/24,21
20201020080117,10.20.30.1/16,-
20201020080119,10.20.30.2/16,7
20201020080121,192.168.1.2/24,79
20201020080122,192.168.1.2/24,7
20201020080123,10.20.30.1/16,6
20201020080125,10.77.1.1/24,-
20201020080127,10.20.30.1/16,-
20201020080128,10.77.1.1/24,2
20201020080129,192.168.1.1/24,2
20201020080130,10.20.30.1/16,9
20201020080131,10.20.30.1/16,6
20201020080132,10.20.30.2/16,61
20201020080134,192.168.1.1/24,37
20201020080135,192.168.1.2/24,5
20201020080137,192.168.1.2/24,3
20201020080138,10.77.1.2/24,7
20201020080140,10.20.30.1/16,3
20201020080141,10.20.30.1/16,-
20201020080142,10.20.30.2/16,-
20201020080143,10.20.30.1/16,-
20201020080144,10.77.1.2/24,11
20201020080146,10.20.30.2/16,3
20201020080147,10.77.1.2/24,2
20201020080148,10.77.1.2/24,64
20201020080150,192.168.1.2/24,97
20201020080151,10.20.30.2/16,78
20201020080152,10.77.1.1/24,8
20201020080153,10.77.1.2/24,6
20201020080155,192.168.1.2/24,15
20201020080156,10.20.30.1/16,8
20201020080158,10.20.30.1/16,3
20201020080159,10.20.30.1/16,1
20201020080200,10.20.30.1/16,7
20201020080201,10.20.30.1/16,8
20201020080202,10.20.30.2/16,-
20201020080203,10.20.30.1/16,5
20201020080205,192.168.1.1/24,1
20201020080206,10.20.30.2/16,9
20201020080207,192.168.1.1/24,-
20201020080208,192.168.1.2/24,1
20201020080209,10.20.30.1/16,8
20201020080211,192.168.1.2/24,-
20201020080213,10.20.30.2/16,71
20201020080214,10.77.1.1/24,23
20201020080215,10.77.1.1/24,32
20201020080216,192.168.1.2/24,5
20201020080217,192.168.1.1/24,4
20201020080218,10.20.30.1/16,-
20201020080219,10.20.30.1/16,-
20201020080220,10.77.1.1/24,3
20201020080222,192.168.1.2/24,10
20201020080223,10.77.1.1/24,4
20201020080225,10.20.30.1/16,-
20201020080227,10.20.30.1/16,1
20201020080228,10.77.1.2/24,6
20201020080230,10.20.30.1/16,-
20201020080232,10.77.1.2/24,-
20201020080233,10.20.30.2/16,7
20201020080235,10.20.30.2/16,26
20201020080236,10.77.1.1/24,5
20201020080237,10.77.1.1/24,-
20201020080238,192.168.1.2/24,8
20201020080239,10.77.1.2/24,1
20201020080240,10.20.30.2/16,12
20201020080242,10.77.1.2/24,6
20201020080244,10.77.1.2/24,73
20201020080245,10.20.30.1/16,-
20201020080246,10.20.30.1/16,-
20201020080247,192.168.1.1/24,3
20201020080248,10.77.1.2/24,1
20201020080249,10.20.30.1/16,6
20201020080251,10.20.30.1/16,-
20201020080252,10.20.30.1/16,-
20201020080253,192.168.1.2/24,5
20201020080255,10.20.30.2/16,70
20201020080256,10.77.1.2/24,82
20201020080257,10.77.1.1/24,2
20201020080258,10.20.30.1/16,5
20201020080259,10.77.1.1/24,91
20201020080300,10.20.30.1/16,-
20201020080301,10.20.30.2/16,16
20201020080302,10.20.30.1/16,3
20201020080304,10.77.1.1/24,92
20201020080306,192.168.1.1/24,8
20201020080307,10.77.1.2/24,97
20201020080308,10.20.30.2/16,-
20201020080309,10.77.1.2/24,-
20201020080310,10.20.30.1/16,-
20201020080311,192.168.1.1/24,57
20201020080312,10.77.1.2/24,9
20201020080313,192.168.1.1/24,-
20201020080314,192.168.1.2/24,4
20201020080315,192.168.1.2/24,-
20201020080316,192.168.1.2/24,4
20201020080318,10.20.30.2/16,7
20201020080319,192.168.1.2/24,19
20201020080321,10.77.1.2/24,67
20201020080322,10.20.30.2/16,5
20201020080323,192.168.1.2/24,-
20201020080324,10.20.30.1/16,2
20201020080326,10.77.1.1/24,44
20201020080327,10.77.1.2/24,76
20201020080328,10.77.1.1/24,3
20201020080329,10.77.1.2/24,0
20201020080331,10.77.1.1/24,21
20201020080333,10.20.30.1/16,60
20201020080335,10.20.30.1/16,-
20201020080336,10.20.30.1/16,12
20201020080337,10.20.30.2/16,8
20201020080338,10.20.30.2/16,14
20201020080340,10.20.30.1/16,-
20201020080341,192.168.1.1/24,7
20201020080343,10.20.30.1/16,7
20201020080344,10.77.1.2/24,-
20201020080345,192.168.1.1/24,-
20201020080346,10.77.1.1/24,7
20201020080347,10.77.1.1/24,73
20201020080348,192.168.1.2/24,1
20201020080349,10.77.1.1/24,40
20201020080350,10.20.30.1/16,2
20201020080351,10.20.30.2/16,9
20201020080352,10.77.1.2/24,9
20201020080353,192.168.1.1/24,2
20201020080354,10.20.30.2/16,62
20201020080355,10.20.30.2/16,9
20201020080356,10.20.30.2/16,74
20201020080357,10.77.1.1/24,7
20201020080359,10.77.1.2/24,7
20201020080400,192.168.1.1/24,3
20201020080401,192.168.1.1/24,4
20201020080402,192.168.1.2/24,97
20201020080403,10.77.1.2/24,7
20201020080405,10.20.30.2/16,1
20201020080406,10.20.30.2/16,8
20201020080407,192.168.1.2/24,-
20201020080408,10.77.1.1/24,2
20201020080409,10.20.30.1/16,6
20201020080411,10.77.1.2/24,7
20201020080412,10.20.30.1/16,8
20201020080413,10.77.1.2/24,-
20201020080414,10.20.30.2/16,-
20201020080415,10.77.1.1/24,4
20201020080416,10.20.30.1/16,-
20201020080417,10.20.30.2/16,65
20201020080418,10.77.1.2/24,6
20201020080419,10.77.1.2/24,6
20201020080420,10.77.1.1/24,86
20201020080421,10.77.1.1/24,2
20201020080422,10.77.1.2/24,-
20201020080423,10.20.30.2/16,82
20201020080424,10.77.1.1/24,6
20201020080425,192.168.1.2/24,7
20201020080426,10.77.1.1/24,8
20201020080427,10.20.30.1/16,32
20201020080428,192.168.1.1/24,-
20201020080429,10.77.1.2/24,2
20201020080430,192.168.1.1/24,40
20201020080431,10.20.30.1/16,9
20201020080432,10.20.30.1/16,18
20201020080433,10.77.1.1/24,30
20201020080434,10.77.1.2/24,3
20201020080435,10.20.30.2/16,7
20201020080436,10.20.30.2/16,39
20201020080437,192.168.1.2/24,7
20201020080438,10.20.30.1/16,4
20201020080439,192.168.1.2/24,6
20201020080441,192.168.1.1/24,1
20201020080442,10.20.30.2/16,-
20201020080443,192.168.1.2/24,-
20201020080444,10.20.30.2/16,-
20201020080445,10.20.30.2/16,3
20201020080446,192.168.1.2/24,8
20201020080447,10.77.1.1/24,2
20201020080448,10.20.30.2/16,52
20201020080449,10.77.1.1/24,5
20201020080450,10.77.1.1/24,8
20201020080451,10.20.30.2/16,4
20201020080452,192.168.1.2/24,3
20201020080453,192.168.1.2/24,77
20201020080454,192.168.1.1/24,-
20201020080455,192.168.1.2/24,-
20201020080456,10.77.1.1/24,11
20201020080457,10.77.1.1/24,-
20201020080458,10.20.30.2/16,86
20201020080459,10.20.30.1/16,4
20201020080500,10.77.1.1/24,20
20201020080502,192.168.1.1/24,2
20201020080503,10.77.1.1/24,61
20201020080505,10.77.1.1/24,5
20201020080506,192.168.1.2/24,1
20201020080507,10.77.1.2/24,18
20201020080508,10.77.1.2/24,-
20201020080510,10.77.1.2/24,-
20201020080511,10.77.1.2/24,-
20201020080512,10.77.1.2/24,4
20201020080513,192.168.1.1/24,-
20201020080514,10.20.30.1/16,2
20201020080515,10.20.30.2/16,-
20201020080517,10.77.1.2/24,-
20201020080518,10.20.30.2/16,18
20201020080519,10.77.1.1/24,8
20201020080521,10.77.1.1/24,3
20201020080522,192.168.1.1/24,-
20201020080524,10.20.30.2/16,5
20201020080525,10.77.1.1/24,11
20201020080526,10.20.30.2/16,3
20201020080528,192.168.1.1/24,8
20201020080529,10.77.1.1/24,6
20201020080530,192.168.1.2/24,-
20201020080531,10.20.30.1/16,29
20201020080532,10.77.1.1/24,68
20201020080533,192.168.1.1/24,90
20201020080534,10.77.1.1/24,99
20201020080535,10.77.1.2/24,7
20201020080536,10.20.30.1/16,66
20201020080537,192.168.1.2/24,10
20201020080538,10.77.1.2/24,8
20201020080539,192.168.1.2/24,9
20201020080540,192.168.1.1/24,3
20201020080541,10.20.30.2/16,25
20201020080542,10.20.30.1/16,3
20201020080544,192.168.1.2/24,4
20201020080545,10.20.30.2/16,5
20201020080547,192.168.1.2/24,6
20201020080548,10.77.1.2/24,5
20201020080549,10.77.1.2/24,3
20201020080550,192.168.1.2/24,51
20201020080551,192.168.1.2/24,-
20201020080552,10.77.1.2/24,-
20201020080553,192.168.1.1/24,8
20201020080554,192.168.1.2/24,14
20201020080555,10.20.30.2/16,8
20201020080557,192.168.1.2/24,7
20201020080558,10.20.30.2/16,63
20201020080559,192.168.1.1/24,7
20201020080600,10.20.30.2/16,77
20201020080601,192.168.1.1/24,75
20201020080602,10.20.30.2/16,28
20201020080603,10.77.1.2/24,8
20201020080604,10.20.30.2/16,3
20201020080605,10.20.30.2/16,74
20201020080607,10.77.1.1/24,3
20201020080609,10.20.30.2/16,5
20201020080610,10.20.30.1/16,32
20201020080611,192.168.1.1/24,11
20201020080612,10.20.30.2/16,2
20201020080613,10.77.1.2/24,6
20201020080614,192.168.1.2/24,6
20201020080615,10.20.30.1/16,15
20201020080616,10.77.1.2/24,7
20201020080618,10.77.1.1/24,7
20201020080619,10.20.30.1/16,12
20201020080620,10.20.30.2/16,-
20201020080621,192.168.1.1/24,55
20201020080622,192.168.1.1/24,5
20201020080623,192.168.1.2/24,-
20201020080624,10.77.1.2/24,-
20201020080625,10.77.1.2/24,-
20201020080626,10.20.30.1/16,57
20201020080627,192.168.1.2/24,-
20201020080629,10.77.1.2/24,5
20201020080630,10.77.1.1/24,8
20201020080631,192.168.1.2/24,68
20201020080633,10.20.30.2/16,-
20201020080634,192.168.1.2/24,-
20201020080635,10.20.30.1/16,2
20201020080637,10.77.1.1/24,4
20201020080638,10.77.1.2/24,-
20201020080639,10.20.30.1/16,12
20201020080641,10.77.1.1/24,3
20201020080642,192.168.1.1/24,8
20201020080643,10.77.1.2/24,5
20201020080644,192.168.1.1/24,6
20201020080645,192.168.1.1/24,8
20201020080647,10.20.30.2/16,2
20201020080649,192.168.1.1/24,-
20201020080651,10.77.1.1/24,8
20201020080653,10.20.30.1/16,7
20201020080654,10.20.30.1/16,5
20201020080655,192.168.1.2/24,-
20201020080656,10.77.1.2/24,9
20201020080657,10.77.1.2/24,-
20201020080658,10.77.1.2/24,34
20201020080659,10.20.30.2/16,57
20201020080700,10.20.30.1/16,-
20201020080701,192.168.1.1/24,30
20201020080703,10.77.1.1/24,83
20201020080705,10.20.30.1/16,34
20201020080706,192.168.1.2/24,1
20201020080707,10.20.30.2/16,33
20201020080708,10.20.30.2/16,76
20201020080709,10.77.1.1/24,6
20201020080710,10.20.30.2/16,76
20201020080711,192.168.1.2/24,8
20201020080712,192.168.1.1/24,-
20201020080714,192.168.1.2/24,11
20201020080715,10.20.30.1/16,6
20201020080716,10.77.1.2/24,78
20201020080718,10.20.30.1/16,8
20201020080719,10.77.1.1/24,42
20201020080721,10.77.1.1/24,-
20201020080722,10.20.30.2/16,5
20201020080723,10.77.1.2/24,3
20201020080724,192.168.1.1/24,7
20201020080726,192.168.1.1/24,-
20201020080727,10.20.30.2/16,7
20201020080728,192.168.1.2/24,-
20201020080729,10.20.30.1/16,4
20201020080730,10.77.1.2/24,-
20201020080732,192.168.1.2/24,6
20201020080733,192.168.1.2/24,4
20201020080734,10.20.30.2/16,3
20201020080736,10.20.30.1/16,4
20201020080737,10.20.30.2/16,9
20201020080738,10.20.30.2/16,57
20201020080739,10.77.1.2/24,5
20201020080741,192.168.1.2/24,-
20201020080742,10.20.30.1/16,18
20201020080744,10.20.30.1/16,9
20201020080745,192.168.1.2/24,-
20201020080746,10.77.1.1/24,55
20201020080747,10.20.30.1/16,-
20201020080748,10.77.1.2/24,12
20201020080749,10.77.1.2/24,-
20201020080750,10.77.1.1/24,-
20201020080751,10.20.30.2/16,7
20201020080752,192.168.1.2/24,62
20201020080753,10.77.1.2/24,7
20201020080754,10.20.30.1/16,12
20201020080756,10.77.1.1/24,-
20201020080757,10.20.30.2/16,6
20201020080758,192.168.1.2/24,-
20201020080759,192.168.1.1/24,-
20201020080800,10.77.1.1/24,1
20201020080802,10.77.1.2/24,7
20201020080803,10.20.30.1/16,-
20201020080804,10.20.30.2/16,57
20201020080805,192.168.1.2/24,7
20201020080806,10.20.30.2/16,-
20201020080807,192.168.1.1/24,-
20201020080808,10.77.1.1/24,4
20201020080809,192.168.1.1/24,4
20201020080810,192.168.1.2/24,-
20201020080812,10.20.30.1/16,-
20201020080813,192.168.1.1/24,7
20201020080814,192.168.1.1/24,6
20201020080815,192.168.1.2/24,-
20201020080816,10.20.30.1/16,46
20201020080817,192.168.1.2/24,-
20201020080818,192.168.1.2/24,7
20201020080819,192.168.1.2/24,-
20201020080820,10.77.1.1/24,6
20201020080821,10.77.1.1/24,-
20201020080823,10.20.30.1/16,39
20201020080824,10.20.30.2/16,-
20201020080826,192.168.1.1/24,9
20201020080827,10.20.30.1/16,3
20201020080828,10.77.1.1/24,18
20201020080829,10.20.30.1/16,81
20201020080830,10.77.1.1/24,2
20201020080831,10.77.1.2/24,5
20201020080832,192.168.1.2/24,38
20201020080833,10.20.30.1/16,3
20201020080834,10.20.30.1/16,2
20201020080835,10.77.1.1/24,-
20201020080836,10.77.1.1/24,9
20201020080838,192.168.1.2/24,-
20201020080839,10.20.30.2/16,96
20201020080840,10.77.1.1/24,2
20201020080841,192.168.1.1/24,2
20201020080843,10.77.1.2/24,50
20201020080844,10.20.30.1/16,61
20201020080845,10.77.1.1/24,9
20201020080846,192.168.1.2/24,6
20201020080847,192.168.1.2/24,7
20201020080849,10.77.1.2/24,75
20201020080850,192.168.1.1/24,23
20201020080852,10.77.1.1/24,7
20201020080853,10.20.30.2/16,1
20201020080854,10.77.1.1/24,-
20201020080855,192.168.1.2/24,26
20201020080857,10.20.30.2/16,70
20201020080859,192.168.1.1/24,94
20201020080900,192.168.1.2/24,-
20201020080901,10.20.30.1/16,-
20201020080902,192.168.1.1/24,5
20201020080904,10.77.1.1/24,74
20201020080905,10.20.30.1/16,-
20201020080906,192.168.1.1/24,5
20201020080907,10.77.1.1/24,4
20201020080908,10.77.1.1/24,-
20201020080909,10.77.1.2/24,4
20201020080910,10.20.30.2/16,13
20201020080911,10.20.30.2/16,-
20201020080912,10.77.1.2/24,6
20201020080913,10.20.30.2/16,19
20201020080914,10.20.30.2/16,8
20201020080915,10.77.1.2/24,8
20201020080916,10.20.30.1/16,4
20201020080917,192.168.1.1/24,4
20201020080918,10.20.30.1/16,-
20201020080919,10.20.30.1/16,6
20201020080920,10.77.1.1/24,-
20201020080921,192.168.1.2/24,6
20201020080922,10.77.1.2/24,3
20201020080923,192.168.1.2/24,-
20201020080925,192.168.1.2/24,85
20201020080926,192.168.1.1/24,-
20201020080927,10.77.1.2/24,-
20201020080928,10.77.1.1/24,-
20201020080929,10.77.1.1/24,1
20201020080930,10.77.1.2/24,-
20201020080931,10.77.1.2/24,-
20201020080932,10.77.1.1/24,4
20201020080933,10.20.30.2/16,1
20201020080934,10.20.30.2/16,-
20201020080935,10.77.1.1/24,2
20201020080937,10.20.30.2/16,37
20201020080938,192.168.1.1/24,-
20201020080940,10.20.30.1/16,8
20201020080941,192.168.1.2/24,-
20201020080942,10.77.1.2/24,-
20201020080943,10.77.1.1/24,51
20201020080944,10.20.30.1/16,6
20201020080945,10.77.1.1/24,27
20201020080946,10.20.30.2/16,3
20201020080947,192.168.1.2/24,-
20201020080949,192.168.1.2/24,-
20201020080950,10.20.30.2/16,-
20201020080952,192.168.1.1/24,-
20201020080953,192.168.1.2/24,88
20201020080954,10.20.30.1/16,2
20201020080955,192.168.1.2/24,-
20201020080956,192.168.1.1/24,4
20201020080957,10.77.1.2/24,73
20201020080958,192.168.1.2/24,19
20201020080959,10.20.30.2/16,-
20201020081000,10.77.1.2/24,12
20201020081002,10.77.1.1/24,6
20201020081003,192.168.1.2/24,9
20201020081004,10.77.1.1/24,23
20201020081005,10.77.1.1/24,21
20201020081006,10.20.30.2/16,5
20201020081007,10.77.1.1/24,-
20201020081008,10.77.1.1/24,64
20201020081009,192.168.1.2/24,3
20201020081011,192.168.1.1/24,8
20201020081012,10.20.30.1/16,4
20201020081013,10.77.1.1/24,73
20201020081014,10.20.30.2/16,-
20201020081015,10.77.1.2/24,-
20201020081016,10.20.30.2/16,4
20201020081017,192.168.1.1/24,-
20201020081018,10.20.30.2/16,4
20201020081019,10.77.1.2/24,86
20201020081020,192.168.1.2/24,2
20201020081022,192.168.1.1/24,8
20201020081023,10.20.30.2/16,22
20201020081024,192.168.1.2/24,1
20201020081026,10.77.1.1/24,-
20201020081027,10.20.30.2/16,14
20201020081028,10.20.30.1/16,9
20201020081029,192.168.1.1/24,7
20201020081030,10.20.30.1/16,65
20201020081031,10.20.30.1/16,9
20201020081032,192.168.1.1/24,33
20201020081033,10.20.30.1/16,-
20201020081034,10.77.1.1/24,19
20201020081036,192.168.1.2/24,6
20201020081037,10.77.1.1/24,9
20201020081038,10.77.1.2/24,-
20201020081040,10.20.30.2/16,8
20201020081041,10.77.1.2/24,-
20201020081043,192.168.1.1/24,14
20201020081044,192.168.1.2/24,-
20201020081045,192.168.1.2/24,8
20201020081046,192.168.1.1/24,6
20201020081047,192.168.1.2/24,2
20201020081048,10.77.1.2/24,6
20201020081049,10.77.1.2/24,7
20201020081050,10.20.30.2/16,5
20201020081051,10.20.30.1/16,55
20201020081052,10.20.30.2/16,4
20201020081054,192.168.1.1/24,3
20201020081056,10.20.30.2/16,8
20201020081057,10.20.30.2/16,19
20201020081059,10.77.1.1/24,-
20201020081100,10.20.30.1/16,5
20201020081102,192.168.1.1/24,-
20201020081103,192.168.1.1/24,79
20201020081104,10.20.30.1/16,7
20201020081105,10.20.30.1/16,9
20201020081106,192.168.1.2/24,6
20201020081107,10.20.30.2/16,2
20201020081108,192.168.1.1/24,-
20201020081110,192.168.1.1/24,1
20201020081111,192.168.1.2/24,0
20201020081113,10.77.1.1/24,4
20201020081114,10.77.1.1/24,68
20201020081116,192.168.1.2/24,73
20201020081117,10.77.1.2/24,4
20201020081118,10.20.30.2/16,4
20201020081120,10.77.1.2/24,21
20201020081121,10.20.30.2/16,-
20201020081122,10.77.1.1/24,5
20201020081123,10.20.30.1/16,9
20201020081124,10.20.30.2/16,25
20201020081126,10.20.30.2/16,87
20201020081127,192.168.1.1/24,-
20201020081128,192.168.1.1/24,4
20201020081130,10.77.1.2/24,59
20201020081132,10.20.30.1/16,-
20201020081133,10.20.30.1/16,-
20201020081134,10.77.1.2/24,3
20201020081135,10.20.30.2/16,5
20201020081137,10.77.1.2/24,87
20201020081138,10.20.30.1/16,-
20201020081139,192.168.1.2/24,-
20201020081141,192.168.1.1/24,51
20201020081143,10.77.1.2/24,5
20201020081144,192.168.1.2/24,18
20201020081145,192.168.1.2/24,8
20201020081146,192.168.1.2/24,2
20201020081147,192.168.1.2/24,5
20201020081148,192.168.1.1/24,9
20201020081150,10.77.1.1/24,1
20201020081151,10.20.30.1/16,-
20201020081152,10.77.1.2/24,3
20201020081153,10.20.30.1/16,-
20201020081154,10.20.30.2/16,4
20201020081155,10.20.30.1/16,1
20201020081156,192.168.1.2/24,-
20201020081157,192.168.1.1/24,2
20201020081158,10.20.30.1/16,7
20201020081200,192.168.1.2/24,-
20201020081201,10.20.30.1/16,5
20201020081203,10.77.1.1/24,1
20201020081204,192.168.1.2/24,8
20201020081205,192.168.1.2/24,92
20201020081207,192.168.1.1/24,5
20201020081208,10.20.30.2/16,2
20201020081209,192.168.1.2/24,7
20201020081210,10.77.1.1/24,2
20201020081211,10.77.1.2/24,2
20201020081212,10.20.30.1/16,-
20201020081213,10.20.30.2/16,1
20201020081215,192.168.1.2/24,6
20201020081216,10.77.1.2/24,-
20201020081218,10.77.1.1/24,5
20201020081219,192.168.1.1/24,2
20201020081221,10.77.1.1/24,-
20201020081222,10.20.30.2/16,6
20201020081223,192.168.1.1/24,7
20201020081224,10.77.1.1/24,2
20201020081225,10.20.30.1/16,-
20201020081226,192.168.1.2/24,4
20201020081227,192.168.1.1/24,8
20201020081228,192.168.1.2/24,-
20201020081229,10.77.1.1/24,8
20201020081230,10.77.1.2/24,9
20201020081231,192.168.1.1/24,11
20201020081232,10.77.1.1/24,72
20201020081233,10.77.1.1/24,6
20201020081234,10.20.30.1/16,9
20201020081235,192.168.1.1/24,-
20201020081237,10.77.1.2/24,13
20201020081238,10.20.30.1/16,-
20201020081239,10.77.1.2/24,-
20201020081240,10.77.1.2/24,2
20201020081241,10.77.1.2/24,2
20201020081243,10.77.1.2/24,13
20201020081245,10.77.1.1/24,17
20201020081246,192.168.1.2/24,1
20201020081247,192.168.1.1/24,5
20201020081249,10.77.1.1/24,9
20201020081251,10.20.30.1/16,80
20201020081252,192.168.1.2/24,26
20201020081254,10.20.30.2/16,5
20201020081255,10.20.30.2/16,7
20201020081256,10.20.30.2/16,6
20201020081257,10.20.30.2/16,62
20201020081258,10.77.1.1/24,9
20201020081259,192.168.1.2/24,8
20201020081300,10.20.30.1/16,79
20201020081301,10.77.1.2/24,16
20201020081302,10.77.1.1/24,4
20201020081303,10.77.1.2/24,8
20201020081304,192.168.1.1/24,-
20201020081305,192.168.1.2/24,-
20201020081306,192.168.1.1/24,8
20201020081307,10.20.30.2/16,19
20201020081308,10.20.30.2/16,8
20201020081310,10.77.1.2/24,6
20201020081311,192.168.1.2/24,-
20201020081313,192.168.1.2/24,8
20201020081314,10.77.1.1/24,5
20201020081315,10.20.30.1/16,23
20201020081316,10.20.30.1/16,5
20201020081317,10.77.1.1/24,7
20201020081318,10.77.1.1/24,-
20201020081320,10.20.30.1/16,1
20201020081321,192.168.1.1/24,9
20201020081322,10.20.30.1/16,62
20201020081323,10.20.30.2/16,9
20201020081324,192.168.1.1/24,-
20201020081325,192.168.1.1/24,6
20201020081326,10.77.1.1/24,-
20201020081328,10.77.1.1/24,7
20201020081329,192.168.1.2/24,-
20201020081330,192.168.1.1/24,9
20201020081331,10.20.30.1/16,-
20201020081333,192.168.1.2/24,9
20201020081334,192.168.1.1/24,85
20201020081336,10.77.1.1/24,8
20201020081338,10.77.1.2/24,-
20201020081339,10.20.30.2/16,1
20201020081340,10.77.1.2/24,-
20201020081341,10.77.1.1/24,9
20201020081343,192.168.1.1/24,92
20201020081344,10.77.1.2/24,4
20201020081345,10.20.30.2/16,-
20201020081346,10.20.30.2/16,-
20201020081347,10.77.1.1/24,7
20201020081348,10.77.1.2/24,5
20201020081349,192.168.1.2/24,9
20201020081350,10.20.30.2/16,-
20201020081351,10.77.1.2/24,-
20201020081352,10.77.1.1/24,-
20201020081353,10.20.30.1/16,2
20201020081355,10.77.1.1/24,1
20201020081356,10.20.30.2/16,4
20201020081357,10.77.1.2/24,2
20201020081359,192.168.1.1/24,1
20201020081401,10.77.1.2/24,15
20201020081402,10.77.1.1/24,-
20201020081403,10.77.1.1/24,5
20201020081404,192.168.1.1/24,2
20201020081405,10.77.1.1/24,4
20201020081406,192.168.1.2/24,5
20201020081407,10.77.1.2/24,2
20201020081408,10.77.1.1/24,88
20201020081409,10.20.30.1/16,9
20201020081410,10.20.30.2/16,9
20201020081411,192.168.1.2/24,-
20201020081412,10.20.30.2/16,-
20201020081413,10.20.30.2/16,85
20201020081414,192.168.1.2/24,-
20201020081415,10.77.1.2/24,-
20201020081416,10.20.30.1/16,3
20201020081417,10.20.30.2/16,34
20201020081418,10.77.1.2/24,2
20201020081419,10.77.1.1/24,4
20201020081420,192.168.1.1/24,7
20201020081421,10.20.30.2/16,63
20201020081422,10.20.30.1/16,48
20201020081423,10.77.1.1/24,71
20201020081424,10.20.30.1/16,-
20201020081425,10.77.1.1/24,7
20201020081426,10.20.30.1/16,7
20201020081428,192.168.1.1/24,50
20201020081430,192.168.1.2/24,4
20201020081431,10.20.30.1/16,90
20201020081432,10.20.30.1/16,9
20201020081433,10.77.1.2/24,-
20201020081434,192.168.1.1/24,4
20201020081435,10.20.30.1/16,7
20201020081436,10.20.30.2/16,7
20201020081437,10.77.1.2/24,8
20201020081438,192.168.1.2/24,49
20201020081439,10.20.30.1/16,8
20201020081440,10.20.30.2/16,-
20201020081442,10.77.1.1/24,3
20201020081444,10.20.30.2/16,11
20201020081445,10.77.1.1/24,1
20201020081446,10.77.1.1/24,46
20201020081447,10.20.30.2/16,-
20201020081448,10.20.30.2/16,8
20201020081449,10.77.1.2/24,3
20201020081450,192.168.1.2/24,4
20201020081452,192.168.1.2/24,9
20201020081453,192.168.1.1/24,-
20201020081454,10.77.1.2/24,4
20201020081455,192.168.1.2/24,5
20201020081456,10.20.30.1/16,4
20201020081457,10.77.1.1/24,35
20201020081459,10.77.1.2/24,-
20201020081501,10.77.1.1/24,3
20201020081502,10.20.30.1/16,71
20201020081503,10.20.30.2/16,-
20201020081504,10.77.1.2/24,68
20201020081505,192.168.1.1/24,-
20201020081507,192.168.1.1/24,8
20201020081508,10.77.1.2/24,84
20201020081510,192.168.1.1/24,-
20201020081511,10.20.30.2/16,-
20201020081512,10.77.1.1/24,3
20201020081513,10.77.1.1/24,2
20201020081514,10.20.30.1/16,52
20201020081515,10.20.30.1/16,3
20201020081516,192.168.1.2/24,28
20201020081517,192.168.1.2/24,8
20201020081518,10.77.1.1/24,6
20201020081520,10.20.30.2/16,36
20201020081521,192.168.1.1/24,88
20201020081522,192.168.1.1/24,13
20201020081523,10.20.30.2/16,11
20201020081524,10.20.30.2/16,9
20201020081525,10.20.30.1/16,-
20201020081526,192.168.1.1/24,5
20201020081528,192.168.1.1/24,8
20201020081530,10.20.30.2/16,1
20201020081531,10.77.1.1/24,9
20201020081532,10.77.1.1/24,3
20201020081533,192.168.1.1/24,7
20201020081534,10.20.30.2/16,-
20201020081536,10.77.1.1/24,87
20201020081537,10.77.1.1/24,1
20201020081538,10.77.1.2/24,-
20201020081539,10.20.30.2/16,6
20201020081540,10.77.1.2/24,-
20201020081542,10.20.30.1/16,7
20201020081543,10.77.1.2/24,1
20201020081544,10.77.1.2/24,1
20201020081545,192.168.1.1/24,7
20201020081546,10.20.30.1/16,-
20201020081547,10.77.1.2/24,2
20201020081548,10.77.1.1/24,-
20201020081550,10.77.1.1/24,15
20201020081552,192.168.1.2/24,14
20201020081553,10.20.30.2/16,-
20201020081554,192.168.1.2/24,73
20201020081555,10.77.1.1/24,8
20201020081557,192.168.1.2/24,-
20201020081558,192.168.1.1/24,6
20201020081559,192.168.1.2/24,-
20201020081601,10.77.1.1/24,7
20201020081603,10.77.1.2/24,8
20201020081604,192.168.1.2/24,56
20201020081605,10.20.30.2/16,6
20201020081606,10.20.30.2/16,2
20201020081607,10.20.30.2/16,31
20201020081608,10.77.1.2/24,95
20201020081610,192.168.1.2/24,-
20201020081611,192.168.1.1/24,-
20201020081612,10.77.1.1/24,2
20201020081613,192.168.1.1/24,-
20201020081614,192.168.1.1/24,2
20201020081615,10.20.30.1/16,55
20201020081616,10.77.1.2/24,3
20201020081617,192.168.1.2/24,-
20201020081619,10.77.1.1/24,4
20201020081621,10.20.30.2/16,2
20201020081622,10.20.30.1/16,8
20201020081623,10.77.1.1/24,4
20201020081625,10.20.30.1/16,4
20201020081626,10.77.1.2/24,-
20201020081628,10.77.1.2/24,-
20201020081630,192.168.1.2/24,-
20201020081631,10.20.30.2/16,-
20201020081633,192.168.1.2/24,-
20201020081634,10.20.30.1/16,4
20201020081636,10.77.1.1/24,33
20201020081637,192.168.1.1/24,6
20201020081639,10.20.30.2/16,-
20201020081640,10.77.1.2/24,51
20201020081641,192.168.1.2/24,-
20201020081642,192.168.1.2/24,13
20201020081643,192.168.1.1/24,83
20201020081644,192.168.1.2/24,-
20201020081645,10.77.1.1/24,-
20201020081647,192.168.1.2/24,6
20201020081648,10.77.1.1/24,1
20201020081649,10.20.30.2/16,-
20201020081650,10.20.30.2/16,-
20201020081651,192.168.1.1/24,63
20201020081653,192.168.1.2/24,8
20201020081654,10.20.30.2/16,56
20201020081655,192.168.1.1/24,-
20201020081656,192.168.1.2/24,1
20201020081657,10.20.30.2/16,17
20201020081658,10.20.30.2/16,-
20201020081659,10.20.30.2/16,39
20201020081700,10.20.30.2/16,70
20201020081701,10.20.30.1/16,1
20201020081702,10.20.30.2/16,-
20201020081703,192.168.1.1/24,-
20201020081704,192.168.1.2/24,-
20201020081706,10.77.1.1/24,95
20201020081707,192.168.1.1/24,41
20201020081708,192.168.1.2/24,8
20201020081709,10.77.1.2/24,-
20201020081710,10.20.30.1/16,4
20201020081712,10.77.1.2/24,4
20201020081714,10.77.1.2/24,-
20201020081715,192.168.1.1/24,1
20201020081716,192.168.1.2/24,5
20201020081717,10.20.30.1/16,6
20201020081718,10.77.1.2/24,6
20201020081719,192.168.1.2/24,3
20201020081720,10.77.1.2/24,7
20201020081721,10.77.1.1/24,-
20201020081722,10.20.30.1/16,4
20201020081723,192.168.1.2/24,-
20201020081724,10.77.1.2/24,9
20201020081726,192.168.1.2/24,-
20201020081727,10.77.1.2/24,6
20201020081728,10.77.1.1/24,8
20201020081729,10.77.1.1/24,1
20201020081730,10.20.30.1/16,7
20201020081731,10.20.30.1/16,2
20201020081732,10.20.30.2/16,13
20201020081733,10.20.30.1/16,62
20201020081735,192.168.1.1/24,94
20201020081736,10.77.1.2/24,-
20201020081737,10.77.1.2/24,6
20201020081739,10.20.30.2/16,23
20201020081741,10.20.30.1/16,3
20201020081742,10.20.30.2/16,-
20201020081743,10.77.1.1/24,11
20201020081744,192.168.1.2/24,49
20201020081745,10.77.1.2/24,6
20201020081746,10.77.1.1/24,8
20201020081747,192.168.1.2/24,-
20201020081748,10.20.30.2/16,55
20201020081749,10.77.1.2/24,6
20201020081750,10.20.30.2/16,-
20201020081751,10.77.1.1/24,51
20201020081753,192.168.1.1/24,40
20201020081754,192.168.1.2/24,15
20201020081755,10.20.30.1/16,7
20201020081756,192.168.1.2/24,2
20201020081757,10.20.30.1/16,6
20201020081758,10.20.30.2/16,7
20201020081759,10.20.30.2/16,8
20201020081800,192.168.1.1/24,7
20201020081802,10.77.1.2/24,2
20201020081803,192.168.1.2/24,21
20201020081804,10.77.1.1/24,3
20201020081806,192.168.1.2/24,5
20201020081807,192.168.1.1/24,4
20201020081808,10.20.30.1/16,36
20201020081810,10.77.1.1/24,9
20201020081811,192.168.1.2/24,6
20201020081812,10.20.30.1/16,87
20201020081813,192.168.1.1/24,8
20201020081814,10.20.30.1/16,-
20201020081815,10.20.30.1/16,6
20201020081816,10.20.30.1/16,10
20201020081817,10.77.1.1/24,-
20201020081818,10.77.1.1/24,2
20201020081819,192.168.1.1/24,2
20201020081820,10.20.30.2/16,29
20201020081821,10.20.30.2/16,30
20201020081822,192.168.1.2/24,15
20201020081823,10.20.30.2/16,-
20201020081825,192.168.1.2/24,56
20201020081826,10.20.30.2/16,-
20201020081827,10.20.30.1/16,16
20201020081828,10.20.30.2/16,2
20201020081829,192.168.1.1/24,3
20201020081831,10.20.30.2/16,5
20201020081832,10.20.30.2/16,3
20201020081834,10.20.30.2/16,2
20201020081835,192.168.1.1/24,8
20201020081836,10.77.1.2/24,-
20201020081837,10.20.30.2/16,-
20201020081838,10.20.30.2/16,9
20201020081839,192.168.1.1/24,5
20201020081840,192.168.1.1/24,-
20201020081842,192.168.1.1/24,-
20201020081843,10.77.1.1/24,8
20201020081844,10.77.1.1/24,9
20201020081845,192.168.1.2/24,10
20201020081846,192.168.1.2/24,7
20201020081847,10.20.30.1/16,72
20201020081848,10.20.30.1/16,3
20201020081849,10.77.1.2/24,5
20201020081850,10.77.1.2/24,78
20201020081851,192.168.1.1/24,2
20201020081853,10.77.1.2/24,-
20201020081855,192.168.1.2/24,12
20201020081856,10.20.30.1/16,3
20201020081857,192.168.1.1/24,-
20201020081858,10.20.30.2/16,5
20201020081859,10.20.30.1/16,16
20201020081900,10.77.1.1/24,9
20201020081902,10.20.30.1/16,-
20201020081903,10.77.1.2/24,-
20201020081905,192.168.1.2/24,4
20201020081907,192.168.1.2/24,54
20201020081908,10.77.1.1/24,46
20201020081909,10.20.30.2/16,-
20201020081910,10.20.30.1/16,3
20201020081911,10.77.1.1/24,10
20201020081913,10.20.30.2/16,-
20201020081915,192.168.1.2/24,1
20201020081916,10.77.1.1/24,-
20201020081917,10.77.1.2/24,32
20201020081918,10.77.1.1/24,9
20201020081919,10.77.1.2/24,-
20201020081920,192.168.1.1/24,-
20201020081921,192.168.1.1/24,30
20201020081923,192.168.1.2/24,2
20201020081924,10.77.1.1/24,8
20201020081926,10.20.30.1/16,-
20201020081927,192.168.1.2/24,5
20201020081928,10.77.1.1/24,9
20201020081929,10.77.1.1/24,3
20201020081930,10.20.30.2/16,-
20201020081931,10.20.30.2/16,-
20201020081933,10.20.30.2/16,9
20201020081935,10.20.30.2/16,5
20201020081936,10.20.30.1/16,-
20201020081937,192.168.1.2/24,45
20201020081938,10.20.30.1/16,-
20201020081939,192.168.1.2/24,1
20201020081940,192.168.1.2/24,-
20201020081941,192.168.1.2/24,10
20201020081942,10.77.1.2/24,-
20201020081943,10.20.30.2/16,9
20201020081944,10.77.1.1/24,81
20201020081946,10.77.1.1/24,34
20201020081947,192.168.1.1/24,4
20201020081948,10.77.1.1/24,2
20201020081949,192.168.1.1/24,13
20201020081950,192.168.1.1/24,15
20201020081951,10.20.30.1/16,3
20201020081952,10.20.30.2/16,2
20201020081954,10.77.1.2/24,3
20201020081955,10.77.1.1/24,-
20201020081957,10.77.1.1/24,9
20201020081959,10.77.1.1/24,8
20201020082001,10.77.1.1/24,5
20201020082003,10.20.30.2/16,3
20201020082004,10.77.1.2/24,-
20201020082005,10.77.1.2/24,66
20201020082006,10.20.30.2/16,7
20201020082007,10.20.30.1/16,-
20201020082008,10.20.30.2/16,-
20201020082009,10.77.1.1/24,7
20201020082010,192.168.1.2/24,17
20201020082012,10.77.1.2/24,9
20201020082014,10.20.30.2/16,27
20201020082015,192.168.1.1/24,-
20201020082017,10.20.30.2/16,-
20201020082019,192.168.1.2/24,31
20201020082020,10.77.1.2/24,-
20201020082022,10.77.1.1/24,-
20201020082023,10.77.1.1/24,-
20201020082025,10.20.30.1/16,-
20201020082027,10.20.30.1/16,4
20201020082028,10.77.1.1/24,2
20201020082029,10.77.1.2/24,72
20201020082030,10.20.30.2/16,6
20201020082031,10.77.1.2/24,2
20201020082032,10.77.1.2/24,1
20201020082033,10.20.30.2/16,5
20201020082035,192.168.1.1/24,3
20201020082037,10.20.30.1/16,5
20201020082039,10.77.1.1/24,63
20201020082041,10.20.30.2/16,1
20201020082042,10.77.1.2/24,5
20201020082043,10.20.30.1/16,8
20201020082045,10.77.1.1/24,-
20201020082046,10.77.1.2/24,1
20201020082047,10.77.1.1/24,8
20201020082048,192.168.1.1/24,6
20201020082050,10.20.30.2/16,-
20201020082051,10.20.30.2/16,26
20201020082053,192.168.1.2/24,3
20201020082054,192.168.1.1/24,-
20201020082055,10.77.1.1/24,-
20201020082057,192.168.1.2/24,17
20201020082058,192.168.1.1/24,1
20201020082059,192.168.1.1/24,-
20201020082101,192.168.1.1/24,-
20201020082102,192.168.1.2/24,5
20201020082103,10.77.1.1/24,9
20201020082105,10.77.1.2/24,-
20201020082106,10.20.30.2/16,-
20201020082107,10.77.1.1/24,33
20201020082108,10.77.1.1/24,4
20201020082109,192.168.1.2/24,9
20201020082110,10.20.30.2/16,6
20201020082111,192.168.1.1/24,4
20201020082112,10.20.30.2/16,8
20201020082113,10.20.30.2/16,44
20201020082114,192.168.1.1/24,12
20201020082115,10.20.30.2/16,7
20201020082116,10.77.1.1/24,-
20201020082117,10.20.30.1/16,3
20201020082119,10.77.1.2/24,18
20201020082120,10.77.1.2/24,0
20201020082121,192.168.1.1/24,6
20201020082123,10.20.30.1/16,75
20201020082124,10.20.30.2/16,9
20201020082125,10.77.1.2/24,44
20201020082127,192.168.1.2/24,4
20201020082128,192.168.1.1/24,2
20201020082129,10.20.30.1/16,2
20201020082130,10.77.1.2/24,3
20201020082132,192.168.1.1/24,3
20201020082133,192.168.1.2/24,-
20201020082134,10.20.30.2/16,3
20201020082136,192.168.1.2/24,34
20201020082137,10.20.30.1/16,8
20201020082139,10.77.1.2/24,6
20201020082141,192.168.1.1/24,4
20201020082143,10.77.1.1/24,5
20201020082144,10.77.1.2/24,-
20201020082145,10.77.1.2/24,7
20201020082146,10.77.1.1/24,11
20201020082147,10.77.1.1/24,-
20201020082149,192.168.1.2/24,15
20201020082150,192.168.1.2/24,-
20201020082151,10.20.30.2/16,2
20201020082153,10.77.1.2/24,5
20201020082154,10.77.1.1/24,3
20201020082155,10.77.1.1/24,3
20201020082157,192.168.1.2/24,-
20201020082158,10.20.30.1/16,7
20201020082200,10.77.1.2/24,2
20201020082201,192.168.1.2/24,7
20201020082202,10.20.30.2/16,-
20201020082203,10.77.1.2/24,42
20201020082204,10.20.30.2/16,9
20201020082205,10.20.30.2/16,6
20201020082206,10.77.1.1/24,2
20201020082207,10.20.30.1/16,3
20201020082208,10.77.1.1/24,5
20201020082209,10.77.1.1/24,12
20201020082210,10.20.30.1/16,9
20201020082212,10.20.30.2/16,5
20201020082213,10.20.30.2/16,11
20201020082215,10.20.30.1/16,15
20201020082216,10.77.1.1/24,-
20201020082217,192.168.1.1/24,70
20201020082218,192.168.1.1/24,-
20201020082219,10.77.1.2/24,19
20201020082221,192.168.1.2/24,38
20201020082222,10.77.1.1/24,12
20201020082223,10.20.30.2/16,2
20201020082225,10.20.30.2/16,1
20201020082226,192.168.1.1/24,-
20201020082227,10.77.1.2/24,10
20201020082228,192.168.1.2/24,70
20201020082229,192.168.1.1/24,6
20201020082230,10.20.30.2/16,-
20201020082231,192.168.1.1/24,9
20201020082232,10.20.30.2/16,5
20201020082233,192.168.1.1/24,4
20201020082234,10.77.1.2/24,91
20201020082235,10.77.1.2/24,2
20201020082237,192.168.1.2/24,75
20201020082238,10.20.30.1/16,9
20201020082240,10.20.30.1/16,3
20201020082241,10.20.30.1/16,-
20201020082242,192.168.1.1/24,-
20201020082243,10.20.30.2/16,51
20201020082244,192.168.1.2/24,1
20201020082246,10.20.30.2/16,6
20201020082247,10.20.30.2/16,-
20201020082248,10.20.30.2/16,5
20201020082249,192.168.1.2/24,59
20201020082250,192.168.1.2/24,1
20201020082251,10.20.30.1/16,8
20201020082252,10.20.30.1/16,7
20201020082253,10.20.30.1/16,3
20201020082255,192.168.1.1/24,-
20201020082257,192.168.1.2/24,-
20201020082258,192.168.1.1/24,3
20201020082300,10.20.30.2/16,72
20201020082301,10.77.1.2/24,3
20201020082302,192.168.1.1/24,-
20201020082303,10.20.30.2/16,9
20201020082304,10.20.30.1/16,-
20201020082305,192.168.1.2/24,3
20201020082306,10.20.30.2/16,64
20201020082307,10.77.1.2/24,4
20201020082309,192.168.1.1/24,54
20201020082310,10.77.1.1/24,7
20201020082312,192.168.1.2/24,36
20201020082313,10.77.1.2/24,-
20201020082315,10.77.1.1/24,-
20201020082316,10.77.1.1/24,-
20201020082317,10.20.30.2/16,9
20201020082319,10.20.30.1/16,45
20201020082320,10.77.1.2/24,4
20201020082322,192.168.1.2/24,26
20201020082323,10.20.30.2/16,5
20201020082325,192.168.1.1/24,8
20201020082326,10.20.30.2/16,40
20201020082327,10.20.30.1/16,9
20201020082328,10.77.1.1/24,-
20201020082330,10.20.30.1/16,4
20201020082332,10.77.1.2/24,4
20201020082333,10.77.1.1/24,99
20201020082335,192.168.1.2/24,-
20201020082336,10.77.1.1/24,43
20201020082337,10.77.1.2/24,34
20201020082338,192.168.1.1/24,-
20201020082340,10.77.1.1/24,9
20201020082342,192.168.1.1/24,-
20201020082343,10.77.1.2/24,8
20201020082344,192.168.1.1/24,-
20201020082345,192.168.1.1/24,1
20201020082346,10.77.1.1/24,-
20201020082348,10.77.1.1/24,3
20201020082349,192.168.1.1/24,0
20201020082350,192.168.1.2/24,54
20201020082351,192.168.1.2/24,8
20201020082352,10.20.30.2/16,-
20201020082353,192.168.1.1/24,9
20201020082354,192.168.1.2/24,96
20201020082356,10.77.1.1/24,12
20201020082357,10.77.1.2/24,1
20201020082358,10.77.1.1/24,9
20201020082359,10.20.30.2/16,11
20201020082400,10.20.30.2/16,7
20201020082401,10.20.30.2/16,8
20201020082402,192.168.1.1/24,6
20201020082403,10.77.1.1/24,1
20201020082404,192.168.1.1/24,24
20201020082405,192.168.1.1/24,7
20201020082406,10.77.1.1/24,-
20201020082407,192.168.1.2/24,9
20201020082408,10.20.30.1/16,8
20201020082409,10.77.1.1/24,42
20201020082410,192.168.1.2/24,2
20201020082411,10.20.30.1/16,7
20201020082412,10.77.1.2/24,9
20201020082413,10.77.1.1/24,3
20201020082414,192.168.1.1/24,-
20201020082415,10.77.1.2/24,-
20201020082416,192.168.1.1/24,6
20201020082417,192.168.1.2/24,6
20201020082418,10.77.1.1/24,5
20201020082419,10.20.30.1/16,9
20201020082420,10.77.1.1/24,46
20201020082421,192.168.1.2/24,7
20201020082422,192.168.1.2/24,9
20201020082423,10.20.30.1/16,1
20201020082424,10.20.30.2/16,17
20201020082425,192.168.1.2/24,5
20201020082426,192.168.1.2/24,9
20201020082427,10.77.1.1/24,14
20201020082428,10.20.30.1/16,5
20201020082429,192.168.1.2/24,-
20201020082430,192.168.1.2/24,5
20201020082432,192.168.1.2/24,5
20201020082433,192.168.1.1/24,7
20201020082434,10.77.1.2/24,7
20201020082436,10.77.1.1/24,8
20201020082437,192.168.1.2/24,-
20201020082439,192.168.1.1/24,5
20201020082440,10.20.30.2/16,3
20201020082442,10.77.1.2/24,91
20201020082443,192.168.1.2/24,8
20201020082444,10.20.30.1/16,-
20201020082445,10.77.1.2/24,4
20201020082446,10.77.1.2/24,90
20201020082447,10.20.30.2/16,-
20201020082448,10.20.30.1/16,-
20201020082449,10.20.30.2/16,-
20201020082450,192.168.1.2/24,7
20201020082451,192.168.1.2/24,-
20201020082452,192.168.1.1/24,-
20201020082453,192.168.1.1/24,5
20201020082454,192.168.1.2/24,-
20201020082455,10.20.30.1/16,-
20201020082456,10.77.1.1/24,6
20201020082457,10.77.1.2/24,-
20201020082458,10.77.1.2/24,7
20201020082500,192.168.1.2/24,-
20201020082501,10.20.30.2/16,10
20201020082502,10.77.1.1/24,5
20201020082503,192.168.1.2/24,-
20201020082504,10.77.1.1/24,4
20201020082506,10.77.1.2/24,9
20201020082507,192.168.1.1/24,6
20201020082509,192.168.1.2/24,2
20201020082510,10.77.1.1/24,9
20201020082512,192.168.1.2/24,3
20201020082514,10.77.1.1/24,72
20201020082515,192.168.1.1/24,80
20201020082516,10.20.30.1/16,-
20201020082518,192.168.1.1/24,1
20201020082520,192.168.1.2/24,18
20201020082521,192.168.1.1/24,37
20201020082522,10.20.30.1/16,-
20201020082523,10.77.1.2/24,9
20201020082524,10.77.1.1/24,6
20201020082525,192.168.1.2/24,25
20201020082526,10.20.30.2/16,26
20201020082527,10.77.1.1/24,83
20201020082528,192.168.1.2/24,5
20201020082529,10.20.30.1/16,38
20201020082531,192.168.1.2/24,7
20201020082532,192.168.1.2/24,9
20201020082533,10.77.1.2/24,-
20201020082534,192.168.1.2/24,4
20201020082536,192.168.1.2/24,43
20201020082537,192.168.1.1/24,-
20201020082539,192.168.1.2/24,31
20201020082540,192.168.1.2/24,6
20201020082541,10.20.30.1/16,1
20201020082542,10.77.1.2/24,-
20201020082544,10.20.30.1/16,9
20201020082545,10.77.1.1/24,-
20201020082546,192.168.1.2/24,8
20201020082547,192.168.1.1/24,98
20201020082548,10.77.1.1/24,4
20201020082549,10.20.30.2/16,6
20201020082551,10.20.30.2/16,86
20201020082552,10.20.30.1/16,8
20201020082554,10.77.1.1/24,2
20201020082556,10.20.30.2/16,-
20201020082557,10.77.1.1/24,-
20201020082559,192.168.1.2/24,31
20201020082600,192.168.1.1/24,15
20201020082601,10.77.1.1/24,8
20201020082602,10.20.30.1/16,77
20201020082603,10.77.1.1/24,80
20201020082604,10.77.1.2/24,-
20201020082606,10.20.30.1/16,6
20201020082607,10.20.30.1/16,6
20201020082608,192.168.1.2/24,7
20201020082609,10.20.30.2/16,59
20201020082610,10.20.30.1/16,8
20201020082611,10.77.1.2/24,9
20201020082612,10.77.1.2/24,9
20201020082613,192.168.1.1/24,5
20201020082614,192.168.1.1/24,6
20201020082616,10.20.30.1/16,-
20201020082617,10.77.1.1/24,-
20201020082619,192.168.1.2/24,6
20201020082620,192.168.1.2/24,5
20201020082621,192.168.1.2/24,54
20201020082623,10.20.30.2/16,0
20201020082624,10.77.1.2/24,-
20201020082625,10.20.30.1/16,3
20201020082626,192.168.1.1/24,8
20201020082628,10.77.1.2/24,1
20201020082629,192.168.1.2/24,53
20201020082630,10.20.30.1/16,1
20201020082631,10.77.1.2/24,-
20201020082632,10.20.30.2/16,-
20201020082633,192.168.1.2/24,27
20201020082635,10.77.1.2/24,7
20201020082636,10.20.30.2/16,8
20201020082637,10.20.30.1/16,1
20201020082638,192.168.1.2/24,8
20201020082639,10.20.30.2/16,-
20201020082640,192.168.1.2/24,22
20201020082641,192.168.1.2/24,6
20201020082642,10.77.1.1/24,5
20201020082643,192.168.1.1/24,-
20201020082644,192.168.1.2/24,4
20201020082645,192.168.1.1/24,6
20201020082647,192.168.1.1/24,2
20201020082648,192.168.1.1/24,8
20201020082650,10.20.30.1/16,8
20201020082651,192.168.1.1/24,3
20201020082653,10.77.1.2/24,8
20201020082655,10.20.30.2/16,4
20201020082656,192.168.1.2/24,-
20201020082657,10.77.1.1/24,23
20201020082658,10.77.1.1/24,24
20201020082659,10.20.30.1/16,-
20201020082700,10.20.30.1/16,6
20201020082701,192.168.1.2/24,8
20201020082702,192.168.1.2/24,-
20201020082704,10.20.30.1/16,-
20201020082705,10.20.30.2/16,5
20201020082706,10.77.1.2/24,17
20201020082708,192.168.1.2/24,-
20201020082709,10.20.30.2/16,5
20201020082710,10.20.30.1/16,97
20201020082711,10.77.1.2/24,24
20201020082712,10.20.30.2/16,7
20201020082714,10.20.30.1/16,2
20201020082716,10.20.30.2/16,6
20201020082717,10.77.1.1/24,6
20201020082718,10.20.30.2/16,76
20201020082719,10.77.1.1/24,-
20201020082720,192.168.1.1/24,7
20201020082721,10.77.1.2/24,6
20201020082722,10.77.1.2/24,4
20201020082724,10.20.30.1/16,-
20201020082725,192.168.1.2/24,-
20201020082726,10.77.1.2/24,56
20201020082727,10.20.30.2/16,98
20201020082728,192.168.1.2/24,-
20201020082729,192.168.1.2/24,3
20201020082731,10.77.1.2/24,5
20201020082732,10.20.30.1/16,5
20201020082733,10.77.1.1/24,-
20201020082734,10.77.1.1/24,9
20201020082735,10.77.1.1/24,35
20201020082736,10.20.30.2/16,-
20201020082737,192.168.1.1/24,83
20201020082739,10.77.1.1/24,77
20201020082741,10.77.1.1/24,6
20201020082742,10.77.1.1/24,8
20201020082744,192.168.1.1/24,1
20201020082746,192.168.1.1/24,2
20201020082748,192.168.1.2/24,-
20201020082749,10.20.30.1/16,19
20201020082750,10.20.30.1/16,83
20201020082752,192.168.1.2/24,70
20201020082754,10.77.1.2/24,3
20201020082755,10.20.30.2/16,7
20201020082756,10.20.30.1/16,26
20201020082758,192.168.1.2/24,39
20201020082759,10.20.30.1/16,6
20201020082801,10.20.30.1/16,-
20201020082803,192.168.1.2/24,14
20201020082804,10.77.1.1/24,6
20201020082805,192.168.1.1/24,-
20201020082806,192.168.1.1/24,7
20201020082807,192.168.1.2/24,45
20201020082808,192.168.1.1/24,-
20201020082809,192.168.1.2/24,2
20201020082810,10.20.30.2/16,9
20201020082811,10.20.30.1/16,-
20201020082813,10.20.30.2/16,-
20201020082814,10.20.30.1/16,31
20201020082815,10.77.1.2/24,67
20201020082816,10.77.1.1/24,1
20201020082817,10.20.30.1/16,49
20201020082818,10.77.1.1/24,3
20201020082819,10.77.1.1/24,9
20201020082820,10.77.1.1/24,4
20201020082821,10.77.1.2/24,7
20201020082822,10.20.30.1/16,-
20201020082823,10.77.1.2/24,5
20201020082824,192.168.1.2/24,8
20201020082825,10.77.1.1/24,-
20201020082826,10.77.1.2/24,8
20201020082827,192.168.1.2/24,5
20201020082828,10.20.30.2/16,6
20201020082829,192.168.1.2/24,8
20201020082830,10.20.30.1/16,3
20201020082832,10.77.1.1/24,-
20201020082833,10.77.1.1/24,9
20201020082834,10.77.1.2/24,7
20201020082835,10.77.1.1/24,10
20201020082837,192.168.1.2/24,43
20201020082838,10.20.30.2/16,44
20201020082839,10.77.1.2/24,9
20201020082840,10.77.1.2/24,3
20201020082841,10.20.30.2/16,10
20201020082843,192.168.1.1/24,-
20201020082845,10.20.30.1/16,7
20201020082846,192.168.1.1/24,5
20201020082847,192.168.1.2/24,87
20201020082848,10.20.30.1/16,6
20201020082849,10.77.1.2/24,2
20201020082850,10.77.1.2/24,-
20201020082851,10.77.1.2/24,8
20201020082852,192.168.1.2/24,2
20201020082854,10.77.1.2/24,8
20201020082855,10.77.1.1/24,4
20201020082856,192.168.1.1/24,-
20201020082857,10.77.1.1/24,1
20201020082858,192.168.1.1/24,-
20201020082859,192.168.1.2/24,51
20201020082901,10.20.30.1/16,8
20201020082902,10.20.30.1/16,7
20201020082903,192.168.1.1/24,2
20201020082905,192.168.1.2/24,-
20201020082906,10.77.1.1/24,6
20201020082907,10.77.1.2/24,1
20201020082908,192.168.1.1/24,1
20201020082909,10.20.30.2/16,5
20201020082910,10.20.30.1/16,4
20201020082911,192.168.1.1/24,3
20201020082913,10.20.30.2/16,5
20201020082915,10.20.30.1/16,8
20201020082917,10.20.30.2/16,-
20201020082919,10.77.1.1/24,4
20201020082920,10.20.30.2/16,8
20201020082921,10.77.1.1/24,56
20201020082923,192.168.1.2/24,7
20201020082925,192.168.1.2/24,3
20201020082926,10.77.1.2/24,-
20201020082927,10.77.1.1/24,98
20201020082928,10.77.1.2/24,7
20201020082929,10.77.1.2/24,99
20201020082930,10.20.30.2/16,8
20201020082932,10.20.30.1/16,3
20201020082933,10.77.1.2/24,2
20201020082935,192.168.1.2/24,-
20201020082936,192.168.1.2/24,-
20201020082937,192.168.1.1/24,97
20201020082939,192.168.1.1/24,3
20201020082940,10.20.30.2/16,5
20201020082941,192.168.1.1/24,31
20201020082942,192.168.1.1/24,8
20201020082943,10.20.30.2/16,2
20201020082944,10.20.30.2/16,2
20201020082945,10.20.30.1/16,-
20201020082947,192.168.1.1/24,2
20201020082948,192.168.1.2/24,1
20201020082949,10.20.30.2/16,8
20201020082950,10.20.30.2/16,13
20201020082951,10.20.30.2/16,17
20201020082952,192.168.1.2/24,-
20201020082953,10.77.1.1/24,-
20201020082955,10.77.1.1/24,-
20201020082956,10.77.1.2/24,6
20201020082957,10.20.30.2/16,7
20201020082958,10.20.30.2/16,2
20201020082959,10.77.1.2/24,6
20201020083000,10.20.30.1/16,6
20201020083001,10.77.1.1/24,81
20201020083002,10.20.30.2/16,8
20201020083003,10.20.30.2/16,-
20201020083005,10.77.1.1/24,-
20201020083006,192.168.1.2/24,8
20201020083007,192.168.1.1/24,-
20201020083008,10.77.1.1/24,8
20201020083009,192.168.1.2/24,6
20201020083011,192.168.1.2/24,-
20201020083013,10.20.30.2/16,6
20201020083014,192.168.1.2/24,-
20201020083015,10.20.30.1/16,9
20201020083016,192.168.1.1/24,-
20201020083017,10.77.1.2/24,-
20201020083018,10.77.1.2/24,8
20201020083020,10.77.1.2/24,8
20201020083021,10.20.30.1/16,6
20201020083022,192.168.1.2/24,3
20201020083023,192.168.1.1/24,8
20201020083025,10.20.30.2/16,-
20201020083027,10.20.30.1/16,-
20201020083028,10.20.30.1/16,49
20201020083030,192.168.1.1/24,5
20201020083031,10.77.1.1/24,-
20201020083032,10.77.1.2/24,6
20201020083033,10.20.30.2/16,83
20201020083034,10.77.1.1/24,7
20201020083035,10.77.1.2/24,6
20201020083036,10.77.1.1/24,8
20201020083038,10.77.1.2/24,8
20201020083040,10.20.30.1/16,20
20201020083041,192.168.1.2/24,8
20201020083042,10.20.30.2/16,83
20201020083043,192.168.1.2/24,81
20201020083045,10.77.1.2/24,5
20201020083046,10.20.30.1/16,1
20201020083047,10.20.30.1/16,2
20201020083049,10.77.1.2/24,13
20201020083050,10.20.30.1/16,6
20201020083052,192.168.1.1/24,5
20201020083053,192.168.1.1/24,7
20201020083054,192.168.1.1/24,7
20201020083055,192.168.1.1/24,35
20201020083057,10.20.30.1/16,-
20201020083059,10.20.30.1/16,7
20201020083100,192.168.1.1/24,83
20201020083101,192.168.1.1/24,39
20201020083102,10.20.30.2/16,1
20201020083104,10.77.1.1/24,36
20201020083106,10.77.1.2/24,8
20201020083107,192.168.1.1/24,3
20201020083108,10.20.30.1/16,6
20201020083109,10.20.30.1/16,4
20201020083110,192.168.1.1/24,3
20201020083111,10.77.1.2/24,8
20201020083112,192.168.1.2/24,-
20201020083113,10.77.1.1/24,3
20201020083114,10.77.1.2/24,4
20201020083115,10.77.1.1/24,3
20201020083116,10.77.1.1/24,7
20201020083117,10.20.30.2/16,55
20201020083118,10.20.30.1/16,-
20201020083119,10.20.30.1/16,-
20201020083120,10.20.30.1/16,-
20201020083121,192.168.1.1/24,4
20201020083122,192.168.1.1/24,-
20201020083124,10.77.1.1/24,-
20201020083125,10.20.30.1/16,-
20201020083126,10.20.30.2/16,88
20201020083127,192.168.1.2/24,-
20201020083129,10.20.30.1/16,23
20201020083131,10.77.1.1/24,19
20201020083133,10.20.30.2/16,-
20201020083134,10.20.30.2/16,2
20201020083135,10.20.30.2/16,12
20201020083136,10.20.30.1/16,19
20201020083138,192.168.1.2/24,3
20201020083139,10.20.30.2/16,9
20201020083140,10.77.1.2/24,12
20201020083141,10.77.1.2/24,4
20201020083142,10.20.30.1/16,41
20201020083143,10.77.1.1/24,-
20201020083144,192.168.1.1/24,8
20201020083145,192.168.1.1/24,-
20201020083147,192.168.1.1/24,1
20201020083148,10.20.30.2/16,2
20201020083150,192.168.1.2/24,9
20201020083151,10.20.30.1/16,9
20201020083152,10.77.1.2/24,-
20201020083153,192.168.1.1/24,24
20201020083155,10.77.1.2/24,-
20201020083157,192.168.1.2/24,8
20201020083159,192.168.1.2/24,6
20201020083201,192.168.1.2/24,4
20201020083202,10.20.30.1/16,9
20201020083203,192.168.1.1/24,6
20201020083204,10.77.1.1/24,36
20201020083206,10.77.1.2/24,-
20201020083207,192.168.1.1/24,6
20201020083208,192.168.1.2/24,34
20201020083209,10.20.30.2/16,4
20201020083210,192.168.1.1/24,-
20201020083212,192.168.1.2/24,-
20201020083213,192.168.1.1/24,3
20201020083214,192.168.1.2/24,-
20201020083215,192.168.1.2/24,3
20201020083217,192.168.1.1/24,-
20201020083219,10.77.1.1/24,2
20201020083220,10.77.1.2/24,83
20201020083221,10.20.30.1/16,4
20201020083222,192.168.1.1/24,7
20201020083223,10.20.30.2/16,3
20201020083224,192.168.1.1/24,-
20201020083225,192.168.1.2/24,85
20201020083226,10.77.1.1/24,-
20201020083227,192.168.1.1/24,4
20201020083229,10.20.30.1/16,3
20201020083230,192.168.1.2/24,8
20201020083232,10.77.1.2/24,3
20201020083233,192.168.1.1/24,86
20201020083235,10.77.1.2/24,5
20201020083236,10.77.1.2/24,5
20201020083237,10.77.1.2/24,-
20201020083239,10.20.30.1/16,7
20201020083241,10.77.1.2/24,1
20201020083242,10.20.30.1/16,1
20201020083244,192.168.1.1/24,5
20201020083245,192.168.1.2/24,3
20201020083247,10.77.1.2/24,-
20201020083249,10.20.30.1/16,3
20201020083250,10.77.1.2/24,3
20201020083251,10.77.1.2/24,6
20201020083252,10.77.1.2/24,8
20201020083253,10.77.1.2/24,15
20201020083254,10.20.30.1/16,-
20201020083255,192.168.1.2/24,90
20201020083256,10.77.1.2/24,8
20201020083257,10.77.1.1/24,8
20201020083259,10.77.1.1/24,-
20201020083301,10.20.30.2/16,3
20201020083302,10.20.30.1/16,-
20201020083303,192.168.1.2/24,6
20201020083304,192.168.1.2/24,9
20201020083305,10.20.30.1/16,-
20201020083306,10.77.1.1/24,-
20201020083307,10.20.30.1/16,-
20201020083308,192.168.1.2/24,34
20201020083310,10.20.30.2/16,6
20201020083311,10.77.1.2/24,3
20201020083312,10.77.1.2/24,1
20201020083314,10.20.30.2/16,-
20201020083315,10.20.30.1/16,58
20201020083317,192.168.1.1/24,83
20201020083318,10.77.1.1/24,1
20201020083320,10.77.1.2/24,-
20201020083321,10.20.30.2/16,13
20201020083323,192.168.1.1/24,74
20201020083324,192.168.1.2/24,7
20201020083325,192.168.1.1/24,-
20201020083327,192.168.1.1/24,1
20201020083328,192.168.1.2/24,7
20201020083330,192.168.1.1/24,-
20201020083331,10.77.1.1/24,7
20201020083332,192.168.1.1/24,85
20201020083333,192.168.1.1/24,-
20201020083334,192.168.1.1/24,-
20201020083335,192.168.1.1/24,3
20201020083337,192.168.1.1/24,6
20201020083338,10.77.1.1/24,7
20201020083340,192.168.1.1/24,70
20201020083342,192.168.1.1/24,1
20201020083343,10.77.1.2/24,4
20201020083344,192.168.1.1/24,92
20201020083345,192.168.1.1/24,27
20201020083347,10.20.30.1/16,55
20201020083348,10.77.1.1/24,5
20201020083350,192.168.1.1/24,10
20201020083351,10.20.30.2/16,8
20201020083352,10.77.1.2/24,1
20201020083353,10.77.1.1/24,7
20201020083354,10.77.1.2/24,-
20201020083355,10.77.1.1/24,-
20201020083356,192.168.1.2/24,5
20201020083357,10.20.30.1/16,7
20201020083358,10.77.1.2/24,2
20201020083400,192.168.1.1/24,3
20201020083401,10.20.30.1/16,1
20201020083402,10.20.30.2/16,2
20201020083403,10.77.1.1/24,6
20201020083405,10.20.30.1/16,-
20201020083406,10.20.30.1/16,7
20201020083408,10.20.30.2/16,1
20201020083409,10.20.30.2/16,3
20201020083410,192.168.1.1/24,-
20201020083411,192.168.1.2/24,2
20201020083413,10.77.1.1/24,-
20201020083414,192.168.1.1/24,9
20201020083415,10.20.30.2/16,3
20201020083416,10.77.1.1/24,5
20201020083417,10.20.30.1/16,-
20201020083419,10.77.1.2/24,-
20201020083420,192.168.1.2/24,1
20201020083421,10.20.30.2/16,-
20201020083422,192.168.1.2/24,-
20201020083423,10.77.1.2/24,6
20201020083425,10.77.1.1/24,6
20201020083426,192.168.1.2/24,9
20201020083428,192.168.1.2/24,32
20201020083429,192.168.1.1/24,4
20201020083430,10.20.30.1/16,8
20201020083431,192.168.1.2/24,-
20201020083432,10.20.30.1/16,5
20201020083433,10.20.30.2/16,1
20201020083434,192.168.1.1/24,26
20201020083435,192.168.1.2/24,9
20201020083436,10.77.1.1/24,-
20201020083438,10.77.1.2/24,4
20201020083439,10.20.30.1/16,-
20201020083440,192.168.1.2/24,-
20201020083441,192.168.1.1/24,65
20201020083442,10.77.1.2/24,-
20201020083444,10.20.30.2/16,28
20201020083445,10.77.1.1/24,10
20201020083446,192.168.1.2/24,74
20201020083447,10.20.30.1/16,-
20201020083448,192.168.1.1/24,-
20201020083449,192.168.1.1/24,7
20201020083450,192.168.1.2/24,7
20201020083452,10.20.30.2/16,-
20201020083453,10.20.30.2/16,-
20201020083454,10.20.30.1/16,4
20201020083455,10.77.1.1/24,6
20201020083456,192.168.1.1/24,48
20201020083457,10.20.30.2/16,7
20201020083458,10.20.30.1/16,8
20201020083459,10.20.30.1/16,-
20201020083500,10.20.30.1/16,5
20201020083502,10.20.30.2/16,97
20201020083503,192.168.1.2/24,3
20201020083504,10.20.30.1/16,-
20201020083505,192.168.1.2/24,60
20201020083506,10.77.1.1/24,8
20201020083508,10.77.1.2/24,-
20201020083510,10.77.1.2/24,97
20201020083512,192.168.1.1/24,-
20201020083514,10.77.1.2/24,9
20201020083515,10.20.30.2/16,7
20201020083516,10.77.1.2/24,2
20201020083517,192.168.1.1/24,12
20201020083519,10.20.30.1/16,6
20201020083520,10.20.30.1/16,5
20201020083521,10.20.30.1/16,-
20201020083522,10.77.1.1/24,-
20201020083524,10.77.1.1/24,-
20201020083525,10.20.30.2/16,25
20201020083526,10.20.30.2/16,7
20201020083527,192.168.1.1/24,-
20201020083529,192.168.1.2/24,-
20201020083530,10.77.1.1/24,49
20201020083531,192.168.1.1/24,89
20201020083532,10.20.30.1/16,3
20201020083533,192.168.1.2/24,6
20201020083534,10.20.30.2/16,-
20201020083535,10.77.1.2/24,-
20201020083536,10.20.30.1/16,-
20201020083537,192.168.1.2/24,3
20201020083538,192.168.1.2/24,7
20201020083539,10.20.30.1/16,7
20201020083540,192.168.1.1/24,21
20201020083542,192.168.1.1/24,61
20201020083544,192.168.1.1/24,7
20201020083546,10.20.30.2/16,-
20201020083547,192.168.1.2/24,32
20201020083549,192.168.1.1/24,69
20201020083550,10.77.1.1/24,-
20201020083551,192.168.1.2/24,7
20201020083552,10.77.1.1/24,-
20201020083554,192.168.1.1/24,3
20201020083555,10.77.1.1/24,2
20201020083556,10.77.1.2/24,81
20201020083557,10.77.1.2/24,93
20201020083558,192.168.1.2/24,6
20201020083600,192.168.1.1/24,20
20201020083602,192.168.1.2/24,-
20201020083604,192.168.1.1/24,-
20201020083605,192.168.1.2/24,8
20201020083606,10.20.30.1/16,-
20201020083607,10.77.1.2/24,-
20201020083609,192.168.1.1/24,-
20201020083610,192.168.1.1/24,96
20201020083611,10.20.30.1/16,6
20201020083613,192.168.1.2/24,-
20201020083614,10.20.30.2/16,4
20201020083616,10.20.30.2/16,7
20201020083618,10.20.30.1/16,5
20201020083619,10.77.1.2/24,-
20201020083621,10.20.30.1/16,5
20201020083623,10.77.1.2/24,-
20201020083624,10.77.1.1/24,-
20201020083625,192.168.1.2/24,-
20201020083627,192.168.1.2/24,55
20201020083628,10.20.30.1/16,2
20201020083629,192.168.1.2/24,8
20201020083630,192.168.1.1/24,5
20201020083631,192.168.1.2/24,-
20201020083633,192.168.1.1/24,-
20201020083634,10.77.1.1/24,14
20201020083636,192.168.1.1/24,-
20201020083637,10.20.30.1/16,8
20201020083638,10.77.1.2/24,-
20201020083639,10.77.1.2/24,7
20201020083641,192.168.1.2/24,1
20201020083642,192.168.1.1/24,7
20201020083643,10.77.1.2/24,7
20201020083644,10.77.1.1/24,5
20201020083645,192.168.1.1/24,3
20201020083646,10.20.30.2/16,5
20201020083647,10.77.1.1/24,9
20201020083648,192.168.1.1/24,-
20201020083650,10.77.1.2/24,-
20201020083651,10.77.1.2/24,90
20201020083652,10.77.1.1/24,-
20201020083653,10.20.30.1/16,4
20201020083655,10.77.1.1/24,38
20201020083657,10.77.1.1/24,-
20201020083659,10.20.30.1/16,1
20201020083700,192.168.1.1/24,1
20201020083701,10.20.30.2/16,12
20201020083702,10.20.30.1/16,7
20201020083703,10.20.30.1/16,-
20201020083704,10.77.1.2/24,6
20201020083705,10.77.1.1/24,2
20201020083707,192.168.1.2/24,-
20201020083708,192.168.1.2/24,16
20201020083709,192.168.1.2/24,5
20201020083710,192.168.1.2/24,7
20201020083711,10.77.1.2/24,5
20201020083713,10.77.1.2/24,3
20201020083714,10.77.1.1/24,-
20201020083715,192.168.1.2/24,6
20201020083716,10.77.1.1/24,72
20201020083717,10.20.30.1/16,2
20201020083719,10.20.30.1/16,64
20201020083720,10.20.30.2/16,93
20201020083721,192.168.1.1/24,4
20201020083722,192.168.1.1/24,-
20201020083723,10.77.1.2/24,4
20201020083724,10.20.30.2/16,-
20201020083726,10.20.30.1/16,1
20201020083727,10.20.30.1/16,59
20201020083729,10.77.1.1/24,6
20201020083730,10.77.1.1/24,8
20201020083732,10.77.1.2/24,-
20201020083733,10.20.30.1/16,-
20201020083734,192.168.1.1/24,7
20201020083735,10.20.30.1/16,8
20201020083736,10.77.1.1/24,4
20201020083737,10.20.30.2/16,1
20201020083738,10.77.1.1/24,7
20201020083739,10.77.1.1/24,-
20201020083740,10.20.30.1/16,50
20201020083741,192.168.1.2/24,7
20201020083742,192.168.1.2/24,-
20201020083743,10.20.30.1/16,43
20201020083744,10.77.1.2/24,72
20201020083745,192.168.1.1/24,80
20201020083746,192.168.1.2/24,3
20201020083747,10.20.30.1/16,71
20201020083748,10.77.1.2/24,9
20201020083749,10.77.1.2/24,2
20201020083751,192.168.1.2/24,-
20201020083752,10.77.1.2/24,-
20201020083753,10.20.30.2/16,8
20201020083754,192.168.1.1/24,-
20201020083755,10.77.1.1/24,60
20201020083756,10.77.1.2/24,-
20201020083757,10.20.30.1/16,53
20201020083759,10.20.30.2/16,-
20201020083800,192.168.1.1/24,-
20201020083802,10.20.30.1/16,9
20201020083803,192.168.1.2/24,3
20201020083804,192.168.1.2/24,44
20201020083805,10.77.1.2/24,4
20201020083807,192.168.1.2/24,14
20201020083809,192.168.1.2/24,3
20201020083810,192.168.1.2/24,-
20201020083811,10.77.1.1/24,-
20201020083812,10.77.1.1/24,8
20201020083813,10.20.30.2/16,6
20201020083814,10.77.1.1/24,7
20201020083815,10.20.30.2/16,7
20201020083816,192.168.1.2/24,4
20201020083817,10.20.30.2/16,3
20201020083819,10.77.1.1/24,3
20201020083820,10.77.1.2/24,2
20201020083821,10.77.1.2/24,-
20201020083822,10.77.1.1/24,8
20201020083823,10.20.30.1/16,-
20201020083824,10.77.1.2/24,7
20201020083825,10.20.30.1/16,2
20201020083826,10.77.1.1/24,48
20201020083827,10.20.30.1/16,11
20201020083828,192.168.1.2/24,9
20201020083829,192.168.1.2/24,2
20201020083830,10.77.1.2/24,3
20201020083831,10.77.1.1/24,1
20201020083832,10.20.30.2/16,2
20201020083833,192.168.1.1/24,3
20201020083834,192.168.1.1/24,52
20201020083836,10.20.30.2/16,4
20201020083838,10.77.1.2/24,2
20201020083840,10.20.30.1/16,-
20201020083841,192.168.1.2/24,9
20201020083842,10.20.30.2/16,11
20201020083844,10.20.30.2/16,10
20201020083845,10.77.1.2/24,7
20201020083847,10.20.30.1/16,3
20201020083849,192.168.1.2/24,-
20201020083850,10.77.1.1/24,8
20201020083851,10.77.1.2/24,-
20201020083852,10.20.30.1/16,-
20201020083854,192.168.1.2/24,-
20201020083855,10.20.30.1/16,7
20201020083856,10.77.1.1/24,12
20201020083858,10.77.1.1/24,2
20201020083859,10.77.1.1/24,3
20201020083900,10.77.1.1/24,12
20201020083902,10.20.30.2/16,6
20201020083903,10.77.1.1/24,-
20201020083905,10.20.30.1/16,50
20201020083906,10.20.30.1/16,1
20201020083908,10.20.30.2/16,6
20201020083909,192.168.1.2/24,4
20201020083910,10.77.1.2/24,-
20201020083912,192.168.1.2/24,9
20201020083913,192.168.1.2/24,47
20201020083915,192.168.1.1/24,56
20201020083917,10.20.30.2/16,4
20201020083918,10.20.30.1/16,17
20201020083919,192.168.1.2/24,15
20201020083920,10.20.30.1/16,1
20201020083921,192.168.1.1/24,2
20201020083922,192.168.1.2/24,9
20201020083923,10.77.1.2/24,6
20201020083924,10.77.1.1/24,5
20201020083925,10.20.30.1/16,41
20201020083926,192.168.1.2/24,-
20201020083927,10.77.1.2/24,8
20201020083928,10.77.1.2/24,5
20201020083929,192.168.1.1/24,37
20201020083931,10.77.1.2/24,74
20201020083932,10.77.1.2/24,-
20201020083934,10.20.30.2/16,-
20201020083935,192.168.1.2/24,12
20201020083937,10.77.1.1/24,-
20201020083938,192.168.1.2/24,6
20201020083939,10.77.1.2/24,-
20201020083940,10.20.30.2/16,21
20201020083942,10.20.30.2/16,5
20201020083943,10.20.30.2/16,73
20201020083944,192.168.1.1/24,3
20201020083945,10.20.30.1/16,22
20201020083946,192.168.1.2/24,6
20201020083948,192.168.1.1/24,2
20201020083949,10.20.30.2/16,5
20201020083950,192.168.1.1/24,-
20201020083951,10.77.1.2/24,6
20201020083952,192.168.1.1/24,8
20201020083953,10.77.1.1/24,2
20201020083955,10.77.1.2/24,-
20201020083956,10.20.30.1/16,-
20201020083957,10.77.1.1/24,2
20201020083959,192.168.1.2/24,-
20201020084001,10.77.1.2/24,6
20201020084002,10.77.1.2/24,8
20201020084003,10.20.30.1/16,9
20201020084005,10.77.1.1/24,-
20201020084007,10.77.1.2/24,44
20201020084008,192.168.1.2/24,19
20201020084009,10.20.30.1/16,-
20201020084011,10.20.30.2/16,-
20201020084012,10.77.1.2/24,3
20201020084013,10.20.30.2/16,9
20201020084014,10.20.30.1/16,-
20201020084016,10.20.30.1/16,-
20201020084017,10.77.1.2/24,11
20201020084018,192.168.1.2/24,12
20201020084019,192.168.1.1/24,7
20201020084020,192.168.1.1/24,7
20201020084021,10.20.30.2/16,2
20201020084023,192.168.1.2/24,28
20201020084024,10.77.1.1/24,84
20201020084026,192.168.1.1/24,4
20201020084027,192.168.1.2/24,9
20201020084029,10.20.30.1/16,6
20201020084030,192.168.1.2/24,5
20201020084031,10.77.1.2/24,7
20201020084033,10.20.30.2/16,-
20201020084035,10.77.1.1/24,-
20201020084036,192.168.1.2/24,7
20201020084037,10.77.1.2/24,7
20201020084039,10.77.1.2/24,3
20201020084041,192.168.1.2/24,95
20201020084042,192.168.1.2/24,-
20201020084043,10.77.1.1/24,8
20201020084044,10.20.30.2/16,6
20201020084046,192.168.1.2/24,3
20201020084047,10.77.1.2/24,4
20201020084048,10.20.30.2/16,20
20201020084049,10.20.30.2/16,-
20201020084050,192.168.1.2/24,9
20201020084051,10.77.1.1/24,5
20201020084052,10.20.30.2/16,2
20201020084053,10.20.30.2/16,-
20201020084054,10.77.1.1/24,8
20201020084056,192.168.1.2/24,6
20201020084058,10.77.1.1/24,4
20201020084059,10.20.30.1/16,2
20201020084100,10.77.1.2/24,17
20201020084101,192.168.1.2/24,-
20201020084102,10.20.30.1/16,27
20201020084104,10.77.1.2/24,4
20201020084105,10.20.30.2/16,9
20201020084106,192.168.1.2/24,15
20201020084108,10.20.30.1/16,53
20201020084110,192.168.1.2/24,11
20201020084111,192.168.1.2/24,4
20201020084112,10.77.1.2/24,19
20201020084113,192.168.1.1/24,2
20201020084114,10.20.30.1/16,2
20201020084115,192.168.1.1/24,2
20201020084117,10.20.30.1/16,31
20201020084118,10.77.1.1/24,-
20201020084119,10.20.30.1/16,9
20201020084121,10.20.30.2/16,9
20201020084123,10.20.30.1/16,1
20201020084124,192.168.1.2/24,1
20201020084125,10.20.30.2/16,-
20201020084126,10.77.1.1/24,2
20201020084127,192.168.1.1/24,2
20201020084128,10.20.30.2/16,-
20201020084129,192.168.1.1/24,48
20201020084130,10.20.30.1/16,3
20201020084131,10.20.30.1/16,-
20201020084132,192.168.1.1/24,3
20201020084133,10.77.1.2/24,5
20201020084134,10.77.1.2/24,50
20201020084135,10.77.1.1/24,27
20201020084136,10.77.1.2/24,16
20201020084138,10.77.1.2/24,5
20201020084139,10.77.1.2/24,-
20201020084140,10.20.30.1/16,37
20201020084141,192.168.1.1/24,-
20201020084142,10.20.30.1/16,6
20201020084143,192.168.1.2/24,8
20201020084144,192.168.1.2/24,5
20201020084145,10.77.1.2/24,1
20201020084146,10.20.30.2/16,-
20201020084147,192.168.1.1/24,9
20201020084148,10.77.1.1/24,-
20201020084149,10.20.30.2/16,-
20201020084150,10.20.30.1/16,1
20201020084152,192.168.1.1/24,3
20201020084153,10.20.30.2/16,95
20201020084154,10.20.30.2/16,2
20201020084155,10.20.30.2/16,95
20201020084157,10.20.30.1/16,14
20201020084158,192.168.1.1/24,-
20201020084159,10.77.1.2/24,26
20201020084200,10.20.30.2/16,8
20201020084201,10.77.1.2/24,-
20201020084202,192.168.1.2/24,14
20201020084203,10.20.30.1/16,6
20201020084204,192.168.1.1/24,59
20201020084205,192.168.1.1/24,7
20201020084206,10.77.1.2/24,5
20201020084207,192.168.1.1/24,5
20201020084208,10.20.30.2/16,-
20201020084209,192.168.1.2/24,-
20201020084210,192.168.1.1/24,21
20201020084211,10.77.1.2/24,32
20201020084212,10.77.1.2/24,79
20201020084213,10.77.1.1/24,69
20201020084214,10.20.30.1/16,9
20201020084215,10.77.1.2/24,6
20201020084216,10.77.1.2/24,89
20201020084217,192.168.1.2/24,-
20201020084218,10.20.30.2/16,8
20201020084219,192.168.1.1/24,18
20201020084220,10.77.1.2/24,2
20201020084221,10.20.30.1/16,1
20201020084222,10.77.1.2/24,-
20201020084223,192.168.1.2/24,64
20201020084224,10.77.1.2/24,-
20201020084225,10.77.1.2/24,8
20201020084227,10.77.1.1/24,-
20201020084229,10.20.30.1/16,8
20201020084230,192.168.1.2/24,10
20201020084231,192.168.1.1/24,60
20201020084232,192.168.1.2/24,-
20201020084234,192.168.1.2/24,2
20201020084235,10.77.1.1/24,8
20201020084236,10.77.1.2/24,-
20201020084237,10.77.1.1/24,1
20201020084238,192.168.1.2/24,13
20201020084240,10.77.1.2/24,-
20201020084241,192.168.1.1/24,-
20201020084242,10.20.30.1/16,2
20201020084244,192.168.1.2/24,-
20201020084245,192.168.1.2/24,-
20201020084247,10.20.30.1/16,-
20201020084248,10.20.30.2/16,3
20201020084249,192.168.1.1/24,4
20201020084250,192.168.1.2/24,3
20201020084251,10.20.30.2/16,5
20201020084252,10.20.30.1/16,-
20201020084253,10.20.30.2/16,7
20201020084254,10.20.30.1/16,6
20201020084256,10.20.30.2/16,2
20201020084257,192.168.1.1/24,3
20201020084258,10.77.1.1/24,53
20201020084259,10.77.1.1/24,55
20201020084300,10.77.1.2/24,-
20201020084301,192.168.1.2/24,8
20201020084303,10.20.30.1/16,20
20201020084304,10.77.1.2/24,-
20201020084305,192.168.1.2/24,8
20201020084306,10.77.1.2/24,-
20201020084308,10.20.30.2/16,-
20201020084310,10.77.1.1/24,9
20201020084312,10.77.1.2/24,-
20201020084313,192.168.1.2/24,-
20201020084314,10.20.30.1/16,12
20201020084315,10.20.30.2/16,-
20201020084317,10.20.30.2/16,-
20201020084318,192.168.1.1/24,35
20201020084319,10.77.1.2/24,20
20201020084320,10.77.1.2/24,83
20201020084322,10.20.30.2/16,11
20201020084323,10.77.1.1/24,3
20201020084324,192.168.1.1/24,2
20201020084326,192.168.1.2/24,6
20201020084327,10.77.1.2/24,7
20201020084329,10.20.30.1/16,4
20201020084330,192.168.1.2/24,7
20201020084331,10.20.30.2/16,8
20201020084332,10.77.1.2/24,-
20201020084334,10.77.1.1/24,6
20201020084336,192.168.1.1/24,43
20201020084337,192.168.1.1/24,8
20201020084338,192.168.1.2/24,21
20201020084339,10.77.1.2/24,-
20201020084340,10.77.1.1/24,-
20201020084341,10.20.30.2/16,-
20201020084342,10.77.1.1/24,9
20201020084344,192.168.1.2/24,-
20201020084346,192.168.1.2/24,2
20201020084347,10.20.30.2/16,47
20201020084348,192.168.1.2/24,11
20201020084349,192.168.1.1/24,6
20201020084350,10.20.30.2/16,85
20201020084352,10.20.30.1/16,9
20201020084353,10.20.30.1/16,25
20201020084355,192.168.1.1/24,7
20201020084356,192.168.1.2/24,94
20201020084357,10.20.30.1/16,-
20201020084358,192.168.1.1/24,2
20201020084359,10.20.30.1/16,2
20201020084401,10.77.1.2/24,68
20201020084403,10.20.30.1/16,4
20201020084404,10.77.1.2/24,-
20201020084406,10.20.30.2/16,-
20201020084407,10.77.1.2/24,9
20201020084408,10.20.30.1/16,52
20201020084409,192.168.1.2/24,-
20201020084410,192.168.1.1/24,3
20201020084411,10.77.1.2/24,24
20201020084412,10.77.1.2/24,9
20201020084414,192.168.1.2/24,1
20201020084415,10.77.1.1/24,8
20201020084416,10.77.1.1/24,7
20201020084417,192.168.1.1/24,-
20201020084418,10.20.30.2/16,-
20201020084419,192.168.1.1/24,-
20201020084420,10.20.30.2/16,5
20201020084421,10.20.30.2/16,-
20201020084422,10.20.30.1/16,1
20201020084423,10.77.1.2/24,6
20201020084424,10.20.30.1/16,7
20201020084426,192.168.1.2/24,27
20201020084428,192.168.1.2/24,96
20201020084429,10.20.30.1/16,42
20201020084431,10.77.1.2/24,40
20201020084432,192.168.1.1/24,3
20201020084433,192.168.1.2/24,-
20201020084434,10.77.1.2/24,1
20201020084435,10.77.1.2/24,94
20201020084436,10.20.30.2/16,18
20201020084437,10.20.30.2/16,-
20201020084438,10.77.1.1/24,1
20201020084439,10.20.30.1/16,-
20201020084440,10.20.30.2/16,-
20201020084441,192.168.1.2/24,24
20201020084442,10.20.30.2/16,21
20201020084443,10.20.30.2/16,5
20201020084444,192.168.1.2/24,-
20201020084445,10.77.1.2/24,3
20201020084446,10.20.30.1/16,58
20201020084447,192.168.1.2/24,1
20201020084448,10.77.1.1/24,10
20201020084449,10.77.1.1/24,-
20201020084450,192.168.1.2/24,2
20201020084451,192.168.1.2/24,5
20201020084452,10.77.1.2/24,9
20201020084453,192.168.1.2/24,5
20201020084455,10.20.30.2/16,58
20201020084456,192.168.1.2/24,-
20201020084457,10.77.1.2/24,-
20201020084459,10.20.30.2/16,1
20201020084500,192.168.1.2/24,9
20201020084501,192.168.1.2/24,4
20201020084503,10.77.1.1/24,43
20201020084504,10.20.30.1/16,-
20201020084505,10.77.1.1/24,53
20201020084507,10.20.30.2/16,-
20201020084508,192.168.1.1/24,6
20201020084509,10.20.30.1/16,26
20201020084510,10.77.1.1/24,26
20201020084511,192.168.1.1/24,6
20201020084512,192.168.1.1/24,7
20201020084513,10.20.30.2/16,-
20201020084514,10.77.1.1/24,1
20201020084515,10.20.30.1/16,1
20201020084517,192.168.1.1/24,6
20201020084519,10.77.1.1/24,18
20201020084520,10.20.30.1/16,12
20201020084522,192.168.1.1/24,4
20201020084523,10.77.1.1/24,2
20201020084524,10.77.1.2/24,-
20201020084525,192.168.1.1/24,53
20201020084526,10.77.1.1/24,2
20201020084527,10.77.1.1/24,-
20201020084528,10.77.1.2/24,-
20201020084529,192.168.1.1/24,-
20201020084530,192.168.1.2/24,-
20201020084532,192.168.1.2/24,-
20201020084534,10.20.30.1/16,50
20201020084535,10.77.1.1/24,95
20201020084537,10.20.30.1/16,7
20201020084539,10.20.30.2/16,7
20201020084541,192.168.1.1/24,8
20201020084542,192.168.1.1/24,1
20201020084543,192.168.1.1/24,52
20201020084544,10.77.1.1/24,-
20201020084545,10.20.30.2/16,7
20201020084546,10.77.1.1/24,8
20201020084547,10.77.1.1/24,4
20201020084549,10.20.30.1/16,6
20201020084551,10.77.1.2/24,3
20201020084552,10.77.1.1/24,91
20201020084553,10.20.30.2/16,53
20201020084555,10.20.30.1/16,4
20201020084556,10.20.30.1/16,8
20201020084557,192.168.1.1/24,37
20201020084558,192.168.1.1/24,67
20201020084559,192.168.1.2/24,57
20201020084600,192.168.1.1/24,3
20201020084601,10.20.30.2/16,-
20201020084602,10.77.1.2/24,-
20201020084603,10.20.30.2/16,2
20201020084605,10.20.30.1/16,4
20201020084606,192.168.1.2/24,4
20201020084608,192.168.1.2/24,-
20201020084609,10.20.30.2/16,-
20201020084610,10.20.30.1/16,8
20201020084611,10.77.1.2/24,9
20201020084612,10.77.1.2/24,6
20201020084613,10.77.1.1/24,7
20201020084614,10.77.1.1/24,-
20201020084615,192.168.1.2/24,-
20201020084616,192.168.1.1/24,6
20201020084617,192.168.1.1/24,2
20201020084618,10.77.1.1/24,-
20201020084619,10.20.30.1/16,7
20201020084620,10.20.30.1/16,7
20201020084621,10.20.30.2/16,1
20201020084622,192.168.1.2/24,-
20201020084624,10.20.30.1/16,-
20201020084625,10.20.30.2/16,-
20201020084626,10.77.1.2/24,-
20201020084628,192.168.1.1/24,7
20201020084629,10.77.1.1/24,6
20201020084630,192.168.1.2/24,6
20201020084631,10.77.1.1/24,11
20201020084632,192.168.1.1/24,86
20201020084633,192.168.1.1/24,-
20201020084634,10.20.30.1/16,-
20201020084635,10.20.30.1/16,15
20201020084636,10.77.1.1/24,5
20201020084637,10.77.1.2/24,7
20201020084638,10.20.30.2/16,2
20201020084640,192.168.1.1/24,7
20201020084642,192.168.1.1/24,8
20201020084643,10.77.1.2/24,6
20201020084644,10.77.1.2/24,95
20201020084646,10.20.30.1/16,-
20201020084647,10.77.1.1/24,-
20201020084648,10.77.1.2/24,34
20201020084649,10.20.30.1/16,-
20201020084650,192.168.1.1/24,4
20201020084651,192.168.1.1/24,8
20201020084652,10.20.30.1/16,9
20201020084653,192.168.1.1/24,6
20201020084654,10.20.30.1/16,-
20201020084655,10.20.30.1/16,23
20201020084656,10.77.1.2/24,3
20201020084657,192.168.1.1/24,7
20201020084658,192.168.1.1/24,-
20201020084659,192.168.1.2/24,2
20201020084700,10.77.1.2/24,6
20201020084701,10.77.1.2/24,2
20201020084702,192.168.1.2/24,-
20201020084704,10.20.30.1/16,10
20201020084705,10.20.30.1/16,4
20201020084706,192.168.1.1/24,-
20201020084708,10.20.30.1/16,8
20201020084709,10.20.30.2/16,-
20201020084711,10.20.30.1/16,40
20201020084712,192.168.1.2/24,69
20201020084713,10.20.30.2/16,24
20201020084714,10.77.1.1/24,2
20201020084716,10.77.1.1/24,5
20201020084717,10.20.30.2/16,-
20201020084718,10.20.30.2/16,10
20201020084719,10.20.30.2/16,7
20201020084720,192.168.1.1/24,5
20201020084721,10.20.30.2/16,-
20201020084722,10.77.1.1/24,6
20201020084723,10.77.1.1/24,-
20201020084724,10.20.30.2/16,-
20201020084725,10.77.1.2/24,7
20201020084727,10.20.30.1/16,1
20201020084729,192.168.1.2/24,9
20201020084731,10.20.30.1/16,79
20201020084733,192.168.1.1/24,6
20201020084734,10.20.30.2/16,-
20201020084735,192.168.1.2/24,5
20201020084737,10.77.1.1/24,7
20201020084738,192.168.1.1/24,58
20201020084739,10.20.30.1/16,-
20201020084740,10.20.30.2/16,12
20201020084741,10.77.1.2/24,-
20201020084743,192.168.1.1/24,4
20201020084744,10.20.30.2/16,32
20201020084745,10.20.30.2/16,98
20201020084747,10.20.30.2/16,34
20201020084748,192.168.1.2/24,6
20201020084749,10.77.1.2/24,-
20201020084750,10.20.30.1/16,-
20201020084751,10.77.1.1/24,-
20201020084753,192.168.1.2/24,35
20201020084754,10.77.1.2/24,9
20201020084755,10.77.1.2/24,-
20201020084756,192.168.1.2/24,-
20201020084757,10.77.1.2/24,10
20201020084758,10.77.1.2/24,10
20201020084759,192.168.1.2/24,-
20201020084800,192.168.1.2/24,7
20201020084801,192.168.1.2/24,-
20201020084803,10.77.1.1/24,8
20201020084804,192.168.1.1/24,2
20201020084806,10.20.30.1/16,9
20201020084807,192.168.1.1/24,9
20201020084808,192.168.1.2/24,12
20201020084809,10.20.30.1/16,67
20201020084811,10.20.30.1/16,76
20201020084812,192.168.1.2/24,2
20201020084813,10.77.1.2/24,6
20201020084814,192.168.1.1/24,7
20201020084815,10.77.1.2/24,4
20201020084816,10.20.30.1/16,-
20201020084817,192.168.1.2/24,3
20201020084818,192.168.1.1/24,-
20201020084819,10.77.1.2/24,12
20201020084820,10.77.1.1/24,9
20201020084821,10.20.30.2/16,-
20201020084823,10.20.30.1/16,16
20201020084824,192.168.1.1/24,-
20201020084825,10.77.1.2/24,1
20201020084826,192.168.1.2/24,-
20201020084827,10.77.1.2/24,4
20201020084828,10.20.30.2/16,0
20201020084829,10.20.30.1/16,80
20201020084830,10.77.1.2/24,3
20201020084831,10.77.1.2/24,8
20201020084833,192.168.1.1/24,-
20201020084834,192.168.1.1/24,-
20201020084835,192.168.1.1/24,3
20201020084837,10.77.1.1/24,2
20201020084838,192.168.1.1/24,-
20201020084839,10.20.30.1/16,4
20201020084841,192.168.1.1/24,65
20201020084842,192.168.1.1/24,3
20201020084843,10.77.1.1/24,-
20201020084844,192.168.1.2/24,6
20201020084845,192.168.1.1/24,52
20201020084847,10.20.30.2/16,63
20201020084848,10.77.1.2/24,7
20201020084849,10.20.30.1/16,-
20201020084850,192.168.1.1/24,26
20201020084851,192.168.1.1/24,56
20201020084852,192.168.1.1/24,9
20201020084853,10.77.1.2/24,96
20201020084854,10.20.30.2/16,9
20201020084856,192.168.1.2/24,55
20201020084857,10.20.30.2/16,20
20201020084858,10.20.30.1/16,9
20201020084859,192.168.1.1/24,-
20201020084900,10.77.1.1/24,1
20201020084901,192.168.1.1/24,6
20201020084902,10.20.30.2/16,99
20201020084903,10.20.30.2/16,73
20201020084905,192.168.1.1/24,4
20201020084907,10.20.30.2/16,-
20201020084909,192.168.1.1/24,29
20201020084910,192.168.1.2/24,8
20201020084911,10.77.1.2/24,4
20201020084912,10.77.1.1/24,-
20201020084913,10.77.1.1/24,75
20201020084914,10.77.1.2/24,-
20201020084916,192.168.1.1/24,-
20201020084917,192.168.1.2/24,5
20201020084918,192.168.1.2/24,8
20201020084919,10.77.1.1/24,1
20201020084920,10.20.30.1/16,2
20201020084922,10.77.1.1/24,6
20201020084924,10.77.1.1/24,10
20201020084925,10.20.30.2/16,1
20201020084927,10.20.30.1/16,66
20201020084928,192.168.1.2/24,1
20201020084929,192.168.1.1/24,5
20201020084930,10.20.30.1/16,5
20201020084931,10.77.1.2/24,88
20201020084932,10.20.30.1/16,8
20201020084933,10.77.1.2/24,1
20201020084935,192.168.1.1/24,-
20201020084936,10.77.1.2/24,2
20201020084937,10.77.1.1/24,0
20201020084938,10.20.30.2/16,9
20201020084940,10.77.1.1/24,-
20201020084941,10.20.30.1/16,26
20201020084942,10.20.30.1/16,6
20201020084944,192.168.1.1/24,-
20201020084945,10.77.1.2/24,3
20201020084947,10.77.1.2/24,4
20201020084948,10.77.1.1/24,5
20201020084949,10.77.1.1/24,15
20201020084951,10.77.1.1/24,-
20201020084952,192.168.1.2/24,5
20201020084954,10.20.30.2/16,2
20201020084956,192.168.1.1/24,5
20201020084958,10.77.1.1/24,3
20201020085000,10.77.1.1/24,1
20201020085001,10.20.30.2/16,64
20201020085002,10.77.1.2/24,15
20201020085003,10.77.1.2/24,84
20201020085004,192.168.1.2/24,1
20201020085006,10.20.30.1/16,6
20201020085007,10.20.30.1/16,9
20201020085008,192.168.1.2/24,-
20201020085009,10.77.1.1/24,48
20201020085010,10.20.30.1/16,14
20201020085011,10.20.30.1/16,-
20201020085012,10.20.30.1/16,8
20201020085013,192.168.1.2/24,2
20201020085014,10.77.1.1/24,-
20201020085015,10.77.1.2/24,10
20201020085016,10.77.1.1/24,99
20201020085017,192.168.1.2/24,7
20201020085018,192.168.1.2/24,-
20201020085019,192.168.1.1/24,5
20201020085020,10.20.30.2/16,-
20201020085021,192.168.1.2/24,-
20201020085022,10.77.1.2/24,79
20201020085023,192.168.1.2/24,2
20201020085024,10.20.30.2/16,3
20201020085025,10.20.30.1/16,-
20201020085026,10.20.30.1/16,6
20201020085027,10.20.30.2/16,8
20201020085028,10.77.1.2/24,6
20201020085030,192.168.1.1/24,-
20201020085032,192.168.1.1/24,5
20201020085033,192.168.1.2/24,-
20201020085034,10.77.1.1/24,6
20201020085035,10.20.30.1/16,2
20201020085036,10.77.1.1/24,8
20201020085037,192.168.1.1/24,9
20201020085038,192.168.1.1/24,1
20201020085040,10.20.30.1/16,33
20201020085041,192.168.1.2/24,1
20201020085042,192.168.1.1/24,-
20201020085044,10.20.30.1/16,6
20201020085045,10.20.30.2/16,9
20201020085047,10.20.30.2/16,4
20201020085048,192.168.1.2/24,4
20201020085049,192.168.1.2/24,-
20201020085051,10.20.30.1/16,8
20201020085052,192.168.1.1/24,7
20201020085053,10.20.30.2/16,-
20201020085054,192.168.1.2/24,5
20201020085055,10.20.30.2/16,6
20201020085056,10.20.30.2/16,42
20201020085058,10.77.1.2/24,9
20201020085100,10.20.30.1/16,-
20201020085102,10.77.1.1/24,11
20201020085103,10.77.1.2/24,-
20201020085104,192.168.1.2/24,62
20201020085105,10.77.1.2/24,8
20201020085107,10.77.1.2/24,-
20201020085108,10.20.30.2/16,-
20201020085110,10.20.30.2/16,64
20201020085111,10.20.30.2/16,8
20201020085112,10.77.1.1/24,-
20201020085113,192.168.1.2/24,42
20201020085114,10.20.30.2/16,7
20201020085115,10.20.30.1/16,4
20201020085116,10.20.30.1/16,1
20201020085117,10.77.1.1/24,6
20201020085118,192.168.1.1/24,-
20201020085119,192.168.1.2/24,1
20201020085120,192.168.1.2/24,13
20201020085121,192.168.1.2/24,5
20201020085123,10.20.30.2/16,5
20201020085124,10.20.30.1/16,9
20201020085125,10.20.30.2/16,68
20201020085126,192.168.1.1/24,1
20201020085127,192.168.1.1/24,4
20201020085128,10.77.1.2/24,1
20201020085129,10.77.1.2/24,58
20201020085130,192.168.1.1/24,-
20201020085131,10.20.30.2/16,5
20201020085132,10.20.30.1/16,76
20201020085133,192.168.1.1/24,2
20201020085134,10.77.1.1/24,7
20201020085135,192.168.1.2/24,81
20201020085136,10.77.1.1/24,-
20201020085137,10.20.30.2/16,-
20201020085138,10.77.1.1/24,-
20201020085139,192.168.1.1/24,-
20201020085140,10.77.1.1/24,-
20201020085141,192.168.1.2/24,2
20201020085142,192.168.1.1/24,6
20201020085143,192.168.1.1/24,4
20201020085144,192.168.1.1/24,9
20201020085146,10.20.30.1/16,6
20201020085147,10.77.1.1/24,4
20201020085148,10.77.1.1/24,7
20201020085149,192.168.1.1/24,3
20201020085150,10.20.30.2/16,3
20201020085151,192.168.1.2/24,4
20201020085152,10.77.1.2/24,6
20201020085153,192.168.1.1/24,4
20201020085154,192.168.1.1/24,35
20201020085156,192.168.1.2/24,14
20201020085157,10.20.30.1/16,70
20201020085158,10.77.1.1/24,-
20201020085200,10.20.30.1/16,8
20201020085202,10.77.1.1/24,6
20201020085203,10.77.1.1/24,1
20201020085204,10.20.30.2/16,-
20201020085205,10.20.30.1/16,3
20201020085207,192.168.1.2/24,7
20201020085208,10.20.30.2/16,6
20201020085210,10.77.1.2/24,49
20201020085211,10.77.1.1/24,27
20201020085212,10.20.30.2/16,-
20201020085213,10.77.1.1/24,6
20201020085214,10.77.1.2/24,-
20201020085215,10.20.30.1/16,2
20201020085216,10.77.1.2/24,7
20201020085217,10.20.30.1/16,-
20201020085218,10.20.30.1/16,-
20201020085219,10.77.1.1/24,5
20201020085220,10.20.30.2/16,2
20201020085221,10.77.1.1/24,6
20201020085223,10.20.30.2/16,9
20201020085224,10.77.1.1/24,3
20201020085225,192.168.1.2/24,9
20201020085227,10.20.30.1/16,1
20201020085229,10.77.1.1/24,1
20201020085230,10.77.1.1/24,7
20201020085232,192.168.1.1/24,9
20201020085233,10.20.30.2/16,23
20201020085234,192.168.1.2/24,2
20201020085235,192.168.1.1/24,5
20201020085237,10.20.30.2/16,2
20201020085238,10.20.30.1/16,-
20201020085239,10.77.1.1/24,4
20201020085240,10.20.30.1/16,33
20201020085241,10.77.1.2/24,9
20201020085243,10.77.1.1/24,24
20201020085244,10.20.30.2/16,70
20201020085246,10.77.1.2/24,-
20201020085247,10.77.1.1/24,37
20201020085249,192.168.1.2/24,8
20201020085250,192.168.1.2/24,4
20201020085251,192.168.1.1/24,-
20201020085252,192.168.1.1/24,-
20201020085253,192.168.1.2/24,-
20201020085254,10.20.30.1/16,10
20201020085255,10.77.1.2/24,-
20201020085256,192.168.1.1/24,28
20201020085257,192.168.1.1/24,-
20201020085258,10.20.30.2/16,5
20201020085300,10.77.1.2/24,34
20201020085301,192.168.1.2/24,-
20201020085302,192.168.1.2/24,7
20201020085303,192.168.1.1/24,2
20201020085304,10.77.1.2/24,6
20201020085305,10.77.1.2/24,6
20201020085306,10.77.1.2/24,1
20201020085307,192.168.1.2/24,-
20201020085308,10.77.1.1/24,6
20201020085309,10.77.1.1/24,-
20201020085310,192.168.1.1/24,62
20201020085311,10.20.30.2/16,8
20201020085312,192.168.1.2/24,96
20201020085313,10.20.30.2/16,-
20201020085314,192.168.1.2/24,21
20201020085315,192.168.1.2/24,-
20201020085316,192.168.1.1/24,-
20201020085317,10.77.1.2/24,1
20201020085318,192.168.1.2/24,11
20201020085319,192.168.1.1/24,8
20201020085320,192.168.1.2/24,3
20201020085322,10.77.1.2/24,9
20201020085324,10.20.30.1/16,8
20201020085325,10.77.1.2/24,9
20201020085326,10.77.1.2/24,7
20201020085327,10.20.30.2/16,6
20201020085328,10.20.30.2/16,-
20201020085329,10.20.30.1/16,-
20201020085330,10.20.30.1/16,4
20201020085331,10.77.1.1/24,-
20201020085333,10.77.1.1/24,2
20201020085335,192.168.1.2/24,11
20201020085336,192.168.1.1/24,43
20201020085337,192.168.1.2/24,-
20201020085338,192.168.1.2/24,-
20201020085339,192.168.1.2/24,-
20201020085340,10.20.30.2/16,11
20201020085341,10.77.1.1/24,10
20201020085342,10.20.30.2/16,-
20201020085343,192.168.1.1/24,-
20201020085344,10.20.30.2/16,30
20201020085345,10.20.30.1/16,19
20201020085346,10.20.30.1/16,3
20201020085347,192.168.1.1/24,1
20201020085348,192.168.1.1/24,27
20201020085349,10.20.30.1/16,26
20201020085350,10.20.30.1/16,8
20201020085352,192.168.1.2/24,-
20201020085353,10.20.30.1/16,4
20201020085354,192.168.1.1/24,58
20201020085356,10.77.1.1/24,-
20201020085357,10.20.30.2/16,40
20201020085358,192.168.1.1/24,5
20201020085400,10.77.1.1/24,82
20201020085401,10.77.1.2/24,-
20201020085402,192.168.1.2/24,5
20201020085403,10.77.1.1/24,2
20201020085405,10.20.30.1/16,1
20201020085406,10.77.1.2/24,-
20201020085407,10.20.30.1/16,7
20201020085409,192.168.1.1/24,8
20201020085410,192.168.1.1/24,42
20201020085411,10.20.30.2/16,1
20201020085412,10.20.30.1/16,9
20201020085413,10.77.1.1/24,-
20201020085414,10.77.1.2/24,34
20201020085415,192.168.1.1/24,8
20201020085416,10.20.30.1/16,6
20201020085417,10.77.1.2/24,8
20201020085418,10.20.30.1/16,-
20201020085419,10.20.30.2/16,-
20201020085421,192.168.1.1/24,74
20201020085422,192.168.1.1/24,5
20201020085424,10.20.30.1/16,-
20201020085425,192.168.1.2/24,76
20201020085426,192.168.1.1/24,40
20201020085427,10.77.1.2/24,29
20201020085429,10.77.1.1/24,-
20201020085431,192.168.1.2/24,2
20201020085432,10.20.30.1/16,-
20201020085433,192.168.1.2/24,2
20201020085434,192.168.1.1/24,2
20201020085435,10.20.30.1/16,24
20201020085437,10.77.1.2/24,2
20201020085438,192.168.1.2/24,46
20201020085439,192.168.1.1/24,2
20201020085440,10.77.1.1/24,81
20201020085441,192.168.1.2/24,9
20201020085442,10.20.30.1/16,8
20201020085443,192.168.1.1/24,5
20201020085444,10.77.1.1/24,14
20201020085445,10.20.30.1/16,7
20201020085447,10.20.30.1/16,-
20201020085448,10.77.1.1/24,6
20201020085450,10.77.1.1/24,7
20201020085451,192.168.1.1/24,59
20201020085452,10.77.1.2/24,47
20201020085453,192.168.1.2/24,4
20201020085454,10.20.30.1/16,2
20201020085455,10.20.30.2/16,3
20201020085456,192.168.1.2/24,8
20201020085458,10.20.30.1/16,-
20201020085459,10.20.30.1/16,-
20201020085500,192.168.1.2/24,44
20201020085502,10.77.1.2/24,-
20201020085503,10.20.30.2/16,5
20201020085504,10.77.1.1/24,-
20201020085506,192.168.1.2/24,21
20201020085507,10.20.30.2/16,6
20201020085508,10.20.30.2/16,10
20201020085509,10.77.1.1/24,8
20201020085511,10.77.1.1/24,2
20201020085512,10.77.1.1/24,9
20201020085513,10.20.30.1/16,-
20201020085514,10.20.30.2/16,4
20201020085515,10.77.1.1/24,7
20201020085516,10.20.30.1/16,9
20201020085517,10.20.30.2/16,2
20201020085518,10.77.1.2/24,85
20201020085519,192.168.1.2/24,1
20201020085521,192.168.1.1/24,2
20201020085522,192.168.1.2/24,8
20201020085523,10.77.1.2/24,34
20201020085525,192.168.1.1/24,11
20201020085526,10.20.30.1/16,4
20201020085528,10.77.1.1/24,-
20201020085529,10.77.1.2/24,6
20201020085531,10.20.30.1/16,8
20201020085533,10.20.30.1/16,1
20201020085534,192.168.1.1/24,8
20201020085536,10.77.1.1/24,0
20201020085538,10.77.1.1/24,-
20201020085539,192.168.1.2/24,49
20201020085541,192.168.1.2/24,2
20201020085542,192.168.1.1/24,1
20201020085543,10.20.30.2/16,-
20201020085544,10.20.30.1/16,2
20201020085545,10.77.1.1/24,24
20201020085546,10.77.1.1/24,17
20201020085547,10.77.1.1/24,9
20201020085549,192.168.1.2/24,9
20201020085551,10.77.1.2/24,6
20201020085552,192.168.1.2/24,98
20201020085553,192.168.1.2/24,2
20201020085554,10.20.30.1/16,-
20201020085555,10.20.30.2/16,5
20201020085556,10.77.1.2/24,-
20201020085557,192.168.1.2/24,8
20201020085559,10.77.1.1/24,3
20201020085601,192.168.1.1/24,24
20201020085602,192.168.1.1/24,57
20201020085604,10.20.30.2/16,-
20201020085605,10.77.1.1/24,-
20201020085606,10.77.1.1/24,75
20201020085608,192.168.1.2/24,4
20201020085610,192.168.1.1/24,3
20201020085611,192.168.1.2/24,3
20201020085612,192.168.1.2/24,-
20201020085613,10.77.1.1/24,-
20201020085614,10.20.30.2/16,4
20201020085615,10.20.30.1/16,5
20201020085617,192.168.1.2/24,-
20201020085618,10.20.30.2/16,26
20201020085619,192.168.1.2/24,-
20201020085620,192.168.1.2/24,9
20201020085621,10.20.30.1/16,4
20201020085622,10.20.30.1/16,4
20201020085623,10.20.30.1/16,8
20201020085624,10.20.30.1/16,5
20201020085625,192.168.1.2/24,-
20201020085626,192.168.1.1/24,1
20201020085627,192.168.1.1/24,-
20201020085628,10.77.1.1/24,-
20201020085629,10.77.1.2/24,84
20201020085631,10.77.1.1/24,6
20201020085632,10.20.30.2/16,-
20201020085633,10.20.30.1/16,2
20201020085634,10.77.1.2/24,80
20201020085636,10.77.1.2/24,-
20201020085637,192.168.1.1/24,77
20201020085639,10.20.30.1/16,9
20201020085640,192.168.1.2/24,81
20201020085641,10.20.30.2/16,-
20201020085643,10.77.1.2/24,7
20201020085644,10.77.1.2/24,-
20201020085645,10.77.1.1/24,-
20201020085647,10.20.30.2/16,56
20201020085648,10.77.1.2/24,15
20201020085649,10.77.1.2/24,15
20201020085650,192.168.1.1/24,1
20201020085651,10.20.30.2/16,3
20201020085652,10.77.1.1/24,21
20201020085653,10.20.30.1/16,-
20201020085654,10.20.30.2/16,86
20201020085655,10.20.30.2/16,2
20201020085656,10.77.1.1/24,10
20201020085658,192.168.1.1/24,17
20201020085700,10.77.1.1/24,14
20201020085701,10.20.30.2/16,-
20201020085702,10.77.1.2/24,9
20201020085703,10.77.1.1/24,-
20201020085705,192.168.1.1/24,14
20201020085706,10.20.30.2/16,1
20201020085708,10.77.1.2/24,45
20201020085709,10.20.30.1/16,13
20201020085710,192.168.1.2/24,97
20201020085711,10.77.1.2/24,10
20201020085713,10.77.1.2/24,9
20201020085714,192.168.1.2/24,6
20201020085715,10.77.1.1/24,6
20201020085716,192.168.1.2/24,2
20201020085717,10.20.30.1/16,65
20201020085718,192.168.1.2/24,2
20201020085719,192.168.1.2/24,8
20201020085720,10.20.30.2/16,-
20201020085722,10.77.1.1/24,53
20201020085723,192.168.1.1/24,2
20201020085725,10.20.30.1/16,7
20201020085726,10.20.30.2/16,5
20201020085728,10.20.30.2/16,5
20201020085729,10.20.30.1/16,-
20201020085730,192.168.1.2/24,5
20201020085731,10.77.1.1/24,-
20201020085732,192.168.1.2/24,-
20201020085733,10.77.1.1/24,5
20201020085734,192.168.1.2/24,33
20201020085735,10.20.30.2/16,82
20201020085736,10.77.1.1/24,56
20201020085737,10.77.1.2/24,-
20201020085738,10.77.1.1/24,74
20201020085739,192.168.1.2/24,-
20201020085740,10.77.1.2/24,-
20201020085741,10.20.30.2/16,-
20201020085742,10.20.30.2/16,7
20201020085744,10.20.30.2/16,-
20201020085745,10.77.1.1/24,75
20201020085746,192.168.1.1/24,21
20201020085747,10.77.1.2/24,27
20201020085748,10.20.30.2/16,3
20201020085749,10.20.30.1/16,9
20201020085750,192.168.1.2/24,7
20201020085752,10.77.1.1/24,4
20201020085754,10.77.1.2/24,3
20201020085755,10.77.1.1/24,43
20201020085756,10.77.1.1/24,9
20201020085757,10.77.1.2/24,-
20201020085758,192.168.1.2/24,-
20201020085800,192.168.1.2/24,1
20201020085801,10.77.1.2/24,-
20201020085802,10.77.1.2/24,97
20201020085803,10.20.30.2/16,96
20201020085804,10.77.1.1/24,6
20201020085805,10.77.1.1/24,-
20201020085806,10.77.1.1/24,3
20201020085807,192.168.1.2/24,-
20201020085808,10.20.30.2/16,2
20201020085809,192.168.1.2/24,-
20201020085810,10.77.1.1/24,58
20201020085811,10.20.30.2/16,-
20201020085813,10.20.30.2/16,9
20201020085814,10.77.1.1/24,12
20201020085815,10.20.30.2/16,4
20201020085816,10.20.30.1/16,-
20201020085817,10.77.1.1/24,-
20201020085819,10.20.30.2/16,-
20201020085820,10.77.1.1/24,7
20201020085822,10.20.30.2/16,-
20201020085823,10.20.30.2/16,-
20201020085824,10.77.1.1/24,6
20201020085825,192.168.1.2/24,64
20201020085827,192.168.1.1/24,2
20201020085828,192.168.1.2/24,37
20201020085830,10.77.1.1/24,-
20201020085831,10.20.30.2/16,1
20201020085832,10.20.30.2/16,2
20201020085834,10.20.30.2/16,9
20201020085835,10.77.1.1/24,9
20201020085836,10.77.1.2/24,13
20201020085837,10.77.1.2/24,-
20201020085838,10.77.1.1/24,5
20201020085840,10.20.30.2/16,2
20201020085841,10.77.1.2/24,-
20201020085842,10.77.1.1/24,28
20201020085843,10.77.1.1/24,7
20201020085844,10.20.30.1/16,3
20201020085845,10.77.1.1/24,41
20201020085846,10.20.30.1/16,4
20201020085847,10.20.30.2/16,-
20201020085848,10.20.30.1/16,9
20201020085850,10.20.30.2/16,4
20201020085851,10.77.1.1/24,96
20201020085852,192.168.1.2/24,-
20201020085853,192.168.1.1/24,-
20201020085854,192.168.1.2/24,1
20201020085855,10.77.1.2/24,-
20201020085856,192.168.1.1/24,19
20201020085857,192.168.1.2/24,2
20201020085858,10.20.30.1/16,7
20201020085859,192.168.1.2/24,-
20201020085900,10.20.30.2/16,1
20201020085901,10.77.1.1/24,1
20201020085902,10.77.1.2/24,7
20201020085903,10.77.1.2/24,-
20201020085904,10.20.30.2/16,-
20201020085905,192.168.1.1/24,8
20201020085906,10.20.30.1/16,-
20201020085907,10.77.1.1/24,-
20201020085908,10.20.30.1/16,8
20201020085909,10.20.30.2/16,-
20201020085910,10.20.30.1/16,1
20201020085911,192.168.1.2/24,-
20201020085912,10.20.30.2/16,10
20201020085913,10.20.30.2/16,-
20201020085914,192.168.1.2/24,-
20201020085916,192.168.1.2/24,36
20201020085917,192.168.1.1/24,56
20201020085919,10.77.1.1/24,5
20201020085920,10.20.30.2/16,7
20201020085921,192.168.1.1/24,86
20201020085922,10.77.1.1/24,3
20201020085923,10.77.1.2/24,10
20201020085924,10.77.1.2/24,-
20201020085925,192.168.1.2/24,5
20201020085926,192.168.1.2/24,7
20201020085927,192.168.1.2/24,4
20201020085928,192.168.1.2/24,81
20201020085929,192.168.1.1/24,9
20201020085930,10.77.1.2/24,7
20201020085932,10.77.1.1/24,3
20201020085933,10.20.30.2/16,-
20201020085934,10.77.1.2/24,-
20201020085935,10.20.30.1/16,44
20201020085936,10.20.30.2/16,4
20201020085937,192.168.1.1/24,-
20201020085938,10.77.1.2/24,3
20201020085939,192.168.1.1/24,4
20201020085941,10.77.1.2/24,-
20201020085942,10.20.30.1/16,7
20201020085944,192.168.1.1/24,2
20201020085945,192.168.1.2/24,5
20201020085946,10.77.1.1/24,6
20201020085947,10.20.30.1/16,12
20201020085949,10.77.1.2/24,4
20201020085951,10.20.30.2/16,7
20201020085952,10.20.30.1/16,-
20201020085953,192.168.1.1/24,-
20201020085954,10.20.30.1/16,7
20201020085955,192.168.1.1/24,4
20201020085957,10.77.1.2/24,10
20201020085959,192.168.1.2/24,8
20201020090000,192.168.1.1/24,95
20201020090001,10.77.1.1/24,4
20201020090003,192.168.1.1/24,6
20201020090004,192.168.1.1/24,-
20201020090006,10.77.1.2/24,3
20201020090007,192.168.1.2/24,-
20201020090009,10.20.30.2/16,2
20201020090010,192.168.1.2/24,-
20201020090012,192.168.1.2/24,6
20201020090013,10.20.30.1/16,9
20201020090014,192.168.1.1/24,5
20201020090015,10.20.30.2/16,9
20201020090016,10.77.1.2/24,59
20201020090017,10.20.30.2/16,25
20201020090018,192.168.1.2/24,-
20201020090020,10.20.30.1/16,-
20201020090021,192.168.1.2/24,-
20201020090023,10.20.30.1/16,9
20201020090024,192.168.1.2/24,1
20201020090025,192.168.1.2/24,11
20201020090026,10.77.1.2/24,73
20201020090027,192.168.1.2/24,4
20201020090029,10.20.30.1/16,4
20201020090030,10.77.1.2/24,8
20201020090031,10.20.30.1/16,23
20201020090033,10.77.1.2/24,-
20201020090034,10.77.1.1/24,56
20201020090035,10.20.30.2/16,2
20201020090036,10.20.30.1/16,-
20201020090037,10.20.30.1/16,5
20201020090038,10.77.1.2/24,5
20201020090039,10.20.30.2/16,-
20201020090041,10.77.1.1/24,7
20201020090042,10.20.30.1/16,21
20201020090044,192.168.1.2/24,9
20201020090046,192.168.1.2/24,3
20201020090047,192.168.1.2/24,-
20201020090048,10.20.30.1/16,-
20201020090050,192.168.1.2/24,3
20201020090051,10.77.1.2/24,6
20201020090052,10.20.30.1/16,82
20201020090053,10.77.1.1/24,5
20201020090054,192.168.1.1/24,8
20201020090056,10.20.30.1/16,11
20201020090057,10.20.30.2/16,7
20201020090058,10.77.1.2/24,5
20201020090059,10.20.30.2/16,23
20201020090100,10.77.1.2/24,68
20201020090101,192.168.1.1/24,6
20201020090103,10.20.30.2/16,29
20201020090105,192.168.1.1/24,82
20201020090106,10.77.1.1/24,6
20201020090107,10.77.1.1/24,-
20201020090108,192.168.1.2/24,-
20201020090109,10.20.30.2/16,9
20201020090110,10.77.1.1/24,6
20201020090111,10.20.30.1/16,-
20201020090112,192.168.1.2/24,6
20201020090113,192.168.1.1/24,2
20201020090114,10.77.1.1/24,5
20201020090115,10.77.1.2/24,12
20201020090116,10.77.1.1/24,7
20201020090117,10.77.1.2/24,50
20201020090118,10.20.30.1/16,31
20201020090119,192.168.1.1/24,1
20201020090120,10.77.1.2/24,16
20201020090122,10.20.30.1/16,-
20201020090123,10.77.1.2/24,1
20201020090124,10.77.1.2/24,7
20201020090125,192.168.1.1/24,-
20201020090127,10.20.30.2/16,7
20201020090128,192.168.1.2/24,95
20201020090129,10.20.30.2/16,34
20201020090130,192.168.1.1/24,5
20201020090131,10.20.30.1/16,10
20201020090132,192.168.1.1/24,5
20201020090133,10.77.1.2/24,4
20201020090134,10.20.30.2/16,-
20201020090135,10.77.1.2/24,1
20201020090136,10.20.30.2/16,8
20201020090137,192.168.1.1/24,21
20201020090138,192.168.1.1/24,-
20201020090139,10.77.1.1/24,8
20201020090140,10.77.1.2/24,3
20201020090141,10.20.30.1/16,-
20201020090142,10.20.30.2/16,3
20201020090144,10.20.30.2/16,5
20201020090145,192.168.1.2/24,17
20201020090146,10.20.30.2/16,4
20201020090147,10.20.30.2/16,-
20201020090148,10.77.1.1/24,5
20201020090149,192.168.1.1/24,4
20201020090150,10.20.30.1/16,9
20201020090151,192.168.1.1/24,17
20201020090152,10.77.1.1/24,10
20201020090153,10.20.30.1/16,-
20201020090155,10.77.1.1/24,-
20201020090157,10.20.30.1/16,5
20201020090159,192.168.1.1/24,73
20201020090201,10.20.30.1/16,-
20201020090203,10.77.1.2/24,-
20201020090204,10.77.1.2/24,18
20201020090205,10.77.1.2/24,-
20201020090207,192.168.1.1/24,8
20201020090208,10.77.1.1/24,8
20201020090209,10.20.30.2/16,35
20201020090211,10.77.1.1/24,-
20201020090212,192.168.1.2/24,-
20201020090213,10.77.1.2/24,12
20201020090214,10.77.1.1/24,-
20201020090215,10.77.1.2/24,69
20201020090216,10.77.1.2/24,5
20201020090218,192.168.1.1/24,3
20201020090219,10.20.30.2/16,-
20201020090221,10.77.1.1/24,27
20201020090222,192.168.1.2/24,18
20201020090223,10.77.1.2/24,7
20201020090224,192.168.1.2/24,1
20201020090225,192.168.1.2/24,4
20201020090227,10.20.30.1/16,8
20201020090228,10.20.30.2/16,4
20201020090230,192.168.1.1/24,7
20201020090231,10.20.30.2/16,-
20201020090232,192.168.1.2/24,4
20201020090233,10.20.30.1/16,1
20201020090234,10.20.30.1/16,-
20201020090235,192.168.1.2/24,6
20201020090236,10.77.1.1/24,8
20201020090237,192.168.1.2/24,3
20201020090238,10.77.1.1/24,4
20201020090239,192.168.1.1/24,-
20201020090240,10.77.1.2/24,26
20201020090241,192.168.1.1/24,8
20201020090242,192.168.1.2/24,1
20201020090243,10.20.30.1/16,69
20201020090244,10.77.1.1/24,-
20201020090245,192.168.1.2/24,9
20201020090246,10.20.30.1/16,3
20201020090247,10.77.1.1/24,8
20201020090248,10.77.1.2/24,8
20201020090250,10.20.30.1/16,-
20201020090251,192.168.1.2/24,-
20201020090252,10.20.30.2/16,-
20201020090253,10.20.30.1/16,7
20201020090254,10.20.30.2/16,7
20201020090255,10.20.30.2/16,-
20201020090257,10.20.30.2/16,12
20201020090258,10.20.30.1/16,8
20201020090259,192.168.1.1/24,24
20201020090300,192.168.1.1/24,77
20201020090301,192.168.1.2/24,54
20201020090302,10.77.1.2/24,3
20201020090303,10.77.1.2/24,1
20201020090304,10.77.1.2/24,4
20201020090305,192.168.1.2/24,8
20201020090306,192.168.1.1/24,-
20201020090307,192.168.1.1/24,13
20201020090308,10.77.1.1/24,4
20201020090310,10.20.30.2/16,-
20201020090312,10.20.30.2/16,13
20201020090313,10.20.30.2/16,-
20201020090315,10.77.1.2/24,34
20201020090316,192.168.1.2/24,7
20201020090318,10.77.1.2/24,26
20201020090319,10.20.30.2/16,-
20201020090320,192.168.1.2/24,21
20201020090321,10.20.30.2/16,19
20201020090323,192.168.1.2/24,4
20201020090324,10.20.30.1/16,8
20201020090325,10.77.1.2/24,-
20201020090327,192.168.1.1/24,6
20201020090328,10.77.1.1/24,7
20201020090329,10.77.1.1/24,5
20201020090330,10.20.30.1/16,71
20201020090331,10.20.30.1/16,-
20201020090333,10.20.30.2/16,56
20201020090334,192.168.1.2/24,-
20201020090335,10.77.1.2/24,1
20201020090336,10.77.1.2/24,3
20201020090337,10.77.1.1/24,7
20201020090338,10.77.1.2/24,14
20201020090339,192.168.1.1/24,1
20201020090340,10.20.30.2/16,75
20201020090341,10.20.30.1/16,7
20201020090342,10.77.1.1/24,3
20201020090343,192.168.1.2/24,26
20201020090344,10.20.30.2/16,3
20201020090345,10.20.30.1/16,56
20201020090346,10.20.30.1/16,6
20201020090347,192.168.1.1/24,3
20201020090348,10.20.30.1/16,8
20201020090349,10.77.1.1/24,-
20201020090351,10.77.1.1/24,3
20201020090352,192.168.1.1/24,7
20201020090354,192.168.1.2/24,5
20201020090355,10.77.1.2/24,16
20201020090356,10.20.30.2/16,4
20201020090358,192.168.1.2/24,1
20201020090359,10.20.30.2/16,-
20201020090400,10.77.1.1/24,8
20201020090402,192.168.1.2/24,6
20201020090403,10.77.1.1/24,-
20201020090404,10.20.30.2/16,2
20201020090405,192.168.1.2/24,36
20201020090407,192.168.1.1/24,6
20201020090409,192.168.1.1/24,-
20201020090410,10.20.30.1/16,-
20201020090411,10.77.1.2/24,-
20201020090412,10.20.30.2/16,-
20201020090414,10.20.30.2/16,8
20201020090415,10.77.1.2/24,7
20201020090416,192.168.1.2/24,17
20201020090418,10.20.30.1/16,9
20201020090419,10.20.30.1/16,7
20201020090420,10.77.1.1/24,4
20201020090421,192.168.1.2/24,-
20201020090422,192.168.1.1/24,59
20201020090423,10.77.1.1/24,8
20201020090424,192.168.1.1/24,95
20201020090426,192.168.1.2/24,8
20201020090427,10.77.1.1/24,-
20201020090428,192.168.1.2/24,9
20201020090429,10.20.30.2/16,8
20201020090430,192.168.1.1/24,14
20201020090431,10.77.1.1/24,79
20201020090433,10.77.1.1/24,31
20201020090434,10.20.30.2/16,5
20201020090435,10.20.30.2/16,-
20201020090436,10.77.1.1/24,60
20201020090437,10.77.1.2/24,65
20201020090439,10.20.30.2/16,-
20201020090440,10.20.30.2/16,7
20201020090442,192.168.1.2/24,4
20201020090443,192.168.1.2/24,-
20201020090444,192.168.1.2/24,10
20201020090445,10.77.1.1/24,20
20201020090446,10.20.30.2/16,3
20201020090447,10.77.1.1/24,2
20201020090449,10.20.30.1/16,4
20201020090451,192.168.1.2/24,37
20201020090452,10.77.1.2/24,-
20201020090454,192.168.1.2/24,4
20201020090456,10.20.30.1/16,4
20201020090458,192.168.1.2/24,-
20201020090459,10.20.30.2/16,-
20201020090500,10.20.30.1/16,4
20201020090501,192.168.1.2/24,85
20201020090502,192.168.1.2/24,7
20201020090503,10.77.1.2/24,8
20201020090504,192.168.1.1/24,6
20201020090505,10.20.30.1/16,68
20201020090506,10.77.1.1/24,-
20201020090507,192.168.1.1/24,3
20201020090508,192.168.1.2/24,6
20201020090509,10.20.30.2/16,3
20201020090510,10.77.1.2/24,-
20201020090511,10.77.1.1/24,8
20201020090512,10.20.30.2/16,33
20201020090514,10.20.30.1/16,39
20201020090516,192.168.1.1/24,9
20201020090517,192.168.1.2/24,46
20201020090519,192.168.1.2/24,-
20201020090521,10.77.1.1/24,2
20201020090522,192.168.1.2/24,6
20201020090523,10.77.1.1/24,-
20201020090525,192.168.1.2/24,10
20201020090527,192.168.1.2/24,8
20201020090528,10.77.1.2/24,75
20201020090529,10.20.30.2/16,4
20201020090530,10.20.30.1/16,44
20201020090531,192.168.1.2/24,-
20201020090532,192.168.1.1/24,6
20201020090533,192.168.1.1/24,8
20201020090534,10.20.30.2/16,-
20201020090535,10.20.30.1/16,-
20201020090536,192.168.1.1/24,9
20201020090537,192.168.1.2/24,1
20201020090539,192.168.1.1/24,59
20201020090540,10.77.1.1/24,-
20201020090541,10.20.30.2/16,63
20201020090543,10.77.1.2/24,17
20201020090544,10.20.30.2/16,19
20201020090545,192.168.1.2/24,-
20201020090546,10.77.1.2/24,46
20201020090547,10.77.1.1/24,6
20201020090548,10.20.30.2/16,26
20201020090549,192.168.1.2/24,-
20201020090550,192.168.1.1/24,4
20201020090551,10.77.1.1/24,11
20201020090552,192.168.1.1/24,3
20201020090553,10.20.30.1/16,-
20201020090554,192.168.1.1/24,9
20201020090556,10.77.1.1/24,6
20201020090557,10.77.1.1/24,28
20201020090559,192.168.1.2/24,-
20201020090600,192.168.1.1/24,7
20201020090601,192.168.1.1/24,10
20201020090602,10.77.1.1/24,5
20201020090603,10.20.30.1/16,1
20201020090604,192.168.1.1/24,-
20201020090605,10.77.1.1/24,2
20201020090606,192.168.1.2/24,1
20201020090607,10.77.1.1/24,2
20201020090608,10.77.1.2/24,93
20201020090610,192.168.1.1/24,-
20201020090611,192.168.1.1/24,95
20201020090612,192.168.1.2/24,-
20201020090613,192.168.1.2/24,9
20201020090614,192.168.1.1/24,-
20201020090615,10.20.30.2/16,8
20201020090616,192.168.1.1/24,3
20201020090617,192.168.1.2/24,2
20201020090619,10.20.30.1/16,3
20201020090620,192.168.1.2/24,83
20201020090621,10.77.1.2/24,-
20201020090622,10.77.1.1/24,-
20201020090623,192.168.1.2/24,6
20201020090625,10.77.1.1/24,-
20201020090626,192.168.1.2/24,4
20201020090627,192.168.1.1/24,-
20201020090628,192.168.1.2/24,6
20201020090629,10.20.30.2/16,-
20201020090631,10.77.1.1/24,9
20201020090632,10.20.30.1/16,8
20201020090633,10.77.1.1/24,8
20201020090634,192.168.1.1/24,7
20201020090635,192.168.1.2/24,-
20201020090637,10.77.1.1/24,3
20201020090639,10.77.1.2/24,-
20201020090640,10.20.30.1/16,13
20201020090641,10.77.1.2/24,10
20201020090642,10.20.30.2/16,81
20201020090643,192.168.1.1/24,7
20201020090644,10.20.30.2/16,5
20201020090645,10.20.30.1/16,7
20201020090646,10.20.30.2/16,10
20201020090647,10.20.30.2/16,20
20201020090648,192.168.1.2/24,6
20201020090649,10.77.1.1/24,-
20201020090650,10.77.1.1/24,8
20201020090651,10.20.30.2/16,3
20201020090653,10.20.30.2/16,8
20201020090655,10.20.30.1/16,-
20201020090656,10.77.1.1/24,36
20201020090657,10.20.30.1/16,-
20201020090658,10.20.30.2/16,47
20201020090700,10.20.30.1/16,8
20201020090701,10.20.30.1/16,47
20201020090702,192.168.1.1/24,28
20201020090703,10.77.1.1/24,9
20201020090704,10.77.1.2/24,7
20201020090705,10.77.1.2/24,-
20201020090706,10.77.1.2/24,4
20201020090707,10.77.1.2/24,-
20201020090708,10.77.1.2/24,4
20201020090710,192.168.1.2/24,-
20201020090712,192.168.1.1/24,4
20201020090713,10.77.1.1/24,3
20201020090715,10.20.30.2/16,11
20201020090716,10.77.1.2/24,-
20201020090717,192.168.1.1/24,2
20201020090718,192.168.1.2/24,3
20201020090719,10.77.1.1/24,9
20201020090721,10.77.1.2/24,-
20201020090722,10.77.1.2/24,-
20201020090724,10.77.1.1/24,7
20201020090725,10.20.30.2/16,90
20201020090726,10.20.30.1/16,70
20201020090727,10.20.30.2/16,24
20201020090728,10.77.1.2/24,5
20201020090729,10.20.30.1/16,-
20201020090730,10.77.1.1/24,2
20201020090731,10.20.30.2/16,4
20201020090732,192.168.1.2/24,-
20201020090733,192.168.1.1/24,-
20201020090734,192.168.1.1/24,-
20201020090735,10.77.1.2/24,8
20201020090737,10.77.1.2/24,-
20201020090739,10.77.1.2/24,5
20201020090740,192.168.1.2/24,-
20201020090741,10.20.30.1/16,5
20201020090743,10.77.1.1/24,9
20201020090744,10.20.30.2/16,11
20201020090745,10.20.30.1/16,-
20201020090746,10.20.30.1/16,44
20201020090747,10.77.1.1/24,69
20201020090749,10.77.1.2/24,2
20201020090750,10.20.30.2/16,5
20201020090751,192.168.1.1/24,-
20201020090752,10.77.1.2/24,63
20201020090753,10.77.1.2/24,29
20201020090755,192.168.1.1/24,-
20201020090756,192.168.1.1/24,70
20201020090757,10.20.30.1/16,9
20201020090758,10.77.1.2/24,7
20201020090800,10.77.1.2/24,8
20201020090801,192.168.1.1/24,4
20201020090802,192.168.1.1/24,36
20201020090803,192.168.1.1/24,1
20201020090804,10.77.1.2/24,4
20201020090805,192.168.1.1/24,-
20201020090806,192.168.1.1/24,9
20201020090807,192.168.1.1/24,-
20201020090808,10.20.30.2/16,31
20201020090809,10.20.30.2/16,16
20201020090811,192.168.1.1/24,9
20201020090812,192.168.1.2/24,26
20201020090813,10.77.1.1/24,-
20201020090815,10.20.30.2/16,3
20201020090816,10.20.30.2/16,89
20201020090817,10.77.1.1/24,-
20201020090819,192.168.1.1/24,7
20201020090820,192.168.1.2/24,18
20201020090821,192.168.1.1/24,3
20201020090822,10.77.1.1/24,5
20201020090823,10.77.1.2/24,1
20201020090824,10.77.1.1/24,-
20201020090826,192.168.1.2/24,2
20201020090827,192.168.1.1/24,3
20201020090828,10.20.30.2/16,-
20201020090830,192.168.1.1/24,-
20201020090831,10.20.30.2/16,7
20201020090832,192.168.1.1/24,6
20201020090833,10.77.1.2/24,-
20201020090834,10.77.1.2/24,4
20201020090835,192.168.1.1/24,1
20201020090836,10.20.30.1/16,37
20201020090837,10.77.1.1/24,2
20201020090838,192.168.1.1/24,-
20201020090839,192.168.1.1/24,9
20201020090840,192.168.1.2/24,7
20201020090841,192.168.1.1/24,9
20201020090843,10.77.1.1/24,79
20201020090844,10.20.30.1/16,8
20201020090845,10.20.30.1/16,4
20201020090846,10.77.1.1/24,-
20201020090848,192.168.1.1/24,9
20201020090849,10.77.1.2/24,6
20201020090850,10.20.30.1/16,54
20201020090851,10.20.30.1/16,8
20201020090852,10.77.1.2/24,9
20201020090853,10.20.30.1/16,-
20201020090854,10.77.1.1/24,7
20201020090855,10.77.1.2/24,25
20201020090856,10.20.30.1/16,7
20201020090857,10.77.1.1/24,88
20201020090858,192.168.1.2/24,5
20201020090859,10.20.30.1/16,3
20201020090900,10.77.1.1/24,-
20201020090901,10.20.30.2/16,57
20201020090902,192.168.1.1/24,7
20201020090903,192.168.1.2/24,8
20201020090904,10.20.30.2/16,-
20201020090905,10.20.30.2/16,17
20201020090906,192.168.1.2/24,54
20201020090907,192.168.1.2/24,-
20201020090908,192.168.1.1/24,3
20201020090909,10.77.1.2/24,9
20201020090911,10.20.30.1/16,34
20201020090912,10.20.30.2/16,7
20201020090913,10.20.30.1/16,86
20201020090914,10.20.30.1/16,6
20201020090916,10.20.30.1/16,9
20201020090917,10.20.30.1/16,9
20201020090918,10.77.1.1/24,12
20201020090920,10.77.1.1/24,11
20201020090921,10.20.30.1/16,9
20201020090922,10.77.1.1/24,36
20201020090923,10.20.30.2/16,8
20201020090925,192.168.1.1/24,9
20201020090926,10.20.30.2/16,39
20201020090928,192.168.1.1/24,-
20201020090930,10.20.30.2/16,8
20201020090931,192.168.1.2/24,-
20201020090932,192.168.1.1/24,63
20201020090933,10.77.1.2/24,9
20201020090934,10.20.30.2/16,-
20201020090935,10.77.1.2/24,1
20201020090936,10.20.30.1/16,1
20201020090937,10.77.1.1/24,-
20201020090938,10.20.30.1/16,-
20201020090940,10.77.1.2/24,5
20201020090941,192.168.1.2/24,3
20201020090942,10.20.30.2/16,52
20201020090943,10.20.30.1/16,2
20201020090945,10.20.30.2/16,4
20201020090946,10.77.1.1/24,77
20201020090947,10.77.1.1/24,8
20201020090948,10.20.30.2/16,62
20201020090949,192.168.1.2/24,8
20201020090951,10.77.1.2/24,1
20201020090953,192.168.1.2/24,17
20201020090954,10.20.30.2/16,-
20201020090956,192.168.1.2/24,1
20201020090958,10.77.1.2/24,6
20201020090959,192.168.1.2/24,-
20201020091000,10.77.1.1/24,9
20201020091001,10.20.30.1/16,97
20201020091003,10.20.30.1/16,9
20201020091004,10.77.1.2/24,5
20201020091005,192.168.1.2/24,8
20201020091006,192.168.1.2/24,44
20201020091007,192.168.1.1/24,4
20201020091009,10.20.30.1/16,-
20201020091010,10.20.30.2/16,38
20201020091011,192.168.1.2/24,9
20201020091012,192.168.1.2/24,-
20201020091013,10.77.1.2/24,-
20201020091014,10.77.1.2/24,7
20201020091015,192.168.1.2/24,4
20201020091016,10.77.1.2/24,47
20201020091017,10.20.30.1/16,15
20201020091018,10.77.1.2/24,-
20201020091019,10.77.1.2/24,87
20201020091020,10.20.30.2/16,-
20201020091021,10.20.30.1/16,8
20201020091022,192.168.1.1/24,-
20201020091023,10.20.30.1/16,3
20201020091024,10.20.30.1/16,-
20201020091025,192.168.1.2/24,1
20201020091026,10.77.1.2/24,4
20201020091027,10.77.1.1/24,7
20201020091028,10.77.1.1/24,-
20201020091029,192.168.1.1/24,11
20201020091031,10.77.1.2/24,8
20201020091032,192.168.1.1/24,-
20201020091033,10.77.1.2/24,5
20201020091035,10.20.30.1/16,-
20201020091036,10.77.1.2/24,-
20201020091037,192.168.1.1/24,-
20201020091038,10.77.1.2/24,5
20201020091039,192.168.1.2/24,9
20201020091041,10.20.30.1/16,-
20201020091042,192.168.1.1/24,5
20201020091044,192.168.1.2/24,14
20201020091045,10.77.1.1/24,6
20201020091046,10.20.30.2/16,-
20201020091047,192.168.1.1/24,-
20201020091048,192.168.1.1/24,-
20201020091050,10.77.1.2/24,4
20201020091051,10.20.30.1/16,5
20201020091052,192.168.1.1/24,2
20201020091054,10.20.30.2/16,2
20201020091055,10.20.30.1/16,-
20201020091056,10.20.30.1/16,2
20201020091057,192.168.1.2/24,-
20201020091058,192.168.1.2/24,3
20201020091059,10.77.1.1/24,55
20201020091101,192.168.1.1/24,7
20201020091102,192.168.1.1/24,8
20201020091103,192.168.1.1/24,14
20201020091104,10.77.1.2/24,5
20201020091105,192.168.1.1/24,4
20201020091107,192.168.1.2/24,-
20201020091108,10.20.30.2/16,3
20201020091109,10.20.30.2/16,2
20201020091110,10.20.30.2/16,2
20201020091111,10.77.1.2/24,11
20201020091113,192.168.1.2/24,30
20201020091115,10.77.1.1/24,7
20201020091117,10.20.30.2/16,60
20201020091119,10.20.30.1/16,32
20201020091120,10.77.1.1/24,5
20201020091121,10.20.30.1/16,9
20201020091122,10.20.30.1/16,3
20201020091123,192.168.1.1/24,32
20201020091124,10.20.30.1/16,6
20201020091125,10.77.1.1/24,3
20201020091126,192.168.1.1/24,-
20201020091128,10.20.30.1/16,2
20201020091129,10.20.30.2/16,-
20201020091130,10.20.30.2/16,31
20201020091131,192.168.1.1/24,69
20201020091132,192.168.1.2/24,6
20201020091134,10.20.30.2/16,1
20201020091135,10.20.30.2/16,-
20201020091136,10.77.1.1/24,5
20201020091137,192.168.1.2/24,9
20201020091138,10.20.30.1/16,23
20201020091139,192.168.1.1/24,15
20201020091140,10.20.30.2/16,4
20201020091141,10.77.1.2/24,-
20201020091143,10.77.1.1/24,95
20201020091144,10.77.1.1/24,7
20201020091145,10.77.1.1/24,39
20201020091146,192.168.1.1/24,78
20201020091147,192.168.1.2/24,8
20201020091148,10.20.30.2/16,68
20201020091149,10.20.30.1/16,2
20201020091150,10.77.1.1/24,2
20201020091151,192.168.1.2/24,71
20201020091152,192.168.1.2/24,2
20201020091154,10.20.30.1/16,1
20201020091155,10.77.1.2/24,12
20201020091156,10.20.30.2/16,5
20201020091157,10.20.30.1/16,9
20201020091158,10.20.30.2/16,2
20201020091200,10.77.1.2/24,17
20201020091201,192.168.1.2/24,-
20201020091202,10.20.30.1/16,9
20201020091204,10.77.1.2/24,1
20201020091205,10.20.30.2/16,-
20201020091206,192.168.1.1/24,5
20201020091207,10.77.1.1/24,8
20201020091208,192.168.1.2/24,7
20201020091209,192.168.1.2/24,85
20201020091210,192.168.1.2/24,6
20201020091211,10.20.30.1/16,5
20201020091212,192.168.1.2/24,16
20201020091213,10.77.1.1/24,-
20201020091214,10.20.30.2/16,9
20201020091215,10.20.30.2/16,7
20201020091217,10.20.30.2/16,-
20201020091218,10.77.1.1/24,2
20201020091219,192.168.1.1/24,-
20201020091220,10.77.1.1/24,4
20201020091221,10.77.1.1/24,4
20201020091222,10.77.1.2/24,47
20201020091223,192.168.1.1/24,5
20201020091224,192.168.1.2/24,98
20201020091225,10.77.1.2/24,93
20201020091226,192.168.1.1/24,-
20201020091227,10.77.1.1/24,6
20201020091229,192.168.1.2/24,-
20201020091230,10.77.1.2/24,1
20201020091231,192.168.1.1/24,7
20201020091232,192.168.1.1/24,-
20201020091234,10.20.30.2/16,3
20201020091235,10.20.30.1/16,6
20201020091236,10.20.30.1/16,3
20201020091237,10.77.1.2/24,-
20201020091238,10.20.30.1/16,-
20201020091239,192.168.1.1/24,33
20201020091241,10.77.1.2/24,7
20201020091242,10.20.30.1/16,1
20201020091243,10.77.1.1/24,80
20201020091244,192.168.1.2/24,-
20201020091245,192.168.1.1/24,1
20201020091246,10.77.1.1/24,-
20201020091247,192.168.1.1/24,7
20201020091249,192.168.1.1/24,2
20201020091251,10.77.1.2/24,3
20201020091252,10.20.30.2/16,2
20201020091253,10.20.30.2/16,-
20201020091254,192.168.1.2/24,4
20201020091256,10.77.1.1/24,39
20201020091257,10.77.1.2/24,10
20201020091259,192.168.1.1/24,26
20201020091300,192.168.1.2/24,88
20201020091301,10.20.30.2/16,10
20201020091302,192.168.1.2/24,4
20201020091303,10.77.1.1/24,9
20201020091305,192.168.1.2/24,-
20201020091306,192.168.1.2/24,9
20201020091307,192.168.1.2/24,-
20201020091309,10.20.30.1/16,3
20201020091310,10.20.30.1/16,9
20201020091311,10.20.30.2/16,1
20201020091313,10.20.30.1/16,5
20201020091314,10.77.1.2/24,-
20201020091315,192.168.1.2/24,-
20201020091316,192.168.1.2/24,-
20201020091317,10.77.1.1/24,9
20201020091318,192.168.1.1/24,9
20201020091319,10.77.1.1/24,5
20201020091320,10.20.30.1/16,8
20201020091321,10.77.1.2/24,5
20201020091323,192.168.1.1/24,-
20201020091324,10.20.30.2/16,1
20201020091326,10.20.30.1/16,4
20201020091327,192.168.1.1/24,81
20201020091328,10.20.30.2/16,92
20201020091329,10.20.30.1/16,9
20201020091331,10.20.30.2/16,9
20201020091332,192.168.1.1/24,9
20201020091333,10.77.1.1/24,6
20201020091334,10.20.30.1/16,90
20201020091335,10.77.1.1/24,31
20201020091336,10.20.30.1/16,9
20201020091338,10.20.30.2/16,4
20201020091339,192.168.1.1/24,-
20201020091340,192.168.1.1/24,33
20201020091341,10.77.1.2/24,9
20201020091343,10.20.30.2/16,38
20201020091344,10.77.1.1/24,42
20201020091345,192.168.1.2/24,80
20201020091346,10.77.1.1/24,5
20201020091347,192.168.1.2/24,53
20201020091349,10.20.30.1/16,2
20201020091350,10.20.30.1/16,40
20201020091351,10.77.1.2/24,8
20201020091352,10.20.30.1/16,-
20201020091353,192.168.1.2/24,5
20201020091354,192.168.1.2/24,2
20201020091356,192.168.1.1/24,-
20201020091357,10.77.1.2/24,-
20201020091358,192.168.1.2/24,-
20201020091359,10.20.30.1/16,63
20201020091400,10.20.30.2/16,41
20201020091401,10.20.30.1/16,-
20201020091402,10.77.1.2/24,95
20201020091403,192.168.1.2/24,5
20201020091404,10.77.1.1/24,10
20201020091405,10.77.1.2/24,-
20201020091406,192.168.1.1/24,9
20201020091407,10.20.30.1/16,23
20201020091408,10.20.30.1/16,-
20201020091410,10.20.30.1/16,5
20201020091411,192.168.1.2/24,2
20201020091412,10.20.30.1/16,8
20201020091413,192.168.1.1/24,-
20201020091414,10.77.1.1/24,-
20201020091415,10.20.30.2/16,7
20201020091417,192.168.1.2/24,3
20201020091418,192.168.1.1/24,34
20201020091420,10.20.30.2/16,2
20201020091421,192.168.1.2/24,-
20201020091423,10.20.30.2/16,6
20201020091424,192.168.1.1/24,84
20201020091425,10.77.1.1/24,5
20201020091427,192.168.1.1/24,-
20201020091428,10.20.30.1/16,12
20201020091429,192.168.1.2/24,64
20201020091430,10.77.1.1/24,8
20201020091431,10.77.1.2/24,11
20201020091433,10.20.30.2/16,76
20201020091435,10.77.1.2/24,94
20201020091436,10.20.30.1/16,1
20201020091437,10.77.1.1/24,-
20201020091438,10.77.1.1/24,6
20201020091440,192.168.1.1/24,6
20201020091442,10.20.30.1/16,7
20201020091443,10.77.1.1/24,-
20201020091444,192.168.1.2/24,8
20201020091445,192.168.1.1/24,8
20201020091446,10.20.30.1/16,2
20201020091447,192.168.1.1/24,-
20201020091448,10.77.1.1/24,-
20201020091449,10.20.30.2/16,-
20201020091450,10.20.30.1/16,36
20201020091451,10.77.1.2/24,6
20201020091452,10.77.1.1/24,-
20201020091453,10.77.1.2/24,9
20201020091454,10.77.1.2/24,1
20201020091456,10.77.1.1/24,3
20201020091457,10.20.30.2/16,4
20201020091458,10.20.30.1/16,6
20201020091459,10.77.1.2/24,11
20201020091501,192.168.1.1/24,2
20201020091503,192.168.1.1/24,89
20201020091504,10.20.30.2/16,3
20201020091505,10.20.30.1/16,67
20201020091506,10.77.1.2/24,-
20201020091507,10.20.30.2/16,-
20201020091508,10.20.30.2/16,-
20201020091510,10.20.30.1/16,5
20201020091511,192.168.1.2/24,6
20201020091512,192.168.1.2/24,-
20201020091513,10.20.30.2/16,2
20201020091515,10.20.30.1/16,19
20201020091516,192.168.1.2/24,5
20201020091517,10.20.30.1/16,5
20201020091518,10.20.30.1/16,35
20201020091519,192.168.1.2/24,4
20201020091521,10.77.1.1/24,7
20201020091523,10.77.1.2/24,-
20201020091524,192.168.1.2/24,1
20201020091525,10.20.30.1/16,1
20201020091526,10.20.30.1/16,2
20201020091527,10.20.30.2/16,-
20201020091528,192.168.1.2/24,6
20201020091529,10.77.1.2/24,38
20201020091530,10.77.1.2/24,7
20201020091531,10.77.1.2/24,1
20201020091532,10.77.1.1/24,6
20201020091533,192.168.1.2/24,30
20201020091534,192.168.1.1/24,12
20201020091536,10.20.30.2/16,78
20201020091538,192.168.1.2/24,1
20201020091540,10.77.1.2/24,-
20201020091541,192.168.1.2/24,5
20201020091543,192.168.1.2/24,3
20201020091544,192.168.1.2/24,69
20201020091545,10.20.30.2/16,9
20201020091546,10.77.1.1/24,36
20201020091548,10.77.1.1/24,4
20201020091550,192.168.1.1/24,-
20201020091552,192.168.1.1/24,-
20201020091553,192.168.1.1/24,5
20201020091554,10.77.1.1/24,-
20201020091556,192.168.1.1/24,-
20201020091557,10.77.1.1/24,1
20201020091559,192.168.1.2/24,1
20201020091600,192.168.1.1/24,25
20201020091601,10.77.1.1/24,-
20201020091603,192.168.1.1/24,-
20201020091604,10.77.1.2/24,7
20201020091605,10.20.30.1/16,7
20201020091606,10.77.1.2/24,26
20201020091607,10.20.30.1/16,-
20201020091608,192.168.1.1/24,-
20201020091609,192.168.1.1/24,2
20201020091611,10.77.1.2/24,17
20201020091613,192.168.1.1/24,3
20201020091614,192.168.1.2/24,4
20201020091615,192.168.1.1/24,1
20201020091616,192.168.1.1/24,6
20201020091617,10.77.1.1/24,-
20201020091619,192.168.1.1/24,14
20201020091620,10.77.1.2/24,98
20201020091621,10.77.1.1/24,2
20201020091622,10.20.30.1/16,-
20201020091623,192.168.1.2/24,-
20201020091624,10.77.1.1/24,-
20201020091625,10.77.1.1/24,26
20201020091626,192.168.1.1/24,1
20201020091628,192.168.1.2/24,6
20201020091629,10.20.30.1/16,97
20201020091630,10.20.30.2/16,9
20201020091631,10.20.30.1/16,2
20201020091633,10.77.1.2/24,23
20201020091634,10.20.30.1/16,-
20201020091635,10.20.30.2/16,45
20201020091636,10.77.1.1/24,8
20201020091637,10.77.1.1/24,5
20201020091638,10.77.1.2/24,-
20201020091639,10.20.30.2/16,2
20201020091640,192.168.1.1/24,5
20201020091641,10.20.30.2/16,97
20201020091643,192.168.1.2/24,4
20201020091644,10.20.30.1/16,-
20201020091645,10.77.1.1/24,1
20201020091646,192.168.1.2/24,4
20201020091647,10.20.30.1/16,-
20201020091648,10.20.30.1/16,1
20201020091649,10.77.1.1/24,25
20201020091650,192.168.1.2/24,8
20201020091652,10.20.30.1/16,65
20201020091653,10.77.1.2/24,19
20201020091654,10.77.1.2/24,5
20201020091656,192.168.1.2/24,3
20201020091657,10.20.30.2/16,6
20201020091658,10.77.1.1/24,5
20201020091700,10.77.1.2/24,2
20201020091702,192.168.1.2/24,24
20201020091703,10.77.1.1/24,20
20201020091704,10.20.30.2/16,-
20201020091706,10.20.30.1/16,-
20201020091707,192.168.1.2/24,9
20201020091709,192.168.1.2/24,-
20201020091710,192.168.1.1/24,14
20201020091712,10.20.30.1/16,6
20201020091713,10.77.1.1/24,-
20201020091715,192.168.1.2/24,-
20201020091716,10.20.30.2/16,86
20201020091717,10.77.1.1/24,-
20201020091718,10.77.1.2/24,7
20201020091719,10.77.1.1/24,-
20201020091720,192.168.1.2/24,4
20201020091721,192.168.1.1/24,1
20201020091722,192.168.1.2/24,1
20201020091723,10.77.1.2/24,-
20201020091724,10.77.1.1/24,10
20201020091726,10.77.1.2/24,2
20201020091727,192.168.1.2/24,46
20201020091729,192.168.1.1/24,-
20201020091730,10.20.30.1/16,4
20201020091731,10.77.1.1/24,1
20201020091732,192.168.1.2/24,6
20201020091733,192.168.1.2/24,9
20201020091734,10.20.30.2/16,8
20201020091736,192.168.1.1/24,6
20201020091737,192.168.1.1/24,-
20201020091738,10.77.1.2/24,10
20201020091739,10.77.1.2/24,7
20201020091740,10.77.1.1/24,-
20201020091741,10.77.1.2/24,46
20201020091742,10.77.1.1/24,5
20201020091743,10.20.30.2/16,-
20201020091744,10.77.1.2/24,1
20201020091745,192.168.1.2/24,2
20201020091746,10.20.30.2/16,1
20201020091747,10.20.30.1/16,-
20201020091748,10.20.30.1/16,6
20201020091749,192.168.1.2/24,9
20201020091750,192.168.1.2/24,0
20201020091752,10.20.30.1/16,7
20201020091753,10.20.30.2/16,-
20201020091754,10.20.30.1/16,-
20201020091755,10.20.30.2/16,6
20201020091756,10.77.1.2/24,93
20201020091757,10.77.1.1/24,7
20201020091759,10.20.30.1/16,18
20201020091800,10.77.1.2/24,4
20201020091802,192.168.1.1/24,5
20201020091803,10.20.30.2/16,8
20201020091804,10.20.30.1/16,5
20201020091805,10.77.1.2/24,14
20201020091806,10.20.30.2/16,9
20201020091807,10.20.30.1/16,8
20201020091808,10.77.1.2/24,-
20201020091809,10.20.30.2/16,7
20201020091810,10.20.30.2/16,50
20201020091812,10.20.30.2/16,4
20201020091813,192.168.1.1/24,2
20201020091814,10.77.1.1/24,11
20201020091815,10.20.30.1/16,84
20201020091816,10.77.1.1/24,20
20201020091817,192.168.1.2/24,12
20201020091818,10.20.30.1/16,4
20201020091820,192.168.1.2/24,6
20201020091821,10.20.30.1/16,4
20201020091822,10.20.30.1/16,5
20201020091823,10.20.30.1/16,-
20201020091824,10.77.1.1/24,7
20201020091825,10.77.1.1/24,9
20201020091827,192.168.1.1/24,5
20201020091828,192.168.1.1/24,9
20201020091829,10.20.30.2/16,21
20201020091830,10.77.1.1/24,2
20201020091831,10.77.1.2/24,7
20201020091832,10.77.1.2/24,13
20201020091833,10.77.1.2/24,6
20201020091834,192.168.1.1/24,4
20201020091835,10.77.1.2/24,2
20201020091836,10.20.30.1/16,35
20201020091837,10.77.1.2/24,2
20201020091838,10.20.30.1/16,1
20201020091839,10.77.1.1/24,4
20201020091840,10.20.30.2/16,85
20201020091841,192.168.1.1/24,1
20201020091842,10.77.1.1/24,-
20201020091843,192.168.1.2/24,-
20201020091844,192.168.1.1/24,-
20201020091845,192.168.1.2/24,6
20201020091847,10.20.30.1/16,5
20201020091848,192.168.1.2/24,1
20201020091849,10.20.30.1/16,6
20201020091850,192.168.1.1/24,-
20201020091852,192.168.1.1/24,4
20201020091853,10.20.30.2/16,-
20201020091854,10.77.1.2/24,7
20201020091855,10.20.30.1/16,-
20201020091856,10.20.30.2/16,-
20201020091857,10.77.1.1/24,12
20201020091859,10.20.30.2/16,2
20201020091900,192.168.1.2/24,60
20201020091901,192.168.1.1/24,7
20201020091902,192.168.1.1/24,7
20201020091903,10.20.30.2/16,33
20201020091904,10.77.1.1/24,7
20201020091905,10.77.1.1/24,-
20201020091906,192.168.1.2/24,3
20201020091907,10.77.1.1/24,1
20201020091908,10.77.1.2/24,-
20201020091909,10.20.30.1/16,7
20201020091911,10.20.30.1/16,5
20201020091912,192.168.1.1/24,21
20201020091913,10.20.30.2/16,2
20201020091914,192.168.1.1/24,45
20201020091915,10.77.1.2/24,8
20201020091916,10.77.1.1/24,1
20201020091917,10.20.30.1/16,4
20201020091919,10.77.1.2/24,6
20201020091920,192.168.1.2/24,-
20201020091922,10.20.30.1/16,-
20201020091923,192.168.1.1/24,-
20201020091924,10.20.30.2/16,3
20201020091925,192.168.1.2/24,2
20201020091926,192.168.1.2/24,-
20201020091928,192.168.1.2/24,8
20201020091929,10.77.1.2/24,-
20201020091930,10.77.1.2/24,1
20201020091931,192.168.1.1/24,93
20201020091932,10.77.1.2/24,1
20201020091933,10.20.30.1/16,-
20201020091934,10.77.1.1/24,1
20201020091935,192.168.1.1/24,-
20201020091937,10.20.30.1/16,6
20201020091938,10.77.1.2/24,9
20201020091939,10.77.1.1/24,5
20201020091940,10.77.1.2/24,5
20201020091941,10.20.30.1/16,1
20201020091942,10.77.1.2/24,5
20201020091943,10.20.30.2/16,-
20201020091944,192.168.1.2/24,10
20201020091946,10.77.1.1/24,15
20201020091947,192.168.1.1/24,9
20201020091948,10.77.1.2/24,8
20201020091949,10.20.30.2/16,5
20201020091951,10.77.1.2/24,6
20201020091953,10.77.1.2/24,5
20201020091954,10.20.30.2/16,8
20201020091955,10.77.1.2/24,62
20201020091956,10.20.30.1/16,47
20201020091957,192.168.1.2/24,1
20201020091958,10.77.1.2/24,1
20201020091959,10.20.30.1/16,1
20201020092001,192.168.1.2/24,-
20201020092002,10.20.30.1/16,92
20201020092003,10.20.30.2/16,4
20201020092004,192.168.1.1/24,-
20201020092006,192.168.1.2/24,45
20201020092007,192.168.1.2/24,7
20201020092008,192.168.1.2/24,91
20201020092009,10.20.30.1/16,-
20201020092010,10.20.30.2/16,2
20201020092011,10.20.30.1/16,4
20201020092012,192.168.1.2/24,6
20201020092013,10.20.30.2/16,8
20201020092014,10.20.30.1/16,22
20201020092015,192.168.1.1/24,2
20201020092017,10.20.30.1/16,99
20201020092018,192.168.1.2/24,3
20201020092019,10.77.1.1/24,-
20201020092020,192.168.1.2/24,94
20201020092022,10.20.30.1/16,9
20201020092023,192.168.1.1/24,-
20201020092025,10.77.1.2/24,1
20201020092026,192.168.1.1/24,-
20201020092027,192.168.1.1/24,2
20201020092028,10.77.1.1/24,3
20201020092029,10.20.30.2/16,-
20201020092031,10.77.1.1/24,-
20201020092033,10.77.1.2/24,11
20201020092035,10.77.1.2/24,-
20201020092037,10.20.30.1/16,-
20201020092039,10.77.1.1/24,-
20201020092040,10.20.30.1/16,64
20201020092041,10.20.30.1/16,10
20201020092043,10.20.30.1/16,8
20201020092044,192.168.1.1/24,12
20201020092045,10.77.1.2/24,2
20201020092047,10.20.30.2/16,5
20201020092049,10.77.1.2/24,-
20201020092050,192.168.1.1/24,7
20201020092051,10.77.1.2/24,8
20201020092052,10.20.30.1/16,27
20201020092053,10.77.1.2/24,10
20201020092054,10.20.30.1/16,38
20201020092056,192.168.1.1/24,6
20201020092057,192.168.1.2/24,2
20201020092059,192.168.1.1/24,9
20201020092100,10.20.30.2/16,7
20201020092101,10.20.30.1/16,10
20201020092102,10.77.1.1/24,70
20201020092103,10.20.30.1/16,5
20201020092105,10.77.1.1/24,8
20201020092106,192.168.1.1/24,6
20201020092108,192.168.1.1/24,9
20201020092109,192.168.1.1/24,17
20201020092110,10.20.30.2/16,71
20201020092111,10.77.1.2/24,3
20201020092112,10.77.1.1/24,10
20201020092113,10.77.1.1/24,-
20201020092114,192.168.1.2/24,50
20201020092115,10.77.1.1/24,29
20201020092117,10.20.30.2/16,1
20201020092119,192.168.1.1/24,1
20201020092120,10.77.1.1/24,61
20201020092122,10.20.30.1/16,7
20201020092124,10.20.30.1/16,11
20201020092125,192.168.1.2/24,8
20201020092127,192.168.1.2/24,3
20201020092128,10.20.30.1/16,4
20201020092129,10.20.30.1/16,1
20201020092130,10.77.1.1/24,9
20201020092131,192.168.1.2/24,1
20201020092133,10.77.1.1/24,-
20201020092134,10.77.1.2/24,9
20201020092135,10.77.1.2/24,69
20201020092137,10.20.30.1/16,3
20201020092139,10.20.30.1/16,6
20201020092140,10.77.1.2/24,8
20201020092142,10.20.30.2/16,1
20201020092143,10.20.30.2/16,2
20201020092144,10.20.30.1/16,67
20201020092145,192.168.1.2/24,18
20201020092146,192.168.1.1/24,-
20201020092147,10.20.30.1/16,5
20201020092148,10.20.30.2/16,5
20201020092150,10.77.1.2/24,58
20201020092152,10.20.30.2/16,96
20201020092154,10.77.1.2/24,6
20201020092155,192.168.1.1/24,3
20201020092156,10.20.30.2/16,9
20201020092157,192.168.1.2/24,5
20201020092159,10.20.30.2/16,9
20201020092200,10.20.30.2/16,97
20201020092201,10.20.30.2/16,-
20201020092202,192.168.1.2/24,-
20201020092203,10.77.1.1/24,20
20201020092204,10.77.1.2/24,-
20201020092205,10.20.30.1/16,7
20201020092207,192.168.1.1/24,16
20201020092208,10.77.1.2/24,4
20201020092209,192.168.1.2/24,86
20201020092210,10.77.1.1/24,2
20201020092211,10.20.30.1/16,9
20201020092212,10.77.1.1/24,8
20201020092213,10.20.30.1/16,4
20201020092215,192.168.1.2/24,3
20201020092217,10.20.30.2/16,5
20201020092218,192.168.1.2/24,70
20201020092219,192.168.1.1/24,2
20201020092220,10.20.30.2/16,4
20201020092221,10.20.30.1/16,2
20201020092222,10.77.1.1/24,1
20201020092223,192.168.1.2/24,6
20201020092224,192.168.1.1/24,5
20201020092225,192.168.1.2/24,2
20201020092227,10.77.1.2/24,26
20201020092228,10.20.30.1/16,2
20201020092229,10.77.1.2/24,22
20201020092230,10.77.1.1/24,4
20201020092231,10.77.1.2/24,6
20201020092232,10.77.1.1/24,-
20201020092233,10.77.1.2/24,4
20201020092234,10.77.1.2/24,23
20201020092235,192.168.1.1/24,1
20201020092236,10.20.30.1/16,-
20201020092238,10.20.30.1/16,7
20201020092240,192.168.1.2/24,7
20201020092241,10.77.1.2/24,-
20201020092243,10.77.1.2/24,9
20201020092244,10.20.30.2/16,9
20201020092245,10.77.1.1/24,4
20201020092246,10.20.30.2/16,9
20201020092247,10.77.1.1/24,48
20201020092248,10.20.30.1/16,52
20201020092249,10.77.1.2/24,20
20201020092250,192.168.1.1/24,9
20201020092251,192.168.1.2/24,-
20201020092252,192.168.1.2/24,6
20201020092253,10.77.1.1/24,-
20201020092255,10.77.1.2/24,34
20201020092256,10.20.30.2/16,22
20201020092257,192.168.1.1/24,-
20201020092258,10.77.1.1/24,2
20201020092300,10.20.30.1/16,4
20201020092301,10.20.30.1/16,1
20201020092302,10.77.1.1/24,5
20201020092304,10.20.30.2/16,-
20201020092305,10.20.30.1/16,48
20201020092306,10.20.30.1/16,60
20201020092308,10.20.30.1/16,-
20201020092309,192.168.1.2/24,2
20201020092310,10.20.30.2/16,3
20201020092312,192.168.1.1/24,-
20201020092313,192.168.1.2/24,1
20201020092314,10.20.30.1/16,-
20201020092315,192.168.1.2/24,8
20201020092316,10.77.1.1/24,-
20201020092317,10.20.30.1/16,29
20201020092318,192.168.1.2/24,7
20201020092319,10.77.1.2/24,9
20201020092320,10.20.30.2/16,-
20201020092321,10.20.30.1/16,7
20201020092323,192.168.1.1/24,9
20201020092324,10.20.30.1/16,54
20201020092325,192.168.1.1/24,4
20201020092326,10.77.1.2/24,9
20201020092327,192.168.1.2/24,6
20201020092328,10.20.30.2/16,65
20201020092329,10.20.30.1/16,59
20201020092330,192.168.1.1/24,7
20201020092331,192.168.1.1/24,-
20201020092333,10.77.1.2/24,3
20201020092334,10.20.30.2/16,52
20201020092335,10.77.1.2/24,75
20201020092337,10.77.1.1/24,6
20201020092339,192.168.1.1/24,5
20201020092340,10.77.1.2/24,1
20201020092342,10.20.30.1/16,8
20201020092343,10.77.1.2/24,9
20201020092344,10.20.30.2/16,-
20201020092345,10.20.30.2/16,6
20201020092347,10.20.30.1/16,12
20201020092348,10.77.1.2/24,4
20201020092350,10.20.30.2/16,5
20201020092351,10.77.1.2/24,7
20201020092352,10.20.30.1/16,6
20201020092353,10.20.30.2/16,82
20201020092354,10.77.1.1/24,6
20201020092355,10.20.30.1/16,3
20201020092356,10.77.1.2/24,6
20201020092358,10.20.30.2/16,1
20201020092359,10.77.1.2/24,2
20201020092400,10.77.1.2/24,-
20201020092402,10.20.30.2/16,84
20201020092403,10.20.30.1/16,84
20201020092404,10.20.30.2/16,-
20201020092405,10.77.1.2/24,7
20201020092406,192.168.1.2/24,6
20201020092407,10.20.30.1/16,8
20201020092408,192.168.1.1/24,9
20201020092410,192.168.1.1/24,6
20201020092411,192.168.1.1/24,8
20201020092412,10.20.30.2/16,6
20201020092413,10.77.1.2/24,63
20201020092415,10.77.1.1/24,-
20201020092416,10.77.1.2/24,7
20201020092418,10.20.30.1/16,7
20201020092419,10.20.30.2/16,6
20201020092421,10.77.1.2/24,-
20201020092422,10.20.30.2/16,4
20201020092424,10.20.30.2/16,8
20201020092425,10.20.30.1/16,-
20201020092426,10.20.30.1/16,3
20201020092427,10.20.30.1/16,-
20201020092428,192.168.1.2/24,-
20201020092429,192.168.1.1/24,-
20201020092431,10.20.30.2/16,-
20201020092432,10.77.1.1/24,6
20201020092433,10.77.1.2/24,5
20201020092434,192.168.1.1/24,2
20201020092435,10.20.30.1/16,3
20201020092436,10.20.30.1/16,-
20201020092437,10.77.1.2/24,-
20201020092438,10.77.1.2/24,-
20201020092439,10.20.30.2/16,11
20201020092440,10.77.1.2/24,-
20201020092441,10.77.1.2/24,8
20201020092443,10.20.30.2/16,40
20201020092444,10.77.1.2/24,8
20201020092445,192.168.1.2/24,-
20201020092446,192.168.1.2/24,12
20201020092447,10.77.1.1/24,-
20201020092449,192.168.1.2/24,9
20201020092451,10.20.30.2/16,9
20201020092452,10.20.30.1/16,8
20201020092453,10.20.30.1/16,3
20201020092455,192.168.1.1/24,-
20201020092457,192.168.1.2/24,-
20201020092458,10.20.30.1/16,59
20201020092459,10.20.30.2/16,7
20201020092500,10.20.30.2/16,6
20201020092501,192.168.1.2/24,8
20201020092502,10.77.1.1/24,7
20201020092503,192.168.1.1/24,3
20201020092504,10.77.1.2/24,6
20201020092505,192.168.1.2/24,35
20201020092506,10.20.30.1/16,5
20201020092507,192.168.1.2/24,3
20201020092509,192.168.1.2/24,6
20201020092510,10.77.1.1/24,1
20201020092512,10.77.1.1/24,5
20201020092513,10.20.30.2/16,1
20201020092514,10.20.30.2/16,-
20201020092515,10.20.30.1/16,-
20201020092516,192.168.1.1/24,7
20201020092517,10.77.1.2/24,3
20201020092518,192.168.1.2/24,8
20201020092519,10.77.1.1/24,8
20201020092520,10.77.1.1/24,9
20201020092521,10.20.30.2/16,7
20201020092522,192.168.1.2/24,7
20201020092523,192.168.1.2/24,65
20201020092524,10.20.30.1/16,96
20201020092526,10.77.1.1/24,74
20201020092527,10.77.1.1/24,5
20201020092528,10.20.30.1/16,-
20201020092530,10.20.30.2/16,14
20201020092532,192.168.1.1/24,13
20201020092533,10.77.1.1/24,5
20201020092534,192.168.1.1/24,-
20201020092536,10.20.30.2/16,48
20201020092537,10.77.1.1/24,5
20201020092538,10.20.30.1/16,-
20201020092539,10.20.30.2/16,3
20201020092540,10.77.1.1/24,1
20201020092541,10.77.1.2/24,6
20201020092542,10.77.1.1/24,65
20201020092543,192.168.1.2/24,1
20201020092545,192.168.1.2/24,8
20201020092546,192.168.1.2/24,1
20201020092547,10.77.1.1/24,7
20201020092548,192.168.1.1/24,-
20201020092549,192.168.1.2/24,-
20201020092550,10.77.1.2/24,6
20201020092552,10.77.1.2/24,62
20201020092554,192.168.1.2/24,47
20201020092555,192.168.1.2/24,-
20201020092556,192.168.1.2/24,4
20201020092558,10.20.30.1/16,3
20201020092559,192.168.1.1/24,-
20201020092600,192.168.1.2/24,-
20201020092601,10.20.30.2/16,6
20201020092602,10.77.1.2/24,7
20201020092603,10.77.1.1/24,2
20201020092605,192.168.1.2/24,1
20201020092606,192.168.1.1/24,-
20201020092607,192.168.1.1/24,53
20201020092608,10.77.1.1/24,3
20201020092609,10.20.30.2/16,20
20201020092610,10.20.30.2/16,8
20201020092611,10.20.30.1/16,4
20201020092613,192.168.1.1/24,-
20201020092614,10.20.30.2/16,58
20201020092615,10.77.1.1/24,9
20201020092616,10.77.1.1/24,-
20201020092618,10.20.30.1/16,47
20201020092619,192.168.1.2/24,10
20201020092621,10.20.30.2/16,8
20201020092623,10.20.30.1/16,23
20201020092624,192.168.1.2/24,-
20201020092625,10.20.30.1/16,3
20201020092626,10.77.1.1/24,4
20201020092627,192.168.1.1/24,-
20201020092628,10.20.30.2/16,2
20201020092629,192.168.1.1/24,5
20201020092630,10.77.1.1/24,21
20201020092631,10.20.30.2/16,75
20201020092632,192.168.1.1/24,-
20201020092633,10.77.1.2/24,-
20201020092634,10.77.1.1/24,38
20201020092636,10.20.30.2/16,-
20201020092637,192.168.1.2/24,4
20201020092638,10.20.30.1/16,65
20201020092639,10.20.30.1/16,6
20201020092640,10.77.1.1/24,4
20201020092641,10.20.30.2/16,9
20201020092642,10.77.1.2/24,6
20201020092643,192.168.1.1/24,-
20201020092644,10.77.1.1/24,9
20201020092646,192.168.1.2/24,8
20201020092647,10.77.1.2/24,6
20201020092648,192.168.1.1/24,58
20201020092650,10.20.30.1/16,8
20201020092651,10.20.30.2/16,10
20201020092653,192.168.1.2/24,4
20201020092655,10.20.30.1/16,6
20201020092656,192.168.1.2/24,9
20201020092657,192.168.1.2/24,5
20201020092658,10.77.1.1/24,1
20201020092659,10.77.1.2/24,56
20201020092700,10.20.30.1/16,5
20201020092701,10.77.1.2/24,-
20201020092703,192.168.1.2/24,1
20201020092704,10.20.30.1/16,7
20201020092705,192.168.1.1/24,4
20201020092706,10.77.1.2/24,38
20201020092708,192.168.1.2/24,11
20201020092710,192.168.1.2/24,1
20201020092711,10.20.30.2/16,2
20201020092712,10.77.1.1/24,9
20201020092713,10.20.30.1/16,3
20201020092714,10.20.30.2/16,3
20201020092715,10.20.30.2/16,2
20201020092716,10.20.30.2/16,9
20201020092717,10.77.1.2/24,3
20201020092718,192.168.1.1/24,7
20201020092720,10.77.1.1/24,2
20201020092721,192.168.1.2/24,8
20201020092722,10.20.30.1/16,18
20201020092723,10.20.30.1/16,3
20201020092724,192.168.1.1/24,-
20201020092725,192.168.1.1/24,61
20201020092726,10.77.1.2/24,7
20201020092727,10.20.30.1/16,1
20201020092728,10.20.30.2/16,6
20201020092729,10.20.30.2/16,1
20201020092730,10.20.30.1/16,4
20201020092731,192.168.1.1/24,4
20201020092732,10.20.30.1/16,2
20201020092733,10.20.30.1/16,7
20201020092734,10.20.30.2/16,3
20201020092735,192.168.1.1/24,6
20201020092736,192.168.1.1/24,68
20201020092737,192.168.1.1/24,2
20201020092738,10.20.30.1/16,62
20201020092739,10.20.30.2/16,5
20201020092740,192.168.1.1/24,-
20201020092741,10.77.1.2/24,7
20201020092742,10.77.1.1/24,-
20201020092743,192.168.1.1/24,-
20201020092744,10.20.30.1/16,-
20201020092746,192.168.1.2/24,55
20201020092747,192.168.1.1/24,-
20201020092748,192.168.1.1/24,5
20201020092749,10.77.1.1/24,15
20201020092750,10.20.30.2/16,23
20201020092752,192.168.1.1/24,-
20201020092753,10.77.1.1/24,-
20201020092754,192.168.1.1/24,5
20201020092756,192.168.1.2/24,-
20201020092757,10.77.1.1/24,-
20201020092758,10.77.1.1/24,7
20201020092759,192.168.1.1/24,1
20201020092801,10.20.30.2/16,8
20201020092802,10.20.30.2/16,7
20201020092803,10.20.30.2/16,3
20201020092804,192.168.1.2/24,-
20201020092805,10.77.1.2/24,4
20201020092807,10.77.1.1/24,13
20201020092808,10.20.30.1/16,1
20201020092809,192.168.1.2/24,90
20201020092811,192.168.1.1/24,3
20201020092812,192.168.1.2/24,95
20201020092813,10.20.30.1/16,2
20201020092814,10.20.30.1/16,40
20201020092815,192.168.1.2/24,6
20201020092816,10.77.1.1/24,-
20201020092817,192.168.1.1/24,3
20201020092818,10.77.1.2/24,8
20201020092819,10.77.1.1/24,6
20201020092820,192.168.1.2/24,8
20201020092821,192.168.1.2/24,78
20201020092823,10.77.1.2/24,5
20201020092824,192.168.1.2/24,-
20201020092825,192.168.1.2/24,8
20201020092826,192.168.1.1/24,1
20201020092827,10.77.1.2/24,72
20201020092828,10.77.1.2/24,-
20201020092829,10.77.1.2/24,8
20201020092830,10.77.1.1/24,23
20201020092831,10.77.1.1/24,1
20201020092832,10.20.30.1/16,9
20201020092834,192.168.1.1/24,76
20201020092835,10.20.30.1/16,4
20201020092836,10.20.30.1/16,-
20201020092837,10.77.1.2/24,-
20201020092838,192.168.1.1/24,2
20201020092839,10.20.30.2/16,9
20201020092840,10.20.30.2/16,4
20201020092841,10.77.1.1/24,8
20201020092842,10.77.1.2/24,4
20201020092843,10.77.1.1/24,-
20201020092844,192.168.1.2/24,9
20201020092845,10.20.30.1/16,4
20201020092846,10.20.30.2/16,-
20201020092847,10.77.1.1/24,90
20201020092848,10.20.30.2/16,3
20201020092849,192.168.1.1/24,8
20201020092850,10.20.30.1/16,7
20201020092851,10.20.30.2/16,9
20201020092852,10.77.1.1/24,-
20201020092853,192.168.1.2/24,95
20201020092855,192.168.1.2/24,83
20201020092856,10.20.30.2/16,10
20201020092857,10.77.1.2/24,7
20201020092858,10.20.30.1/16,4
20201020092859,10.20.30.1/16,57
20201020092900,192.168.1.2/24,5
20201020092901,10.77.1.1/24,6
20201020092902,10.20.30.1/16,12
20201020092903,192.168.1.1/24,1
20201020092904,10.77.1.2/24,21
20201020092905,10.20.30.1/16,8
20201020092906,10.20.30.1/16,-
20201020092907,10.20.30.1/16,2
20201020092908,10.20.30.1/16,2
20201020092909,192.168.1.2/24,2
20201020092911,192.168.1.1/24,31
20201020092912,192.168.1.2/24,7
20201020092913,10.20.30.2/16,8
20201020092915,10.77.1.1/24,7
20201020092916,192.168.1.1/24,7
20201020092918,10.20.30.2/16,-
20201020092919,192.168.1.2/24,2
20201020092920,10.77.1.1/24,-
20201020092922,10.77.1.2/24,8
20201020092924,10.77.1.1/24,86
20201020092926,10.20.30.2/16,-
20201020092927,10.77.1.1/24,2
20201020092929,192.168.1.2/24,7
20201020092930,192.168.1.1/24,-
20201020092932,192.168.1.2/24,-
20201020092933,10.77.1.1/24,-
20201020092934,192.168.1.1/24,58
20201020092935,10.20.30.1/16,95
20201020092936,10.20.30.1/16,18
20201020092937,10.77.1.2/24,9
20201020092939,10.77.1.2/24,16
20201020092941,192.168.1.2/24,-
20201020092942,10.20.30.1/16,9
20201020092943,10.20.30.2/16,1
20201020092944,192.168.1.2/24,10
20201020092945,10.77.1.1/24,7
20201020092947,192.168.1.1/24,-
20201020092948,10.77.1.1/24,-
20201020092949,10.77.1.2/24,8
20201020092950,192.168.1.1/24,3
20201020092951,10.20.30.2/16,5
20201020092952,10.77.1.1/24,15
20201020092953,192.168.1.2/24,-
20201020092954,10.77.1.1/24,7
20201020092955,192.168.1.1/24,1
20201020092956,192.168.1.1/24,-
20201020092957,10.77.1.1/24,8
20201020092958,192.168.1.1/24,9
20201020092959,10.77.1.2/24,7
20201020093000,10.20.30.1/16,5
20201020093001,192.168.1.1/24,1
20201020093002,10.20.30.1/16,50
20201020093003,192.168.1.2/24,3
20201020093004,10.77.1.2/24,9
20201020093005,10.77.1.1/24,6
20201020093007,10.77.1.1/24,8
20201020093008,192.168.1.2/24,72
20201020093010,10.77.1.2/24,-
20201020093011,10.77.1.2/24,-
20201020093012,192.168.1.1/24,-
20201020093013,192.168.1.2/24,7
20201020093014,10.77.1.1/24,2
20201020093015,10.20.30.2/16,3
20201020093016,10.20.30.1/16,5
20201020093018,192.168.1.1/24,-
20201020093020,10.77.1.2/24,9
20201020093021,10.77.1.2/24,51
20201020093022,10.77.1.1/24,5
20201020093023,10.77.1.2/24,2
20201020093024,10.20.30.1/16,4
20201020093025,10.20.30.1/16,-
20201020093026,10.77.1.2/24,1
20201020093027,10.77.1.1/24,10
20201020093029,192.168.1.1/24,2
20201020093030,192.168.1.1/24,4
20201020093031,192.168.1.1/24,-
20201020093032,10.77.1.2/24,6
20201020093033,10.77.1.1/24,-
20201020093034,10.77.1.1/24,7
20201020093036,10.77.1.2/24,5
20201020093037,10.77.1.2/24,-
20201020093038,192.168.1.2/24,33
20201020093040,192.168.1.2/24,-
20201020093041,10.77.1.2/24,9
20201020093042,10.20.30.2/16,7
20201020093043,10.77.1.2/24,5
20201020093044,10.20.30.1/16,58
20201020093045,192.168.1.1/24,8
20201020093046,10.77.1.2/24,-
20201020093048,10.20.30.2/16,-
20201020093049,10.20.30.2/16,7
20201020093050,10.20.30.2/16,4
20201020093051,10.77.1.1/24,8
20201020093052,192.168.1.2/24,10
20201020093053,10.77.1.2/24,90
20201020093054,10.77.1.1/24,6
20201020093055,10.20.30.2/16,34
20201020093056,10.20.30.1/16,10
20201020093057,10.20.30.2/16,46
20201020093058,10.77.1.2/24,5
20201020093100,10.20.30.2/16,47
20201020093101,10.20.30.2/16,1
20201020093103,10.77.1.2/24,-
20201020093104,10.77.1.1/24,-
20201020093105,10.20.30.1/16,-
20201020093107,10.77.1.1/24,44
20201020093108,192.168.1.1/24,5
20201020093110,10.20.30.1/16,8
20201020093111,10.77.1.1/24,1
20201020093112,10.77.1.1/24,-
20201020093113,10.77.1.2/24,9
20201020093114,10.20.30.2/16,11
20201020093115,192.168.1.1/24,-
20201020093116,10.77.1.2/24,55
20201020093117,10.77.1.2/24,92
20201020093118,10.77.1.2/24,-
20201020093120,10.77.1.1/24,1
20201020093121,10.20.30.2/16,7
20201020093123,10.20.30.2/16,5
20201020093125,192.168.1.2/24,-
20201020093126,10.20.30.1/16,-
20201020093127,10.20.30.2/16,6
20201020093129,10.77.1.1/24,6
20201020093130,10.20.30.1/16,-
20201020093131,10.77.1.1/24,49
20201020093132,192.168.1.2/24,9
20201020093134,10.20.30.1/16,-
20201020093135,10.77.1.1/24,9
20201020093136,192.168.1.1/24,-
20201020093138,192.168.1.1/24,74
20201020093140,10.20.30.2/16,3
20201020093141,10.20.30.1/16,1
20201020093142,10.20.30.2/16,5
20201020093143,192.168.1.1/24,6
20201020093145,10.20.30.1/16,7
20201020093146,192.168.1.2/24,54
20201020093147,10.20.30.1/16,4
20201020093148,10.20.30.2/16,5
20201020093150,10.20.30.2/16,57
20201020093151,10.77.1.2/24,5
20201020093152,192.168.1.2/24,5
20201020093154,10.77.1.1/24,1
20201020093155,10.77.1.2/24,10
20201020093156,10.77.1.1/24,8
20201020093157,10.20.30.2/16,8
20201020093158,192.168.1.1/24,3
20201020093159,10.20.30.2/16,66
20201020093200,10.77.1.1/24,5
20201020093201,192.168.1.1/24,28
20201020093202,192.168.1.1/24,1
20201020093203,192.168.1.2/24,8
20201020093205,192.168.1.1/24,6
20201020093207,192.168.1.1/24,-
20201020093208,10.20.30.1/16,19
20201020093210,10.20.30.2/16,-
20201020093211,192.168.1.1/24,1
20201020093212,192.168.1.1/24,-
20201020093214,10.77.1.1/24,3
20201020093215,10.20.30.2/16,2
20201020093216,192.168.1.2/24,39
20201020093217,10.20.30.1/16,27
20201020093219,192.168.1.1/24,8
20201020093221,192.168.1.2/24,-
20201020093222,192.168.1.2/24,-
20201020093223,10.20.30.1/16,10
20201020093224,10.20.30.2/16,-
20201020093225,192.168.1.2/24,6
20201020093226,192.168.1.2/24,-
20201020093227,192.168.1.1/24,-
20201020093228,10.77.1.1/24,9
20201020093229,192.168.1.2/24,4
20201020093230,192.168.1.2/24,-
20201020093231,10.77.1.1/24,25
20201020093232,10.77.1.1/24,7
20201020093233,10.77.1.2/24,19
20201020093235,10.77.1.2/24,-
20201020093236,192.168.1.1/24,19
20201020093238,10.20.30.2/16,90
20201020093239,10.77.1.1/24,78
20201020093240,10.20.30.2/16,6
20201020093241,10.20.30.2/16,7
20201020093243,10.77.1.2/24,4
20201020093244,192.168.1.2/24,3
20201020093245,10.20.30.2/16,-
20201020093246,192.168.1.2/24,6
20201020093247,10.77.1.2/24,-
20201020093249,10.77.1.2/24,6
20201020093251,192.168.1.2/24,43
20201020093252,10.20.30.1/16,-
20201020093253,10.77.1.2/24,-
20201020093254,10.20.30.2/16,4
20201020093255,10.20.30.2/16,-
20201020093257,192.168.1.2/24,71
20201020093258,192.168.1.1/24,43
20201020093259,192.168.1.2/24,4
20201020093300,10.20.30.2/16,1
20201020093301,10.20.30.1/16,6
20201020093302,192.168.1.1/24,8
20201020093303,10.77.1.1/24,25
20201020093305,10.77.1.1/24,2
20201020093306,10.77.1.1/24,49
20201020093307,10.77.1.2/24,-
20201020093309,192.168.1.1/24,96
20201020093310,192.168.1.1/24,6
20201020093312,10.20.30.2/16,9
20201020093313,192.168.1.2/24,7
20201020093314,192.168.1.1/24,53
20201020093316,10.20.30.1/16,3
20201020093317,10.20.30.1/16,1
20201020093318,192.168.1.1/24,9
20201020093319,192.168.1.1/24,6
20201020093320,10.77.1.1/24,15
20201020093322,10.77.1.1/24,5
20201020093323,192.168.1.1/24,-
20201020093324,10.77.1.1/24,4
20201020093325,192.168.1.1/24,3
20201020093326,10.77.1.1/24,5
20201020093327,10.20.30.1/16,13
20201020093328,10.77.1.1/24,3
20201020093329,10.77.1.1/24,9
20201020093330,192.168.1.2/24,7
20201020093331,192.168.1.1/24,9
20201020093332,10.77.1.1/24,4
20201020093333,192.168.1.1/24,-
20201020093334,192.168.1.2/24,9
20201020093335,10.77.1.1/24,4
20201020093336,10.77.1.1/24,-
20201020093337,10.77.1.1/24,1
20201020093338,192.168.1.1/24,6
20201020093339,192.168.1.2/24,45
20201020093340,10.77.1.1/24,5
20201020093341,192.168.1.1/24,31
20201020093342,192.168.1.1/24,5
20201020093343,192.168.1.2/24,4
20201020093344,192.168.1.2/24,8
20201020093345,192.168.1.2/24,-
20201020093346,192.168.1.2/24,-
20201020093348,192.168.1.2/24,8
20201020093349,10.20.30.2/16,2
20201020093350,10.20.30.2/16,38
20201020093351,10.77.1.2/24,-
20201020093352,10.20.30.2/16,1
20201020093353,10.77.1.1/24,3
20201020093354,10.77.1.2/24,-
20201020093355,10.20.30.1/16,4
20201020093356,192.168.1.1/24,5
20201020093357,10.20.30.2/16,2
20201020093358,10.77.1.2/24,24
20201020093359,10.77.1.1/24,-
20201020093401,10.77.1.1/24,9
20201020093402,10.20.30.2/16,1
20201020093404,10.20.30.2/16,-
20201020093405,10.20.30.1/16,21
20201020093406,10.77.1.2/24,9
20201020093407,192.168.1.2/24,8
20201020093408,192.168.1.1/24,2
20201020093409,10.20.30.2/16,1
20201020093410,10.20.30.1/16,25
20201020093412,10.20.30.2/16,-
20201020093413,192.168.1.2/24,1
20201020093414,192.168.1.2/24,-
20201020093416,10.77.1.2/24,5
20201020093418,10.20.30.2/16,7
20201020093419,10.77.1.2/24,3
20201020093421,10.20.30.2/16,-
20201020093422,10.77.1.2/24,2
20201020093423,192.168.1.2/24,25
20201020093424,192.168.1.1/24,8
20201020093425,10.20.30.1/16,27
20201020093426,10.77.1.1/24,5
20201020093427,10.20.30.2/16,37
20201020093428,10.20.30.1/16,-
20201020093429,10.20.30.2/16,48
20201020093430,192.168.1.1/24,-
20201020093431,10.77.1.2/24,-
20201020093433,10.20.30.1/16,4
20201020093434,10.20.30.1/16,4
20201020093435,10.77.1.2/24,89
20201020093436,10.77.1.1/24,5
20201020093437,10.77.1.2/24,3
20201020093438,192.168.1.2/24,1
20201020093439,10.77.1.2/24,37
20201020093441,192.168.1.2/24,2
20201020093443,10.77.1.1/24,4
20201020093444,10.20.30.1/16,4
20201020093446,10.77.1.1/24,-
20201020093447,192.168.1.1/24,3
20201020093448,10.20.30.1/16,16
20201020093449,192.168.1.1/24,6
20201020093450,192.168.1.2/24,-
20201020093452,10.20.30.1/16,8
20201020093454,10.20.30.1/16,5
20201020093455,10.77.1.2/24,9
20201020093456,10.20.30.1/16,4
20201020093457,192.168.1.1/24,7
20201020093458,10.20.30.1/16,-
20201020093459,10.77.1.1/24,5
20201020093500,192.168.1.1/24,-
20201020093502,10.20.30.2/16,-
20201020093503,10.20.30.1/16,97
20201020093504,10.77.1.2/24,63
20201020093505,192.168.1.2/24,3
20201020093507,10.77.1.2/24,8
20201020093508,10.20.30.1/16,-
20201020093509,192.168.1.1/24,1
20201020093510,10.77.1.1/24,7
20201020093511,192.168.1.2/24,8
20201020093512,10.20.30.1/16,20
20201020093513,10.77.1.1/24,-
20201020093515,10.77.1.2/24,4
20201020093516,192.168.1.2/24,-
20201020093517,10.20.30.2/16,3
20201020093518,10.20.30.1/16,6
20201020093519,192.168.1.2/24,3
20201020093520,10.20.30.2/16,-
20201020093521,10.77.1.2/24,-
20201020093522,192.168.1.2/24,3
20201020093524,10.20.30.1/16,-
20201020093526,10.77.1.2/24,-
20201020093527,10.77.1.1/24,2
20201020093528,10.20.30.2/16,6
20201020093529,192.168.1.2/24,1
20201020093531,10.20.30.2/16,6
20201020093532,10.77.1.1/24,6
20201020093533,192.168.1.2/24,5
20201020093534,10.20.30.1/16,49
20201020093536,10.77.1.2/24,-
20201020093537,10.77.1.2/24,-
20201020093538,10.77.1.2/24,-
20201020093539,10.77.1.2/24,88
20201020093540,192.168.1.1/24,3
20201020093541,192.168.1.2/24,9
20201020093542,192.168.1.2/24,9
20201020093543,10.77.1.1/24,10
20201020093544,192.168.1.1/24,6
20201020093545,10.77.1.2/24,8
20201020093547,10.20.30.2/16,3
20201020093549,192.168.1.2/24,64
20201020093550,10.77.1.1/24,-
20201020093552,10.20.30.2/16,4
20201020093554,192.168.1.1/24,41
20201020093556,10.77.1.1/24,-
20201020093557,10.20.30.1/16,4
20201020093558,10.20.30.2/16,10
20201020093559,10.77.1.2/24,5
20201020093601,192.168.1.2/24,-
20201020093602,192.168.1.2/24,5
20201020093603,192.168.1.2/24,-
20201020093604,10.77.1.2/24,28
20201020093606,192.168.1.1/24,-
20201020093607,10.20.30.2/16,6
20201020093608,10.77.1.2/24,9
20201020093609,10.77.1.1/24,7
20201020093611,10.77.1.2/24,-
20201020093613,10.77.1.1/24,34
20201020093615,10.77.1.1/24,8
20201020093616,192.168.1.2/24,-
20201020093617,192.168.1.2/24,45
20201020093619,10.20.30.2/16,-
20201020093620,10.77.1.1/24,4
20201020093621,10.77.1.1/24,6
20201020093622,10.77.1.1/24,63
20201020093623,10.20.30.1/16,29
20201020093624,10.77.1.1/24,3
20201020093625,10.77.1.2/24,-
20201020093626,10.77.1.2/24,-
20201020093627,192.168.1.1/24,5
20201020093628,192.168.1.2/24,9
20201020093629,10.77.1.1/24,98
20201020093630,10.77.1.2/24,7
20201020093631,192.168.1.1/24,5
20201020093632,192.168.1.2/24,36
20201020093633,10.20.30.1/16,9
20201020093634,192.168.1.1/24,-
20201020093635,192.168.1.1/24,-
20201020093636,192.168.1.1/24,93
20201020093637,10.77.1.2/24,86
20201020093638,192.168.1.2/24,-
20201020093640,192.168.1.1/24,9
20201020093641,10.77.1.1/24,7
20201020093642,10.77.1.1/24,3
20201020093643,10.20.30.1/16,-
20201020093644,10.77.1.1/24,8
20201020093645,10.77.1.1/24,4
20201020093646,192.168.1.2/24,5
20201020093647,192.168.1.1/24,47
20201020093648,10.20.30.1/16,-
20201020093649,10.77.1.2/24,-
20201020093651,10.77.1.2/24,7
20201020093652,192.168.1.2/24,16
20201020093653,10.20.30.1/16,4
20201020093654,10.20.30.2/16,9
20201020093655,192.168.1.2/24,33
20201020093656,10.77.1.1/24,3
20201020093658,192.168.1.2/24,4
20201020093659,10.77.1.2/24,6
20201020093700,192.168.1.1/24,7
20201020093701,192.168.1.2/24,4
20201020093702,192.168.1.1/24,-
20201020093704,192.168.1.1/24,67
20201020093705,10.77.1.1/24,6
20201020093706,192.168.1.2/24,7
20201020093707,10.20.30.2/16,3
20201020093708,10.20.30.2/16,2
20201020093710,10.20.30.1/16,4
20201020093711,10.20.30.2/16,2
20201020093712,10.20.30.2/16,8
20201020093714,10.20.30.2/16,-
20201020093715,192.168.1.1/24,-
20201020093717,10.20.30.2/16,2
20201020093719,10.77.1.1/24,9
20201020093720,10.20.30.2/16,6
20201020093721,10.20.30.2/16,59
20201020093722,10.20.30.1/16,3
20201020093723,10.20.30.2/16,6
20201020093724,10.77.1.1/24,7
20201020093725,10.20.30.2/16,8
20201020093726,10.20.30.1/16,63
20201020093727,192.168.1.1/24,8
20201020093728,10.77.1.1/24,-
20201020093730,10.20.30.1/16,-
20201020093731,10.20.30.2/16,-
20201020093732,10.77.1.1/24,8
20201020093734,10.20.30.2/16,5
20201020093735,10.77.1.2/24,6
20201020093736,10.20.30.1/16,63
20201020093737,10.20.30.2/16,26
20201020093738,192.168.1.1/24,1
20201020093740,10.77.1.2/24,18
20201020093741,10.77.1.1/24,-
20201020093742,192.168.1.1/24,2
20201020093744,10.77.1.1/24,56
20201020093746,192.168.1.1/24,5
20201020093748,10.77.1.1/24,4
20201020093749,10.20.30.2/16,11
20201020093751,192.168.1.2/24,-
20201020093752,192.168.1.2/24,4
20201020093753,10.20.30.1/16,8
20201020093755,192.168.1.2/24,-
20201020093756,10.20.30.1/16,-
20201020093757,10.20.30.2/16,6
20201020093758,10.77.1.1/24,7
20201020093800,10.77.1.2/24,24
20201020093802,192.168.1.1/24,92
20201020093804,10.77.1.1/24,-
20201020093805,192.168.1.2/24,1
20201020093807,192.168.1.2/24,9
20201020093809,10.77.1.2/24,-
20201020093810,10.77.1.2/24,1
20201020093811,192.168.1.2/24,4
20201020093812,192.168.1.1/24,4
20201020093814,192.168.1.2/24,-
20201020093815,192.168.1.2/24,25
20201020093816,10.77.1.2/24,12
20201020093817,10.20.30.2/16,9
20201020093819,10.77.1.2/24,6
20201020093820,10.77.1.1/24,-
20201020093821,10.20.30.1/16,10
20201020093822,10.20.30.1/16,78
20201020093823,10.20.30.1/16,3
20201020093825,10.77.1.2/24,74
20201020093826,10.20.30.2/16,54
20201020093827,10.77.1.1/24,6
20201020093828,10.20.30.2/16,7
20201020093830,192.168.1.1/24,-
20201020093831,10.77.1.1/24,2
20201020093832,10.20.30.2/16,-
20201020093833,10.20.30.2/16,5
20201020093835,192.168.1.2/24,33
20201020093836,10.20.30.1/16,1
20201020093837,10.77.1.1/24,9
20201020093838,10.77.1.2/24,83
20201020093839,10.77.1.1/24,1
20201020093840,10.77.1.2/24,-
20201020093841,10.20.30.1/16,4
20201020093842,192.168.1.2/24,74
20201020093843,10.20.30.1/16,7
20201020093844,192.168.1.2/24,-
20201020093846,10.77.1.1/24,-
20201020093848,10.77.1.1/24,-
20201020093849,10.77.1.1/24,35
20201020093850,192.168.1.2/24,4
20201020093851,10.20.30.1/16,-
20201020093852,10.77.1.1/24,2
20201020093853,10.20.30.1/16,59
20201020093855,10.20.30.2/16,-
20201020093856,10.77.1.1/24,-
20201020093857,192.168.1.2/24,12
20201020093858,192.168.1.2/24,76
20201020093859,10.20.30.2/16,4
20201020093900,192.168.1.2/24,-
20201020093901,192.168.1.1/24,44
20201020093902,10.77.1.1/24,3
20201020093903,10.77.1.2/24,3
20201020093904,192.168.1.1/24,-
20201020093905,10.20.30.2/16,6
20201020093907,10.77.1.2/24,-
20201020093908,192.168.1.1/24,3
20201020093909,10.77.1.1/24,-
20201020093911,10.77.1.2/24,9
20201020093912,10.77.1.1/24,1
20201020093913,192.168.1.2/24,-
20201020093914,10.20.30.1/16,28
20201020093916,10.20.30.2/16,4
20201020093918,10.20.30.1/16,8
20201020093919,10.20.30.2/16,7
20201020093920,192.168.1.2/24,81
20201020093921,10.77.1.2/24,3
20201020093922,10.77.1.2/24,85
20201020093923,10.77.1.1/24,2
20201020093925,10.77.1.2/24,76
20201020093926,192.168.1.1/24,63
20201020093927,10.77.1.1/24,1
20201020093928,192.168.1.2/24,5
20201020093929,10.77.1.2/24,-
20201020093930,10.20.30.2/16,-
20201020093931,10.20.30.2/16,95
20201020093932,10.20.30.1/16,57
20201020093933,10.20.30.2/16,-
20201020093934,192.168.1.2/24,-
20201020093936,192.168.1.2/24,9
20201020093937,10.77.1.1/24,7
20201020093938,192.168.1.2/24,7
20201020093939,10.20.30.2/16,6
20201020093940,10.77.1.2/24,-
20201020093941,192.168.1.1/24,3
20201020093943,10.20.30.2/16,4
20201020093945,192.168.1.2/24,17
20201020093946,10.77.1.2/24,7
20201020093947,10.77.1.2/24,-
20201020093948,192.168.1.2/24,1
20201020093949,192.168.1.2/24,85
20201020093950,192.168.1.2/24,4
20201020093952,10.77.1.1/24,39
20201020093953,192.168.1.1/24,8
20201020093955,192.168.1.2/24,93
20201020093956,192.168.1.1/24,9
20201020093957,192.168.1.2/24,16
20201020093958,10.20.30.2/16,-
20201020094000,10.20.30.2/16,4
20201020094001,10.20.30.2/16,37
20201020094002,10.77.1.2/24,4
20201020094003,10.77.1.2/24,15
20201020094004,10.77.1.1/24,23
20201020094005,10.77.1.1/24,5
20201020094006,10.20.30.1/16,-
20201020094007,10.77.1.2/24,8
20201020094008,10.77.1.2/24,62
20201020094009,10.20.30.1/16,10
20201020094010,10.20.30.2/16,8
20201020094011,10.77.1.2/24,-
20201020094012,192.168.1.2/24,-
20201020094013,192.168.1.2/24,49
20201020094014,10.77.1.2/24,6
20201020094015,10.77.1.2/24,6
20201020094016,10.20.30.2/16,6
20201020094018,10.20.30.2/16,-
20201020094019,192.168.1.2/24,29
20201020094020,192.168.1.2/24,2
20201020094021,10.20.30.2/16,4
20201020094022,192.168.1.2/24,7
20201020094023,10.20.30.2/16,3
20201020094024,10.77.1.1/24,-
20201020094025,10.77.1.2/24,5
20201020094026,192.168.1.2/24,4
20201020094027,10.20.30.2/16,5
20201020094029,10.77.1.1/24,49
20201020094030,192.168.1.2/24,28
20201020094032,10.20.30.1/16,-
20201020094033,192.168.1.2/24,1
20201020094034,192.168.1.1/24,12
20201020094035,192.168.1.2/24,1
20201020094036,10.20.30.1/16,-
20201020094037,192.168.1.1/24,6
20201020094039,10.77.1.2/24,-
20201020094041,10.77.1.1/24,9
20201020094042,10.20.30.1/16,31
20201020094043,10.77.1.1/24,9
20201020094045,192.168.1.1/24,-
20201020094046,10.77.1.2/24,-
20201020094047,192.168.1.1/24,10
20201020094048,10.77.1.2/24,1
20201020094050,192.168.1.1/24,-
20201020094051,192.168.1.1/24,65
20201020094052,192.168.1.2/24,9
20201020094053,192.168.1.2/24,4
20201020094054,10.20.30.1/16,3
20201020094056,10.20.30.2/16,10
20201020094057,192.168.1.2/24,-
20201020094058,192.168.1.1/24,5
20201020094059,192.168.1.2/24,5
20201020094100,10.20.30.2/16,8
20201020094101,192.168.1.2/24,88
20201020094102,192.168.1.2/24,7
20201020094103,10.77.1.1/24,5
20201020094104,192.168.1.1/24,8
20201020094105,10.20.30.1/16,-
20201020094106,192.168.1.1/24,8
20201020094107,10.77.1.2/24,51
20201020094108,10.20.30.2/16,7
20201020094109,192.168.1.1/24,1
20201020094110,10.77.1.2/24,5
20201020094111,10.20.30.2/16,38
20201020094112,10.20.30.2/16,-
20201020094114,192.168.1.1/24,-
20201020094116,10.77.1.1/24,40
20201020094117,10.20.30.2/16,9
20201020094118,10.77.1.1/24,-
20201020094119,10.20.30.2/16,-
20201020094120,10.20.30.1/16,-
20201020094121,10.20.30.1/16,-
20201020094122,10.20.30.1/16,-
20201020094123,10.20.30.2/16,6
20201020094124,10.77.1.1/24,7
20201020094125,10.77.1.1/24,60
20201020094126,10.20.30.1/16,67
20201020094127,10.20.30.2/16,21
20201020094129,10.77.1.1/24,1
20201020094130,192.168.1.1/24,9
20201020094131,10.77.1.1/24,12
20201020094133,192.168.1.2/24,67
20201020094134,10.20.30.2/16,78
20201020094136,10.20.30.1/16,72
20201020094137,10.77.1.2/24,9
20201020094138,192.168.1.2/24,4
20201020094139,10.77.1.1/24,4
20201020094141,192.168.1.2/24,13
20201020094142,10.77.1.2/24,16
20201020094144,10.77.1.1/24,9
20201020094146,10.77.1.2/24,5
20201020094148,10.77.1.2/24,5
20201020094149,10.77.1.2/24,37
20201020094150,10.20.30.1/16,2
20201020094151,192.168.1.1/24,4
20201020094152,10.77.1.1/24,-
20201020094153,10.20.30.1/16,6
20201020094155,10.20.30.2/16,6
20201020094156,192.168.1.2/24,10
20201020094157,10.20.30.1/16,7
20201020094159,10.77.1.2/24,6
20201020094200,10.20.30.2/16,3
20201020094202,192.168.1.2/24,4
20201020094203,10.20.30.2/16,4
20201020094204,10.77.1.1/24,-
20201020094205,10.77.1.1/24,1
20201020094207,10.77.1.2/24,-
20201020094208,10.20.30.2/16,50
20201020094209,10.77.1.2/24,3
20201020094211,192.168.1.2/24,5
20201020094212,192.168.1.1/24,-
20201020094213,192.168.1.2/24,1
20201020094214,192.168.1.2/24,7
20201020094215,10.20.30.2/16,-
20201020094216,192.168.1.2/24,-
20201020094217,192.168.1.2/24,5
20201020094219,192.168.1.2/24,-
20201020094220,10.77.1.2/24,3
20201020094222,10.20.30.2/16,11
20201020094223,10.20.30.2/16,9
20201020094224,192.168.1.2/24,48
20201020094225,10.20.30.1/16,9
20201020094226,10.77.1.2/24,8
20201020094227,192.168.1.2/24,83
20201020094228,192.168.1.1/24,8
20201020094229,192.168.1.1/24,6
20201020094230,10.77.1.1/24,3
20201020094231,10.20.30.1/16,99
20201020094232,10.77.1.1/24,-
20201020094233,192.168.1.2/24,29
20201020094234,192.168.1.2/24,5
20201020094236,10.77.1.2/24,5
20201020094237,192.168.1.2/24,-
20201020094238,10.77.1.1/24,7
20201020094239,10.20.30.2/16,-
20201020094241,192.168.1.2/24,2
20201020094242,192.168.1.2/24,7
20201020094243,10.77.1.1/24,10
20201020094244,192.168.1.2/24,6
20201020094245,10.20.30.2/16,92
20201020094246,192.168.1.2/24,76
20201020094247,192.168.1.2/24,3
20201020094248,10.20.30.1/16,-
20201020094250,10.77.1.1/24,6
20201020094251,10.20.30.2/16,42
20201020094253,10.77.1.2/24,1
20201020094254,10.77.1.2/24,12
20201020094255,10.20.30.1/16,-
20201020094256,192.168.1.1/24,11
20201020094257,10.77.1.1/24,2
20201020094258,10.77.1.2/24,5
20201020094300,10.20.30.2/16,5
20201020094301,192.168.1.2/24,9
20201020094302,10.77.1.1/24,2
20201020094303,10.77.1.2/24,6
20201020094304,192.168.1.1/24,2
20201020094305,10.77.1.1/24,9
20201020094307,10.77.1.1/24,-
20201020094308,10.77.1.1/24,28
20201020094309,10.77.1.1/24,8
20201020094310,10.77.1.2/24,42
20201020094312,10.77.1.1/24,7
20201020094313,192.168.1.2/24,9
20201020094314,10.20.30.2/16,8
20201020094315,10.20.30.2/16,76
20201020094316,192.168.1.1/24,-
20201020094317,192.168.1.2/24,-
20201020094318,10.20.30.2/16,4
20201020094320,192.168.1.1/24,5
20201020094322,10.77.1.1/24,2
20201020094323,192.168.1.2/24,3
20201020094324,10.20.30.1/16,9
20201020094325,10.77.1.1/24,32
20201020094326,10.20.30.1/16,-
20201020094327,10.20.30.2/16,3
20201020094328,192.168.1.1/24,5
20201020094329,10.20.30.1/16,8
20201020094330,10.20.30.1/16,-
20201020094332,192.168.1.2/24,1
20201020094333,10.20.30.1/16,-
20201020094334,10.77.1.2/24,-
20201020094335,192.168.1.2/24,10
20201020094336,10.20.30.1/16,7
20201020094337,10.77.1.1/24,4
20201020094338,192.168.1.2/24,7
20201020094339,10.77.1.2/24,2
20201020094340,192.168.1.2/24,93
20201020094342,192.168.1.2/24,-
20201020094344,192.168.1.2/24,-
20201020094345,10.20.30.2/16,-
20201020094346,192.168.1.2/24,-
20201020094347,10.77.1.2/24,-
20201020094348,10.20.30.2/16,2
20201020094349,192.168.1.2/24,17
20201020094351,10.20.30.1/16,1
20201020094352,10.77.1.2/24,-
20201020094353,10.20.30.2/16,7
20201020094354,10.20.30.2/16,8
20201020094356,192.168.1.2/24,9
20201020094357,10.20.30.1/16,2
20201020094358,192.168.1.1/24,7
20201020094359,10.77.1.2/24,-
20201020094400,10.20.30.2/16,1
20201020094402,10.77.1.2/24,3
20201020094403,10.77.1.1/24,58
20201020094404,192.168.1.2/24,80
20201020094405,10.77.1.2/24,8
20201020094406,192.168.1.1/24,6
20201020094408,10.77.1.2/24,-
20201020094409,10.20.30.1/16,-
20201020094410,192.168.1.2/24,4
20201020094411,192.168.1.2/24,7
20201020094412,10.20.30.1/16,7
20201020094413,10.20.30.2/16,8
20201020094414,10.77.1.2/24,7
20201020094415,192.168.1.2/24,8
20201020094416,10.77.1.1/24,5
20201020094417,192.168.1.1/24,98
20201020094418,10.77.1.2/24,-
20201020094419,192.168.1.1/24,-
20201020094421,10.77.1.2/24,4
20201020094423,192.168.1.2/24,58
20201020094424,10.77.1.2/24,17
20201020094426,192.168.1.2/24,39
20201020094427,10.20.30.2/16,6
20201020094428,192.168.1.1/24,61
20201020094429,10.77.1.1/24,30
20201020094430,192.168.1.2/24,3
20201020094432,10.20.30.2/16,35
20201020094433,10.77.1.1/24,10
20201020094435,192.168.1.2/24,8
20201020094436,192.168.1.2/24,70
20201020094438,10.20.30.2/16,11
20201020094440,10.20.30.2/16,9
20201020094441,10.77.1.2/24,-
20201020094443,10.20.30.2/16,-
20201020094444,10.77.1.2/24,32
20201020094445,192.168.1.1/24,-
20201020094446,192.168.1.2/24,1
20201020094447,192.168.1.2/24,9
20201020094448,192.168.1.1/24,-
20201020094449,192.168.1.1/24,10
20201020094451,10.20.30.2/16,-
20201020094452,10.77.1.1/24,-
20201020094453,192.168.1.1/24,-
20201020094454,10.20.30.1/16,7
20201020094455,192.168.1.2/24,7
20201020094456,10.77.1.1/24,-
20201020094457,192.168.1.2/24,5
20201020094459,192.168.1.2/24,10
20201020094500,10.77.1.1/24,-
20201020094502,192.168.1.2/24,8
20201020094503,192.168.1.1/24,8
20201020094504,10.77.1.2/24,15
20201020094505,10.20.30.1/16,9
20201020094507,192.168.1.1/24,-
20201020094508,192.168.1.1/24,-
20201020094509,10.77.1.2/24,8
20201020094510,10.77.1.1/24,-
20201020094511,10.20.30.2/16,-
20201020094512,192.168.1.1/24,-
20201020094514,10.77.1.1/24,6
20201020094515,10.20.30.2/16,-
20201020094516,10.77.1.1/24,2
20201020094518,10.77.1.1/24,1
20201020094519,10.77.1.1/24,-
20201020094520,10.20.30.1/16,5
20201020094521,192.168.1.1/24,22
20201020094522,10.77.1.1/24,7
20201020094524,10.77.1.1/24,9
20201020094525,192.168.1.1/24,-
20201020094527,10.77.1.2/24,2
20201020094528,192.168.1.2/24,29
20201020094529,10.20.30.1/16,-
20201020094530,10.77.1.2/24,-
20201020094531,192.168.1.1/24,-
20201020094532,192.168.1.2/24,12
20201020094533,10.20.30.2/16,-
20201020094535,10.77.1.2/24,57
20201020094536,192.168.1.1/24,9
20201020094537,10.77.1.1/24,8
20201020094538,10.77.1.1/24,-
20201020094540,10.20.30.2/16,40
20201020094542,10.77.1.2/24,8
20201020094543,10.77.1.1/24,1
20201020094544,192.168.1.1/24,9
20201020094546,192.168.1.1/24,10
20201020094547,10.77.1.2/24,2
20201020094548,10.20.30.1/16,7
20201020094549,10.20.30.2/16,36
20201020094550,10.77.1.2/24,50
20201020094551,10.77.1.1/24,3
20201020094552,10.77.1.1/24,51
20201020094553,192.168.1.2/24,-
20201020094554,10.77.1.2/24,4
20201020094555,192.168.1.1/24,6
20201020094556,192.168.1.1/24,63
20201020094557,10.20.30.1/16,7
20201020094558,10.20.30.2/16,2
20201020094600,192.168.1.2/24,85
20201020094602,192.168.1.2/24,6
20201020094604,10.77.1.1/24,7
20201020094605,10.77.1.2/24,1
20201020094607,10.20.30.1/16,-
20201020094609,10.77.1.2/24,5
20201020094611,192.168.1.1/24,69
20201020094612,192.168.1.1/24,-
20201020094613,10.77.1.1/24,66
20201020094615,10.20.30.2/16,39
20201020094616,10.20.30.2/16,9
20201020094618,10.77.1.2/24,-
20201020094619,10.20.30.1/16,-
20201020094620,10.77.1.1/24,9
20201020094621,10.20.30.1/16,3
20201020094623,192.168.1.2/24,16
20201020094624,10.77.1.2/24,4
20201020094625,192.168.1.1/24,7
20201020094626,10.77.1.1/24,7
20201020094627,10.77.1.1/24,6
20201020094628,10.20.30.2/16,2
20201020094629,10.20.30.1/16,17
20201020094630,10.77.1.2/24,8
20201020094631,10.20.30.2/16,-
20201020094632,10.20.30.2/16,67
20201020094633,192.168.1.2/24,-
20201020094634,192.168.1.1/24,-
20201020094635,192.168.1.2/24,5
20201020094636,192.168.1.1/24,5
20201020094637,192.168.1.2/24,47
20201020094638,10.20.30.1/16,-
20201020094639,192.168.1.1/24,78
20201020094640,192.168.1.1/24,4
20201020094641,10.20.30.1/16,79
20201020094643,192.168.1.1/24,6
20201020094644,10.77.1.2/24,27
20201020094645,10.77.1.2/24,72
20201020094646,10.20.30.1/16,12
20201020094648,10.20.30.1/16,8
20201020094649,10.77.1.1/24,8
20201020094651,10.20.30.2/16,2
20201020094653,10.20.30.2/16,68
20201020094654,10.20.30.1/16,59
20201020094655,192.168.1.1/24,84
20201020094656,192.168.1.1/24,-
20201020094657,10.77.1.1/24,2
20201020094659,10.20.30.2/16,4
20201020094700,10.77.1.2/24,63
20201020094701,10.77.1.1/24,3
20201020094702,10.20.30.2/16,5
20201020094703,192.168.1.2/24,8
20201020094705,192.168.1.1/24,4
20201020094706,10.77.1.1/24,-
20201020094707,10.20.30.1/16,2
20201020094708,10.77.1.2/24,20
20201020094710,10.20.30.2/16,6
20201020094711,10.20.30.2/16,7
20201020094712,10.20.30.2/16,8
20201020094714,192.168.1.1/24,-
20201020094716,10.77.1.1/24,9
20201020094718,10.77.1.2/24,3
20201020094720,10.20.30.1/16,3
20201020094721,10.77.1.2/24,6
20201020094722,10.20.30.1/16,90
20201020094723,192.168.1.2/24,9
20201020094724,10.20.30.2/16,4
20201020094726,10.20.30.1/16,7
20201020094728,10.20.30.1/16,-
20201020094729,10.20.30.1/16,64
20201020094731,10.77.1.1/24,-
20201020094733,192.168.1.1/24,8
20201020094734,10.20.30.2/16,1
20201020094735,192.168.1.1/24,8
20201020094737,10.77.1.2/24,-
20201020094738,192.168.1.2/24,-
20201020094739,192.168.1.1/24,8
20201020094740,10.77.1.2/24,-
20201020094741,10.20.30.1/16,50
20201020094743,192.168.1.2/24,-
20201020094744,10.77.1.1/24,8
20201020094745,10.20.30.2/16,1
20201020094746,10.77.1.1/24,5
20201020094748,10.77.1.1/24,8
20201020094749,192.168.1.1/24,25
20201020094750,192.168.1.2/24,3
20201020094751,10.20.30.1/16,3
20201020094752,10.20.30.2/16,5
20201020094753,10.20.30.1/16,-
20201020094754,10.77.1.2/24,8
20201020094755,10.20.30.1/16,-
20201020094757,10.77.1.2/24,3
20201020094758,10.77.1.2/24,11
20201020094759,10.77.1.1/24,45
20201020094800,10.20.30.1/16,5
20201020094801,10.77.1.1/24,-
20201020094802,10.20.30.1/16,41
20201020094803,192.168.1.1/24,7
20201020094804,10.77.1.2/24,83
20201020094806,192.168.1.2/24,23
20201020094808,10.20.30.2/16,-
20201020094809,192.168.1.1/24,5
20201020094810,10.77.1.1/24,-
20201020094811,192.168.1.1/24,3
20201020094812,192.168.1.2/24,-
20201020094814,10.20.30.2/16,98
20201020094815,10.20.30.1/16,-
20201020094816,192.168.1.2/24,6
20201020094818,10.20.30.2/16,5
20201020094819,192.168.1.2/24,9
20201020094820,10.20.30.2/16,7
20201020094821,10.20.30.1/16,7
20201020094822,192.168.1.1/24,1
20201020094823,192.168.1.2/24,66
20201020094825,10.77.1.1/24,60
20201020094827,192.168.1.2/24,1
20201020094828,192.168.1.1/24,1
20201020094829,192.168.1.2/24,48
20201020094830,192.168.1.2/24,-
20201020094831,10.77.1.2/24,-
20201020094832,10.20.30.2/16,1
20201020094833,192.168.1.2/24,69
20201020094835,192.168.1.2/24,3
20201020094836,10.20.30.2/16,4
20201020094837,192.168.1.2/24,1
20201020094838,10.20.30.1/16,86
20201020094840,192.168.1.2/24,88
20201020094841,10.20.30.1/16,-
20201020094842,10.77.1.2/24,-
20201020094844,10.20.30.1/16,5
20201020094845,10.77.1.2/24,1
20201020094847,10.77.1.2/24,3
20201020094848,10.77.1.1/24,-
20201020094849,10.77.1.2/24,10
20201020094850,10.77.1.2/24,1
20201020094851,192.168.1.1/24,-
20201020094852,192.168.1.2/24,-
20201020094853,10.20.30.2/16,7
20201020094854,10.20.30.1/16,-
20201020094856,192.168.1.1/24,-
20201020094857,192.168.1.2/24,5
20201020094858,192.168.1.2/24,-
20201020094859,192.168.1.1/24,10
20201020094900,192.168.1.1/24,4
20201020094901,192.168.1.1/24,3
20201020094903,10.20.30.1/16,42
20201020094904,10.77.1.2/24,14
20201020094906,192.168.1.1/24,1
20201020094907,10.77.1.2/24,-
20201020094908,192.168.1.2/24,-
20201020094909,10.20.30.1/16,6
20201020094910,10.20.30.1/16,6
20201020094911,10.20.30.2/16,3
20201020094913,192.168.1.2/24,-
20201020094914,192.168.1.1/24,9
20201020094915,10.20.30.2/16,4
20201020094917,10.77.1.2/24,97
20201020094919,10.20.30.1/16,9
20201020094920,192.168.1.1/24,1
20201020094921,192.168.1.1/24,8
20201020094922,192.168.1.1/24,-
20201020094923,10.20.30.1/16,1
20201020094924,192.168.1.2/24,8
20201020094925,192.168.1.2/24,13
20201020094926,192.168.1.1/24,36
20201020094927,10.20.30.2/16,9
20201020094929,192.168.1.2/24,9
20201020094930,10.77.1.2/24,-
20201020094932,10.77.1.1/24,21
20201020094933,10.20.30.2/16,-
20201020094934,10.20.30.2/16,6
20201020094936,10.20.30.1/16,-
20201020094937,10.20.30.2/16,-
20201020094939,10.20.30.2/16,-
20201020094941,10.20.30.1/16,8
20201020094943,192.168.1.1/24,5
20201020094944,10.77.1.1/24,-
20201020094946,192.168.1.1/24,8
20201020094947,10.77.1.2/24,34
20201020094948,10.77.1.2/24,13
20201020094949,192.168.1.1/24,4
20201020094950,192.168.1.1/24,1
20201020094951,192.168.1.2/24,68
20201020094952,10.77.1.2/24,-
20201020094953,192.168.1.2/24,-
20201020094954,10.20.30.1/16,9
20201020094955,10.20.30.1/16,4
20201020094956,10.77.1.1/24,-
20201020094958,192.168.1.1/24,67
20201020094959,10.20.30.2/16,8
20201020095000,192.168.1.2/24,67
20201020095001,10.20.30.2/16,1
20201020095002,10.20.30.1/16,2
20201020095004,10.20.30.2/16,2
20201020095006,192.168.1.1/24,4
20201020095007,10.77.1.1/24,-
20201020095009,10.77.1.2/24,8
20201020095010,10.77.1.2/24,7
20201020095011,10.20.30.2/16,48
20201020095012,192.168.1.1/24,7
20201020095013,10.20.30.1/16,10
20201020095014,192.168.1.2/24,66
20201020095015,10.20.30.2/16,-
20201020095016,10.20.30.2/16,-
20201020095018,10.20.30.2/16,1
20201020095019,10.20.30.1/16,6
20201020095020,192.168.1.2/24,6
20201020095021,10.20.30.2/16,2
20201020095023,10.77.1.1/24,2
20201020095024,10.77.1.2/24,6
20201020095025,10.20.30.2/16,6
20201020095026,10.77.1.1/24,54
20201020095028,10.20.30.2/16,9
20201020095029,10.20.30.2/16,1
20201020095030,10.77.1.1/24,-
20201020095031,192.168.1.2/24,3
20201020095032,10.20.30.2/16,6
20201020095033,10.20.30.2/16,88
20201020095034,10.20.30.2/16,7
20201020095035,10.77.1.1/24,-
20201020095036,10.20.30.2/16,-
20201020095037,10.20.30.1/16,-
20201020095038,10.77.1.1/24,3
20201020095039,192.168.1.2/24,-
20201020095040,192.168.1.1/24,7
20201020095042,10.77.1.1/24,27
20201020095044,10.20.30.1/16,6
20201020095045,10.77.1.2/24,5
20201020095046,192.168.1.2/24,-
20201020095048,192.168.1.2/24,2
20201020095049,10.77.1.1/24,-
20201020095050,192.168.1.1/24,66
20201020095051,10.77.1.1/24,2
20201020095052,10.77.1.1/24,7
20201020095053,10.77.1.1/24,3
20201020095054,10.77.1.2/24,-
20201020095055,192.168.1.2/24,-
20201020095056,192.168.1.2/24,8
20201020095057,10.77.1.2/24,25
20201020095058,192.168.1.2/24,-
20201020095059,192.168.1.1/24,8
20201020095100,10.20.30.1/16,-
20201020095101,10.77.1.2/24,74
20201020095102,192.168.1.1/24,9
20201020095103,10.77.1.2/24,3
20201020095105,10.77.1.2/24,-
20201020095106,10.77.1.2/24,-
20201020095107,10.77.1.2/24,10
20201020095108,192.168.1.2/24,16
20201020095109,192.168.1.2/24,12
20201020095110,192.168.1.2/24,8
20201020095112,10.77.1.2/24,6
20201020095114,10.77.1.2/24,8
20201020095115,10.20.30.1/16,3
20201020095116,192.168.1.2/24,2
20201020095117,10.77.1.1/24,91
20201020095118,10.20.30.1/16,98
20201020095119,10.20.30.1/16,6
20201020095121,10.77.1.2/24,-
20201020095123,10.20.30.2/16,74
20201020095124,10.77.1.2/24,37
20201020095125,10.77.1.2/24,9
20201020095126,192.168.1.1/24,-
20201020095127,10.77.1.2/24,9
20201020095128,10.20.30.2/16,1
20201020095129,10.20.30.1/16,1
20201020095130,192.168.1.1/24,5
20201020095131,192.168.1.2/24,46
20201020095132,10.77.1.2/24,4
20201020095133,10.77.1.2/24,-
20201020095134,10.77.1.1/24,58
20201020095136,10.20.30.1/16,-
20201020095137,192.168.1.2/24,4
20201020095138,10.20.30.2/16,-
20201020095139,192.168.1.1/24,1
20201020095140,10.20.30.1/16,-
20201020095141,10.20.30.2/16,5
20201020095142,192.168.1.1/24,31
20201020095143,10.20.30.2/16,66
20201020095144,192.168.1.1/24,1
20201020095145,192.168.1.2/24,1
20201020095146,192.168.1.1/24,45
20201020095148,192.168.1.2/24,7
20201020095150,10.77.1.1/24,65
20201020095151,192.168.1.2/24,-
20201020095153,10.77.1.1/24,2
20201020095155,10.20.30.2/16,5
20201020095157,10.20.30.2/16,-
20201020095158,192.168.1.2/24,7
20201020095200,10.20.30.2/16,-
20201020095201,10.20.30.2/16,54
20201020095203,10.20.30.1/16,15
20201020095204,192.168.1.2/24,9
20201020095206,192.168.1.2/24,5
20201020095207,10.20.30.2/16,96
20201020095208,10.20.30.2/16,4
20201020095209,10.20.30.1/16,8
20201020095210,192.168.1.1/24,-
20201020095211,10.77.1.2/24,26
20201020095212,192.168.1.1/24,27
20201020095213,192.168.1.2/24,67
20201020095214,10.20.30.2/16,24
20201020095216,10.20.30.1/16,34
20201020095217,10.77.1.1/24,-
20201020095218,192.168.1.1/24,2
20201020095219,10.77.1.2/24,2
20201020095220,10.77.1.2/24,-
20201020095221,192.168.1.2/24,-
20201020095223,192.168.1.2/24,8
20201020095224,192.168.1.1/24,69
20201020095225,10.20.30.1/16,3
20201020095226,10.20.30.1/16,9
20201020095227,10.77.1.1/24,48
20201020095228,10.20.30.2/16,5
20201020095229,10.77.1.2/24,7
20201020095230,192.168.1.2/24,55
20201020095231,192.168.1.2/24,96
20201020095233,192.168.1.2/24,-
20201020095234,10.77.1.1/24,42
20201020095235,10.77.1.2/24,7
20201020095236,10.20.30.1/16,-
20201020095237,10.77.1.2/24,8
20201020095239,192.168.1.1/24,-
20201020095240,10.20.30.1/16,-
20201020095241,10.20.30.1/16,5
20201020095242,192.168.1.1/24,19
20201020095244,192.168.1.2/24,3
20201020095245,10.20.30.2/16,6
20201020095246,192.168.1.1/24,1
20201020095248,192.168.1.1/24,-
20201020095249,10.20.30.2/16,5
20201020095250,192.168.1.2/24,8
20201020095251,10.20.30.1/16,17
20201020095253,10.20.30.2/16,-
20201020095254,10.20.30.1/16,5
20201020095255,192.168.1.2/24,7
20201020095257,192.168.1.1/24,8
20201020095258,10.20.30.2/16,47
20201020095259,10.20.30.1/16,87
20201020095301,192.168.1.1/24,1
20201020095302,10.20.30.1/16,7
20201020095303,10.77.1.2/24,-
20201020095304,10.77.1.1/24,-
20201020095305,192.168.1.1/24,67
20201020095307,10.77.1.1/24,-
20201020095308,10.20.30.1/16,2
20201020095310,10.20.30.1/16,5
20201020095312,192.168.1.2/24,2
20201020095313,10.77.1.1/24,52
20201020095314,192.168.1.1/24,7
20201020095316,192.168.1.2/24,3
20201020095317,10.77.1.1/24,3
20201020095318,10.77.1.2/24,5
20201020095319,192.168.1.1/24,7
20201020095320,10.20.30.1/16,7
20201020095322,10.20.30.1/16,33
20201020095323,192.168.1.1/24,8
20201020095325,10.77.1.2/24,7
20201020095326,10.20.30.2/16,7
20201020095328,10.77.1.2/24,8
20201020095329,10.20.30.1/16,-
20201020095330,192.168.1.1/24,8
20201020095331,192.168.1.2/24,-
20201020095332,10.77.1.1/24,19
20201020095333,192.168.1.2/24,-
20201020095334,192.168.1.1/24,4
20201020095335,10.77.1.1/24,4
20201020095337,192.168.1.2/24,3
20201020095339,10.20.30.2/16,-
20201020095340,10.20.30.2/16,26
20201020095342,10.77.1.2/24,17
20201020095343,192.168.1.1/24,6
20201020095344,192.168.1.1/24,57
20201020095345,192.168.1.1/24,9
20201020095346,192.168.1.1/24,2
20201020095347,10.20.30.1/16,5
20201020095348,192.168.1.2/24,-
20201020095349,192.168.1.1/24,73
20201020095350,10.20.30.1/16,-
20201020095352,192.168.1.2/24,2
20201020095353,192.168.1.1/24,9
20201020095354,10.20.30.1/16,1
20201020095356,10.77.1.2/24,1
20201020095357,10.20.30.1/16,1
20201020095358,10.20.30.1/16,99
20201020095359,10.20.30.2/16,44
20201020095400,192.168.1.2/24,-
20201020095402,10.20.30.2/16,-
20201020095403,10.77.1.1/24,9
20201020095404,10.77.1.1/24,2
20201020095406,10.77.1.2/24,6
20201020095408,10.20.30.2/16,7
20201020095409,192.168.1.1/24,-
20201020095411,192.168.1.1/24,9
20201020095413,192.168.1.1/24,-
20201020095414,10.20.30.1/16,5
20201020095416,10.20.30.2/16,7
20201020095417,10.20.30.1/16,2
20201020095418,10.77.1.1/24,1
20201020095419,10.20.30.1/16,8
20201020095420,192.168.1.1/24,-
20201020095421,10.77.1.2/24,1
20201020095422,10.20.30.1/16,87
20201020095424,10.77.1.1/24,2
20201020095426,10.20.30.2/16,90
20201020095427,10.77.1.1/24,6
20201020095429,192.168.1.2/24,-
20201020095430,10.20.30.1/16,4
20201020095431,10.20.30.2/16,9
20201020095432,10.77.1.1/24,4
20201020095433,10.77.1.2/24,-
20201020095434,10.20.30.2/16,6
20201020095435,10.20.30.1/16,5
20201020095437,10.77.1.1/24,-
20201020095438,10.20.30.1/16,5
20201020095440,10.77.1.1/24,4
20201020095441,192.168.1.2/24,-
20201020095442,10.20.30.1/16,5
20201020095444,10.20.30.1/16,-
20201020095445,192.168.1.1/24,6
20201020095446,10.77.1.1/24,1
20201020095447,10.77.1.1/24,-
20201020095448,10.20.30.1/16,95
20201020095449,10.20.30.1/16,4
20201020095450,10.20.30.2/16,6
20201020095451,10.20.30.1/16,95
20201020095452,192.168.1.2/24,13
20201020095454,10.20.30.1/16,1
20201020095455,10.77.1.2/24,47
20201020095457,10.77.1.1/24,4
20201020095458,192.168.1.2/24,-
20201020095459,10.77.1.1/24,15
20201020095500,10.77.1.2/24,6
20201020095502,10.20.30.1/16,11
20201020095503,10.77.1.1/24,46
20201020095504,10.77.1.2/24,7
20201020095506,192.168.1.2/24,-
20201020095507,192.168.1.1/24,-
20201020095508,192.168.1.2/24,2
20201020095509,10.77.1.2/24,6
20201020095510,192.168.1.1/24,6
20201020095512,10.20.30.2/16,8
20201020095513,10.20.30.1/16,6
20201020095514,10.20.30.2/16,-
20201020095515,192.168.1.1/24,6
20201020095516,192.168.1.1/24,-
20201020095517,10.77.1.1/24,8
20201020095518,10.20.30.2/16,-
20201020095519,10.77.1.2/24,-
20201020095520,192.168.1.2/24,9
20201020095521,192.168.1.1/24,-
20201020095522,192.168.1.1/24,-
20201020095523,10.77.1.1/24,8
20201020095524,10.20.30.2/16,8
20201020095525,10.77.1.1/24,25
20201020095526,10.77.1.2/24,-
20201020095527,10.20.30.1/16,21
20201020095528,10.20.30.2/16,-
20201020095530,10.20.30.2/16,8
20201020095531,192.168.1.2/24,7
20201020095532,192.168.1.1/24,-
20201020095533,192.168.1.1/24,8
20201020095534,192.168.1.1/24,-
20201020095535,192.168.1.2/24,4
20201020095537,192.168.1.2/24,2
20201020095538,192.168.1.1/24,7
20201020095539,192.168.1.1/24,2
20201020095540,10.20.30.2/16,6
20201020095541,10.77.1.2/24,54
20201020095543,10.77.1.2/24,9
20201020095545,10.77.1.2/24,5
20201020095546,10.77.1.2/24,3
20201020095548,192.168.1.2/24,1
20201020095549,10.77.1.1/24,21
20201020095550,192.168.1.1/24,-
20201020095551,10.20.30.2/16,-
20201020095553,10.77.1.1/24,4
20201020095554,192.168.1.1/24,11
20201020095556,10.77.1.2/24,8
20201020095558,10.77.1.1/24,69
20201020095600,10.20.30.2/16,8
20201020095601,10.20.30.2/16,76
20201020095603,192.168.1.1/24,41
20201020095605,192.168.1.1/24,2
20201020095606,10.77.1.2/24,7
20201020095607,10.77.1.2/24,4
20201020095608,10.77.1.2/24,-
20201020095610,10.20.30.1/16,61
20201020095611,10.77.1.1/24,4
20201020095612,10.20.30.1/16,64
20201020095613,10.20.30.1/16,-
20201020095614,192.168.1.1/24,18
20201020095616,192.168.1.1/24,-
20201020095618,192.168.1.1/24,7
20201020095619,10.77.1.2/24,84
20201020095621,10.20.30.2/16,-
20201020095623,10.20.30.1/16,13
20201020095624,192.168.1.2/24,8
20201020095625,10.20.30.2/16,-
20201020095626,10.77.1.2/24,29
20201020095627,192.168.1.1/24,81
20201020095628,10.20.30.2/16,8
20201020095630,192.168.1.2/24,5
20201020095631,192.168.1.1/24,58
20201020095632,10.20.30.1/16,6
20201020095633,10.77.1.2/24,15
20201020095635,192.168.1.1/24,6
20201020095637,10.77.1.2/24,8
20201020095638,192.168.1.1/24,-
20201020095639,10.77.1.2/24,7
20201020095640,192.168.1.2/24,7
20201020095641,10.77.1.1/24,8
20201020095642,192.168.1.1/24,-
20201020095643,10.77.1.2/24,-
20201020095644,10.77.1.2/24,-
20201020095645,10.20.30.1/16,12
20201020095646,192.168.1.2/24,-
20201020095648,10.77.1.1/24,38
20201020095650,10.20.30.2/16,8
20201020095651,10.20.30.2/16,82
20201020095652,10.20.30.2/16,8
20201020095653,192.168.1.1/24,8
20201020095654,10.20.30.1/16,-
20201020095656,192.168.1.1/24,9
20201020095657,10.20.30.1/16,6
20201020095658,10.77.1.1/24,5
20201020095659,10.20.30.2/16,7
20201020095701,10.77.1.2/24,1
20201020095702,10.77.1.1/24,83
20201020095703,10.20.30.1/16,47
20201020095704,192.168.1.2/24,12
20201020095705,192.168.1.1/24,5
20201020095706,10.20.30.1/16,7
20201020095707,10.20.30.2/16,5
20201020095708,192.168.1.1/24,2
20201020095710,192.168.1.2/24,-
20201020095711,10.20.30.1/16,-
20201020095712,192.168.1.1/24,4
20201020095713,192.168.1.1/24,4
20201020095715,10.77.1.2/24,5
20201020095717,10.20.30.2/16,7
20201020095719,10.20.30.1/16,26
20201020095720,192.168.1.1/24,20
20201020095721,192.168.1.2/24,1
20201020095723,10.77.1.1/24,1
20201020095724,192.168.1.2/24,6
20201020095725,10.20.30.2/16,7
20201020095726,10.20.30.1/16,2
20201020095727,10.20.30.1/16,-
20201020095728,10.77.1.1/24,5
20201020095729,10.77.1.2/24,55
